
running 33 tests
test a_command_that_declares_no_idempotence_refuses_and_names_all_three_remedies ... ok
test a_lineless_command_canonicalizes_without_a_line_profile ... ok
test a_line_profile_and_a_line_input_must_agree ... ok
test an_inherited_command_that_writes_its_own_row_is_told_to_declare_a_claim ... ok
test command_privilege_mismatch_reports_for_update_lock_and_declared_value ... ok
test claim_finalization_requires_one_returned_row ... ok
test command_privilege_mismatch_reports_returning_reads_and_declared_writes ... ok
test a_command_riding_a_base_claim_carries_its_one_contract_test ... ok
test a_state_idempotent_command_carries_the_relation_its_version_guards ... ok
test command_privilege_declarations_match_sql_effects_and_row_locks ... ok
test an_authored_claim_is_refused_unless_every_identity_comes_from_it ... ok
test an_authored_command_carries_the_two_claim_contract_tests ... ok
test each_declared_idempotence_value_admits_only_its_own_shape ... ok
test exclusion_owners_reject_undeclared_owners ... ok
test exclusion_owners_reject_unknown_constraints ... ok
test additive_unused_column_on_consumed_relation_preserves_required_contract ... ok
test custom_operation_ir_references_require_declared_fields_and_named_constraints ... ok
test dependency_composition_may_add_one_declared_post_call_projection ... ok
test fresh_only_refuses_private_operations_and_non_boolean_flags ... ok
test custom_statement_declarations_drive_both_siblings_without_domain_tables ... ok
test exclusion_owners_accept_the_package_and_a_declared_base ... ok
test generic_custom_operation_kinds_emit_typed_contracts_and_sql_siblings ... ok
test generic_custom_operation_path_preserves_shipped_receiving_bytes ... ok
test custom_operation_kinds_visibility_permissions_and_registration_are_closed ... ok
test overlay_vocabulary_is_exact_at_dependency_definition_and_operation_grain ... ok
test overlay_vocabulary_refuses_ranges_opaque_digests_and_unknown_definitions ... ok
test shipped_command_source_map_parity_and_bind_fixtures_align_structurally ... ok
test internal_relation_cdc_exclusion_is_closed_and_not_a_model ... ok
test ownership_only_model_generates_without_fabricated_crud ... ok
test fresh_only_public_operations_emit_policy_and_false_preserves_contract_bytes ... ok
test operation_error_details_are_required_closed_and_exact ... ok
test shipped_receiving_manifest_and_authored_corpus_generate_without_drift ... ok
test the_two_line_members_are_declared_together ... ok

test result: ok. 33 passed; 0 failed; 0 ignored; 0 measured; 0 filtered out; finished in 0.22s

