build-components: m1 selects 9 component packages across 2 workspaces
   Compiling proc-macro2 v1.0.107
   Compiling unicode-ident v1.0.24
   Compiling quote v1.0.47
   Compiling zmij v1.0.23
   Compiling serde_core v1.0.229
   Compiling syn v3.0.4
   Compiling serde_json v1.0.151
   Compiling itoa v1.0.18
   Compiling memchr v2.8.3
   Compiling serde_derive v1.0.229
   Compiling foldhash v0.2.0
   Compiling hashbrown v0.17.1
   Compiling equivalent v1.0.2
   Compiling indexmap v2.14.0
   Compiling semver v1.0.28
   Compiling anyhow v1.0.104
   Compiling bitflags v2.13.1
   Compiling wasmparser v0.258.0
   Compiling syn v2.0.119
   Compiling serde v1.0.229
   Compiling prettyplease v0.2.37
   Compiling id-arena v2.3.0
   Compiling log v0.4.34
   Compiling leb128fmt v0.1.0
   Compiling wasm-encoder v0.258.0
   Compiling wit-parser v0.258.0
   Compiling typenum v1.20.1
   Compiling hybrid-array v0.4.14
   Compiling wasm-metadata v0.258.0
   Compiling wit-bindgen-rust v0.61.1
   Compiling heck v0.5.0
   Compiling wit-bindgen-core v0.61.1
   Compiling wit-component v0.258.0
   Compiling wit-bindgen-rust-macro v0.61.1
   Compiling block-buffer v0.12.1
   Compiling crypto-common v0.2.2
   Compiling const-oid v0.10.2
   Compiling autocfg v1.5.1
   Compiling wit-bindgen v0.61.1
   Compiling num-traits v0.2.19
   Compiling digest v0.11.3
   Compiling cfg-if v1.0.4
   Compiling sha2 v0.11.0
   Compiling chrono v0.4.45
   Compiling serde_derive_internals v0.29.1
   Compiling schemars v0.8.22
   Compiling schemars_derive v0.8.22
   Compiling deunicode v1.6.2
   Compiling dyn-clone v1.0.20
   Compiling slug v0.1.6
   Compiling wamn-postgres-statements v0.1.0 (/home/kaalin/.cache/wamn-lanes/generated-tui-20260908/components/data/postgres-statements)
   Compiling uuid v1.26.0
   Compiling wamn-execution-contract v0.1.0 (/home/kaalin/.cache/wamn-lanes/generated-tui-20260908/components/execution/contract)
   Compiling jmespath v0.3.0
   Compiling pin-project-lite v0.2.17
   Compiling futures-task v0.3.34
   Compiling futures-core v0.3.34
   Compiling slab v0.4.12
   Compiling futures-util v0.3.34
   Compiling base64 v0.22.1
   Compiling lazy_static v1.5.0
   Compiling futures-executor v0.3.34
   Compiling wamn-event-wire v0.1.0 (/home/kaalin/.cache/wamn-lanes/generated-tui-20260908/components/events/wire)
   Compiling wamn-event-reg v0.1.0 (/home/kaalin/.cache/wamn-lanes/generated-tui-20260908/components/events/registration)
   Compiling wamn-materializer v0.1.0 (/home/kaalin/.cache/wamn-lanes/generated-tui-20260908/components/events/materializer)
   Compiling wamn-wms-data-access v0.1.0 (/home/kaalin/.cache/wamn-lanes/generated-tui-20260908/components/data/wms-data)
   Compiling wamn-receiving-data-access v0.1.0 (/home/kaalin/.cache/wamn-lanes/generated-tui-20260908/components/data/receiving-data)
warning: field `adjusted_quantity` is never read
  --> /wamn/components/data/wms-data/../../../packages/wms/generated/wamn/inventory_adjust.rs:12:9
   |
11 | pub(crate) struct FinalizeCommandRow {
   |                   ------------------ field in this struct
12 |     pub adjusted_quantity: Option<wamn_postgres_statements::Numeric>,
   |         ^^^^^^^^^^^^^^^^^
   |
   = note: `FinalizeCommandRow` has a derived impl for the trait `Debug`, but this is intentionally ignored during dead code analysis
   = note: `#[warn(dead_code)]` (part of `#[warn(unused)]`) on by default

warning: field `id` is never read
  --> /wamn/components/data/wms-data/../../../packages/wms/generated/wamn/inventory_adjust.rs:27:9
   |
26 | pub(crate) struct InsertMovementRow {
   |                   ----------------- field in this struct
27 |     pub id: wamn_postgres_statements::Uuid,
   |         ^^
   |
   = note: `InsertMovementRow` has a derived impl for the trait `Debug`, but this is intentionally ignored during dead code analysis

warning: field `location_id` is never read
  --> /wamn/components/data/wms-data/../../../packages/wms/generated/wamn/inventory_adjust.rs:32:9
   |
31 | pub(crate) struct LockPalletRow {
   |                   ------------- field in this struct
32 |     pub location_id: wamn_postgres_statements::Uuid,
   |         ^^^^^^^^^^^
   |
   = note: `LockPalletRow` has a derived impl for the trait `Debug`, but this is intentionally ignored during dead code analysis

warning: field `id` is never read
  --> /wamn/components/data/wms-data/../../../packages/wms/generated/wamn/inventory_adjust.rs:39:9
   |
38 | pub(crate) struct SetQuantityRow {
   |                   -------------- field in this struct
39 |     pub id: wamn_postgres_statements::Uuid,
   |         ^^
   |
   = note: `SetQuantityRow` has a derived impl for the trait `Debug`, but this is intentionally ignored during dead code analysis

warning: fields `id` and `quantity` are never read
 --> /wamn/components/data/wms-data/../../../packages/wms/generated/wamn/inventory_merge.rs:7:9
  |
6 | pub(crate) struct AddToTargetRow {
  |                   -------------- fields in this struct
7 |     pub id: wamn_postgres_statements::Uuid,
  |         ^^
8 |     pub quantity: wamn_postgres_statements::Numeric,
  |         ^^^^^^^^
  |
  = note: `AddToTargetRow` has a derived impl for the trait `Debug`, but this is intentionally ignored during dead code analysis

warning: field `row_version` is never read
  --> /wamn/components/data/wms-data/../../../packages/wms/generated/wamn/inventory_merge.rs:18:9
   |
17 | pub(crate) struct ConsumeSourceRow {
   |                   ---------------- field in this struct
18 |     pub row_version: i64,
   |         ^^^^^^^^^^^
   |
   = note: `ConsumeSourceRow` has a derived impl for the trait `Debug`, but this is intentionally ignored during dead code analysis

warning: field `id` is never read
  --> /wamn/components/data/wms-data/../../../packages/wms/generated/wamn/inventory_merge.rs:37:9
   |
36 | pub(crate) struct InsertMovementRow {
   |                   ----------------- field in this struct
37 |     pub id: wamn_postgres_statements::Uuid,
   |         ^^
   |
   = note: `InsertMovementRow` has a derived impl for the trait `Debug`, but this is intentionally ignored during dead code analysis

warning: field `location_id` is never read
  --> /wamn/components/data/wms-data/../../../packages/wms/generated/wamn/inventory_merge.rs:43:9
   |
41 | pub(crate) struct LockBothPalletsRow {
   |                   ------------------ field in this struct
42 |     pub id: wamn_postgres_statements::Uuid,
43 |     pub location_id: wamn_postgres_statements::Uuid,
   |         ^^^^^^^^^^^
   |
   = note: `LockBothPalletsRow` has a derived impl for the trait `Debug`, but this is intentionally ignored during dead code analysis

warning: fields `id` and `quantity` are never read
  --> /wamn/components/data/wms-data/../../../packages/wms/generated/wamn/inventory_merge.rs:50:9
   |
49 | pub(crate) struct PlaceOnTargetRow {
   |                   ---------------- fields in this struct
50 |     pub id: wamn_postgres_statements::Uuid,
   |         ^^
51 |     pub quantity: wamn_postgres_statements::Numeric,
   |         ^^^^^^^^
   |
   = note: `PlaceOnTargetRow` has a derived impl for the trait `Debug`, but this is intentionally ignored during dead code analysis

warning: field `pallet_status` is never read
  --> /wamn/components/data/wms-data/../../../packages/wms/generated/wamn/inventory_move.rs:12:9
   |
11 | pub(crate) struct FinalizeCommandRow {
   |                   ------------------ field in this struct
12 |     pub pallet_status: Option<String>,
   |         ^^^^^^^^^^^^^
   |
   = note: `FinalizeCommandRow` has a derived impl for the trait `Debug`, but this is intentionally ignored during dead code analysis

warning: field `id` is never read
  --> /wamn/components/data/wms-data/../../../packages/wms/generated/wamn/inventory_move.rs:27:9
   |
26 | pub(crate) struct InsertMovementRow {
   |                   ----------------- field in this struct
27 |     pub id: wamn_postgres_statements::Uuid,
   |         ^^
   |
   = note: `InsertMovementRow` has a derived impl for the trait `Debug`, but this is intentionally ignored during dead code analysis

warning: field `status` is never read
  --> /wamn/components/data/wms-data/../../../packages/wms/generated/wamn/inventory_move.rs:34:9
   |
31 | pub(crate) struct LockPalletRow {
   |                   ------------- field in this struct
...
34 |     pub status: String,
   |         ^^^^^^
   |
   = note: `LockPalletRow` has a derived impl for the trait `Debug`, but this is intentionally ignored during dead code analysis

warning: field `status` is never read
  --> /wamn/components/data/wms-data/../../../packages/wms/generated/wamn/inventory_move.rs:48:9
   |
45 | pub(crate) struct SelectPalletQuantityRow {
   |                   ----------------------- field in this struct
...
48 |     pub status: String,
   |         ^^^^^^
   |
   = note: `SelectPalletQuantityRow` has a derived impl for the trait `Debug`, but this is intentionally ignored during dead code analysis

warning: field `id` is never read
  --> /wamn/components/data/wms-data/../../../packages/wms/generated/wamn/inventory_move.rs:53:9
   |
52 | pub(crate) struct ValidateLocationRow {
   |                   ------------------- field in this struct
53 |     pub id: wamn_postgres_statements::Uuid,
   |         ^^
   |
   = note: `ValidateLocationRow` has a derived impl for the trait `Debug`, but this is intentionally ignored during dead code analysis

warning: fields `id`, `row_version`, and `status` are never read
  --> /wamn/components/data/wms-data/../../../packages/wms/generated/wamn/inventory_split.rs:13:9
   |
12 | pub(crate) struct CreatePalletRow {
   |                   --------------- fields in this struct
13 |     pub id: wamn_postgres_statements::Uuid,
   |         ^^
14 |     pub row_version: i64,
   |         ^^^^^^^^^^^
15 |     pub status: String,
   |         ^^^^^^
   |
   = note: `CreatePalletRow` has a derived impl for the trait `Debug`, but this is intentionally ignored during dead code analysis

warning: field `id` is never read
  --> /wamn/components/data/wms-data/../../../packages/wms/generated/wamn/inventory_split.rs:34:9
   |
33 | pub(crate) struct InsertMovementRow {
   |                   ----------------- field in this struct
34 |     pub id: wamn_postgres_statements::Uuid,
   |         ^^
   |
   = note: `InsertMovementRow` has a derived impl for the trait `Debug`, but this is intentionally ignored during dead code analysis

warning: field `location_id` is never read
  --> /wamn/components/data/wms-data/../../../packages/wms/generated/wamn/inventory_split.rs:39:9
   |
38 | pub(crate) struct LockPalletRow {
   |                   ------------- field in this struct
39 |     pub location_id: wamn_postgres_statements::Uuid,
   |         ^^^^^^^^^^^
   |
   = note: `LockPalletRow` has a derived impl for the trait `Debug`, but this is intentionally ignored during dead code analysis

warning: fields `id` and `quantity` are never read
  --> /wamn/components/data/wms-data/../../../packages/wms/generated/wamn/inventory_split.rs:46:9
   |
45 | pub(crate) struct PlaceQuantityRow {
   |                   ---------------- fields in this struct
46 |     pub id: wamn_postgres_statements::Uuid,
   |         ^^
47 |     pub quantity: wamn_postgres_statements::Numeric,
   |         ^^^^^^^^
   |
   = note: `PlaceQuantityRow` has a derived impl for the trait `Debug`, but this is intentionally ignored during dead code analysis

warning: fields `id` and `quantity` are never read
  --> /wamn/components/data/wms-data/../../../packages/wms/generated/wamn/inventory_split.rs:57:9
   |
56 | pub(crate) struct TakeFromSourceRow {
   |                   ----------------- fields in this struct
57 |     pub id: wamn_postgres_statements::Uuid,
   |         ^^
58 |     pub quantity: wamn_postgres_statements::Numeric,
   |         ^^^^^^^^
   |
   = note: `TakeFromSourceRow` has a derived impl for the trait `Debug`, but this is intentionally ignored during dead code analysis

warning: field `id` is never read
  --> /wamn/components/data/wms-data/../../../packages/wms/generated/wamn/inventory_split.rs:69:9
   |
68 | pub(crate) struct ValidateLocationRow {
   |                   ------------------- field in this struct
69 |     pub id: wamn_postgres_statements::Uuid,
   |         ^^
   |
   = note: `ValidateLocationRow` has a derived impl for the trait `Debug`, but this is intentionally ignored during dead code analysis

warning: constant `REFUSALS` is never used
  --> data/wms-data/src/inventory_adjust.rs:28:18
   |
28 | pub(crate) const REFUSALS: &[AccessErrorKind] = &[
   |                  ^^^^^^^^

warning: constant `REFUSALS` is never used
  --> data/wms-data/src/inventory_aggregate.rs:14:18
   |
14 | pub(crate) const REFUSALS: &[AccessErrorKind] = &[
   |                  ^^^^^^^^

warning: constant `REFUSALS` is never used
  --> data/wms-data/src/inventory_merge.rs:30:18
   |
30 | pub(crate) const REFUSALS: &[AccessErrorKind] = &[
   |                  ^^^^^^^^

warning: constant `REFUSALS` is never used
  --> data/wms-data/src/inventory_move.rs:33:18
   |
33 | pub(crate) const REFUSALS: &[AccessErrorKind] = &[
   |                  ^^^^^^^^

warning: constant `REFUSALS` is never used
  --> data/wms-data/src/inventory_split.rs:29:18
   |
29 | pub(crate) const REFUSALS: &[AccessErrorKind] = &[
   |                  ^^^^^^^^

warning: constant `GET_REFUSALS` is never used
  --> data/wms-data/src/pallet.rs:16:18
   |
16 | pub(crate) const GET_REFUSALS: &[AccessErrorKind] = &[
   |                  ^^^^^^^^^^^^

warning: constant `QUERY_REFUSALS` is never used
  --> data/wms-data/src/pallet.rs:25:18
   |
25 | pub(crate) const QUERY_REFUSALS: &[AccessErrorKind] = &[
   |                  ^^^^^^^^^^^^^^

warning: `wamn-wms-data-access` (lib) generated 27 warnings
   Compiling wamn-client-acme-receiving-data-access v0.1.0 (/home/kaalin/.cache/wamn-lanes/generated-tui-20260908/components/data/client-acme-receiving-data)
   Compiling receiving v0.1.0 (/home/kaalin/.cache/wamn-lanes/generated-tui-20260908/components/application/receiving)
   Compiling client-acme-receiving v0.1.0 (/home/kaalin/.cache/wamn-lanes/generated-tui-20260908/components/application/client-acme-receiving)
   Compiling wms v0.1.0 (/home/kaalin/.cache/wamn-lanes/generated-tui-20260908/components/application/wms)
   Compiling materializer v0.1.0 (/home/kaalin/.cache/wamn-lanes/generated-tui-20260908/components/execution/materializer)
   Compiling http-route v0.1.0 (/home/kaalin/.cache/wamn-lanes/generated-tui-20260908/components/ingress/http-route)
   Compiling blob-put v0.1.0 (/home/kaalin/.cache/wamn-lanes/generated-tui-20260908/components/execution/blob-put)
    Finished `release` profile [optimized] target(s) in 1m 09s
   Compiling hashbrown v0.17.1
   Compiling wasmparser v0.236.1
   Compiling foldhash v0.1.5
   Compiling hashbrown v0.15.5
   Compiling indexmap v2.14.0
   Compiling semver v1.0.28
   Compiling wasm-encoder v0.236.1
   Compiling unicode-xid v0.2.6
   Compiling id-arena v2.3.0
   Compiling syn v2.0.119
   Compiling serde_core v1.0.229
   Compiling wit-bindgen-rust v0.44.0
   Compiling prettyplease v0.2.37
   Compiling serde_json v1.0.151
   Compiling wit-bindgen-rt v0.44.0
   Compiling wit-bindgen-rust-macro v0.44.0
   Compiling wit-parser v0.236.1
   Compiling wasm-metadata v0.236.1
   Compiling memchr v2.8.3
   Compiling bitflags v2.13.1
   Compiling wit-component v0.236.1
   Compiling wit-bindgen-core v0.44.0
   Compiling dlmalloc v0.2.14
   Compiling label-template v0.1.0 (/home/kaalin/.cache/wamn-lanes/generated-tui-20260908/components/no-std/label-template)
   Compiling wit-bindgen v0.44.0
   Compiling http-request v0.1.0 (/home/kaalin/.cache/wamn-lanes/generated-tui-20260908/components/no-std/http-request)
   Compiling label-render v0.1.0 (/home/kaalin/.cache/wamn-lanes/generated-tui-20260908/components/no-std/label-render)
warning: unused variable: `record`
  --> label-render/src/lib.rs:86:22
   |
86 |             let Some(record) = fields.as_object_mut() else {
   |                      ^^^^^^ help: if this is intentional, prefix it with an underscore: `_record`
   |
   = note: `#[warn(unused_variables)]` (part of `#[warn(unused)]`) on by default

warning: suspicious definition of the runtime `memcmp` symbol used by the standard library
  --> label-render/src/../../guest_runtime.rs:60:1
   |
60 | unsafe extern "C" fn memcmp(left: *const u8, right: *const u8, length: usize) -> i32 {
   | ^^^^^^^^^^^^^^^^^^^^^^^^^^^^^^^^^^^^^^^^^^^^^^^^^^^^^^^^^^^^^^^^^^^^^^^^^^^^^^^^^^^^
   |
   = note: expected `unsafe extern "C" fn(*const c_void, *const c_void, usize) -> i32`
           found    `unsafe extern "C" fn(*const u8, *const u8, usize) -> i32`
   = help: either fix the signature or remove any attributes like `#[unsafe(no_mangle)]`, `#[unsafe(export_name = "memcmp")]`, or `#[link_name = "memcmp"]`
   = help: allow this lint if the signature is compatible
   = note: `#[warn(suspicious_runtime_symbol_definitions)]` on by default

warning: suspicious definition of the runtime `memcmp` symbol used by the standard library
  --> http-request/src/../../guest_runtime.rs:60:1
   |
60 | unsafe extern "C" fn memcmp(left: *const u8, right: *const u8, length: usize) -> i32 {
   | ^^^^^^^^^^^^^^^^^^^^^^^^^^^^^^^^^^^^^^^^^^^^^^^^^^^^^^^^^^^^^^^^^^^^^^^^^^^^^^^^^^^^
   |
   = note: expected `unsafe extern "C" fn(*const c_void, *const c_void, usize) -> i32`
           found    `unsafe extern "C" fn(*const u8, *const u8, usize) -> i32`
   = help: either fix the signature or remove any attributes like `#[unsafe(no_mangle)]`, `#[unsafe(export_name = "memcmp")]`, or `#[link_name = "memcmp"]`
   = help: allow this lint if the signature is compatible
   = note: `#[warn(suspicious_runtime_symbol_definitions)]` on by default

warning: `label-render` (lib) generated 2 warnings (run `cargo fix --lib -p label-render` to apply 1 suggestion)
   Compiling transform v0.1.0 (/home/kaalin/.cache/wamn-lanes/generated-tui-20260908/components/no-std/transform)
warning: suspicious definition of the runtime `memcmp` symbol used by the standard library
  --> transform/src/../../guest_runtime.rs:60:1
   |
60 | unsafe extern "C" fn memcmp(left: *const u8, right: *const u8, length: usize) -> i32 {
   | ^^^^^^^^^^^^^^^^^^^^^^^^^^^^^^^^^^^^^^^^^^^^^^^^^^^^^^^^^^^^^^^^^^^^^^^^^^^^^^^^^^^^
   |
   = note: expected `unsafe extern "C" fn(*const c_void, *const c_void, usize) -> i32`
           found    `unsafe extern "C" fn(*const u8, *const u8, usize) -> i32`
   = help: either fix the signature or remove any attributes like `#[unsafe(no_mangle)]`, `#[unsafe(export_name = "memcmp")]`, or `#[link_name = "memcmp"]`
   = help: allow this lint if the signature is compatible
   = note: `#[warn(suspicious_runtime_symbol_definitions)]` on by default

warning: `transform` (lib) generated 1 warning
warning: `http-request` (lib) generated 1 warning
    Finished `release` profile [optimized] target(s) in 31.60s
build-components: m1 normalizes 4 declared artifacts with profile std-empty-environment
    Blocking waiting for file lock on build directory
    Finished `dev` profile [unoptimized + debuginfo] target(s) in 7m 04s
     Running `target/debug/wamn-component-virtualizer --input /home/kaalin/.cache/wamn-lanes/generated-tui-20260908/target/wasm32-wasip2/release/blob_put.wasm --output /home/kaalin/.cache/wamn-lanes/generated-tui-20260908/target/virtualized/std-empty-environment/blob_put.wasm.partial.205609`
wasi-virt-source-rev=448f6df8f688cee5d6995e96b1ffc31f9bf00742 wasi-virt-adapter-sha256=sha256:28eff8a2255812b440fbad2784a5a87660321e667331c17fb9a95f29caa85632
build-components: normalized blob-put -> /home/kaalin/.cache/wamn-lanes/generated-tui-20260908/target/virtualized/std-empty-environment/blob_put.wasm
    Finished `dev` profile [unoptimized + debuginfo] target(s) in 0.74s
     Running `target/debug/wamn-component-virtualizer --input /home/kaalin/.cache/wamn-lanes/generated-tui-20260908/target/wasm32-wasip2/release/client_acme_receiving.wasm --output /home/kaalin/.cache/wamn-lanes/generated-tui-20260908/target/virtualized/std-empty-environment/client_acme_receiving.wasm.partial.205609`
wasi-virt-source-rev=448f6df8f688cee5d6995e96b1ffc31f9bf00742 wasi-virt-adapter-sha256=sha256:28eff8a2255812b440fbad2784a5a87660321e667331c17fb9a95f29caa85632
build-components: normalized client-acme-receiving -> /home/kaalin/.cache/wamn-lanes/generated-tui-20260908/target/virtualized/std-empty-environment/client_acme_receiving.wasm
    Finished `dev` profile [unoptimized + debuginfo] target(s) in 1.11s
     Running `target/debug/wamn-component-virtualizer --input /home/kaalin/.cache/wamn-lanes/generated-tui-20260908/target/wasm32-wasip2/release/receiving.wasm --output /home/kaalin/.cache/wamn-lanes/generated-tui-20260908/target/virtualized/std-empty-environment/receiving.wasm.partial.205609`
wasi-virt-source-rev=448f6df8f688cee5d6995e96b1ffc31f9bf00742 wasi-virt-adapter-sha256=sha256:28eff8a2255812b440fbad2784a5a87660321e667331c17fb9a95f29caa85632
build-components: normalized receiving -> /home/kaalin/.cache/wamn-lanes/generated-tui-20260908/target/virtualized/std-empty-environment/receiving.wasm
    Finished `dev` profile [unoptimized + debuginfo] target(s) in 0.64s
     Running `target/debug/wamn-component-virtualizer --input /home/kaalin/.cache/wamn-lanes/generated-tui-20260908/target/wasm32-wasip2/release/wms.wasm --output /home/kaalin/.cache/wamn-lanes/generated-tui-20260908/target/virtualized/std-empty-environment/wms.wasm.partial.205609`
wasi-virt-source-rev=448f6df8f688cee5d6995e96b1ffc31f9bf00742 wasi-virt-adapter-sha256=sha256:28eff8a2255812b440fbad2784a5a87660321e667331c17fb9a95f29caa85632
build-components: normalized wms -> /home/kaalin/.cache/wamn-lanes/generated-tui-20260908/target/virtualized/std-empty-environment/wms.wasm
   Compiling wasmtime-environ v47.0.4
warning: function `canonical_serialized` is never used
   --> crates/catalog/model/src/lib.rs:792:4
    |
792 | fn canonical_serialized(value: &impl Serialize) -> Vec<u8> {
    |    ^^^^^^^^^^^^^^^^^^^^
    |
    = note: `#[warn(dead_code)]` (part of `#[warn(unused)]`) on by default

warning: `wamn-catalog` (lib) generated 1 warning
   Compiling wamn-run-state v0.1.0 (/home/kaalin/.cache/wamn-lanes/generated-tui-20260908/crates/execution/run-state)
   Compiling wamn-schema-generator v0.1.0 (/home/kaalin/.cache/wamn-lanes/generated-tui-20260908/crates/schema/generator)
   Compiling wasmtime-internal-unwinder v47.0.4
   Compiling wasmtime-internal-cranelift v47.0.4
   Compiling wasmtime-internal-fiber v47.0.4
   Compiling wasmtime-internal-cache v47.0.4
   Compiling wasmtime v47.0.4
   Compiling opentelemetry-proto v0.31.0
   Compiling opentelemetry-otlp v0.31.1
   Compiling wamn-control-provision v0.1.0 (/home/kaalin/.cache/wamn-lanes/generated-tui-20260908/crates/control/provision)
   Compiling wamn-schema-control v0.1.0 (/home/kaalin/.cache/wamn-lanes/generated-tui-20260908/crates/schema/control)
   Compiling wamn-cdc-reader v0.1.0 (/home/kaalin/.cache/wamn-lanes/generated-tui-20260908/services/cdc-reader)
   Compiling wiggle v47.0.4
   Compiling wasmtime-wasi-io v47.0.4
   Compiling wasmtime-wasi v47.0.4
   Compiling wasmtime-wasi-http v47.0.4
   Compiling wash-runtime v2.9.0 (https://github.com/wasmCloud/wasmCloud?rev=68ebece9c537f8bb4b5c9999f274ec68d60f35a9#68ebece9)
   Compiling wamn-runtime v0.1.0 (/home/kaalin/.cache/wamn-lanes/generated-tui-20260908/crates/platform/runtime)
warning: the item `Future` is imported redundantly
 --> crates/platform/runtime/src/connection_authority.rs:3:5
  |
3 | use std::future::Future;
  |     ^^^^^^^^^^^^^^^^^^^
  |
 --> /rustc/88d9e12ae178fab0fb5cc050a94da85685d449ea/library/std/src/prelude/mod.rs:166:12
  |
  = note: the item `Future` is already defined here
  |
  = note: requested on the command line with `-W redundant-imports`

warning: the item `Future` is imported redundantly
 --> crates/platform/runtime/src/plugins/wamn_postgres/pool.rs:7:5
  |
7 | use std::future::Future;
  |     ^^^^^^^^^^^^^^^^^^^
  |
 --> /rustc/88d9e12ae178fab0fb5cc050a94da85685d449ea/library/std/src/prelude/mod.rs:166:12
  |
  = note: the item `Future` is already defined here

warning: constant `HTTP_CONTRACT` is never used
  --> crates/platform/runtime/src/plugins/connection_http.rs:52:7
   |
52 | const HTTP_CONTRACT: &str = "wamn:connection/http@0.1.0";
   |       ^^^^^^^^^^^^^
   |
   = note: `#[warn(dead_code)]` (part of `#[warn(unused)]`) on by default

warning: type does not implement `std::fmt::Debug`; consider adding `#[derive(Debug)]` or a manual implementation
   --> crates/platform/runtime/src/plugins/connection_http.rs:114:1
    |
114 | / pub struct ConnectionHttp {
115 | |     postgres: Arc<WamnPostgres>,
116 | |     vault: Arc<WamnCredentials>,
117 | |     tenant: Box<str>,
...   |
133 | |     invocations: std::sync::RwLock<HashMap<String, ConnectionInvocation>>,
134 | | }
    | |_^
    |
    = note: requested on the command line with `-W missing-debug-implementations`

warning: type does not implement `std::fmt::Debug`; consider adding `#[derive(Debug)]` or a manual implementation
  --> crates/platform/runtime/src/plugins/wamn_credentials.rs:27:1
   |
27 | / pub struct WamnCredentials {
28 | |     /// Whether ANY backing source was configured. Distinguishes `unavailable`
29 | |     /// (no source — retryable) from `not-found` (source present, name absent —
30 | |     /// config-shaped).
...  |
33 | |     projects: HashMap<String, HashMap<String, String>>,
34 | | }
   | |_^

warning: type does not implement `std::fmt::Debug`; consider adding `#[derive(Debug)]` or a manual implementation
   --> crates/platform/runtime/src/plugins/wamn_jetstream.rs:544:1
    |
544 | / pub struct WamnJetstream {
545 | |     nats_url: Option<String>,
546 | |     /// Lazily-connected, memoized JetStream context. A `Mutex<Option<_>>` (not a
547 | |     /// `OnceCell`) so a transient connect failure is retried on the next call
...   |
569 | |     dlq_depth: Arc<DeadLetterDepth>,
570 | | }
    | |_^

warning: type does not implement `std::fmt::Debug`; consider adding `#[derive(Debug)]` or a manual implementation
    --> crates/platform/runtime/src/plugins/wamn_jetstream.rs:1209:1
     |
1209 | / pub struct JsConsumer {
1210 | |     consumer: Consumer<PullConfig>,
1211 | |     dead_letter: Option<DeadLetterIdentity>,
1212 | | }
     | |_^

warning: type does not implement `std::fmt::Debug`; consider adding `#[derive(Debug)]` or a manual implementation
    --> crates/platform/runtime/src/plugins/wamn_jetstream.rs:1216:1
     |
1216 | / pub struct JsMessage {
1217 | |     msg: async_nats::jetstream::Message,
1218 | |     dead_letter: Option<DeadLetterIdentity>,
1219 | | }
     | |_^

warning: type does not implement `std::fmt::Debug`; consider adding `#[derive(Debug)]` or a manual implementation
   --> crates/platform/runtime/src/plugins/wamn_logging.rs:213:1
    |
213 | / pub struct Capture {
214 | |     records: std::sync::Mutex<Vec<CapturedRec>>,
215 | | }
    | |_^

warning: type does not implement `std::fmt::Debug`; consider adding `#[derive(Debug)]` or a manual implementation
   --> crates/platform/runtime/src/plugins/wamn_logging.rs:235:1
    |
235 | / pub struct WamnLogging {
236 | |     /// component id → host-trusted {tenant, project}.
237 | |     claims: std::sync::RwLock<HashMap<String, Claim>>,
238 | |     /// Bounded front queue; `try_send` keeps `log()` non-blocking.
...   |
243 | |     _drain: tokio::task::JoinHandle<()>,
244 | | }
    | |_^

warning: type does not implement `std::fmt::Debug`; consider adding `#[derive(Debug)]` or a manual implementation
   --> crates/platform/runtime/src/plugins/wamn_postgres/claims.rs:55:1
    |
 55 | / pub struct WamnPostgres {
 56 | |     /// Resolves a project id → its database connection + policy.
 57 | |     provider: Arc<dyn CredentialProvider>,
 58 | |     /// Guest-visible project pools, built lazily and never shared with host-owned
...   |
121 | |     pub(super) bind_counters: super::BindCounters,
122 | | }
    | |_^

warning: type does not implement `std::fmt::Debug`; consider adding `#[derive(Debug)]` or a manual implementation
   --> crates/platform/runtime/src/plugins/wamn_postgres/pool.rs:339:1
    |
339 | / pub struct StaticCredentialProvider {
340 | |     projects: HashMap<String, ProjectConfig>,
341 | | }
    | |_^

warning: type does not implement `std::fmt::Debug`; consider adding `#[derive(Debug)]` or a manual implementation
   --> crates/platform/runtime/src/plugins/wamn_postgres/pool.rs:514:1
    |
514 | / pub struct K8sSecretProvider {
515 | |     pub namespace: String,
516 | | }
    | |_^

warning: type does not implement `std::fmt::Debug`; consider adding `#[derive(Debug)]` or a manual implementation
   --> crates/platform/runtime/src/plugins/wamn_postgres/resources.rs:99:1
    |
 99 | / pub struct PgTransaction {
100 | |     state: SharedTxnState,
101 | |     destroyed: Arc<AtomicU64>,
102 | |     cursor_seq: u32,
103 | |     /// Row limit of the project this transaction's connection belongs to.
104 | |     row_limit: u64,
105 | | }
    | |_^

warning: type does not implement `std::fmt::Debug`; consider adding `#[derive(Debug)]` or a manual implementation
   --> crates/platform/runtime/src/plugins/wamn_postgres/resources.rs:145:1
    |
145 | / pub struct PgCursor {
146 | |     state: SharedTxnState,
147 | |     destroyed: Arc<AtomicU64>,
148 | |     name: String,
149 | | }
    | |_^

warning: type does not implement `std::fmt::Debug`; consider adding `#[derive(Debug)]` or a manual implementation
   --> crates/platform/runtime/src/wiring_doorbell.rs:145:1
    |
145 | / pub struct WiringDoorbellListener {
146 | |     shutdown: tokio::sync::watch::Sender<bool>,
147 | |     task: tokio::task::JoinHandle<()>,
148 | | }
    | |_^

warning: `wamn-runtime` (lib) generated 16 warnings
   Compiling wamn-ctl v0.1.0 (/home/kaalin/.cache/wamn-lanes/generated-tui-20260908/services/ctl)
warning: function `run_once_stages` is never used
   --> services/ctl/src/dev.rs:603:10
    |
603 | async fn run_once_stages<R>(
    |          ^^^^^^^^^^^^^^^
    |
    = note: `#[warn(dead_code)]` (part of `#[warn(unused)]`) on by default

warning: function `verify_source_package_with_client` is never used
    --> services/ctl/src/push_component.rs:1301:10
     |
1301 | async fn verify_source_package_with_client(
     |          ^^^^^^^^^^^^^^^^^^^^^^^^^^^^^^^^^

   Compiling wamn-execution-host v0.1.0 (/home/kaalin/.cache/wamn-lanes/generated-tui-20260908/crates/execution/host)
warning: `wamn-ctl` (lib) generated 2 warnings
   Compiling wamn-scenario-worker v0.1.0 (/home/kaalin/.cache/wamn-lanes/generated-tui-20260908/services/scenario-worker)
warning: type does not implement `std::fmt::Debug`; consider adding `#[derive(Debug)]` or a manual implementation
   --> services/scenario-worker/src/authoring.rs:218:1
    |
218 | / pub struct InternalAuthoringBackend {
219 | |     authority: InternalDevAdmin,
220 | |     client: Client,
221 | |     connection_task: tokio::task::JoinHandle<()>,
222 | |     tenant_id: Box<str>,
223 | |     source_schema: BareSchemaName,
224 | | }
    | |_^
    |
    = note: requested on the command line with `-W missing-debug-implementations`

warning: type does not implement `std::fmt::Debug`; consider adding `#[derive(Debug)]` or a manual implementation
   --> services/scenario-worker/src/store/admission.rs:316:1
    |
316 | / pub struct AdmissionSurface {
317 | |     /// The explicit credential and exact server-side predicates are retained so
318 | |     /// every replacement physical connection is checked identically.
319 | |     probe: CredentialExactnessProbe,
...   |
322 | |     tenant_id: Box<str>,
323 | | }
    | |_^

warning: `wamn-scenario-worker` (lib) generated 2 warnings
   Compiling wamn-host v0.1.0 (/home/kaalin/.cache/wamn-lanes/generated-tui-20260908/services/host)
    Finished `dev` profile [unoptimized + debuginfo] target(s) in 7m 06s
#0 building with "default" instance using docker driver

#1 [host 1/3] FROM docker.io/library/debian:trixie-slim
#1 DONE 0.0s

#2 [internal] load build definition from Dockerfile
#2 transferring dockerfile: 378B done
#2 DONE 0.0s

#3 [internal] load metadata for docker.io/library/debian:trixie-slim
#3 DONE 0.0s

#4 [internal] load .dockerignore
#4 transferring context: 2B done
#4 DONE 0.0s

#5 [internal] load build context
#5 transferring context: 456.59MB 3.2s done
#5 DONE 3.2s

#6 [2/3] RUN apt-get update && apt-get install -y --no-install-recommends ca-certificates curl  && rm -rf /var/lib/apt/lists/*
#6 CACHED

#7 [3/3] COPY wamn-host /usr/local/bin/wamn-host
#7 DONE 1.3s

#8 exporting to image
#8 exporting layers
#8 exporting layers 1.9s done
#8 writing image sha256:3c7b120b3a136592becee44d33b008c6859579f74355622f3d393e90217a37fe
#8 writing image sha256:3c7b120b3a136592becee44d33b008c6859579f74355622f3d393e90217a37fe done
#8 naming to docker.io/library/wamn-host:wms-c86488041b09-205472-debug 0.0s done
#8 DONE 2.0s
Creating cluster "wamn-wms-journey" ...
 • Ensuring node image (kindest/node:v1.36.1) 🖼  ...
 ✓ Ensuring node image (kindest/node:v1.36.1) 🖼
 • Preparing nodes 📦 📦 📦   ...
 ✓ Preparing nodes 📦 📦 📦 
 • Writing configuration 📜  ...
 ✓ Writing configuration 📜
 • Starting control-plane 🕹️  ...
 ✓ Starting control-plane 🕹️
 • Installing CNI 🔌  ...
 ✓ Installing CNI 🔌
 • Installing StorageClass 💾  ...
 ✓ Installing StorageClass 💾
 • Joining worker nodes 🚜  ...
 ✓ Joining worker nodes 🚜
Set kubectl context to "kind-wamn-wms-journey"
You can now use your cluster with:

kubectl cluster-info --context kind-wamn-wms-journey --kubeconfig /tmp/tmp.BW9y1YyhMB/kubeconfig

Have a nice day! 👋
node/wamn-wms-journey-control-plane condition met
node/wamn-wms-journey-worker condition met
node/wamn-wms-journey-worker2 condition met
namespace/wamn-wms-journey created
Image: "wamn-host:wms-c86488041b09-205472-debug" with ID "sha256:3c7b120b3a136592becee44d33b008c6859579f74355622f3d393e90217a37fe" not yet present on node "wamn-wms-journey-control-plane", loading...
Image: "wamn-host:wms-c86488041b09-205472-debug" with ID "sha256:3c7b120b3a136592becee44d33b008c6859579f74355622f3d393e90217a37fe" not yet present on node "wamn-wms-journey-worker2", loading...
Image: "wamn-host:wms-c86488041b09-205472-debug" with ID "sha256:3c7b120b3a136592becee44d33b008c6859579f74355622f3d393e90217a37fe" not yet present on node "wamn-wms-journey-worker", loading...
acf6667acec9323b5a79dfdc02d7eecccb91bdea054d43f19fff219673adfdd8
0905005675c1b9b7d17d86d8ef54787fb5036b87a07f05a0e74bc6054edb65b9
f3939a2d391a7bd428d18a3ef9eb50bec2033d5b49b276ebb8bdbf1cfae0aeac
6875f53ebd45a701200fa94ee1222574375b81bb636be2821533b7996b883c0c
Bucket created successfully `journey/labels`.
DO
DO
DO
SET
CREATE SCHEMA
CREATE SCHEMA
CREATE SCHEMA
CREATE TABLE
INSERT 0 1
CREATE TABLE
CREATE TABLE
CREATE TABLE
CREATE TABLE
CREATE TABLE
CREATE TABLE
CREATE INDEX
CREATE TABLE
CREATE TABLE
CREATE TABLE
CREATE TABLE
ALTER TABLE
CREATE TABLE
CREATE FUNCTION
CREATE TRIGGER
CREATE TABLE
CREATE TABLE
CREATE EXTENSION
CREATE SCHEMA
CREATE SCHEMA
REVOKE
CREATE FUNCTION
REVOKE
CREATE TABLE
CREATE INDEX
CREATE FUNCTION
REVOKE
CREATE TABLE
CREATE TABLE
CREATE TABLE
CREATE FUNCTION
REVOKE
CREATE TRIGGER
CREATE FUNCTION
REVOKE
CREATE TRIGGER
CREATE TABLE
CREATE TABLE
CREATE TABLE
CREATE TABLE
CREATE FUNCTION
REVOKE
CREATE FUNCTION
REVOKE
CREATE TABLE
CREATE INDEX
CREATE TABLE
CREATE TABLE
CREATE FUNCTION
REVOKE
CREATE FUNCTION
REVOKE
DO
DO
CREATE SCHEMA
REVOKE
CREATE TABLE
REVOKE
CREATE FUNCTION
REVOKE
DO
REVOKE
GRANT
GRANT
REVOKE
GRANT
REVOKE
GRANT
REVOKE
REVOKE
DO
RESET
DO
DO
2026-09-10T02:06:42.624430Z  INFO tokio_postgres::connection: NOTICE: column "durability_class" of relation "env_policies" already exists, skipping
recorded org "acme" (template "trials") in registry.orgs + 2 env policy row(s) stamped insert-if-absent (wamn_system)
org "acme" (template "trials", pooled): placed on the shared pool "route-auth-pg18" (owns no clusters)
project-env acme/wms/dev: database "wamn-db-acme--wms--dev--1ln668z5" on cluster "route-auth-pg18" (owner wamn_db_owner)
wrote /tmp/tmp.BW9y1YyhMB/database.json (Database CR (kubectl apply))
wrote /tmp/tmp.BW9y1YyhMB/roles.sql (role SQL (psql the TARGET cluster BEFORE the Database CR))
wrote /tmp/tmp.BW9y1YyhMB/privileges.sql (privilege SQL (psql the TARGET cluster AFTER the Database is ready))
wrote /tmp/tmp.BW9y1YyhMB/project-db.json (database credential Secret; kubectl apply)
recorded project "wms" + project-env acme/wms/dev in the registry (wamn_system)
environment namespace "wamn-acme--wms--dev--1ln668z5" (instance suffix "1ln668z5")
wrote /tmp/tmp.BW9y1YyhMB/management-author-pat.json (management-author PAT Secret; kubectl apply)
wrote /tmp/tmp.BW9y1YyhMB/route-caller-pat.json (route-caller PAT Secret; kubectl apply)
DO
DO
DO
CREATE DATABASE
ALTER DATABASE
REVOKE
REVOKE
REVOKE
BEGIN
CREATE SCHEMA
DO
GRANT
GRANT
DO
CREATE FUNCTION
REVOKE
CREATE TABLE
CREATE INDEX
CREATE FUNCTION
REVOKE
CREATE TABLE
CREATE TABLE
CREATE TABLE
CREATE TABLE
CREATE FUNCTION
REVOKE
CREATE TRIGGER
CREATE FUNCTION
REVOKE
CREATE TRIGGER
CREATE TABLE
CREATE FUNCTION
REVOKE
CREATE TABLE
CREATE TABLE
CREATE TABLE
CREATE TABLE
ALTER TABLE
CREATE TABLE
CREATE FUNCTION
CREATE TRIGGER
CREATE TRIGGER
CREATE TABLE
CREATE TABLE
CREATE TABLE
CREATE TABLE
CREATE FUNCTION
CREATE TRIGGER
CREATE FUNCTION
CREATE TRIGGER
CREATE TABLE
CREATE TABLE
CREATE FUNCTION
CREATE TRIGGER
CREATE TABLE
CREATE INDEX
DO
DO
GRANT
REVOKE
REVOKE
COMMIT
CREATE SCHEMA
DO
GRANT
psql:/home/kaalin/.cache/wamn-lanes/generated-tui-20260908/deploy/sql/app-schema.sql:155: NOTICE:  schema "wamn_authority" already exists, skipping
DO
CREATE TABLE
ALTER TABLE
ALTER TABLE
CREATE POLICY
CREATE POLICY
CREATE INDEX
GRANT
CREATE TABLE
ALTER TABLE
ALTER TABLE
CREATE POLICY
CREATE POLICY
CREATE INDEX
GRANT
CREATE TABLE
ALTER TABLE
ALTER TABLE
CREATE POLICY
CREATE POLICY
CREATE INDEX
GRANT
CREATE TABLE
ALTER TABLE
ALTER TABLE
CREATE POLICY
CREATE POLICY
CREATE INDEX
GRANT
CREATE TABLE
ALTER TABLE
ALTER TABLE
CREATE POLICY
CREATE POLICY
CREATE INDEX
GRANT
CREATE TABLE
ALTER TABLE
ALTER TABLE
CREATE POLICY
CREATE POLICY
CREATE INDEX
GRANT
CREATE INDEX
CREATE TABLE
ALTER TABLE
ALTER TABLE
CREATE POLICY
CREATE POLICY
CREATE INDEX
GRANT
2026-09-10T02:06:44.503791Z  INFO tokio_postgres::connection: NOTICE: column "durability_class" of relation "env_policies" already exists, skipping
2026-09-10T02:06:44.635895Z  INFO tokio_postgres::connection: WARNING: role "wamn_app" has not been granted membership in role "wamn_scenario_author" by role "postgres"
2026-09-10T02:06:44.638040Z  INFO tokio_postgres::connection: NOTICE: schema "wamn_authority" already exists, skipping
applied EnsureSchema: wamn_run
applied RepairHelperFunction: require_executor_platform_authority
applied RepairHelperFunction: require_management_admission_authority
applied RepairHelperFunction: pin_run_durability_class
applied RepairHelperFunction: guard_event_lineage_immutable
applied RepairHelperFunction: guard_run_admission_pins_immutable
applied RepairHelperFunction: guard_terminal_run_delete
applied RepairHelperFunction: reject_immutable_effect_fact_change
applied RepairHelperFunction: reject_immutable_operator_run_action_change
applied CreateTable: environment_policies
applied CreateTable: runs
applied CreateTable: effect_attempts
applied CreateTable: effect_attempt_dispatches
applied CreateTable: effect_attempt_outcomes
applied CreateTable: operator_run_actions
applied CreateTable: run_queue
applied RepairEffectWriterPrivilege: wamn_run.usage
applied RepairAuthoringPrivilege: wamn_run.usage
applied RepairDispatchReaderPrivilege: wamn_run.dispatch-reader-read-surface
  converged environment policy tenant="wms-route-auth" environment="dev" durability_class=standard
2026-09-10T02:06:45.747901Z  INFO tokio_postgres::connection: WARNING: role "wamn_app" has not been granted membership in role "wamn_platform" by role "postgres"
2026-09-10T02:06:45.748052Z  INFO tokio_postgres::connection: WARNING: role "wamn_app_f4bfdca7523cc2dd3bb78ed84f1ac62a9c396abc_a" has not been granted membership in role "wamn_app" by role "postgres"
prepared and authenticated app credential generation a for acme/wms/dev; wrote /tmp/tmp.BW9y1YyhMB/host-secrets/guest-sql.json
2026-09-10T02:06:47.130241Z  INFO tokio_postgres::connection: WARNING: role "wamn_executor_platform" has not been granted membership in role "wamn_platform" by role "postgres"
2026-09-10T02:06:47.130898Z  INFO tokio_postgres::connection: WARNING: role "wamn_exec_platform_e06b9706d1a2f6f73337acc66f4f1b00d61032bf_a" has not been granted membership in role "wamn_executor_platform" by role "postgres"
prepared and authenticated executor-platform credential generation a for acme/wms/dev; wrote /tmp/tmp.BW9y1YyhMB/host-secrets/executor-platform.json
2026-09-10T02:06:48.996454Z  INFO tokio_postgres::connection: WARNING: role "wamn_event_materializer" has not been granted membership in role "wamn_platform" by role "postgres"
2026-09-10T02:06:48.996675Z  INFO tokio_postgres::connection: WARNING: role "wamn_materializer_6d0ce384bb5e87d64dbd3b2b0fde6cca2748b847_a" has not been granted membership in role "wamn_event_materializer" by role "postgres"
prepared and authenticated event-materializer credential generation a for acme/wms/dev; wrote /tmp/tmp.BW9y1YyhMB/host-secrets/event-materializer.json
2026-09-10T02:06:50.916406Z  INFO tokio_postgres::connection: WARNING: role "wamn_http_admitter" has not been granted membership in role "wamn_platform" by role "postgres"
2026-09-10T02:06:50.916707Z  INFO tokio_postgres::connection: WARNING: role "wamn_http_admitter_def753cf0bfa3ef3d8d5eec7712f2493c503dc67_a" has not been granted membership in role "wamn_http_admitter" by role "postgres"
prepared and authenticated http-admitter credential generation a for acme/wms/dev; wrote /tmp/tmp.BW9y1YyhMB/host-secrets/http-admitter.json
2026-09-10T02:06:52.758565Z  INFO tokio_postgres::connection: WARNING: role "wamn_identity_reader" has not been granted membership in role "wamn_platform" by role "postgres"
2026-09-10T02:06:52.758976Z  INFO tokio_postgres::connection: WARNING: role "wamn_identity_reader_bc8b5898f6ad84b302200c4cae7ba5b9ae76e54e_a" has not been granted membership in role "wamn_identity_reader" by role "postgres"
prepared and authenticated identity-reader credential generation a for acme/wms/dev; wrote /tmp/tmp.BW9y1YyhMB/host-secrets/identity-reader.json
2026-09-10T02:06:54.430962Z  INFO tokio_postgres::connection: WARNING: role "wamn_control_author" has not been granted membership in role "wamn_platform" by role "postgres"
2026-09-10T02:06:54.431264Z  INFO tokio_postgres::connection: WARNING: role "wamn_control_author_8b9a22a2ff73cd988b040d6c0eb5a6959759f81e_a" has not been granted membership in role "wamn_control_author" by role "postgres"
prepared and authenticated control-author credential generation a for acme/wms/dev; wrote /tmp/tmp.BW9y1YyhMB/gate-credentials/control-author.json
2026-09-10T02:06:55.945283Z  INFO tokio_postgres::connection: WARNING: role "wamn_management_admitter" has not been granted membership in role "wamn_platform" by role "postgres"
2026-09-10T02:06:55.945423Z  INFO tokio_postgres::connection: WARNING: role "wamn_mgmt_admitter_fb92b5631005b1048d5beaa675ec84704bf0d549_a" has not been granted membership in role "wamn_management_admitter" by role "postgres"
prepared and authenticated management-admitter credential generation a for acme/wms/dev; wrote /tmp/tmp.BW9y1YyhMB/gate-credentials/management-admitter.json
applied wamn_wms@1.0.0: 1 migration(s)
reconciled data access for [wamn_wms@1.0.0]
2026-09-10T02:06:58.293850Z  INFO wash_runtime::engine: host memory resolved max_guest_memory=45.7GiB guest_memory_mode="count" default_heap_memory=256MiB core_instances=512 memories=512 pool_reservation=128GiB
projected sha256:a8cb208f652a078689da1d44b506b6601f8dacca2bc63d47b263ff3730371610 (source-project: already converged; control: changed)
sha256:a8cb208f652a078689da1d44b506b6601f8dacca2bc63d47b263ff3730371610
2026-09-10T02:07:10.197593Z  INFO wash_runtime::engine: host memory resolved max_guest_memory=45.7GiB guest_memory_mode="count" default_heap_memory=256MiB core_instances=512 memories=512 pool_reservation=128GiB
projected sha256:ca30504d1d8f900f9435207203bb99843b9e453c510498193caeed6997658886 (source-project: already converged; control: changed)
sha256:ca30504d1d8f900f9435207203bb99843b9e453c510498193caeed6997658886
2026-09-10T02:07:12.674385Z  INFO wash_runtime::engine: host memory resolved max_guest_memory=45.7GiB guest_memory_mode="count" default_heap_memory=256MiB core_instances=512 memories=512 pool_reservation=128GiB
projected sha256:65b61aa32d0a13070299685c97b0730a27dcb641629eccc4f3608dd33001445c (source-project: already converged; control: changed)
sha256:65b61aa32d0a13070299685c97b0730a27dcb641629eccc4f3608dd33001445c
sha256:fcc8980cffa3dea8bf0aa66cb042dd1ab7a0ff9534c2bf88889eb9d078e42462
sha256:c82ec528498ac7d88cdcc7c97c0a830c8e5873ef90fec28e265b84b55eceab72
sha256:679dd5e4bd8e71fd32e7ee259dc401dfad1b9792ac0734ed5a5e8157262882d7
sha256:f2f045927da9516d00f9364315025e444a2114412652dea18770eb48b0509a3e
sha256:cb214595afd1ba0819d5bea1f8818df84c973f9cc5a968d99f64499581f89b6b
sha256:09912d05e153e21099fffd2f19a2f732dbbe5453dc7d416b668ab6a5996fba2c
sha256:b6f19def680f78e1da3ab4064bde4efee2392954a3828b1680eca54e6c3de57d
sha256:dbb814b0540cce73436cc9cb887fa585e5c2e6c4ba695da127310991467dfd49
2026-09-10T02:07:23.819961Z  INFO wamn_ctl::publish_release: release carries a complete deployment attestation coordinate org=acme project=wms environment=dev tenant=wms-route-auth effective_release_id=1 manifest_hash=sha256:2e0f61c48eb2d201e0dc473da0bcd198140ecc034a4e401a5283cef111fdc2ce
sha256:2e0f61c48eb2d201e0dc473da0bcd198140ecc034a4e401a5283cef111fdc2ce
bound sha256:65b61aa32d0a13070299685c97b0730a27dcb641629eccc4f3608dd33001445c:labels to labels-store generation 1 in release 1 (definition sha256:cc58d3cfd3d7066f6d17ce3d0f5b6d3146c93172fa318fdb6882342cc042c552, validation sha256:6d3f5751c4625325589cbaa19a62e40e04f336564a99ed65b2c8297a423f8be3)
2026-09-10T02:07:25.131709Z  INFO wamn_ctl::publish_release: release carries a complete deployment attestation coordinate org=acme project=wms environment=dev tenant=wms-route-auth effective_release_id=1 manifest_hash=sha256:2e0f61c48eb2d201e0dc473da0bcd198140ecc034a4e401a5283cef111fdc2ce
sha256:2e0f61c48eb2d201e0dc473da0bcd198140ecc034a4e401a5283cef111fdc2ce
INSERT 0 1
INSERT 0 2
INSERT 0 1
INSERT 0 1
secret/wamn-pat-route-caller-acme--wms--dev created
cdc for project-env acme/wms/dev: publication/slot/role "wamn_cdc_acme__wms__dev__1ln668z5" over schema "wms" on cluster "route-auth-pg18"; stream "EVT_acme_dev"; replication secret "wamn-cdc-acme--wms--dev"
wrote /tmp/tmp.BW9y1YyhMB/cdc-role.sql (replication-role SQL (psql the TARGET cluster — roles are cluster-global))
wrote /tmp/tmp.BW9y1YyhMB/cdc.sql (CDC SQL (psql the PROJECT-ENV database — publication + slot are database-bound))
wrote /tmp/tmp.BW9y1YyhMB/cdc-reader.json (replication-credential Secret (kubectl apply))
recorded event-reader registration for acme/wms/dev in the registry (wamn_system)
DO
psql:/tmp/tmp.BW9y1YyhMB/cdc.sql:1: NOTICE:  schema "wms" already exists, skipping
CREATE SCHEMA
DO
DO
psql:/tmp/tmp.BW9y1YyhMB/cdc.sql:4: NOTICE:  relation "wamn_entities" already exists, skipping
CREATE TABLE
psql:/tmp/tmp.BW9y1YyhMB/cdc.sql:5: NOTICE:  relation "wamn_cdc_exclusions" already exists, skipping
CREATE TABLE
GRANT
GRANT
REVOKE
GRANT
GRANT
2026-09-10T02:07:30.731396Z  INFO tokio_postgres::connection: WARNING: role "wamn_registry_reader" has not been granted membership in role "wamn_platform" by role "postgres"
2026-09-10T02:07:30.731701Z  INFO tokio_postgres::connection: WARNING: role "wamn_registry_reader_ab8b8f6c06ebcc93561b74ae9efe5c82cfa4f5a4_a" has not been granted membership in role "wamn_registry_reader" by role "postgres"
prepared and authenticated registry-reader credential generation a for acme/wms/dev; wrote /tmp/tmp.BW9y1YyhMB/registry-reader.json
secret/wamn-guest-acme--wms--dev created
secret/wamn-executor-platform-acme--wms--dev created
secret/wamn-identity-reader-acme--wms--dev created
secret/wamn-http-admitter-acme--wms--dev created
secret/wamn-event-materializer-acme--wms--dev created
secret/wamn-object-store-credentials-acme--wms--dev created
secret/wamn-registry-pull created
namespace/cert-manager created
customresourcedefinition.apiextensions.k8s.io/challenges.acme.cert-manager.io created
customresourcedefinition.apiextensions.k8s.io/orders.acme.cert-manager.io created
customresourcedefinition.apiextensions.k8s.io/certificaterequests.cert-manager.io created
customresourcedefinition.apiextensions.k8s.io/certificates.cert-manager.io created
customresourcedefinition.apiextensions.k8s.io/clusterissuers.cert-manager.io created
customresourcedefinition.apiextensions.k8s.io/issuers.cert-manager.io created
serviceaccount/cert-manager-cainjector created
serviceaccount/cert-manager created
serviceaccount/cert-manager-webhook created
clusterrole.rbac.authorization.k8s.io/cert-manager-cainjector created
clusterrole.rbac.authorization.k8s.io/cert-manager-controller-issuers created
clusterrole.rbac.authorization.k8s.io/cert-manager-controller-clusterissuers created
clusterrole.rbac.authorization.k8s.io/cert-manager-controller-certificates created
clusterrole.rbac.authorization.k8s.io/cert-manager-controller-orders created
clusterrole.rbac.authorization.k8s.io/cert-manager-controller-challenges created
clusterrole.rbac.authorization.k8s.io/cert-manager-controller-ingress-shim created
clusterrole.rbac.authorization.k8s.io/cert-manager-cluster-view created
clusterrole.rbac.authorization.k8s.io/cert-manager-view created
clusterrole.rbac.authorization.k8s.io/cert-manager-edit created
clusterrole.rbac.authorization.k8s.io/cert-manager-controller-approve:cert-manager-io created
clusterrole.rbac.authorization.k8s.io/cert-manager-controller-certificatesigningrequests created
clusterrole.rbac.authorization.k8s.io/cert-manager-webhook:subjectaccessreviews created
clusterrolebinding.rbac.authorization.k8s.io/cert-manager-cainjector created
clusterrolebinding.rbac.authorization.k8s.io/cert-manager-controller-issuers created
clusterrolebinding.rbac.authorization.k8s.io/cert-manager-controller-clusterissuers created
clusterrolebinding.rbac.authorization.k8s.io/cert-manager-controller-certificates created
clusterrolebinding.rbac.authorization.k8s.io/cert-manager-controller-orders created
clusterrolebinding.rbac.authorization.k8s.io/cert-manager-controller-challenges created
clusterrolebinding.rbac.authorization.k8s.io/cert-manager-controller-ingress-shim created
clusterrolebinding.rbac.authorization.k8s.io/cert-manager-controller-approve:cert-manager-io created
clusterrolebinding.rbac.authorization.k8s.io/cert-manager-controller-certificatesigningrequests created
clusterrolebinding.rbac.authorization.k8s.io/cert-manager-webhook:subjectaccessreviews created
role.rbac.authorization.k8s.io/cert-manager-cainjector:leaderelection created
role.rbac.authorization.k8s.io/cert-manager:leaderelection created
role.rbac.authorization.k8s.io/cert-manager-webhook:dynamic-serving created
rolebinding.rbac.authorization.k8s.io/cert-manager-cainjector:leaderelection created
rolebinding.rbac.authorization.k8s.io/cert-manager:leaderelection created
rolebinding.rbac.authorization.k8s.io/cert-manager-webhook:dynamic-serving created
service/cert-manager-cainjector created
service/cert-manager created
service/cert-manager-webhook created
deployment.apps/cert-manager-cainjector created
deployment.apps/cert-manager created
deployment.apps/cert-manager-webhook created
mutatingwebhookconfiguration.admissionregistration.k8s.io/cert-manager-webhook created
validatingwebhookconfiguration.admissionregistration.k8s.io/cert-manager-webhook created
deployment.apps/cert-manager condition met
deployment.apps/cert-manager-cainjector condition met
deployment.apps/cert-manager-webhook condition met
Release "wamn" does not exist. Installing it now.
Pulled: ghcr.io/wasmcloud/charts/runtime-operator:2.9.0
Digest: sha256:d70b240cfc3c745f306fc6ebecebff4370e6c8c0568b55c1d02b1eda1716fd17
NAME: wamn
LAST DEPLOYED: Wed Sep  9 22:07:55 2026
NAMESPACE: wamn-system
STATUS: deployed
REVISION: 1
DESCRIPTION: Install complete
TEST SUITE: None
NOTES:
The wasmCloud runtime-operator is installed.

To verify your deployment:
  kubectl get pods -l app.kubernetes.io/instance=wamn -n wamn-system
role.rbac.authorization.k8s.io/wamn-runtime-operator-events created
rolebinding.rbac.authorization.k8s.io/wamn-runtime-operator-events created
configmap/tempo-config created
deployment.apps/tempo created
service/tempo created
configmap/otel-collector-config created
deployment.apps/otel-collector created
service/otel-collector created
deployment.apps/tempo condition met
deployment.apps/otel-collector condition met
secret/wasmcloud-ca created
clusterissuer.cert-manager.io/wasmcloud-ca created
clusterissuer.cert-manager.io/wasmcloud-ca condition met
certificate.cert-manager.io/wasmcloud-runtime-tls created
certificate.cert-manager.io/wasmcloud-data-tls created
certificate.cert-manager.io/wasmcloud-runtime-tls condition met
certificate.cert-manager.io/wasmcloud-data-tls condition met
Release "wamn-host" does not exist. Installing it now.
Pulled: ghcr.io/wasmcloud/charts/runtime-operator:2.9.0
Digest: sha256:d70b240cfc3c745f306fc6ebecebff4370e6c8c0568b55c1d02b1eda1716fd17
NAME: wamn-host
LAST DEPLOYED: Wed Sep  9 22:08:49 2026
NAMESPACE: wamn-wms-journey
STATUS: deployed
REVISION: 1
DESCRIPTION: Install complete
TEST SUITE: None
NOTES:
The wasmCloud runtime-operator is installed.

To verify your deployment:
  kubectl get pods -l app.kubernetes.io/instance=wamn-host -n wamn-wms-journey
deployment "hostgroup-default" successfully rolled out
service/flow-http created
workloaddeployment.runtime.wasmcloud.dev/flow-http created
workloaddeployment.runtime.wasmcloud.dev/flow-http condition met
job.batch/flow-http-reachability created
job.batch/flow-http-reachability condition met
service/flow-http-nodeport created
endpointslice.discovery.k8s.io/flow-http-nodeport created
warning: function `canonical_serialized` is never used
   --> crates/catalog/model/src/lib.rs:792:4
    |
792 | fn canonical_serialized(value: &impl Serialize) -> Vec<u8> {
    |    ^^^^^^^^^^^^^^^^^^^^
    |
    = note: `#[warn(dead_code)]` (part of `#[warn(unused)]`) on by default

warning: `wamn-catalog` (lib) generated 1 warning
   Compiling wash-runtime v2.9.0 (https://github.com/wasmCloud/wasmCloud?rev=68ebece9c537f8bb4b5c9999f274ec68d60f35a9#68ebece9)
warning: type does not implement `std::fmt::Debug`; consider adding `#[derive(Debug)]` or a manual implementation
  --> test-support/harness/src/ceiling.rs:72:1
   |
72 | / pub struct Ramp {
73 | |     tolerance: f64,
74 | |     max_levels: usize,
75 | |     levels: Vec<LevelStats>,
...  |
82 | |     retrying: bool,
83 | | }
   | |_^
   |
   = note: requested on the command line with `-W missing-debug-implementations`

warning: `wamn-gate-harness` (lib) generated 1 warning
   Compiling wamn-runtime v0.1.0 (/home/kaalin/.cache/wamn-lanes/generated-tui-20260908/crates/platform/runtime)
warning: the item `Future` is imported redundantly
 --> crates/platform/runtime/src/connection_authority.rs:3:5
  |
3 | use std::future::Future;
  |     ^^^^^^^^^^^^^^^^^^^
  |
 --> /rustc/88d9e12ae178fab0fb5cc050a94da85685d449ea/library/std/src/prelude/mod.rs:166:12
  |
  = note: the item `Future` is already defined here
  |
  = note: requested on the command line with `-W redundant-imports`

warning: the item `Future` is imported redundantly
 --> crates/platform/runtime/src/plugins/wamn_postgres/pool.rs:7:5
  |
7 | use std::future::Future;
  |     ^^^^^^^^^^^^^^^^^^^
  |
 --> /rustc/88d9e12ae178fab0fb5cc050a94da85685d449ea/library/std/src/prelude/mod.rs:166:12
  |
  = note: the item `Future` is already defined here

warning: constant `HTTP_CONTRACT` is never used
  --> crates/platform/runtime/src/plugins/connection_http.rs:52:7
   |
52 | const HTTP_CONTRACT: &str = "wamn:connection/http@0.1.0";
   |       ^^^^^^^^^^^^^
   |
   = note: `#[warn(dead_code)]` (part of `#[warn(unused)]`) on by default

warning: type does not implement `std::fmt::Debug`; consider adding `#[derive(Debug)]` or a manual implementation
   --> crates/platform/runtime/src/plugins/connection_http.rs:114:1
    |
114 | / pub struct ConnectionHttp {
115 | |     postgres: Arc<WamnPostgres>,
116 | |     vault: Arc<WamnCredentials>,
117 | |     tenant: Box<str>,
...   |
133 | |     invocations: std::sync::RwLock<HashMap<String, ConnectionInvocation>>,
134 | | }
    | |_^
    |
    = note: requested on the command line with `-W missing-debug-implementations`

warning: type does not implement `std::fmt::Debug`; consider adding `#[derive(Debug)]` or a manual implementation
  --> crates/platform/runtime/src/plugins/wamn_credentials.rs:27:1
   |
27 | / pub struct WamnCredentials {
28 | |     /// Whether ANY backing source was configured. Distinguishes `unavailable`
29 | |     /// (no source — retryable) from `not-found` (source present, name absent —
30 | |     /// config-shaped).
...  |
33 | |     projects: HashMap<String, HashMap<String, String>>,
34 | | }
   | |_^

warning: type does not implement `std::fmt::Debug`; consider adding `#[derive(Debug)]` or a manual implementation
   --> crates/platform/runtime/src/plugins/wamn_jetstream.rs:544:1
    |
544 | / pub struct WamnJetstream {
545 | |     nats_url: Option<String>,
546 | |     /// Lazily-connected, memoized JetStream context. A `Mutex<Option<_>>` (not a
547 | |     /// `OnceCell`) so a transient connect failure is retried on the next call
...   |
569 | |     dlq_depth: Arc<DeadLetterDepth>,
570 | | }
    | |_^

warning: type does not implement `std::fmt::Debug`; consider adding `#[derive(Debug)]` or a manual implementation
    --> crates/platform/runtime/src/plugins/wamn_jetstream.rs:1209:1
     |
1209 | / pub struct JsConsumer {
1210 | |     consumer: Consumer<PullConfig>,
1211 | |     dead_letter: Option<DeadLetterIdentity>,
1212 | | }
     | |_^

warning: type does not implement `std::fmt::Debug`; consider adding `#[derive(Debug)]` or a manual implementation
    --> crates/platform/runtime/src/plugins/wamn_jetstream.rs:1216:1
     |
1216 | / pub struct JsMessage {
1217 | |     msg: async_nats::jetstream::Message,
1218 | |     dead_letter: Option<DeadLetterIdentity>,
1219 | | }
     | |_^

warning: type does not implement `std::fmt::Debug`; consider adding `#[derive(Debug)]` or a manual implementation
   --> crates/platform/runtime/src/plugins/wamn_logging.rs:213:1
    |
213 | / pub struct Capture {
214 | |     records: std::sync::Mutex<Vec<CapturedRec>>,
215 | | }
    | |_^

warning: type does not implement `std::fmt::Debug`; consider adding `#[derive(Debug)]` or a manual implementation
   --> crates/platform/runtime/src/plugins/wamn_logging.rs:235:1
    |
235 | / pub struct WamnLogging {
236 | |     /// component id → host-trusted {tenant, project}.
237 | |     claims: std::sync::RwLock<HashMap<String, Claim>>,
238 | |     /// Bounded front queue; `try_send` keeps `log()` non-blocking.
...   |
243 | |     _drain: tokio::task::JoinHandle<()>,
244 | | }
    | |_^

warning: type does not implement `std::fmt::Debug`; consider adding `#[derive(Debug)]` or a manual implementation
   --> crates/platform/runtime/src/plugins/wamn_postgres/claims.rs:55:1
    |
 55 | / pub struct WamnPostgres {
 56 | |     /// Resolves a project id → its database connection + policy.
 57 | |     provider: Arc<dyn CredentialProvider>,
 58 | |     /// Guest-visible project pools, built lazily and never shared with host-owned
...   |
121 | |     pub(super) bind_counters: super::BindCounters,
122 | | }
    | |_^

warning: type does not implement `std::fmt::Debug`; consider adding `#[derive(Debug)]` or a manual implementation
   --> crates/platform/runtime/src/plugins/wamn_postgres/pool.rs:339:1
    |
339 | / pub struct StaticCredentialProvider {
340 | |     projects: HashMap<String, ProjectConfig>,
341 | | }
    | |_^

warning: type does not implement `std::fmt::Debug`; consider adding `#[derive(Debug)]` or a manual implementation
   --> crates/platform/runtime/src/plugins/wamn_postgres/pool.rs:514:1
    |
514 | / pub struct K8sSecretProvider {
515 | |     pub namespace: String,
516 | | }
    | |_^

warning: type does not implement `std::fmt::Debug`; consider adding `#[derive(Debug)]` or a manual implementation
   --> crates/platform/runtime/src/plugins/wamn_postgres/resources.rs:99:1
    |
 99 | / pub struct PgTransaction {
100 | |     state: SharedTxnState,
101 | |     destroyed: Arc<AtomicU64>,
102 | |     cursor_seq: u32,
103 | |     /// Row limit of the project this transaction's connection belongs to.
104 | |     row_limit: u64,
105 | | }
    | |_^

warning: type does not implement `std::fmt::Debug`; consider adding `#[derive(Debug)]` or a manual implementation
   --> crates/platform/runtime/src/plugins/wamn_postgres/resources.rs:145:1
    |
145 | / pub struct PgCursor {
146 | |     state: SharedTxnState,
147 | |     destroyed: Arc<AtomicU64>,
148 | |     name: String,
149 | | }
    | |_^

warning: type does not implement `std::fmt::Debug`; consider adding `#[derive(Debug)]` or a manual implementation
   --> crates/platform/runtime/src/wiring_doorbell.rs:145:1
    |
145 | / pub struct WiringDoorbellListener {
146 | |     shutdown: tokio::sync::watch::Sender<bool>,
147 | |     task: tokio::task::JoinHandle<()>,
148 | | }
    | |_^

warning: `wamn-runtime` (lib) generated 16 warnings
   Compiling wamn-scenario-worker v0.1.0 (/home/kaalin/.cache/wamn-lanes/generated-tui-20260908/services/scenario-worker)
warning: type does not implement `std::fmt::Debug`; consider adding `#[derive(Debug)]` or a manual implementation
   --> services/scenario-worker/src/authoring.rs:218:1
    |
218 | / pub struct InternalAuthoringBackend {
219 | |     authority: InternalDevAdmin,
220 | |     client: Client,
221 | |     connection_task: tokio::task::JoinHandle<()>,
222 | |     tenant_id: Box<str>,
223 | |     source_schema: BareSchemaName,
224 | | }
    | |_^
    |
    = note: requested on the command line with `-W missing-debug-implementations`

warning: type does not implement `std::fmt::Debug`; consider adding `#[derive(Debug)]` or a manual implementation
   --> services/scenario-worker/src/store/admission.rs:316:1
    |
316 | / pub struct AdmissionSurface {
317 | |     /// The explicit credential and exact server-side predicates are retained so
318 | |     /// every replacement physical connection is checked identically.
319 | |     probe: CredentialExactnessProbe,
...   |
322 | |     tenant_id: Box<str>,
323 | | }
    | |_^

warning: `wamn-scenario-worker` (lib) generated 2 warnings
   Compiling wamn-ctl v0.1.0 (/home/kaalin/.cache/wamn-lanes/generated-tui-20260908/services/ctl)
warning: function `run_once_stages` is never used
   --> services/ctl/src/dev.rs:603:10
    |
603 | async fn run_once_stages<R>(
    |          ^^^^^^^^^^^^^^^
    |
    = note: `#[warn(dead_code)]` (part of `#[warn(unused)]`) on by default

warning: function `verify_source_package_with_client` is never used
    --> services/ctl/src/push_component.rs:1301:10
     |
1301 | async fn verify_source_package_with_client(
     |          ^^^^^^^^^^^^^^^^^^^^^^^^^^^^^^^^^

   Compiling wamn-execution-host v0.1.0 (/home/kaalin/.cache/wamn-lanes/generated-tui-20260908/crates/execution/host)
warning: `wamn-ctl` (lib) generated 2 warnings
   Compiling wamn-proof-integration v0.1.0 (/home/kaalin/.cache/wamn-lanes/generated-tui-20260908/tests/integration)
warning: function `models` is never used
  --> tests/integration/src/measurement_schema.rs:25:8
   |
25 | pub fn models(schema: &str) -> Vec<ManagedModel> {
   |        ^^^^^^
   |
   = note: `#[warn(dead_code)]` (part of `#[warn(unused)]`) on by default

warning: type does not implement `std::fmt::Debug`; consider adding `#[derive(Debug)]` or a manual implementation
   --> tests/integration/src/trusted_http_route.rs:105:1
    |
105 | / pub struct TrustedHttpRoute {
106 | |     pub driver: Arc<RouterDriver>,
107 | |     /// The same welded release the driver authorizes. Callers that exercise a
108 | |     /// release-owned ingress plugin must share this exact weld rather than mint
...   |
116 | |     pub wiring_hash: String,
117 | | }
    | |_^
    |
    = note: requested on the command line with `-W missing-debug-implementations`

warning: `wamn-proof-integration` (lib test) generated 2 warnings
    Finished `test` profile [unoptimized + debuginfo] target(s) in 3m 57s
     Running unittests src/lib.rs (target/debug/deps/wamn_proof_integration-637dd5eb76515764)

running 1 test
test wms_runtime_live::contention_and_replay_through_the_composed_route ... 
WMS_CONTENTION_PASS movement_id=a7890f4e-04d4-4e22-a6e2-7123cc9a521f
ok

test result: ok. 1 passed; 0 failed; 0 ignored; 0 measured; 66 filtered out; finished in 0.91s

warning: function `canonical_serialized` is never used
   --> crates/catalog/model/src/lib.rs:792:4
    |
792 | fn canonical_serialized(value: &impl Serialize) -> Vec<u8> {
    |    ^^^^^^^^^^^^^^^^^^^^
    |
    = note: `#[warn(dead_code)]` (part of `#[warn(unused)]`) on by default

warning: `wamn-catalog` (lib) generated 1 warning
warning: the item `Future` is imported redundantly
 --> crates/platform/runtime/src/connection_authority.rs:3:5
  |
3 | use std::future::Future;
  |     ^^^^^^^^^^^^^^^^^^^
  |
 --> /rustc/88d9e12ae178fab0fb5cc050a94da85685d449ea/library/std/src/prelude/mod.rs:166:12
  |
  = note: the item `Future` is already defined here
  |
  = note: requested on the command line with `-W redundant-imports`

warning: the item `Future` is imported redundantly
 --> crates/platform/runtime/src/plugins/wamn_postgres/pool.rs:7:5
  |
7 | use std::future::Future;
  |     ^^^^^^^^^^^^^^^^^^^
  |
 --> /rustc/88d9e12ae178fab0fb5cc050a94da85685d449ea/library/std/src/prelude/mod.rs:166:12
  |
  = note: the item `Future` is already defined here

warning: constant `HTTP_CONTRACT` is never used
  --> crates/platform/runtime/src/plugins/connection_http.rs:52:7
   |
52 | const HTTP_CONTRACT: &str = "wamn:connection/http@0.1.0";
   |       ^^^^^^^^^^^^^
   |
   = note: `#[warn(dead_code)]` (part of `#[warn(unused)]`) on by default

warning: type does not implement `std::fmt::Debug`; consider adding `#[derive(Debug)]` or a manual implementation
   --> crates/platform/runtime/src/plugins/connection_http.rs:114:1
    |
114 | / pub struct ConnectionHttp {
115 | |     postgres: Arc<WamnPostgres>,
116 | |     vault: Arc<WamnCredentials>,
117 | |     tenant: Box<str>,
...   |
133 | |     invocations: std::sync::RwLock<HashMap<String, ConnectionInvocation>>,
134 | | }
    | |_^
    |
    = note: requested on the command line with `-W missing-debug-implementations`

warning: type does not implement `std::fmt::Debug`; consider adding `#[derive(Debug)]` or a manual implementation
  --> crates/platform/runtime/src/plugins/wamn_credentials.rs:27:1
   |
27 | / pub struct WamnCredentials {
28 | |     /// Whether ANY backing source was configured. Distinguishes `unavailable`
29 | |     /// (no source — retryable) from `not-found` (source present, name absent —
30 | |     /// config-shaped).
...  |
33 | |     projects: HashMap<String, HashMap<String, String>>,
34 | | }
   | |_^

warning: type does not implement `std::fmt::Debug`; consider adding `#[derive(Debug)]` or a manual implementation
   --> crates/platform/runtime/src/plugins/wamn_jetstream.rs:544:1
    |
544 | / pub struct WamnJetstream {
545 | |     nats_url: Option<String>,
546 | |     /// Lazily-connected, memoized JetStream context. A `Mutex<Option<_>>` (not a
547 | |     /// `OnceCell`) so a transient connect failure is retried on the next call
...   |
569 | |     dlq_depth: Arc<DeadLetterDepth>,
570 | | }
    | |_^

warning: type does not implement `std::fmt::Debug`; consider adding `#[derive(Debug)]` or a manual implementation
    --> crates/platform/runtime/src/plugins/wamn_jetstream.rs:1209:1
     |
1209 | / pub struct JsConsumer {
1210 | |     consumer: Consumer<PullConfig>,
1211 | |     dead_letter: Option<DeadLetterIdentity>,
1212 | | }
     | |_^

warning: type does not implement `std::fmt::Debug`; consider adding `#[derive(Debug)]` or a manual implementation
    --> crates/platform/runtime/src/plugins/wamn_jetstream.rs:1216:1
     |
1216 | / pub struct JsMessage {
1217 | |     msg: async_nats::jetstream::Message,
1218 | |     dead_letter: Option<DeadLetterIdentity>,
1219 | | }
     | |_^

warning: type does not implement `std::fmt::Debug`; consider adding `#[derive(Debug)]` or a manual implementation
   --> crates/platform/runtime/src/plugins/wamn_logging.rs:213:1
    |
213 | / pub struct Capture {
214 | |     records: std::sync::Mutex<Vec<CapturedRec>>,
215 | | }
    | |_^

warning: type does not implement `std::fmt::Debug`; consider adding `#[derive(Debug)]` or a manual implementation
   --> crates/platform/runtime/src/plugins/wamn_logging.rs:235:1
    |
235 | / pub struct WamnLogging {
236 | |     /// component id → host-trusted {tenant, project}.
237 | |     claims: std::sync::RwLock<HashMap<String, Claim>>,
238 | |     /// Bounded front queue; `try_send` keeps `log()` non-blocking.
...   |
243 | |     _drain: tokio::task::JoinHandle<()>,
244 | | }
    | |_^

warning: type does not implement `std::fmt::Debug`; consider adding `#[derive(Debug)]` or a manual implementation
   --> crates/platform/runtime/src/plugins/wamn_postgres/claims.rs:55:1
    |
 55 | / pub struct WamnPostgres {
 56 | |     /// Resolves a project id → its database connection + policy.
 57 | |     provider: Arc<dyn CredentialProvider>,
 58 | |     /// Guest-visible project pools, built lazily and never shared with host-owned
...   |
121 | |     pub(super) bind_counters: super::BindCounters,
122 | | }
    | |_^

warning: type does not implement `std::fmt::Debug`; consider adding `#[derive(Debug)]` or a manual implementation
   --> crates/platform/runtime/src/plugins/wamn_postgres/pool.rs:339:1
    |
339 | / pub struct StaticCredentialProvider {
340 | |     projects: HashMap<String, ProjectConfig>,
341 | | }
    | |_^

warning: type does not implement `std::fmt::Debug`; consider adding `#[derive(Debug)]` or a manual implementation
   --> crates/platform/runtime/src/plugins/wamn_postgres/pool.rs:514:1
    |
514 | / pub struct K8sSecretProvider {
515 | |     pub namespace: String,
516 | | }
    | |_^

warning: type does not implement `std::fmt::Debug`; consider adding `#[derive(Debug)]` or a manual implementation
   --> crates/platform/runtime/src/plugins/wamn_postgres/resources.rs:99:1
    |
 99 | / pub struct PgTransaction {
100 | |     state: SharedTxnState,
101 | |     destroyed: Arc<AtomicU64>,
102 | |     cursor_seq: u32,
103 | |     /// Row limit of the project this transaction's connection belongs to.
104 | |     row_limit: u64,
105 | | }
    | |_^

warning: type does not implement `std::fmt::Debug`; consider adding `#[derive(Debug)]` or a manual implementation
   --> crates/platform/runtime/src/plugins/wamn_postgres/resources.rs:145:1
    |
145 | / pub struct PgCursor {
146 | |     state: SharedTxnState,
147 | |     destroyed: Arc<AtomicU64>,
148 | |     name: String,
149 | | }
    | |_^

warning: type does not implement `std::fmt::Debug`; consider adding `#[derive(Debug)]` or a manual implementation
   --> crates/platform/runtime/src/wiring_doorbell.rs:145:1
    |
145 | / pub struct WiringDoorbellListener {
146 | |     shutdown: tokio::sync::watch::Sender<bool>,
147 | |     task: tokio::task::JoinHandle<()>,
148 | | }
    | |_^

warning: `wamn-runtime` (lib) generated 16 warnings
warning: type does not implement `std::fmt::Debug`; consider adding `#[derive(Debug)]` or a manual implementation
   --> services/scenario-worker/src/authoring.rs:218:1
    |
218 | / pub struct InternalAuthoringBackend {
219 | |     authority: InternalDevAdmin,
220 | |     client: Client,
221 | |     connection_task: tokio::task::JoinHandle<()>,
222 | |     tenant_id: Box<str>,
223 | |     source_schema: BareSchemaName,
224 | | }
    | |_^
    |
    = note: requested on the command line with `-W missing-debug-implementations`

warning: type does not implement `std::fmt::Debug`; consider adding `#[derive(Debug)]` or a manual implementation
   --> services/scenario-worker/src/store/admission.rs:316:1
    |
316 | / pub struct AdmissionSurface {
317 | |     /// The explicit credential and exact server-side predicates are retained so
318 | |     /// every replacement physical connection is checked identically.
319 | |     probe: CredentialExactnessProbe,
...   |
322 | |     tenant_id: Box<str>,
323 | | }
    | |_^

warning: function `run_once_stages` is never used
   --> services/ctl/src/dev.rs:603:10
    |
603 | async fn run_once_stages<R>(
    |          ^^^^^^^^^^^^^^^
    |
    = note: `#[warn(dead_code)]` (part of `#[warn(unused)]`) on by default

warning: function `verify_source_package_with_client` is never used
    --> services/ctl/src/push_component.rs:1301:10
     |
1301 | async fn verify_source_package_with_client(
     |          ^^^^^^^^^^^^^^^^^^^^^^^^^^^^^^^^^

warning: `wamn-scenario-worker` (lib) generated 2 warnings
warning: `wamn-ctl` (lib) generated 2 warnings
warning: type does not implement `std::fmt::Debug`; consider adding `#[derive(Debug)]` or a manual implementation
  --> test-support/harness/src/ceiling.rs:72:1
   |
72 | / pub struct Ramp {
73 | |     tolerance: f64,
74 | |     max_levels: usize,
75 | |     levels: Vec<LevelStats>,
...  |
82 | |     retrying: bool,
83 | | }
   | |_^
   |
   = note: requested on the command line with `-W missing-debug-implementations`

warning: `wamn-gate-harness` (lib) generated 1 warning
warning: function `models` is never used
  --> tests/integration/src/measurement_schema.rs:25:8
   |
25 | pub fn models(schema: &str) -> Vec<ManagedModel> {
   |        ^^^^^^
   |
   = note: `#[warn(dead_code)]` (part of `#[warn(unused)]`) on by default

warning: type does not implement `std::fmt::Debug`; consider adding `#[derive(Debug)]` or a manual implementation
   --> tests/integration/src/trusted_http_route.rs:105:1
    |
105 | / pub struct TrustedHttpRoute {
106 | |     pub driver: Arc<RouterDriver>,
107 | |     /// The same welded release the driver authorizes. Callers that exercise a
108 | |     /// release-owned ingress plugin must share this exact weld rather than mint
...   |
116 | |     pub wiring_hash: String,
117 | | }
    | |_^
    |
    = note: requested on the command line with `-W missing-debug-implementations`

warning: `wamn-proof-integration` (lib test) generated 2 warnings
    Finished `test` profile [unoptimized + debuginfo] target(s) in 1.01s
     Running unittests src/lib.rs (target/debug/deps/wamn_proof_integration-637dd5eb76515764)

running 1 test
test wms_runtime_live::the_remaining_operations_serve_their_released_routes ... 
WMS_OPERATIONS_PASS split_pallet_id=81f99662-eb4d-4d7e-b62c-9db56a859cdf
ok

test result: ok. 1 passed; 0 failed; 0 ignored; 0 measured; 66 filtered out; finished in 0.89s

amend_journey_document: /tmp/tmp.BW9y1YyhMB/journey.json already carries runtime
