{
  "summary": {
    "successRate": 1.0,
    "total": 10.001023275,
    "slowest": 0.014955595,
    "fastest": 0.000314158,
    "average": 0.0006379985499477672,
    "requestsPerSec": 6221.263393670084,
    "totalData": 2239740,
    "sizePerRequest": 36,
    "sizePerSec": 223951.08364548828
  },
  "metrics": {
    "success_rate": 1.0,
    "requests_per_sec": 6221.263393670084,
    "latency_ms": {
      "min": 0.314,
      "mean": 0.638,
      "p50": 0.548,
      "p95": 1.122,
      "p99": 1.906,
      "max": 14.956
    }
  },
  "responseTimeHistogram": {
    "0.000314158": 1,
    "0.0017783017": 61434,
    "0.0032424454": 636,
    "0.0047065891": 114,
    "0.0061707328": 20,
    "0.0076348765": 5,
    "0.0090990202": 3,
    "0.0105631639": 1,
    "0.0120273076": 0,
    "0.0134914513": 0,
    "0.014955595": 1
  },
  "latencyPercentiles": {
    "p10": 0.000455683,
    "p25": 0.000493348,
    "p50": 0.000548119,
    "p75": 0.000660789,
    "p90": 0.000893705,
    "p95": 0.001122283,
    "p99": 0.001905769,
    "p99.9": 0.004002768,
    "p99.99": 0.007214142
  },
  "firstByteHistogram": {
    "0.000310379": 1,
    "0.0017742347": 61440,
    "0.0032380904": 630,
    "0.004701946100000001": 114,
    "0.0061658018000000005": 20,
    "0.0076296575": 5,
    "0.0090935132": 3,
    "0.0105573689": 1,
    "0.0120212246": 0,
    "0.0134850803": 0,
    "0.014948936": 1
  },
  "firstBytePercentiles": {
    "p10": 0.000450564,
    "p25": 0.000488046,
    "p50": 0.000542455,
    "p75": 0.000654501,
    "p90": 0.000885918,
    "p95": 0.001113938,
    "p99": 0.001892826,
    "p99.9": 0.003992478,
    "p99.99": 0.007202441
  },
  "rps": {
    "mean": 6218.196470291272,
    "stddev": 1181.6502816325303,
    "max": 8372.887568967712,
    "min": 1197.5097458241978,
    "percentiles": {
      "p10": 4560.615293339425,
      "p25": 5619.5887625083615,
      "p50": 6515.685341673008,
      "p75": 7039.506234323321,
      "p90": 7429.502166361624,
      "p95": 7666.2252283815205,
      "p99": 7945.8493462833985,
      "p99.9": 8170.475418245645,
      "p99.99": 8372.887568967712
    }
  },
  "details": {
    "DNSDialup": {
      "average": 0.00053610575,
      "fastest": 0.000377683,
      "slowest": 0.000608859
    },
    "DNSLookup": {
      "average": 0.0000908865,
      "fastest": 0.000067223,
      "slowest": 0.000130458
    },
    "firstByte": {
      "average": 0.0006320250058667586,
      "fastest": 0.000310379,
      "slowest": 0.014948936
    }
  },
  "statusCodeDistribution": {
    "404": 62215
  },
  "errorDistribution": {
    "aborted due to deadline": 4
  }
}