{
  "summary": {
    "successRate": 1.0,
    "total": 10.002096789,
    "slowest": 0.025079793,
    "fastest": 0.002378169,
    "average": 0.005948591246069032,
    "requestsPerSec": 1342.4185231607241,
    "totalData": 3864672,
    "sizePerRequest": 288,
    "sizePerSec": 386386.18297017965
  },
  "metrics": {
    "success_rate": 1.0,
    "requests_per_sec": 1342.4185231607241,
    "latency_ms": {
      "min": 2.378,
      "mean": 5.949,
      "p50": 5.636,
      "p95": 8.962,
      "p99": 11.383,
      "max": 25.08
    }
  },
  "responseTimeHistogram": {
    "0.002378169": 1,
    "0.0046483314000000005": 2739,
    "0.0069184938": 7778,
    "0.0091886562": 2337,
    "0.0114588186": 437,
    "0.013728981000000001": 93,
    "0.015999143400000002": 23,
    "0.0182693058": 7,
    "0.0205394682": 2,
    "0.022809630600000002": 1,
    "0.025079793000000003": 1
  },
  "latencyPercentiles": {
    "p10": 0.004243394,
    "p25": 0.004808391,
    "p50": 0.005635911,
    "p75": 0.006726984,
    "p90": 0.008029393,
    "p95": 0.008961503,
    "p99": 0.01138348,
    "p99.9": 0.01531184,
    "p99.99": 0.021651581
  },
  "firstByteHistogram": {
    "0.002364222": 1,
    "0.0046351163": 2730,
    "0.006906010600000001": 7793,
    "0.009176904900000001": 2333,
    "0.0114477992": 436,
    "0.0137186935": 92,
    "0.015989587800000003": 23,
    "0.018260482100000003": 7,
    "0.020531376400000002": 2,
    "0.022802270700000002": 1,
    "0.025073165": 1
  },
  "firstBytePercentiles": {
    "p10": 0.004234182,
    "p25": 0.004797906,
    "p50": 0.005624547,
    "p75": 0.00671288,
    "p90": 0.008016313,
    "p95": 0.008943163,
    "p99": 0.011368215,
    "p99.9": 0.015304915,
    "p99.99": 0.021642958
  },
  "rps": {
    "mean": 1341.9444976469204,
    "stddev": 266.68445993320444,
    "max": 2135.822278228235,
    "min": 401.41079839196954,
    "percentiles": {
      "p10": 1001.1534288653519,
      "p25": 1163.0392881015466,
      "p50": 1354.3287628905036,
      "p75": 1529.3656781065426,
      "p90": 1684.4413834401255,
      "p95": 1751.7967767351493,
      "p99": 1914.5621030451712,
      "p99.9": 2026.2578704921914,
      "p99.99": 2135.822278228235
    }
  },
  "details": {
    "DNSDialup": {
      "average": 0.0004693635,
      "fastest": 0.000280708,
      "slowest": 0.000652875
    },
    "DNSLookup": {
      "average": 0.00005499775,
      "fastest": 0.000026766,
      "slowest": 0.000099658
    },
    "firstByte": {
      "average": 0.005936042876145758,
      "fastest": 0.002364222,
      "slowest": 0.025073165
    }
  },
  "statusCodeDistribution": {
    "200": 13419
  },
  "errorDistribution": {
    "aborted due to deadline": 8
  }
}