2026-09-10T23:08:54Z env CARGO_TARGET_DIR=/home/kaalin/.cache/wamn-lanes/ctc8-16-http-reuse-20260910/target RUSTC_WRAPPER= /home/kaalin/.cache/wamn-lanes/ctc8-16-http-reuse-20260910/tools/build-components m1 
2026-09-10T23:12:19Z env CARGO_TARGET_DIR=/home/kaalin/.cache/wamn-lanes/ctc8-16-http-reuse-20260910/target RUSTC_WRAPPER= cargo build --locked -p wamn-ctl -p wamn-identity -p wamn-cdc-reader -p wamn-scenario-worker -p wamn-executor 
2026-09-10T23:13:57Z docker build --platform=linux/amd64 --provenance=false --file /home/kaalin/.cache/wamn-lanes/ctc8-16-http-reuse-20260910/Dockerfile --target host --tag wamn-host:receiving-bbcdbecd3160-2658725-release --label wamn.dev/source-head=bbcdbecd3160377f7d8d5f0ebe2186754e198afe --label wamn.dev/build-profile=release /home/kaalin/.cache/wamn-lanes/ctc8-16-http-reuse-20260910 
2026-09-10T23:22:10Z docker build --platform=linux/amd64 --provenance=false --file /home/kaalin/.cache/wamn-lanes/ctc8-16-http-reuse-20260910/Dockerfile --target gates --tag wamn-gates:receiving-bbcdbecd3160-2658725-release --label wamn.dev/source-head=bbcdbecd3160377f7d8d5f0ebe2186754e198afe --label wamn.dev/build-profile=release /home/kaalin/.cache/wamn-lanes/ctc8-16-http-reuse-20260910 
2026-09-10T23:39:52Z kind create cluster --name wamn-receiving-journey --config /tmp/tmp.klYsxUkhsU/kind-config.yaml --kubeconfig /tmp/tmp.klYsxUkhsU/kubeconfig 
2026-09-10T23:40:18Z kubectl --kubeconfig /tmp/tmp.klYsxUkhsU/kubeconfig --context kind-wamn-receiving-journey wait --for=condition=Ready nodes --all --timeout=180s 
2026-09-10T23:40:32Z kubectl --kubeconfig /tmp/tmp.klYsxUkhsU/kubeconfig --context kind-wamn-receiving-journey create namespace wamn-receiving-journey 
2026-09-10T23:40:32Z kind load docker-image wamn-host:receiving-bbcdbecd3160-2658725-release --name wamn-receiving-journey 
2026-09-10T23:40:41Z kind load docker-image wamn-gates:receiving-bbcdbecd3160-2658725-release --name wamn-receiving-journey 
2026-09-10T23:40:55Z htpasswd \<credential-bearing\ arguments\ redacted\> 
2026-09-10T23:40:57Z postgres \<credential-bearing\ arguments\ redacted\> 
2026-09-10T23:40:58Z docker run --detach --name wamn-receiving-registry-bbcdbecd3160-2658725 --network kind --env REGISTRY_AUTH=htpasswd --env REGISTRY_AUTH_HTPASSWD_REALM=WAMN\ Receiving\ cluster\ journey --env REGISTRY_AUTH_HTPASSWD_PATH=/auth/htpasswd --volume /tmp/tmp.klYsxUkhsU/htpasswd:/auth/htpasswd:ro registry:2 
2026-09-10T23:40:58Z docker run --detach --name wamn-receiving-nats-bbcdbecd3160-2658725 --network kind nats:2.10-alpine --jetstream --store_dir /data --http_port 8222 
2026-09-10T23:41:02Z psql \<owned\ PostgreSQL\ administrator\> CREATE\ DATABASE\ wamn_system 
2026-09-10T23:41:02Z cargo test production_two_package_release_serves_all_thirteen_pat_routes \<journey\ document\ with\ disposable\ PostgreSQL\ and\ OCI\ inputs\ redacted\> 
2026-09-10T23:41:42Z kubectl --kubeconfig /tmp/tmp.klYsxUkhsU/kubeconfig --context kind-wamn-receiving-journey apply -f /tmp/tmp.klYsxUkhsU/route-caller-pat-kube.json 
2026-09-10T23:41:45Z env DOCKER_CONFIG=\<private-registry-directory\> /home/kaalin/.cache/wamn-lanes/ctc8-16-http-reuse-20260910/.tools/wash/2.9.0/wash -o json oci push --insecure 172.28.0.9:5000/wamn/flow-http:receiving-bbcdbecd3160-2658725-release /home/kaalin/.cache/wamn-lanes/ctc8-16-http-reuse-20260910/target/wasm32-wasip2/release/http_route.wasm 
2026-09-10T23:41:45Z env DOCKER_CONFIG=\<private-registry-directory\> /home/kaalin/.cache/wamn-lanes/ctc8-16-http-reuse-20260910/.tools/wash/2.9.0/wash -o json oci push --insecure 172.28.0.9:5000/wamn/materializer:receiving-bbcdbecd3160-2658725-release /home/kaalin/.cache/wamn-lanes/ctc8-16-http-reuse-20260910/target/wasm32-wasip2/release/materializer.wasm 
2026-09-10T23:41:46Z print-release-env \<credential-bearing\ arguments\ redacted\> 
2026-09-10T23:41:46Z kubectl --kubeconfig /tmp/tmp.klYsxUkhsU/kubeconfig --context kind-wamn-receiving-journey apply -f /tmp/tmp.klYsxUkhsU/host-secrets/guest-sql.json 
2026-09-10T23:41:46Z kubectl --kubeconfig /tmp/tmp.klYsxUkhsU/kubeconfig --context kind-wamn-receiving-journey apply -f /tmp/tmp.klYsxUkhsU/host-secrets/executor-platform.json 
2026-09-10T23:41:46Z kubectl --kubeconfig /tmp/tmp.klYsxUkhsU/kubeconfig --context kind-wamn-receiving-journey apply -f /tmp/tmp.klYsxUkhsU/host-secrets/identity-reader.json 
2026-09-10T23:41:46Z kubectl --kubeconfig /tmp/tmp.klYsxUkhsU/kubeconfig --context kind-wamn-receiving-journey apply -f /tmp/tmp.klYsxUkhsU/host-secrets/http-admitter.json 
2026-09-10T23:41:46Z kubectl --kubeconfig /tmp/tmp.klYsxUkhsU/kubeconfig --context kind-wamn-receiving-journey apply -f /tmp/tmp.klYsxUkhsU/host-secrets/event-materializer.json 
2026-09-10T23:41:47Z kubectl --kubeconfig /tmp/tmp.klYsxUkhsU/kubeconfig --context kind-wamn-receiving-journey -n wamn-receiving-journey create secret generic wamn-registry-pull --type=kubernetes.io/dockerconfigjson --from-file=.dockerconfigjson=\<redacted\> --dry-run=client -o yaml 
2026-09-10T23:41:47Z kubectl --kubeconfig /tmp/tmp.klYsxUkhsU/kubeconfig --context kind-wamn-receiving-journey apply -f /tmp/tmp.klYsxUkhsU/registry-pull.yaml 
2026-09-10T23:41:47Z kubectl --kubeconfig /tmp/tmp.klYsxUkhsU/kubeconfig --context kind-wamn-receiving-journey apply -f /home/kaalin/.cache/wamn-lanes/ctc8-16-http-reuse-20260910/deploy/infra/cert-manager.yaml 
2026-09-10T23:41:48Z kubectl --kubeconfig /tmp/tmp.klYsxUkhsU/kubeconfig --context kind-wamn-receiving-journey -n cert-manager wait --for=condition=Available deployment --all --timeout=240s 
2026-09-10T23:42:00Z helm upgrade --install --create-namespace --kubeconfig /tmp/tmp.klYsxUkhsU/kubeconfig --kube-context kind-wamn-receiving-journey --namespace wamn-system wamn oci://ghcr.io/wasmcloud/charts/runtime-operator --version 2.9.0 -f /home/kaalin/.cache/wamn-lanes/ctc8-16-http-reuse-20260910/deploy/infra/values-wamn.yaml -f /tmp/tmp.klYsxUkhsU/operator-values.yaml --wait --timeout 5m 
2026-09-10T23:42:42Z kubectl --kubeconfig /tmp/tmp.klYsxUkhsU/kubeconfig --context kind-wamn-receiving-journey -n wamn-system get deployment runtime-operator -o json 
2026-09-10T23:42:42Z kubectl --kubeconfig /tmp/tmp.klYsxUkhsU/kubeconfig --context kind-wamn-receiving-journey apply -f /tmp/tmp.klYsxUkhsU/runtime-operator-events-rbac.yaml 
2026-09-10T23:42:43Z kubectl --kubeconfig /tmp/tmp.klYsxUkhsU/kubeconfig --context kind-wamn-receiving-journey -n wamn-receiving-journey get role wamn-runtime-operator-events -o json 
2026-09-10T23:42:43Z kubectl --kubeconfig /tmp/tmp.klYsxUkhsU/kubeconfig --context kind-wamn-receiving-journey -n wamn-receiving-journey get rolebinding wamn-runtime-operator-events -o json 
2026-09-10T23:42:43Z kubectl --kubeconfig /tmp/tmp.klYsxUkhsU/kubeconfig --context kind-wamn-receiving-journey apply -f /home/kaalin/.cache/wamn-lanes/ctc8-16-http-reuse-20260910/deploy/infra/tempo.yaml 
2026-09-10T23:42:43Z kubectl --kubeconfig /tmp/tmp.klYsxUkhsU/kubeconfig --context kind-wamn-receiving-journey apply -f /home/kaalin/.cache/wamn-lanes/ctc8-16-http-reuse-20260910/deploy/infra/otel-collector.yaml 
2026-09-10T23:42:43Z kubectl --kubeconfig /tmp/tmp.klYsxUkhsU/kubeconfig --context kind-wamn-receiving-journey -n wamn-system wait --for=condition=Available deployment/tempo deployment/otel-collector --timeout=120s 
2026-09-10T23:42:49Z kubectl --kubeconfig /tmp/tmp.klYsxUkhsU/kubeconfig --context kind-wamn-receiving-journey apply -f /tmp/tmp.klYsxUkhsU/wasmcloud-ca-copy.json 
2026-09-10T23:42:49Z kubectl --kubeconfig /tmp/tmp.klYsxUkhsU/kubeconfig --context kind-wamn-receiving-journey apply -f /home/kaalin/.cache/wamn-lanes/ctc8-16-http-reuse-20260910/deploy/infra/wasmcloud-ca-issuer.yaml 
2026-09-10T23:42:49Z kubectl --kubeconfig /tmp/tmp.klYsxUkhsU/kubeconfig --context kind-wamn-receiving-journey wait --for=condition=Ready clusterissuer/wasmcloud-ca --timeout=60s 
2026-09-10T23:42:49Z kubectl --kubeconfig /tmp/tmp.klYsxUkhsU/kubeconfig --context kind-wamn-receiving-journey apply -f /tmp/tmp.klYsxUkhsU/host-environment-certs.yaml 
2026-09-10T23:42:49Z kubectl --kubeconfig /tmp/tmp.klYsxUkhsU/kubeconfig --context kind-wamn-receiving-journey -n wamn-receiving-journey wait --for=condition=Ready certificate/wasmcloud-runtime-tls certificate/wasmcloud-data-tls --timeout=120s 
2026-09-10T23:42:50Z helm upgrade --install --kubeconfig /tmp/tmp.klYsxUkhsU/kubeconfig --kube-context kind-wamn-receiving-journey --namespace wamn-receiving-journey wamn-host oci://ghcr.io/wasmcloud/charts/runtime-operator --version 2.9.0 -f /tmp/tmp.klYsxUkhsU/host-base.yaml -f /tmp/tmp.klYsxUkhsU/host-overlay.yaml --wait --timeout 5m 
2026-09-10T23:42:57Z kubectl --kubeconfig /tmp/tmp.klYsxUkhsU/kubeconfig --context kind-wamn-receiving-journey -n wamn-receiving-journey rollout status deployment/hostgroup-default --timeout=240s 
2026-09-10T23:42:57Z kubectl --kubeconfig /tmp/tmp.klYsxUkhsU/kubeconfig --context kind-wamn-receiving-journey apply -f /tmp/tmp.klYsxUkhsU/flow-http.yaml 
2026-09-10T23:42:57Z kubectl --kubeconfig /tmp/tmp.klYsxUkhsU/kubeconfig --context kind-wamn-receiving-journey -n wamn-receiving-journey wait --for=condition=Ready workloaddeployment/flow-http --timeout=240s 
2026-09-10T23:42:58Z kubectl --kubeconfig /tmp/tmp.klYsxUkhsU/kubeconfig --context kind-wamn-receiving-journey create -f /tmp/tmp.klYsxUkhsU/membershipproof-secret.json 
2026-09-10T23:42:58Z /usr/local/bin/wamn-gates membershipproof --endpoint-url http://flow-http.wamn-receiving-journey.svc.cluster.local --host receiving.localhost --org acme --project receiving --env dev --tenant receiving-route-auth \<admin\ URLs\ supplied\ by\ ephemeral\ Secret\;\ ctl=/usr/local/bin/wamn-ctl\> 
2026-09-10T23:42:58Z kubectl --kubeconfig /tmp/tmp.klYsxUkhsU/kubeconfig --context kind-wamn-receiving-journey apply -f /tmp/tmp.klYsxUkhsU/membershipproof-job.yaml 
2026-09-10T23:42:58Z kubectl --kubeconfig /tmp/tmp.klYsxUkhsU/kubeconfig --context kind-wamn-receiving-journey -n wamn-receiving-journey wait --for=condition=Complete job/membershipproof --timeout=720s 
2026-09-10T23:43:02Z kubectl --kubeconfig /tmp/tmp.klYsxUkhsU/kubeconfig --context kind-wamn-receiving-journey -n wamn-receiving-journey delete secret membershipproof-fixture 
2026-09-10T23:43:02Z kind delete cluster --name wamn-receiving-journey --kubeconfig /tmp/tmp.klYsxUkhsU/kubeconfig 
2026-09-10T23:43:03Z docker rm --force --volumes wamn-receiving-pg18-bbcdbecd3160-2658725 
2026-09-10T23:43:03Z docker rm --force --volumes wamn-receiving-registry-bbcdbecd3160-2658725 
2026-09-10T23:43:03Z docker rm --force --volumes wamn-receiving-nats-bbcdbecd3160-2658725 
2026-09-10T23:43:04Z docker image rm wamn-gates:receiving-bbcdbecd3160-2658725-release 
2026-09-10T23:43:04Z docker image rm wamn-host:receiving-bbcdbecd3160-2658725-release 
2026-09-10T23:43:04Z rm -rf -- /tmp/tmp.klYsxUkhsU 
