2026-09-04T14:02:35.571734Z  INFO connected to NATS
2026-09-04T14:02:35.754074Z  INFO wiring activation doorbell listening; dropped every cached pointer channel="wamn_wiring_activation" dropped=0
2026-09-04T14:02:38.954517Z  INFO release component pull completed component_digest=sha256:498894030af16b22edaf7f0b2104b90673efdc0e32d2a85459368fa308ad8296 component_bytes=20634368 elapsed_ms=2918
2026-09-04T14:02:38.962021Z  INFO release component pull completed component_digest=sha256:9b101fefec3b115f6ed15f4812a70e7cf37255e0d24222ae18e676bc07dc7e8e component_bytes=10019001 elapsed_ms=2925
2026-09-04T14:03:19.283696Z  INFO release component compilation completed component_digest=sha256:9b101fefec3b115f6ed15f4812a70e7cf37255e0d24222ae18e676bc07dc7e8e compile_ms=40320 compile_wall_ms=40321
2026-09-04T14:03:34.038213Z  INFO release component compilation completed component_digest=sha256:498894030af16b22edaf7f0b2104b90673efdc0e32d2a85459368fa308ad8296 compile_ms=55082 compile_wall_ms=55083
2026-09-04T14:03:34.040069Z  WARN wamn.component.linker_setup: component imports wamn:postgres but sets no wamn.tenant; calls will be refused component="37193eb4-7642-485f-a82b-67661b9ebceb"
2026-09-04T14:03:34.043026Z  INFO release component instantiation completed component_digest=sha256:498894030af16b22edaf7f0b2104b90673efdc0e32d2a85459368fa308ad8296 elapsed_ms=4 total_elapsed_ms=58006
2026-09-04T14:03:34.044786Z  WARN wamn.component.linker_setup: component imports wamn:postgres but sets no wamn.tenant; calls will be refused component="b89808b8-3843-473b-b47e-878aabea790a"
2026-09-04T14:03:34.047142Z  INFO release component instantiation completed component_digest=sha256:9b101fefec3b115f6ed15f4812a70e7cf37255e0d24222ae18e676bc07dc7e8e elapsed_ms=3 total_elapsed_ms=58010
2026-09-04T14:03:34.047275Z  INFO synchronous release preload completed synchronous_wirings=13 component_digests=2 elapsed_ms=58369
2026-09-04T14:03:34.047473Z  INFO release preload completed; component cache warm
2026-09-04T14:03:34.075801Z  INFO wamn-host starting (base plugins: wasi:config, wamn:logging, wasi:otel, wamn:postgres, wamn:jetstream, wamn:flow-http-routing) router_delivery=true
2026-09-04T14:03:34.075865Z  INFO wamn-host welded to its release effective_release_id=1 manifest_digest=sha256:5e00597991b9041523659c8b8ca238dfb7cf501afc24e8bb4633762ac64c1d22
2026-09-04T14:03:34.075924Z  INFO HTTP server listening addr=0.0.0.0:80 protocol="HTTP"
2026-09-04T14:03:34.075999Z  INFO Starting WASI OTel plugin endpoint=http://otel-collector.wamn-system.svc.cluster.local:4317 protocol="grpc"
2026-09-04T14:03:34.076875Z  INFO WASI OTel plugin started
2026-09-04T14:03:34.076950Z  INFO Host started host_id="59b076b0-2398-4c43-9499-36809f293e6c" friendly_name="first-end-0759" host_name="10.244.1.6" labels={"hostgroup": "default"} version="2.8.0"
2026-09-04T14:03:34.077338Z  INFO Host provides interfaces count=10 interfaces=["wasi:cli/terminal-input,exit,stderr,environment,terminal-stdin,terminal-stdout,stdin,terminal-stderr,terminal-output,stdout@0.2.0", "wasi:clocks/monotonic-clock,wall-time@0.2.0", "wasi:clocks/monotonic-clock,wall-clock@0.2.0", "wasi:filesystem/preopens,types@0.2.0", "wasi:http/incoming-handler,types,outgoing-handler@0.2.0", "wasi:http/types,handler@0.3.0", "wasi:io/error,poll,streams@0.2.0", "wasi:random/random@0.2.0", "wasi:random/insecure-seed,insecure,random@0.2.0", "wasi:sockets/instance-network,tcp,udp-create-socket,network,udp,tcp-create-socket,ip-name-lookup@0.2.0"]
2026-09-04T14:03:34.077407Z  INFO wamn-host runtime startup completed elapsed_ms=58873
2026-09-04T14:04:13.740746Z  INFO workload_start{workload_id=11b6d1e3-0358-4cc9-9bda-4011c08c7ed9 workload.name="receiving-materializer-595b875768-8767c55b6" workload.namespace="wamn-receiving-journey"}: Starting workload workload_id="11b6d1e3-0358-4cc9-9bda-4011c08c7ed9" namespace="wamn-receiving-journey" name="receiving-materializer-595b875768-8767c55b6"
wamn::materializer up: stream=EVT_acme_dev filter=evt.acme.receiving.dev.*.* tenant=receiving-route-auth batch=64 fetch_ms=500 max_deliver=5 max_sweeps=0
2026-09-04T14:04:35.079889Z  WARN wamn.component.invoke{wamn.tenant=receiving-route-auth wamn.project=receiving wamn.environment=dev wamn.wiring_id=quality_create_inspection wamn.wiring_version=1 wamn.component_digest=sha256:9b101fefec3b115f6ed15f4812a70e7cf37255e0d24222ae18e676bc07dc7e8e wamn.node_id=operation wamn.operation=client-acme-receiving:quality/create-inspection@3.0.0}:wamn.component.linker_setup: component imports wamn:postgres but sets no wamn.tenant; calls will be refused component="32faef04-d114-40ac-881e-59976159d9f3"
2026-09-04T14:02:35.631173Z  INFO connected to NATS
2026-09-04T14:02:35.883588Z  INFO wiring activation doorbell listening; dropped every cached pointer channel="wamn_wiring_activation" dropped=0
2026-09-04T14:02:38.088079Z  INFO release component pull completed component_digest=sha256:498894030af16b22edaf7f0b2104b90673efdc0e32d2a85459368fa308ad8296 component_bytes=20634368 elapsed_ms=1901
2026-09-04T14:02:38.949794Z  INFO release component pull completed component_digest=sha256:9b101fefec3b115f6ed15f4812a70e7cf37255e0d24222ae18e676bc07dc7e8e component_bytes=10019001 elapsed_ms=2762
2026-09-04T14:03:19.696138Z  INFO release component compilation completed component_digest=sha256:9b101fefec3b115f6ed15f4812a70e7cf37255e0d24222ae18e676bc07dc7e8e compile_ms=40744 compile_wall_ms=40746
2026-09-04T14:03:33.370414Z  INFO release component compilation completed component_digest=sha256:498894030af16b22edaf7f0b2104b90673efdc0e32d2a85459368fa308ad8296 compile_ms=55280 compile_wall_ms=55282
2026-09-04T14:03:33.372467Z  WARN wamn.component.linker_setup: component imports wamn:postgres but sets no wamn.tenant; calls will be refused component="19b09897-a561-4ae7-a6d4-251d0e3231d9"
2026-09-04T14:03:33.375876Z  INFO release component instantiation completed component_digest=sha256:498894030af16b22edaf7f0b2104b90673efdc0e32d2a85459368fa308ad8296 elapsed_ms=5 total_elapsed_ms=57189
2026-09-04T14:03:33.377998Z  WARN wamn.component.linker_setup: component imports wamn:postgres but sets no wamn.tenant; calls will be refused component="0db24f95-5489-47f0-a63e-18d812a8c1e1"
2026-09-04T14:03:33.381320Z  INFO release component instantiation completed component_digest=sha256:9b101fefec3b115f6ed15f4812a70e7cf37255e0d24222ae18e676bc07dc7e8e elapsed_ms=5 total_elapsed_ms=57193
2026-09-04T14:03:33.381493Z  INFO synchronous release preload completed synchronous_wirings=13 component_digests=2 elapsed_ms=57563
2026-09-04T14:03:33.381744Z  INFO release preload completed; component cache warm
2026-09-04T14:03:33.412412Z  INFO wamn-host starting (base plugins: wasi:config, wamn:logging, wasi:otel, wamn:postgres, wamn:jetstream, wamn:flow-http-routing) router_delivery=true
2026-09-04T14:03:33.412481Z  INFO wamn-host welded to its release effective_release_id=1 manifest_digest=sha256:5e00597991b9041523659c8b8ca238dfb7cf501afc24e8bb4633762ac64c1d22
2026-09-04T14:03:33.412558Z  INFO HTTP server listening addr=0.0.0.0:80 protocol="HTTP"
2026-09-04T14:03:33.412648Z  INFO Starting WASI OTel plugin endpoint=http://otel-collector.wamn-system.svc.cluster.local:4317 protocol="grpc"
2026-09-04T14:03:33.413619Z  INFO WASI OTel plugin started
2026-09-04T14:03:33.413705Z  INFO Host started host_id="fb87b737-640c-471e-bb11-2aa110f82c3b" friendly_name="periodic-jail-0497" host_name="10.244.2.6" labels={"hostgroup": "default"} version="2.8.0"
2026-09-04T14:03:33.414162Z  INFO Host provides interfaces count=10 interfaces=["wasi:cli/exit,environment,terminal-output,stderr,terminal-input,stdin,terminal-stdin,terminal-stderr,stdout,terminal-stdout@0.2.0", "wasi:clocks/monotonic-clock,wall-clock@0.2.0", "wasi:clocks/wall-time,monotonic-clock@0.2.0", "wasi:filesystem/preopens,types@0.2.0", "wasi:http/types,handler@0.3.0", "wasi:http/incoming-handler,outgoing-handler,types@0.2.0", "wasi:io/streams,poll,error@0.2.0", "wasi:random/random,insecure-seed,insecure@0.2.0", "wasi:random/random@0.2.0", "wasi:sockets/tcp,udp,network,instance-network,tcp-create-socket,udp-create-socket,ip-name-lookup@0.2.0"]
2026-09-04T14:03:33.414245Z  INFO wamn-host runtime startup completed elapsed_ms=58241
2026-09-04T14:03:52.614457Z  INFO workload_start{workload_id=e5009cad-03ad-4ecb-af5a-77c193ca8e42 workload.name="receiving-materializer-74c98567cd-6cfc6c58d4" workload.namespace="wamn-receiving-journey"}: Starting workload workload_id="e5009cad-03ad-4ecb-af5a-77c193ca8e42" namespace="wamn-receiving-journey" name="receiving-materializer-74c98567cd-6cfc6c58d4"
wamn::materializer up: stream=EVT_acme_dev filter=evt.acme.receiving.dev.*.* tenant=receiving-route-auth batch=64 fetch_ms=500 max_deliver=5 max_sweeps=0
2026-09-04T14:04:12.671206Z  INFO workload_stop{workload_id=e5009cad-03ad-4ecb-af5a-77c193ca8e42}: Stopping workload workload_id="e5009cad-03ad-4ecb-af5a-77c193ca8e42"
2026-09-04T14:02:35.689724Z  INFO connected to NATS
2026-09-04T14:02:35.943362Z  INFO wiring activation doorbell listening; dropped every cached pointer channel="wamn_wiring_activation" dropped=0
2026-09-04T14:02:39.065468Z  INFO release component pull completed component_digest=sha256:498894030af16b22edaf7f0b2104b90673efdc0e32d2a85459368fa308ad8296 component_bytes=20634368 elapsed_ms=2909
2026-09-04T14:02:39.082538Z  INFO release component pull completed component_digest=sha256:9b101fefec3b115f6ed15f4812a70e7cf37255e0d24222ae18e676bc07dc7e8e component_bytes=10019001 elapsed_ms=2925
2026-09-04T14:03:18.997325Z  INFO release component compilation completed component_digest=sha256:9b101fefec3b115f6ed15f4812a70e7cf37255e0d24222ae18e676bc07dc7e8e compile_ms=39912 compile_wall_ms=39914
2026-09-04T14:03:33.740458Z  INFO release component compilation completed component_digest=sha256:498894030af16b22edaf7f0b2104b90673efdc0e32d2a85459368fa308ad8296 compile_ms=54673 compile_wall_ms=54674
2026-09-04T14:03:33.742455Z  WARN wamn.component.linker_setup: component imports wamn:postgres but sets no wamn.tenant; calls will be refused component="97c33bf7-8c22-4066-b91e-50fdb951fb2c"
2026-09-04T14:03:33.745948Z  INFO release component instantiation completed component_digest=sha256:498894030af16b22edaf7f0b2104b90673efdc0e32d2a85459368fa308ad8296 elapsed_ms=5 total_elapsed_ms=57590
2026-09-04T14:03:33.747884Z  WARN wamn.component.linker_setup: component imports wamn:postgres but sets no wamn.tenant; calls will be refused component="c608c96a-faa8-466f-aa05-31078f27caf2"
2026-09-04T14:03:33.750908Z  INFO release component instantiation completed component_digest=sha256:9b101fefec3b115f6ed15f4812a70e7cf37255e0d24222ae18e676bc07dc7e8e elapsed_ms=4 total_elapsed_ms=57594
2026-09-04T14:03:33.751052Z  INFO synchronous release preload completed synchronous_wirings=13 component_digests=2 elapsed_ms=57891
2026-09-04T14:03:33.751325Z  INFO release preload completed; component cache warm
2026-09-04T14:03:33.783492Z  INFO wamn-host starting (base plugins: wasi:config, wamn:logging, wasi:otel, wamn:postgres, wamn:jetstream, wamn:flow-http-routing) router_delivery=true
2026-09-04T14:03:33.783627Z  INFO wamn-host welded to its release effective_release_id=1 manifest_digest=sha256:5e00597991b9041523659c8b8ca238dfb7cf501afc24e8bb4633762ac64c1d22
2026-09-04T14:03:33.783726Z  INFO HTTP server listening addr=0.0.0.0:80 protocol="HTTP"
2026-09-04T14:03:33.783876Z  INFO Starting WASI OTel plugin endpoint=http://otel-collector.wamn-system.svc.cluster.local:4317 protocol="grpc"
2026-09-04T14:03:33.785103Z  INFO WASI OTel plugin started
2026-09-04T14:03:33.785208Z  INFO Host started host_id="b68ed388-3963-4d24-819e-c58031236b41" friendly_name="verdant-crayon-5073" host_name="10.244.1.5" labels={"hostgroup": "default"} version="2.8.0"
2026-09-04T14:03:33.785933Z  INFO Host provides interfaces count=10 interfaces=["wasi:cli/terminal-output,terminal-stderr,terminal-stdout,terminal-stdin,stdout,stdin,stderr,environment,exit,terminal-input@0.2.0", "wasi:clocks/monotonic-clock,wall-clock@0.2.0", "wasi:clocks/monotonic-clock,wall-time@0.2.0", "wasi:filesystem/preopens,types@0.2.0", "wasi:http/incoming-handler,types,outgoing-handler@0.2.0", "wasi:http/types,handler@0.3.0", "wasi:io/streams,error,poll@0.2.0", "wasi:random/insecure,random,insecure-seed@0.2.0", "wasi:random/random@0.2.0", "wasi:sockets/ip-name-lookup,instance-network,network,tcp,udp-create-socket,udp,tcp-create-socket@0.2.0"]
2026-09-04T14:03:33.786042Z  INFO wamn-host runtime startup completed elapsed_ms=58591
2026-09-04T14:03:37.497163Z  INFO workload_start{workload_id=e5798466-924e-42c8-af73-482efb20cacb workload.name="flow-http-d74d8d9c4-6dd6456dd" workload.namespace="wamn-receiving-journey"}: Starting workload workload_id="e5798466-924e-42c8-af73-482efb20cacb" namespace="wamn-receiving-journey" name="flow-http-d74d8d9c4-6dd6456dd"
2026-09-04T14:03:47.083267Z  INFO workload_stop{workload_id=e5798466-924e-42c8-af73-482efb20cacb}: Stopping workload workload_id="e5798466-924e-42c8-af73-482efb20cacb"
2026-09-04T14:03:47.610827Z  INFO workload_start{workload_id=2a625835-1b95-4c04-9c3f-6924cc02b9e1 workload.name="flow-http-86644ff688-5c6564897d" workload.namespace="wamn-receiving-journey"}: Starting workload workload_id="2a625835-1b95-4c04-9c3f-6924cc02b9e1" namespace="wamn-receiving-journey" name="flow-http-86644ff688-5c6564897d"
2026-09-04T14:03:50.213166Z  WARN handle_http_request{http.method=POST http.uri=/purchase_order/get http.host=receiving.localhost http.request.method=POST url.path=/purchase_order/get server.address="receiving.localhost"}:invoke_component_handler{workload.name="flow-http-86644ff688-5c6564897d" workload.namespace="wamn-receiving-journey" workload.id="2a625835-1b95-4c04-9c3f-6924cc02b9e1"}:wamn.component.invoke{wamn.tenant=receiving-route-auth wamn.project=receiving wamn.environment=dev wamn.wiring_id=purchase_order_get wamn.wiring_version=1 wamn.component_digest=sha256:498894030af16b22edaf7f0b2104b90673efdc0e32d2a85459368fa308ad8296 wamn.node_id=operation wamn.operation=wamn-receiving:purchase-order/get@1.0.0 wamn.caller_principal_id="ef2d1e41-1c86-4932-854a-6987db1a489a"}:wamn.component.linker_setup: component imports wamn:postgres but sets no wamn.tenant; calls will be refused component="4e4013d7-166a-4d60-8766-3fbbc17664ec"
2026-09-04T14:03:50.363589Z  WARN handle_http_request{http.method=POST http.uri=/purchase_order/get http.host=receiving.localhost http.request.method=POST url.path=/purchase_order/get server.address="receiving.localhost"}:invoke_component_handler{workload.name="flow-http-86644ff688-5c6564897d" workload.namespace="wamn-receiving-journey" workload.id="2a625835-1b95-4c04-9c3f-6924cc02b9e1"}:wamn.component.invoke{wamn.tenant=receiving-route-auth wamn.project=receiving wamn.environment=dev wamn.wiring_id=purchase_order_get wamn.wiring_version=1 wamn.component_digest=sha256:498894030af16b22edaf7f0b2104b90673efdc0e32d2a85459368fa308ad8296 wamn.node_id=operation wamn.operation=wamn-receiving:purchase-order/get@1.0.0 wamn.caller_principal_id="ef2d1e41-1c86-4932-854a-6987db1a489a"}:wamn.component.linker_setup: component imports wamn:postgres but sets no wamn.tenant; calls will be refused component="d8faacab-3b7b-4bb9-abc5-cb5555ca0eb7"
2026-09-04T14:03:50.478508Z  WARN handle_http_request{http.method=POST http.uri=/purchase_order/get http.host=receiving.localhost http.request.method=POST url.path=/purchase_order/get server.address="receiving.localhost"}:invoke_component_handler{workload.name="flow-http-86644ff688-5c6564897d" workload.namespace="wamn-receiving-journey" workload.id="2a625835-1b95-4c04-9c3f-6924cc02b9e1"}:wamn.component.invoke{wamn.tenant=receiving-route-auth wamn.project=receiving wamn.environment=dev wamn.wiring_id=purchase_order_get wamn.wiring_version=1 wamn.component_digest=sha256:498894030af16b22edaf7f0b2104b90673efdc0e32d2a85459368fa308ad8296 wamn.node_id=operation wamn.operation=wamn-receiving:purchase-order/get@1.0.0 wamn.caller_principal_id="ef2d1e41-1c86-4932-854a-6987db1a489a"}:wamn.component.linker_setup: component imports wamn:postgres but sets no wamn.tenant; calls will be refused component="7b58249f-6fba-45f4-9312-202411531438"
2026-09-04T14:03:50.579557Z  WARN handle_http_request{http.method=POST http.uri=/purchase_order/get http.host=receiving.localhost http.request.method=POST url.path=/purchase_order/get server.address="receiving.localhost"}:invoke_component_handler{workload.name="flow-http-86644ff688-5c6564897d" workload.namespace="wamn-receiving-journey" workload.id="2a625835-1b95-4c04-9c3f-6924cc02b9e1"}:wamn.component.invoke{wamn.tenant=receiving-route-auth wamn.project=receiving wamn.environment=dev wamn.wiring_id=purchase_order_get wamn.wiring_version=1 wamn.component_digest=sha256:498894030af16b22edaf7f0b2104b90673efdc0e32d2a85459368fa308ad8296 wamn.node_id=operation wamn.operation=wamn-receiving:purchase-order/get@1.0.0 wamn.caller_principal_id="ef2d1e41-1c86-4932-854a-6987db1a489a"}:wamn.component.linker_setup: component imports wamn:postgres but sets no wamn.tenant; calls will be refused component="ce8462d3-86c2-498c-ab21-027ff2ffbdff"
2026-09-04T14:03:50.682967Z  WARN handle_http_request{http.method=POST http.uri=/purchase_order/get http.host=receiving.localhost http.request.method=POST url.path=/purchase_order/get server.address="receiving.localhost"}:invoke_component_handler{workload.name="flow-http-86644ff688-5c6564897d" workload.namespace="wamn-receiving-journey" workload.id="2a625835-1b95-4c04-9c3f-6924cc02b9e1"}:wamn.component.invoke{wamn.tenant=receiving-route-auth wamn.project=receiving wamn.environment=dev wamn.wiring_id=purchase_order_get wamn.wiring_version=1 wamn.component_digest=sha256:498894030af16b22edaf7f0b2104b90673efdc0e32d2a85459368fa308ad8296 wamn.node_id=operation wamn.operation=wamn-receiving:purchase-order/get@1.0.0 wamn.caller_principal_id="ef2d1e41-1c86-4932-854a-6987db1a489a"}:wamn.component.linker_setup: component imports wamn:postgres but sets no wamn.tenant; calls will be refused component="70ce0d7f-da10-4d3b-b03b-8f60814a8d03"
2026-09-04T14:04:34.792554Z  WARN handle_http_request{http.method=POST http.uri=/acme/purchase_order/update http.host=receiving.localhost http.request.method=POST url.path=/acme/purchase_order/update server.address="receiving.localhost"}:invoke_component_handler{workload.name="flow-http-86644ff688-5c6564897d" workload.namespace="wamn-receiving-journey" workload.id="2a625835-1b95-4c04-9c3f-6924cc02b9e1"}:wamn.component.invoke{wamn.tenant=receiving-route-auth wamn.project=receiving wamn.environment=dev wamn.wiring_id=purchase_order_update wamn.wiring_version=1 wamn.component_digest=sha256:9b101fefec3b115f6ed15f4812a70e7cf37255e0d24222ae18e676bc07dc7e8e wamn.node_id=operation wamn.operation=client-acme-receiving:purchase-order/update@3.0.0 wamn.caller_principal_id="ef2d1e41-1c86-4932-854a-6987db1a489a"}:wamn.component.linker_setup: component imports wamn:postgres but sets no wamn.tenant; calls will be refused component="459a6784-5638-4101-92fa-661692ee8731"
2026-09-04T14:04:34.825333Z  WARN handle_http_request{http.method=POST http.uri=/acme/receiving/record_receipt http.host=receiving.localhost http.request.method=POST url.path=/acme/receiving/record_receipt server.address="receiving.localhost"}:invoke_component_handler{workload.name="flow-http-86644ff688-5c6564897d" workload.namespace="wamn-receiving-journey" workload.id="2a625835-1b95-4c04-9c3f-6924cc02b9e1"}:wamn.component.invoke{wamn.tenant=receiving-route-auth wamn.project=receiving wamn.environment=dev wamn.wiring_id=receiving_record_receipt wamn.wiring_version=1 wamn.component_digest=sha256:9b101fefec3b115f6ed15f4812a70e7cf37255e0d24222ae18e676bc07dc7e8e wamn.node_id=operation wamn.operation=client-acme-receiving:receiving/record-receipt@3.0.0 wamn.caller_principal_id="ef2d1e41-1c86-4932-854a-6987db1a489a"}:wamn.component.linker_setup: component imports wamn:postgres but sets no wamn.tenant; calls will be refused component="c64e42b6-1c0e-4d7e-8bb7-42d005d0db52"
2026-09-04T14:04:34.830309Z  WARN handle_http_request{http.method=POST http.uri=/acme/receiving/record_receipt http.host=receiving.localhost http.request.method=POST url.path=/acme/receiving/record_receipt server.address="receiving.localhost"}:invoke_component_handler{workload.name="flow-http-86644ff688-5c6564897d" workload.namespace="wamn-receiving-journey" workload.id="2a625835-1b95-4c04-9c3f-6924cc02b9e1"}:wamn.component.invoke{wamn.tenant=receiving-route-auth wamn.project=receiving wamn.environment=dev wamn.wiring_id=receiving_record_receipt wamn.wiring_version=1 wamn.component_digest=sha256:9b101fefec3b115f6ed15f4812a70e7cf37255e0d24222ae18e676bc07dc7e8e wamn.node_id=operation wamn.operation=client-acme-receiving:receiving/record-receipt@3.0.0 wamn.caller_principal_id="ef2d1e41-1c86-4932-854a-6987db1a489a"}:wamn.component.linker_setup: component imports wamn:postgres but sets no wamn.tenant; calls will be refused component="adacbd78-2be1-464e-b49b-3ae73ea04839"
