   Compiling serde v1.0.229
   Compiling zerovec v0.11.8
   Compiling bytes v1.12.1
   Compiling tinystr v0.8.4
   Compiling icu_locale_core v2.3.0
   Compiling tokio v1.53.1
   Compiling zerotrie v0.2.5
   Compiling potential_utf v0.1.6
   Compiling icu_collections v2.3.0
   Compiling icu_provider v2.3.1
   Compiling icu_normalizer v2.3.0
   Compiling icu_properties v2.3.0
   Compiling num-traits v0.2.19
   Compiling idna_adapter v1.2.2
   Compiling idna v1.1.0
   Compiling postgres-protocol v0.6.12
   Compiling futures-util v0.3.34
   Compiling regex-automata v0.4.18
   Compiling url v2.5.8
   Compiling tokio-util v0.7.19
   Compiling schemars v0.8.22
   Compiling chrono v0.4.45
   Compiling regex v1.13.1
   Compiling postgres-types v0.2.14
   Compiling rustls v0.23.43
   Compiling tokio-postgres v0.7.18
   Compiling wamn-execution-contract v0.1.0 (/home/kaalin/.cache/wamn-lanes/native-c-completion-20260911/apps/platform/execution/contract)
   Compiling http v1.5.0
   Compiling boon v0.6.1
   Compiling http-body v1.1.0
   Compiling wamn-event-wire v0.1.0 (/home/kaalin/.cache/wamn-lanes/native-c-completion-20260911/apps/platform/events/wire)
   Compiling wamn-catalog v0.1.0 (/home/kaalin/.cache/wamn-lanes/native-c-completion-20260911/crates/catalog/model)
warning: function `canonical_serialized` is never used
   --> crates/catalog/model/src/lib.rs:791:4
    |
791 | fn canonical_serialized(value: &impl Serialize) -> Vec<u8> {
    |    ^^^^^^^^^^^^^^^^^^^^
    |
    = note: `#[warn(dead_code)]` (part of `#[warn(unused)]`) on by default

   Compiling tokio-rustls v0.26.4
   Compiling thiserror v2.0.20
   Compiling tracing v0.1.44
warning: `wamn-catalog` (lib) generated 1 warning
   Compiling ring v0.17.14
   Compiling wamn-schema-introspection v0.1.0 (/home/kaalin/.cache/wamn-lanes/native-c-completion-20260911/crates/schema/introspection)
   Compiling tokio-stream v0.1.19
   Compiling tryhard v0.5.2
   Compiling serde_nanos v0.1.4
   Compiling getrandom v0.2.17
   Compiling serde_repr v0.1.21
   Compiling hyper v1.11.0
   Compiling clap_derive v4.6.4
   Compiling wamn-run-state v0.1.0 (/home/kaalin/.cache/wamn-lanes/native-c-completion-20260911/crates/execution/run-state)
   Compiling async-nats v0.49.1
   Compiling wamn-schema-generator v0.1.0 (/home/kaalin/.cache/wamn-lanes/native-c-completion-20260911/crates/schema/generator)
   Compiling wamn-control-registry v0.1.0 (/home/kaalin/.cache/wamn-lanes/native-c-completion-20260911/crates/control/registry)
   Compiling wamn-control-provision v0.1.0 (/home/kaalin/.cache/wamn-lanes/native-c-completion-20260911/crates/control/provision)
   Compiling wamn-platform-identity v0.1.0 (/home/kaalin/.cache/wamn-lanes/native-c-completion-20260911/crates/identity/platform)
   Compiling clap v4.6.6
   Compiling hyper-util v0.1.20
   Compiling http-body-util v0.1.5
   Compiling wamn-identity v0.1.0 (/home/kaalin/.cache/wamn-lanes/native-c-completion-20260911/services/identity)
    Finished `dev` profile [unoptimized + debuginfo] target(s) in 35.41s
