2026-09-08T11:49:45Z env CARGO_TARGET_DIR=/home/kaalin/.cache/wamn-lanes/ctc8-12-fresh-auth-20260907/target RUSTC_WRAPPER= /home/kaalin/.cache/wamn-lanes/ctc8-12-fresh-auth-20260907/tools/build-components m1 
2026-09-08T11:49:48Z env CARGO_TARGET_DIR=/home/kaalin/.cache/wamn-lanes/ctc8-12-fresh-auth-20260907/target RUSTC_WRAPPER= cargo build --locked -p wamn-ctl -p wamn-cdc-reader -p wamn-scenario-worker 
2026-09-08T11:49:49Z docker build --platform=linux/amd64 --provenance=false --file /home/kaalin/.cache/wamn-lanes/ctc8-12-fresh-auth-20260907/Dockerfile --target host --tag wamn-host:receiving-a9e23b54d5ac-2252805-release --label wamn.dev/source-head=a9e23b54d5ac88e01052c076ea8019ebd8888af5 --label wamn.dev/build-profile=release /home/kaalin/.cache/wamn-lanes/ctc8-12-fresh-auth-20260907 
2026-09-08T11:55:12Z docker build --platform=linux/amd64 --provenance=false --file /home/kaalin/.cache/wamn-lanes/ctc8-12-fresh-auth-20260907/Dockerfile --target gates --tag wamn-gates:receiving-a9e23b54d5ac-2252805-release --label wamn.dev/source-head=a9e23b54d5ac88e01052c076ea8019ebd8888af5 --label wamn.dev/build-profile=release /home/kaalin/.cache/wamn-lanes/ctc8-12-fresh-auth-20260907 
2026-09-08T12:08:01Z kind create cluster --name wamn-receiving-journey --config /tmp/tmp.uN1sx5QeR5/kind-config.yaml --kubeconfig /tmp/tmp.uN1sx5QeR5/kubeconfig 
2026-09-08T12:08:20Z kubectl --kubeconfig /tmp/tmp.uN1sx5QeR5/kubeconfig --context kind-wamn-receiving-journey wait --for=condition=Ready nodes --all --timeout=180s 
2026-09-08T12:08:33Z kubectl --kubeconfig /tmp/tmp.uN1sx5QeR5/kubeconfig --context kind-wamn-receiving-journey create namespace wamn-receiving-journey 
2026-09-08T12:08:33Z kind load docker-image wamn-host:receiving-a9e23b54d5ac-2252805-release --name wamn-receiving-journey 
2026-09-08T12:08:40Z kind load docker-image wamn-gates:receiving-a9e23b54d5ac-2252805-release --name wamn-receiving-journey 
2026-09-08T12:08:52Z htpasswd \<credential-bearing\ arguments\ redacted\> 
2026-09-08T12:08:53Z postgres \<credential-bearing\ arguments\ redacted\> 
2026-09-08T12:08:53Z docker run --detach --name wamn-receiving-registry-a9e23b54d5ac-2252805 --network kind --env REGISTRY_AUTH=htpasswd --env REGISTRY_AUTH_HTPASSWD_REALM=WAMN\ Receiving\ cluster\ journey --env REGISTRY_AUTH_HTPASSWD_PATH=/auth/htpasswd --volume /tmp/tmp.uN1sx5QeR5/htpasswd:/auth/htpasswd:ro registry:2 
2026-09-08T12:08:53Z docker run --detach --name wamn-receiving-nats-a9e23b54d5ac-2252805 --network kind nats:2.10-alpine --jetstream --store_dir /data --http_port 8222 
2026-09-08T12:08:56Z cargo test production_two_package_release_serves_all_thirteen_pat_routes \<journey\ document\ with\ disposable\ PostgreSQL\ and\ OCI\ inputs\ redacted\> 
2026-09-08T12:09:24Z kubectl --kubeconfig /tmp/tmp.uN1sx5QeR5/kubeconfig --context kind-wamn-receiving-journey apply -f /tmp/tmp.uN1sx5QeR5/route-caller-pat-kube.json 
2026-09-08T12:09:25Z env WASH_REG_USER=\<redacted\> WASH_REG_PASSWORD=\<redacted\> wash push --insecure --allow-latest --output json 172.28.0.9:5000/wamn/flow-http:receiving-a9e23b54d5ac-2252805-release /home/kaalin/.cache/wamn-lanes/ctc8-12-fresh-auth-20260907/target/wasm32-wasip2/release/http_route.wasm 
2026-09-08T12:09:25Z env WASH_REG_USER=\<redacted\> WASH_REG_PASSWORD=\<redacted\> wash push --insecure --allow-latest --output json 172.28.0.9:5000/wamn/materializer:receiving-a9e23b54d5ac-2252805-release /home/kaalin/.cache/wamn-lanes/ctc8-12-fresh-auth-20260907/target/wasm32-wasip2/release/materializer.wasm 
2026-09-08T12:09:25Z print-release-env \<credential-bearing\ arguments\ redacted\> 
2026-09-08T12:09:25Z kubectl --kubeconfig /tmp/tmp.uN1sx5QeR5/kubeconfig --context kind-wamn-receiving-journey apply -f /tmp/tmp.uN1sx5QeR5/host-secrets/guest-sql.json 
2026-09-08T12:09:25Z kubectl --kubeconfig /tmp/tmp.uN1sx5QeR5/kubeconfig --context kind-wamn-receiving-journey apply -f /tmp/tmp.uN1sx5QeR5/host-secrets/executor-platform.json 
2026-09-08T12:09:25Z kubectl --kubeconfig /tmp/tmp.uN1sx5QeR5/kubeconfig --context kind-wamn-receiving-journey apply -f /tmp/tmp.uN1sx5QeR5/host-secrets/identity-reader.json 
2026-09-08T12:09:26Z kubectl --kubeconfig /tmp/tmp.uN1sx5QeR5/kubeconfig --context kind-wamn-receiving-journey apply -f /tmp/tmp.uN1sx5QeR5/host-secrets/http-admitter.json 
2026-09-08T12:09:26Z kubectl --kubeconfig /tmp/tmp.uN1sx5QeR5/kubeconfig --context kind-wamn-receiving-journey apply -f /tmp/tmp.uN1sx5QeR5/host-secrets/event-materializer.json 
2026-09-08T12:09:26Z kubectl --kubeconfig /tmp/tmp.uN1sx5QeR5/kubeconfig --context kind-wamn-receiving-journey -n wamn-receiving-journey create secret generic wamn-registry-pull --type=kubernetes.io/dockerconfigjson --from-file=.dockerconfigjson=\<redacted\> --dry-run=client -o yaml 
2026-09-08T12:09:26Z kubectl --kubeconfig /tmp/tmp.uN1sx5QeR5/kubeconfig --context kind-wamn-receiving-journey apply -f /tmp/tmp.uN1sx5QeR5/registry-pull.yaml 
2026-09-08T12:09:26Z kubectl --kubeconfig /tmp/tmp.uN1sx5QeR5/kubeconfig --context kind-wamn-receiving-journey apply -f /home/kaalin/.cache/wamn-lanes/ctc8-12-fresh-auth-20260907/deploy/infra/cert-manager.yaml 
2026-09-08T12:09:27Z kubectl --kubeconfig /tmp/tmp.uN1sx5QeR5/kubeconfig --context kind-wamn-receiving-journey -n cert-manager wait --for=condition=Available deployment --all --timeout=240s 
2026-09-08T12:09:39Z helm upgrade --install --create-namespace --kubeconfig /tmp/tmp.uN1sx5QeR5/kubeconfig --kube-context kind-wamn-receiving-journey --namespace wamn-system wamn oci://ghcr.io/wasmcloud/charts/runtime-operator --version 2.8.0 -f /home/kaalin/.cache/wamn-lanes/ctc8-12-fresh-auth-20260907/deploy/infra/values-wamn.yaml -f /tmp/tmp.uN1sx5QeR5/operator-values.yaml --wait --timeout 5m 
2026-09-08T12:10:03Z kubectl --kubeconfig /tmp/tmp.uN1sx5QeR5/kubeconfig --context kind-wamn-receiving-journey -n wamn-system get deployment runtime-operator -o json 
2026-09-08T12:10:03Z kubectl --kubeconfig /tmp/tmp.uN1sx5QeR5/kubeconfig --context kind-wamn-receiving-journey apply -f /tmp/tmp.uN1sx5QeR5/runtime-operator-events-rbac.yaml 
2026-09-08T12:10:04Z kubectl --kubeconfig /tmp/tmp.uN1sx5QeR5/kubeconfig --context kind-wamn-receiving-journey -n wamn-receiving-journey get role wamn-runtime-operator-events -o json 
2026-09-08T12:10:04Z kubectl --kubeconfig /tmp/tmp.uN1sx5QeR5/kubeconfig --context kind-wamn-receiving-journey -n wamn-receiving-journey get rolebinding wamn-runtime-operator-events -o json 
2026-09-08T12:10:04Z kubectl --kubeconfig /tmp/tmp.uN1sx5QeR5/kubeconfig --context kind-wamn-receiving-journey apply -f /home/kaalin/.cache/wamn-lanes/ctc8-12-fresh-auth-20260907/deploy/infra/tempo.yaml 
2026-09-08T12:10:04Z kubectl --kubeconfig /tmp/tmp.uN1sx5QeR5/kubeconfig --context kind-wamn-receiving-journey apply -f /home/kaalin/.cache/wamn-lanes/ctc8-12-fresh-auth-20260907/deploy/infra/otel-collector.yaml 
2026-09-08T12:10:04Z kubectl --kubeconfig /tmp/tmp.uN1sx5QeR5/kubeconfig --context kind-wamn-receiving-journey -n wamn-system wait --for=condition=Available deployment/tempo deployment/otel-collector --timeout=120s 
2026-09-08T12:10:13Z kubectl --kubeconfig /tmp/tmp.uN1sx5QeR5/kubeconfig --context kind-wamn-receiving-journey apply -f /tmp/tmp.uN1sx5QeR5/wasmcloud-ca-copy.json 
2026-09-08T12:10:13Z kubectl --kubeconfig /tmp/tmp.uN1sx5QeR5/kubeconfig --context kind-wamn-receiving-journey apply -f /home/kaalin/.cache/wamn-lanes/ctc8-12-fresh-auth-20260907/deploy/infra/wasmcloud-ca-issuer.yaml 
2026-09-08T12:10:13Z kubectl --kubeconfig /tmp/tmp.uN1sx5QeR5/kubeconfig --context kind-wamn-receiving-journey wait --for=condition=Ready clusterissuer/wasmcloud-ca --timeout=60s 
2026-09-08T12:10:13Z kubectl --kubeconfig /tmp/tmp.uN1sx5QeR5/kubeconfig --context kind-wamn-receiving-journey apply -f /tmp/tmp.uN1sx5QeR5/host-environment-certs.yaml 
2026-09-08T12:10:13Z kubectl --kubeconfig /tmp/tmp.uN1sx5QeR5/kubeconfig --context kind-wamn-receiving-journey -n wamn-receiving-journey wait --for=condition=Ready certificate/wasmcloud-runtime-tls certificate/wasmcloud-data-tls --timeout=120s 
2026-09-08T12:10:14Z helm upgrade --install --kubeconfig /tmp/tmp.uN1sx5QeR5/kubeconfig --kube-context kind-wamn-receiving-journey --namespace wamn-receiving-journey wamn-host oci://ghcr.io/wasmcloud/charts/runtime-operator --version 2.8.0 -f /tmp/tmp.uN1sx5QeR5/host-base.yaml -f /tmp/tmp.uN1sx5QeR5/host-overlay.yaml --wait --timeout 5m 
2026-09-08T12:10:26Z kubectl --kubeconfig /tmp/tmp.uN1sx5QeR5/kubeconfig --context kind-wamn-receiving-journey -n wamn-receiving-journey rollout status deployment/hostgroup-default --timeout=240s 
2026-09-08T12:10:26Z kubectl --kubeconfig /tmp/tmp.uN1sx5QeR5/kubeconfig --context kind-wamn-receiving-journey apply -f /tmp/tmp.uN1sx5QeR5/flow-http.yaml 
2026-09-08T12:10:26Z kubectl --kubeconfig /tmp/tmp.uN1sx5QeR5/kubeconfig --context kind-wamn-receiving-journey -n wamn-receiving-journey wait --for=condition=Ready workloaddeployment/flow-http --timeout=240s 
2026-09-08T12:10:27Z kubectl --kubeconfig /tmp/tmp.uN1sx5QeR5/kubeconfig --context kind-wamn-receiving-journey create -f /tmp/tmp.uN1sx5QeR5/membershipproof-secret.json 
2026-09-08T12:10:27Z /usr/local/bin/wamn-gates membershipproof --endpoint-url http://flow-http.wamn-receiving-journey.svc.cluster.local --host receiving.localhost --org acme --project receiving --env dev --tenant receiving-route-auth \<admin\ URLs\ supplied\ by\ ephemeral\ Secret\;\ ctl=/usr/local/bin/wamn-ctl\> 
2026-09-08T12:10:27Z kubectl --kubeconfig /tmp/tmp.uN1sx5QeR5/kubeconfig --context kind-wamn-receiving-journey apply -f /tmp/tmp.uN1sx5QeR5/membershipproof-job.yaml 
2026-09-08T12:10:27Z kubectl --kubeconfig /tmp/tmp.uN1sx5QeR5/kubeconfig --context kind-wamn-receiving-journey -n wamn-receiving-journey wait --for=condition=Complete job/membershipproof --timeout=720s 
2026-09-08T12:10:30Z kubectl --kubeconfig /tmp/tmp.uN1sx5QeR5/kubeconfig --context kind-wamn-receiving-journey -n wamn-receiving-journey delete secret membershipproof-fixture 
2026-09-08T12:10:30Z kind delete cluster --name wamn-receiving-journey 
2026-09-08T12:10:31Z docker rm --force --volumes wamn-receiving-pg18-a9e23b54d5ac-2252805 
2026-09-08T12:10:32Z docker rm --force --volumes wamn-receiving-registry-a9e23b54d5ac-2252805 
2026-09-08T12:10:32Z docker rm --force --volumes wamn-receiving-nats-a9e23b54d5ac-2252805 
2026-09-08T12:10:32Z docker image rm wamn-gates:receiving-a9e23b54d5ac-2252805-release 
2026-09-08T12:10:32Z docker image rm wamn-host:receiving-a9e23b54d5ac-2252805-release 
2026-09-08T12:10:32Z rm -rf -- /tmp/tmp.uN1sx5QeR5 
