{
  "summary": {
    "successRate": 1.0,
    "total": 10.001993388,
    "slowest": 0.005668646,
    "fastest": 0.000184597,
    "average": 0.0003449155028400165,
    "requestsPerSec": 2869.228051523283,
    "totalData": 1033092,
    "sizePerRequest": 36,
    "sizePerSec": 103288.61057231484
  },
  "metrics": {
    "success_rate": 1.0,
    "requests_per_sec": 2869.228051523283,
    "latency_ms": {
      "min": 0.185,
      "mean": 0.345,
      "p50": 0.335,
      "p95": 0.447,
      "p99": 0.58,
      "max": 5.669
    }
  },
  "responseTimeHistogram": {
    "0.000184597": 1,
    "0.0007330019": 28572,
    "0.0012814068": 97,
    "0.0018298117": 18,
    "0.0023782166": 4,
    "0.0029266215": 3,
    "0.0034750264": 0,
    "0.004023431300000001": 1,
    "0.0045718362": 0,
    "0.005120241100000001": 0,
    "0.005668646": 1
  },
  "latencyPercentiles": {
    "p10": 0.00027828,
    "p25": 0.00030402,
    "p50": 0.000334796,
    "p75": 0.00037016,
    "p90": 0.000412268,
    "p95": 0.00044696,
    "p99": 0.000580376,
    "p99.9": 0.001262704,
    "p99.99": 0.0027009
  },
  "firstByteHistogram": {
    "0.000183015": 1,
    "0.0007307251": 28575,
    "0.0012784352": 94,
    "0.0018261453": 18,
    "0.0023738554": 4,
    "0.0029215655": 3,
    "0.0034692756": 0,
    "0.0040169857000000005": 1,
    "0.0045646958": 0,
    "0.0051124059": 0,
    "0.005660116": 1
  },
  "firstBytePercentiles": {
    "p10": 0.000275069,
    "p25": 0.000300262,
    "p50": 0.000330749,
    "p75": 0.0003657,
    "p90": 0.000407401,
    "p95": 0.000441371,
    "p99": 0.000572923,
    "p99.9": 0.001256115,
    "p99.99": 0.002694872
  },
  "rps": {
    "mean": 2868.276779467518,
    "stddev": 354.68275948131054,
    "max": 3968.8734485012524,
    "min": 901.671428326677,
    "percentiles": {
      "p10": 2456.2598960408263,
      "p25": 2699.3263000658935,
      "p50": 2889.636525005718,
      "p75": 3056.0641072605563,
      "p90": 3219.610648459612,
      "p95": 3475.066297110373,
      "p99": 3762.491216616788,
      "p99.9": 3918.448053435562,
      "p99.99": 3968.8734485012524
    }
  },
  "details": {
    "DNSDialup": {
      "average": 0.000431327,
      "fastest": 0.000431327,
      "slowest": 0.000431327
    },
    "DNSLookup": {
      "average": 0.0001133,
      "fastest": 0.0001133,
      "slowest": 0.0001133
    },
    "firstByte": {
      "average": 0.00034075571902986146,
      "fastest": 0.000183015,
      "slowest": 0.005660116
    }
  },
  "statusCodeDistribution": {
    "404": 28697
  },
  "errorDistribution": {
    "aborted due to deadline": 1
  }
}