{
  "summary": {
    "successRate": 1.0,
    "total": 10.002423307,
    "slowest": 0.009075967,
    "fastest": 0.000239872,
    "average": 0.0006854472690211802,
    "requestsPerSec": 11595.590032550497,
    "totalData": 4175136,
    "sizePerRequest": 36,
    "sizePerSec": 417412.4481492512
  },
  "metrics": {
    "success_rate": 1.0,
    "requests_per_sec": 11595.590032550497,
    "latency_ms": {
      "min": 0.24,
      "mean": 0.685,
      "p50": 0.61,
      "p95": 1.178,
      "p99": 1.992,
      "max": 9.076
    }
  },
  "responseTimeHistogram": {
    "0.000239872": 1,
    "0.0011234815": 109264,
    "0.002007091": 5571,
    "0.0028907004999999997": 789,
    "0.00377431": 212,
    "0.0046579195000000006": 65,
    "0.005541529": 35,
    "0.0064251385": 19,
    "0.007308748": 12,
    "0.0081923575": 3,
    "0.009075967": 5
  },
  "latencyPercentiles": {
    "p10": 0.00044428,
    "p25": 0.000500049,
    "p50": 0.000610478,
    "p75": 0.000765346,
    "p90": 0.000957038,
    "p95": 0.001178126,
    "p99": 0.001991999,
    "p99.9": 0.00398444,
    "p99.99": 0.006711947
  },
  "firstByteHistogram": {
    "0.000238377": 1,
    "0.0011189429999999998": 109426,
    "0.001999509": 5429,
    "0.0028800749999999997": 773,
    "0.003760641": 211,
    "0.004641207": 64,
    "0.005521772999999999": 33,
    "0.006402338999999999": 20,
    "0.007282904999999999": 11,
    "0.008163470999999999": 3,
    "0.009044037": 5
  },
  "firstBytePercentiles": {
    "p10": 0.000437676,
    "p25": 0.000492807,
    "p50": 0.000602795,
    "p75": 0.000756861,
    "p90": 0.000946805,
    "p95": 0.001163372,
    "p99": 0.00197823,
    "p99.9": 0.003960552,
    "p99.99": 0.006707749
  },
  "rps": {
    "mean": 11593.63696081615,
    "stddev": 1798.852225699086,
    "max": 16446.180228341596,
    "min": 3468.984928076724,
    "percentiles": {
      "p10": 9529.88572162293,
      "p25": 10698.03896871747,
      "p50": 11741.408425092379,
      "p75": 12550.750213563735,
      "p90": 13681.873139645182,
      "p95": 14649.184637420136,
      "p99": 15513.183103000953,
      "p99.9": 15938.101625746523,
      "p99.99": 16446.180228341596
    }
  },
  "details": {
    "DNSDialup": {
      "average": 0.00081126325,
      "fastest": 0.00057343,
      "slowest": 0.00100886
    },
    "DNSLookup": {
      "average": 0.000064588875,
      "fastest": 0.000026369,
      "slowest": 0.000111556
    },
    "firstByte": {
      "average": 0.0006771395871990667,
      "fastest": 0.000238377,
      "slowest": 0.009044037
    }
  },
  "statusCodeDistribution": {
    "404": 115976
  },
  "errorDistribution": {
    "aborted due to deadline": 8
  }
}