Creating new PostgreSQL cluster 18/regress ...
DO
DO
DO
DO
DO
DO
DO
GRANT ROLE
CREATE DATABASE
You are now connected to database "wamn" as user "kaalin".
CREATE SCHEMA
GRANT
DO
CREATE TABLE
INSERT 0 40000
CREATE INDEX
ALTER TABLE
ALTER TABLE
CREATE POLICY
CREATE POLICY
CREATE INDEX
GRANT
CREATE TABLE
INSERT 0 2000
ALTER TABLE
ALTER TABLE
CREATE POLICY
CREATE POLICY
CREATE INDEX
GRANT
CREATE TABLE
ALTER TABLE
ALTER TABLE
CREATE POLICY
CREATE POLICY
CREATE INDEX
GRANT
CREATE TABLE
ALTER TABLE
ALTER TABLE
CREATE POLICY
CREATE POLICY
CREATE INDEX
GRANT
GRANT

running 1 test
applied wamn_receiving@1.0.0: 1 migration(s)
applied client_acme_receiving@3.0.0: 2 migration(s)
reconciled data access for [client_acme_receiving@3.0.0, wamn_receiving@1.0.0]
test route_authentication_live::overlay_compatibility::installed_contract_observer_preserves_acls_and_refuses_changed_requirements ... ok

test result: ok. 1 passed; 0 failed; 0 ignored; 0 measured; 77 filtered out; finished in 0.67s

Dropping cluster 18/regress ...
