    Checking libc v0.2.189
    Checking cfg-if v1.0.4
    Checking zerofrom v0.1.8
    Checking stable_deref_trait v1.2.1
    Checking yoke v0.8.3
    Checking typenum v1.20.1
    Checking memchr v2.8.3
    Checking hybrid-array v0.4.14
    Checking zerovec v0.11.8
    Checking cmov v0.5.4
    Checking ctutils v0.4.2
    Checking crypto-common v0.2.2
    Checking block-buffer v0.12.1
    Checking serde_core v1.0.229
    Checking const-oid v0.10.2
    Checking digest v0.11.3
    Checking smallvec v1.15.2
    Checking cpufeatures v0.3.0
    Checking zmij v1.0.23
    Checking tinystr v0.8.4
    Checking litemap v0.8.3
    Checking writeable v0.6.4
    Checking itoa v1.0.18
    Checking icu_locale_core v2.3.0
    Checking serde_json v1.0.151
    Checking getrandom v0.3.4
    Checking potential_utf v0.1.6
    Checking zerotrie v0.2.5
    Checking utf8_iter v1.0.4
    Checking serde v1.0.229
    Checking icu_collections v2.3.0
    Checking icu_provider v2.3.1
    Checking sha2 v0.11.0
    Checking tinyvec_macros v0.1.1
    Checking rand_core v0.10.1
    Checking tinyvec v1.12.0
    Checking icu_normalizer_data v2.3.0
    Checking icu_properties_data v2.3.0
    Checking zerocopy v0.8.56
    Checking bytes v1.12.1
    Checking base64 v0.22.1
    Checking percent-encoding v2.3.2
    Checking icu_properties v2.3.0
    Checking icu_normalizer v2.3.0
    Checking getrandom v0.4.3
    Checking unicode-normalization v0.1.25
    Checking chacha20 v0.10.1
    Checking pin-project-lite v0.2.17
    Checking unicode-bidi v0.3.18
    Checking futures-sink v0.3.34
    Checking unicode-properties v0.1.4
    Checking regex-syntax v0.8.11
    Checking futures-core v0.3.34
    Checking stringprep v0.1.5
    Checking rand v0.10.2
    Checking num-traits v0.2.19
    Checking idna_adapter v1.2.2
    Checking md-5 v0.11.0
    Checking hmac v0.13.0
    Checking aho-corasick v1.1.5
    Checking mio v1.2.2
    Checking socket2 v0.6.5
    Checking scopeguard v1.2.0
    Checking fallible-iterator v0.2.0
    Checking siphasher v1.0.3
    Checking byteorder v1.5.0
    Checking phf_shared v0.13.1
    Checking postgres-protocol v0.6.12
    Checking regex-automata v0.4.18
    Checking lock_api v0.4.14
    Checking tokio v1.53.1
    Checking ref-cast v1.0.27
    Checking idna v1.1.0
    Checking parking_lot_core v0.9.12
    Checking form_urlencoded v1.2.2
    Checking rand_core v0.9.5
    Checking futures-task v0.3.34
    Checking borrow-or-share v0.2.4
    Checking dyn-clone v1.0.20
    Checking once_cell v1.21.4
    Checking ahash v0.8.12
    Checking schemars v0.8.22
    Checking fluent-uri v0.3.2
    Checking tokio-util v0.7.19
    Checking futures-util v0.3.34
    Checking url v2.5.8
    Checking parking_lot v0.12.5
    Checking regex v1.13.1
    Checking postgres-types v0.2.14
    Checking phf v0.13.1
    Checking chrono v0.4.45
    Checking futures-channel v0.3.34
    Checking whoami v2.1.3
    Checking log v0.4.34
    Checking appendlist v1.4.0
    Checking boon v0.6.1
    Checking wamn-event-wire v0.1.0 (/home/kaalin/.cache/wamn-lanes/claim-transaction-20260910/components/events/wire)
    Checking tokio-postgres v0.7.18
    Checking wamn-execution-contract v0.1.0 (/home/kaalin/.cache/wamn-lanes/claim-transaction-20260910/components/execution/contract)
    Checking ppv-lite86 v0.2.21
    Checking wamn-component-policy v0.1.0 (/home/kaalin/.cache/wamn-lanes/claim-transaction-20260910/crates/platform/component-policy)
    Checking bit-vec v0.8.0
    Checking bit-set v0.8.0
    Checking wamn-catalog v0.1.0 (/home/kaalin/.cache/wamn-lanes/claim-transaction-20260910/crates/catalog/model)
warning: binding's name is too similar to existing binding
   --> crates/catalog/model/src/wiring_compatibility.rs:356:9
    |
356 |     let compiled = compiler
    |         ^^^^^^^^
    |
note: existing binding defined here
   --> crates/catalog/model/src/wiring_compatibility.rs:350:13
    |
350 |     let mut compiler = Compiler::new();
    |             ^^^^^^^^
    = help: for further information visit https://rust-lang.github.io/rust-clippy/rust-1.98.0/index.html#similar_names
    = note: `-W clippy::similar-names` implied by `-W clippy::pedantic`
    = help: to override `-W clippy::pedantic` add `#[allow(clippy::similar_names)]`

    Checking wamn-schema-introspection v0.1.0 (/home/kaalin/.cache/wamn-lanes/claim-transaction-20260910/crates/schema/introspection)
    Checking rand_chacha v0.9.0
warning: function `canonical_serialized` is never used
   --> crates/catalog/model/src/lib.rs:792:4
    |
792 | fn canonical_serialized(value: &impl Serialize) -> Vec<u8> {
    |    ^^^^^^^^^^^^^^^^^^^^
    |
    = note: `#[warn(dead_code)]` (part of `#[warn(unused)]`) on by default

    Checking anyhow v1.0.104
warning: unnecessary semicolon
  --> crates/catalog/model/src/package.rs:23:6
   |
23 |     };
   |      ^ help: remove
   |
   = help: for further information visit https://rust-lang.github.io/rust-clippy/rust-1.98.0/index.html#unnecessary_semicolon
   = note: `-W clippy::unnecessary-semicolon` implied by `-W clippy::pedantic`
   = help: to override `-W clippy::pedantic` add `#[allow(clippy::unnecessary_semicolon)]`

warning: this argument (1 byte) is passed by reference, but would be more efficient if passed by value (limit: 8 byte)
   --> crates/catalog/model/src/serving_manifest.rs:209:39
    |
209 | fn registration_input_is_event(input: &ServingRegistrationInput) -> bool {
    |                                       ^^^^^^^^^^^^^^^^^^^^^^^^^ help: consider passing by value instead: `ServingRegistrationInput`
    |
    = help: for further information visit https://rust-lang.github.io/rust-clippy/rust-1.98.0/index.html#trivially_copy_pass_by_ref
    = note: `-W clippy::trivially-copy-pass-by-ref` implied by `-W clippy::pedantic`
    = help: to override `-W clippy::pedantic` add `#[allow(clippy::trivially_copy_pass_by_ref)]`

warning: variables can be used directly in the `format!` string
   --> crates/catalog/model/src/wiring_compatibility.rs:384:21
    |
384 | /                     format!(
385 | |                         "wiring target {node_id:?} operation {:?} does not declare input port {name:?}",
386 | |                         operation_name
387 | |                     ),
    | |_____________________^
    |
    = help: for further information visit https://rust-lang.github.io/rust-clippy/rust-1.98.0/index.html#uninlined_format_args
    = note: `-W clippy::uninlined-format-args` implied by `-W clippy::pedantic`
    = help: to override `-W clippy::pedantic` add `#[allow(clippy::uninlined_format_args)]`

warning: variables can be used directly in the `format!` string
   --> crates/catalog/model/src/wiring_compatibility.rs:393:13
    |
393 | /             format!(
394 | |                 "wiring target {node_id:?} operation {:?} declares no input port",
395 | |                 operation_name
396 | |             ),
    | |_____________^
    |
    = help: for further information visit https://rust-lang.github.io/rust-clippy/rust-1.98.0/index.html#uninlined_format_args

warning: variables can be used directly in the `format!` string
   --> crates/catalog/model/src/lib.rs:189:17
    |
189 | /                 write!(
190 | |                     formatter,
191 | |                     "{}: requested {requested}; supported version is {}",
192 | |                     UNSUPPORTED_SERVING_MANIFEST_VERSION_REFUSAL, SERVING_MANIFEST_FORMAT_VERSION
193 | |                 )
    | |_________________^
    |
    = help: for further information visit https://rust-lang.github.io/rust-clippy/rust-1.98.0/index.html#uninlined_format_args

    Checking rand_xorshift v0.4.0
    Checking rand v0.9.5
warning: `wamn-catalog` (lib) generated 7 warnings (run `cargo clippy --fix --lib -p wamn-catalog -- ` to apply 4 suggestions)
    Checking hex v0.4.3
    Checking bitflags v2.13.1
    Checking unarray v0.1.4
    Checking wamn-schema-generator v0.1.0 (/home/kaalin/.cache/wamn-lanes/claim-transaction-20260910/crates/schema/generator)
    Checking proptest v1.11.0
warning: unnecessary hashes around raw string literal
    --> crates/schema/generator/src/generate.rs:2587:9
     |
2587 | /         r#"/// One claim and its work, with no commit before finalization.
2588 | | #[derive(Debug)]
2589 | | pub(crate) struct PendingClaim {{
2590 | |     transaction: wamn_postgres_statements::Transaction,
...    |
2610 | | }}
2611 | | "#
     | |__^
     |
     = help: for further information visit https://rust-lang.github.io/rust-clippy/rust-1.98.0/index.html#needless_raw_string_hashes
     = note: `-W clippy::needless-raw-string-hashes` implied by `-W clippy::pedantic`
     = help: to override `-W clippy::pedantic` add `#[allow(clippy::needless_raw_string_hashes)]`
help: remove all the hashes around the string literal
     |
2587 ~         r"/// One claim and its work, with no commit before finalization.
2588 | #[derive(Debug)]
 ...
2610 | }}
2611 ~ "
     |

warning: you seem to want to iterate on a map's keys
    --> crates/schema/generator/src/generate.rs:1339:22
     |
1339 |     for (name, _) in &declaration.constraint_errors {
     |                      ^^^^^^^^^^^^^^^^^^^^^^^^^^^^^^
     |
     = help: for further information visit https://rust-lang.github.io/rust-clippy/rust-1.98.0/index.html#for_kv_map
     = note: `-W clippy::for-kv-map` implied by `-W clippy::style`
     = help: to override `-W clippy::style` add `#[allow(clippy::for_kv_map)]`
help: use the corresponding method
     |
1339 -     for (name, _) in &declaration.constraint_errors {
1339 +     for name in declaration.constraint_errors.keys() {
     |

warning: using `contains()` instead of `iter().any()` is more efficient
   --> crates/schema/generator/src/manifest.rs:893:17
    |
893 |               if !dependency
    |  _________________^
894 | |                 .operations
895 | |                 .iter()
896 | |                 .any(|candidate| *candidate == inherited.operation)
    | |___________________________________________________________________^
    |
    = help: for further information visit https://rust-lang.github.io/rust-clippy/rust-1.98.0/index.html#manual_contains
    = note: `-W clippy::manual-contains` implied by `-W clippy::perf`
    = help: to override `-W clippy::perf` add `#[allow(clippy::manual_contains)]`
help: try
    |
893 ~             if !dependency
894 +                 .operations.contains(&inherited.operation)
    |

warning: this `if` statement can be collapsed
    --> crates/schema/generator/src/manifest.rs:1085:9
     |
1085 | /         if let Some(limit) = limit {
1086 | |             if limit.minimum == 0 || limit.maximum < limit.minimum {
1087 | |                 return Err(GenerateError::new(
1088 | |                     GenerateErrorKind::InvalidOperation,
...    |
1092 | |         }
     | |_________^
     |
     = help: for further information visit https://rust-lang.github.io/rust-clippy/rust-1.98.0/index.html#collapsible_if
     = note: `-W clippy::collapsible-if` implied by `-W clippy::style`
     = help: to override `-W clippy::style` add `#[allow(clippy::collapsible_if)]`
help: collapse nested if block
     |
1085 ~         if let Some(limit) = limit
1086 ~             && (limit.minimum == 0 || limit.maximum < limit.minimum) {
1087 |                 return Err(GenerateError::new(
 ...
1090 |                 ));
1091 ~             }
     |

warning: this `if` statement can be collapsed
    --> crates/schema/generator/src/manifest.rs:1117:9
     |
1117 | /         if !field.values.is_empty() {
1118 | |             if field.ty != wamn_schema_introspection::ir::ColumnType::Text
1119 | |                 || field.values.iter().any(String::is_empty)
1120 | |                 || field.values.iter().collect::<BTreeSet<_>>().len() != field.values.len()
...    |
1130 | |         }
     | |_________^
     |
     = help: for further information visit https://rust-lang.github.io/rust-clippy/rust-1.98.0/index.html#collapsible_if
help: collapse nested if block
     |
1117 ~         if !field.values.is_empty()
1118 ~             && (field.ty != wamn_schema_introspection::ir::ColumnType::Text
1119 |                 || field.values.iter().any(String::is_empty)
1120 ~                 || field.values.iter().collect::<BTreeSet<_>>().len() != field.values.len())
1121 |             {
 ...
1128 |                 ));
1129 ~             }
     |

warning: case-sensitive file extension comparison
   --> crates/schema/generator/src/materialize.rs:278:12
    |
278 |         if file.path().ends_with(".sql") {
    |            ^^^^^^^^^^^^^^^^^^^^^^^^^^^^^
    |
    = help: consider using a case-insensitive comparison instead
    = help: for further information visit https://rust-lang.github.io/rust-clippy/rust-1.98.0/index.html#case_sensitive_file_extension_comparisons
    = note: `-W clippy::case-sensitive-file-extension-comparisons` implied by `-W clippy::pedantic`
    = help: to override `-W clippy::pedantic` add `#[allow(clippy::case_sensitive_file_extension_comparisons)]`
help: use std::path::Path
    |
278 ~         if std::path::Path::new(file.path())
279 +             .extension()
280 ~             .is_some_and(|ext| ext.eq_ignore_ascii_case("sql")) {
    |

warning: `wamn-schema-generator` (lib) generated 6 warnings (run `cargo clippy --fix --lib -p wamn-schema-generator -- ` to apply 5 suggestions)
warning: this argument is passed by value, but not consumed in the function body
    --> crates/schema/generator/tests/generation.rs:4220:51
     |
4220 | fn state_command(declaration: &mut Value, guards: Value) {
     |                                                   ^^^^^
     |
     = help: for further information visit https://rust-lang.github.io/rust-clippy/rust-1.98.0/index.html#needless_pass_by_value
     = note: `-W clippy::needless-pass-by-value` implied by `-W clippy::pedantic`
     = help: to override `-W clippy::pedantic` add `#[allow(clippy::needless_pass_by_value)]`
help: consider taking a reference instead
     |
4220 | fn state_command(declaration: &mut Value, guards: &Value) {
     |                                                   +

warning: very complex type used. Consider factoring parts into `type` definitions
    --> crates/schema/generator/tests/generation.rs:4245:16
     |
4245 |     let cases: [(&str, fn(&mut Value)); 7] = [
     |                ^^^^^^^^^^^^^^^^^^^^^^^^^^^
     |
     = help: for further information visit https://rust-lang.github.io/rust-clippy/rust-1.98.0/index.html#type_complexity
     = note: `-W clippy::type-complexity` implied by `-W clippy::complexity`
     = help: to override `-W clippy::complexity` add `#[allow(clippy::type_complexity)]`

warning: very complex type used. Consider factoring parts into `type` definitions
    --> crates/schema/generator/tests/generation.rs:4335:16
     |
4335 |     let cases: [(&str, fn(&mut Value)); 5] = [
     |                ^^^^^^^^^^^^^^^^^^^^^^^^^^^
     |
     = help: for further information visit https://rust-lang.github.io/rust-clippy/rust-1.98.0/index.html#type_complexity

warning: `wamn-schema-generator` (test "generation") generated 3 warnings
warning: `wamn-schema-generator` (lib test) generated 6 warnings (6 duplicates)
    Finished `dev` profile [unoptimized + debuginfo] target(s) in 26.63s
