{
    "apiVersion": "v1",
    "items": [
        {
            "apiVersion": "runtime.wasmcloud.dev/v1alpha1",
            "kind": "Workload",
            "metadata": {
                "annotations": {
                    "runtime.wasmcloud.dev/workload-replica-set-generation": "678d6f677c"
                },
                "creationTimestamp": "2026-09-12T00:28:23Z",
                "finalizers": [
                    "runtime.wasmcloud.dev/workload-finalizer"
                ],
                "generation": 1,
                "name": "flow-http-5f698ddcf7-84f9b66698",
                "namespace": "wamn-receiving-e4936f123dae46b2875b4fa7a1e8711a",
                "ownerReferences": [
                    {
                        "apiVersion": "runtime.wasmcloud.dev/v1alpha1",
                        "blockOwnerDeletion": true,
                        "controller": true,
                        "kind": "WorkloadReplicaSet",
                        "name": "flow-http-5f698ddcf7",
                        "uid": "21831acb-71ef-442e-a02e-f1ff8169118f"
                    }
                ],
                "resourceVersion": "1946",
                "uid": "f180eea8-c6d7-4a04-855c-4ca1571893b5"
            },
            "spec": {
                "components": [
                    {
                        "image": "172.28.0.12:5000/wamn/flow-http@sha256:2ea8701326502064f133e127e572a9dbf16154ce244e610e723299f3dce91530",
                        "imagePullPolicy": "Always",
                        "localResources": {
                            "config": {
                                "wamn.catalog": "default",
                                "wamn.environment": "wamn-receiving-e4936f123dae46b2875b4fa7a1e8711a",
                                "wamn.project": "receiving",
                                "wamn.schema": "receiving",
                                "wamn.tenant": "receiving-route-auth"
                            }
                        },
                        "name": "flow-http"
                    }
                ],
                "environment": "wamn-receiving-e4936f123dae46b2875b4fa7a1e8711a",
                "hostInterfaces": [
                    {
                        "config": {
                            "host": "receiving.localhost"
                        },
                        "interfaces": [
                            "handler"
                        ],
                        "namespace": "wasi",
                        "package": "http",
                        "version": "0.3.0"
                    },
                    {
                        "interfaces": [
                            "routing"
                        ],
                        "namespace": "wamn",
                        "package": "flow-http-routing",
                        "version": "0.1.0"
                    },
                    {
                        "interfaces": [
                            "delivery"
                        ],
                        "namespace": "wamn",
                        "package": "router-delivery",
                        "version": "0.1.0"
                    }
                ],
                "hostSelector": {
                    "hostgroup": "default"
                },
                "kubernetes": {
                    "service": {
                        "name": "flow-http"
                    }
                }
            },
            "status": {
                "conditions": [
                    {
                        "lastTransitionTime": "2026-09-12T00:28:23Z",
                        "reason": "Available",
                        "status": "True",
                        "type": "Config"
                    },
                    {
                        "lastTransitionTime": "2026-09-12T00:28:23Z",
                        "reason": "Available",
                        "status": "True",
                        "type": "HostSelection"
                    },
                    {
                        "lastTransitionTime": "2026-09-12T00:28:23Z",
                        "reason": "Available",
                        "status": "True",
                        "type": "Placement"
                    },
                    {
                        "lastTransitionTime": "2026-09-12T00:31:28Z",
                        "message": "context deadline exceeded",
                        "reason": "Reconcile",
                        "status": "False",
                        "type": "Sync"
                    },
                    {
                        "lastTransitionTime": "2026-09-12T00:28:23Z",
                        "reason": "Available",
                        "status": "True",
                        "type": "Ready"
                    }
                ],
                "environment": "wamn-receiving-e4936f123dae46b2875b4fa7a1e8711a",
                "hostId": "bc0278e2-12d7-4b82-9010-ea76a58e9fab",
                "workloadId": "f180eea8-c6d7-4a04-855c-4ca1571893b5"
            }
        },
        {
            "apiVersion": "runtime.wasmcloud.dev/v1alpha1",
            "kind": "Workload",
            "metadata": {
                "annotations": {
                    "kubectl.kubernetes.io/last-applied-configuration": "{\"apiVersion\":\"runtime.wasmcloud.dev/v1alpha1\",\"kind\":\"Workload\",\"metadata\":{\"annotations\":{},\"labels\":{\"app\":\"flow-http-cross-environment\"},\"name\":\"flow-http-cross-environment\",\"namespace\":\"wamn-receiving-e4936f123dae46b2875b4fa7a1e8711a\"},\"spec\":{\"components\":[{\"image\":\"172.28.0.12:5000/wamn/flow-http@sha256:2ea8701326502064f133e127e572a9dbf16154ce244e610e723299f3dce91530\",\"imagePullPolicy\":\"Always\",\"localResources\":{\"config\":{\"wamn.catalog\":\"default\",\"wamn.environment\":\"wamn-receiving-e4936f123dae46b2875b4fa7a1e8711a\",\"wamn.project\":\"receiving\",\"wamn.schema\":\"receiving\",\"wamn.tenant\":\"receiving-route-auth\"}},\"name\":\"flow-http\"}],\"environment\":\"wamn-receiving-e4936f123dae46b2875b4fa7a1e8711a-denied\",\"hostInterfaces\":[{\"config\":{\"host\":\"receiving.localhost\"},\"interfaces\":[\"handler\"],\"namespace\":\"wasi\",\"package\":\"http\",\"version\":\"0.3.0\"},{\"interfaces\":[\"routing\"],\"namespace\":\"wamn\",\"package\":\"flow-http-routing\",\"version\":\"0.1.0\"},{\"interfaces\":[\"delivery\"],\"namespace\":\"wamn\",\"package\":\"router-delivery\",\"version\":\"0.1.0\"}],\"hostSelector\":{\"hostgroup\":\"default\"},\"kubernetes\":{\"service\":{\"name\":\"flow-http\"}}}}\n"
                },
                "creationTimestamp": "2026-09-12T00:29:42Z",
                "finalizers": [
                    "runtime.wasmcloud.dev/workload-finalizer"
                ],
                "generation": 1,
                "labels": {
                    "app": "flow-http-cross-environment"
                },
                "name": "flow-http-cross-environment",
                "namespace": "wamn-receiving-e4936f123dae46b2875b4fa7a1e8711a",
                "resourceVersion": "1663",
                "uid": "6819e1b2-63c8-4fc6-8c59-9e245b27b27c"
            },
            "spec": {
                "components": [
                    {
                        "image": "172.28.0.12:5000/wamn/flow-http@sha256:2ea8701326502064f133e127e572a9dbf16154ce244e610e723299f3dce91530",
                        "imagePullPolicy": "Always",
                        "localResources": {
                            "config": {
                                "wamn.catalog": "default",
                                "wamn.environment": "wamn-receiving-e4936f123dae46b2875b4fa7a1e8711a",
                                "wamn.project": "receiving",
                                "wamn.schema": "receiving",
                                "wamn.tenant": "receiving-route-auth"
                            }
                        },
                        "name": "flow-http"
                    }
                ],
                "environment": "wamn-receiving-e4936f123dae46b2875b4fa7a1e8711a-denied",
                "hostInterfaces": [
                    {
                        "config": {
                            "host": "receiving.localhost"
                        },
                        "interfaces": [
                            "handler"
                        ],
                        "namespace": "wasi",
                        "package": "http",
                        "version": "0.3.0"
                    },
                    {
                        "interfaces": [
                            "routing"
                        ],
                        "namespace": "wamn",
                        "package": "flow-http-routing",
                        "version": "0.1.0"
                    },
                    {
                        "interfaces": [
                            "delivery"
                        ],
                        "namespace": "wamn",
                        "package": "router-delivery",
                        "version": "0.1.0"
                    }
                ],
                "hostSelector": {
                    "hostgroup": "default"
                },
                "kubernetes": {
                    "service": {
                        "name": "flow-http"
                    }
                }
            },
            "status": {
                "conditions": [
                    {
                        "lastTransitionTime": "2026-09-12T00:29:42Z",
                        "reason": "Available",
                        "status": "True",
                        "type": "Config"
                    },
                    {
                        "lastTransitionTime": "2026-09-12T00:29:42Z",
                        "message": "workload targets Environment \"wamn-receiving-e4936f123dae46b2875b4fa7a1e8711a-denied\" but operator has allowSharedHosts=false",
                        "reason": "Reconcile",
                        "status": "False",
                        "type": "HostSelection"
                    },
                    {
                        "lastTransitionTime": "2026-09-12T00:29:42Z",
                        "message": "status unknown: waiting for Host Selection",
                        "reason": "Reconcile",
                        "status": "Unknown",
                        "type": "Placement"
                    },
                    {
                        "lastTransitionTime": "2026-09-12T00:29:42Z",
                        "message": "status unknown: workload is not placed yet",
                        "reason": "Reconcile",
                        "status": "Unknown",
                        "type": "Sync"
                    },
                    {
                        "lastTransitionTime": "2026-09-12T00:29:42Z",
                        "message": "workload is not placed or not synced",
                        "reason": "Reconcile",
                        "status": "False",
                        "type": "Ready"
                    }
                ]
            }
        },
        {
            "apiVersion": "runtime.wasmcloud.dev/v1alpha1",
            "kind": "Workload",
            "metadata": {
                "annotations": {
                    "runtime.wasmcloud.dev/workload-replica-set-generation": "74ffbbc8cd"
                },
                "creationTimestamp": "2026-09-12T00:28:27Z",
                "finalizers": [
                    "runtime.wasmcloud.dev/workload-finalizer"
                ],
                "generation": 1,
                "name": "receiving-materializer-7679f77cff-67f4588b9b",
                "namespace": "wamn-receiving-e4936f123dae46b2875b4fa7a1e8711a",
                "ownerReferences": [
                    {
                        "apiVersion": "runtime.wasmcloud.dev/v1alpha1",
                        "blockOwnerDeletion": true,
                        "controller": true,
                        "kind": "WorkloadReplicaSet",
                        "name": "receiving-materializer-7679f77cff",
                        "uid": "17b70fc0-e7d2-4e67-a4a1-05bb7607cfa2"
                    }
                ],
                "resourceVersion": "1962",
                "uid": "e6cf6ea3-8539-4b1d-8278-60a04fb75474"
            },
            "spec": {
                "environment": "wamn-receiving-e4936f123dae46b2875b4fa7a1e8711a",
                "hostInterfaces": [
                    {
                        "interfaces": [
                            "types",
                            "client"
                        ],
                        "namespace": "wamn",
                        "package": "postgres",
                        "version": "0.1.0"
                    },
                    {
                        "interfaces": [
                            "types",
                            "registration"
                        ],
                        "namespace": "wamn",
                        "package": "jetstream",
                        "version": "0.1.0"
                    },
                    {
                        "interfaces": [
                            "types",
                            "jetstream"
                        ],
                        "name": "events",
                        "namespace": "wasmcloud",
                        "package": "nats",
                        "version": "0.1.0"
                    },
                    {
                        "interfaces": [
                            "routing"
                        ],
                        "namespace": "wamn",
                        "package": "flow-http-routing",
                        "version": "0.1.0"
                    },
                    {
                        "interfaces": [
                            "delivery"
                        ],
                        "namespace": "wamn",
                        "package": "router-delivery",
                        "version": "0.1.0"
                    }
                ],
                "hostSelector": {
                    "hostgroup": "default"
                },
                "service": {
                    "image": "172.28.0.12:5000/wamn/materializer@sha256:e751ad229fc69c4e00d80075eaee81088af74e0c8ef79f3c2c0fa848e1481a13",
                    "imagePullPolicy": "Always",
                    "localResources": {
                        "config": {
                            "wamn.environment": "dev",
                            "wamn.postgres.authority": "event-materializer",
                            "wamn.project": "receiving",
                            "wamn.tenant": "receiving-route-auth"
                        },
                        "environment": {
                            "config": {
                                "WAMN_MAT_ENV": "dev",
                                "WAMN_MAT_FETCH_MS": "500",
                                "WAMN_MAT_MAX_DELIVER": "5",
                                "WAMN_MAT_ORG": "acme",
                                "WAMN_MAT_PROJECT": "receiving",
                                "WAMN_MAT_STREAM": "EVT_4_acme_9_receiving_3_dev",
                                "WAMN_MAT_SWEEP_MS": "500",
                                "WAMN_MAT_TENANT": "receiving-route-auth"
                            }
                        }
                    },
                    "maxRestarts": 5
                }
            },
            "status": {
                "conditions": [
                    {
                        "lastTransitionTime": "2026-09-12T00:28:27Z",
                        "reason": "Available",
                        "status": "True",
                        "type": "Config"
                    },
                    {
                        "lastTransitionTime": "2026-09-12T00:28:27Z",
                        "reason": "Available",
                        "status": "True",
                        "type": "HostSelection"
                    },
                    {
                        "lastTransitionTime": "2026-09-12T00:28:28Z",
                        "reason": "Available",
                        "status": "True",
                        "type": "Placement"
                    },
                    {
                        "lastTransitionTime": "2026-09-12T00:31:35Z",
                        "message": "context deadline exceeded",
                        "reason": "Reconcile",
                        "status": "False",
                        "type": "Sync"
                    },
                    {
                        "lastTransitionTime": "2026-09-12T00:28:28Z",
                        "reason": "Available",
                        "status": "True",
                        "type": "Ready"
                    }
                ],
                "environment": "wamn-receiving-e4936f123dae46b2875b4fa7a1e8711a",
                "hostId": "24570e35-752a-4735-badb-2ca7398b700a",
                "workloadId": "e6cf6ea3-8539-4b1d-8278-60a04fb75474"
            }
        }
    ],
    "kind": "List",
    "metadata": {
        "resourceVersion": ""
    }
}
