   Compiling proc-macro2 v1.0.107
   Compiling quote v1.0.47
   Compiling unicode-ident v1.0.24
   Compiling serde_core v1.0.229
   Compiling serde v1.0.229
   Compiling libc v0.2.189
    Checking cfg-if v1.0.4
    Checking memchr v2.8.3
    Checking foldhash v0.2.0
   Compiling syn v3.0.4
   Compiling syn v2.0.119
   Compiling anyhow v1.0.104
    Checking typenum v1.20.1
    Checking hashbrown v0.17.1
    Checking log v0.4.34
    Checking pin-project-lite v0.2.17
    Checking itoa v1.0.18
   Compiling version_check v0.9.5
    Checking equivalent v1.0.2
   Compiling shlex v2.0.1
   Compiling find-msvc-tools v0.1.11
    Checking once_cell v1.21.4
   Compiling jobserver v0.1.35
    Checking indexmap v2.14.0
   Compiling cc v1.4.4
    Checking futures-core v0.3.34
   Compiling generic-array v0.14.7
   Compiling zmij v1.0.23
    Checking futures-sink v0.3.34
    Checking bitflags v2.13.1
   Compiling parking_lot_core v0.9.12
    Checking scopeguard v1.2.0
    Checking lock_api v0.4.14
   Compiling libm v0.2.16
   Compiling pkg-config v0.3.34
   Compiling serde_derive v1.0.229
   Compiling thiserror-impl v2.0.20
   Compiling futures-macro v0.3.34
    Checking futures-channel v0.3.34
    Checking errno v0.3.14
    Checking slab v0.4.12
    Checking futures-io v0.3.34
    Checking futures-task v0.3.34
    Checking signal-hook-registry v1.4.8
    Checking futures-util v0.3.34
   Compiling tokio-macros v2.7.2
    Checking mio v1.2.2
    Checking socket2 v0.6.5
   Compiling thiserror v2.0.20
    Checking base64 v0.22.1
    Checking fnv v1.0.7
    Checking block-buffer v0.10.4
    Checking crypto-common v0.1.7
   Compiling zeroize_derive v1.5.0
   Compiling synstructure v0.13.2
    Checking tracing-core v0.1.36
   Compiling serde_json v1.0.151
    Checking zeroize v1.9.0
    Checking digest v0.10.7
   Compiling tracing-attributes v0.1.31
    Checking smallvec v1.15.2
    Checking bytes v1.12.1
    Checking parking_lot v0.12.5
    Checking percent-encoding v2.3.2
   Compiling heck v0.5.0
    Checking tokio v1.53.1
   Compiling zerofrom-derive v0.1.7
    Checking tracing v0.1.44
   Compiling yoke-derive v0.8.2
    Checking stable_deref_trait v1.2.1
    Checking semver v1.0.28
    Checking getrandom v0.2.17
    Checking zerofrom v0.1.8
   Compiling zerovec-derive v0.11.6
   Compiling cmake v0.1.58
   Compiling dunce v1.0.5
   Compiling wasmtime-internal-core v47.0.4
    Checking yoke v0.8.3
   Compiling fs_extra v1.3.0
   Compiling aws-lc-sys v0.44.0
    Checking zerovec v0.11.8
   Compiling displaydoc v0.2.7
    Checking tokio-util v0.7.19
    Checking http v1.5.0
   Compiling cranelift-bitset v0.134.4
   Compiling ring v0.17.14
    Checking hybrid-array v0.4.14
    Checking cpufeatures v0.3.0
   Compiling aws-lc-rs v1.18.0
   Compiling target-lexicon v0.13.5
    Checking ipnet v2.12.1
   Compiling rustix v1.1.4
    Checking tinystr v0.8.4
    Checking rustls-pki-types v1.15.1
    Checking cmov v0.5.4
   Compiling autocfg v1.5.1
    Checking linux-raw-sys v0.12.1
    Checking cpufeatures v0.2.17
    Checking litemap v0.8.3
    Checking subtle v2.6.1
    Checking leb128fmt v0.1.0
    Checking writeable v0.6.4
   Compiling crc32fast v1.5.1
    Checking icu_locale_core v2.3.0
   Compiling num-traits v0.2.19
    Checking ctutils v0.4.2
    Checking crypto-common v0.2.2
    Checking block-buffer v0.12.1
    Checking http-body v1.1.0
    Checking zerotrie v0.2.5
    Checking potential_utf v0.1.6
   Compiling icu_normalizer_data v2.3.0
    Checking untrusted v0.9.0
    Checking untrusted v0.7.1
   Compiling icu_properties_data v2.3.0
    Checking utf8_iter v1.0.4
    Checking const-oid v0.10.2
   Compiling cranelift-srcgen v0.134.4
   Compiling cranelift-assembler-x64-meta v0.134.4
    Checking digest v0.11.3
    Checking icu_collections v2.3.0
    Checking icu_provider v2.3.1
    Checking sha2 v0.10.9
   Compiling zerocopy v0.8.56
   Compiling pulley-macros v47.0.4
   Compiling async-trait v0.1.92
   Compiling httparse v1.10.1
    Checking hashbrown v0.16.1
    Checking tower-service v0.3.3
   Compiling rustls v0.23.43
    Checking gimli v0.33.0
    Checking icu_properties v2.3.0
    Checking icu_normalizer v2.3.0
    Checking cranelift-entity v0.134.4
    Checking cobs v0.3.0
   Compiling cranelift-isle v0.134.4
    Checking atomic-waker v1.1.2
   Compiling strsim v0.11.1
    Checking rand_core v0.10.1
    Checking try-lock v0.2.5
   Compiling ident_case v1.0.1
   Compiling getrandom v0.4.3
    Checking want v0.3.1
    Checking h2 v0.4.19
    Checking postcard v1.1.3
    Checking cranelift-bforest v0.134.4
    Checking idna_adapter v1.2.2
   Compiling pulley-interpreter v47.0.4
    Checking form_urlencoded v1.2.2
   Compiling either v1.18.0
   Compiling cranelift-codegen-shared v0.134.4
    Checking httpdate v1.0.3
   Compiling crossbeam-utils v0.8.22
   Compiling itertools v0.14.0
   Compiling cranelift-codegen-meta v0.134.4
    Checking hyper v1.11.0
    Checking idna v1.1.0
   Compiling cranelift-assembler-x64 v0.134.4
    Checking sha2 v0.11.0
    Checking sync_wrapper v1.0.2
    Checking aho-corasick v1.1.5
    Checking tower-layer v0.3.3
   Compiling cpp_demangle v0.5.1
   Compiling object v0.39.1
    Checking allocator-api2 v0.2.21
    Checking iana-time-zone v0.1.65
   Compiling io-lifetimes v2.0.4
    Checking regex-syntax v0.8.11
    Checking bumpalo v3.20.3
    Checking chrono v0.4.45
   Compiling cranelift-codegen v0.134.4
    Checking url v2.5.8
   Compiling prost-derive v0.14.4
    Checking regex-automata v0.4.18
    Checking http-body-util v0.1.5
   Compiling wasmparser v0.252.0
   Compiling zstd-sys v2.0.16+zstd.1.5.7
   Compiling wasmtime-internal-versioned-export-macros v47.0.4
    Checking arbitrary v1.4.2
    Checking tinyvec_macros v0.1.1
    Checking termcolor v1.4.1
    Checking rustc-hash v2.1.3
   Compiling getrandom v0.3.4
   Compiling crossbeam-epoch v0.9.20
    Checking openssl-probe v0.2.1
    Checking rustls-native-certs v0.8.4
    Checking regalloc2 v0.15.2
    Checking wasmprinter v0.252.0
    Checking tinyvec v1.12.0
    Checking cranelift-control v0.134.4
    Checking tower v0.5.3
    Checking hyper-util v0.1.20
    Checking ppv-lite86 v0.2.21
    Checking chacha20 v0.10.1
    Checking wasm-encoder v0.252.0
    Checking rustc-demangle v0.1.28
    Checking wasmtime-internal-component-util v47.0.4
    Checking wasmtime-environ v47.0.4
    Checking rand v0.10.2
    Checking unicode-normalization v0.1.25
   Compiling zstd-safe v7.2.4
   Compiling crossbeam-deque v0.8.7
   Compiling darling_core v0.20.11
    Checking fs-set-times v0.20.3
    Checking rustix-linux-procfs v0.1.1
    Checking signature v2.2.0
   Compiling rayon-core v1.13.0
    Checking ambient-authority v0.0.2
   Compiling io-lifetimes v3.0.1
    Checking winnow v1.0.4
   Compiling wasmtime-internal-unwinder v47.0.4
    Checking maybe-owned v0.3.4
   Compiling id-arena v2.3.0
   Compiling thiserror v1.0.69
   Compiling wit-parser v0.252.0
    Checking toml_parser v1.1.3+spec-1.1.0
   Compiling darling_macro v0.20.11
   Compiling wasmtime-internal-fiber v47.0.4
    Checking opentelemetry v0.31.0
   Compiling thiserror-impl v1.0.69
    Checking toml_datetime v0.7.5+spec-1.1.0
    Checking serde_spanned v1.1.1
    Checking dirs-sys-next v0.1.2
   Compiling io-extras v0.19.0
   Compiling wasmtime-internal-component-macro v47.0.4
    Checking toml_writer v1.1.2+spec-1.1.0
   Compiling leb128 v0.2.7
   Compiling wasmtime-internal-cache v47.0.4
    Checking base64ct v1.8.3
    Checking winnow v0.7.15
   Compiling wasmtime-internal-cranelift v47.0.4
    Checking toml v0.9.12+spec-1.1.0
    Checking pem-rfc7468 v0.7.0
   Compiling wast v35.0.2
   Compiling prost v0.14.4
    Checking directories-next v2.0.0
   Compiling wasmtime-internal-wit-bindgen v47.0.4
    Checking zstd v0.13.3
   Compiling darling v0.20.11
   Compiling wasmtime v47.0.4
    Checking regex v1.13.1
   Compiling rustc_version v0.4.1
    Checking rand_core v0.6.4
    Checking cranelift-native v0.134.4
    Checking cranelift-frontend v0.134.4
   Compiling pin-project-internal v1.1.13
   Compiling foldhash v0.1.5
    Checking simd-adler32 v0.3.10
    Checking lazy_static v1.5.0
   Compiling cap-primitives v4.0.3
    Checking ryu v1.0.23
   Compiling prettyplease v0.2.37
    Checking mime v0.3.17
    Checking const-oid v0.9.6
    Checking adler2 v2.0.1
    Checking miniz_oxide v0.8.9
    Checking der v0.7.10
    Checking pin-project v1.1.13
    Checking axum-core v0.5.6
   Compiling hashbrown v0.15.5
   Compiling curve25519-dalek v4.1.3
   Compiling derive_builder_core v0.20.2
    Checking rayon v1.12.0
    Checking rustls-webpki v0.103.15
   Compiling witx v0.9.1
   Compiling prost-types v0.14.4
    Checking rand_core v0.9.5
    Checking addr2line v0.26.1
    Checking md-5 v0.11.0
    Checking memfd v0.6.5
    Checking wasmtime-internal-jit-icache-coherence v47.0.4
    Checking tokio-stream v0.1.19
    Checking wasmparser v0.253.0
    Checking futures v0.3.34
    Checking deranged v0.5.8
    Checking encoding_rs v0.8.35
   Compiling cap-std v4.0.3
    Checking tokio-rustls v0.26.4
    Checking num-conv v0.2.2
    Checking konst_macro_rules v0.2.19
    Checking matchit v0.8.4
    Checking unicode-bidi v0.3.18
    Checking time-core v0.1.9
    Checking powerfmt v0.2.0
    Checking unicode-properties v0.1.4
   Compiling unicode-xid v0.2.6
   Compiling fastrand v2.5.0
   Compiling io-extras v0.18.4
   Compiling fixedbitset v0.5.7
   Compiling wiggle-macro v47.0.4
   Compiling tempfile v3.27.0
   Compiling petgraph v0.8.3
    Checking stringprep v0.1.5
   Compiling const_format_proc_macros v0.2.34
    Checking time v0.3.55
    Checking axum v0.8.9
    Checking konst v0.2.20
    Checking hyper-rustls v0.27.9
    Checking rustls-platform-verifier v0.7.0
    Checking rand_chacha v0.9.0
   Compiling wiggle-generate v47.0.4
   Compiling derive_builder_macro v0.20.2
    Checking spki v0.7.3
    Checking flate2 v1.1.9
    Checking serde_urlencoded v0.7.1
    Checking rand_chacha v0.3.1
    Checking hyper-timeout v0.5.2
    Checking tower-http v0.6.11
   Compiling darling_core v0.24.1
    Checking hmac v0.13.0
    Checking wasmparser v0.254.0
   Compiling curve25519-dalek-derive v0.1.1
   Compiling serde_derive_internals v0.29.1
   Compiling cap-fs-ext v4.0.3
   Compiling ref-cast v1.0.27
    Checking hex v0.4.3
    Checking fallible-iterator v0.2.0
   Compiling rustversion v1.0.23
   Compiling multimap v0.10.1
   Compiling schemars v0.8.22
   Compiling cap-primitives v3.4.6
   Compiling portable-atomic v1.15.0
    Checking byteorder v1.5.0
   Compiling prettyplease v0.3.0
    Checking siphasher v1.0.3
    Checking postgres-protocol v0.6.12
    Checking phf_shared v0.13.1
   Compiling darling_macro v0.24.1
   Compiling prost-build v0.14.4
   Compiling schemars_derive v0.8.22
    Checking reqwest v0.13.4
    Checking tonic v0.14.6
    Checking rand v0.8.8
    Checking pkcs8 v0.10.2
    Checking derive_builder v0.20.2
    Checking rand v0.9.5
    Checking wasm-encoder v0.253.0
    Checking const_format v0.2.36
   Compiling pbjson-build v0.8.0
    Checking sharded-slab v0.1.7
    Checking ed25519 v2.2.3
    Checking matchers v0.2.0
   Compiling strum_macros v0.27.2
    Checking tracing-serde v0.2.0
    Checking futures-executor v0.3.34
   Compiling getset v0.1.7
   Compiling ref-cast-impl v1.0.27
   Compiling ahash v0.8.12
    Checking thread_local v1.1.10
    Checking dyn-clone v1.0.20
   Compiling cap-std v3.4.6
    Checking strum v0.27.2
    Checking nu-ansi-term v0.50.3
    Checking tracing-subscriber v0.3.23
   Compiling pbjson-types v0.8.0
    Checking opentelemetry_sdk v0.31.0
    Checking wasm-metadata v0.253.0
    Checking ed25519-dalek v2.2.0
    Checking wiggle v47.0.4
    Checking wasmtime-wasi-io v47.0.4
    Checking tonic-prost v0.14.6
    Checking oci-spec v0.9.0
    Checking signatory v0.27.1
    Checking wasm-encoder v0.254.0
   Compiling darling v0.24.1
    Checking phf v0.13.1
    Checking postgres-types v0.2.14
    Checking wit-parser v0.253.0
    Checking jsonwebtoken v10.4.0
    Checking olpc-cjson v0.1.4
    Checking num-integer v0.1.47
    Checking webpki-roots v1.0.9
    Checking whoami v2.1.3
    Checking http-auth v0.1.10
    Checking unicase v2.9.0
    Checking borrow-or-share v0.2.4
    Checking data-encoding v2.11.0
   Compiling names v0.14.0
    Checking fluent-uri v0.3.2
    Checking nkeys v0.4.5
    Checking tokio-postgres v0.7.18
    Checking num-bigint v0.4.8
    Checking wit-component v0.253.0
    Checking oci-client v0.17.0
   Compiling bon-macros v3.10.0
    Checking wasm-metadata v0.254.0
    Checking wasmtime-wasi v47.0.4
    Checking arc-swap v1.9.2
    Checking opentelemetry-proto v0.31.0
    Checking wamn-execution-contract v0.1.0 (/home/kaalin/.cache/wamn-lanes/native-b-adoption-20260910/components/execution/contract)
    Checking wit-parser v0.254.0
    Checking opentelemetry-http v0.31.0
    Checking crossbeam-channel v0.5.16
    Checking wamn-event-wire v0.1.0 (/home/kaalin/.cache/wamn-lanes/native-b-adoption-20260910/components/events/wire)
    Checking itertools v0.13.0
    Checking uuid v1.26.0
    Checking combine v4.6.8
    Checking deadpool-runtime v0.3.1
    Checking tryhard v0.5.2
    Checking pbjson v0.8.0
    Checking serde_nanos v0.1.4
   Compiling serde_repr v0.1.21
    Checking humantime v2.4.0
    Checking tagptr v0.2.0
    Checking appendlist v1.4.0
    Checking home v0.5.12
    Checking spin v0.10.1
    Checking crc-fast v1.10.0
    Checking bon v3.10.0
    Checking etcetera v0.10.0
    Checking boon v0.6.1
    Checking moka v0.12.16
    Checking async-nats v0.49.1
    Checking redis v0.27.6
    Checking deadpool v0.13.1
    Checking wit-component v0.254.0
    Checking opentelemetry-otlp v0.31.1
    Checking oci-wasm v0.6.0
    Checking cap-net-ext v3.4.6
    Checking webpki-roots v0.26.11
    Checking tracing-opentelemetry v0.32.1
    Checking opentelemetry-appender-tracing v0.31.1
    Checking itertools v0.15.0
    Checking docker_credential v1.4.0
    Checking quick-xml v0.41.0
    Checking sysinfo v0.32.1
    Checking hostname v0.4.2
    Checking wamn-component-policy v0.1.0 (/home/kaalin/.cache/wamn-lanes/native-b-adoption-20260910/crates/platform/component-policy)
    Checking opentelemetry-semantic-conventions v0.31.0
    Checking wamn-pg-core v0.1.0 (/home/kaalin/.cache/wamn-lanes/native-b-adoption-20260910/crates/platform/pg-core)
    Checking wamn-catalog v0.1.0 (/home/kaalin/.cache/wamn-lanes/native-b-adoption-20260910/crates/catalog/model)
    Checking wamn-run-state v0.1.0 (/home/kaalin/.cache/wamn-lanes/native-b-adoption-20260910/crates/execution/run-state)
    Checking object_store v0.14.1
    Checking deadpool-postgres v0.14.2
    Checking wamn-router v0.1.0 (/home/kaalin/.cache/wamn-lanes/native-b-adoption-20260910/crates/execution/router)
warning: function `canonical_serialized` is never used
   --> crates/catalog/model/src/lib.rs:792:4
    |
792 | fn canonical_serialized(value: &impl Serialize) -> Vec<u8> {
    |    ^^^^^^^^^^^^^^^^^^^^
    |
    = note: `#[warn(dead_code)]` (part of `#[warn(unused)]`) on by default

    Checking wamn-platform-identity v0.1.0 (/home/kaalin/.cache/wamn-lanes/native-b-adoption-20260910/crates/identity/platform)
warning: `wamn-catalog` (lib) generated 1 warning
    Checking wamn-control-registry v0.1.0 (/home/kaalin/.cache/wamn-lanes/native-b-adoption-20260910/crates/control/registry)
    Checking wasmtime-wasi-http v47.0.4
    Checking wash-runtime v2.9.0 (https://github.com/wasmCloud/wasmCloud?rev=68ebece9c537f8bb4b5c9999f274ec68d60f35a9#68ebece9)
    Checking wamn-runtime v0.1.0 (/home/kaalin/.cache/wamn-lanes/native-b-adoption-20260910/crates/platform/runtime)
warning: the item `Future` is imported redundantly
 --> crates/platform/runtime/src/connection_authority.rs:3:5
  |
3 | use std::future::Future;
  |     ^^^^^^^^^^^^^^^^^^^
  |
 --> /rustc/88d9e12ae178fab0fb5cc050a94da85685d449ea/library/std/src/prelude/mod.rs:166:12
  |
  = note: the item `Future` is already defined here
  |
  = note: requested on the command line with `-W redundant-imports`

warning: the item `Future` is imported redundantly
 --> crates/platform/runtime/src/plugins/wamn_postgres/pool.rs:7:5
  |
7 | use std::future::Future;
  |     ^^^^^^^^^^^^^^^^^^^
  |
 --> /rustc/88d9e12ae178fab0fb5cc050a94da85685d449ea/library/std/src/prelude/mod.rs:166:12
  |
  = note: the item `Future` is already defined here

warning: constant `HTTP_CONTRACT` is never used
  --> crates/platform/runtime/src/plugins/connection_http.rs:52:7
   |
52 | const HTTP_CONTRACT: &str = "wamn:connection/http@0.1.0";
   |       ^^^^^^^^^^^^^
   |
   = note: `#[warn(dead_code)]` (part of `#[warn(unused)]`) on by default

warning: type does not implement `std::fmt::Debug`; consider adding `#[derive(Debug)]` or a manual implementation
   --> crates/platform/runtime/src/plugins/connection_http.rs:114:1
    |
114 | / pub struct ConnectionHttp {
115 | |     postgres: Arc<WamnPostgres>,
116 | |     vault: Arc<WamnCredentials>,
117 | |     tenant: Box<str>,
...   |
133 | |     invocations: std::sync::RwLock<HashMap<String, ConnectionInvocation>>,
134 | | }
    | |_^
    |
    = note: requested on the command line with `-W missing-debug-implementations`

warning: type does not implement `std::fmt::Debug`; consider adding `#[derive(Debug)]` or a manual implementation
  --> crates/platform/runtime/src/plugins/wamn_credentials.rs:27:1
   |
27 | / pub struct WamnCredentials {
28 | |     /// Whether ANY backing source was configured. Distinguishes `unavailable`
29 | |     /// (no source — retryable) from `not-found` (source present, name absent —
30 | |     /// config-shaped).
...  |
33 | |     projects: HashMap<String, HashMap<String, String>>,
34 | | }
   | |_^

warning: type does not implement `std::fmt::Debug`; consider adding `#[derive(Debug)]` or a manual implementation
   --> crates/platform/runtime/src/plugins/wamn_jetstream.rs:544:1
    |
544 | / pub struct WamnJetstream {
545 | |     nats_url: Option<String>,
546 | |     /// Lazily-connected, memoized JetStream context. A `Mutex<Option<_>>` (not a
547 | |     /// `OnceCell`) so a transient connect failure is retried on the next call
...   |
569 | |     dlq_depth: Arc<DeadLetterDepth>,
570 | | }
    | |_^

warning: type does not implement `std::fmt::Debug`; consider adding `#[derive(Debug)]` or a manual implementation
    --> crates/platform/runtime/src/plugins/wamn_jetstream.rs:1209:1
     |
1209 | / pub struct JsConsumer {
1210 | |     consumer: Consumer<PullConfig>,
1211 | |     dead_letter: Option<DeadLetterIdentity>,
1212 | | }
     | |_^

warning: type does not implement `std::fmt::Debug`; consider adding `#[derive(Debug)]` or a manual implementation
    --> crates/platform/runtime/src/plugins/wamn_jetstream.rs:1216:1
     |
1216 | / pub struct JsMessage {
1217 | |     msg: async_nats::jetstream::Message,
1218 | |     dead_letter: Option<DeadLetterIdentity>,
1219 | | }
     | |_^

warning: type does not implement `std::fmt::Debug`; consider adding `#[derive(Debug)]` or a manual implementation
   --> crates/platform/runtime/src/plugins/wamn_logging.rs:213:1
    |
213 | / pub struct Capture {
214 | |     records: std::sync::Mutex<Vec<CapturedRec>>,
215 | | }
    | |_^

warning: type does not implement `std::fmt::Debug`; consider adding `#[derive(Debug)]` or a manual implementation
   --> crates/platform/runtime/src/plugins/wamn_logging.rs:235:1
    |
235 | / pub struct WamnLogging {
236 | |     /// component id → host-trusted {tenant, project}.
237 | |     claims: std::sync::RwLock<HashMap<String, Claim>>,
238 | |     /// Bounded front queue; `try_send` keeps `log()` non-blocking.
...   |
243 | |     _drain: tokio::task::JoinHandle<()>,
244 | | }
    | |_^

warning: type does not implement `std::fmt::Debug`; consider adding `#[derive(Debug)]` or a manual implementation
   --> crates/platform/runtime/src/plugins/wamn_postgres/claims.rs:55:1
    |
 55 | / pub struct WamnPostgres {
 56 | |     /// Resolves a project id → its database connection + policy.
 57 | |     provider: Arc<dyn CredentialProvider>,
 58 | |     /// Guest-visible project pools, built lazily and never shared with host-owned
...   |
121 | |     pub(super) bind_counters: super::BindCounters,
122 | | }
    | |_^

warning: type does not implement `std::fmt::Debug`; consider adding `#[derive(Debug)]` or a manual implementation
   --> crates/platform/runtime/src/plugins/wamn_postgres/pool.rs:339:1
    |
339 | / pub struct StaticCredentialProvider {
340 | |     projects: HashMap<String, ProjectConfig>,
341 | | }
    | |_^

warning: type does not implement `std::fmt::Debug`; consider adding `#[derive(Debug)]` or a manual implementation
   --> crates/platform/runtime/src/plugins/wamn_postgres/pool.rs:514:1
    |
514 | / pub struct K8sSecretProvider {
515 | |     pub namespace: String,
516 | | }
    | |_^

warning: type does not implement `std::fmt::Debug`; consider adding `#[derive(Debug)]` or a manual implementation
   --> crates/platform/runtime/src/plugins/wamn_postgres/resources.rs:99:1
    |
 99 | / pub struct PgTransaction {
100 | |     state: SharedTxnState,
101 | |     destroyed: Arc<AtomicU64>,
102 | |     cursor_seq: u32,
103 | |     /// Row limit of the project this transaction's connection belongs to.
104 | |     row_limit: u64,
105 | | }
    | |_^

warning: type does not implement `std::fmt::Debug`; consider adding `#[derive(Debug)]` or a manual implementation
   --> crates/platform/runtime/src/plugins/wamn_postgres/resources.rs:145:1
    |
145 | / pub struct PgCursor {
146 | |     state: SharedTxnState,
147 | |     destroyed: Arc<AtomicU64>,
148 | |     name: String,
149 | | }
    | |_^

warning: type does not implement `std::fmt::Debug`; consider adding `#[derive(Debug)]` or a manual implementation
   --> crates/platform/runtime/src/wiring_doorbell.rs:145:1
    |
145 | / pub struct WiringDoorbellListener {
146 | |     shutdown: tokio::sync::watch::Sender<bool>,
147 | |     task: tokio::task::JoinHandle<()>,
148 | | }
    | |_^

warning: `wamn-runtime` (lib) generated 16 warnings
    Checking wamn-execution-host v0.1.0 (/home/kaalin/.cache/wamn-lanes/native-b-adoption-20260910/crates/execution/host)
error[E0277]: `WamnPostgres` doesn't implement `std::fmt::Debug`
  --> crates/execution/host/src/router_driver/native_policy.rs:35:5
   |
33 | #[derive(Debug)]
   |          ----- in this derive macro expansion
34 | pub(super) struct NativePolicyResources {
35 |     pub(super) postgres: Arc<WamnPostgres>,
   |     ^^^^^^^^^^^^^^^^^^^^^^^^^^^^^^^^^^^^^^ the trait `std::fmt::Debug` is not implemented for `WamnPostgres`
   |
help: the trait `std::fmt::Debug` is conditionally implemented for `Arc<T, A>`
  --> /rustc/88d9e12ae178fab0fb5cc050a94da85685d449ea/library/alloc/src/sync.rs:3729:17
   |
   = note: unsatisfied requirement introduced here: `WamnPostgres: std::fmt::Debug`

error[E0277]: `WamnLogging` doesn't implement `std::fmt::Debug`
  --> crates/execution/host/src/router_driver/native_policy.rs:36:5
   |
33 | #[derive(Debug)]
   |          ----- in this derive macro expansion
...
36 |     pub(super) logging: Arc<WamnLogging>,
   |     ^^^^^^^^^^^^^^^^^^^^^^^^^^^^^^^^^^^^ the trait `std::fmt::Debug` is not implemented for `WamnLogging`
   |
help: the trait `std::fmt::Debug` is conditionally implemented for `Arc<T, A>`
  --> /rustc/88d9e12ae178fab0fb5cc050a94da85685d449ea/library/alloc/src/sync.rs:3729:17
   |
   = note: unsatisfied requirement introduced here: `WamnLogging: std::fmt::Debug`

error[E0277]: `ConnectionHttp` doesn't implement `std::fmt::Debug`
  --> crates/execution/host/src/router_driver/native_policy.rs:37:5
   |
33 | #[derive(Debug)]
   |          ----- in this derive macro expansion
...
37 |     pub(super) connection_http: Arc<ConnectionHttp>,
   |     ^^^^^^^^^^^^^^^^^^^^^^^^^^^^^^^^^^^^^^^^^^^^^^^ the trait `std::fmt::Debug` is not implemented for `ConnectionHttp`
   |
help: the trait `std::fmt::Debug` is conditionally implemented for `Arc<T, A>`
  --> /rustc/88d9e12ae178fab0fb5cc050a94da85685d449ea/library/alloc/src/sync.rs:3729:17
   |
   = note: unsatisfied requirement introduced here: `ConnectionHttp: std::fmt::Debug`

error[E0599]: no method named `name` found for mutable reference `&'life1 mut WorkloadItem<'a>` in the current scope
   --> crates/execution/host/src/router_driver/native_policy.rs:380:23
    |
380 |             .get(item.name())
    |                       ^^^^ method not found in `&'life1 mut WorkloadItem<'a>`

Some errors have detailed explanations: E0277, E0599.
For more information about an error, try `rustc --explain E0277`.
error: could not compile `wamn-execution-host` (lib) due to 4 previous errors
