2026-09-08T10:25:11.303104826Z 2026-09-08T10:25:11.303036Z  INFO connected to NATS
2026-09-08T10:25:11.323797106Z 2026-09-08T10:25:11.323725Z  INFO wiring activation doorbell listening; dropped every cached pointer channel="wamn_wiring_activation" dropped=0
2026-09-08T10:25:11.417466016Z 2026-09-08T10:25:11.417356Z  INFO release component pull completed component_digest=sha256:ae12741669b22abbc09b72f4243c83e996c15c46a5b3d925cbd1cf11d4355715 component_bytes=466014 elapsed_ms=17
2026-09-08T10:25:11.418828499Z 2026-09-08T10:25:11.418786Z  INFO release component pull completed component_digest=sha256:8057a076d949d21effa45dfff27812f995f5ac101c38f52ac6d66108f1b15b60 component_bytes=668618 elapsed_ms=19
2026-09-08T10:25:11.422037412Z 2026-09-08T10:25:11.421985Z  INFO release component compilation completed component_digest=sha256:ae12741669b22abbc09b72f4243c83e996c15c46a5b3d925cbd1cf11d4355715 compile_ms=4 compile_wall_ms=4
2026-09-08T10:25:11.425081012Z 2026-09-08T10:25:11.425013Z  INFO release component compilation completed component_digest=sha256:8057a076d949d21effa45dfff27812f995f5ac101c38f52ac6d66108f1b15b60 compile_ms=6 compile_wall_ms=6
2026-09-08T10:25:11.425434395Z 2026-09-08T10:25:11.425388Z  WARN wamn.component.linker_setup:wamn.linker.register: component imports wamn:postgres but sets no wamn.tenant; calls will be refused component="receiving#0"
2026-09-08T10:25:11.425738284Z 2026-09-08T10:25:11.425698Z  INFO release component instantiation completed component_digest=sha256:8057a076d949d21effa45dfff27812f995f5ac101c38f52ac6d66108f1b15b60 elapsed_ms=0 total_elapsed_ms=26
2026-09-08T10:25:11.426100654Z 2026-09-08T10:25:11.426067Z  WARN wamn.component.linker_setup:wamn.linker.register: component imports wamn:postgres but sets no wamn.tenant; calls will be refused component="client_acme_receiving#1"
2026-09-08T10:25:11.426324256Z 2026-09-08T10:25:11.426285Z  INFO release component instantiation completed component_digest=sha256:ae12741669b22abbc09b72f4243c83e996c15c46a5b3d925cbd1cf11d4355715 elapsed_ms=0 total_elapsed_ms=26
2026-09-08T10:25:11.426328842Z 2026-09-08T10:25:11.426306Z  INFO synchronous release preload completed synchronous_wirings=13 component_digests=2 elapsed_ms=107
2026-09-08T10:25:11.426381909Z 2026-09-08T10:25:11.426368Z  INFO release preload completed; component cache warm
2026-09-08T10:25:11.434280460Z 2026-09-08T10:25:11.434193Z  INFO wamn-host starting (base plugins: wasi:config, wamn:logging, wasi:otel, wamn:postgres, wamn:jetstream, wamn:flow-http-routing) router_delivery=true
2026-09-08T10:25:11.434304241Z 2026-09-08T10:25:11.434212Z  INFO wamn-host welded to its release effective_release_id=1 manifest_digest=sha256:e54e24c42c4c01728436575077f1f903a75fadc2d149efcc51fefb1bad0e2ea0
2026-09-08T10:25:11.434307298Z 2026-09-08T10:25:11.434227Z  INFO HTTP server listening addr=0.0.0.0:80 protocol="HTTP"
2026-09-08T10:25:11.434317737Z 2026-09-08T10:25:11.434267Z  INFO Starting WASI OTel plugin endpoint=http://otel-collector.wamn-system.svc.cluster.local:4317 protocol="grpc"
2026-09-08T10:25:11.435040194Z 2026-09-08T10:25:11.434978Z  INFO WASI OTel plugin started
2026-09-08T10:25:11.435051887Z 2026-09-08T10:25:11.435000Z  INFO Host started host_id="17b379c8-fb24-4062-b41a-29fc0f331930" friendly_name="racial-slope-9101" host_name="10.244.1.5" labels={"hostgroup": "default"} version="2.8.0"
2026-09-08T10:25:11.435155693Z 2026-09-08T10:25:11.435103Z  INFO Host provides interfaces count=10 interfaces=["wasi:cli/environment,terminal-stderr,stdin,terminal-stdout,terminal-output,exit,stdout,stderr,terminal-input,terminal-stdin@0.2.0", "wasi:clocks/wall-time,monotonic-clock@0.2.0", "wasi:clocks/wall-clock,monotonic-clock@0.2.0", "wasi:filesystem/types,preopens@0.2.0", "wasi:http/incoming-handler,types,outgoing-handler@0.2.0", "wasi:http/handler,types@0.3.0", "wasi:io/error,streams,poll@0.2.0", "wasi:random/insecure-seed,random,insecure@0.2.0", "wasi:random/random@0.2.0", "wasi:sockets/instance-network,udp,ip-name-lookup,network,tcp-create-socket,tcp,udp-create-socket@0.2.0"]
2026-09-08T10:25:11.435188299Z 2026-09-08T10:25:11.435133Z  INFO wamn-host runtime startup completed elapsed_ms=237
