   Compiling proc-macro2 v1.0.107
   Compiling unicode-ident v1.0.24
   Compiling quote v1.0.47
   Compiling libc v0.2.189
   Compiling serde_core v1.0.229
   Compiling syn v3.0.4
   Compiling syn v2.0.119
   Compiling synstructure v0.13.2
   Compiling cfg-if v1.0.4
   Compiling zmij v1.0.23
   Compiling zerofrom-derive v0.1.7
   Compiling memchr v2.8.3
   Compiling zerofrom v0.1.8
   Compiling yoke-derive v0.8.2
   Compiling typenum v1.20.1
   Compiling itoa v1.0.18
   Compiling stable_deref_trait v1.2.1
   Compiling yoke v0.8.3
   Compiling zerovec-derive v0.11.6
   Compiling hybrid-array v0.4.14
   Compiling cmov v0.5.4
   Compiling serde_json v1.0.151
   Compiling ctutils v0.4.2
   Compiling crypto-common v0.2.2
   Compiling zerovec v0.11.8
   Compiling block-buffer v0.12.1
   Compiling displaydoc v0.2.7
   Compiling const-oid v0.10.2
   Compiling serde v1.0.229
   Compiling digest v0.11.3
   Compiling serde_derive v1.0.229
   Compiling cpufeatures v0.3.0
   Compiling smallvec v1.15.2
   Compiling tinystr v0.8.4
   Compiling litemap v0.8.3
   Compiling writeable v0.6.4
   Compiling icu_locale_core v2.3.0
   Compiling sha2 v0.11.0
   Compiling zerotrie v0.2.5
   Compiling potential_utf v0.1.6
   Compiling icu_normalizer_data v2.3.0
   Compiling icu_properties_data v2.3.0
   Compiling utf8_iter v1.0.4
   Compiling icu_provider v2.3.1
   Compiling icu_collections v2.3.0
   Compiling rand_core v0.10.1
   Compiling autocfg v1.5.1
   Compiling tinyvec_macros v0.1.1
   Compiling getrandom v0.4.3
   Compiling tinyvec v1.12.0
   Compiling num-traits v0.2.19
   Compiling bytes v1.12.1
   Compiling base64 v0.22.1
   Compiling percent-encoding v2.3.2
   Compiling unicode-normalization v0.1.25
   Compiling icu_properties v2.3.0
   Compiling icu_normalizer v2.3.0
   Compiling chacha20 v0.10.1
   Compiling futures-core v0.3.34
   Compiling unicode-bidi v0.3.18
   Compiling getrandom v0.3.4
   Compiling zerocopy v0.8.56
   Compiling version_check v0.9.5
   Compiling futures-sink v0.3.34
   Compiling unicode-properties v0.1.4
   Compiling pin-project-lite v0.2.17
   Compiling ref-cast v1.0.27
   Compiling parking_lot_core v0.9.12
   Compiling ahash v0.8.12
   Compiling stringprep v0.1.5
   Compiling rand v0.10.2
   Compiling idna_adapter v1.2.2
   Compiling md-5 v0.11.0
   Compiling hmac v0.13.0
   Compiling aho-corasick v1.1.5
   Compiling ref-cast-impl v1.0.27
   Compiling tokio-macros v2.7.2
   Compiling socket2 v0.6.5
   Compiling mio v1.2.2
   Compiling serde_derive_internals v0.29.1
   Compiling schemars v0.8.22
   Compiling scopeguard v1.2.0
   Compiling fallible-iterator v0.2.0
   Compiling byteorder v1.5.0
   Compiling regex-syntax v0.8.11
   Compiling deunicode v1.6.2
   Compiling siphasher v1.0.3
   Compiling phf_shared v0.13.1
   Compiling slug v0.1.6
   Compiling postgres-protocol v0.6.12
   Compiling lock_api v0.4.14
   Compiling schemars_derive v0.8.22
   Compiling regex-automata v0.4.18
   Compiling tokio v1.53.1
   Compiling chrono v0.4.45
   Compiling idna v1.1.0
   Compiling form_urlencoded v1.2.2
   Compiling once_cell v1.21.4
   Compiling futures-task v0.3.34
   Compiling dyn-clone v1.0.20
   Compiling borrow-or-share v0.2.4
   Compiling fluent-uri v0.3.2
   Compiling futures-util v0.3.34
   Compiling url v2.5.8
   Compiling parking_lot v0.12.5
   Compiling tokio-util v0.7.19
   Compiling wamn-event-wire v0.1.0 (/home/kaalin/.cache/wamn-lanes/consolidation-sql-package-20260912/apps/platform/events/wire)
   Compiling regex v1.13.1
   Compiling jmespath v0.3.0
   Compiling postgres-types v0.2.14
   Compiling phf v0.13.1
   Compiling futures-channel v0.3.34
   Compiling async-trait v0.1.92
   Compiling whoami v2.1.3
   Compiling winnow v1.0.4
   Compiling appendlist v1.4.0
   Compiling log v0.4.34
   Compiling anyhow v1.0.104
   Compiling tokio-postgres v0.7.18
   Compiling boon v0.6.1
   Compiling toml_parser v1.1.3+spec-1.1.0
   Compiling wamn-execution-contract v0.1.0 (/home/kaalin/.cache/wamn-lanes/consolidation-sql-package-20260912/apps/platform/execution/contract)
   Compiling serde_spanned v1.1.1
   Compiling toml_datetime v0.7.5+spec-1.1.0
   Compiling winnow v0.7.15
   Compiling wamn-component-policy v0.1.0 (/home/kaalin/.cache/wamn-lanes/consolidation-sql-package-20260912/crates/platform/component-policy)
   Compiling lazy_static v1.5.0
   Compiling toml_writer v1.1.2+spec-1.1.0
   Compiling toml v0.9.12+spec-1.1.0
   Compiling wamn-catalog v0.1.0 (/home/kaalin/.cache/wamn-lanes/consolidation-sql-package-20260912/crates/catalog/model)
   Compiling wamn-schema-introspection v0.1.0 (/home/kaalin/.cache/wamn-lanes/consolidation-sql-package-20260912/crates/schema/introspection)
warning: function `canonical_serialized` is never used
   --> crates/catalog/model/src/lib.rs:791:4
    |
791 | fn canonical_serialized(value: &impl Serialize) -> Vec<u8> {
    |    ^^^^^^^^^^^^^^^^^^^^
    |
    = note: `#[warn(dead_code)]` (part of `#[warn(unused)]`) on by default

   Compiling hex v0.4.3
   Compiling wamn-schema-generator v0.1.0 (/home/kaalin/.cache/wamn-lanes/consolidation-sql-package-20260912/crates/schema/generator)
warning: `wamn-catalog` (lib) generated 1 warning
   Compiling wamn-event-reg v0.1.0 (/home/kaalin/.cache/wamn-lanes/consolidation-sql-package-20260912/apps/platform/events/registration)
   Compiling wamn-control-registry v0.1.0 (/home/kaalin/.cache/wamn-lanes/consolidation-sql-package-20260912/crates/control/registry)
   Compiling wamn-pg-core v0.1.0 (/home/kaalin/.cache/wamn-lanes/consolidation-sql-package-20260912/crates/platform/pg-core)
   Compiling wamn-schema-control v0.1.0 (/home/kaalin/.cache/wamn-lanes/consolidation-sql-package-20260912/crates/schema/control)
    Finished `test` profile [unoptimized + debuginfo] target(s) in 43.98s
     Running unittests src/lib.rs (target/debug/deps/wamn_schema_control-9ed332fd56e655c0)

running 8 tests
test package_migrations::tests::registration_preserves_replay_conflicts_and_current_predecessor ... ok
test package_migrations::tests::package_application_refuses_invalid_custom_operation_semantics ... ok
test package_migrations::tests::model_relation_identifiers_follow_the_canonical_snake_case_law ... ok
test package_migrations::tests::same_coordinate_manifest_drift_names_coordinate_and_both_hashes ... ok
test package_migrations::tests::cumulative_upgrade_inherits_exact_prefix_and_runs_only_suffix ... ok
test package_migrations::tests::cumulative_upgrade_refuses_the_first_short_or_divergent_prefix_file ... ok
test package_migrations::tests::gaps_duplicates_and_applied_byte_drift_are_distinct ... ok
test package_migrations::tests::directory_order_is_derived_and_second_convergence_is_noop ... ok

test result: ok. 8 passed; 0 failed; 0 ignored; 0 measured; 101 filtered out; finished in 0.00s

