{
  "summary": {
    "successRate": 1.0,
    "total": 10.003834756,
    "slowest": 0.148872915,
    "fastest": 0.013080258,
    "average": 0.05554503678290384,
    "requestsPerSec": 1154.7571787980062,
    "totalData": 3308544,
    "sizePerRequest": 288,
    "sizePerSec": 330727.57404510654
  },
  "metrics": {
    "success_rate": 1.0,
    "requests_per_sec": 1154.7571787980062,
    "latency_ms": {
      "min": 13.08,
      "mean": 55.545,
      "p50": 53.204,
      "p95": 80.87,
      "p99": 109.756,
      "max": 148.873
    }
  },
  "responseTimeHistogram": {
    "0.013080258": 1,
    "0.0266595237": 28,
    "0.0402387894": 788,
    "0.0538180551": 5260,
    "0.0673973208": 3948,
    "0.08097658649999999": 891,
    "0.0945558522": 318,
    "0.1081351179": 114,
    "0.12171438359999999": 128,
    "0.13529364929999999": 11,
    "0.148872915": 1
  },
  "latencyPercentiles": {
    "p10": 0.043968824,
    "p25": 0.04807867,
    "p50": 0.053204249,
    "p75": 0.060332579,
    "p90": 0.070609207,
    "p95": 0.080869872,
    "p99": 0.109755685,
    "p99.9": 0.12197945,
    "p99.99": 0.129706389
  },
  "firstByteHistogram": {
    "0.013070748": 1,
    "0.026650113700000002": 28,
    "0.040229479400000004": 788,
    "0.05380884510000001": 5263,
    "0.06738821080000001": 3945,
    "0.0809675765": 890,
    "0.09454694220000001": 319,
    "0.10812630790000002": 114,
    "0.12170567360000001": 128,
    "0.13528503930000002": 11,
    "0.148864405": 1
  },
  "firstBytePercentiles": {
    "p10": 0.043960032,
    "p25": 0.04806333,
    "p50": 0.053195133,
    "p75": 0.060315604,
    "p90": 0.070585996,
    "p95": 0.080864931,
    "p99": 0.109746874,
    "p99.9": 0.121973971,
    "p99.99": 0.129691328
  },
  "rps": {
    "mean": 1148.8231681923282,
    "stddev": 485.47119316411215,
    "max": 3411.4207544005408,
    "min": 55.48444299445125,
    "percentiles": {
      "p10": 531.2459758116357,
      "p25": 814.9734252446743,
      "p50": 1120.7496829119061,
      "p75": 1448.3519255166389,
      "p90": 1774.2371888985995,
      "p95": 1990.5672257506794,
      "p99": 2296.1753984093743,
      "p99.9": 3248.5821563177033,
      "p99.99": 3411.4207544005408
    }
  },
  "details": {
    "DNSDialup": {
      "average": 0.00374902875,
      "fastest": 0.000430985,
      "slowest": 0.005314103
    },
    "DNSLookup": {
      "average": 0.00002660285937500001,
      "fastest": 0.000013107,
      "slowest": 0.000075404
    },
    "firstByte": {
      "average": 0.05553167472197089,
      "fastest": 0.013070748,
      "slowest": 0.148864405
    }
  },
  "statusCodeDistribution": {
    "200": 11488
  },
  "errorDistribution": {
    "aborted due to deadline": 64
  }
}