2026-09-09T21:29:58.709899Z  INFO connected to NATS
2026-09-09T21:29:58.710175Z  INFO host memory resolved max_guest_memory=4GiB guest_memory_mode="count" default_heap_memory=256MiB core_instances=512 memories=512 pool_reservation=128GiB
2026-09-09T21:29:58.728477Z  INFO wiring activation doorbell listening; dropped every cached pointer channel="wamn_wiring_activation" dropped=0
2026-09-09T21:29:58.818407Z  INFO release component pull completed component_digest=sha256:710586d8b7fa9ff054d84203d981832659ae9baa618ed03b14588d1168d68d2e component_bytes=466355 elapsed_ms=14
2026-09-09T21:29:58.820820Z  INFO release component pull completed component_digest=sha256:1f481deceaea9e217fb19819c750ce39fec8e9a1e19686e43dc2ebf65b1d9fef component_bytes=669281 elapsed_ms=16
2026-09-09T21:29:59.229342Z  INFO release component compilation completed component_digest=sha256:710586d8b7fa9ff054d84203d981832659ae9baa618ed03b14588d1168d68d2e compile_ms=410 compile_wall_ms=410
2026-09-09T21:29:59.236018Z  INFO release component compilation completed component_digest=sha256:1f481deceaea9e217fb19819c750ce39fec8e9a1e19686e43dc2ebf65b1d9fef compile_ms=415 compile_wall_ms=415
2026-09-09T21:29:59.236399Z  WARN wamn.component.linker_setup:wamn.linker.register: component imports wamn:postgres but sets no wamn.tenant; calls will be refused component="receiving#0"
2026-09-09T21:29:59.236693Z  INFO release component instantiation completed component_digest=sha256:1f481deceaea9e217fb19819c750ce39fec8e9a1e19686e43dc2ebf65b1d9fef elapsed_ms=0 total_elapsed_ms=432
2026-09-09T21:29:59.236988Z  WARN wamn.component.linker_setup:wamn.linker.register: component imports wamn:postgres but sets no wamn.tenant; calls will be refused component="client_acme_receiving#1"
2026-09-09T21:29:59.237158Z  INFO release component instantiation completed component_digest=sha256:710586d8b7fa9ff054d84203d981832659ae9baa618ed03b14588d1168d68d2e elapsed_ms=0 total_elapsed_ms=432
2026-09-09T21:29:59.237184Z  INFO synchronous release preload completed synchronous_wirings=13 component_digests=2 elapsed_ms=517
2026-09-09T21:29:59.237267Z  INFO release preload completed; component cache warm
2026-09-09T21:29:59.245842Z  INFO wamn-host starting (base plugins: wasi:config, wamn:logging, wasi:otel, wamn:postgres, wamn:jetstream, wamn:flow-http-routing) router_delivery=true
2026-09-09T21:29:59.245860Z  INFO wamn-host welded to its release effective_release_id=1 manifest_digest=sha256:e633957452b28418875cdc69a5574d078da95daf94aa9fda76c5ad84cc3dee94
2026-09-09T21:29:59.245879Z  INFO HTTP server listening addr=127.0.0.1:35743 protocol="HTTP"
2026-09-09T21:29:59.245885Z  INFO probe server listening addr=127.0.0.1:37661
2026-09-09T21:29:59.245912Z  INFO Starting WASI OTel plugin endpoint=http://127.0.0.1:46123 protocol="grpc"
2026-09-09T21:29:59.246423Z  INFO WASI OTel plugin started
2026-09-09T21:29:59.246435Z  INFO Host started host_id="4e50c243-8b33-421f-929b-c067f5f801cb" friendly_name="ruddy-manager-0224" host_name="startup-9e465adef125-3974453" labels={"hostgroup": "startup-9e465adef125-3974453"} version="2.9.0" max_concurrent_starts=4
2026-09-09T21:29:59.246543Z  INFO Host provides interfaces count=10 interfaces=["wasi:cli/terminal-stderr,terminal-input,terminal-stdout,stdout,exit,terminal-stdin,environment,stderr,stdin,terminal-output@0.2.0", "wasi:clocks/monotonic-clock,wall-time@0.2.0", "wasi:clocks/wall-clock,monotonic-clock@0.2.0", "wasi:filesystem/preopens,types@0.2.0", "wasi:http/types,outgoing-handler,incoming-handler@0.2.0", "wasi:http/handler,types@0.3.0", "wasi:io/streams,poll,error@0.2.0", "wasi:random/insecure-seed,insecure,random@0.2.0", "wasi:random/random@0.2.0", "wasi:sockets/udp,ip-name-lookup,instance-network,tcp-create-socket,network,tcp,udp-create-socket@0.2.0"]
2026-09-09T21:29:59.246563Z  INFO wamn-host runtime startup completed elapsed_ms=555 cleanup_budget_secs=51
2026-09-09T21:29:59.352805Z  INFO workload_start{workload_id=startup-9e465adef125-3974453-cold-1 workload.name="startup-9e465adef125-3974453-cold-1" workload.namespace="wamn-receiving-journey"}: Starting workload workload_id="startup-9e465adef125-3974453-cold-1" namespace="wamn-receiving-journey" name="startup-9e465adef125-3974453-cold-1"
2026-09-09T21:29:59.365229Z  INFO workload_start{workload_id=startup-9e465adef125-3974453-cold-3 workload.name="startup-9e465adef125-3974453-cold-3" workload.namespace="wamn-receiving-journey"}: Starting workload workload_id="startup-9e465adef125-3974453-cold-3" namespace="wamn-receiving-journey" name="startup-9e465adef125-3974453-cold-3"
2026-09-09T21:29:59.373293Z  WARN handle_http_request{http.method=POST http.uri=/purchase_order/get http.host=receiving.localhost http.request.method=POST url.path=/purchase_order/get server.address="receiving.localhost"}: failed to route incoming request err=router is temporarily unavailable
2026-09-09T21:29:59.386728Z  WARN handle_http_request{http.method=POST http.uri=/purchase_order/get http.host=receiving.localhost http.request.method=POST url.path=/purchase_order/get server.address="receiving.localhost"}: failed to route incoming request err=router is temporarily unavailable
2026-09-09T21:29:59.399649Z  WARN handle_http_request{http.method=POST http.uri=/purchase_order/get http.host=receiving.localhost http.request.method=POST url.path=/purchase_order/get server.address="receiving.localhost"}: failed to route incoming request err=router is temporarily unavailable
2026-09-09T21:29:59.401694Z  INFO workload_start{workload_id=startup-9e465adef125-3974453-cold-2 workload.name="startup-9e465adef125-3974453-cold-2" workload.namespace="wamn-receiving-journey"}: Starting workload workload_id="startup-9e465adef125-3974453-cold-2" namespace="wamn-receiving-journey" name="startup-9e465adef125-3974453-cold-2"
2026-09-09T21:29:59.413605Z  INFO workload_start{workload_id=startup-9e465adef125-3974453-cold-5 workload.name="startup-9e465adef125-3974453-cold-5" workload.namespace="wamn-receiving-journey"}: Starting workload workload_id="startup-9e465adef125-3974453-cold-5" namespace="wamn-receiving-journey" name="startup-9e465adef125-3974453-cold-5"
2026-09-09T21:29:59.440707Z  WARN handle_http_request{http.method=POST http.uri=/purchase_order/get http.host=receiving.localhost http.request.method=POST url.path=/purchase_order/get server.address="receiving.localhost"}: failed to route incoming request err=router is temporarily unavailable
2026-09-09T21:29:59.510152Z  WARN handle_http_request{http.method=POST http.uri=/purchase_order/get http.host=receiving.localhost http.request.method=POST url.path=/purchase_order/get server.address="receiving.localhost"}:invoke_component_handler{workload.name="startup-9e465adef125-3974453-cold-3" workload.namespace="wamn-receiving-journey" workload.id="startup-9e465adef125-3974453-cold-3"}:wamn.component.invoke{wamn.tenant=receiving-route-auth wamn.project=receiving wamn.environment=dev wamn.wiring_id=purchase_order_get wamn.wiring_version=1 wamn.component_digest=sha256:1f481deceaea9e217fb19819c750ce39fec8e9a1e19686e43dc2ebf65b1d9fef wamn.node_id=operation wamn.operation=wamn-receiving:purchase-order/get@1.0.0 wamn.caller_principal_id="dc75ac66-f6c7-499e-9724-c73a8e670d12" wamn.caller_credential_kind="pat"}:wamn.component.linker_setup:wamn.linker.register: component imports wamn:postgres but sets no wamn.tenant; calls will be refused component="receiving#2"
2026-09-09T21:29:59.525234Z  INFO workload_start{workload_id=startup-9e465adef125-3974453-cold-4 workload.name="startup-9e465adef125-3974453-cold-4" workload.namespace="wamn-receiving-journey"}: Starting workload workload_id="startup-9e465adef125-3974453-cold-4" namespace="wamn-receiving-journey" name="startup-9e465adef125-3974453-cold-4"
2026-09-09T21:29:59.526394Z  INFO workload_start{workload_id=startup-9e465adef125-3974453-cold-0 workload.name="startup-9e465adef125-3974453-cold-0" workload.namespace="wamn-receiving-journey"}: Starting workload workload_id="startup-9e465adef125-3974453-cold-0" namespace="wamn-receiving-journey" name="startup-9e465adef125-3974453-cold-0"
2026-09-09T21:29:59.530352Z  INFO workload_start{workload_id=startup-9e465adef125-3974453-cold-7 workload.name="startup-9e465adef125-3974453-cold-7" workload.namespace="wamn-receiving-journey"}: Starting workload workload_id="startup-9e465adef125-3974453-cold-7" namespace="wamn-receiving-journey" name="startup-9e465adef125-3974453-cold-7"
2026-09-09T21:29:59.532510Z  INFO workload_start{workload_id=startup-9e465adef125-3974453-cold-6 workload.name="startup-9e465adef125-3974453-cold-6" workload.namespace="wamn-receiving-journey"}: Starting workload workload_id="startup-9e465adef125-3974453-cold-6" namespace="wamn-receiving-journey" name="startup-9e465adef125-3974453-cold-6"
2026-09-09T21:29:59.538409Z  WARN handle_http_request{http.method=POST http.uri=/purchase_order/get http.host=receiving.localhost http.request.method=POST url.path=/purchase_order/get server.address="receiving.localhost"}:invoke_component_handler{workload.name="startup-9e465adef125-3974453-cold-3" workload.namespace="wamn-receiving-journey" workload.id="startup-9e465adef125-3974453-cold-3"}:wamn.component.invoke{wamn.tenant=receiving-route-auth wamn.project=receiving wamn.environment=dev wamn.wiring_id=purchase_order_get wamn.wiring_version=1 wamn.component_digest=sha256:1f481deceaea9e217fb19819c750ce39fec8e9a1e19686e43dc2ebf65b1d9fef wamn.node_id=operation wamn.operation=wamn-receiving:purchase-order/get@1.0.0 wamn.caller_principal_id="dc75ac66-f6c7-499e-9724-c73a8e670d12" wamn.caller_credential_kind="pat"}:wamn.component.linker_setup:wamn.linker.register: component imports wamn:postgres but sets no wamn.tenant; calls will be refused component="receiving#3"
2026-09-09T21:29:59.542236Z  WARN handle_http_request{http.method=POST http.uri=/purchase_order/get http.host=receiving.localhost http.request.method=POST url.path=/purchase_order/get server.address="receiving.localhost"}:invoke_component_handler{workload.name="startup-9e465adef125-3974453-cold-5" workload.namespace="wamn-receiving-journey" workload.id="startup-9e465adef125-3974453-cold-5"}:wamn.component.invoke{wamn.tenant=receiving-route-auth wamn.project=receiving wamn.environment=dev wamn.wiring_id=purchase_order_get wamn.wiring_version=1 wamn.component_digest=sha256:1f481deceaea9e217fb19819c750ce39fec8e9a1e19686e43dc2ebf65b1d9fef wamn.node_id=operation wamn.operation=wamn-receiving:purchase-order/get@1.0.0 wamn.caller_principal_id="dc75ac66-f6c7-499e-9724-c73a8e670d12" wamn.caller_credential_kind="pat"}:wamn.component.linker_setup:wamn.linker.register: component imports wamn:postgres but sets no wamn.tenant; calls will be refused component="receiving#4"
2026-09-09T21:29:59.555897Z  WARN handle_http_request{http.method=POST http.uri=/purchase_order/get http.host=receiving.localhost http.request.method=POST url.path=/purchase_order/get server.address="receiving.localhost"}:invoke_component_handler{workload.name="startup-9e465adef125-3974453-cold-1" workload.namespace="wamn-receiving-journey" workload.id="startup-9e465adef125-3974453-cold-1"}:wamn.component.invoke{wamn.tenant=receiving-route-auth wamn.project=receiving wamn.environment=dev wamn.wiring_id=purchase_order_get wamn.wiring_version=1 wamn.component_digest=sha256:1f481deceaea9e217fb19819c750ce39fec8e9a1e19686e43dc2ebf65b1d9fef wamn.node_id=operation wamn.operation=wamn-receiving:purchase-order/get@1.0.0 wamn.caller_principal_id="dc75ac66-f6c7-499e-9724-c73a8e670d12" wamn.caller_credential_kind="pat"}:wamn.component.linker_setup:wamn.linker.register: component imports wamn:postgres but sets no wamn.tenant; calls will be refused component="receiving#5"
2026-09-09T21:29:59.590142Z  INFO workload_start{workload_id=startup-9e465adef125-3974453-warm-5 workload.name="startup-9e465adef125-3974453-warm-5" workload.namespace="wamn-receiving-journey"}: Starting workload workload_id="startup-9e465adef125-3974453-warm-5" namespace="wamn-receiving-journey" name="startup-9e465adef125-3974453-warm-5"
2026-09-09T21:29:59.595839Z  INFO workload_start{workload_id=startup-9e465adef125-3974453-warm-0 workload.name="startup-9e465adef125-3974453-warm-0" workload.namespace="wamn-receiving-journey"}: Starting workload workload_id="startup-9e465adef125-3974453-warm-0" namespace="wamn-receiving-journey" name="startup-9e465adef125-3974453-warm-0"
2026-09-09T21:29:59.603115Z  INFO workload_start{workload_id=startup-9e465adef125-3974453-warm-3 workload.name="startup-9e465adef125-3974453-warm-3" workload.namespace="wamn-receiving-journey"}: Starting workload workload_id="startup-9e465adef125-3974453-warm-3" namespace="wamn-receiving-journey" name="startup-9e465adef125-3974453-warm-3"
2026-09-09T21:29:59.603924Z  INFO workload_start{workload_id=startup-9e465adef125-3974453-warm-2 workload.name="startup-9e465adef125-3974453-warm-2" workload.namespace="wamn-receiving-journey"}: Starting workload workload_id="startup-9e465adef125-3974453-warm-2" namespace="wamn-receiving-journey" name="startup-9e465adef125-3974453-warm-2"
2026-09-09T21:29:59.604352Z  WARN handle_http_request{http.method=POST http.uri=/purchase_order/get http.host=receiving.localhost http.request.method=POST url.path=/purchase_order/get server.address="receiving.localhost"}:invoke_component_handler{workload.name="startup-9e465adef125-3974453-cold-1" workload.namespace="wamn-receiving-journey" workload.id="startup-9e465adef125-3974453-cold-1"}:wamn.component.invoke{wamn.tenant=receiving-route-auth wamn.project=receiving wamn.environment=dev wamn.wiring_id=purchase_order_get wamn.wiring_version=1 wamn.component_digest=sha256:1f481deceaea9e217fb19819c750ce39fec8e9a1e19686e43dc2ebf65b1d9fef wamn.node_id=operation wamn.operation=wamn-receiving:purchase-order/get@1.0.0 wamn.caller_principal_id="dc75ac66-f6c7-499e-9724-c73a8e670d12" wamn.caller_credential_kind="pat"}:wamn.component.linker_setup:wamn.linker.register: component imports wamn:postgres but sets no wamn.tenant; calls will be refused component="receiving#6"
2026-09-09T21:29:59.629308Z  INFO workload_start{workload_id=startup-9e465adef125-3974453-warm-1 workload.name="startup-9e465adef125-3974453-warm-1" workload.namespace="wamn-receiving-journey"}: Starting workload workload_id="startup-9e465adef125-3974453-warm-1" namespace="wamn-receiving-journey" name="startup-9e465adef125-3974453-warm-1"
2026-09-09T21:29:59.638747Z  INFO workload_start{workload_id=startup-9e465adef125-3974453-warm-4 workload.name="startup-9e465adef125-3974453-warm-4" workload.namespace="wamn-receiving-journey"}: Starting workload workload_id="startup-9e465adef125-3974453-warm-4" namespace="wamn-receiving-journey" name="startup-9e465adef125-3974453-warm-4"
2026-09-09T21:29:59.645152Z  INFO workload_start{workload_id=startup-9e465adef125-3974453-warm-7 workload.name="startup-9e465adef125-3974453-warm-7" workload.namespace="wamn-receiving-journey"}: Starting workload workload_id="startup-9e465adef125-3974453-warm-7" namespace="wamn-receiving-journey" name="startup-9e465adef125-3974453-warm-7"
2026-09-09T21:29:59.645377Z  INFO workload_start{workload_id=startup-9e465adef125-3974453-warm-6 workload.name="startup-9e465adef125-3974453-warm-6" workload.namespace="wamn-receiving-journey"}: Starting workload workload_id="startup-9e465adef125-3974453-warm-6" namespace="wamn-receiving-journey" name="startup-9e465adef125-3974453-warm-6"
2026-09-09T21:29:59.651241Z  WARN handle_http_request{http.method=POST http.uri=/purchase_order/get http.host=receiving.localhost http.request.method=POST url.path=/purchase_order/get server.address="receiving.localhost"}:invoke_component_handler{workload.name="startup-9e465adef125-3974453-cold-0" workload.namespace="wamn-receiving-journey" workload.id="startup-9e465adef125-3974453-cold-0"}:wamn.component.invoke{wamn.tenant=receiving-route-auth wamn.project=receiving wamn.environment=dev wamn.wiring_id=purchase_order_get wamn.wiring_version=1 wamn.component_digest=sha256:1f481deceaea9e217fb19819c750ce39fec8e9a1e19686e43dc2ebf65b1d9fef wamn.node_id=operation wamn.operation=wamn-receiving:purchase-order/get@1.0.0 wamn.caller_principal_id="dc75ac66-f6c7-499e-9724-c73a8e670d12" wamn.caller_credential_kind="pat"}:wamn.component.linker_setup:wamn.linker.register: component imports wamn:postgres but sets no wamn.tenant; calls will be refused component="receiving#7"
2026-09-09T21:29:59.654673Z  WARN handle_http_request{http.method=POST http.uri=/purchase_order/get http.host=receiving.localhost http.request.method=POST url.path=/purchase_order/get server.address="receiving.localhost"}:invoke_component_handler{workload.name="startup-9e465adef125-3974453-cold-4" workload.namespace="wamn-receiving-journey" workload.id="startup-9e465adef125-3974453-cold-4"}:wamn.component.invoke{wamn.tenant=receiving-route-auth wamn.project=receiving wamn.environment=dev wamn.wiring_id=purchase_order_get wamn.wiring_version=1 wamn.component_digest=sha256:1f481deceaea9e217fb19819c750ce39fec8e9a1e19686e43dc2ebf65b1d9fef wamn.node_id=operation wamn.operation=wamn-receiving:purchase-order/get@1.0.0 wamn.caller_principal_id="dc75ac66-f6c7-499e-9724-c73a8e670d12" wamn.caller_credential_kind="pat"}:wamn.component.linker_setup:wamn.linker.register: component imports wamn:postgres but sets no wamn.tenant; calls will be refused component="receiving#8"
2026-09-09T21:29:59.656782Z  INFO workload_stop{workload_id=startup-9e465adef125-3974453-cold-0}: Stopping workload workload_id="startup-9e465adef125-3974453-cold-0"
2026-09-09T21:29:59.657487Z  INFO workload_stop{workload_id=startup-9e465adef125-3974453-cold-1}: Stopping workload workload_id="startup-9e465adef125-3974453-cold-1"
2026-09-09T21:29:59.658171Z  INFO workload_stop{workload_id=startup-9e465adef125-3974453-cold-2}: Stopping workload workload_id="startup-9e465adef125-3974453-cold-2"
2026-09-09T21:29:59.658813Z  INFO workload_stop{workload_id=startup-9e465adef125-3974453-cold-3}: Stopping workload workload_id="startup-9e465adef125-3974453-cold-3"
2026-09-09T21:29:59.659415Z  INFO workload_stop{workload_id=startup-9e465adef125-3974453-cold-4}: Stopping workload workload_id="startup-9e465adef125-3974453-cold-4"
2026-09-09T21:29:59.660020Z  INFO workload_stop{workload_id=startup-9e465adef125-3974453-cold-5}: Stopping workload workload_id="startup-9e465adef125-3974453-cold-5"
2026-09-09T21:29:59.660556Z  INFO workload_stop{workload_id=startup-9e465adef125-3974453-cold-6}: Stopping workload workload_id="startup-9e465adef125-3974453-cold-6"
2026-09-09T21:29:59.661149Z  INFO workload_stop{workload_id=startup-9e465adef125-3974453-cold-7}: Stopping workload workload_id="startup-9e465adef125-3974453-cold-7"
2026-09-09T21:29:59.661782Z  INFO workload_stop{workload_id=startup-9e465adef125-3974453-warm-0}: Stopping workload workload_id="startup-9e465adef125-3974453-warm-0"
2026-09-09T21:29:59.662300Z  INFO workload_stop{workload_id=startup-9e465adef125-3974453-warm-1}: Stopping workload workload_id="startup-9e465adef125-3974453-warm-1"
2026-09-09T21:29:59.662859Z  INFO workload_stop{workload_id=startup-9e465adef125-3974453-warm-2}: Stopping workload workload_id="startup-9e465adef125-3974453-warm-2"
2026-09-09T21:29:59.663566Z  INFO workload_stop{workload_id=startup-9e465adef125-3974453-warm-3}: Stopping workload workload_id="startup-9e465adef125-3974453-warm-3"
2026-09-09T21:29:59.664233Z  INFO workload_stop{workload_id=startup-9e465adef125-3974453-warm-4}: Stopping workload workload_id="startup-9e465adef125-3974453-warm-4"
2026-09-09T21:29:59.664742Z  INFO workload_stop{workload_id=startup-9e465adef125-3974453-warm-5}: Stopping workload workload_id="startup-9e465adef125-3974453-warm-5"
2026-09-09T21:29:59.665150Z  INFO workload_stop{workload_id=startup-9e465adef125-3974453-warm-6}: Stopping workload workload_id="startup-9e465adef125-3974453-warm-6"
2026-09-09T21:29:59.665516Z  INFO workload_stop{workload_id=startup-9e465adef125-3974453-warm-7}: Stopping workload workload_id="startup-9e465adef125-3974453-warm-7"
2026-09-09T21:29:59.668267Z  INFO shutting down wamn-host
2026-09-09T21:29:59.668308Z  INFO HTTP server stopping addr=127.0.0.1:35743
2026-09-09T21:29:59.668353Z  INFO Stopping WASI OTel plugin
2026-09-09T21:29:59.668709Z  INFO WASI OTel plugin stopped
2026-09-09T21:29:59.668898Z  INFO HTTP server received shutdown signal
