2026-09-11T00:44:15Z curl --disable --version 
2026-09-11T00:44:15Z env CARGO_TARGET_DIR=/home/kaalin/.cache/wamn-lanes/receiving-postcommit-controls-20260910/target RUSTC_WRAPPER= /home/kaalin/.cache/wamn-lanes/receiving-postcommit-controls-20260910/tools/build-components m1 
2026-09-11T00:44:24Z env CARGO_TARGET_DIR=/home/kaalin/.cache/wamn-lanes/receiving-postcommit-controls-20260910/target RUSTC_WRAPPER= cargo build --locked -p wamn-ctl -p wamn-identity -p wamn-cdc-reader -p wamn-scenario-worker -p wamn-executor 
2026-09-11T00:46:52Z docker build --platform=linux/amd64 --provenance=false --file /home/kaalin/.cache/wamn-lanes/receiving-postcommit-controls-20260910/Dockerfile --target host --tag wamn-host:receiving-e581881623a3-2959114-release --label wamn.dev/source-head=e581881623a3e8f4378f768309242bfaf9eed224 --label wamn.dev/build-profile=release /home/kaalin/.cache/wamn-lanes/receiving-postcommit-controls-20260910 
2026-09-11T00:54:20Z docker build --platform=linux/amd64 --provenance=false --file /home/kaalin/.cache/wamn-lanes/receiving-postcommit-controls-20260910/Dockerfile --target gates --tag wamn-gates:receiving-e581881623a3-2959114-release --label wamn.dev/source-head=e581881623a3e8f4378f768309242bfaf9eed224 --label wamn.dev/build-profile=release /home/kaalin/.cache/wamn-lanes/receiving-postcommit-controls-20260910 
2026-09-11T01:10:45Z kind create cluster --name wamn-receiving-postcommit --config /tmp/tmp.n9hqI7YDfB/kind-config.yaml --kubeconfig /tmp/tmp.n9hqI7YDfB/kubeconfig 
2026-09-11T01:11:06Z kubectl --kubeconfig /tmp/tmp.n9hqI7YDfB/kubeconfig --context kind-wamn-receiving-postcommit wait --for=condition=Ready nodes --all --timeout=180s 
2026-09-11T01:11:20Z kubectl --kubeconfig /tmp/tmp.n9hqI7YDfB/kubeconfig --context kind-wamn-receiving-postcommit create namespace wamn-receiving-postcommit 
2026-09-11T01:11:20Z kind load docker-image wamn-host:receiving-e581881623a3-2959114-release --name wamn-receiving-postcommit 
2026-09-11T01:11:27Z kind load docker-image wamn-gates:receiving-e581881623a3-2959114-release --name wamn-receiving-postcommit 
2026-09-11T01:11:42Z htpasswd \<credential-bearing\ arguments\ redacted\> 
2026-09-11T01:11:44Z postgres \<credential-bearing\ arguments\ redacted\> 
2026-09-11T01:11:44Z docker run --detach --name wamn-receiving-registry-e581881623a3-2959114 --network kind --env REGISTRY_AUTH=htpasswd --env REGISTRY_AUTH_HTPASSWD_REALM=WAMN\ Receiving\ cluster\ journey --env REGISTRY_AUTH_HTPASSWD_PATH=/auth/htpasswd --volume /tmp/tmp.n9hqI7YDfB/htpasswd:/auth/htpasswd:ro registry:2 
2026-09-11T01:11:45Z docker run --detach --name wamn-receiving-nats-e581881623a3-2959114 --network kind nats:2.10-alpine --jetstream --store_dir /data --http_port 8222 
2026-09-11T01:11:47Z psql \<owned\ PostgreSQL\ administrator\> CREATE\ DATABASE\ wamn_system 
2026-09-11T01:11:47Z cargo test production_two_package_release_serves_all_thirteen_pat_routes \<journey\ document\ with\ disposable\ PostgreSQL\ and\ OCI\ inputs\ redacted\> 
2026-09-11T01:13:42Z kubectl --kubeconfig /tmp/tmp.n9hqI7YDfB/kubeconfig --context kind-wamn-receiving-postcommit apply -f /tmp/tmp.n9hqI7YDfB/route-caller-pat-kube.json 
2026-09-11T01:13:45Z env DOCKER_CONFIG=\<private-registry-directory\> /home/kaalin/.cache/wamn-lanes/receiving-postcommit-controls-20260910/.tools/wash/2.9.0/wash -o json oci push --insecure 172.28.0.9:5000/wamn/flow-http:receiving-e581881623a3-2959114-release /home/kaalin/.cache/wamn-lanes/receiving-postcommit-controls-20260910/target/wasm32-wasip2/release/http_route.wasm 
2026-09-11T01:13:46Z env DOCKER_CONFIG=\<private-registry-directory\> /home/kaalin/.cache/wamn-lanes/receiving-postcommit-controls-20260910/.tools/wash/2.9.0/wash -o json oci push --insecure 172.28.0.9:5000/wamn/materializer:receiving-e581881623a3-2959114-release /home/kaalin/.cache/wamn-lanes/receiving-postcommit-controls-20260910/target/wasm32-wasip2/release/materializer.wasm 
2026-09-11T01:13:46Z enable-cdc-project-env \<credential-bearing\ arguments\ redacted\> 
2026-09-11T01:13:46Z apply-cdc-role \<credential-bearing\ arguments\ redacted\> 
2026-09-11T01:13:46Z apply-cdc-stream \<credential-bearing\ arguments\ redacted\> 
2026-09-11T01:13:46Z prepare-registry-reader \<credential-bearing\ arguments\ redacted\> 
2026-09-11T01:13:47Z env WAMN_SYSTEM_URL=\<registry-reader\ credential\ redacted\> WAMN_CDC_URL=\<replication\ credential\ redacted\> /home/kaalin/.cache/wamn-lanes/receiving-postcommit-controls-20260910/target/debug/wamn-cdc-reader --log-level info --org acme --project receiving --env dev --nats-url nats://172.28.0.10:4222 --sslmode disable --stream-replicas 1 --dup-window-secs 120 --feedback-secs 1 --stall-threshold-secs 30 --slot-poll-secs 0 --slot-safe-wal-warn-bytes 268435456 
2026-09-11T01:13:48Z print-release-env \<credential-bearing\ arguments\ redacted\> 
2026-09-11T01:13:49Z kubectl --kubeconfig /tmp/tmp.n9hqI7YDfB/kubeconfig --context kind-wamn-receiving-postcommit apply -f /tmp/tmp.n9hqI7YDfB/host-secrets/guest-sql.json 
2026-09-11T01:13:49Z kubectl --kubeconfig /tmp/tmp.n9hqI7YDfB/kubeconfig --context kind-wamn-receiving-postcommit apply -f /tmp/tmp.n9hqI7YDfB/host-secrets/executor-platform.json 
2026-09-11T01:13:49Z kubectl --kubeconfig /tmp/tmp.n9hqI7YDfB/kubeconfig --context kind-wamn-receiving-postcommit apply -f /tmp/tmp.n9hqI7YDfB/host-secrets/identity-reader.json 
2026-09-11T01:13:49Z kubectl --kubeconfig /tmp/tmp.n9hqI7YDfB/kubeconfig --context kind-wamn-receiving-postcommit apply -f /tmp/tmp.n9hqI7YDfB/host-secrets/http-admitter.json 
2026-09-11T01:13:49Z kubectl --kubeconfig /tmp/tmp.n9hqI7YDfB/kubeconfig --context kind-wamn-receiving-postcommit apply -f /tmp/tmp.n9hqI7YDfB/host-secrets/event-materializer.json 
2026-09-11T01:13:49Z kubectl --kubeconfig /tmp/tmp.n9hqI7YDfB/kubeconfig --context kind-wamn-receiving-postcommit -n wamn-receiving-postcommit create secret generic wamn-registry-pull --type=kubernetes.io/dockerconfigjson --from-file=.dockerconfigjson=\<redacted\> --dry-run=client -o yaml 
2026-09-11T01:13:49Z kubectl --kubeconfig /tmp/tmp.n9hqI7YDfB/kubeconfig --context kind-wamn-receiving-postcommit apply -f /tmp/tmp.n9hqI7YDfB/registry-pull.yaml 
2026-09-11T01:13:49Z kubectl --kubeconfig /tmp/tmp.n9hqI7YDfB/kubeconfig --context kind-wamn-receiving-postcommit apply -f /home/kaalin/.cache/wamn-lanes/receiving-postcommit-controls-20260910/deploy/infra/cert-manager.yaml 
2026-09-11T01:13:51Z kubectl --kubeconfig /tmp/tmp.n9hqI7YDfB/kubeconfig --context kind-wamn-receiving-postcommit -n cert-manager wait --for=condition=Available deployment --all --timeout=240s 
2026-09-11T01:14:03Z helm upgrade --install --create-namespace --kubeconfig /tmp/tmp.n9hqI7YDfB/kubeconfig --kube-context kind-wamn-receiving-postcommit --namespace wamn-system wamn oci://ghcr.io/wasmcloud/charts/runtime-operator --version 2.9.0 -f /home/kaalin/.cache/wamn-lanes/receiving-postcommit-controls-20260910/deploy/infra/values-wamn.yaml -f /tmp/tmp.n9hqI7YDfB/operator-values.yaml --wait --timeout 5m 
2026-09-11T01:14:46Z kubectl --kubeconfig /tmp/tmp.n9hqI7YDfB/kubeconfig --context kind-wamn-receiving-postcommit -n wamn-system get deployment runtime-operator -o json 
2026-09-11T01:14:46Z kubectl --kubeconfig /tmp/tmp.n9hqI7YDfB/kubeconfig --context kind-wamn-receiving-postcommit apply -f /tmp/tmp.n9hqI7YDfB/runtime-operator-events-rbac.yaml 
2026-09-11T01:14:46Z kubectl --kubeconfig /tmp/tmp.n9hqI7YDfB/kubeconfig --context kind-wamn-receiving-postcommit -n wamn-receiving-postcommit get role wamn-runtime-operator-events -o json 
2026-09-11T01:14:46Z kubectl --kubeconfig /tmp/tmp.n9hqI7YDfB/kubeconfig --context kind-wamn-receiving-postcommit -n wamn-receiving-postcommit get rolebinding wamn-runtime-operator-events -o json 
2026-09-11T01:14:46Z kubectl --kubeconfig /tmp/tmp.n9hqI7YDfB/kubeconfig --context kind-wamn-receiving-postcommit apply -f /home/kaalin/.cache/wamn-lanes/receiving-postcommit-controls-20260910/deploy/infra/tempo.yaml 
2026-09-11T01:14:46Z kubectl --kubeconfig /tmp/tmp.n9hqI7YDfB/kubeconfig --context kind-wamn-receiving-postcommit apply -f /home/kaalin/.cache/wamn-lanes/receiving-postcommit-controls-20260910/deploy/infra/otel-collector.yaml 
2026-09-11T01:14:46Z kubectl --kubeconfig /tmp/tmp.n9hqI7YDfB/kubeconfig --context kind-wamn-receiving-postcommit -n wamn-system wait --for=condition=Available deployment/tempo deployment/otel-collector --timeout=120s 
2026-09-11T01:14:55Z kubectl --kubeconfig /tmp/tmp.n9hqI7YDfB/kubeconfig --context kind-wamn-receiving-postcommit apply -f /tmp/tmp.n9hqI7YDfB/wasmcloud-ca-copy.json 
2026-09-11T01:14:55Z kubectl --kubeconfig /tmp/tmp.n9hqI7YDfB/kubeconfig --context kind-wamn-receiving-postcommit apply -f /home/kaalin/.cache/wamn-lanes/receiving-postcommit-controls-20260910/deploy/infra/wasmcloud-ca-issuer.yaml 
2026-09-11T01:14:55Z kubectl --kubeconfig /tmp/tmp.n9hqI7YDfB/kubeconfig --context kind-wamn-receiving-postcommit wait --for=condition=Ready clusterissuer/wasmcloud-ca --timeout=60s 
2026-09-11T01:14:56Z kubectl --kubeconfig /tmp/tmp.n9hqI7YDfB/kubeconfig --context kind-wamn-receiving-postcommit apply -f /tmp/tmp.n9hqI7YDfB/host-environment-certs.yaml 
2026-09-11T01:14:56Z kubectl --kubeconfig /tmp/tmp.n9hqI7YDfB/kubeconfig --context kind-wamn-receiving-postcommit -n wamn-receiving-postcommit wait --for=condition=Ready certificate/wasmcloud-runtime-tls certificate/wasmcloud-data-tls --timeout=120s 
2026-09-11T01:14:56Z helm upgrade --install --kubeconfig /tmp/tmp.n9hqI7YDfB/kubeconfig --kube-context kind-wamn-receiving-postcommit --namespace wamn-receiving-postcommit wamn-host oci://ghcr.io/wasmcloud/charts/runtime-operator --version 2.9.0 -f /tmp/tmp.n9hqI7YDfB/host-base.yaml -f /tmp/tmp.n9hqI7YDfB/host-overlay.yaml --wait --timeout 5m 
2026-09-11T01:15:04Z kubectl --kubeconfig /tmp/tmp.n9hqI7YDfB/kubeconfig --context kind-wamn-receiving-postcommit -n wamn-receiving-postcommit rollout status deployment/hostgroup-default --timeout=240s 
2026-09-11T01:15:04Z kubectl --kubeconfig /tmp/tmp.n9hqI7YDfB/kubeconfig --context kind-wamn-receiving-postcommit apply -f /tmp/tmp.n9hqI7YDfB/flow-http.yaml 
2026-09-11T01:15:04Z kubectl --kubeconfig /tmp/tmp.n9hqI7YDfB/kubeconfig --context kind-wamn-receiving-postcommit -n wamn-receiving-postcommit wait --for=condition=Ready workloaddeployment/flow-http --timeout=240s 
2026-09-11T01:15:05Z kubectl --kubeconfig /tmp/tmp.n9hqI7YDfB/kubeconfig --context kind-wamn-receiving-postcommit apply -f /tmp/tmp.n9hqI7YDfB/postcommit-nodeport.json 
2026-09-11T01:15:06Z curl --disable --noproxy \* --silent --show-error --connect-timeout 5 --max-time 15 --retry 15 --retry-delay 1 --retry-connrefused --retry-max-time 45 --dump-header /home/kaalin/dev/wamn/docs/perf/2026.09/receiving-postcommit/replay-reset-001/live/journey/flow-http-probe.headers --output /home/kaalin/dev/wamn/docs/perf/2026.09/receiving-postcommit/replay-reset-001/live/journey/flow-http-probe.body --write-out %\{http_code\} --header Host:\ receiving.localhost http://172.28.0.6:30090/no-such-route 
2026-09-11T01:15:07Z kubectl --kubeconfig /tmp/tmp.n9hqI7YDfB/kubeconfig --context kind-wamn-receiving-postcommit apply -f /tmp/tmp.n9hqI7YDfB/materializer.yaml 
2026-09-11T01:15:07Z kubectl --kubeconfig /tmp/tmp.n9hqI7YDfB/kubeconfig --context kind-wamn-receiving-postcommit -n wamn-receiving-postcommit wait --for=condition=Ready workloaddeployment/receiving-materializer --timeout=240s 
2026-09-11T01:15:09Z materializer-http-update \<credential-bearing\ arguments\ redacted\> 
2026-09-11T01:15:09Z materializer-http-receipt \<credential-bearing\ arguments\ redacted\> 
2026-09-11T01:15:09Z cargo test production_materializer_consumes_the_causal_receipt_exactly_once \<journey\ document\ amended\ with\ the\ project\ database\ and\ receipt\,\ redacted\> 
2026-09-11T01:15:10Z python3 /home/kaalin/.cache/wamn-lanes/receiving-postcommit-controls-20260910/tools/journey-telemetry-proof --kubeconfig /tmp/tmp.n9hqI7YDfB/kubeconfig --context kind-wamn-receiving-postcommit --evidence-dir /home/kaalin/dev/wamn/docs/perf/2026.09/receiving-postcommit/replay-reset-001/live/journey/telemetry --source e581881623a3e8f4378f768309242bfaf9eed224 --tenant receiving-route-auth --project receiving --environment dev --namespace wamn-receiving-postcommit --system-namespace wamn-system --update-trace 6be5ff9ea24f940e5e183224edf2dfba --receipt-trace 0c45df4e52007f214b911b0ffa1b67b0 
2026-09-11T01:16:00Z timeout --signal=TERM --kill-after=10s 600s cargo test route_authentication_live::postcommit::production_materializer_preserves_replay_and_progress 
2026-09-11T01:18:03Z kill -TERM 3028053 
2026-09-11T01:18:03Z kubectl --kubeconfig /tmp/tmp.n9hqI7YDfB/kubeconfig --context kind-wamn-receiving-postcommit -n wamn-receiving-postcommit get deployment hostgroup-default -o json 
2026-09-11T01:18:03Z kubectl --kubeconfig /tmp/tmp.n9hqI7YDfB/kubeconfig --context kind-wamn-receiving-postcommit -n wamn-receiving-postcommit get pods -o json 
2026-09-11T01:18:03Z kubectl --kubeconfig /tmp/tmp.n9hqI7YDfB/kubeconfig --context kind-wamn-receiving-postcommit -n wamn-receiving-postcommit get events -o json 
2026-09-11T01:18:03Z kubectl --kubeconfig /tmp/tmp.n9hqI7YDfB/kubeconfig --context kind-wamn-receiving-postcommit -n wamn-receiving-postcommit get secrets -o name 
2026-09-11T01:18:03Z kubectl --kubeconfig /tmp/tmp.n9hqI7YDfB/kubeconfig --context kind-wamn-receiving-postcommit -n wamn-receiving-postcommit get jobs -o json 
2026-09-11T01:18:03Z kind delete cluster --name wamn-receiving-postcommit --kubeconfig /tmp/tmp.n9hqI7YDfB/kubeconfig 
2026-09-11T01:18:04Z docker rm --force --volumes wamn-receiving-pg18-e581881623a3-2959114 
2026-09-11T01:18:05Z docker rm --force --volumes wamn-receiving-registry-e581881623a3-2959114 
2026-09-11T01:18:05Z docker rm --force --volumes wamn-receiving-nats-e581881623a3-2959114 
2026-09-11T01:18:05Z docker image rm wamn-gates:receiving-e581881623a3-2959114-release 
2026-09-11T01:18:05Z docker image rm wamn-host:receiving-e581881623a3-2959114-release 
2026-09-11T01:18:05Z rm -rf -- /tmp/tmp.n9hqI7YDfB 
