{
  "summary": {
    "successRate": 1.0,
    "total": 10.005390058,
    "slowest": 0.022666169,
    "fastest": 0.000299881,
    "average": 0.0010166197543393714,
    "requestsPerSec": 7826.081696574272,
    "totalData": 2818620,
    "sizePerRequest": 36,
    "sizePerSec": 281710.1565916782
  },
  "metrics": {
    "success_rate": 1.0,
    "requests_per_sec": 7826.081696574272,
    "latency_ms": {
      "min": 0.3,
      "mean": 1.017,
      "p50": 0.853,
      "p95": 2.061,
      "p99": 3.712,
      "max": 22.666
    }
  },
  "responseTimeHistogram": {
    "0.000299881": 1,
    "0.0025365098000000004": 75953,
    "0.004773138600000001": 2004,
    "0.007009767400000001": 225,
    "0.009246396200000001": 67,
    "0.011483025000000003": 25,
    "0.013719653800000002": 7,
    "0.0159562826": 1,
    "0.0181929114": 3,
    "0.020429540200000002": 6,
    "0.022666169000000003": 3
  },
  "latencyPercentiles": {
    "p10": 0.000575554,
    "p25": 0.000663141,
    "p50": 0.000852764,
    "p75": 0.001108187,
    "p90": 0.00155923,
    "p95": 0.002061042,
    "p99": 0.003711535,
    "p99.9": 0.007928457,
    "p99.99": 0.019257844
  },
  "firstByteHistogram": {
    "0.000297264": 1,
    "0.0025335489": 75984,
    "0.0047698338000000005": 1981,
    "0.007006118700000001": 218,
    "0.0092424036": 66,
    "0.0114786885": 25,
    "0.013714973400000002": 7,
    "0.0159512583": 1,
    "0.0181875432": 3,
    "0.0204238281": 6,
    "0.022660113": 3
  },
  "firstBytePercentiles": {
    "p10": 0.000568094,
    "p25": 0.000654979,
    "p50": 0.000844315,
    "p75": 0.001098065,
    "p90": 0.0015457,
    "p95": 0.002046651,
    "p99": 0.003685521,
    "p99.9": 0.007916808,
    "p99.99": 0.019252239
  },
  "rps": {
    "mean": 7824.6958274334265,
    "stddev": 1724.3642320596514,
    "max": 12366.844813431455,
    "min": 2716.278447793393,
    "percentiles": {
      "p10": 5399.673444364574,
      "p25": 6609.626962981736,
      "p50": 8148.373737383854,
      "p75": 9116.129461598364,
      "p90": 9862.276456815685,
      "p95": 10213.757931934379,
      "p99": 11160.944336549828,
      "p99.9": 11792.69379589429,
      "p99.99": 12366.844813431455
    }
  },
  "details": {
    "DNSDialup": {
      "average": 0.00064911675,
      "fastest": 0.000487942,
      "slowest": 0.000914479
    },
    "DNSLookup": {
      "average": 0.000059108625,
      "fastest": 0.000022585,
      "slowest": 0.000116314
    },
    "firstByte": {
      "average": 0.001006936673529598,
      "fastest": 0.000297264,
      "slowest": 0.022660113
    }
  },
  "statusCodeDistribution": {
    "404": 78295
  },
  "errorDistribution": {
    "aborted due to deadline": 8
  }
}