{
  "summary": {
    "successRate": 1.0,
    "total": 10.002465443,
    "slowest": 0.023393542,
    "fastest": 0.00246576,
    "average": 0.004029821601434627,
    "requestsPerSec": 989.9559320077122,
    "totalData": 2850624,
    "sizePerRequest": 288,
    "sizePerSec": 284992.1368131239
  },
  "metrics": {
    "success_rate": 1.0,
    "requests_per_sec": 989.9559320077122,
    "latency_ms": {
      "min": 2.466,
      "mean": 4.03,
      "p50": 3.764,
      "p95": 5.985,
      "p99": 8.013,
      "max": 23.394
    }
  },
  "responseTimeHistogram": {
    "0.00246576": 1,
    "0.0045585382": 7815,
    "0.0066513164": 1804,
    "0.0087440946": 212,
    "0.010836872800000001": 53,
    "0.012929651": 8,
    "0.0150224292": 3,
    "0.017115207400000002": 0,
    "0.0192079856": 0,
    "0.0213007638": 0,
    "0.023393542": 2
  },
  "latencyPercentiles": {
    "p10": 0.003087462,
    "p25": 0.00333752,
    "p50": 0.003764287,
    "p75": 0.004400959,
    "p90": 0.005242634,
    "p95": 0.005984735,
    "p99": 0.008013278,
    "p99.9": 0.012430758,
    "p99.99": 0.023393542
  },
  "firstByteHistogram": {
    "0.002457487": 1,
    "0.004550087600000001": 7826,
    "0.0066426882": 1795,
    "0.008735288800000001": 211,
    "0.0108278894": 52,
    "0.012920490000000001": 8,
    "0.0150130906": 3,
    "0.017105691200000002": 0,
    "0.019198291800000003": 0,
    "0.021290892400000004": 0,
    "0.023383493000000005": 2
  },
  "firstBytePercentiles": {
    "p10": 0.003078721,
    "p25": 0.003328515,
    "p50": 0.003754454,
    "p75": 0.004388236,
    "p90": 0.005232983,
    "p95": 0.005969141,
    "p99": 0.008003171,
    "p99.9": 0.012421456,
    "p99.99": 0.023383493
  },
  "rps": {
    "mean": 992.3356174478295,
    "stddev": 197.76265539530985,
    "max": 1568.915616871925,
    "min": 100.9659921296993,
    "percentiles": {
      "p10": 727.7374963522087,
      "p25": 895.0392004793688,
      "p50": 1005.6989186348197,
      "p75": 1124.6163792953146,
      "p90": 1231.5480514223398,
      "p95": 1291.2636758273716,
      "p99": 1372.708877388415,
      "p99.9": 1527.949870205746,
      "p99.99": 1568.915616871925
    }
  },
  "details": {
    "DNSDialup": {
      "average": 0.0007644775,
      "fastest": 0.000631223,
      "slowest": 0.000826369
    },
    "DNSLookup": {
      "average": 0.00012007274999999998,
      "fastest": 0.000080903,
      "slowest": 0.000151271
    },
    "firstByte": {
      "average": 0.004019465713780546,
      "fastest": 0.002457487,
      "slowest": 0.023383493
    }
  },
  "statusCodeDistribution": {
    "200": 9898
  },
  "errorDistribution": {
    "aborted due to deadline": 4
  }
}