   Compiling proc-macro2 v1.0.107
   Compiling unicode-ident v1.0.24
   Compiling quote v1.0.47
   Compiling serde_core v1.0.229
   Compiling syn v3.0.4
   Compiling syn v2.0.119
   Compiling serde_derive v1.0.229
   Compiling serde v1.0.229
   Compiling libc v0.2.189
   Compiling cfg-if v1.0.4
   Compiling foldhash v0.2.0
   Compiling memchr v2.8.3
   Compiling equivalent v1.0.2
   Compiling smallvec v1.15.2
   Compiling itoa v1.0.18
   Compiling hashbrown v0.17.1
   Compiling bitflags v2.13.1
   Compiling log v0.4.34
   Compiling anyhow v1.0.104
   Compiling pin-project-lite v0.2.17
   Compiling indexmap v2.14.0
   Compiling typenum v1.20.1
   Compiling bytes v1.12.1
   Compiling version_check v0.9.5
   Compiling once_cell v1.21.4
   Compiling jobserver v0.1.35
   Compiling shlex v2.0.1
   Compiling futures-core v0.3.34
   Compiling find-msvc-tools v0.1.11
   Compiling zmij v1.0.23
   Compiling cc v1.4.4
   Compiling futures-sink v0.3.34
   Compiling generic-array v0.14.7
   Compiling parking_lot_core v0.9.12
   Compiling scopeguard v1.2.0
   Compiling lock_api v0.4.14
   Compiling parking_lot v0.12.5
   Compiling errno v0.3.14
   Compiling signal-hook-registry v1.4.8
   Compiling futures-channel v0.3.34
   Compiling mio v1.2.2
   Compiling socket2 v0.6.5
   Compiling tokio-macros v2.7.2
   Compiling thiserror-impl v2.0.20
   Compiling futures-macro v0.3.34
   Compiling futures-io v0.3.34
   Compiling futures-task v0.3.34
   Compiling slab v0.4.12
   Compiling tokio v1.53.1
   Compiling futures-util v0.3.34
   Compiling fnv v1.0.7
   Compiling base64 v0.22.1
   Compiling serde_json v1.0.151
   Compiling pkg-config v0.3.34
   Compiling libm v0.2.16
   Compiling thiserror v2.0.20
   Compiling tracing-core v0.1.36
   Compiling synstructure v0.13.2
   Compiling percent-encoding v2.3.2
   Compiling zeroize_derive v1.5.0
   Compiling semver v1.0.28
   Compiling zeroize v1.9.0
   Compiling zerofrom-derive v0.1.7
   Compiling block-buffer v0.10.4
   Compiling crypto-common v0.1.7
   Compiling tracing-attributes v0.1.31
   Compiling tracing v0.1.44
   Compiling zerofrom v0.1.8
   Compiling digest v0.10.7
   Compiling yoke-derive v0.8.2
   Compiling tokio-util v0.7.19
   Compiling stable_deref_trait v1.2.1
   Compiling yoke v0.8.3
   Compiling heck v0.5.0
   Compiling getrandom v0.2.17
   Compiling zerovec-derive v0.11.6
   Compiling displaydoc v0.2.7
   Compiling either v1.18.0
   Compiling zerovec v0.11.8
   Compiling cmake v0.1.58
   Compiling dunce v1.0.5
   Compiling fs_extra v1.3.0
   Compiling cpufeatures v0.2.17
   Compiling hybrid-array v0.4.14
   Compiling aws-lc-sys v0.44.0
   Compiling wasmtime-internal-core v47.0.4
   Compiling autocfg v1.5.1
   Compiling leb128fmt v0.1.0
   Compiling cpufeatures v0.3.0
   Compiling num-traits v0.2.19
   Compiling tinystr v0.8.4
   Compiling ring v0.17.14
   Compiling litemap v0.8.3
   Compiling writeable v0.6.4
   Compiling cmov v0.5.4
   Compiling ctutils v0.4.2
   Compiling icu_locale_core v2.3.0
   Compiling crypto-common v0.2.2
   Compiling block-buffer v0.12.1
   Compiling potential_utf v0.1.6
   Compiling zerotrie v0.2.5
   Compiling rustls-pki-types v1.15.1
   Compiling http v1.5.0
   Compiling aws-lc-rs v1.18.0
   Compiling const-oid v0.10.2
   Compiling utf8_iter v1.0.4
   Compiling icu_properties_data v2.3.0
   Compiling icu_normalizer_data v2.3.0
   Compiling icu_collections v2.3.0
   Compiling digest v0.11.3
   Compiling icu_provider v2.3.1
   Compiling cranelift-bitset v0.134.4
   Compiling async-trait v0.1.92
   Compiling rustix v1.1.4
   Compiling ipnet v2.12.1
   Compiling subtle v2.6.1
   Compiling untrusted v0.9.0
   Compiling itertools v0.14.0
   Compiling untrusted v0.7.1
   Compiling rand_core v0.10.1
   Compiling linux-raw-sys v0.12.1
   Compiling crc32fast v1.5.1
   Compiling zerocopy v0.8.56
   Compiling target-lexicon v0.13.5
   Compiling getrandom v0.4.3
   Compiling icu_normalizer v2.3.0
   Compiling icu_properties v2.3.0
   Compiling http-body v1.1.0
   Compiling sha2 v0.10.9
   Compiling wasmparser v0.252.0
