warning: function `canonical_serialized` is never used
   --> crates/catalog/model/src/lib.rs:792:4
    |
792 | fn canonical_serialized(value: &impl Serialize) -> Vec<u8> {
    |    ^^^^^^^^^^^^^^^^^^^^
    |
    = note: `#[warn(dead_code)]` (part of `#[warn(unused)]`) on by default

warning: `wamn-catalog` (lib) generated 1 warning
    Checking wamn-receiving-tui v0.1.0 (/home/kaalin/.cache/wamn-lanes/generated-tui-20260908/crates/client/receiving)
    Checking wamn-client-tui v0.1.0 (/home/kaalin/.cache/wamn-lanes/generated-tui-20260908/crates/client/tui)
error: this argument is passed by value, but not consumed in the function body
  --> crates/client/receiving/tests/support/mod.rs:85:55
   |
85 | pub fn reply(app: &mut ReceivingApplication, request: PreparedRequest, value: Value) {
   |                                                       ^^^^^^^^^^^^^^^
   |
   = help: for further information visit https://rust-lang.github.io/rust-clippy/rust-1.98.0/index.html#needless_pass_by_value
   = note: `-D clippy::needless-pass-by-value` implied by `-D warnings`
   = help: to override `-D warnings` add `#[allow(clippy::needless_pass_by_value)]`
help: consider taking a reference instead
   |
85 | pub fn reply(app: &mut ReceivingApplication, request: &PreparedRequest, value: Value) {
   |                                                       +

error: this argument is passed by value, but not consumed in the function body
  --> crates/client/receiving/tests/support/mod.rs:85:79
   |
85 | pub fn reply(app: &mut ReceivingApplication, request: PreparedRequest, value: Value) {
   |                                                                               ^^^^^
   |
   = help: for further information visit https://rust-lang.github.io/rust-clippy/rust-1.98.0/index.html#needless_pass_by_value
help: consider taking a reference instead
   |
85 | pub fn reply(app: &mut ReceivingApplication, request: PreparedRequest, value: &Value) {
   |                                                                               +

error: this argument is passed by value, but not consumed in the function body
  --> crates/client/receiving/tests/support/mod.rs:97:56
   |
97 | pub fn refuse(app: &mut ReceivingApplication, request: PreparedRequest, error: Value) {
   |                                                        ^^^^^^^^^^^^^^^
   |
   = help: for further information visit https://rust-lang.github.io/rust-clippy/rust-1.98.0/index.html#needless_pass_by_value
help: consider taking a reference instead
   |
97 | pub fn refuse(app: &mut ReceivingApplication, request: &PreparedRequest, error: Value) {
   |                                                        +

error: this argument is passed by value, but not consumed in the function body
  --> crates/client/receiving/tests/support/mod.rs:97:80
   |
97 | pub fn refuse(app: &mut ReceivingApplication, request: PreparedRequest, error: Value) {
   |                                                                                ^^^^^
   |
   = help: for further information visit https://rust-lang.github.io/rust-clippy/rust-1.98.0/index.html#needless_pass_by_value
help: consider taking a reference instead
   |
97 | pub fn refuse(app: &mut ReceivingApplication, request: PreparedRequest, error: &Value) {
   |                                                                                +

error: could not compile `wamn-receiving-tui` (test "reducer") due to 4 previous errors
warning: build failed, waiting for other jobs to finish...
