2026-09-04T16:13:12.072359Z  INFO connected to NATS
2026-09-04T16:13:12.286797Z  INFO wiring activation doorbell listening; dropped every cached pointer channel="wamn_wiring_activation" dropped=0
2026-09-04T16:13:14.849069Z  INFO release component pull completed component_digest=sha256:9b101fefec3b115f6ed15f4812a70e7cf37255e0d24222ae18e676bc07dc7e8e component_bytes=10019001 elapsed_ms=2344
2026-09-04T16:13:14.855028Z  INFO release component pull completed component_digest=sha256:498894030af16b22edaf7f0b2104b90673efdc0e32d2a85459368fa308ad8296 component_bytes=20634368 elapsed_ms=2351
2026-09-04T16:13:55.858551Z  INFO release component compilation completed component_digest=sha256:9b101fefec3b115f6ed15f4812a70e7cf37255e0d24222ae18e676bc07dc7e8e compile_ms=41008 compile_wall_ms=41009
2026-09-04T16:14:10.808460Z  INFO release component compilation completed component_digest=sha256:498894030af16b22edaf7f0b2104b90673efdc0e32d2a85459368fa308ad8296 compile_ms=55950 compile_wall_ms=55953
2026-09-04T16:14:10.811418Z  WARN wamn.component.linker_setup: component imports wamn:postgres but sets no wamn.tenant; calls will be refused component="d21161f8-10d3-42f4-964c-23d81878b4b1"
2026-09-04T16:14:10.815252Z  INFO release component instantiation completed component_digest=sha256:498894030af16b22edaf7f0b2104b90673efdc0e32d2a85459368fa308ad8296 elapsed_ms=6 total_elapsed_ms=58311
2026-09-04T16:14:10.818087Z  WARN wamn.component.linker_setup: component imports wamn:postgres but sets no wamn.tenant; calls will be refused component="ed375ae2-c56d-45fb-ac34-ca3af7de6641"
2026-09-04T16:14:10.822406Z  INFO release component instantiation completed component_digest=sha256:9b101fefec3b115f6ed15f4812a70e7cf37255e0d24222ae18e676bc07dc7e8e elapsed_ms=6 total_elapsed_ms=58318
2026-09-04T16:14:10.822600Z  INFO synchronous release preload completed synchronous_wirings=13 component_digests=2 elapsed_ms=58605
2026-09-04T16:14:10.822906Z  INFO release preload completed; component cache warm
2026-09-04T16:14:10.861639Z  INFO wamn-host starting (base plugins: wasi:config, wamn:logging, wasi:otel, wamn:postgres, wamn:jetstream, wamn:flow-http-routing) router_delivery=true
2026-09-04T16:14:10.861709Z  INFO wamn-host welded to its release effective_release_id=1 manifest_digest=sha256:05b41e28ad68505f7102b48e844a903269c6443a71ad6f83c9e6c467ca276c4e
2026-09-04T16:14:10.861788Z  INFO HTTP server listening addr=0.0.0.0:80 protocol="HTTP"
2026-09-04T16:14:10.861881Z  INFO Starting WASI OTel plugin endpoint=http://otel-collector.wamn-system.svc.cluster.local:4317 protocol="grpc"
2026-09-04T16:14:10.862873Z  INFO WASI OTel plugin started
2026-09-04T16:14:10.862957Z  INFO Host started host_id="b292471d-1ad9-47b2-aa9d-0b430f3332bf" friendly_name="gullible-worm-3273" host_name="10.244.1.5" labels={"hostgroup": "default"} version="2.8.0"
2026-09-04T16:14:10.863501Z  INFO Host provides interfaces count=10 interfaces=["wasi:cli/terminal-input,terminal-stdin,terminal-stdout,stdin,terminal-stderr,stderr,environment,exit,terminal-output,stdout@0.2.0", "wasi:clocks/monotonic-clock,wall-clock@0.2.0", "wasi:clocks/wall-time,monotonic-clock@0.2.0", "wasi:filesystem/types,preopens@0.2.0", "wasi:http/incoming-handler,types,outgoing-handler@0.2.0", "wasi:http/types,handler@0.3.0", "wasi:io/streams,poll,error@0.2.0", "wasi:random/random@0.2.0", "wasi:random/random,insecure-seed,insecure@0.2.0", "wasi:sockets/instance-network,network,tcp-create-socket,tcp,udp-create-socket,ip-name-lookup,udp@0.2.0"]
2026-09-04T16:14:10.863596Z  INFO wamn-host runtime startup completed elapsed_ms=59159
2026-09-04T16:13:12.202451Z  INFO connected to NATS
2026-09-04T16:13:12.396059Z  INFO wiring activation doorbell listening; dropped every cached pointer channel="wamn_wiring_activation" dropped=0
2026-09-04T16:13:14.166100Z  INFO release component pull completed component_digest=sha256:498894030af16b22edaf7f0b2104b90673efdc0e32d2a85459368fa308ad8296 component_bytes=20634368 elapsed_ms=1569
2026-09-04T16:13:14.978792Z  INFO release component pull completed component_digest=sha256:9b101fefec3b115f6ed15f4812a70e7cf37255e0d24222ae18e676bc07dc7e8e component_bytes=10019001 elapsed_ms=2381
2026-09-04T16:13:55.826534Z  INFO release component compilation completed component_digest=sha256:9b101fefec3b115f6ed15f4812a70e7cf37255e0d24222ae18e676bc07dc7e8e compile_ms=40845 compile_wall_ms=40847
2026-09-04T16:14:10.791883Z  INFO release component compilation completed component_digest=sha256:498894030af16b22edaf7f0b2104b90673efdc0e32d2a85459368fa308ad8296 compile_ms=56623 compile_wall_ms=56625
2026-09-04T16:14:10.794367Z  WARN wamn.component.linker_setup: component imports wamn:postgres but sets no wamn.tenant; calls will be refused component="f56890ae-05ef-40d8-81c1-1035c71f5d03"
2026-09-04T16:14:10.798080Z  INFO release component instantiation completed component_digest=sha256:498894030af16b22edaf7f0b2104b90673efdc0e32d2a85459368fa308ad8296 elapsed_ms=6 total_elapsed_ms=58201
2026-09-04T16:14:10.801327Z  WARN wamn.component.linker_setup: component imports wamn:postgres but sets no wamn.tenant; calls will be refused component="9e3e384f-d8b3-46a5-a229-c5bd0bce4515"
2026-09-04T16:14:10.805407Z  INFO release component instantiation completed component_digest=sha256:9b101fefec3b115f6ed15f4812a70e7cf37255e0d24222ae18e676bc07dc7e8e elapsed_ms=7 total_elapsed_ms=58207
2026-09-04T16:14:10.805573Z  INFO synchronous release preload completed synchronous_wirings=13 component_digests=2 elapsed_ms=58493
2026-09-04T16:14:10.805799Z  INFO release preload completed; component cache warm
2026-09-04T16:14:10.849979Z  INFO wamn-host starting (base plugins: wasi:config, wamn:logging, wasi:otel, wamn:postgres, wamn:jetstream, wamn:flow-http-routing) router_delivery=true
2026-09-04T16:14:10.850066Z  INFO wamn-host welded to its release effective_release_id=1 manifest_digest=sha256:05b41e28ad68505f7102b48e844a903269c6443a71ad6f83c9e6c467ca276c4e
2026-09-04T16:14:10.850162Z  INFO HTTP server listening addr=0.0.0.0:80 protocol="HTTP"
2026-09-04T16:14:10.850347Z  INFO Starting WASI OTel plugin endpoint=http://otel-collector.wamn-system.svc.cluster.local:4317 protocol="grpc"
2026-09-04T16:14:10.851766Z  INFO WASI OTel plugin started
2026-09-04T16:14:10.851936Z  INFO Host started host_id="25370f32-4bfd-4b27-bb6f-29fad21926c9" friendly_name="familiar-agreement-9976" host_name="10.244.1.6" labels={"hostgroup": "default"} version="2.8.0"
2026-09-04T16:14:10.852616Z  INFO Host provides interfaces count=10 interfaces=["wasi:cli/terminal-output,terminal-stderr,exit,terminal-input,stdout,stderr,stdin,terminal-stdin,environment,terminal-stdout@0.2.0", "wasi:clocks/monotonic-clock,wall-clock@0.2.0", "wasi:clocks/wall-time,monotonic-clock@0.2.0", "wasi:filesystem/types,preopens@0.2.0", "wasi:http/handler,types@0.3.0", "wasi:http/types,incoming-handler,outgoing-handler@0.2.0", "wasi:io/poll,error,streams@0.2.0", "wasi:random/random@0.2.0", "wasi:random/insecure,random,insecure-seed@0.2.0", "wasi:sockets/tcp,udp-create-socket,udp,ip-name-lookup,network,tcp-create-socket,instance-network@0.2.0"]
2026-09-04T16:14:10.852741Z  INFO wamn-host runtime startup completed elapsed_ms=59134
2026-09-04T16:15:18.095850Z  INFO workload_start{workload_id=a76ca2c1-615e-4dee-a215-0c1544c5b362 workload.name="flow-http-79b6d6d5d9-fd8ffcfbc" workload.namespace="wamn-receiving-journey"}: Starting workload workload_id="a76ca2c1-615e-4dee-a215-0c1544c5b362" namespace="wamn-receiving-journey" name="flow-http-79b6d6d5d9-fd8ffcfbc"
2026-09-04T16:15:29.458435Z  INFO workload_stop{workload_id=a76ca2c1-615e-4dee-a215-0c1544c5b362}: Stopping workload workload_id="a76ca2c1-615e-4dee-a215-0c1544c5b362"
2026-09-04T16:15:30.183021Z  INFO workload_start{workload_id=50925b9a-21ab-4fc4-9b77-a110bfb976bd workload.name="flow-http-565964c4-6f6f888c65" workload.namespace="wamn-receiving-journey"}: Starting workload workload_id="50925b9a-21ab-4fc4-9b77-a110bfb976bd" namespace="wamn-receiving-journey" name="flow-http-565964c4-6f6f888c65"
2026-09-04T16:15:30.933664Z  WARN handle_http_request{http.method=POST http.uri=/purchase_order/get http.host=receiving.localhost http.request.method=POST url.path=/purchase_order/get server.address="receiving.localhost"}:invoke_component_handler{workload.name="flow-http-565964c4-6f6f888c65" workload.namespace="wamn-receiving-journey" workload.id="50925b9a-21ab-4fc4-9b77-a110bfb976bd"}:wamn.component.invoke{wamn.tenant=receiving-route-auth wamn.project=receiving wamn.environment=dev wamn.wiring_id=purchase_order_get wamn.wiring_version=1 wamn.component_digest=sha256:498894030af16b22edaf7f0b2104b90673efdc0e32d2a85459368fa308ad8296 wamn.node_id=operation wamn.operation=wamn-receiving:purchase-order/get@1.0.0 wamn.caller_principal_id="98e5b0ec-bb63-445a-9cf9-e6f536a9dd1a"}:wamn.component.linker_setup: component imports wamn:postgres but sets no wamn.tenant; calls will be refused component="a52cb0de-56c3-4db1-866f-ccc046a9a17f"
2026-09-04T16:15:31.133004Z  WARN handle_http_request{http.method=POST http.uri=/purchase_order/get http.host=receiving.localhost http.request.method=POST url.path=/purchase_order/get server.address="receiving.localhost"}:invoke_component_handler{workload.name="flow-http-565964c4-6f6f888c65" workload.namespace="wamn-receiving-journey" workload.id="50925b9a-21ab-4fc4-9b77-a110bfb976bd"}:wamn.component.invoke{wamn.tenant=receiving-route-auth wamn.project=receiving wamn.environment=dev wamn.wiring_id=purchase_order_get wamn.wiring_version=1 wamn.component_digest=sha256:498894030af16b22edaf7f0b2104b90673efdc0e32d2a85459368fa308ad8296 wamn.node_id=operation wamn.operation=wamn-receiving:purchase-order/get@1.0.0 wamn.caller_principal_id="98e5b0ec-bb63-445a-9cf9-e6f536a9dd1a"}:wamn.component.linker_setup: component imports wamn:postgres but sets no wamn.tenant; calls will be refused component="af52afe2-b53e-4a05-84cd-3a11e0375eb9"
2026-09-04T16:15:31.291191Z  WARN handle_http_request{http.method=POST http.uri=/purchase_order/get http.host=receiving.localhost http.request.method=POST url.path=/purchase_order/get server.address="receiving.localhost"}:invoke_component_handler{workload.name="flow-http-565964c4-6f6f888c65" workload.namespace="wamn-receiving-journey" workload.id="50925b9a-21ab-4fc4-9b77-a110bfb976bd"}:wamn.component.invoke{wamn.tenant=receiving-route-auth wamn.project=receiving wamn.environment=dev wamn.wiring_id=purchase_order_get wamn.wiring_version=1 wamn.component_digest=sha256:498894030af16b22edaf7f0b2104b90673efdc0e32d2a85459368fa308ad8296 wamn.node_id=operation wamn.operation=wamn-receiving:purchase-order/get@1.0.0 wamn.caller_principal_id="98e5b0ec-bb63-445a-9cf9-e6f536a9dd1a"}:wamn.component.linker_setup: component imports wamn:postgres but sets no wamn.tenant; calls will be refused component="7246d7ed-33d8-4d36-9543-956d85bf37f5"
2026-09-04T16:15:31.458330Z  WARN handle_http_request{http.method=POST http.uri=/purchase_order/get http.host=receiving.localhost http.request.method=POST url.path=/purchase_order/get server.address="receiving.localhost"}:invoke_component_handler{workload.name="flow-http-565964c4-6f6f888c65" workload.namespace="wamn-receiving-journey" workload.id="50925b9a-21ab-4fc4-9b77-a110bfb976bd"}:wamn.component.invoke{wamn.tenant=receiving-route-auth wamn.project=receiving wamn.environment=dev wamn.wiring_id=purchase_order_get wamn.wiring_version=1 wamn.component_digest=sha256:498894030af16b22edaf7f0b2104b90673efdc0e32d2a85459368fa308ad8296 wamn.node_id=operation wamn.operation=wamn-receiving:purchase-order/get@1.0.0 wamn.caller_principal_id="98e5b0ec-bb63-445a-9cf9-e6f536a9dd1a"}:wamn.component.linker_setup: component imports wamn:postgres but sets no wamn.tenant; calls will be refused component="0cc0d27d-1592-4d01-a084-82e02efedf39"
2026-09-04T16:15:31.618020Z  WARN handle_http_request{http.method=POST http.uri=/purchase_order/get http.host=receiving.localhost http.request.method=POST url.path=/purchase_order/get server.address="receiving.localhost"}:invoke_component_handler{workload.name="flow-http-565964c4-6f6f888c65" workload.namespace="wamn-receiving-journey" workload.id="50925b9a-21ab-4fc4-9b77-a110bfb976bd"}:wamn.component.invoke{wamn.tenant=receiving-route-auth wamn.project=receiving wamn.environment=dev wamn.wiring_id=purchase_order_get wamn.wiring_version=1 wamn.component_digest=sha256:498894030af16b22edaf7f0b2104b90673efdc0e32d2a85459368fa308ad8296 wamn.node_id=operation wamn.operation=wamn-receiving:purchase-order/get@1.0.0 wamn.caller_principal_id="98e5b0ec-bb63-445a-9cf9-e6f536a9dd1a"}:wamn.component.linker_setup: component imports wamn:postgres but sets no wamn.tenant; calls will be refused component="9423b222-bed8-4877-9ec6-5a7909af639e"
2026-09-04T16:16:02.444838Z  WARN handle_http_request{http.method=POST http.uri=/acme/purchase_order/update http.host=receiving.localhost http.request.method=POST url.path=/acme/purchase_order/update server.address="receiving.localhost"}:invoke_component_handler{workload.name="flow-http-565964c4-6f6f888c65" workload.namespace="wamn-receiving-journey" workload.id="50925b9a-21ab-4fc4-9b77-a110bfb976bd"}:wamn.component.invoke{wamn.tenant=receiving-route-auth wamn.project=receiving wamn.environment=dev wamn.wiring_id=purchase_order_update wamn.wiring_version=1 wamn.component_digest=sha256:9b101fefec3b115f6ed15f4812a70e7cf37255e0d24222ae18e676bc07dc7e8e wamn.node_id=operation wamn.operation=client-acme-receiving:purchase-order/update@3.0.0 wamn.caller_principal_id="98e5b0ec-bb63-445a-9cf9-e6f536a9dd1a"}:wamn.component.linker_setup: component imports wamn:postgres but sets no wamn.tenant; calls will be refused component="b8682f8e-3c47-4c2a-a61d-72c1bf3405f2"
2026-09-04T16:16:02.475208Z  WARN handle_http_request{http.method=POST http.uri=/acme/receiving/record_receipt http.host=receiving.localhost http.request.method=POST url.path=/acme/receiving/record_receipt server.address="receiving.localhost"}:invoke_component_handler{workload.name="flow-http-565964c4-6f6f888c65" workload.namespace="wamn-receiving-journey" workload.id="50925b9a-21ab-4fc4-9b77-a110bfb976bd"}:wamn.component.invoke{wamn.tenant=receiving-route-auth wamn.project=receiving wamn.environment=dev wamn.wiring_id=receiving_record_receipt wamn.wiring_version=1 wamn.component_digest=sha256:9b101fefec3b115f6ed15f4812a70e7cf37255e0d24222ae18e676bc07dc7e8e wamn.node_id=operation wamn.operation=client-acme-receiving:receiving/record-receipt@3.0.0 wamn.caller_principal_id="98e5b0ec-bb63-445a-9cf9-e6f536a9dd1a"}:wamn.component.linker_setup: component imports wamn:postgres but sets no wamn.tenant; calls will be refused component="67255f46-71d6-416f-9d72-6bab358e54f3"
2026-09-04T16:16:02.481318Z  WARN handle_http_request{http.method=POST http.uri=/acme/receiving/record_receipt http.host=receiving.localhost http.request.method=POST url.path=/acme/receiving/record_receipt server.address="receiving.localhost"}:invoke_component_handler{workload.name="flow-http-565964c4-6f6f888c65" workload.namespace="wamn-receiving-journey" workload.id="50925b9a-21ab-4fc4-9b77-a110bfb976bd"}:wamn.component.invoke{wamn.tenant=receiving-route-auth wamn.project=receiving wamn.environment=dev wamn.wiring_id=receiving_record_receipt wamn.wiring_version=1 wamn.component_digest=sha256:9b101fefec3b115f6ed15f4812a70e7cf37255e0d24222ae18e676bc07dc7e8e wamn.node_id=operation wamn.operation=client-acme-receiving:receiving/record-receipt@3.0.0 wamn.caller_principal_id="98e5b0ec-bb63-445a-9cf9-e6f536a9dd1a"}:wamn.component.linker_setup: component imports wamn:postgres but sets no wamn.tenant; calls will be refused component="a17d34fd-d101-4814-8a77-24a5b0c0aa94"
2026-09-04T16:14:13.855573Z  INFO connected to NATS
2026-09-04T16:14:14.008361Z  INFO wiring activation doorbell listening; dropped every cached pointer channel="wamn_wiring_activation" dropped=0
2026-09-04T16:14:15.992908Z  INFO release component pull completed component_digest=sha256:9b101fefec3b115f6ed15f4812a70e7cf37255e0d24222ae18e676bc07dc7e8e component_bytes=10019001 elapsed_ms=1794
2026-09-04T16:14:15.997374Z  INFO release component pull completed component_digest=sha256:498894030af16b22edaf7f0b2104b90673efdc0e32d2a85459368fa308ad8296 component_bytes=20634368 elapsed_ms=1799
2026-09-04T16:14:16.225219Z  INFO release component compilation completed component_digest=sha256:9b101fefec3b115f6ed15f4812a70e7cf37255e0d24222ae18e676bc07dc7e8e compile_ms=231 compile_wall_ms=232
2026-09-04T16:14:16.495120Z  INFO release component compilation completed component_digest=sha256:498894030af16b22edaf7f0b2104b90673efdc0e32d2a85459368fa308ad8296 compile_ms=496 compile_wall_ms=497
2026-09-04T16:14:16.496869Z  WARN wamn.component.linker_setup: component imports wamn:postgres but sets no wamn.tenant; calls will be refused component="7145f28a-b66a-42fb-a97a-852d9abb1da0"
2026-09-04T16:14:16.500269Z  INFO release component instantiation completed component_digest=sha256:498894030af16b22edaf7f0b2104b90673efdc0e32d2a85459368fa308ad8296 elapsed_ms=5 total_elapsed_ms=2302
2026-09-04T16:14:16.501981Z  WARN wamn.component.linker_setup: component imports wamn:postgres but sets no wamn.tenant; calls will be refused component="b98b72bc-4aa3-4470-a324-2a3ace8995bb"
2026-09-04T16:14:16.504488Z  INFO release component instantiation completed component_digest=sha256:9b101fefec3b115f6ed15f4812a70e7cf37255e0d24222ae18e676bc07dc7e8e elapsed_ms=4 total_elapsed_ms=2305
2026-09-04T16:14:16.504605Z  INFO synchronous release preload completed synchronous_wirings=13 component_digests=2 elapsed_ms=2562
2026-09-04T16:14:16.504853Z  INFO release preload completed; component cache warm
2026-09-04T16:14:16.531093Z  INFO wamn-host starting (base plugins: wasi:config, wamn:logging, wasi:otel, wamn:postgres, wamn:jetstream, wamn:flow-http-routing) router_delivery=true
2026-09-04T16:14:16.531153Z  INFO wamn-host welded to its release effective_release_id=1 manifest_digest=sha256:05b41e28ad68505f7102b48e844a903269c6443a71ad6f83c9e6c467ca276c4e
2026-09-04T16:14:16.531216Z  INFO HTTP server listening addr=0.0.0.0:80 protocol="HTTP"
2026-09-04T16:14:16.531296Z  INFO Starting WASI OTel plugin endpoint=http://otel-collector.wamn-system.svc.cluster.local:4317 protocol="grpc"
2026-09-04T16:14:16.532171Z  INFO WASI OTel plugin started
2026-09-04T16:14:16.532252Z  INFO Host started host_id="fb98becb-10f7-4103-92b2-712ccfa70f31" friendly_name="concerned-name-2082" host_name="10.244.2.6" labels={"hostgroup": "default"} version="2.8.0"
2026-09-04T16:14:16.532644Z  INFO Host provides interfaces count=10 interfaces=["wasi:cli/terminal-stdin,terminal-output,terminal-stdout,exit,stderr,environment,stdin,stdout,terminal-input,terminal-stderr@0.2.0", "wasi:clocks/monotonic-clock,wall-clock@0.2.0", "wasi:clocks/wall-time,monotonic-clock@0.2.0", "wasi:filesystem/preopens,types@0.2.0", "wasi:http/types,handler@0.3.0", "wasi:http/incoming-handler,outgoing-handler,types@0.2.0", "wasi:io/streams,error,poll@0.2.0", "wasi:random/insecure-seed,random,insecure@0.2.0", "wasi:random/random@0.2.0", "wasi:sockets/tcp-create-socket,udp-create-socket,udp,tcp,instance-network,ip-name-lookup,network@0.2.0"]
2026-09-04T16:14:16.532728Z  INFO wamn-host runtime startup completed elapsed_ms=2993
2026-09-04T16:15:35.776046Z  INFO workload_start{workload_id=59d69abb-69de-4c6d-90de-a79f70c7beec workload.name="receiving-materializer-747dd46845-5ffdf8995c" workload.namespace="wamn-receiving-journey"}: Starting workload workload_id="59d69abb-69de-4c6d-90de-a79f70c7beec" namespace="wamn-receiving-journey" name="receiving-materializer-747dd46845-5ffdf8995c"
wamn::materializer up: stream=EVT_acme_dev filter=evt.acme.receiving.dev.*.* tenant=receiving-route-auth batch=64 fetch_ms=500 max_deliver=5 max_sweeps=0
2026-09-04T16:16:00.581360Z  INFO workload_stop{workload_id=59d69abb-69de-4c6d-90de-a79f70c7beec}: Stopping workload workload_id="59d69abb-69de-4c6d-90de-a79f70c7beec"
2026-09-04T16:16:01.469088Z  INFO workload_start{workload_id=b3b9708b-290e-427e-bf0d-91958e3c94be workload.name="receiving-materializer-549f56776-7769b59bb9" workload.namespace="wamn-receiving-journey"}: Starting workload workload_id="b3b9708b-290e-427e-bf0d-91958e3c94be" namespace="wamn-receiving-journey" name="receiving-materializer-549f56776-7769b59bb9"
wamn::materializer up: stream=EVT_acme_dev filter=evt.acme.receiving.dev.*.* tenant=receiving-route-auth batch=64 fetch_ms=500 max_deliver=5 max_sweeps=0
2026-09-04T16:16:02.726976Z  WARN wamn.component.invoke{wamn.tenant=receiving-route-auth wamn.project=receiving wamn.environment=dev wamn.wiring_id=quality_create_inspection wamn.wiring_version=1 wamn.component_digest=sha256:9b101fefec3b115f6ed15f4812a70e7cf37255e0d24222ae18e676bc07dc7e8e wamn.node_id=operation wamn.operation=client-acme-receiving:quality/create-inspection@3.0.0}:wamn.component.linker_setup: component imports wamn:postgres but sets no wamn.tenant; calls will be refused component="6e2a65ad-8be4-44b3-93d6-342ae4f57a4d"
