2026-09-08T10:22:32Z env CARGO_TARGET_DIR=/home/kaalin/.cache/wamn-lanes/ctc8-12-fresh-auth-20260907/target RUSTC_WRAPPER= /home/kaalin/.cache/wamn-lanes/ctc8-12-fresh-auth-20260907/tools/build-components m1 
2026-09-08T10:22:40Z env CARGO_TARGET_DIR=/home/kaalin/.cache/wamn-lanes/ctc8-12-fresh-auth-20260907/target RUSTC_WRAPPER= cargo build --locked --release -p wamn-host 
2026-09-08T10:22:40Z env CARGO_TARGET_DIR=/home/kaalin/.cache/wamn-lanes/ctc8-12-fresh-auth-20260907/target RUSTC_WRAPPER= cargo build --locked -p wamn-ctl -p wamn-cdc-reader -p wamn-scenario-worker 
2026-09-08T10:22:41Z env CARGO_TARGET_DIR=/home/kaalin/.cache/wamn-lanes/ctc8-12-fresh-auth-20260907/target RUSTC_WRAPPER= cargo build --locked --offline -p wamn-gates 
2026-09-08T10:22:42Z env CARGO_TARGET_DIR=/home/kaalin/.cache/wamn-lanes/ctc8-12-fresh-auth-20260907/target RUSTC_WRAPPER= cargo build --locked --offline -p wamn-proof-integration --bin wamn-throughput 
2026-09-08T10:22:42Z docker build --platform=linux/amd64 --provenance=false --file /tmp/tmp.xyhko2R2Sa/host-image/Dockerfile --tag wamn-host:receiving-b5ae3eba8bd3-2010001-release /tmp/tmp.xyhko2R2Sa/host-image 
2026-09-08T10:22:43Z kind create cluster --name wamn-receiving-journey --config /tmp/tmp.xyhko2R2Sa/kind-config.yaml --kubeconfig /tmp/tmp.xyhko2R2Sa/kubeconfig 
2026-09-08T10:23:05Z kubectl --kubeconfig /tmp/tmp.xyhko2R2Sa/kubeconfig --context kind-wamn-receiving-journey wait --for=condition=Ready nodes --all --timeout=180s 
2026-09-08T10:23:18Z kubectl --kubeconfig /tmp/tmp.xyhko2R2Sa/kubeconfig --context kind-wamn-receiving-journey create namespace wamn-receiving-journey 
2026-09-08T10:23:18Z kind load docker-image wamn-host:receiving-b5ae3eba8bd3-2010001-release --name wamn-receiving-journey 
2026-09-08T10:23:27Z htpasswd \<credential-bearing\ arguments\ redacted\> 
2026-09-08T10:23:27Z postgres \<credential-bearing\ arguments\ redacted\> 
2026-09-08T10:23:28Z docker run --detach --name wamn-receiving-registry-b5ae3eba8bd3-2010001 --network kind --env REGISTRY_AUTH=htpasswd --env REGISTRY_AUTH_HTPASSWD_REALM=WAMN\ Receiving\ cluster\ journey --env REGISTRY_AUTH_HTPASSWD_PATH=/auth/htpasswd --volume /tmp/tmp.xyhko2R2Sa/htpasswd:/auth/htpasswd:ro registry:2 
2026-09-08T10:23:28Z docker run --detach --name wamn-receiving-nats-b5ae3eba8bd3-2010001 --network kind nats:2.10-alpine --jetstream --store_dir /data --http_port 8222 
2026-09-08T10:23:31Z cargo test production_two_package_release_serves_all_thirteen_pat_routes \<journey\ document\ with\ disposable\ PostgreSQL\ and\ OCI\ inputs\ redacted\> 
2026-09-08T10:24:03Z kubectl --kubeconfig /tmp/tmp.xyhko2R2Sa/kubeconfig --context kind-wamn-receiving-journey apply -f /tmp/tmp.xyhko2R2Sa/route-caller-pat-kube.json 
2026-09-08T10:24:03Z env WASH_REG_USER=\<redacted\> WASH_REG_PASSWORD=\<redacted\> wash push --insecure --allow-latest --output json 172.28.0.9:5000/wamn/flow-http:receiving-b5ae3eba8bd3-2010001-release /home/kaalin/.cache/wamn-lanes/ctc8-12-fresh-auth-20260907/target/wasm32-wasip2/release/http_route.wasm 
2026-09-08T10:24:03Z env WASH_REG_USER=\<redacted\> WASH_REG_PASSWORD=\<redacted\> wash push --insecure --allow-latest --output json 172.28.0.9:5000/wamn/materializer:receiving-b5ae3eba8bd3-2010001-release /home/kaalin/.cache/wamn-lanes/ctc8-12-fresh-auth-20260907/target/wasm32-wasip2/release/materializer.wasm 
2026-09-08T10:24:04Z print-release-env \<credential-bearing\ arguments\ redacted\> 
2026-09-08T10:24:04Z kubectl --kubeconfig /tmp/tmp.xyhko2R2Sa/kubeconfig --context kind-wamn-receiving-journey apply -f /tmp/tmp.xyhko2R2Sa/host-secrets/guest-sql.json 
2026-09-08T10:24:04Z kubectl --kubeconfig /tmp/tmp.xyhko2R2Sa/kubeconfig --context kind-wamn-receiving-journey apply -f /tmp/tmp.xyhko2R2Sa/host-secrets/executor-platform.json 
2026-09-08T10:24:04Z kubectl --kubeconfig /tmp/tmp.xyhko2R2Sa/kubeconfig --context kind-wamn-receiving-journey apply -f /tmp/tmp.xyhko2R2Sa/host-secrets/identity-reader.json 
2026-09-08T10:24:04Z kubectl --kubeconfig /tmp/tmp.xyhko2R2Sa/kubeconfig --context kind-wamn-receiving-journey apply -f /tmp/tmp.xyhko2R2Sa/host-secrets/http-admitter.json 
2026-09-08T10:24:04Z kubectl --kubeconfig /tmp/tmp.xyhko2R2Sa/kubeconfig --context kind-wamn-receiving-journey apply -f /tmp/tmp.xyhko2R2Sa/host-secrets/event-materializer.json 
2026-09-08T10:24:05Z kubectl --kubeconfig /tmp/tmp.xyhko2R2Sa/kubeconfig --context kind-wamn-receiving-journey -n wamn-receiving-journey create secret generic wamn-registry-pull --type=kubernetes.io/dockerconfigjson --from-file=.dockerconfigjson=\<redacted\> --dry-run=client -o yaml 
2026-09-08T10:24:05Z kubectl --kubeconfig /tmp/tmp.xyhko2R2Sa/kubeconfig --context kind-wamn-receiving-journey apply -f /tmp/tmp.xyhko2R2Sa/registry-pull.yaml 
2026-09-08T10:24:05Z kubectl --kubeconfig /tmp/tmp.xyhko2R2Sa/kubeconfig --context kind-wamn-receiving-journey apply -f /home/kaalin/.cache/wamn-lanes/ctc8-12-fresh-auth-20260907/deploy/infra/cert-manager.yaml 
2026-09-08T10:24:06Z kubectl --kubeconfig /tmp/tmp.xyhko2R2Sa/kubeconfig --context kind-wamn-receiving-journey -n cert-manager wait --for=condition=Available deployment --all --timeout=240s 
2026-09-08T10:24:19Z helm upgrade --install --create-namespace --kubeconfig /tmp/tmp.xyhko2R2Sa/kubeconfig --kube-context kind-wamn-receiving-journey --namespace wamn-system wamn oci://ghcr.io/wasmcloud/charts/runtime-operator --version 2.8.0 -f /home/kaalin/.cache/wamn-lanes/ctc8-12-fresh-auth-20260907/deploy/infra/values-wamn.yaml -f /tmp/tmp.xyhko2R2Sa/operator-values.yaml --wait --timeout 5m 
2026-09-08T10:24:43Z kubectl --kubeconfig /tmp/tmp.xyhko2R2Sa/kubeconfig --context kind-wamn-receiving-journey -n wamn-system get deployment runtime-operator -o json 
2026-09-08T10:24:43Z kubectl --kubeconfig /tmp/tmp.xyhko2R2Sa/kubeconfig --context kind-wamn-receiving-journey apply -f /tmp/tmp.xyhko2R2Sa/runtime-operator-events-rbac.yaml 
2026-09-08T10:24:43Z kubectl --kubeconfig /tmp/tmp.xyhko2R2Sa/kubeconfig --context kind-wamn-receiving-journey -n wamn-receiving-journey get role wamn-runtime-operator-events -o json 
2026-09-08T10:24:43Z kubectl --kubeconfig /tmp/tmp.xyhko2R2Sa/kubeconfig --context kind-wamn-receiving-journey -n wamn-receiving-journey get rolebinding wamn-runtime-operator-events -o json 
2026-09-08T10:24:43Z kubectl --kubeconfig /tmp/tmp.xyhko2R2Sa/kubeconfig --context kind-wamn-receiving-journey apply -f /home/kaalin/.cache/wamn-lanes/ctc8-12-fresh-auth-20260907/deploy/infra/tempo.yaml 
2026-09-08T10:24:43Z kubectl --kubeconfig /tmp/tmp.xyhko2R2Sa/kubeconfig --context kind-wamn-receiving-journey apply -f /home/kaalin/.cache/wamn-lanes/ctc8-12-fresh-auth-20260907/deploy/infra/otel-collector.yaml 
2026-09-08T10:24:43Z kubectl --kubeconfig /tmp/tmp.xyhko2R2Sa/kubeconfig --context kind-wamn-receiving-journey -n wamn-system wait --for=condition=Available deployment/tempo deployment/otel-collector --timeout=120s 
2026-09-08T10:24:50Z kubectl --kubeconfig /tmp/tmp.xyhko2R2Sa/kubeconfig --context kind-wamn-receiving-journey apply -f /tmp/tmp.xyhko2R2Sa/wasmcloud-ca-copy.json 
2026-09-08T10:24:51Z kubectl --kubeconfig /tmp/tmp.xyhko2R2Sa/kubeconfig --context kind-wamn-receiving-journey apply -f /home/kaalin/.cache/wamn-lanes/ctc8-12-fresh-auth-20260907/deploy/infra/wasmcloud-ca-issuer.yaml 
2026-09-08T10:24:51Z kubectl --kubeconfig /tmp/tmp.xyhko2R2Sa/kubeconfig --context kind-wamn-receiving-journey wait --for=condition=Ready clusterissuer/wasmcloud-ca --timeout=60s 
2026-09-08T10:24:51Z kubectl --kubeconfig /tmp/tmp.xyhko2R2Sa/kubeconfig --context kind-wamn-receiving-journey apply -f /tmp/tmp.xyhko2R2Sa/host-environment-certs.yaml 
2026-09-08T10:24:51Z kubectl --kubeconfig /tmp/tmp.xyhko2R2Sa/kubeconfig --context kind-wamn-receiving-journey -n wamn-receiving-journey wait --for=condition=Ready certificate/wasmcloud-runtime-tls certificate/wasmcloud-data-tls --timeout=120s 
2026-09-08T10:24:51Z helm upgrade --install --kubeconfig /tmp/tmp.xyhko2R2Sa/kubeconfig --kube-context kind-wamn-receiving-journey --namespace wamn-receiving-journey wamn-host oci://ghcr.io/wasmcloud/charts/runtime-operator --version 2.8.0 -f /tmp/tmp.xyhko2R2Sa/host-base.yaml -f /tmp/tmp.xyhko2R2Sa/host-overlay.yaml --wait --timeout 5m 
2026-09-08T10:24:52Z kubectl --kubeconfig /tmp/tmp.xyhko2R2Sa/kubeconfig --context kind-wamn-receiving-journey -n wamn-receiving-journey scale deployment/hostgroup-default --replicas=1 
2026-09-08T10:24:52Z kubectl --kubeconfig /tmp/tmp.xyhko2R2Sa/kubeconfig --context kind-wamn-receiving-journey -n wamn-receiving-journey wait --for=condition=Available deployment/hostgroup-default --timeout=120s 
2026-09-08T10:25:04Z kubectl --kubeconfig /tmp/tmp.xyhko2R2Sa/kubeconfig --context kind-wamn-receiving-journey -n wamn-receiving-journey rollout status deployment/hostgroup-default --timeout=240s 
2026-09-08T10:25:04Z kubectl --kubeconfig /tmp/tmp.xyhko2R2Sa/kubeconfig --context kind-wamn-receiving-journey apply -f /tmp/tmp.xyhko2R2Sa/flow-http.yaml 
2026-09-08T10:25:04Z kubectl --kubeconfig /tmp/tmp.xyhko2R2Sa/kubeconfig --context kind-wamn-receiving-journey -n wamn-receiving-journey wait --for=condition=Ready workloaddeployment/flow-http --timeout=240s 
2026-09-08T10:25:05Z kubectl --kubeconfig /tmp/tmp.xyhko2R2Sa/kubeconfig --context kind-wamn-receiving-journey apply -f /tmp/tmp.xyhko2R2Sa/startup-request-cold.yaml 
2026-09-08T10:25:05Z kubectl --kubeconfig /tmp/tmp.xyhko2R2Sa/kubeconfig --context kind-wamn-receiving-journey -n wamn-receiving-journey wait --for=condition=Complete job/startup-request-cold --timeout=240s 
2026-09-08T10:25:10Z kubectl --kubeconfig /tmp/tmp.xyhko2R2Sa/kubeconfig --context kind-wamn-receiving-journey -n wamn-receiving-journey exec hostgroup-default-7bf79f7f99-ldk56 -c host -- find /tmp/wamn-wasmtime-cache/modules -type f \! -name \*.stats -printf \<inode\>\ \<mtime\>\ \<size\>\ \<path\>\\n 
2026-09-08T10:25:10Z kubectl --kubeconfig /tmp/tmp.xyhko2R2Sa/kubeconfig --context kind-wamn-receiving-journey -n wamn-receiving-journey exec hostgroup-default-7bf79f7f99-ldk56 -c host -- /bin/sh -c kill\ -TERM\ 1\;\ exit\ 0 
2026-09-08T10:25:10Z kubectl --kubeconfig /tmp/tmp.xyhko2R2Sa/kubeconfig --context kind-wamn-receiving-journey -n wamn-receiving-journey wait --for=jsonpath=\{.status.containerStatuses\[0\].restartCount\}=1 pod/hostgroup-default-7bf79f7f99-ldk56 --timeout=120s 
2026-09-08T10:25:11Z kubectl --kubeconfig /tmp/tmp.xyhko2R2Sa/kubeconfig --context kind-wamn-receiving-journey -n wamn-receiving-journey wait --for=condition=Ready pod/hostgroup-default-7bf79f7f99-ldk56 --timeout=120s 
2026-09-08T10:25:22Z kubectl --kubeconfig /tmp/tmp.xyhko2R2Sa/kubeconfig --context kind-wamn-receiving-journey apply -f /tmp/tmp.xyhko2R2Sa/startup-request-restart-first.yaml 
2026-09-08T10:25:22Z kubectl --kubeconfig /tmp/tmp.xyhko2R2Sa/kubeconfig --context kind-wamn-receiving-journey -n wamn-receiving-journey wait --for=condition=Complete job/startup-request-restart-first --timeout=240s 
2026-09-08T10:26:38Z kubectl --kubeconfig /tmp/tmp.xyhko2R2Sa/kubeconfig --context kind-wamn-receiving-journey apply -f /tmp/tmp.xyhko2R2Sa/startup-request-steady.yaml 
2026-09-08T10:26:38Z kubectl --kubeconfig /tmp/tmp.xyhko2R2Sa/kubeconfig --context kind-wamn-receiving-journey -n wamn-receiving-journey wait --for=condition=Complete job/startup-request-steady --timeout=240s 
2026-09-08T10:26:41Z kubectl --kubeconfig /tmp/tmp.xyhko2R2Sa/kubeconfig --context kind-wamn-receiving-journey apply -f /tmp/tmp.xyhko2R2Sa/startup-request-steady-2.yaml 
2026-09-08T10:26:41Z kubectl --kubeconfig /tmp/tmp.xyhko2R2Sa/kubeconfig --context kind-wamn-receiving-journey -n wamn-receiving-journey wait --for=condition=Complete job/startup-request-steady-2 --timeout=240s 
2026-09-08T10:26:44Z kubectl --kubeconfig /tmp/tmp.xyhko2R2Sa/kubeconfig --context kind-wamn-receiving-journey apply -f /tmp/tmp.xyhko2R2Sa/startup-request-steady-3.yaml 
2026-09-08T10:26:44Z kubectl --kubeconfig /tmp/tmp.xyhko2R2Sa/kubeconfig --context kind-wamn-receiving-journey -n wamn-receiving-journey wait --for=condition=Complete job/startup-request-steady-3 --timeout=240s 
2026-09-08T10:26:47Z kubectl --kubeconfig /tmp/tmp.xyhko2R2Sa/kubeconfig --context kind-wamn-receiving-journey apply -f /tmp/tmp.xyhko2R2Sa/startup-request-steady-4.yaml 
2026-09-08T10:26:47Z kubectl --kubeconfig /tmp/tmp.xyhko2R2Sa/kubeconfig --context kind-wamn-receiving-journey -n wamn-receiving-journey wait --for=condition=Complete job/startup-request-steady-4 --timeout=240s 
2026-09-08T10:26:50Z kubectl --kubeconfig /tmp/tmp.xyhko2R2Sa/kubeconfig --context kind-wamn-receiving-journey apply -f /tmp/tmp.xyhko2R2Sa/startup-request-steady-5.yaml 
2026-09-08T10:26:50Z kubectl --kubeconfig /tmp/tmp.xyhko2R2Sa/kubeconfig --context kind-wamn-receiving-journey -n wamn-receiving-journey wait --for=condition=Complete job/startup-request-steady-5 --timeout=240s 
2026-09-08T10:26:53Z kubectl --kubeconfig /tmp/tmp.xyhko2R2Sa/kubeconfig --context kind-wamn-receiving-journey get --raw /api/v1/namespaces/wamn-system/services/http:tempo:3200/proxy/api/traces/22222222222222222222222222222222 
2026-09-08T10:26:53Z kubectl --kubeconfig /tmp/tmp.xyhko2R2Sa/kubeconfig --context kind-wamn-receiving-journey get --raw /api/v1/namespaces/wamn-system/services/http:tempo:3200/proxy/api/traces/33333333333333333333333333333333 
2026-09-08T10:26:53Z kubectl --kubeconfig /tmp/tmp.xyhko2R2Sa/kubeconfig --context kind-wamn-receiving-journey get --raw /api/v1/namespaces/wamn-system/services/http:tempo:3200/proxy/api/traces/33333333333333333333333333330002 
2026-09-08T10:26:53Z kubectl --kubeconfig /tmp/tmp.xyhko2R2Sa/kubeconfig --context kind-wamn-receiving-journey get --raw /api/v1/namespaces/wamn-system/services/http:tempo:3200/proxy/api/traces/33333333333333333333333333330003 
2026-09-08T10:26:53Z kubectl --kubeconfig /tmp/tmp.xyhko2R2Sa/kubeconfig --context kind-wamn-receiving-journey get --raw /api/v1/namespaces/wamn-system/services/http:tempo:3200/proxy/api/traces/33333333333333333333333333330004 
2026-09-08T10:26:54Z kubectl --kubeconfig /tmp/tmp.xyhko2R2Sa/kubeconfig --context kind-wamn-receiving-journey get --raw /api/v1/namespaces/wamn-system/services/http:tempo:3200/proxy/api/traces/33333333333333333333333333330005 
2026-09-08T10:26:54Z kubectl --kubeconfig /tmp/tmp.xyhko2R2Sa/kubeconfig --context kind-wamn-receiving-journey -n wamn-receiving-journey create secret generic wamn-throughput-human --from-file=token=/tmp/tmp.xyhko2R2Sa/throughput-human-pat 
2026-09-08T10:26:54Z kubectl --kubeconfig /tmp/tmp.xyhko2R2Sa/kubeconfig --context kind-wamn-receiving-journey apply -f /tmp/tmp.xyhko2R2Sa/startup-request-human-1.yaml 
2026-09-08T10:26:54Z kubectl --kubeconfig /tmp/tmp.xyhko2R2Sa/kubeconfig --context kind-wamn-receiving-journey -n wamn-receiving-journey wait --for=condition=Complete job/startup-request-human-1 --timeout=240s 
2026-09-08T10:26:57Z kubectl --kubeconfig /tmp/tmp.xyhko2R2Sa/kubeconfig --context kind-wamn-receiving-journey apply -f /tmp/tmp.xyhko2R2Sa/startup-request-human-2.yaml 
2026-09-08T10:26:57Z kubectl --kubeconfig /tmp/tmp.xyhko2R2Sa/kubeconfig --context kind-wamn-receiving-journey -n wamn-receiving-journey wait --for=condition=Complete job/startup-request-human-2 --timeout=240s 
2026-09-08T10:27:00Z kubectl --kubeconfig /tmp/tmp.xyhko2R2Sa/kubeconfig --context kind-wamn-receiving-journey apply -f /tmp/tmp.xyhko2R2Sa/startup-request-human-3.yaml 
2026-09-08T10:27:00Z kubectl --kubeconfig /tmp/tmp.xyhko2R2Sa/kubeconfig --context kind-wamn-receiving-journey -n wamn-receiving-journey wait --for=condition=Complete job/startup-request-human-3 --timeout=240s 
2026-09-08T10:27:03Z kubectl --kubeconfig /tmp/tmp.xyhko2R2Sa/kubeconfig --context kind-wamn-receiving-journey apply -f /tmp/tmp.xyhko2R2Sa/startup-request-human-4.yaml 
2026-09-08T10:27:03Z kubectl --kubeconfig /tmp/tmp.xyhko2R2Sa/kubeconfig --context kind-wamn-receiving-journey -n wamn-receiving-journey wait --for=condition=Complete job/startup-request-human-4 --timeout=240s 
2026-09-08T10:27:06Z kubectl --kubeconfig /tmp/tmp.xyhko2R2Sa/kubeconfig --context kind-wamn-receiving-journey apply -f /tmp/tmp.xyhko2R2Sa/startup-request-human-5.yaml 
2026-09-08T10:27:06Z kubectl --kubeconfig /tmp/tmp.xyhko2R2Sa/kubeconfig --context kind-wamn-receiving-journey -n wamn-receiving-journey wait --for=condition=Complete job/startup-request-human-5 --timeout=240s 
2026-09-08T10:27:09Z kubectl --kubeconfig /tmp/tmp.xyhko2R2Sa/kubeconfig --context kind-wamn-receiving-journey get --raw /api/v1/namespaces/wamn-system/services/http:tempo:3200/proxy/api/traces/44444444444444444444444444440001 
2026-09-08T10:27:09Z kubectl --kubeconfig /tmp/tmp.xyhko2R2Sa/kubeconfig --context kind-wamn-receiving-journey get --raw /api/v1/namespaces/wamn-system/services/http:tempo:3200/proxy/api/traces/44444444444444444444444444440002 
2026-09-08T10:27:09Z kubectl --kubeconfig /tmp/tmp.xyhko2R2Sa/kubeconfig --context kind-wamn-receiving-journey get --raw /api/v1/namespaces/wamn-system/services/http:tempo:3200/proxy/api/traces/44444444444444444444444444440003 
2026-09-08T10:27:09Z kubectl --kubeconfig /tmp/tmp.xyhko2R2Sa/kubeconfig --context kind-wamn-receiving-journey get --raw /api/v1/namespaces/wamn-system/services/http:tempo:3200/proxy/api/traces/44444444444444444444444444440004 
2026-09-08T10:27:09Z kubectl --kubeconfig /tmp/tmp.xyhko2R2Sa/kubeconfig --context kind-wamn-receiving-journey get --raw /api/v1/namespaces/wamn-system/services/http:tempo:3200/proxy/api/traces/44444444444444444444444444440005 
2026-09-08T10:27:10Z kubectl --kubeconfig /tmp/tmp.xyhko2R2Sa/kubeconfig --context kind-wamn-receiving-journey apply -f /tmp/tmp.xyhko2R2Sa/bench-service-r1-route-c1.json 
2026-09-08T10:27:31Z kubectl --kubeconfig /tmp/tmp.xyhko2R2Sa/kubeconfig --context kind-wamn-receiving-journey apply -f /tmp/tmp.xyhko2R2Sa/bench-service-r1-route-c4.json 
2026-09-08T10:27:47Z kubectl --kubeconfig /tmp/tmp.xyhko2R2Sa/kubeconfig --context kind-wamn-receiving-journey apply -f /tmp/tmp.xyhko2R2Sa/bench-service-r1-route-c8.json 
2026-09-08T10:28:03Z kubectl --kubeconfig /tmp/tmp.xyhko2R2Sa/kubeconfig --context kind-wamn-receiving-journey apply -f /tmp/tmp.xyhko2R2Sa/bench-service-r1-route-c16.json 
2026-09-08T10:28:19Z kubectl --kubeconfig /tmp/tmp.xyhko2R2Sa/kubeconfig --context kind-wamn-receiving-journey apply -f /tmp/tmp.xyhko2R2Sa/bench-service-r1-route-c32.json 
2026-09-08T10:28:35Z kubectl --kubeconfig /tmp/tmp.xyhko2R2Sa/kubeconfig --context kind-wamn-receiving-journey apply -f /tmp/tmp.xyhko2R2Sa/bench-service-r1-route-c64.json 
2026-09-08T10:28:51Z kubectl --kubeconfig /tmp/tmp.xyhko2R2Sa/kubeconfig --context kind-wamn-receiving-journey apply -f /tmp/tmp.xyhko2R2Sa/bench-service-r1-nodb-c1.json 
2026-09-08T10:29:07Z kubectl --kubeconfig /tmp/tmp.xyhko2R2Sa/kubeconfig --context kind-wamn-receiving-journey apply -f /tmp/tmp.xyhko2R2Sa/bench-service-r1-nodb-c4.json 
2026-09-08T10:29:23Z kubectl --kubeconfig /tmp/tmp.xyhko2R2Sa/kubeconfig --context kind-wamn-receiving-journey apply -f /tmp/tmp.xyhko2R2Sa/bench-service-r1-nodb-c8.json 
2026-09-08T10:29:39Z kubectl --kubeconfig /tmp/tmp.xyhko2R2Sa/kubeconfig --context kind-wamn-receiving-journey apply -f /tmp/tmp.xyhko2R2Sa/bench-service-r1-nodb-c16.json 
2026-09-08T10:29:55Z kubectl --kubeconfig /tmp/tmp.xyhko2R2Sa/kubeconfig --context kind-wamn-receiving-journey apply -f /tmp/tmp.xyhko2R2Sa/bench-service-r1-nodb-c32.json 
2026-09-08T10:30:12Z kubectl --kubeconfig /tmp/tmp.xyhko2R2Sa/kubeconfig --context kind-wamn-receiving-journey apply -f /tmp/tmp.xyhko2R2Sa/bench-service-r1-nodb-c64.json 
2026-09-08T10:30:28Z kubectl --kubeconfig /tmp/tmp.xyhko2R2Sa/kubeconfig --context kind-wamn-receiving-journey apply -f /tmp/tmp.xyhko2R2Sa/bench-service-r1-pg-c1.json 
2026-09-08T10:30:53Z kubectl --kubeconfig /tmp/tmp.xyhko2R2Sa/kubeconfig --context kind-wamn-receiving-journey apply -f /tmp/tmp.xyhko2R2Sa/bench-service-r1-pg-c4.json 
2026-09-08T10:31:09Z kubectl --kubeconfig /tmp/tmp.xyhko2R2Sa/kubeconfig --context kind-wamn-receiving-journey apply -f /tmp/tmp.xyhko2R2Sa/bench-service-r1-pg-c8.json 
2026-09-08T10:31:25Z kubectl --kubeconfig /tmp/tmp.xyhko2R2Sa/kubeconfig --context kind-wamn-receiving-journey apply -f /tmp/tmp.xyhko2R2Sa/bench-service-r1-pg-c16.json 
2026-09-08T10:31:41Z kubectl --kubeconfig /tmp/tmp.xyhko2R2Sa/kubeconfig --context kind-wamn-receiving-journey apply -f /tmp/tmp.xyhko2R2Sa/bench-service-r1-pg-c32.json 
2026-09-08T10:31:57Z kubectl --kubeconfig /tmp/tmp.xyhko2R2Sa/kubeconfig --context kind-wamn-receiving-journey apply -f /tmp/tmp.xyhko2R2Sa/bench-service-r1-pg-c64.json 
2026-09-08T10:32:13Z /home/kaalin/.cache/wamn-lanes/ctc8-12-fresh-auth-20260907/target/debug/wamn-throughput report --evidence-dir /home/kaalin/dev/wamn/docs/perf/2026.09/ctc8-12-fresh-auth/before-002/journey/throughput/service-1 
2026-09-08T10:32:14Z kubectl --kubeconfig /tmp/tmp.xyhko2R2Sa/kubeconfig --context kind-wamn-receiving-journey apply -f /tmp/tmp.xyhko2R2Sa/bench-human-r1-route-c1.json 
2026-09-08T10:32:29Z kubectl --kubeconfig /tmp/tmp.xyhko2R2Sa/kubeconfig --context kind-wamn-receiving-journey apply -f /tmp/tmp.xyhko2R2Sa/bench-human-r1-route-c4.json 
2026-09-08T10:32:45Z kubectl --kubeconfig /tmp/tmp.xyhko2R2Sa/kubeconfig --context kind-wamn-receiving-journey apply -f /tmp/tmp.xyhko2R2Sa/bench-human-r1-route-c8.json 
2026-09-08T10:33:01Z kubectl --kubeconfig /tmp/tmp.xyhko2R2Sa/kubeconfig --context kind-wamn-receiving-journey apply -f /tmp/tmp.xyhko2R2Sa/bench-human-r1-route-c16.json 
2026-09-08T10:33:17Z kubectl --kubeconfig /tmp/tmp.xyhko2R2Sa/kubeconfig --context kind-wamn-receiving-journey apply -f /tmp/tmp.xyhko2R2Sa/bench-human-r1-route-c32.json 
2026-09-08T10:33:33Z kubectl --kubeconfig /tmp/tmp.xyhko2R2Sa/kubeconfig --context kind-wamn-receiving-journey apply -f /tmp/tmp.xyhko2R2Sa/bench-human-r1-route-c64.json 
2026-09-08T10:33:49Z kubectl --kubeconfig /tmp/tmp.xyhko2R2Sa/kubeconfig --context kind-wamn-receiving-journey apply -f /tmp/tmp.xyhko2R2Sa/bench-human-r1-nodb-c1.json 
2026-09-08T10:34:06Z kubectl --kubeconfig /tmp/tmp.xyhko2R2Sa/kubeconfig --context kind-wamn-receiving-journey apply -f /tmp/tmp.xyhko2R2Sa/bench-human-r1-nodb-c4.json 
2026-09-08T10:34:22Z kubectl --kubeconfig /tmp/tmp.xyhko2R2Sa/kubeconfig --context kind-wamn-receiving-journey apply -f /tmp/tmp.xyhko2R2Sa/bench-human-r1-nodb-c8.json 
2026-09-08T10:34:38Z kubectl --kubeconfig /tmp/tmp.xyhko2R2Sa/kubeconfig --context kind-wamn-receiving-journey apply -f /tmp/tmp.xyhko2R2Sa/bench-human-r1-nodb-c16.json 
2026-09-08T10:34:54Z kubectl --kubeconfig /tmp/tmp.xyhko2R2Sa/kubeconfig --context kind-wamn-receiving-journey apply -f /tmp/tmp.xyhko2R2Sa/bench-human-r1-nodb-c32.json 
2026-09-08T10:35:10Z kubectl --kubeconfig /tmp/tmp.xyhko2R2Sa/kubeconfig --context kind-wamn-receiving-journey apply -f /tmp/tmp.xyhko2R2Sa/bench-human-r1-nodb-c64.json 
2026-09-08T10:35:26Z kubectl --kubeconfig /tmp/tmp.xyhko2R2Sa/kubeconfig --context kind-wamn-receiving-journey apply -f /tmp/tmp.xyhko2R2Sa/bench-human-r1-pg-c1.json 
2026-09-08T10:35:43Z kubectl --kubeconfig /tmp/tmp.xyhko2R2Sa/kubeconfig --context kind-wamn-receiving-journey apply -f /tmp/tmp.xyhko2R2Sa/bench-human-r1-pg-c4.json 
2026-09-08T10:36:00Z kubectl --kubeconfig /tmp/tmp.xyhko2R2Sa/kubeconfig --context kind-wamn-receiving-journey apply -f /tmp/tmp.xyhko2R2Sa/bench-human-r1-pg-c8.json 
2026-09-08T10:36:17Z kubectl --kubeconfig /tmp/tmp.xyhko2R2Sa/kubeconfig --context kind-wamn-receiving-journey apply -f /tmp/tmp.xyhko2R2Sa/bench-human-r1-pg-c16.json 
2026-09-08T10:36:33Z kubectl --kubeconfig /tmp/tmp.xyhko2R2Sa/kubeconfig --context kind-wamn-receiving-journey apply -f /tmp/tmp.xyhko2R2Sa/bench-human-r1-pg-c32.json 
2026-09-08T10:36:49Z kubectl --kubeconfig /tmp/tmp.xyhko2R2Sa/kubeconfig --context kind-wamn-receiving-journey apply -f /tmp/tmp.xyhko2R2Sa/bench-human-r1-pg-c64.json 
2026-09-08T10:37:05Z /home/kaalin/.cache/wamn-lanes/ctc8-12-fresh-auth-20260907/target/debug/wamn-throughput report --evidence-dir /home/kaalin/dev/wamn/docs/perf/2026.09/ctc8-12-fresh-auth/before-002/journey/throughput/human-1 
2026-09-08T10:37:07Z kubectl --kubeconfig /tmp/tmp.xyhko2R2Sa/kubeconfig --context kind-wamn-receiving-journey apply -f /tmp/tmp.xyhko2R2Sa/bench-human-r2-route-c1.json 
2026-09-08T10:37:24Z kubectl --kubeconfig /tmp/tmp.xyhko2R2Sa/kubeconfig --context kind-wamn-receiving-journey apply -f /tmp/tmp.xyhko2R2Sa/bench-human-r2-route-c4.json 
2026-09-08T10:37:40Z kubectl --kubeconfig /tmp/tmp.xyhko2R2Sa/kubeconfig --context kind-wamn-receiving-journey apply -f /tmp/tmp.xyhko2R2Sa/bench-human-r2-route-c8.json 
2026-09-08T10:37:56Z kubectl --kubeconfig /tmp/tmp.xyhko2R2Sa/kubeconfig --context kind-wamn-receiving-journey apply -f /tmp/tmp.xyhko2R2Sa/bench-human-r2-route-c16.json 
2026-09-08T10:38:12Z kubectl --kubeconfig /tmp/tmp.xyhko2R2Sa/kubeconfig --context kind-wamn-receiving-journey apply -f /tmp/tmp.xyhko2R2Sa/bench-human-r2-route-c32.json 
2026-09-08T10:38:28Z kubectl --kubeconfig /tmp/tmp.xyhko2R2Sa/kubeconfig --context kind-wamn-receiving-journey apply -f /tmp/tmp.xyhko2R2Sa/bench-human-r2-route-c64.json 
2026-09-08T10:38:44Z kubectl --kubeconfig /tmp/tmp.xyhko2R2Sa/kubeconfig --context kind-wamn-receiving-journey apply -f /tmp/tmp.xyhko2R2Sa/bench-human-r2-nodb-c1.json 
2026-09-08T10:39:00Z kubectl --kubeconfig /tmp/tmp.xyhko2R2Sa/kubeconfig --context kind-wamn-receiving-journey apply -f /tmp/tmp.xyhko2R2Sa/bench-human-r2-nodb-c4.json 
2026-09-08T10:39:16Z kubectl --kubeconfig /tmp/tmp.xyhko2R2Sa/kubeconfig --context kind-wamn-receiving-journey apply -f /tmp/tmp.xyhko2R2Sa/bench-human-r2-nodb-c8.json 
2026-09-08T10:39:33Z kubectl --kubeconfig /tmp/tmp.xyhko2R2Sa/kubeconfig --context kind-wamn-receiving-journey apply -f /tmp/tmp.xyhko2R2Sa/bench-human-r2-nodb-c16.json 
2026-09-08T10:39:50Z kubectl --kubeconfig /tmp/tmp.xyhko2R2Sa/kubeconfig --context kind-wamn-receiving-journey apply -f /tmp/tmp.xyhko2R2Sa/bench-human-r2-nodb-c32.json 
2026-09-08T10:40:06Z kubectl --kubeconfig /tmp/tmp.xyhko2R2Sa/kubeconfig --context kind-wamn-receiving-journey apply -f /tmp/tmp.xyhko2R2Sa/bench-human-r2-nodb-c64.json 
2026-09-08T10:40:23Z kubectl --kubeconfig /tmp/tmp.xyhko2R2Sa/kubeconfig --context kind-wamn-receiving-journey apply -f /tmp/tmp.xyhko2R2Sa/bench-human-r2-pg-c1.json 
2026-09-08T10:40:39Z kubectl --kubeconfig /tmp/tmp.xyhko2R2Sa/kubeconfig --context kind-wamn-receiving-journey apply -f /tmp/tmp.xyhko2R2Sa/bench-human-r2-pg-c4.json 
2026-09-08T10:40:56Z kubectl --kubeconfig /tmp/tmp.xyhko2R2Sa/kubeconfig --context kind-wamn-receiving-journey apply -f /tmp/tmp.xyhko2R2Sa/bench-human-r2-pg-c8.json 
2026-09-08T10:41:13Z kubectl --kubeconfig /tmp/tmp.xyhko2R2Sa/kubeconfig --context kind-wamn-receiving-journey apply -f /tmp/tmp.xyhko2R2Sa/bench-human-r2-pg-c16.json 
2026-09-08T10:41:29Z kubectl --kubeconfig /tmp/tmp.xyhko2R2Sa/kubeconfig --context kind-wamn-receiving-journey apply -f /tmp/tmp.xyhko2R2Sa/bench-human-r2-pg-c32.json 
2026-09-08T10:41:46Z kubectl --kubeconfig /tmp/tmp.xyhko2R2Sa/kubeconfig --context kind-wamn-receiving-journey apply -f /tmp/tmp.xyhko2R2Sa/bench-human-r2-pg-c64.json 
2026-09-08T10:42:02Z /home/kaalin/.cache/wamn-lanes/ctc8-12-fresh-auth-20260907/target/debug/wamn-throughput report --evidence-dir /home/kaalin/dev/wamn/docs/perf/2026.09/ctc8-12-fresh-auth/before-002/journey/throughput/human-2 
2026-09-08T10:42:02Z kubectl --kubeconfig /tmp/tmp.xyhko2R2Sa/kubeconfig --context kind-wamn-receiving-journey apply -f /tmp/tmp.xyhko2R2Sa/bench-service-r2-route-c1.json 
2026-09-08T10:42:21Z kubectl --kubeconfig /tmp/tmp.xyhko2R2Sa/kubeconfig --context kind-wamn-receiving-journey apply -f /tmp/tmp.xyhko2R2Sa/bench-service-r2-route-c4.json 
2026-09-08T10:42:38Z kubectl --kubeconfig /tmp/tmp.xyhko2R2Sa/kubeconfig --context kind-wamn-receiving-journey apply -f /tmp/tmp.xyhko2R2Sa/bench-service-r2-route-c8.json 
2026-09-08T10:42:54Z kubectl --kubeconfig /tmp/tmp.xyhko2R2Sa/kubeconfig --context kind-wamn-receiving-journey apply -f /tmp/tmp.xyhko2R2Sa/bench-service-r2-route-c16.json 
2026-09-08T10:43:10Z kubectl --kubeconfig /tmp/tmp.xyhko2R2Sa/kubeconfig --context kind-wamn-receiving-journey apply -f /tmp/tmp.xyhko2R2Sa/bench-service-r2-route-c32.json 
2026-09-08T10:43:26Z kubectl --kubeconfig /tmp/tmp.xyhko2R2Sa/kubeconfig --context kind-wamn-receiving-journey apply -f /tmp/tmp.xyhko2R2Sa/bench-service-r2-route-c64.json 
2026-09-08T10:43:42Z kubectl --kubeconfig /tmp/tmp.xyhko2R2Sa/kubeconfig --context kind-wamn-receiving-journey apply -f /tmp/tmp.xyhko2R2Sa/bench-service-r2-nodb-c1.json 
2026-09-08T10:43:59Z kubectl --kubeconfig /tmp/tmp.xyhko2R2Sa/kubeconfig --context kind-wamn-receiving-journey apply -f /tmp/tmp.xyhko2R2Sa/bench-service-r2-nodb-c4.json 
2026-09-08T10:44:15Z kubectl --kubeconfig /tmp/tmp.xyhko2R2Sa/kubeconfig --context kind-wamn-receiving-journey apply -f /tmp/tmp.xyhko2R2Sa/bench-service-r2-nodb-c8.json 
2026-09-08T10:44:31Z kubectl --kubeconfig /tmp/tmp.xyhko2R2Sa/kubeconfig --context kind-wamn-receiving-journey apply -f /tmp/tmp.xyhko2R2Sa/bench-service-r2-nodb-c16.json 
2026-09-08T10:44:47Z kubectl --kubeconfig /tmp/tmp.xyhko2R2Sa/kubeconfig --context kind-wamn-receiving-journey apply -f /tmp/tmp.xyhko2R2Sa/bench-service-r2-nodb-c32.json 
2026-09-08T10:45:03Z kubectl --kubeconfig /tmp/tmp.xyhko2R2Sa/kubeconfig --context kind-wamn-receiving-journey apply -f /tmp/tmp.xyhko2R2Sa/bench-service-r2-nodb-c64.json 
2026-09-08T10:45:19Z kubectl --kubeconfig /tmp/tmp.xyhko2R2Sa/kubeconfig --context kind-wamn-receiving-journey apply -f /tmp/tmp.xyhko2R2Sa/bench-service-r2-pg-c1.json 
2026-09-08T10:45:35Z kubectl --kubeconfig /tmp/tmp.xyhko2R2Sa/kubeconfig --context kind-wamn-receiving-journey apply -f /tmp/tmp.xyhko2R2Sa/bench-service-r2-pg-c4.json 
2026-09-08T10:45:51Z kubectl --kubeconfig /tmp/tmp.xyhko2R2Sa/kubeconfig --context kind-wamn-receiving-journey apply -f /tmp/tmp.xyhko2R2Sa/bench-service-r2-pg-c8.json 
2026-09-08T10:46:08Z kubectl --kubeconfig /tmp/tmp.xyhko2R2Sa/kubeconfig --context kind-wamn-receiving-journey apply -f /tmp/tmp.xyhko2R2Sa/bench-service-r2-pg-c16.json 
2026-09-08T10:46:24Z kubectl --kubeconfig /tmp/tmp.xyhko2R2Sa/kubeconfig --context kind-wamn-receiving-journey apply -f /tmp/tmp.xyhko2R2Sa/bench-service-r2-pg-c32.json 
2026-09-08T10:46:40Z kubectl --kubeconfig /tmp/tmp.xyhko2R2Sa/kubeconfig --context kind-wamn-receiving-journey apply -f /tmp/tmp.xyhko2R2Sa/bench-service-r2-pg-c64.json 
2026-09-08T10:46:56Z /home/kaalin/.cache/wamn-lanes/ctc8-12-fresh-auth-20260907/target/debug/wamn-throughput report --evidence-dir /home/kaalin/dev/wamn/docs/perf/2026.09/ctc8-12-fresh-auth/before-002/journey/throughput/service-2 
2026-09-08T10:46:57Z kubectl --kubeconfig /tmp/tmp.xyhko2R2Sa/kubeconfig --context kind-wamn-receiving-journey apply -f /tmp/tmp.xyhko2R2Sa/bench-service-r3-route-c1.json 
2026-09-08T10:47:12Z kubectl --kubeconfig /tmp/tmp.xyhko2R2Sa/kubeconfig --context kind-wamn-receiving-journey apply -f /tmp/tmp.xyhko2R2Sa/bench-service-r3-route-c4.json 
2026-09-08T10:47:28Z kubectl --kubeconfig /tmp/tmp.xyhko2R2Sa/kubeconfig --context kind-wamn-receiving-journey apply -f /tmp/tmp.xyhko2R2Sa/bench-service-r3-route-c8.json 
2026-09-08T10:47:45Z kubectl --kubeconfig /tmp/tmp.xyhko2R2Sa/kubeconfig --context kind-wamn-receiving-journey apply -f /tmp/tmp.xyhko2R2Sa/bench-service-r3-route-c16.json 
2026-09-08T10:48:01Z kubectl --kubeconfig /tmp/tmp.xyhko2R2Sa/kubeconfig --context kind-wamn-receiving-journey apply -f /tmp/tmp.xyhko2R2Sa/bench-service-r3-route-c32.json 
2026-09-08T10:48:17Z kubectl --kubeconfig /tmp/tmp.xyhko2R2Sa/kubeconfig --context kind-wamn-receiving-journey apply -f /tmp/tmp.xyhko2R2Sa/bench-service-r3-route-c64.json 
2026-09-08T10:48:33Z kubectl --kubeconfig /tmp/tmp.xyhko2R2Sa/kubeconfig --context kind-wamn-receiving-journey apply -f /tmp/tmp.xyhko2R2Sa/bench-service-r3-nodb-c1.json 
2026-09-08T10:48:49Z kubectl --kubeconfig /tmp/tmp.xyhko2R2Sa/kubeconfig --context kind-wamn-receiving-journey apply -f /tmp/tmp.xyhko2R2Sa/bench-service-r3-nodb-c4.json 
2026-09-08T10:49:05Z kubectl --kubeconfig /tmp/tmp.xyhko2R2Sa/kubeconfig --context kind-wamn-receiving-journey apply -f /tmp/tmp.xyhko2R2Sa/bench-service-r3-nodb-c8.json 
2026-09-08T10:49:21Z kubectl --kubeconfig /tmp/tmp.xyhko2R2Sa/kubeconfig --context kind-wamn-receiving-journey apply -f /tmp/tmp.xyhko2R2Sa/bench-service-r3-nodb-c16.json 
2026-09-08T10:49:37Z kubectl --kubeconfig /tmp/tmp.xyhko2R2Sa/kubeconfig --context kind-wamn-receiving-journey apply -f /tmp/tmp.xyhko2R2Sa/bench-service-r3-nodb-c32.json 
2026-09-08T10:49:54Z kubectl --kubeconfig /tmp/tmp.xyhko2R2Sa/kubeconfig --context kind-wamn-receiving-journey apply -f /tmp/tmp.xyhko2R2Sa/bench-service-r3-nodb-c64.json 
2026-09-08T10:50:10Z kubectl --kubeconfig /tmp/tmp.xyhko2R2Sa/kubeconfig --context kind-wamn-receiving-journey apply -f /tmp/tmp.xyhko2R2Sa/bench-service-r3-pg-c1.json 
2026-09-08T10:50:26Z kubectl --kubeconfig /tmp/tmp.xyhko2R2Sa/kubeconfig --context kind-wamn-receiving-journey apply -f /tmp/tmp.xyhko2R2Sa/bench-service-r3-pg-c4.json 
2026-09-08T10:50:42Z kubectl --kubeconfig /tmp/tmp.xyhko2R2Sa/kubeconfig --context kind-wamn-receiving-journey apply -f /tmp/tmp.xyhko2R2Sa/bench-service-r3-pg-c8.json 
2026-09-08T10:50:59Z kubectl --kubeconfig /tmp/tmp.xyhko2R2Sa/kubeconfig --context kind-wamn-receiving-journey apply -f /tmp/tmp.xyhko2R2Sa/bench-service-r3-pg-c16.json 
2026-09-08T10:51:16Z kubectl --kubeconfig /tmp/tmp.xyhko2R2Sa/kubeconfig --context kind-wamn-receiving-journey apply -f /tmp/tmp.xyhko2R2Sa/bench-service-r3-pg-c32.json 
2026-09-08T10:51:33Z kubectl --kubeconfig /tmp/tmp.xyhko2R2Sa/kubeconfig --context kind-wamn-receiving-journey apply -f /tmp/tmp.xyhko2R2Sa/bench-service-r3-pg-c64.json 
2026-09-08T10:51:49Z /home/kaalin/.cache/wamn-lanes/ctc8-12-fresh-auth-20260907/target/debug/wamn-throughput report --evidence-dir /home/kaalin/dev/wamn/docs/perf/2026.09/ctc8-12-fresh-auth/before-002/journey/throughput/service-3 
2026-09-08T10:51:49Z kubectl --kubeconfig /tmp/tmp.xyhko2R2Sa/kubeconfig --context kind-wamn-receiving-journey apply -f /tmp/tmp.xyhko2R2Sa/bench-human-r3-route-c1.json 
2026-09-08T10:52:06Z kubectl --kubeconfig /tmp/tmp.xyhko2R2Sa/kubeconfig --context kind-wamn-receiving-journey apply -f /tmp/tmp.xyhko2R2Sa/bench-human-r3-route-c4.json 
2026-09-08T10:52:22Z kubectl --kubeconfig /tmp/tmp.xyhko2R2Sa/kubeconfig --context kind-wamn-receiving-journey apply -f /tmp/tmp.xyhko2R2Sa/bench-human-r3-route-c8.json 
2026-09-08T10:52:38Z kubectl --kubeconfig /tmp/tmp.xyhko2R2Sa/kubeconfig --context kind-wamn-receiving-journey apply -f /tmp/tmp.xyhko2R2Sa/bench-human-r3-route-c16.json 
2026-09-08T10:52:55Z kubectl --kubeconfig /tmp/tmp.xyhko2R2Sa/kubeconfig --context kind-wamn-receiving-journey apply -f /tmp/tmp.xyhko2R2Sa/bench-human-r3-route-c32.json 
2026-09-08T10:53:11Z kubectl --kubeconfig /tmp/tmp.xyhko2R2Sa/kubeconfig --context kind-wamn-receiving-journey apply -f /tmp/tmp.xyhko2R2Sa/bench-human-r3-route-c64.json 
2026-09-08T10:53:28Z kubectl --kubeconfig /tmp/tmp.xyhko2R2Sa/kubeconfig --context kind-wamn-receiving-journey apply -f /tmp/tmp.xyhko2R2Sa/bench-human-r3-nodb-c1.json 
2026-09-08T10:53:44Z kubectl --kubeconfig /tmp/tmp.xyhko2R2Sa/kubeconfig --context kind-wamn-receiving-journey apply -f /tmp/tmp.xyhko2R2Sa/bench-human-r3-nodb-c4.json 
2026-09-08T10:54:00Z kubectl --kubeconfig /tmp/tmp.xyhko2R2Sa/kubeconfig --context kind-wamn-receiving-journey apply -f /tmp/tmp.xyhko2R2Sa/bench-human-r3-nodb-c8.json 
2026-09-08T10:54:16Z kubectl --kubeconfig /tmp/tmp.xyhko2R2Sa/kubeconfig --context kind-wamn-receiving-journey apply -f /tmp/tmp.xyhko2R2Sa/bench-human-r3-nodb-c16.json 
2026-09-08T10:54:32Z kubectl --kubeconfig /tmp/tmp.xyhko2R2Sa/kubeconfig --context kind-wamn-receiving-journey apply -f /tmp/tmp.xyhko2R2Sa/bench-human-r3-nodb-c32.json 
2026-09-08T10:54:48Z kubectl --kubeconfig /tmp/tmp.xyhko2R2Sa/kubeconfig --context kind-wamn-receiving-journey apply -f /tmp/tmp.xyhko2R2Sa/bench-human-r3-nodb-c64.json 
2026-09-08T10:55:04Z kubectl --kubeconfig /tmp/tmp.xyhko2R2Sa/kubeconfig --context kind-wamn-receiving-journey apply -f /tmp/tmp.xyhko2R2Sa/bench-human-r3-pg-c1.json 
2026-09-08T10:55:21Z kubectl --kubeconfig /tmp/tmp.xyhko2R2Sa/kubeconfig --context kind-wamn-receiving-journey apply -f /tmp/tmp.xyhko2R2Sa/bench-human-r3-pg-c4.json 
2026-09-08T10:55:37Z kubectl --kubeconfig /tmp/tmp.xyhko2R2Sa/kubeconfig --context kind-wamn-receiving-journey apply -f /tmp/tmp.xyhko2R2Sa/bench-human-r3-pg-c8.json 
2026-09-08T10:55:53Z kubectl --kubeconfig /tmp/tmp.xyhko2R2Sa/kubeconfig --context kind-wamn-receiving-journey apply -f /tmp/tmp.xyhko2R2Sa/bench-human-r3-pg-c16.json 
2026-09-08T10:56:09Z kubectl --kubeconfig /tmp/tmp.xyhko2R2Sa/kubeconfig --context kind-wamn-receiving-journey apply -f /tmp/tmp.xyhko2R2Sa/bench-human-r3-pg-c32.json 
2026-09-08T10:56:25Z kubectl --kubeconfig /tmp/tmp.xyhko2R2Sa/kubeconfig --context kind-wamn-receiving-journey apply -f /tmp/tmp.xyhko2R2Sa/bench-human-r3-pg-c64.json 
2026-09-08T10:56:41Z /home/kaalin/.cache/wamn-lanes/ctc8-12-fresh-auth-20260907/target/debug/wamn-throughput report --evidence-dir /home/kaalin/dev/wamn/docs/perf/2026.09/ctc8-12-fresh-auth/before-002/journey/throughput/human-3 
2026-09-08T10:56:42Z kind delete cluster --name wamn-receiving-journey 
2026-09-08T10:56:43Z docker rm --force --volumes wamn-receiving-pg18-b5ae3eba8bd3-2010001 
2026-09-08T10:56:44Z docker rm --force --volumes wamn-receiving-registry-b5ae3eba8bd3-2010001 
2026-09-08T10:56:44Z docker rm --force --volumes wamn-receiving-nats-b5ae3eba8bd3-2010001 
2026-09-08T10:56:44Z docker image rm wamn-host:receiving-b5ae3eba8bd3-2010001-release 
2026-09-08T10:56:44Z rm -rf -- /tmp/tmp.xyhko2R2Sa 
