   Compiling proc-macro2 v1.0.107
   Compiling unicode-ident v1.0.24
   Compiling quote v1.0.47
   Compiling serde_core v1.0.229
   Compiling syn v3.0.4
   Compiling syn v2.0.119
   Compiling serde_derive v1.0.229
   Compiling libc v0.2.189
   Compiling serde v1.0.229
   Compiling cfg-if v1.0.4
   Compiling memchr v2.8.3
   Compiling smallvec v1.15.2
   Compiling anyhow v1.0.104
   Compiling foldhash v0.2.0
   Compiling itoa v1.0.18
   Compiling hashbrown v0.17.1
   Compiling typenum v1.20.1
   Compiling log v0.4.34
   Compiling pin-project-lite v0.2.17
   Compiling version_check v0.9.5
   Compiling bytes v1.12.1
   Compiling jobserver v0.1.35
   Compiling once_cell v1.21.4
   Compiling shlex v2.0.1
   Compiling zmij v1.0.23
   Compiling futures-core v0.3.34
   Compiling find-msvc-tools v0.1.11
   Compiling equivalent v1.0.2
   Compiling indexmap v2.14.0
   Compiling cc v1.4.4
   Compiling generic-array v0.14.7
   Compiling futures-sink v0.3.34
   Compiling bitflags v2.13.1
   Compiling parking_lot_core v0.9.12
   Compiling scopeguard v1.2.0
   Compiling lock_api v0.4.14
   Compiling thiserror-impl v2.0.20
   Compiling parking_lot v0.12.5
   Compiling futures-channel v0.3.34
   Compiling errno v0.3.14
   Compiling futures-macro v0.3.34
   Compiling futures-task v0.3.34
   Compiling slab v0.4.12
   Compiling futures-io v0.3.34
   Compiling futures-util v0.3.34
   Compiling signal-hook-registry v1.4.8
   Compiling socket2 v0.6.5
   Compiling mio v1.2.2
   Compiling tokio-macros v2.7.2
   Compiling libm v0.2.16
   Compiling pkg-config v0.3.34
   Compiling tokio v1.53.1
   Compiling serde_json v1.0.151
   Compiling base64 v0.22.1
   Compiling thiserror v2.0.20
   Compiling synstructure v0.13.2
   Compiling percent-encoding v2.3.2
   Compiling zerofrom-derive v0.1.7
   Compiling crypto-common v0.1.7
   Compiling block-buffer v0.10.4
   Compiling tracing-core v0.1.36
   Compiling zeroize_derive v1.5.0
   Compiling fnv v1.0.7
   Compiling heck v0.5.0
   Compiling zeroize v1.9.0
   Compiling digest v0.10.7
   Compiling zerofrom v0.1.8
   Compiling yoke-derive v0.8.2
   Compiling tracing-attributes v0.1.31
   Compiling stable_deref_trait v1.2.1
   Compiling yoke v0.8.3
   Compiling tokio-util v0.7.19
   Compiling tracing v0.1.44
   Compiling zerovec-derive v0.11.6
   Compiling zerovec v0.11.8
   Compiling getrandom v0.2.17
   Compiling displaydoc v0.2.7
   Compiling cmake v0.1.58
   Compiling semver v1.0.28
   Compiling dunce v1.0.5
   Compiling fs_extra v1.3.0
   Compiling aws-lc-sys v0.44.0
   Compiling hybrid-array v0.4.14
   Compiling cpufeatures v0.3.0
   Compiling wasmtime-internal-core v47.0.4
   Compiling autocfg v1.5.1
   Compiling num-traits v0.2.19
   Compiling tinystr v0.8.4
   Compiling writeable v0.6.4
   Compiling cmov v0.5.4
   Compiling litemap v0.8.3
   Compiling icu_locale_core v2.3.0
   Compiling ctutils v0.4.2
   Compiling block-buffer v0.12.1
   Compiling crypto-common v0.2.2
   Compiling zerotrie v0.2.5
   Compiling potential_utf v0.1.6
   Compiling ring v0.17.14
   Compiling http v1.5.0
   Compiling aws-lc-rs v1.18.0
   Compiling target-lexicon v0.13.5
   Compiling icu_normalizer_data v2.3.0
   Compiling utf8_iter v1.0.4
   Compiling icu_properties_data v2.3.0
   Compiling const-oid v0.10.2
   Compiling digest v0.11.3
   Compiling icu_collections v2.3.0
   Compiling icu_provider v2.3.1
   Compiling cranelift-bitset v0.134.4
   Compiling rustls-pki-types v1.15.1
   Compiling cpufeatures v0.2.17
   Compiling subtle v2.6.1
   Compiling ipnet v2.12.1
   Compiling rustix v1.1.4
   Compiling async-trait v0.1.92
   Compiling untrusted v0.9.0
   Compiling untrusted v0.7.1
   Compiling zerocopy v0.8.56
   Compiling linux-raw-sys v0.12.1
   Compiling crc32fast v1.5.1
   Compiling leb128fmt v0.1.0
   Compiling icu_properties v2.3.0
   Compiling icu_normalizer v2.3.0
   Compiling sha2 v0.10.9
   Compiling http-body v1.1.0
   Compiling getrandom v0.4.3
   Compiling cranelift-srcgen v0.134.4
   Compiling rand_core v0.10.1
   Compiling cranelift-assembler-x64-meta v0.134.4
   Compiling idna_adapter v1.2.2
   Compiling form_urlencoded v1.2.2
   Compiling rustls v0.23.43
   Compiling iana-time-zone v0.1.65
   Compiling chrono v0.4.45
   Compiling idna v1.1.0
   Compiling sha2 v0.11.0
   Compiling pulley-macros v47.0.4
   Compiling httparse v1.10.1
   Compiling tower-service v0.3.3
   Compiling hashbrown v0.16.1
   Compiling gimli v0.33.0
   Compiling url v2.5.8
   Compiling cranelift-entity v0.134.4
   Compiling cobs v0.3.0
   Compiling aho-corasick v1.1.5
   Compiling strsim v0.11.1
   Compiling regex-syntax v0.8.11
   Compiling atomic-waker v1.1.2
   Compiling ident_case v1.0.1
   Compiling try-lock v0.2.5
   Compiling tinyvec_macros v0.1.1
   Compiling cranelift-isle v0.134.4
   Compiling tinyvec v1.12.0
   Compiling want v0.3.1
   Compiling h2 v0.4.19
   Compiling regex-automata v0.4.18
   Compiling postcard v1.1.3
   Compiling cranelift-bforest v0.134.4
   Compiling pulley-interpreter v47.0.4
   Compiling chacha20 v0.10.1
   Compiling getrandom v0.3.4
   Compiling crossbeam-utils v0.8.22
   Compiling cranelift-codegen-shared v0.134.4
   Compiling either v1.18.0
   Compiling httpdate v1.0.3
   Compiling hyper v1.11.0
   Compiling itertools v0.14.0
   Compiling cranelift-codegen-meta v0.134.4
   Compiling rand v0.10.2
   Compiling unicode-normalization v0.1.25
   Compiling cranelift-assembler-x64 v0.134.4
   Compiling sync_wrapper v1.0.2
   Compiling object v0.39.1
   Compiling tower-layer v0.3.3
   Compiling io-lifetimes v2.0.4
   Compiling cpp_demangle v0.5.1
   Compiling openssl-probe v0.2.1
   Compiling allocator-api2 v0.2.21
   Compiling bumpalo v3.20.3
   Compiling rustls-native-certs v0.8.4
   Compiling cranelift-codegen v0.134.4
   Compiling prost-derive v0.14.4
   Compiling ppv-lite86 v0.2.21
   Compiling http-body-util v0.1.5
   Compiling wasmparser v0.252.0
   Compiling rustls-webpki v0.103.15
   Compiling tokio-rustls v0.26.4
   Compiling zstd-sys v2.0.16+zstd.1.5.7
   Compiling wasmtime-internal-versioned-export-macros v47.0.4
   Compiling termcolor v1.4.1
   Compiling crossbeam-epoch v0.9.20
   Compiling arbitrary v1.4.2
   Compiling rustc-hash v2.1.3
   Compiling regalloc2 v0.15.2
   Compiling cranelift-control v0.134.4
   Compiling wasmprinter v0.252.0
   Compiling tower v0.5.3
   Compiling hyper-util v0.1.20
   Compiling wasm-encoder v0.252.0
   Compiling rustc-demangle v0.1.28
   Compiling wasmtime-internal-component-util v47.0.4
   Compiling winnow v1.0.4
   Compiling toml_parser v1.1.3+spec-1.1.0
   Compiling wasmtime-environ v47.0.4
   Compiling signature v2.2.0
   Compiling serde_spanned v1.1.1
   Compiling toml_datetime v0.7.5+spec-1.1.0
   Compiling crossbeam-deque v0.8.7
   Compiling zstd-safe v7.2.4
   Compiling winnow v0.7.15
   Compiling toml_writer v1.1.2+spec-1.1.0
   Compiling toml v0.9.12+spec-1.1.0
   Compiling darling_core v0.20.11
   Compiling fs-set-times v0.20.3
   Compiling regex v1.13.1
   Compiling rustix-linux-procfs v0.1.1
   Compiling md-5 v0.11.0
   Compiling maybe-owned v0.3.4
   Compiling ambient-authority v0.0.2
   Compiling wasmtime-internal-unwinder v47.0.4
   Compiling base64ct v1.8.3
   Compiling io-lifetimes v3.0.1
   Compiling unicode-properties v0.1.4
   Compiling unicode-bidi v0.3.18
   Compiling rayon-core v1.13.0
   Compiling id-arena v2.3.0
   Compiling thiserror v1.0.69
   Compiling wit-parser v0.252.0
   Compiling stringprep v0.1.5
   Compiling pem-rfc7468 v0.7.0
   Compiling darling_macro v0.20.11
   Compiling wasmtime-internal-fiber v47.0.4
   Compiling hmac v0.13.0
   Compiling rustc_version v0.4.1
   Compiling rand_core v0.6.4
   Compiling opentelemetry v0.31.0
   Compiling dirs-sys-next v0.1.2
   Compiling pin-project-internal v1.1.13
   Compiling thiserror-impl v1.0.69
   Compiling leb128 v0.2.7
   Compiling wasmtime-internal-cranelift v47.0.4
   Compiling wasmtime-internal-cache v47.0.4
   Compiling io-extras v0.19.0
   Compiling const-oid v0.9.6
   Compiling byteorder v1.5.0
   Compiling wasmtime-internal-component-macro v47.0.4
   Compiling siphasher v1.0.3
   Compiling fallible-iterator v0.2.0
   Compiling postgres-protocol v0.6.12
   Compiling phf_shared v0.13.1
   Compiling prost v0.14.4
   Compiling der v0.7.10
   Compiling wast v35.0.2
   Compiling pin-project v1.1.13
   Compiling directories-next v2.0.0
   Compiling curve25519-dalek v4.1.3
   Compiling darling v0.20.11
   Compiling zstd v0.13.3
   Compiling wasmtime-internal-wit-bindgen v47.0.4
   Compiling cranelift-native v0.134.4
   Compiling cranelift-frontend v0.134.4
   Compiling wasmtime v47.0.4
   Compiling tokio-stream v0.1.19
   Compiling serde_derive_internals v0.29.1
   Compiling deranged v0.5.8
   Compiling mime v0.3.17
   Compiling ryu v1.0.23
   Compiling powerfmt v0.2.0
   Compiling hex v0.4.3
   Compiling simd-adler32 v0.3.10
   Compiling foldhash v0.1.5
   Compiling cap-primitives v4.0.3
   Compiling adler2 v2.0.1
   Compiling prettyplease v0.2.37
   Compiling ref-cast v1.0.27
   Compiling lazy_static v1.5.0
   Compiling schemars v0.8.22
   Compiling num-conv v0.2.2
   Compiling time-core v0.1.9
   Compiling time v0.3.55
   Compiling miniz_oxide v0.8.9
   Compiling hashbrown v0.15.5
   Compiling axum-core v0.5.6
   Compiling schemars_derive v0.8.22
   Compiling rayon v1.12.0
   Compiling derive_builder_core v0.20.2
   Compiling witx v0.9.1
   Compiling spki v0.7.3
   Compiling prost-types v0.14.4
   Compiling phf v0.13.1
   Compiling postgres-types v0.2.14
   Compiling rand_chacha v0.3.1
   Compiling rand_core v0.9.5
   Compiling addr2line v0.26.1
   Compiling memfd v0.6.5
   Compiling wasmtime-internal-jit-icache-coherence v47.0.4
   Compiling wasmparser v0.253.0
   Compiling futures v0.3.34
   Compiling ahash v0.8.12
   Compiling whoami v2.1.3
   Compiling encoding_rs v0.8.35
   Compiling curve25519-dalek-derive v0.1.1
   Compiling ref-cast-impl v1.0.27
   Compiling fastrand v2.5.0
   Compiling portable-atomic v1.15.0
   Compiling cap-std v4.0.3
   Compiling wiggle-macro v47.0.4
   Compiling matchit v0.8.4
   Compiling dyn-clone v1.0.20
   Compiling konst_macro_rules v0.2.19
   Compiling io-extras v0.18.4
   Compiling unicode-xid v0.2.6
   Compiling fixedbitset v0.5.7
   Compiling petgraph v0.8.3
   Compiling const_format_proc_macros v0.2.34
   Compiling konst v0.2.20
   Compiling axum v0.8.9
   Compiling tempfile v3.27.0
   Compiling tokio-postgres v0.7.18
   Compiling rand_chacha v0.9.0
   Compiling rand v0.8.8
   Compiling pkcs8 v0.10.2
   Compiling wiggle-generate v47.0.4
   Compiling derive_builder_macro v0.20.2
   Compiling flate2 v1.1.9
   Compiling serde_urlencoded v0.7.1
   Compiling ed25519 v2.2.3
   Compiling hyper-timeout v0.5.2
   Compiling hyper-rustls v0.27.9
   Compiling tower-http v0.6.11
   Compiling rustls-platform-verifier v0.7.0
   Compiling darling_core v0.24.1
   Compiling wasmparser v0.254.0
   Compiling cap-primitives v3.4.6
   Compiling multimap v0.10.1
   Compiling borrow-or-share v0.2.4
   Compiling cap-fs-ext v4.0.3
   Compiling rustversion v1.0.23
   Compiling prettyplease v0.3.0
   Compiling fluent-uri v0.3.2
   Compiling prost-build v0.14.4
   Compiling darling_macro v0.24.1
   Compiling reqwest v0.13.4
   Compiling tonic v0.14.6
   Compiling ed25519-dalek v2.2.0
   Compiling derive_builder v0.20.2
   Compiling signatory v0.27.1
   Compiling rand v0.9.5
   Compiling wamn-execution-contract v0.1.0 (/home/kaalin/.cache/wamn-lanes/receiving-postcommit-final-20260910/apps/platform/execution/contract)
   Compiling const_format v0.2.36
   Compiling wasm-encoder v0.253.0
   Compiling pbjson-build v0.8.0
   Compiling sharded-slab v0.1.7
   Compiling matchers v0.2.0
   Compiling wamn-event-wire v0.1.0 (/home/kaalin/.cache/wamn-lanes/receiving-postcommit-final-20260910/apps/platform/events/wire)
   Compiling strum_macros v0.27.2
   Compiling tracing-serde v0.2.0
   Compiling futures-executor v0.3.34
   Compiling thread_local v1.1.10
   Compiling getset v0.1.7
   Compiling cap-std v3.4.6
   Compiling strum v0.27.2
   Compiling appendlist v1.4.0
   Compiling nu-ansi-term v0.50.3
   Compiling data-encoding v2.11.0
   Compiling nkeys v0.4.5
   Compiling tracing-subscriber v0.3.23
   Compiling boon v0.6.1
   Compiling oci-spec v0.9.0
   Compiling opentelemetry_sdk v0.31.0
   Compiling pbjson-types v0.8.0
   Compiling wasm-metadata v0.253.0
   Compiling wiggle v47.0.4
   Compiling tonic-prost v0.14.6
   Compiling darling v0.24.1
   Compiling wasm-encoder v0.254.0
   Compiling wasmtime-wasi-io v47.0.4
   Compiling wit-parser v0.253.0
   Compiling jsonwebtoken v10.4.0
   Compiling olpc-cjson v0.1.4
   Compiling webpki-roots v1.0.9
   Compiling num-integer v0.1.47
   Compiling tryhard v0.5.2
   Compiling http-auth v0.1.10
   Compiling serde_nanos v0.1.4
   Compiling serde_repr v0.1.21
   Compiling unicase v2.9.0
   Compiling names v0.14.0
   Compiling wamn-component-policy v0.1.0 (/home/kaalin/.cache/wamn-lanes/receiving-postcommit-final-20260910/crates/platform/component-policy)
   Compiling wamn-catalog v0.1.0 (/home/kaalin/.cache/wamn-lanes/receiving-postcommit-final-20260910/crates/catalog/model)
warning: function `canonical_serialized` is never used
   --> crates/catalog/model/src/lib.rs:791:4
    |
791 | fn canonical_serialized(value: &impl Serialize) -> Vec<u8> {
    |    ^^^^^^^^^^^^^^^^^^^^
    |
    = note: `#[warn(dead_code)]` (part of `#[warn(unused)]`) on by default

   Compiling oci-client v0.17.0
warning: `wamn-catalog` (lib) generated 1 warning
   Compiling async-nats v0.49.1
   Compiling num-bigint v0.4.8
   Compiling wit-component v0.253.0
   Compiling wasmtime-wasi v47.0.4
   Compiling wasm-metadata v0.254.0
   Compiling bon-macros v3.10.0
   Compiling arc-swap v1.9.2
   Compiling opentelemetry-proto v0.31.0
   Compiling wit-parser v0.254.0
   Compiling wamn-schema-introspection v0.1.0 (/home/kaalin/.cache/wamn-lanes/receiving-postcommit-final-20260910/crates/schema/introspection)
   Compiling opentelemetry-http v0.31.0
   Compiling crossbeam-channel v0.5.16
   Compiling itertools v0.13.0
   Compiling uuid v1.26.0
   Compiling combine v4.6.8
   Compiling deadpool-runtime v0.3.1
   Compiling pbjson v0.8.0
   Compiling wamn-pg-core v0.1.0 (/home/kaalin/.cache/wamn-lanes/receiving-postcommit-final-20260910/crates/platform/pg-core)
   Compiling home v0.5.12
   Compiling humantime v2.4.0
   Compiling spin v0.10.1
   Compiling tagptr v0.2.0
   Compiling utf8parse v0.2.2
   Compiling anstyle-parse v1.0.0
   Compiling moka v0.12.16
   Compiling crc-fast v1.10.0
   Compiling etcetera v0.10.0
   Compiling wamn-run-state v0.1.0 (/home/kaalin/.cache/wamn-lanes/receiving-postcommit-final-20260910/crates/execution/run-state)
   Compiling deadpool v0.13.1
   Compiling redis v0.27.6
   Compiling opentelemetry-otlp v0.31.1
   Compiling wasmtime-wasi-http v47.0.4
   Compiling wamn-schema-generator v0.1.0 (/home/kaalin/.cache/wamn-lanes/receiving-postcommit-final-20260910/crates/schema/generator)
   Compiling wit-component v0.254.0
   Compiling cap-net-ext v3.4.6
   Compiling bon v3.10.0
   Compiling oci-wasm v0.6.0
   Compiling webpki-roots v0.26.11
   Compiling tracing-opentelemetry v0.32.1
   Compiling opentelemetry-appender-tracing v0.31.1
   Compiling itertools v0.15.0
   Compiling docker_credential v1.4.0
   Compiling wamn-control-registry v0.1.0 (/home/kaalin/.cache/wamn-lanes/receiving-postcommit-final-20260910/crates/control/registry)
   Compiling quick-xml v0.41.0
   Compiling sysinfo v0.32.1
   Compiling hostname v0.4.2
   Compiling colorchoice v1.0.5
   Compiling opentelemetry-semantic-conventions v0.31.0
   Compiling anstyle v1.0.14
   Compiling is_terminal_polyfill v1.70.2
   Compiling anstyle-query v1.1.5
   Compiling anstream v1.0.0
   Compiling wash-runtime v2.9.0 (https://github.com/wasmCloud/wasmCloud?rev=68ebece9c537f8bb4b5c9999f274ec68d60f35a9#68ebece9)
   Compiling object_store v0.14.1
   Compiling wamn-control-provision v0.1.0 (/home/kaalin/.cache/wamn-lanes/receiving-postcommit-final-20260910/crates/control/provision)
   Compiling deadpool-postgres v0.14.2
   Compiling wamn-router v0.1.0 (/home/kaalin/.cache/wamn-lanes/receiving-postcommit-final-20260910/crates/execution/router)
   Compiling wamn-platform-identity v0.1.0 (/home/kaalin/.cache/wamn-lanes/receiving-postcommit-final-20260910/crates/identity/platform)
   Compiling clap_lex v1.1.0
   Compiling clap_builder v4.6.6
   Compiling clap_derive v4.6.4
   Compiling clap v4.6.6
   Compiling wamn-runtime v0.1.0 (/home/kaalin/.cache/wamn-lanes/receiving-postcommit-final-20260910/crates/platform/runtime)
warning: the item `Future` is imported redundantly
 --> crates/platform/runtime/src/connection_authority.rs:3:5
  |
3 | use std::future::Future;
  |     ^^^^^^^^^^^^^^^^^^^
  |
 --> /rustc/88d9e12ae178fab0fb5cc050a94da85685d449ea/library/std/src/prelude/mod.rs:166:12
  |
  = note: the item `Future` is already defined here
  |
  = note: requested on the command line with `-W redundant-imports`

warning: constant `HTTP_CONTRACT` is never used
  --> crates/platform/runtime/src/plugins/connection_http.rs:56:7
   |
56 | const HTTP_CONTRACT: &str = "wamn:connection/http@0.1.0";
   |       ^^^^^^^^^^^^^
   |
   = note: `#[warn(dead_code)]` (part of `#[warn(unused)]`) on by default

warning: type does not implement `std::fmt::Debug`; consider adding `#[derive(Debug)]` or a manual implementation
   --> crates/platform/runtime/src/plugins/connection_http.rs:131:1
    |
131 | / pub struct ConnectionHttp {
132 | |     postgres: Arc<WamnPostgres>,
133 | |     transport: Arc<HttpTransport>,
134 | |     vault: Arc<WamnCredentials>,
...   |
151 | |     invocations: std::sync::RwLock<HashMap<String, ConnectionInvocation>>,
152 | | }
    | |_^
    |
    = note: requested on the command line with `-W missing-debug-implementations`

warning: type does not implement `std::fmt::Debug`; consider adding `#[derive(Debug)]` or a manual implementation
  --> crates/platform/runtime/src/plugins/wamn_credentials.rs:27:1
   |
27 | / pub struct WamnCredentials {
28 | |     /// Whether ANY backing source was configured. Distinguishes `unavailable`
29 | |     /// (no source — retryable) from `not-found` (source present, name absent —
30 | |     /// config-shaped).
...  |
33 | |     projects: HashMap<String, HashMap<String, String>>,
34 | | }
   | |_^

warning: type does not implement `std::fmt::Debug`; consider adding `#[derive(Debug)]` or a manual implementation
   --> crates/platform/runtime/src/plugins/wamn_jetstream.rs:507:1
    |
507 | / pub struct WamnJetstream {
508 | |     nats_url: Option<String>,
509 | |     stream_replicas: Option<usize>,
510 | |     dup_window_secs: Option<u64>,
...   |
536 | |     release: Option<Arc<ReleaseManifestWeld>>,
537 | | }
    | |_^

warning: type does not implement `std::fmt::Debug`; consider adding `#[derive(Debug)]` or a manual implementation
   --> crates/platform/runtime/src/plugins/wamn_logging.rs:213:1
    |
213 | / pub struct Capture {
214 | |     records: std::sync::Mutex<Vec<CapturedRec>>,
215 | | }
    | |_^

warning: type does not implement `std::fmt::Debug`; consider adding `#[derive(Debug)]` or a manual implementation
   --> crates/platform/runtime/src/plugins/wamn_logging.rs:235:1
    |
235 | / pub struct WamnLogging {
236 | |     /// component id → host-trusted {tenant, project}.
237 | |     claims: std::sync::RwLock<HashMap<String, Claim>>,
238 | |     /// Bounded front queue; `try_send` keeps `log()` non-blocking.
...   |
243 | |     _drain: tokio::task::JoinHandle<()>,
244 | | }
    | |_^

warning: type does not implement `std::fmt::Debug`; consider adding `#[derive(Debug)]` or a manual implementation
   --> crates/platform/runtime/src/plugins/wamn_postgres/claims.rs:54:1
    |
 54 | / pub struct WamnPostgres {
 55 | |     /// Resolves a project id → its database connection + policy.
 56 | |     provider: Arc<dyn CredentialProvider>,
 57 | |     /// Guest-visible project pools, built lazily and never shared with host-owned
...   |
117 | |     pub(super) bind_counters: super::BindCounters,
118 | | }
    | |_^

warning: type does not implement `std::fmt::Debug`; consider adding `#[derive(Debug)]` or a manual implementation
   --> crates/platform/runtime/src/plugins/wamn_postgres/pool.rs:248:1
    |
248 | / pub struct StaticCredentialProvider {
249 | |     projects: HashMap<String, ProjectConfig>,
250 | | }
    | |_^

warning: type does not implement `std::fmt::Debug`; consider adding `#[derive(Debug)]` or a manual implementation
   --> crates/platform/runtime/src/plugins/wamn_postgres/pool.rs:423:1
    |
423 | / pub struct K8sSecretProvider {
424 | |     pub namespace: String,
425 | | }
    | |_^

warning: type does not implement `std::fmt::Debug`; consider adding `#[derive(Debug)]` or a manual implementation
   --> crates/platform/runtime/src/plugins/wamn_postgres/resources.rs:99:1
    |
 99 | / pub struct PgTransaction {
100 | |     state: SharedTxnState,
101 | |     destroyed: Arc<AtomicU64>,
102 | |     cursor_seq: u32,
103 | |     /// Row limit of the project this transaction's connection belongs to.
104 | |     row_limit: u64,
105 | | }
    | |_^

warning: type does not implement `std::fmt::Debug`; consider adding `#[derive(Debug)]` or a manual implementation
   --> crates/platform/runtime/src/plugins/wamn_postgres/resources.rs:145:1
    |
145 | / pub struct PgCursor {
146 | |     state: SharedTxnState,
147 | |     destroyed: Arc<AtomicU64>,
148 | |     name: String,
149 | | }
    | |_^

warning: `wamn-runtime` (lib) generated 12 warnings
   Compiling wamn-execution-host v0.1.0 (/home/kaalin/.cache/wamn-lanes/receiving-postcommit-final-20260910/crates/execution/host)
   Compiling wamn-host v0.1.0 (/home/kaalin/.cache/wamn-lanes/receiving-postcommit-final-20260910/services/host)
    Finished `release` profile [optimized] target(s) in 19m 28s
