   Compiling serde_core v1.0.229
   Compiling serde v1.0.229
   Compiling futures-io v0.3.34
   Compiling futures-util v0.3.34
   Compiling smallvec v1.15.2
   Compiling hashbrown v0.17.1
   Compiling bytes v1.12.1
   Compiling indexmap v2.14.0
   Compiling parking_lot_core v0.9.12
   Compiling parking_lot v0.12.5
   Compiling tokio v1.53.1
   Compiling serde_json v1.0.151
   Compiling semver v1.0.28
   Compiling tokio-util v0.7.19
   Compiling either v1.18.0
   Compiling wasmtime-internal-core v47.0.4
   Compiling http v1.5.0
   Compiling cranelift-bitset v0.134.4
   Compiling rustix v1.1.4
   Compiling itertools v0.14.0
   Compiling icu_normalizer v2.3.0
   Compiling http-body v1.1.0
   Compiling wasmparser v0.252.0
   Compiling idna_adapter v1.2.2
   Compiling chrono v0.4.45
   Compiling idna v1.1.0
   Compiling hashbrown v0.16.1
   Compiling gimli v0.33.0
   Compiling url v2.5.8
   Compiling wasm-encoder v0.252.0
   Compiling cranelift-entity v0.134.4
   Compiling h2 v0.4.19
   Compiling postcard v1.1.3
   Compiling cranelift-bforest v0.134.4
   Compiling pulley-interpreter v47.0.4
   Compiling memchr v2.8.3
   Compiling cranelift-codegen-meta v0.134.4
   Compiling hyper v1.11.0
   Compiling tokio-rustls v0.26.4
   Compiling http-body-util v0.1.5
   Compiling prost-derive v0.14.4
   Compiling cranelift-codegen v0.134.4
   Compiling typenum v1.20.1
   Compiling generic-array v0.14.7
   Compiling regalloc2 v0.15.2
   Compiling wasmprinter v0.252.0
   Compiling object v0.39.1
   Compiling tower v0.5.3
   Compiling hyper-util v0.1.20
   Compiling thiserror v2.0.20
   Compiling wasmtime-environ v47.0.4
   Compiling fs-set-times v0.20.3
   Compiling crypto-common v0.1.7
   Compiling block-buffer v0.10.4
   Compiling rustix-linux-procfs v0.1.1
   Compiling postgres-protocol v0.6.12
   Compiling digest v0.10.7
   Compiling cobs v0.3.0
   Compiling wit-parser v0.252.0
   Compiling serde_spanned v1.1.1
   Compiling deranged v0.5.8
   Compiling toml_datetime v0.7.5+spec-1.1.0
   Compiling winnow v0.7.15
   Compiling toml v0.9.12+spec-1.1.0
   Compiling wasmtime-internal-unwinder v47.0.4
   Compiling cranelift-frontend v0.134.4
   Compiling cranelift-native v0.134.4
   Compiling time v0.3.55
   Compiling prost v0.14.4
   Compiling wasmtime-internal-wit-bindgen v47.0.4
   Compiling sha2 v0.10.9
   Compiling postgres-types v0.2.14
   Compiling tokio-stream v0.1.19
   Compiling axum-core v0.5.6
   Compiling tokio-postgres v0.7.18
   Compiling wasmtime-internal-cache v47.0.4
   Compiling wasmtime-internal-component-macro v47.0.4
   Compiling rayon v1.12.0
   Compiling wasmtime-internal-fiber v47.0.4
   Compiling prost-types v0.14.4
   Compiling wasmtime-internal-cranelift v47.0.4
   Compiling addr2line v0.26.1
   Compiling memfd v0.6.5
   Compiling wasmtime-internal-jit-icache-coherence v47.0.4
   Compiling wasmparser v0.253.0
   Compiling futures v0.3.34
   Compiling once_cell v1.21.4
   Compiling tempfile v3.27.0
   Compiling petgraph v0.8.3
   Compiling axum v0.8.9
   Compiling schemars v0.8.22
   Compiling wasmtime v47.0.4
   Compiling wiggle-generate v47.0.4
   Compiling cap-primitives v4.0.3
   Compiling serde_urlencoded v0.7.1
   Compiling hyper-rustls v0.27.9
   Compiling hyper-timeout v0.5.2
   Compiling tower-http v0.6.11
   Compiling wasmparser v0.254.0
   Compiling prost-build v0.14.4
   Compiling reqwest v0.13.4
   Compiling tonic v0.14.6
   Compiling cap-std v4.0.3
   Compiling wiggle-macro v47.0.4
   Compiling wamn-execution-contract v0.1.0 (/home/kaalin/dev/wamn/components/execution/contract)
   Compiling wasm-encoder v0.253.0
   Compiling pbjson-build v0.8.0
   Compiling wamn-event-wire v0.1.0 (/home/kaalin/dev/wamn/components/events/wire)
   Compiling deadpool-runtime v0.3.1
   Compiling tracing-serde v0.2.0
   Compiling futures-executor v0.3.34
   Compiling boon v0.6.1
   Compiling opentelemetry_sdk v0.31.0
   Compiling oci-spec v0.9.0
   Compiling tracing-subscriber v0.3.23
   Compiling deadpool v0.13.1
   Compiling wasm-metadata v0.253.0
   Compiling pbjson-types v0.8.0
   Compiling cap-primitives v3.4.6
   Compiling wiggle v47.0.4
   Compiling cap-fs-ext v4.0.3
   Compiling tonic-prost v0.14.6
   Compiling wasmtime-wasi-io v47.0.4
   Compiling wasm-encoder v0.254.0
   Compiling wit-parser v0.253.0
   Compiling jsonwebtoken v10.4.0
   Compiling olpc-cjson v0.1.4
   Compiling wamn-catalog v0.1.0 (/home/kaalin/dev/wamn/crates/catalog/model)
warning: function `canonical_serialized` is never used
   --> crates/catalog/model/src/lib.rs:792:4
    |
792 | fn canonical_serialized(value: &impl Serialize) -> Vec<u8> {
    |    ^^^^^^^^^^^^^^^^^^^^
    |
    = note: `#[warn(dead_code)]` (part of `#[warn(unused)]`) on by default

   Compiling wit-component v0.253.0
warning: `wamn-catalog` (lib) generated 1 warning
   Compiling oci-client v0.17.0
   Compiling wasm-metadata v0.254.0
   Compiling wasmtime-wasi v47.0.4
   Compiling opentelemetry-proto v0.31.0
   Compiling cap-std v3.4.6
   Compiling deadpool-postgres v0.14.2
   Compiling wit-parser v0.254.0
   Compiling opentelemetry-http v0.31.0
   Compiling itertools v0.13.0
   Compiling combine v4.6.8
   Compiling tryhard v0.5.2
   Compiling pbjson v0.8.0
   Compiling serde_nanos v0.1.4
   Compiling wast v252.0.0
   Compiling wasmtime-wasi-http v47.0.4
   Compiling wamn-run-state v0.1.0 (/home/kaalin/dev/wamn/crates/execution/run-state)
   Compiling moka v0.12.16
   Compiling async-nats v0.49.1
   Compiling redis v0.27.6
   Compiling opentelemetry-otlp v0.31.1
   Compiling wit-component v0.254.0
   Compiling cap-net-ext v3.4.6
   Compiling oci-wasm v0.6.0
   Compiling tracing-opentelemetry v0.32.1
   Compiling opentelemetry-appender-tracing v0.31.1
   Compiling wamn-schema-introspection v0.1.0 (/home/kaalin/dev/wamn/crates/schema/introspection)
   Compiling itertools v0.15.0
   Compiling docker_credential v1.4.0
   Compiling wamn-control-registry v0.1.0 (/home/kaalin/dev/wamn/crates/control/registry)
   Compiling quick-xml v0.41.0
   Compiling wash-runtime v2.9.0 (https://github.com/wasmCloud/wasmCloud?rev=68ebece9c537f8bb4b5c9999f274ec68d60f35a9#68ebece9)
   Compiling object_store v0.14.1
   Compiling wamn-schema-generator v0.1.0 (/home/kaalin/dev/wamn/crates/schema/generator)
   Compiling wat v1.252.0
   Compiling wamn-router v0.1.0 (/home/kaalin/dev/wamn/crates/execution/router)
   Compiling wamn-platform-identity v0.1.0 (/home/kaalin/dev/wamn/crates/identity/platform)
   Compiling yasna v0.6.0
   Compiling wasm-metadata v0.252.0
   Compiling rcgen v0.14.8
   Compiling wit-component v0.252.0
   Compiling wamn-runtime v0.1.0 (/home/kaalin/dev/wamn/crates/platform/runtime)
warning: the item `Future` is imported redundantly
 --> crates/platform/runtime/src/connection_authority.rs:3:5
  |
3 | use std::future::Future;
  |     ^^^^^^^^^^^^^^^^^^^
  |
 --> /rustc/88d9e12ae178fab0fb5cc050a94da85685d449ea/library/std/src/prelude/mod.rs:166:12
  |
  = note: the item `Future` is already defined here
  |
  = note: requested on the command line with `-W redundant-imports`

warning: the item `Future` is imported redundantly
 --> crates/platform/runtime/src/plugins/wamn_postgres/pool.rs:7:5
  |
7 | use std::future::Future;
  |     ^^^^^^^^^^^^^^^^^^^
  |
 --> /rustc/88d9e12ae178fab0fb5cc050a94da85685d449ea/library/std/src/prelude/mod.rs:166:12
  |
  = note: the item `Future` is already defined here

warning: constant `HTTP_CONTRACT` is never used
  --> crates/platform/runtime/src/plugins/connection_http.rs:56:7
   |
56 | const HTTP_CONTRACT: &str = "wamn:connection/http@0.1.0";
   |       ^^^^^^^^^^^^^
   |
   = note: `#[warn(dead_code)]` (part of `#[warn(unused)]`) on by default

warning: type does not implement `std::fmt::Debug`; consider adding `#[derive(Debug)]` or a manual implementation
   --> crates/platform/runtime/src/plugins/connection_http.rs:131:1
    |
131 | / pub struct ConnectionHttp {
132 | |     postgres: Arc<WamnPostgres>,
133 | |     transport: Arc<HttpTransport>,
134 | |     vault: Arc<WamnCredentials>,
...   |
151 | |     invocations: std::sync::RwLock<HashMap<String, ConnectionInvocation>>,
152 | | }
    | |_^
    |
    = note: requested on the command line with `-W missing-debug-implementations`

warning: type does not implement `std::fmt::Debug`; consider adding `#[derive(Debug)]` or a manual implementation
  --> crates/platform/runtime/src/plugins/wamn_credentials.rs:27:1
   |
27 | / pub struct WamnCredentials {
28 | |     /// Whether ANY backing source was configured. Distinguishes `unavailable`
29 | |     /// (no source — retryable) from `not-found` (source present, name absent —
30 | |     /// config-shaped).
...  |
33 | |     projects: HashMap<String, HashMap<String, String>>,
34 | | }
   | |_^

warning: type does not implement `std::fmt::Debug`; consider adding `#[derive(Debug)]` or a manual implementation
   --> crates/platform/runtime/src/plugins/wamn_jetstream.rs:544:1
    |
544 | / pub struct WamnJetstream {
545 | |     nats_url: Option<String>,
546 | |     /// Lazily-connected, memoized JetStream context. A `Mutex<Option<_>>` (not a
547 | |     /// `OnceCell`) so a transient connect failure is retried on the next call
...   |
569 | |     dlq_depth: Arc<DeadLetterDepth>,
570 | | }
    | |_^

warning: type does not implement `std::fmt::Debug`; consider adding `#[derive(Debug)]` or a manual implementation
    --> crates/platform/runtime/src/plugins/wamn_jetstream.rs:1209:1
     |
1209 | / pub struct JsConsumer {
1210 | |     consumer: Consumer<PullConfig>,
1211 | |     dead_letter: Option<DeadLetterIdentity>,
1212 | | }
     | |_^

warning: type does not implement `std::fmt::Debug`; consider adding `#[derive(Debug)]` or a manual implementation
    --> crates/platform/runtime/src/plugins/wamn_jetstream.rs:1216:1
     |
1216 | / pub struct JsMessage {
1217 | |     msg: async_nats::jetstream::Message,
1218 | |     dead_letter: Option<DeadLetterIdentity>,
1219 | | }
     | |_^

warning: type does not implement `std::fmt::Debug`; consider adding `#[derive(Debug)]` or a manual implementation
   --> crates/platform/runtime/src/plugins/wamn_logging.rs:213:1
    |
213 | / pub struct Capture {
214 | |     records: std::sync::Mutex<Vec<CapturedRec>>,
215 | | }
    | |_^

warning: type does not implement `std::fmt::Debug`; consider adding `#[derive(Debug)]` or a manual implementation
   --> crates/platform/runtime/src/plugins/wamn_logging.rs:235:1
    |
235 | / pub struct WamnLogging {
236 | |     /// component id → host-trusted {tenant, project}.
237 | |     claims: std::sync::RwLock<HashMap<String, Claim>>,
238 | |     /// Bounded front queue; `try_send` keeps `log()` non-blocking.
...   |
243 | |     _drain: tokio::task::JoinHandle<()>,
244 | | }
    | |_^

warning: type does not implement `std::fmt::Debug`; consider adding `#[derive(Debug)]` or a manual implementation
   --> crates/platform/runtime/src/plugins/wamn_postgres/claims.rs:55:1
    |
 55 | / pub struct WamnPostgres {
 56 | |     /// Resolves a project id → its database connection + policy.
 57 | |     provider: Arc<dyn CredentialProvider>,
 58 | |     /// Guest-visible project pools, built lazily and never shared with host-owned
...   |
121 | |     pub(super) bind_counters: super::BindCounters,
122 | | }
    | |_^

warning: type does not implement `std::fmt::Debug`; consider adding `#[derive(Debug)]` or a manual implementation
   --> crates/platform/runtime/src/plugins/wamn_postgres/pool.rs:339:1
    |
339 | / pub struct StaticCredentialProvider {
340 | |     projects: HashMap<String, ProjectConfig>,
341 | | }
    | |_^

warning: type does not implement `std::fmt::Debug`; consider adding `#[derive(Debug)]` or a manual implementation
   --> crates/platform/runtime/src/plugins/wamn_postgres/pool.rs:514:1
    |
514 | / pub struct K8sSecretProvider {
515 | |     pub namespace: String,
516 | | }
    | |_^

warning: type does not implement `std::fmt::Debug`; consider adding `#[derive(Debug)]` or a manual implementation
   --> crates/platform/runtime/src/plugins/wamn_postgres/resources.rs:99:1
    |
 99 | / pub struct PgTransaction {
100 | |     state: SharedTxnState,
101 | |     destroyed: Arc<AtomicU64>,
102 | |     cursor_seq: u32,
103 | |     /// Row limit of the project this transaction's connection belongs to.
104 | |     row_limit: u64,
105 | | }
    | |_^

warning: type does not implement `std::fmt::Debug`; consider adding `#[derive(Debug)]` or a manual implementation
   --> crates/platform/runtime/src/plugins/wamn_postgres/resources.rs:145:1
    |
145 | / pub struct PgCursor {
146 | |     state: SharedTxnState,
147 | |     destroyed: Arc<AtomicU64>,
148 | |     name: String,
149 | | }
    | |_^

warning: type does not implement `std::fmt::Debug`; consider adding `#[derive(Debug)]` or a manual implementation
   --> crates/platform/runtime/src/wiring_doorbell.rs:145:1
    |
145 | / pub struct WiringDoorbellListener {
146 | |     shutdown: tokio::sync::watch::Sender<bool>,
147 | |     task: tokio::task::JoinHandle<()>,
148 | | }
    | |_^

warning: `wamn-runtime` (lib) generated 16 warnings
   Compiling wamn-control-provision v0.1.0 (/home/kaalin/dev/wamn/crates/control/provision)
    Finished `test` profile [unoptimized + debuginfo] target(s) in 3m 51s
     Running tests/connection_wit_coherence.rs (target/debug/deps/connection_wit_coherence-7abbd37686127ece)

running 3 tests
test every_vendored_http_connection_contract_is_byte_identical ... ok
test frozen_http_surface_is_relative_typed_and_extension_free ... ok
test host_adapter_and_trusted_runner_worlds_pin_the_authority_split ... ok

test result: ok. 3 passed; 0 failed; 0 ignored; 0 measured; 0 filtered out; finished in 0.01s

     Running tests/node_wit_coherence.rs (target/debug/deps/node_wit_coherence-7950b20764b181c5)

running 1 test
test every_copy_is_byte_identical_to_the_router_authority ... ok

test result: ok. 1 passed; 0 failed; 0 ignored; 0 measured; 0 filtered out; finished in 0.00s

     Running tests/postgres_wit_coherence.rs (target/debug/deps/postgres_wit_coherence-3e662b6d70214ee7)

running 1 test
test every_copy_is_byte_identical_to_the_authority ... ok

test result: ok. 1 passed; 0 failed; 0 ignored; 0 measured; 0 filtered out; finished in 0.00s

