    Checking wasmparser v0.252.0
    Checking wasm-encoder v0.252.0
    Checking wamn-catalog v0.1.0 (/home/kaalin/.cache/wamn-lanes/ctc8-16-http-reuse-20260910/crates/catalog/model)
    Checking wamn-run-state v0.1.0 (/home/kaalin/.cache/wamn-lanes/ctc8-16-http-reuse-20260910/crates/execution/run-state)
    Checking wamn-schema-generator v0.1.0 (/home/kaalin/.cache/wamn-lanes/ctc8-16-http-reuse-20260910/crates/schema/generator)
    Checking wasmprinter v0.252.0
    Checking wasmtime-environ v47.0.4
    Checking wamn-schema-control v0.1.0 (/home/kaalin/.cache/wamn-lanes/ctc8-16-http-reuse-20260910/crates/schema/control)
    Checking wamn-control-provision v0.1.0 (/home/kaalin/.cache/wamn-lanes/ctc8-16-http-reuse-20260910/crates/control/provision)
    Checking wasmtime-internal-unwinder v47.0.4
    Checking wasmtime-internal-cache v47.0.4
    Checking wasmtime-internal-cranelift v47.0.4
    Checking wasmtime-internal-fiber v47.0.4
    Checking wasmtime v47.0.4
    Checking wasmtime-wasi-io v47.0.4
    Checking wiggle v47.0.4
    Checking wasmtime-wasi v47.0.4
    Checking wasmtime-wasi-http v47.0.4
    Checking wash-runtime v2.9.0 (https://github.com/wasmCloud/wasmCloud?rev=68ebece9c537f8bb4b5c9999f274ec68d60f35a9#68ebece9)
    Checking wamn-runtime v0.1.0 (/home/kaalin/.cache/wamn-lanes/ctc8-16-http-reuse-20260910/crates/platform/runtime)
    Checking wamn-execution-host v0.1.0 (/home/kaalin/.cache/wamn-lanes/ctc8-16-http-reuse-20260910/crates/execution/host)
    Checking wamn-scenario-worker v0.1.0 (/home/kaalin/.cache/wamn-lanes/ctc8-16-http-reuse-20260910/services/scenario-worker)
    Checking wamn-ctl v0.1.0 (/home/kaalin/.cache/wamn-lanes/ctc8-16-http-reuse-20260910/services/ctl)
    Checking wamn-executor v0.1.0 (/home/kaalin/.cache/wamn-lanes/ctc8-16-http-reuse-20260910/services/executor)
    Checking wamn-proof-integration v0.1.0 (/home/kaalin/.cache/wamn-lanes/ctc8-16-http-reuse-20260910/tests/integration)
    Finished `dev` profile [unoptimized + debuginfo] target(s) in 3m 02s
