2026-09-10T11:31:08Z env CARGO_TARGET_DIR=/home/kaalin/.cache/wamn-lanes/ctc8-15-5-session-client-20260910/target RUSTC_WRAPPER= /home/kaalin/.cache/wamn-lanes/ctc8-15-5-session-client-20260910/tools/build-components m1 
2026-09-10T11:31:11Z env CARGO_TARGET_DIR=/home/kaalin/.cache/wamn-lanes/ctc8-15-5-session-client-20260910/target RUSTC_WRAPPER= cargo build --locked -p wamn-ctl -p wamn-cdc-reader -p wamn-scenario-worker -p wamn-executor 
2026-09-10T11:31:12Z docker build --platform=linux/amd64 --provenance=false --file /home/kaalin/.cache/wamn-lanes/ctc8-15-5-session-client-20260910/Dockerfile --target host --tag wamn-host:receiving-8204b35d0bae-1122976-release --label wamn.dev/source-head=8204b35d0bae424803cc231c7e375d44435ef0cf --label wamn.dev/build-profile=release /home/kaalin/.cache/wamn-lanes/ctc8-15-5-session-client-20260910 
2026-09-10T11:31:12Z docker build --platform=linux/amd64 --provenance=false --file /home/kaalin/.cache/wamn-lanes/ctc8-15-5-session-client-20260910/Dockerfile --target gates --tag wamn-gates:receiving-8204b35d0bae-1122976-release --label wamn.dev/source-head=8204b35d0bae424803cc231c7e375d44435ef0cf --label wamn.dev/build-profile=release /home/kaalin/.cache/wamn-lanes/ctc8-15-5-session-client-20260910 
2026-09-10T11:31:13Z docker build --platform=linux/amd64 --provenance=false --file /home/kaalin/.cache/wamn-lanes/ctc8-15-5-session-client-20260910/Dockerfile --target identity --tag wamn-identity:receiving-8204b35d0bae-1122976-release --label wamn.dev/source-head=8204b35d0bae424803cc231c7e375d44435ef0cf --label wamn.dev/build-profile=release /home/kaalin/.cache/wamn-lanes/ctc8-15-5-session-client-20260910 
2026-09-10T11:31:13Z docker image inspect wamn-identity:receiving-8204b35d0bae-1122976-release 
2026-09-10T11:31:13Z kind create cluster --name wamn-receiving-journey --config /tmp/tmp.xGuagO5WXV/kind-config.yaml --kubeconfig /tmp/tmp.xGuagO5WXV/kubeconfig 
2026-09-10T11:31:38Z kubectl --kubeconfig /tmp/tmp.xGuagO5WXV/kubeconfig --context kind-wamn-receiving-journey wait --for=condition=Ready nodes --all --timeout=180s 
2026-09-10T11:31:52Z kubectl --kubeconfig /tmp/tmp.xGuagO5WXV/kubeconfig --context kind-wamn-receiving-journey create namespace wamn-receiving-journey 
2026-09-10T11:31:52Z kind load docker-image wamn-host:receiving-8204b35d0bae-1122976-release --name wamn-receiving-journey 
2026-09-10T11:32:02Z kind load docker-image wamn-gates:receiving-8204b35d0bae-1122976-release --name wamn-receiving-journey 
2026-09-10T11:32:24Z kind load docker-image wamn-identity:receiving-8204b35d0bae-1122976-release --name wamn-receiving-journey 
2026-09-10T11:32:34Z docker exec wamn-receiving-journey-control-plane crictl inspecti -o json wamn-identity:receiving-8204b35d0bae-1122976-release 
2026-09-10T11:32:34Z docker exec wamn-receiving-journey-worker crictl inspecti -o json wamn-identity:receiving-8204b35d0bae-1122976-release 
2026-09-10T11:32:34Z docker exec wamn-receiving-journey-worker2 crictl inspecti -o json wamn-identity:receiving-8204b35d0bae-1122976-release 
2026-09-10T11:32:34Z htpasswd \<credential-bearing\ arguments\ redacted\> 
2026-09-10T11:32:34Z postgres \<credential-bearing\ arguments\ redacted\> 
2026-09-10T11:32:35Z docker run --detach --name wamn-receiving-registry-8204b35d0bae-1122976 --network kind --env REGISTRY_AUTH=htpasswd --env REGISTRY_AUTH_HTPASSWD_REALM=WAMN\ Receiving\ cluster\ journey --env REGISTRY_AUTH_HTPASSWD_PATH=/auth/htpasswd --volume /tmp/tmp.xGuagO5WXV/htpasswd:/auth/htpasswd:ro registry:2 
2026-09-10T11:32:36Z docker run --detach --name wamn-receiving-nats-8204b35d0bae-1122976 --network kind nats:2.10-alpine --jetstream --store_dir /data --http_port 8222 
2026-09-10T11:32:42Z psql \<owned\ PostgreSQL\ administrator\> CREATE\ DATABASE\ wamn_system 
2026-09-10T11:32:42Z cargo test production_two_package_fresh_only_fixture_serves_all_thirteen_pat_routes \<journey\ document\ with\ disposable\ PostgreSQL\ and\ OCI\ inputs\ redacted\> 
2026-09-10T11:33:19Z cargo test route_authentication_live::production_receiving_session_host_fixture \<private\ journey\ document\ and\ fixture\ output\> 
2026-09-10T11:33:20Z kubectl --kubeconfig /tmp/tmp.xGuagO5WXV/kubeconfig --context kind-wamn-receiving-journey apply -f /tmp/tmp.xGuagO5WXV/route-caller-pat-kube.json 
2026-09-10T11:33:23Z env DOCKER_CONFIG=\<private-registry-directory\> /home/kaalin/.cache/wamn-lanes/ctc8-15-5-session-client-20260910/.tools/wash/2.9.0/wash -o json oci push --insecure 172.28.0.9:5000/wamn/flow-http:receiving-8204b35d0bae-1122976-release /home/kaalin/.cache/wamn-lanes/ctc8-15-5-session-client-20260910/target/wasm32-wasip2/release/http_route.wasm 
2026-09-10T11:33:23Z env DOCKER_CONFIG=\<private-registry-directory\> /home/kaalin/.cache/wamn-lanes/ctc8-15-5-session-client-20260910/.tools/wash/2.9.0/wash -o json oci push --insecure 172.28.0.9:5000/wamn/materializer:receiving-8204b35d0bae-1122976-release /home/kaalin/.cache/wamn-lanes/ctc8-15-5-session-client-20260910/target/wasm32-wasip2/release/materializer.wasm 
2026-09-10T11:33:24Z print-release-env \<credential-bearing\ arguments\ redacted\> 
2026-09-10T11:33:24Z /home/kaalin/.cache/wamn-lanes/ctc8-15-5-session-client-20260910/target/debug/wamn-ctl provision-identity-issuer --issuer https://host-session-identity.wamn-receiving-journey.svc.cluster.local --prepare-generation a --namespace wamn-receiving-journey --secret-name host-session-identity-db --emit-secret /tmp/tmp.xGuagO5WXV/session-identity-db.json 
2026-09-10T11:33:24Z /home/kaalin/.cache/wamn-lanes/ctc8-15-5-session-client-20260910/target/debug/wamn-ctl provision-project-env --org acme --project receiving --env dev --tenant receiving-route-auth --namespace wamn-receiving-journey --prepare-session-role-reader-generation a --emit-session-role-reader-secret /tmp/tmp.xGuagO5WXV/session-target.json 
2026-09-10T11:33:25Z kubectl --kubeconfig /tmp/tmp.xGuagO5WXV/kubeconfig --context kind-wamn-receiving-journey apply -f /tmp/tmp.xGuagO5WXV/session-identity-db.json -f /tmp/tmp.xGuagO5WXV/session-target.json 
2026-09-10T11:33:25Z openssl req -x509 -newkey rsa:2048 -nodes -days 1 -subj /CN=HOST-SESSION\ disposable\ CA -addext basicConstraints=critical\,CA:TRUE -addext keyUsage=critical\,keyCertSign\,cRLSign -keyout /tmp/tmp.xGuagO5WXV/session-ca.key -out /tmp/tmp.xGuagO5WXV/session-ca.crt 
2026-09-10T11:33:25Z openssl req -new -newkey rsa:2048 -nodes -subj /CN=host-session-identity.wamn-receiving-journey.svc.cluster.local -keyout /tmp/tmp.xGuagO5WXV/session-tls.key -out /tmp/tmp.xGuagO5WXV/session-tls.csr 
2026-09-10T11:33:26Z openssl x509 -req -days 1 -in /tmp/tmp.xGuagO5WXV/session-tls.csr -CA /tmp/tmp.xGuagO5WXV/session-ca.crt -CAkey /tmp/tmp.xGuagO5WXV/session-ca.key -CAcreateserial -extfile /tmp/tmp.xGuagO5WXV/session-tls.ext -out /tmp/tmp.xGuagO5WXV/session-tls.crt 
2026-09-10T11:33:26Z kubectl --kubeconfig /tmp/tmp.xGuagO5WXV/kubeconfig --context kind-wamn-receiving-journey -n wamn-receiving-journey create secret tls host-session-identity-tls --cert=/tmp/tmp.xGuagO5WXV/session-tls.crt --key=/tmp/tmp.xGuagO5WXV/session-tls.key 
2026-09-10T11:33:26Z kubectl --kubeconfig /tmp/tmp.xGuagO5WXV/kubeconfig --context kind-wamn-receiving-journey -n wamn-receiving-journey create configmap host-session-public-ca --from-file=ca.crt=/tmp/tmp.xGuagO5WXV/session-ca.crt 
2026-09-10T11:33:26Z kubectl --kubeconfig /tmp/tmp.xGuagO5WXV/kubeconfig --context kind-wamn-receiving-journey -n wamn-receiving-journey create secret generic host-session-fixture --from-file=fixture.json=/tmp/tmp.xGuagO5WXV/session-host-fixture.json 
2026-09-10T11:33:26Z helm template host-session-identity /home/kaalin/.cache/wamn-lanes/ctc8-15-5-session-client-20260910/deploy/platform/identity --kubeconfig /tmp/tmp.xGuagO5WXV/kubeconfig --kube-context kind-wamn-receiving-journey --namespace wamn-receiving-journey --set-string issuer=https://host-session-identity.wamn-receiving-journey.svc.cluster.local --set-string databaseSecret=host-session-identity-db --set-string tlsSecret=host-session-identity-tls --set-string image.repository=wamn-identity --set-string image.tag=receiving-8204b35d0bae-1122976-release --set-string image.pullPolicy=Never --set-string sessionTargetSecrets\[0\]=wamn-session-role-reader-acme--receiving--dev 
2026-09-10T11:33:26Z helm upgrade --install host-session-identity /home/kaalin/.cache/wamn-lanes/ctc8-15-5-session-client-20260910/deploy/platform/identity --kubeconfig /tmp/tmp.xGuagO5WXV/kubeconfig --kube-context kind-wamn-receiving-journey --namespace wamn-receiving-journey --set-string issuer=https://host-session-identity.wamn-receiving-journey.svc.cluster.local --set-string databaseSecret=host-session-identity-db --set-string tlsSecret=host-session-identity-tls --set-string image.repository=wamn-identity --set-string image.tag=receiving-8204b35d0bae-1122976-release --set-string image.pullPolicy=Never --set-string sessionTargetSecrets\[0\]=wamn-session-role-reader-acme--receiving--dev --wait --timeout 180s 
2026-09-10T11:33:27Z kubectl --kubeconfig /tmp/tmp.xGuagO5WXV/kubeconfig --context kind-wamn-receiving-journey -n wamn-receiving-journey get deployment host-session-identity -o json 
2026-09-10T11:33:27Z kubectl --kubeconfig /tmp/tmp.xGuagO5WXV/kubeconfig --context kind-wamn-receiving-journey -n wamn-receiving-journey get pods -l app.kubernetes.io/instance=host-session-identity -o json 
2026-09-10T11:33:27Z kubectl --kubeconfig /tmp/tmp.xGuagO5WXV/kubeconfig --context kind-wamn-receiving-journey apply -f /tmp/tmp.xGuagO5WXV/host-secrets/guest-sql.json 
2026-09-10T11:33:27Z kubectl --kubeconfig /tmp/tmp.xGuagO5WXV/kubeconfig --context kind-wamn-receiving-journey apply -f /tmp/tmp.xGuagO5WXV/host-secrets/executor-platform.json 
2026-09-10T11:33:28Z kubectl --kubeconfig /tmp/tmp.xGuagO5WXV/kubeconfig --context kind-wamn-receiving-journey apply -f /tmp/tmp.xGuagO5WXV/host-secrets/identity-reader.json 
2026-09-10T11:33:28Z kubectl --kubeconfig /tmp/tmp.xGuagO5WXV/kubeconfig --context kind-wamn-receiving-journey apply -f /tmp/tmp.xGuagO5WXV/host-secrets/http-admitter.json 
2026-09-10T11:33:28Z kubectl --kubeconfig /tmp/tmp.xGuagO5WXV/kubeconfig --context kind-wamn-receiving-journey apply -f /tmp/tmp.xGuagO5WXV/host-secrets/event-materializer.json 
2026-09-10T11:33:28Z kubectl --kubeconfig /tmp/tmp.xGuagO5WXV/kubeconfig --context kind-wamn-receiving-journey -n wamn-receiving-journey create secret generic wamn-registry-pull --type=kubernetes.io/dockerconfigjson --from-file=.dockerconfigjson=\<redacted\> --dry-run=client -o yaml 
2026-09-10T11:33:28Z kubectl --kubeconfig /tmp/tmp.xGuagO5WXV/kubeconfig --context kind-wamn-receiving-journey apply -f /tmp/tmp.xGuagO5WXV/registry-pull.yaml 
2026-09-10T11:33:28Z kubectl --kubeconfig /tmp/tmp.xGuagO5WXV/kubeconfig --context kind-wamn-receiving-journey apply -f /home/kaalin/.cache/wamn-lanes/ctc8-15-5-session-client-20260910/deploy/infra/cert-manager.yaml 
2026-09-10T11:33:30Z kubectl --kubeconfig /tmp/tmp.xGuagO5WXV/kubeconfig --context kind-wamn-receiving-journey -n cert-manager wait --for=condition=Available deployment --all --timeout=240s 
2026-09-10T11:33:42Z helm upgrade --install --create-namespace --kubeconfig /tmp/tmp.xGuagO5WXV/kubeconfig --kube-context kind-wamn-receiving-journey --namespace wamn-system wamn oci://ghcr.io/wasmcloud/charts/runtime-operator --version 2.9.0 -f /home/kaalin/.cache/wamn-lanes/ctc8-15-5-session-client-20260910/deploy/infra/values-wamn.yaml -f /tmp/tmp.xGuagO5WXV/operator-values.yaml --wait --timeout 5m 
2026-09-10T11:34:25Z kubectl --kubeconfig /tmp/tmp.xGuagO5WXV/kubeconfig --context kind-wamn-receiving-journey -n wamn-system get deployment runtime-operator -o json 
2026-09-10T11:34:25Z kubectl --kubeconfig /tmp/tmp.xGuagO5WXV/kubeconfig --context kind-wamn-receiving-journey apply -f /tmp/tmp.xGuagO5WXV/runtime-operator-events-rbac.yaml 
2026-09-10T11:34:25Z kubectl --kubeconfig /tmp/tmp.xGuagO5WXV/kubeconfig --context kind-wamn-receiving-journey -n wamn-receiving-journey get role wamn-runtime-operator-events -o json 
2026-09-10T11:34:25Z kubectl --kubeconfig /tmp/tmp.xGuagO5WXV/kubeconfig --context kind-wamn-receiving-journey -n wamn-receiving-journey get rolebinding wamn-runtime-operator-events -o json 
2026-09-10T11:34:25Z kubectl --kubeconfig /tmp/tmp.xGuagO5WXV/kubeconfig --context kind-wamn-receiving-journey apply -f /home/kaalin/.cache/wamn-lanes/ctc8-15-5-session-client-20260910/deploy/infra/tempo.yaml 
2026-09-10T11:34:26Z kubectl --kubeconfig /tmp/tmp.xGuagO5WXV/kubeconfig --context kind-wamn-receiving-journey apply -f /home/kaalin/.cache/wamn-lanes/ctc8-15-5-session-client-20260910/deploy/infra/otel-collector.yaml 
2026-09-10T11:34:26Z kubectl --kubeconfig /tmp/tmp.xGuagO5WXV/kubeconfig --context kind-wamn-receiving-journey -n wamn-system wait --for=condition=Available deployment/tempo deployment/otel-collector --timeout=120s 
2026-09-10T11:34:33Z kubectl --kubeconfig /tmp/tmp.xGuagO5WXV/kubeconfig --context kind-wamn-receiving-journey apply -f /tmp/tmp.xGuagO5WXV/wasmcloud-ca-copy.json 
2026-09-10T11:34:33Z kubectl --kubeconfig /tmp/tmp.xGuagO5WXV/kubeconfig --context kind-wamn-receiving-journey apply -f /home/kaalin/.cache/wamn-lanes/ctc8-15-5-session-client-20260910/deploy/infra/wasmcloud-ca-issuer.yaml 
2026-09-10T11:34:33Z kubectl --kubeconfig /tmp/tmp.xGuagO5WXV/kubeconfig --context kind-wamn-receiving-journey wait --for=condition=Ready clusterissuer/wasmcloud-ca --timeout=60s 
2026-09-10T11:34:33Z kubectl --kubeconfig /tmp/tmp.xGuagO5WXV/kubeconfig --context kind-wamn-receiving-journey apply -f /tmp/tmp.xGuagO5WXV/host-environment-certs.yaml 
2026-09-10T11:34:33Z kubectl --kubeconfig /tmp/tmp.xGuagO5WXV/kubeconfig --context kind-wamn-receiving-journey -n wamn-receiving-journey wait --for=condition=Ready certificate/wasmcloud-runtime-tls certificate/wasmcloud-data-tls --timeout=120s 
2026-09-10T11:34:34Z helm upgrade --install --kubeconfig /tmp/tmp.xGuagO5WXV/kubeconfig --kube-context kind-wamn-receiving-journey --namespace wamn-receiving-journey wamn-host oci://ghcr.io/wasmcloud/charts/runtime-operator --version 2.9.0 -f /tmp/tmp.xGuagO5WXV/host-base.yaml -f /tmp/tmp.xGuagO5WXV/session-host-overlay.yaml --wait --timeout 5m 
2026-09-10T11:34:41Z kubectl --kubeconfig /tmp/tmp.xGuagO5WXV/kubeconfig --context kind-wamn-receiving-journey -n wamn-receiving-journey rollout status deployment/hostgroup-default --timeout=240s 
2026-09-10T11:34:41Z kubectl --kubeconfig /tmp/tmp.xGuagO5WXV/kubeconfig --context kind-wamn-receiving-journey create --dry-run=client -f /tmp/tmp.xGuagO5WXV/flow-http.yaml -o json 
2026-09-10T11:34:41Z timeout 30s kubectl --kubeconfig /tmp/tmp.xGuagO5WXV/kubeconfig --context kind-wamn-receiving-journey -n wamn-receiving-journey exec deployment/host-session-identity -c identity -- /usr/local/bin/wamn-identity publish 
2026-09-10T11:34:41Z timeout 30s kubectl --kubeconfig /tmp/tmp.xGuagO5WXV/kubeconfig --context kind-wamn-receiving-journey -n wamn-receiving-journey exec deployment/host-session-identity -c identity -- /usr/local/bin/wamn-identity activate --kid bf53920b-59cf-42d0-a536-b259add8f1a8 
2026-09-10T11:34:41Z timeout 240s kubectl --kubeconfig /tmp/tmp.xGuagO5WXV/kubeconfig --context kind-wamn-receiving-journey -n wamn-receiving-journey port-forward --address=127.0.0.1 service/host-session-identity :443 
2026-09-10T11:34:41Z timeout 240s cargo test route_authentication_live::production_session_client_login_and_fresh_selection \<private\ journey\ document\;\ original\ issuer\ and\ explicit\ fixture\ HTTPS\ endpoint\> 
2026-09-10T11:36:01Z kind delete cluster --name wamn-receiving-journey --kubeconfig /tmp/tmp.xGuagO5WXV/kubeconfig 
2026-09-10T11:36:03Z docker rm --force --volumes wamn-receiving-pg18-8204b35d0bae-1122976 
2026-09-10T11:36:03Z docker rm --force --volumes wamn-receiving-registry-8204b35d0bae-1122976 
2026-09-10T11:36:03Z docker rm --force --volumes wamn-receiving-nats-8204b35d0bae-1122976 
2026-09-10T11:36:04Z docker image rm wamn-gates:receiving-8204b35d0bae-1122976-release 
2026-09-10T11:36:04Z docker image rm wamn-host:receiving-8204b35d0bae-1122976-release 
2026-09-10T11:36:04Z docker image rm wamn-identity:receiving-8204b35d0bae-1122976-release 
2026-09-10T11:36:04Z rm -rf -- /tmp/tmp.xGuagO5WXV 
