2026-09-09T15:52:06.325997Z  INFO wamn_cdc_reader: registration loaded publication="wamn_cdc_acme__receiving__dev__a82bmqiy" slot="wamn_cdc_acme__receiving__dev__a82bmqiy" stream="EVT_acme_dev"
2026-09-09T15:52:06.328690Z  INFO async_nats::connector: connected successfully server=4222 max_payload=1048576
2026-09-09T15:52:06.328857Z  INFO async_nats: event: connected
2026-09-09T15:52:06.411938Z  INFO wamn_cdc_reader: preflight: slot healthy (resume position = confirmed LSN) slot="wamn_cdc_acme__receiving__dev__a82bmqiy" active=false confirmed_flush_lsn="0/3039E68" wal_status="reserved"
2026-09-09T15:52:06.412054Z  INFO pg_walstream::stream: Creating logical replication stream with retry support
2026-09-09T15:52:06.412093Z  INFO pg_walstream::retry: Attempting to connect to PostgreSQL with retry logic
2026-09-09T15:52:06.484761Z  INFO pg_walstream::retry: Successfully connected to PostgreSQL on attempt 1 after 72.647223ms
2026-09-09T15:52:06.484844Z  INFO pg_walstream::stream: Starting logical replication stream
2026-09-09T15:52:06.484861Z  INFO pg_walstream::stream: Initializing replication stream
2026-09-09T15:52:06.485172Z  INFO pg_walstream::stream: System identification successful
2026-09-09T15:52:06.485210Z  INFO pg_walstream::stream: Creating replication slot: wamn_cdc_acme__receiving__dev__a82bmqiy
2026-09-09T15:52:06.486405Z  WARN pg_walstream::stream: Replication slot already exists, continuing
2026-09-09T15:52:06.486443Z  INFO pg_walstream::stream: Replication stream initialized
2026-09-09T15:52:06.488209Z  INFO pg_walstream::stream: Logical replication started with LSN: 0/0
2026-09-09T15:52:06.488253Z  INFO wamn_cdc_reader: walsender session open; draining reopens=0
2026-09-09T15:52:36.495811Z  INFO pg_walstream::connection::native::connection: Sent standby status update: received=0/34E1928, flushed=0/0, applied=0/0, reply_requested=false
2026-09-09T15:52:52.912839Z  INFO wamn::event_reader: drain summary commits=0 events_published=0 deduped=0 excluded_by_relation={} ending="shutdown"
2026-09-09T15:52:52.913022Z  INFO pg_walstream::connection::native::connection: Sent standby status update: received=0/3526520, flushed=0/0, applied=0/0, reply_requested=false
2026-09-09T15:52:52.913053Z  INFO pg_walstream::stream: Stopping logical replication stream (last received LSN: 0/3526520)
2026-09-09T15:52:52.913068Z  INFO wamn_cdc_reader: shutdown requested; exiting cleanly reopens=0 commits=0
