{
  "summary": {
    "successRate": 1.0,
    "total": 10.001971722,
    "slowest": 0.009106197,
    "fastest": 0.000287909,
    "average": 0.0006295599982077486,
    "requestsPerSec": 6304.057015209385,
    "totalData": 2269764,
    "sizePerRequest": 36,
    "sizePerSec": 226931.65538625783
  },
  "metrics": {
    "success_rate": 1.0,
    "requests_per_sec": 6304.057015209385,
    "latency_ms": {
      "min": 0.288,
      "mean": 0.63,
      "p50": 0.556,
      "p95": 1.049,
      "p99": 1.743,
      "max": 9.106
    }
  },
  "responseTimeHistogram": {
    "0.000287909": 1,
    "0.0011697378": 60859,
    "0.0020515666": 1832,
    "0.0029333954": 243,
    "0.0038152242": 77,
    "0.0046970530000000005": 25,
    "0.0055788818": 7,
    "0.006460710600000001": 2,
    "0.0073425394000000005": 0,
    "0.0082243682": 2,
    "0.009106197": 1
  },
  "latencyPercentiles": {
    "p10": 0.000463594,
    "p25": 0.000503156,
    "p50": 0.000556438,
    "p75": 0.000655275,
    "p90": 0.000850714,
    "p95": 0.001049076,
    "p99": 0.001742683,
    "p99.9": 0.003441386,
    "p99.99": 0.005431677
  },
  "firstByteHistogram": {
    "0.000285922": 1,
    "0.0011672233": 60891,
    "0.0020485246": 1800,
    "0.0029298259000000004": 243,
    "0.0038111272000000006": 77,
    "0.004692428500000001": 25,
    "0.005573729800000001": 7,
    "0.006455031100000001": 2,
    "0.007336332400000001": 0,
    "0.008217633700000001": 2,
    "0.009098935": 1
  },
  "firstBytePercentiles": {
    "p10": 0.000458283,
    "p25": 0.000497696,
    "p50": 0.000550619,
    "p75": 0.00064897,
    "p90": 0.000843315,
    "p95": 0.001041451,
    "p99": 0.00172832,
    "p99.9": 0.003434248,
    "p99.99": 0.005425545
  },
  "rps": {
    "mean": 6298.732350145628,
    "stddev": 1020.133035306519,
    "max": 9157.302307579135,
    "min": 1228.0604443162665,
    "percentiles": {
      "p10": 4874.456840797469,
      "p25": 5726.09373758618,
      "p50": 6495.632600524732,
      "p75": 7042.615786726898,
      "p90": 7418.851301155821,
      "p95": 7602.241140688861,
      "p99": 7979.025062117686,
      "p99.9": 8814.720419105111,
      "p99.99": 9157.302307579135
    }
  },
  "details": {
    "DNSDialup": {
      "average": 0.00042839224999999996,
      "fastest": 0.000383279,
      "slowest": 0.000534799
    },
    "DNSLookup": {
      "average": 0.0000873795,
      "fastest": 0.000084047,
      "slowest": 0.000090347
    },
    "firstByte": {
      "average": 0.0006234922286792828,
      "fastest": 0.000285922,
      "slowest": 0.009098935
    }
  },
  "statusCodeDistribution": {
    "404": 63049
  },
  "errorDistribution": {
    "aborted due to deadline": 4
  }
}