{
  "summary": {
    "successRate": 1.0,
    "total": 10.003403924,
    "slowest": 0.027098222,
    "fastest": 0.000305654,
    "average": 0.0008846652373429622,
    "requestsPerSec": 8992.738940009636,
    "totalData": 3238200,
    "sizePerRequest": 36,
    "sizePerSec": 323709.8116403122
  },
  "metrics": {
    "success_rate": 1.0,
    "requests_per_sec": 8992.738940009636,
    "latency_ms": {
      "min": 0.306,
      "mean": 0.885,
      "p50": 0.765,
      "p95": 1.647,
      "p99": 3.032,
      "max": 27.098
    }
  },
  "responseTimeHistogram": {
    "0.000305654": 1,
    "0.0029849108": 88994,
    "0.0056641676000000005": 830,
    "0.008343424400000002": 89,
    "0.011022681200000002": 20,
    "0.013701938000000002": 7,
    "0.016381194800000002": 5,
    "0.0190604516": 2,
    "0.021739708400000002": 1,
    "0.024418965200000003": 0,
    "0.027098222": 1
  },
  "latencyPercentiles": {
    "p10": 0.000545412,
    "p25": 0.000615619,
    "p50": 0.000765007,
    "p75": 0.000962469,
    "p90": 0.001260414,
    "p95": 0.00164741,
    "p99": 0.00303235,
    "p99.9": 0.006114446,
    "p99.99": 0.014714104
  },
  "firstByteHistogram": {
    "0.00030385": 1,
    "0.0029804919": 89013,
    "0.005657133799999999": 812,
    "0.008333775699999999": 89,
    "0.011010417599999999": 20,
    "0.0136870595": 7,
    "0.0163637014": 4,
    "0.019040343300000002": 2,
    "0.0217169852": 1,
    "0.0243936271": 0,
    "0.027070269": 1
  },
  "firstBytePercentiles": {
    "p10": 0.000538233,
    "p25": 0.000607513,
    "p50": 0.000757234,
    "p75": 0.000953208,
    "p90": 0.001248098,
    "p95": 0.001631358,
    "p99": 0.003010195,
    "p99.9": 0.006103317,
    "p99.99": 0.012839312
  },
  "rps": {
    "mean": 8989.015865891524,
    "stddev": 1712.1413039962133,
    "max": 13813.995783844752,
    "min": 838.4544559399633,
    "percentiles": {
      "p10": 6575.565743973043,
      "p25": 8146.330626169039,
      "p50": 9272.754028104502,
      "p75": 10112.685966165767,
      "p90": 10873.165530857186,
      "p95": 11248.72957760353,
      "p99": 12402.089036109594,
      "p99.9": 13750.290677100707,
      "p99.99": 13813.995783844752
    }
  },
  "details": {
    "DNSDialup": {
      "average": 0.0005334475,
      "fastest": 0.000397547,
      "slowest": 0.000865381
    },
    "DNSLookup": {
      "average": 0.00006072762499999999,
      "fastest": 0.000023015,
      "slowest": 0.000129353
    },
    "firstByte": {
      "average": 0.0008756135445803229,
      "fastest": 0.00030385,
      "slowest": 0.027070269
    }
  },
  "statusCodeDistribution": {
    "404": 89950
  },
  "errorDistribution": {
    "aborted due to deadline": 8
  }
}