{
  "summary": {
    "successRate": 1.0,
    "total": 10.004282191,
    "slowest": 0.024596062,
    "fastest": 0.00276982,
    "average": 0.00655204450340696,
    "requestsPerSec": 1218.3782671549793,
    "totalData": 3508128,
    "sizePerRequest": 288,
    "sizePerSec": 350662.639560084
  },
  "metrics": {
    "success_rate": 1.0,
    "requests_per_sec": 1218.3782671549793,
    "latency_ms": {
      "min": 2.77,
      "mean": 6.552,
      "p50": 6.155,
      "p95": 10.333,
      "p99": 13.27,
      "max": 24.596
    }
  },
  "responseTimeHistogram": {
    "0.00276982": 1,
    "0.0049524441999999995": 2473,
    "0.0071350684": 6005,
    "0.0093176926": 2574,
    "0.0115003168": 836,
    "0.013682941": 198,
    "0.015865565199999997": 64,
    "0.018048189399999998": 23,
    "0.020230813599999998": 4,
    "0.022413437799999998": 2,
    "0.024596062": 1
  },
  "latencyPercentiles": {
    "p10": 0.004455999,
    "p25": 0.005141912,
    "p50": 0.006155369,
    "p75": 0.00752449,
    "p90": 0.009175081,
    "p95": 0.010333073,
    "p99": 0.013269511,
    "p99.9": 0.017307194,
    "p99.99": 0.022041546
  },
  "firstByteHistogram": {
    "0.002763795": 1,
    "0.0049460254": 2491,
    "0.0071282558": 5997,
    "0.009310486199999999": 2569,
    "0.0114927166": 833,
    "0.013674947": 197,
    "0.0158571774": 63,
    "0.0180394078": 24,
    "0.0202216382": 3,
    "0.022403868599999998": 2,
    "0.024586099": 1
  },
  "firstBytePercentiles": {
    "p10": 0.004444589,
    "p25": 0.005128706,
    "p50": 0.006143113,
    "p75": 0.007509996,
    "p90": 0.009164774,
    "p95": 0.010317748,
    "p99": 0.013259896,
    "p99.9": 0.017212798,
    "p99.99": 0.022035224
  },
  "rps": {
    "mean": 1220.3089356051455,
    "stddev": 278.982260553821,
    "max": 2026.4902809533005,
    "min": 80.59558850374852,
    "percentiles": {
      "p10": 872.162365234564,
      "p25": 1022.4663462870088,
      "p50": 1225.6850890199782,
      "p75": 1421.266986424699,
      "p90": 1584.2658322021532,
      "p95": 1669.7190987034394,
      "p99": 1803.748346892865,
      "p99.9": 1891.0345827953026,
      "p99.99": 2026.4902809533005
    }
  },
  "details": {
    "DNSDialup": {
      "average": 0.000695691875,
      "fastest": 0.000369766,
      "slowest": 0.001003882
    },
    "DNSLookup": {
      "average": 0.00004931162499999999,
      "fastest": 0.000025444,
      "slowest": 0.000089096
    },
    "firstByte": {
      "average": 0.0065387156909120624,
      "fastest": 0.002763795,
      "slowest": 0.024586099
    }
  },
  "statusCodeDistribution": {
    "200": 12181
  },
  "errorDistribution": {
    "aborted due to deadline": 8
  }
}