{
  "summary": {
    "successRate": 1.0,
    "total": 10.00200884,
    "slowest": 0.009133908,
    "fastest": 0.000256343,
    "average": 0.0005973910293462232,
    "requestsPerSec": 6640.466036620699,
    "totalData": 2390904,
    "sizePerRequest": 36,
    "sizePerSec": 239042.38021049378
  },
  "metrics": {
    "success_rate": 1.0,
    "requests_per_sec": 6640.466036620699,
    "latency_ms": {
      "min": 0.256,
      "mean": 0.597,
      "p50": 0.505,
      "p95": 1.094,
      "p99": 1.911,
      "max": 9.134
    }
  },
  "responseTimeHistogram": {
    "0.000256343": 1,
    "0.0011440995000000002": 63458,
    "0.0020318560000000003": 2398,
    "0.0029196125": 348,
    "0.003807369": 135,
    "0.0046951255": 48,
    "0.005582882": 10,
    "0.0064706385000000005": 6,
    "0.007358395": 5,
    "0.0082461515": 2,
    "0.009133908": 3
  },
  "latencyPercentiles": {
    "p10": 0.000412597,
    "p25": 0.000449873,
    "p50": 0.000504787,
    "p75": 0.000618,
    "p90": 0.000853676,
    "p95": 0.001094429,
    "p99": 0.001911116,
    "p99.9": 0.003906094,
    "p99.99": 0.007081412
  },
  "firstByteHistogram": {
    "0.000254283": 1,
    "0.0011416102": 63505,
    "0.0020289374000000003": 2362,
    "0.0029162646": 338,
    "0.0038035918000000005": 134,
    "0.004690919000000001": 49,
    "0.0055782462": 10,
    "0.006465573400000001": 6,
    "0.007352900600000001": 4,
    "0.0082402278": 2,
    "0.009127555": 3
  },
  "firstBytePercentiles": {
    "p10": 0.000407512,
    "p25": 0.000444396,
    "p50": 0.000498917,
    "p75": 0.000611577,
    "p90": 0.000846969,
    "p95": 0.001085306,
    "p99": 0.001899539,
    "p99.9": 0.003895035,
    "p99.99": 0.006815084
  },
  "rps": {
    "mean": 6637.678381285682,
    "stddev": 1283.2117353862352,
    "max": 9719.03959857361,
    "min": 1208.2826567839977,
    "percentiles": {
      "p10": 4892.1804203524825,
      "p25": 5949.292266141732,
      "p50": 6822.790165991447,
      "p75": 7572.964758148358,
      "p90": 8050.404386906803,
      "p95": 8327.849985766376,
      "p99": 8729.673907546412,
      "p99.9": 9373.08758777443,
      "p99.99": 9719.03959857361
    }
  },
  "details": {
    "DNSDialup": {
      "average": 0.00065857525,
      "fastest": 0.000314188,
      "slowest": 0.001240251
    },
    "DNSLookup": {
      "average": 0.000116891,
      "fastest": 0.000094771,
      "slowest": 0.000174307
    },
    "firstByte": {
      "average": 0.0005911883039871153,
      "fastest": 0.000254283,
      "slowest": 0.009127555
    }
  },
  "statusCodeDistribution": {
    "404": 66414
  },
  "errorDistribution": {
    "aborted due to deadline": 4
  }
}