{
  "summary": {
    "successRate": 1.0,
    "total": 10.003898474,
    "slowest": 0.041805364,
    "fastest": 0.000285501,
    "average": 0.0024752714919333125,
    "requestsPerSec": 12903.169732827899,
    "totalData": 4645800,
    "sizePerRequest": 36,
    "sizePerSec": 464398.95527472347
  },
  "metrics": {
    "success_rate": 1.0,
    "requests_per_sec": 12903.169732827899,
    "latency_ms": {
      "min": 0.286,
      "mean": 2.475,
      "p50": 2.394,
      "p95": 4.225,
      "p99": 5.618,
      "max": 41.805
    }
  },
  "responseTimeHistogram": {
    "0.000285501": 1,
    "0.004437487299999999": 124165,
    "0.0085894736": 4715,
    "0.012741459899999998": 124,
    "0.0168934462": 27,
    "0.0210454325": 6,
    "0.025197418799999996": 2,
    "0.029349405099999996": 9,
    "0.0335013914": 0,
    "0.0376533777": 0,
    "0.041805364": 1
  },
  "latencyPercentiles": {
    "p10": 0.001236508,
    "p25": 0.001773668,
    "p50": 0.002394082,
    "p75": 0.003065631,
    "p90": 0.003737272,
    "p95": 0.004225293,
    "p99": 0.005618189,
    "p99.9": 0.009335666,
    "p99.99": 0.020777581
  },
  "firstByteHistogram": {
    "0.000283226": 1,
    "0.004434705200000001": 124279,
    "0.0085861844": 4607,
    "0.0127376636": 120,
    "0.016889142800000003": 26,
    "0.021040622000000005": 5,
    "0.025192101200000004": 2,
    "0.029343580400000003": 9,
    "0.0334950596": 0,
    "0.037646538800000004": 0,
    "0.041798018000000006": 1
  },
  "firstBytePercentiles": {
    "p10": 0.001228422,
    "p25": 0.001763868,
    "p50": 0.002383896,
    "p75": 0.003054377,
    "p90": 0.003722474,
    "p95": 0.004204076,
    "p99": 0.005583716,
    "p99.9": 0.009218225,
    "p99.99": 0.020770971
  },
  "rps": {
    "mean": 12903.240385918598,
    "stddev": 1937.7130588644698,
    "max": 19958.10803153384,
    "min": 3427.2020453541804,
    "percentiles": {
      "p10": 10619.189631259871,
      "p25": 11836.667628981131,
      "p50": 13010.880999779902,
      "p75": 13975.096782608804,
      "p90": 14969.519947589346,
      "p95": 15968.463189076876,
      "p99": 18105.939684028937,
      "p99.9": 19325.041388631387,
      "p99.99": 19958.10803153384
    }
  },
  "details": {
    "DNSDialup": {
      "average": 0.00195619184375,
      "fastest": 0.000430578,
      "slowest": 0.003333361
    },
    "DNSLookup": {
      "average": 0.000030762187500000004,
      "fastest": 0.000014392,
      "slowest": 0.000094468
    },
    "firstByte": {
      "average": 0.002463684155304154,
      "fastest": 0.000283226,
      "slowest": 0.041798018
    }
  },
  "statusCodeDistribution": {
    "404": 129050
  },
  "errorDistribution": {
    "aborted due to deadline": 32
  }
}