{
  "summary": {
    "successRate": 1.0,
    "total": 10.004378911,
    "slowest": 0.064578015,
    "fastest": 0.007905493,
    "average": 0.02667441982153318,
    "requestsPerSec": 1198.9749795273424,
    "totalData": 3445344,
    "sizePerRequest": 288,
    "sizePerSec": 344383.59748767415
  },
  "metrics": {
    "success_rate": 1.0,
    "requests_per_sec": 1198.9749795273424,
    "latency_ms": {
      "min": 7.905,
      "mean": 26.674,
      "p50": 25.764,
      "p95": 37.384,
      "p99": 48.085,
      "max": 64.578
    }
  },
  "responseTimeHistogram": {
    "0.007905493": 1,
    "0.0135727452": 22,
    "0.0192399974": 734,
    "0.0249072496": 4152,
    "0.0305745018": 4892,
    "0.036241754": 1445,
    "0.0419090062": 425,
    "0.0475762584": 161,
    "0.0532435106": 73,
    "0.0589107628": 20,
    "0.064578015": 38
  },
  "latencyPercentiles": {
    "p10": 0.020599862,
    "p25": 0.023222203,
    "p50": 0.025764188,
    "p75": 0.029127495,
    "p90": 0.03331578,
    "p95": 0.037384148,
    "p99": 0.04808461,
    "p99.9": 0.061788368,
    "p99.99": 0.064235573
  },
  "firstByteHistogram": {
    "0.007879981": 1,
    "0.013548745099999999": 22,
    "0.0192175092": 734,
    "0.024886273299999997": 4134,
    "0.0305550374": 4908,
    "0.0362238015": 1448,
    "0.0418925656": 424,
    "0.0475613297": 161,
    "0.0532300938": 73,
    "0.058898857900000004": 20,
    "0.064567622": 38
  },
  "firstBytePercentiles": {
    "p10": 0.020576596,
    "p25": 0.023211041,
    "p50": 0.025749096,
    "p75": 0.029111146,
    "p90": 0.03329653,
    "p95": 0.037369511,
    "p99": 0.048076528,
    "p99.9": 0.061780728,
    "p99.99": 0.064222334
  },
  "rps": {
    "mean": 1187.2312257911744,
    "stddev": 487.4604408043676,
    "max": 2733.5082323020433,
    "min": 68.71434498531862,
    "percentiles": {
      "p10": 566.6010655952912,
      "p25": 813.638369070023,
      "p50": 1159.3596793252404,
      "p75": 1529.1867686459839,
      "p90": 1827.5063462698774,
      "p95": 2007.943848590072,
      "p99": 2291.868160075701,
      "p99.9": 2722.7385260532037,
      "p99.99": 2733.5082323020433
    }
  },
  "details": {
    "DNSDialup": {
      "average": 0.0013811115624999999,
      "fastest": 0.000605951,
      "slowest": 0.002595468
    },
    "DNSLookup": {
      "average": 0.00006754071875,
      "fastest": 0.0000215,
      "slowest": 0.000870579
    },
    "firstByte": {
      "average": 0.026661315804229733,
      "fastest": 0.007879981,
      "slowest": 0.064567622
    }
  },
  "statusCodeDistribution": {
    "200": 11963
  },
  "errorDistribution": {
    "aborted due to deadline": 32
  }
}