   Compiling smallvec v1.15.2
   Compiling tokio v1.53.1
   Compiling chrono v0.4.45
   Compiling icu_normalizer v2.3.0
   Compiling idna_adapter v1.2.2
   Compiling idna v1.1.0
   Compiling aws-lc-rs v1.18.0
   Compiling tokio-util v0.7.19
   Compiling url v2.5.8
   Compiling rustls v0.23.43
   Compiling futures-util v0.3.34
   Compiling rustls-webpki v0.103.15
   Compiling parking_lot_core v0.9.12
   Compiling tracing v0.1.44
   Compiling parking_lot v0.12.5
   Compiling postgres-types v0.2.14
   Compiling boon v0.6.1
   Compiling tokio-rustls v0.26.4
   Compiling tokio-postgres v0.7.18
   Compiling wamn-event-wire v0.1.0 (/home/kaalin/dev/wamn/apps/platform/events/wire)
   Compiling wamn-catalog v0.1.0 (/home/kaalin/dev/wamn/crates/catalog/model)
   Compiling wamn-schema-introspection v0.1.0 (/home/kaalin/dev/wamn/crates/schema/introspection)
warning: function `canonical_serialized` is never used
   --> crates/catalog/model/src/lib.rs:791:4
    |
791 | fn canonical_serialized(value: &impl Serialize) -> Vec<u8> {
    |    ^^^^^^^^^^^^^^^^^^^^
    |
    = note: `#[warn(dead_code)]` (part of `#[warn(unused)]`) on by default

   Compiling tryhard v0.5.2
   Compiling tokio-stream v0.1.19
   Compiling wamn-run-state v0.1.0 (/home/kaalin/dev/wamn/crates/execution/run-state)
warning: `wamn-catalog` (lib) generated 1 warning
   Compiling clap_builder v4.6.6
   Compiling clap_derive v4.6.4
   Compiling async-nats v0.49.1
   Compiling wamn-schema-generator v0.1.0 (/home/kaalin/dev/wamn/crates/schema/generator)
   Compiling webpki-roots v1.0.9
   Compiling tracing-subscriber v0.3.23
   Compiling wamn-control-provision v0.1.0 (/home/kaalin/dev/wamn/crates/control/provision)
   Compiling pg_walstream v0.8.0 (https://github.com/dkkloimwieder/pg-walstream?rev=0b007cd627bb913d4b159c705a106b6d4152c91a#0b007cd6)
   Compiling clap v4.6.6
   Compiling wamn-cdc-reader v0.1.0 (/home/kaalin/dev/wamn/services/cdc-reader)
    Finished `test` profile [unoptimized + debuginfo] target(s) in 31.60s
     Running unittests src/lib.rs (target/debug/deps/wamn_cdc_reader-eb32fcd57f41c78e)

running 2 tests
test tests::stream_config_drift_flags_replicas_dup_window_and_storage ... ok
test tests::delivery_advisory_stream_drift_pins_the_subject_cap ... ok

test result: ok. 2 passed; 0 failed; 0 ignored; 0 measured; 24 filtered out; finished in 0.00s

