{
  "source": "5ef028880f4c83283ae344008bbb298adbd88003",
  "exit_code": 101,
  "counts": {
    "test_targets": 191,
    "test_nonempty_targets": 172,
    "test_empty_targets": 19,
    "test_failed_targets": 42,
    "test_reported_passed": 2333,
    "test_failed": 104,
    "test_ignored": 0,
    "test_measured": 0,
    "test_filtered_out": 2,
    "test_explicit_self_skip_count": 84,
    "test_reported_passes_after_excluding_explicit_self_skips": 2249,
    "doctest_targets": 39,
    "doctest_nonempty_targets": 6,
    "doctest_empty_targets": 33,
    "doctest_failed_targets": 0,
    "doctest_reported_passed": 6,
    "doctest_failed": 0,
    "doctest_ignored": 0,
    "doctest_measured": 0,
    "doctest_filtered_out": 0,
    "doctest_explicit_self_skip_count": 0,
    "doctest_reported_passes_after_excluding_explicit_self_skips": 6
  },
  "review_entries": 94,
  "unresolved": [],
  "output": "/home/kaalin/dev/wamn/docs/perf/2026.09/consolidation-step3/sweep-001/run-001/reduction-001"
}
