{
  "summary": {
    "successRate": 1.0,
    "total": 10.001871218,
    "slowest": 0.032663355,
    "fastest": 0.002556342,
    "average": 0.014371430648201438,
    "requestsPerSec": 556.695830074224,
    "totalData": 200160,
    "sizePerRequest": 36,
    "sizePerSec": 20012.255270771675
  },
  "metrics": {
    "success_rate": 1.0,
    "requests_per_sec": 556.695830074224,
    "latency_ms": {
      "min": 2.556,
      "mean": 14.371,
      "p50": 14.524,
      "p95": 22.504,
      "p99": 26.034,
      "max": 32.663
    }
  },
  "responseTimeHistogram": {
    "0.002556342": 1,
    "0.0055670432999999995": 300,
    "0.0085777446": 431,
    "0.0115884459": 695,
    "0.014599147199999999": 1397,
    "0.0176098485": 1333,
    "0.0206205498": 834,
    "0.023631251099999997": 395,
    "0.0266419524": 134,
    "0.0296526537": 34,
    "0.032663355": 6
  },
  "latencyPercentiles": {
    "p10": 0.007207115,
    "p25": 0.01149912,
    "p50": 0.014523743,
    "p75": 0.017653297,
    "p90": 0.020703273,
    "p95": 0.022504398,
    "p99": 0.026034499,
    "p99.9": 0.029682334,
    "p99.99": 0.032663355
  },
  "firstByteHistogram": {
    "0.002549636": 1,
    "0.0055599721": 300,
    "0.008570308200000001": 431,
    "0.011580644300000002": 696,
    "0.014590980400000002": 1395,
    "0.017601316500000002": 1333,
    "0.020611652600000002": 835,
    "0.023621988700000002": 395,
    "0.026632324800000003": 134,
    "0.029642660900000003": 34,
    "0.032652997": 6
  },
  "firstBytePercentiles": {
    "p10": 0.007196086,
    "p25": 0.011489793,
    "p50": 0.014515448,
    "p75": 0.017638567,
    "p90": 0.020692086,
    "p95": 0.022495106,
    "p99": 0.026022502,
    "p99.9": 0.029673306,
    "p99.99": 0.032652997
  },
  "rps": {
    "mean": 555.6810402939457,
    "stddev": 90.56314638061438,
    "max": 852.8473955075202,
    "min": 270.82560916127164,
    "percentiles": {
      "p10": 445.5343203997693,
      "p25": 493.47800957124565,
      "p50": 548.8779220030599,
      "p75": 620.568173602615,
      "p90": 683.4479722383433,
      "p95": 709.6880341511725,
      "p99": 747.3809901652068,
      "p99.9": 792.8897872624109,
      "p99.99": 852.8473955075202
    }
  },
  "details": {
    "DNSDialup": {
      "average": 0.0003973545,
      "fastest": 0.000146063,
      "slowest": 0.000573323
    },
    "DNSLookup": {
      "average": 0.00006584287500000001,
      "fastest": 0.000025843,
      "slowest": 0.000111046
    },
    "firstByte": {
      "average": 0.0143627137532374,
      "fastest": 0.002549636,
      "slowest": 0.032652997
    }
  },
  "statusCodeDistribution": {
    "404": 5560
  },
  "errorDistribution": {
    "aborted due to deadline": 8
  }
}