{
  "summary": {
    "successRate": 1.0,
    "total": 10.001335365,
    "slowest": 0.014792667,
    "fastest": 0.002240836,
    "average": 0.006537600562919305,
    "requestsPerSec": 611.4183533330602,
    "totalData": 219996,
    "sizePerRequest": 36,
    "sizePerSec": 21996.66264265902
  },
  "metrics": {
    "success_rate": 1.0,
    "requests_per_sec": 611.4183533330602,
    "latency_ms": {
      "min": 2.241,
      "mean": 6.538,
      "p50": 6.263,
      "p95": 9.799,
      "p99": 11.681,
      "max": 14.793
    }
  },
  "responseTimeHistogram": {
    "0.002240836": 1,
    "0.0034960191": 413,
    "0.0047512022000000004": 253,
    "0.0060063853": 1648,
    "0.0072615684": 2233,
    "0.0085167515": 748,
    "0.0097719346": 504,
    "0.0110271177": 205,
    "0.0122823008": 73,
    "0.0135374839": 24,
    "0.014792666999999999": 9
  },
  "latencyPercentiles": {
    "p10": 0.004310752,
    "p25": 0.005734883,
    "p50": 0.006263312,
    "p75": 0.007305515,
    "p90": 0.008922257,
    "p95": 0.009799204,
    "p99": 0.011681407,
    "p99.9": 0.013757125,
    "p99.99": 0.014792667
  },
  "firstByteHistogram": {
    "0.002236988": 1,
    "0.0034918974": 416,
    "0.0047468067999999995": 254,
    "0.0060017162": 1646,
    "0.0072566256": 2235,
    "0.008511535": 746,
    "0.0097664444": 504,
    "0.0110213538": 204,
    "0.0122762632": 73,
    "0.0135311726": 23,
    "0.014786082": 9
  },
  "firstBytePercentiles": {
    "p10": 0.004304504,
    "p25": 0.00572936,
    "p50": 0.006257295,
    "p75": 0.007299005,
    "p90": 0.008906872,
    "p95": 0.009781806,
    "p99": 0.011659514,
    "p99.9": 0.013741939,
    "p99.99": 0.014786082
  },
  "rps": {
    "mean": 610.5232759919037,
    "stddev": 95.19151292352953,
    "max": 839.471267416929,
    "min": 272.08315296483164,
    "percentiles": {
      "p10": 480.7953509013129,
      "p25": 542.2912619253237,
      "p50": 627.2259333670693,
      "p75": 679.1783391010487,
      "p90": 718.652641281948,
      "p95": 739.2452749289151,
      "p99": 781.2073649105811,
      "p99.9": 827.5728352763565,
      "p99.99": 839.471267416929
    }
  },
  "details": {
    "DNSDialup": {
      "average": 0.000429081,
      "fastest": 0.000402616,
      "slowest": 0.000442389
    },
    "DNSLookup": {
      "average": 0.000098813,
      "fastest": 0.000089723,
      "slowest": 0.0001097
    },
    "firstByte": {
      "average": 0.006530231292096233,
      "fastest": 0.002236988,
      "slowest": 0.014786082
    }
  },
  "statusCodeDistribution": {
    "404": 6111
  },
  "errorDistribution": {
    "aborted due to deadline": 4
  }
}