{
  "summary": {
    "successRate": 1.0,
    "total": 10.001934913,
    "slowest": 0.272203389,
    "fastest": 0.031459542,
    "average": 0.06103596139127106,
    "requestsPerSec": 131.37458016169757,
    "totalData": 389188,
    "sizePerRequest": 298,
    "sizePerSec": 38911.27100758809
  },
  "metrics": {
    "success_rate": 1.0,
    "requests_per_sec": 131.37458016169757,
    "latency_ms": {
      "min": 31.46,
      "mean": 61.036,
      "p50": 59.464,
      "p95": 81.976,
      "p99": 94.185,
      "max": 272.203
    }
  },
  "responseTimeHistogram": {
    "0.031459542": 1,
    "0.0555339267": 459,
    "0.07960831139999999": 758,
    "0.1036826961": 85,
    "0.1277570808": 1,
    "0.1518314655": 0,
    "0.1759058502": 0,
    "0.1999802349": 1,
    "0.2240546196": 0,
    "0.2481290043": 0,
    "0.272203389": 1
  },
  "latencyPercentiles": {
    "p10": 0.047067293,
    "p25": 0.052788153,
    "p50": 0.059464032,
    "p75": 0.067838337,
    "p90": 0.075659864,
    "p95": 0.081976225,
    "p99": 0.094184852,
    "p99.9": 0.176224555,
    "p99.99": 0.272203389
  },
  "firstByteHistogram": {
    "0.031444358": 1,
    "0.055519523099999996": 459,
    "0.0795946882": 758,
    "0.1036698533": 85,
    "0.1277450184": 1,
    "0.1518201835": 0,
    "0.1758953486": 0,
    "0.19997051370000002": 1,
    "0.2240456788": 0,
    "0.2481208439": 0,
    "0.272196009": 1
  },
  "firstBytePercentiles": {
    "p10": 0.047060204,
    "p25": 0.052782148,
    "p50": 0.059457427,
    "p75": 0.067830728,
    "p90": 0.075650514,
    "p95": 0.081961143,
    "p99": 0.094175707,
    "p99.9": 0.176217913,
    "p99.99": 0.272196009
  },
  "rps": {
    "mean": 470.00528030739156,
    "stddev": 7078.253290092371,
    "max": 224064.5305954492,
    "min": 27.405892754767038,
    "percentiles": {
      "p10": 59.27152100028357,
      "p25": 79.89408600806134,
      "p50": 136.1159054157808,
      "p75": 246.28236766015107,
      "p90": 369.02633999307045,
      "p95": 457.2993319085352,
      "p99": 945.0089823101414,
      "p99.9": 32466.478361241647,
      "p99.99": 224064.5305954492
    }
  },
  "details": {
    "DNSDialup": {
      "average": 0.00068294325,
      "fastest": 0.000440849,
      "slowest": 0.001106765
    },
    "DNSLookup": {
      "average": 0.000064186375,
      "fastest": 0.000020556,
      "slowest": 0.000126407
    },
    "firstByte": {
      "average": 0.06102612278560492,
      "fastest": 0.031444358,
      "slowest": 0.272196009
    }
  },
  "statusCodeDistribution": {
    "200": 1306
  },
  "errorDistribution": {
    "aborted due to deadline": 8
  }
}