{
  "summary": {
    "successRate": 1.0,
    "total": 10.001979236,
    "slowest": 0.156135909,
    "fastest": 0.01203344,
    "average": 0.027606034156984784,
    "requestsPerSec": 144.97130675706993,
    "totalData": 430908,
    "sizePerRequest": 298,
    "sizePerSec": 43082.27300143137
  },
  "metrics": {
    "success_rate": 1.0,
    "requests_per_sec": 144.97130675706993,
    "latency_ms": {
      "min": 12.033,
      "mean": 27.606,
      "p50": 26.829,
      "p95": 37.172,
      "p99": 43.981,
      "max": 156.136
    }
  },
  "responseTimeHistogram": {
    "0.01203344": 1,
    "0.0264436869": 690,
    "0.04085393379999999": 720,
    "0.05526418069999999": 30,
    "0.06967442759999999": 1,
    "0.08408467449999998": 0,
    "0.09849492139999999": 0,
    "0.1129051683": 1,
    "0.12731541519999998": 2,
    "0.14172566209999998": 0,
    "0.156135909": 1
  },
  "latencyPercentiles": {
    "p10": 0.020926448,
    "p25": 0.02330728,
    "p50": 0.026828709,
    "p75": 0.030676434,
    "p90": 0.034507528,
    "p95": 0.037171754,
    "p99": 0.043981338,
    "p99.9": 0.123527133,
    "p99.99": 0.156135909
  },
  "firstByteHistogram": {
    "0.01202765": 1,
    "0.0264373424": 690,
    "0.0408470348": 720,
    "0.055256727199999994": 30,
    "0.0696664196": 1,
    "0.084076112": 0,
    "0.09848580439999999": 0,
    "0.1128954968": 1,
    "0.1273051892": 2,
    "0.14171488159999998": 0,
    "0.156124574": 1
  },
  "firstBytePercentiles": {
    "p10": 0.020918476,
    "p25": 0.023300654,
    "p50": 0.02681989,
    "p75": 0.030660026,
    "p90": 0.034500978,
    "p95": 0.037158325,
    "p99": 0.043973025,
    "p99.9": 0.123518837,
    "p99.99": 0.156124574
  },
  "rps": {
    "mean": 918381.8921286727,
    "stddev": 18403058.285341684,
    "max": 499999958.6298179,
    "min": 17.788676465013577,
    "percentiles": {
      "p10": 63.66051122573598,
      "p25": 85.98027921923712,
      "p50": 136.3852906281955,
      "p75": 284.12481034670077,
      "p90": 500.40219826685666,
      "p95": 776.7162224564722,
      "p99": 10905.601116716785,
      "p99.9": 250000007.07048306,
      "p99.99": 499999958.6298179
    }
  },
  "details": {
    "DNSDialup": {
      "average": 0.0007189367499999999,
      "fastest": 0.000625361,
      "slowest": 0.000787003
    },
    "DNSLookup": {
      "average": 0.00014750825,
      "fastest": 0.000132587,
      "slowest": 0.00016376
    },
    "firstByte": {
      "average": 0.0275974203195021,
      "fastest": 0.01202765,
      "slowest": 0.156124574
    }
  },
  "statusCodeDistribution": {
    "200": 1446
  },
  "errorDistribution": {
    "aborted due to deadline": 4
  }
}