{
  "summary": {
    "successRate": 1.0,
    "total": 10.00130109,
    "slowest": 0.004267372,
    "fastest": 0.000199688,
    "average": 0.000409786057755162,
    "requestsPerSec": 2416.8855414390887,
    "totalData": 870156,
    "sizePerRequest": 36,
    "sizePerSec": 87004.27996013867
  },
  "metrics": {
    "success_rate": 1.0,
    "requests_per_sec": 2416.8855414390887,
    "latency_ms": {
      "min": 0.2,
      "mean": 0.41,
      "p50": 0.389,
      "p95": 0.577,
      "p99": 0.774,
      "max": 4.267
    }
  },
  "responseTimeHistogram": {
    "0.000199688": 1,
    "0.0006064564": 23230,
    "0.0010132248000000001": 856,
    "0.0014199932": 53,
    "0.0018267616": 12,
    "0.00223353": 6,
    "0.0026402984000000003": 6,
    "0.0030470668": 0,
    "0.0034538352000000002": 4,
    "0.0038606036000000004": 1,
    "0.004267372": 2
  },
  "latencyPercentiles": {
    "p10": 0.000324497,
    "p25": 0.000352874,
    "p50": 0.000389057,
    "p75": 0.000435831,
    "p90": 0.000506138,
    "p95": 0.000577419,
    "p99": 0.000774063,
    "p99.9": 0.001591813,
    "p99.99": 0.003691719
  },
  "firstByteHistogram": {
    "0.000197673": 1,
    "0.0006037118": 23262,
    "0.0010097506": 826,
    "0.0014157894000000001": 51,
    "0.0018218282": 12,
    "0.0022278669999999997": 6,
    "0.0026339058": 6,
    "0.0030399446000000004": 0,
    "0.0034459834": 4,
    "0.0038520222": 1,
    "0.004258061": 2
  },
  "firstBytePercentiles": {
    "p10": 0.000320992,
    "p25": 0.000348876,
    "p50": 0.000384534,
    "p75": 0.000430863,
    "p90": 0.000500596,
    "p95": 0.000571187,
    "p99": 0.00076526,
    "p99.9": 0.001584321,
    "p99.99": 0.00368508
  },
  "rps": {
    "mean": 2416.08064654331,
    "stddev": 323.6054295670284,
    "max": 3456.0228211351614,
    "min": 807.248852520946,
    "percentiles": {
      "p10": 2020.6061414302028,
      "p25": 2249.331897305286,
      "p50": 2455.337914857444,
      "p75": 2604.8062008557154,
      "p90": 2748.8159475305924,
      "p95": 2842.1992694329633,
      "p99": 3251.4208963334286,
      "p99.9": 3429.051611059216,
      "p99.99": 3456.0228211351614
    }
  },
  "details": {
    "DNSDialup": {
      "average": 0.000322859,
      "fastest": 0.000322859,
      "slowest": 0.000322859
    },
    "DNSLookup": {
      "average": 0.000065999,
      "fastest": 0.000065999,
      "slowest": 0.000065999
    },
    "firstByte": {
      "average": 0.000405218892308967,
      "fastest": 0.000197673,
      "slowest": 0.004258061
    }
  },
  "statusCodeDistribution": {
    "404": 24171
  },
  "errorDistribution": {
    "aborted due to deadline": 1
  }
}