{
  "summary": {
    "successRate": 1.0,
    "total": 10.00365031,
    "slowest": 0.019887757,
    "fastest": 0.000326734,
    "average": 0.0014899678735904984,
    "requestsPerSec": 10701.793513611934,
    "totalData": 3853476,
    "sizePerRequest": 36,
    "sizePerSec": 385206.98750814295
  },
  "metrics": {
    "success_rate": 1.0,
    "requests_per_sec": 10701.793513611934,
    "latency_ms": {
      "min": 0.327,
      "mean": 1.49,
      "p50": 1.43,
      "p95": 2.446,
      "p99": 3.667,
      "max": 19.888
    }
  },
  "responseTimeHistogram": {
    "0.000326734": 1,
    "0.0022828363": 99424,
    "0.0042389386000000005": 6999,
    "0.0061950409000000005": 475,
    "0.0081511432": 78,
    "0.0101072455": 31,
    "0.0120633478": 9,
    "0.0140194501": 7,
    "0.0159755524": 13,
    "0.017931654699999997": 2,
    "0.019887757": 2
  },
  "latencyPercentiles": {
    "p10": 0.000768067,
    "p25": 0.001107437,
    "p50": 0.001429721,
    "p75": 0.001776033,
    "p90": 0.002142213,
    "p95": 0.002445786,
    "p99": 0.003666589,
    "p99.9": 0.006852397,
    "p99.99": 0.014703393
  },
  "firstByteHistogram": {
    "0.000322266": 1,
    "0.0022733302999999997": 99515,
    "0.0042243946": 6924,
    "0.0061754589": 464,
    "0.0081265232": 73,
    "0.010077587499999999": 31,
    "0.0120286518": 9,
    "0.0139797161": 7,
    "0.0159307804": 13,
    "0.0178818447": 2,
    "0.019832909": 2
  },
  "firstBytePercentiles": {
    "p10": 0.000758954,
    "p25": 0.00109882,
    "p50": 0.001421089,
    "p75": 0.0017663,
    "p90": 0.002130872,
    "p95": 0.002430234,
    "p99": 0.003621245,
    "p99.9": 0.006756174,
    "p99.99": 0.014672557
  },
  "rps": {
    "mean": 10702.294438940278,
    "stddev": 1399.715538129888,
    "max": 16381.86344802246,
    "min": 5546.313939924067,
    "percentiles": {
      "p10": 8804.23747949877,
      "p25": 10024.030334538236,
      "p50": 10816.73348670382,
      "p75": 11521.724717293395,
      "p90": 12153.122811288824,
      "p95": 12692.852020333594,
      "p99": 14242.729613112288,
      "p99.9": 15201.344322328072,
      "p99.99": 16381.86344802246
    }
  },
  "details": {
    "DNSDialup": {
      "average": 0.0009796776875,
      "fastest": 0.000492515,
      "slowest": 0.001887576
    },
    "DNSLookup": {
      "average": 0.000044774812499999994,
      "fastest": 0.000015857,
      "slowest": 0.000104655
    },
    "firstByte": {
      "average": 0.001479772884773141,
      "fastest": 0.000322266,
      "slowest": 0.019832909
    }
  },
  "statusCodeDistribution": {
    "404": 107041
  },
  "errorDistribution": {
    "aborted due to deadline": 16
  }
}