{
  "summary": {
    "successRate": 1.0,
    "total": 10.003922702,
    "slowest": 0.038670066,
    "fastest": 0.000352442,
    "average": 0.005631112030718417,
    "requestsPerSec": 11353.446381317312,
    "totalData": 4086540,
    "sizePerRequest": 36,
    "sizePerSec": 408493.76007103815
  },
  "metrics": {
    "success_rate": 1.0,
    "requests_per_sec": 11353.446381317312,
    "latency_ms": {
      "min": 0.352,
      "mean": 5.631,
      "p50": 5.499,
      "p95": 9.496,
      "p99": 11.859,
      "max": 38.67
    }
  },
  "responseTimeHistogram": {
    "0.000352442": 1,
    "0.0041842044": 29827,
    "0.0080159668": 67686,
    "0.011847729199999999": 14853,
    "0.0156794916": 1009,
    "0.019511254000000002": 69,
    "0.0233430164": 26,
    "0.0271747788": 38,
    "0.0310065412": 5,
    "0.0348383036": 0,
    "0.038670066": 1
  },
  "latencyPercentiles": {
    "p10": 0.002861285,
    "p25": 0.004101498,
    "p50": 0.005498716,
    "p75": 0.007031836,
    "p90": 0.008520429,
    "p95": 0.009496417,
    "p99": 0.011859472,
    "p99.9": 0.016313173,
    "p99.99": 0.026209847
  },
  "firstByteHistogram": {
    "0.00034126": 1,
    "0.0041738467": 29826,
    "0.0080064334": 67749,
    "0.0118390201": 14806,
    "0.0156716068": 1008,
    "0.0195041935": 64,
    "0.0233367802": 27,
    "0.0271693669": 33,
    "0.0310019536": 0,
    "0.0348345403": 0,
    "0.038667127": 1
  },
  "firstBytePercentiles": {
    "p10": 0.002850983,
    "p25": 0.004091097,
    "p50": 0.005486847,
    "p75": 0.007016496,
    "p90": 0.008504064,
    "p95": 0.00947702,
    "p99": 0.011832026,
    "p99.9": 0.016073873,
    "p99.99": 0.025711561
  },
  "rps": {
    "mean": 11347.709054577974,
    "stddev": 1477.0280477976994,
    "max": 17630.46544428773,
    "min": 2142.8083830337328,
    "percentiles": {
      "p10": 9521.794004279605,
      "p25": 10639.798439658718,
      "p50": 11484.096893138829,
      "p75": 12146.956306790931,
      "p90": 12856.931779614844,
      "p95": 13478.601814341479,
      "p99": 15217.685954035409,
      "p99.9": 16569.439205823626,
      "p99.99": 17630.46544428773
    }
  },
  "details": {
    "DNSDialup": {
      "average": 0.0037571070156249995,
      "fastest": 0.000932508,
      "slowest": 0.005193826
    },
    "DNSLookup": {
      "average": 0.00004254528125,
      "fastest": 0.000019863,
      "slowest": 0.000278119
    },
    "firstByte": {
      "average": 0.005617472824225824,
      "fastest": 0.00034126,
      "slowest": 0.038667127
    }
  },
  "statusCodeDistribution": {
    "404": 113515
  },
  "errorDistribution": {
    "aborted due to deadline": 64
  }
}