{
  "summary": {
    "successRate": 1.0,
    "total": 10.002200056,
    "slowest": 0.042638533,
    "fastest": 0.003746363,
    "average": 0.011629448009610509,
    "requestsPerSec": 1374.7975368430284,
    "totalData": 3955680,
    "sizePerRequest": 288,
    "sizePerSec": 395480.9919670737
  },
  "metrics": {
    "success_rate": 1.0,
    "requests_per_sec": 1374.7975368430284,
    "latency_ms": {
      "min": 3.746,
      "mean": 11.629,
      "p50": 10.934,
      "p95": 17.694,
      "p99": 26.569,
      "max": 42.639
    }
  },
  "responseTimeHistogram": {
    "0.003746363": 1,
    "0.0076355799999999995": 673,
    "0.011524797": 7376,
    "0.015414013999999997": 4359,
    "0.019303230999999997": 866,
    "0.023192447999999997": 230,
    "0.027081664999999994": 102,
    "0.030970881999999995": 68,
    "0.034860099": 32,
    "0.038749316": 20,
    "0.042638533": 8
  },
  "latencyPercentiles": {
    "p10": 0.008295405,
    "p25": 0.009427818,
    "p50": 0.010933907,
    "p75": 0.012895576,
    "p90": 0.015314248,
    "p95": 0.017693977,
    "p99": 0.02656943,
    "p99.9": 0.037546202,
    "p99.99": 0.042351698
  },
  "firstByteHistogram": {
    "0.0037408": 1,
    "0.007629696199999999": 676,
    "0.0115185924": 7383,
    "0.015407488599999998": 4351,
    "0.0192963848": 865,
    "0.023185281": 229,
    "0.027074177199999997": 103,
    "0.0309630734": 67,
    "0.0348519696": 32,
    "0.0387408658": 20,
    "0.042629762": 8
  },
  "firstBytePercentiles": {
    "p10": 0.008283087,
    "p25": 0.00941645,
    "p50": 0.01092103,
    "p75": 0.012886758,
    "p90": 0.015300366,
    "p95": 0.01767068,
    "p99": 0.026563226,
    "p99.9": 0.037525502,
    "p99.99": 0.042337577
  },
  "rps": {
    "mean": 1369.0291629650142,
    "stddev": 362.8731272289669,
    "max": 2464.080139599788,
    "min": 83.17124643589746,
    "percentiles": {
      "p10": 850.2423870997985,
      "p25": 1171.667378543341,
      "p50": 1424.4815675647064,
      "p75": 1620.6468791760176,
      "p90": 1777.0783987013378,
      "p95": 1858.0643243288143,
      "p99": 2066.1049181126496,
      "p99.9": 2451.8080412618606,
      "p99.99": 2464.080139599788
    }
  },
  "details": {
    "DNSDialup": {
      "average": 0.001082423625,
      "fastest": 0.000419669,
      "slowest": 0.002911883
    },
    "DNSLookup": {
      "average": 0.000046033125000000007,
      "fastest": 0.00001746,
      "slowest": 0.000122768
    },
    "firstByte": {
      "average": 0.011615728754641416,
      "fastest": 0.0037408,
      "slowest": 0.042629762
    }
  },
  "statusCodeDistribution": {
    "200": 13735
  },
  "errorDistribution": {
    "aborted due to deadline": 16
  }
}