{
  "summary": {
    "successRate": 1.0,
    "total": 10.002530313,
    "slowest": 0.011192964,
    "fastest": 0.000232977,
    "average": 0.0006744530677107628,
    "requestsPerSec": 11784.718097459667,
    "totalData": 4243284,
    "sizePerRequest": 36,
    "sizePerSec": 424221.058794006
  },
  "metrics": {
    "success_rate": 1.0,
    "requests_per_sec": 11784.718097459667,
    "latency_ms": {
      "min": 0.233,
      "mean": 0.674,
      "p50": 0.6,
      "p95": 1.159,
      "p99": 1.944,
      "max": 11.193
    }
  },
  "responseTimeHistogram": {
    "0.000232977": 1,
    "0.0013289756999999998": 113972,
    "0.0024249744": 3302,
    "0.0035209731": 429,
    "0.0046169717999999995": 108,
    "0.005712970499999999": 29,
    "0.0068089692": 18,
    "0.0079049679": 3,
    "0.0090009666": 4,
    "0.0100969653": 1,
    "0.011192964": 2
  },
  "latencyPercentiles": {
    "p10": 0.000439436,
    "p25": 0.000496315,
    "p50": 0.000600364,
    "p75": 0.000752256,
    "p90": 0.000938489,
    "p95": 0.001158781,
    "p99": 0.001944492,
    "p99.9": 0.0038162,
    "p99.99": 0.006465992
  },
  "firstByteHistogram": {
    "0.000229929": 1,
    "0.0013254761": 114060,
    "0.0024210231999999996": 3227,
    "0.0035165702999999993": 419,
    "0.0046121174": 105,
    "0.0057076645": 30,
    "0.006803211599999999": 17,
    "0.0078987587": 3,
    "0.0089943058": 5,
    "0.0100898529": 0,
    "0.0111854": 2
  },
  "firstBytePercentiles": {
    "p10": 0.000432891,
    "p25": 0.00048932,
    "p50": 0.000592855,
    "p75": 0.000744275,
    "p90": 0.000928132,
    "p95": 0.001146844,
    "p99": 0.001923344,
    "p99.9": 0.003797808,
    "p99.99": 0.006460179
  },
  "rps": {
    "mean": 11783.733738382904,
    "stddev": 1896.6854971341993,
    "max": 16945.260791574256,
    "min": 4599.882304344992,
    "percentiles": {
      "p10": 9406.826534015972,
      "p25": 10727.014914360627,
      "p50": 11902.929310903413,
      "p75": 12885.821699702787,
      "p90": 14127.779452738068,
      "p95": 14926.094150776285,
      "p99": 15884.824965314914,
      "p99.9": 16591.20350478617,
      "p99.99": 16945.260791574256
    }
  },
  "details": {
    "DNSDialup": {
      "average": 0.0005877853750000001,
      "fastest": 0.000435753,
      "slowest": 0.000797355
    },
    "DNSLookup": {
      "average": 0.000057521,
      "fastest": 0.000019671,
      "slowest": 0.000119328
    },
    "firstByte": {
      "average": 0.0006665321082727442,
      "fastest": 0.000229929,
      "slowest": 0.0111854
    }
  },
  "statusCodeDistribution": {
    "404": 117869
  },
  "errorDistribution": {
    "aborted due to deadline": 8
  }
}