{
  "summary": {
    "successRate": 1.0,
    "total": 10.005960037,
    "slowest": 0.042415066,
    "fastest": 0.000326454,
    "average": 0.004983872807571153,
    "requestsPerSec": 12823.756993384042,
    "totalData": 4617000,
    "sizePerRequest": 36,
    "sizePerSec": 461424.988999284
  },
  "metrics": {
    "success_rate": 1.0,
    "requests_per_sec": 12823.756993384042,
    "latency_ms": {
      "min": 0.326,
      "mean": 4.984,
      "p50": 4.854,
      "p95": 8.47,
      "p99": 10.772,
      "max": 42.415
    }
  },
  "responseTimeHistogram": {
    "0.000326454": 1,
    "0.004535315200000001": 55110,
    "0.008744176400000001": 67885,
    "0.012953037600000002": 4864,
    "0.017161898800000002": 265,
    "0.021370760000000003": 64,
    "0.025579621200000003": 23,
    "0.029788482400000003": 19,
    "0.0339973436": 10,
    "0.0382062048": 6,
    "0.042415066": 3
  },
  "latencyPercentiles": {
    "p10": 0.002516515,
    "p25": 0.003640294,
    "p50": 0.004853509,
    "p75": 0.006174064,
    "p90": 0.007520402,
    "p95": 0.008469955,
    "p99": 0.010772145,
    "p99.9": 0.017016031,
    "p99.99": 0.031559073
  },
  "firstByteHistogram": {
    "0.000323101": 1,
    "0.0045272328": 55212,
    "0.0087313646": 67835,
    "0.0129354964": 4818,
    "0.0171396282": 265,
    "0.02134376": 60,
    "0.0255478918": 21,
    "0.0297520236": 19,
    "0.0339561554": 10,
    "0.0381602872": 6,
    "0.042364419": 3
  },
  "firstBytePercentiles": {
    "p10": 0.002505497,
    "p25": 0.00362989,
    "p50": 0.004841777,
    "p75": 0.006160089,
    "p90": 0.007503544,
    "p95": 0.008445644,
    "p99": 0.010732975,
    "p99.9": 0.016718309,
    "p99.99": 0.031473437
  },
  "rps": {
    "mean": 12819.361418811133,
    "stddev": 1842.0993600198697,
    "max": 18812.903770696325,
    "min": 2800.345282573341,
    "percentiles": {
      "p10": 10556.466539519872,
      "p25": 11910.321484598597,
      "p50": 13101.561998455485,
      "p75": 14050.250569540936,
      "p90": 14753.778999832182,
      "p95": 15068.564984392096,
      "p99": 16461.975966323025,
      "p99.9": 17947.03918971625,
      "p99.99": 18812.903770696325
    }
  },
  "details": {
    "DNSDialup": {
      "average": 0.0041648639375,
      "fastest": 0.000470566,
      "slowest": 0.00580422
    },
    "DNSLookup": {
      "average": 0.000028747156249999997,
      "fastest": 0.000013918,
      "slowest": 0.000093351
    },
    "firstByte": {
      "average": 0.004969639716709568,
      "fastest": 0.000323101,
      "slowest": 0.042364419
    }
  },
  "statusCodeDistribution": {
    "404": 128250
  },
  "errorDistribution": {
    "aborted due to deadline": 64
  }
}