{
  "summary": {
    "successRate": 1.0,
    "total": 10.001773784,
    "slowest": 0.026469272,
    "fastest": 0.000279081,
    "average": 0.0013475814849826723,
    "requestsPerSec": 11832.501169874491,
    "totalData": 4259880,
    "sizePerRequest": 36,
    "sizePerSec": 425912.45233066555
  },
  "metrics": {
    "success_rate": 1.0,
    "requests_per_sec": 11832.501169874491,
    "latency_ms": {
      "min": 0.279,
      "mean": 1.348,
      "p50": 1.243,
      "p95": 2.435,
      "p99": 3.738,
      "max": 26.469
    }
  },
  "responseTimeHistogram": {
    "0.000279081": 1,
    "0.0028981001": 115300,
    "0.005517119199999999": 2723,
    "0.0081361383": 221,
    "0.0107551574": 58,
    "0.0133741765": 12,
    "0.0159931956": 5,
    "0.018612214699999997": 2,
    "0.0212312338": 1,
    "0.0238502529": 3,
    "0.026469272": 4
  },
  "latencyPercentiles": {
    "p10": 0.000656546,
    "p25": 0.00094352,
    "p50": 0.001243484,
    "p75": 0.001604184,
    "p90": 0.002042942,
    "p95": 0.002434941,
    "p99": 0.003738027,
    "p99.9": 0.007526023,
    "p99.99": 0.014764176
  },
  "firstByteHistogram": {
    "0.000272747": 1,
    "0.0028907515999999998": 115391,
    "0.0055087562": 2647,
    "0.0081267608": 207,
    "0.0107447654": 57,
    "0.01336277": 12,
    "0.0159807746": 5,
    "0.0185987792": 2,
    "0.0212167838": 1,
    "0.0238347884": 3,
    "0.026452793": 4
  },
  "firstBytePercentiles": {
    "p10": 0.000647988,
    "p25": 0.000935243,
    "p50": 0.001234218,
    "p75": 0.001593933,
    "p90": 0.002029347,
    "p95": 0.00241586,
    "p99": 0.003702581,
    "p99.9": 0.007474156,
    "p99.99": 0.014551222
  },
  "rps": {
    "mean": 11838.692387851164,
    "stddev": 2471.5715380254046,
    "max": 23657.99995284848,
    "min": 3656.69968835808,
    "percentiles": {
      "p10": 8662.077645654932,
      "p25": 10165.563820416626,
      "p50": 11841.079071514958,
      "p75": 13477.323447815907,
      "p90": 14956.7864310416,
      "p95": 16141.305601032882,
      "p99": 17514.274893327267,
      "p99.9": 18141.90053347219,
      "p99.99": 23657.99995284848
    }
  },
  "details": {
    "DNSDialup": {
      "average": 0.0010486555625,
      "fastest": 0.000331302,
      "slowest": 0.005116264
    },
    "DNSLookup": {
      "average": 0.0000336263125,
      "fastest": 0.000015977,
      "slowest": 0.000076765
    },
    "firstByte": {
      "average": 0.0013367124336178546,
      "fastest": 0.000272747,
      "slowest": 0.026452793
    }
  },
  "statusCodeDistribution": {
    "404": 118330
  },
  "errorDistribution": {
    "aborted due to deadline": 16
  }
}