{
  "summary": {
    "successRate": 1.0,
    "total": 10.003152567,
    "slowest": 0.071914479,
    "fastest": 0.007386736,
    "average": 0.024535904070605546,
    "requestsPerSec": 1304.3887826968498,
    "totalData": 3748608,
    "sizePerRequest": 288,
    "sizePerSec": 374742.6598657015
  },
  "metrics": {
    "success_rate": 1.0,
    "requests_per_sec": 1304.3887826968498,
    "latency_ms": {
      "min": 7.387,
      "mean": 24.536,
      "p50": 24.013,
      "p95": 32.106,
      "p99": 38.797,
      "max": 71.914
    }
  },
  "responseTimeHistogram": {
    "0.007386736": 1,
    "0.0138395103": 45,
    "0.020292284600000002": 1688,
    "0.0267450589": 8021,
    "0.0331978332": 2774,
    "0.0396506075": 371,
    "0.0461033818": 58,
    "0.0525561561": 23,
    "0.0590089304": 7,
    "0.0654617047": 11,
    "0.071914479": 17
  },
  "latencyPercentiles": {
    "p10": 0.01969882,
    "p25": 0.021751129,
    "p50": 0.024012776,
    "p75": 0.026754114,
    "p90": 0.029839451,
    "p95": 0.032106174,
    "p99": 0.038797138,
    "p99.9": 0.066289562,
    "p99.99": 0.071440274
  },
  "firstByteHistogram": {
    "0.007377236": 1,
    "0.013829785300000001": 45,
    "0.0202823346": 1690,
    "0.026734883900000003": 8022,
    "0.033187433200000005": 2774,
    "0.039639982500000004": 368,
    "0.04609253180000001": 58,
    "0.05254508110000001": 23,
    "0.05899763040000001": 7,
    "0.0654501797": 11,
    "0.071902729": 17
  },
  "firstBytePercentiles": {
    "p10": 0.01968786,
    "p25": 0.02174112,
    "p50": 0.024000159,
    "p75": 0.026744572,
    "p90": 0.029827947,
    "p95": 0.032083204,
    "p99": 0.038785084,
    "p99.9": 0.066281031,
    "p99.99": 0.071428428
  },
  "rps": {
    "mean": 1300.4180733168455,
    "stddev": 440.2960796081378,
    "max": 2692.35808772833,
    "min": 77.42293727294754,
    "percentiles": {
      "p10": 742.6230609957057,
      "p25": 982.7011834998103,
      "p50": 1291.8183117828742,
      "p75": 1596.7419651145328,
      "p90": 1901.0337821707158,
      "p95": 2063.6032946404093,
      "p99": 2407.1841378945232,
      "p99.9": 2618.809665896073,
      "p99.99": 2692.35808772833
    }
  },
  "details": {
    "DNSDialup": {
      "average": 0.002093551125,
      "fastest": 0.000832333,
      "slowest": 0.003499894
    },
    "DNSLookup": {
      "average": 0.00003885840624999999,
      "fastest": 0.000022926,
      "slowest": 0.000139459
    },
    "firstByte": {
      "average": 0.02452346494844805,
      "fastest": 0.007377236,
      "slowest": 0.071902729
    }
  },
  "statusCodeDistribution": {
    "200": 13016
  },
  "errorDistribution": {
    "aborted due to deadline": 32
  }
}