{
  "summary": {
    "successRate": 1.0,
    "total": 10.003021315,
    "slowest": 0.038273388,
    "fastest": 0.003827392,
    "average": 0.009922404367244285,
    "requestsPerSec": 1611.213201738539,
    "totalData": 4637088,
    "sizePerRequest": 288,
    "sizePerSec": 463568.74128084374
  },
  "metrics": {
    "success_rate": 1.0,
    "requests_per_sec": 1611.213201738539,
    "latency_ms": {
      "min": 3.827,
      "mean": 9.922,
      "p50": 9.612,
      "p95": 14.096,
      "p99": 17.222,
      "max": 38.273
    }
  },
  "responseTimeHistogram": {
    "0.003827392": 1,
    "0.0072719915999999996": 1529,
    "0.0107165912": 9664,
    "0.014161190799999999": 4146,
    "0.017605790399999998": 625,
    "0.02105039": 107,
    "0.024494989599999996": 23,
    "0.027939589199999997": 3,
    "0.0313841888": 1,
    "0.0348287884": 1,
    "0.038273388": 1
  },
  "latencyPercentiles": {
    "p10": 0.007322192,
    "p25": 0.008348181,
    "p50": 0.00961199,
    "p75": 0.011110437,
    "p90": 0.012854814,
    "p95": 0.014095959,
    "p99": 0.017222461,
    "p99.9": 0.022159514,
    "p99.99": 0.034441322
  },
  "firstByteHistogram": {
    "0.003821452": 1,
    "0.0072661899": 1538,
    "0.0107109278": 9667,
    "0.0141556657": 4137,
    "0.0176004036": 623,
    "0.0210451415": 106,
    "0.0244898794": 23,
    "0.0279346173": 3,
    "0.0313793552": 1,
    "0.0348240931": 1,
    "0.038268831": 1
  },
  "firstBytePercentiles": {
    "p10": 0.007313376,
    "p25": 0.008339007,
    "p50": 0.009601804,
    "p75": 0.011099844,
    "p90": 0.012843901,
    "p95": 0.014074149,
    "p99": 0.01721375,
    "p99.9": 0.02214545,
    "p99.99": 0.034434199
  },
  "rps": {
    "mean": 1609.1062175762022,
    "stddev": 325.5658002815065,
    "max": 2765.0164587642985,
    "min": 262.49947007919735,
    "percentiles": {
      "p10": 1208.293241492327,
      "p25": 1426.1743585918005,
      "p50": 1621.5568845629389,
      "p75": 1818.9440238166153,
      "p90": 1983.0025371995846,
      "p95": 2102.595010393646,
      "p99": 2345.8194844990257,
      "p99.9": 2546.3922104028857,
      "p99.99": 2765.0164587642985
    }
  },
  "details": {
    "DNSDialup": {
      "average": 0.001496686,
      "fastest": 0.000392117,
      "slowest": 0.00242972
    },
    "DNSLookup": {
      "average": 0.000043982250000000004,
      "fastest": 0.00001471,
      "slowest": 0.000117712
    },
    "firstByte": {
      "average": 0.009910601224147568,
      "fastest": 0.003821452,
      "slowest": 0.038268831
    }
  },
  "statusCodeDistribution": {
    "200": 16101
  },
  "errorDistribution": {
    "aborted due to deadline": 16
  }
}