The files belonging to this database system will be owned by user "postgres".
This user must also own the server process.

The database cluster will be initialized with locale "en_US.utf8".
The default database encoding has accordingly been set to "UTF8".
The default text search configuration will be set to "english".

Data page checksums are enabled.

fixing permissions on existing directory /var/lib/postgresql/18/docker ... ok
creating subdirectories ... ok
selecting dynamic shared memory implementation ... posix
selecting default "max_connections" ... 100
selecting default "shared_buffers" ... 128MB
selecting default time zone ... Etc/UTC
creating configuration files ... ok
running bootstrap script ... ok
performing post-bootstrap initialization ... ok
syncing data to disk ... ok


Success. You can now start the database server using:

    pg_ctl -D /var/lib/postgresql/18/docker -l logfile start

initdb: warning: enabling "trust" authentication for local connections
initdb: hint: You can change this by editing pg_hba.conf or using the option -A, or --auth-local and --auth-host, the next time you run initdb.
waiting for server to start....2026-09-08 14:54:43.711 UTC [53] LOG:  starting PostgreSQL 18.6 (Debian 18.6-1.pgdg13+2) on x86_64-pc-linux-gnu, compiled by gcc (Debian 14.2.0-19) 14.2.0, 64-bit
2026-09-08 14:54:43.718 UTC [53] LOG:  listening on Unix socket "/var/run/postgresql/.s.PGSQL.5432"
2026-09-08 14:54:43.738 UTC [59] LOG:  database system was shut down at 2026-09-08 14:54:43 UTC
2026-09-08 14:54:43.746 UTC [53] LOG:  database system is ready to accept connections
 done
server started
CREATE DATABASE


/usr/local/bin/docker-entrypoint.sh: ignoring /docker-entrypoint-initdb.d/*

waiting for server to shut down....2026-09-08 14:54:43.902 UTC [53] LOG:  received fast shutdown request
2026-09-08 14:54:43.908 UTC [53] LOG:  aborting any active transactions
2026-09-08 14:54:43.909 UTC [53] LOG:  background worker "logical replication launcher" (PID 62) exited with exit code 1
2026-09-08 14:54:43.909 UTC [57] LOG:  shutting down
2026-09-08 14:54:43.916 UTC [57] LOG:  checkpoint starting: shutdown immediate
2026-09-08 14:54:44.094 UTC [57] LOG:  checkpoint complete: wrote 943 buffers (5.8%), wrote 3 SLRU buffers; 0 WAL file(s) added, 0 removed, 0 recycled; write=0.019 s, sync=0.139 s, total=0.185 s; sync files=303, longest=0.007 s, average=0.001 s; distance=4352 kB, estimate=4352 kB; lsn=0/1BA1BE8, redo lsn=0/1BA1BE8
2026-09-08 14:54:44.118 UTC [53] LOG:  database system is shut down
 done
server stopped

PostgreSQL init process complete; ready for start up.

2026-09-08 14:54:44.228 UTC [1] LOG:  starting PostgreSQL 18.6 (Debian 18.6-1.pgdg13+2) on x86_64-pc-linux-gnu, compiled by gcc (Debian 14.2.0-19) 14.2.0, 64-bit
2026-09-08 14:54:44.228 UTC [1] LOG:  listening on IPv4 address "0.0.0.0", port 5432
2026-09-08 14:54:44.228 UTC [1] LOG:  listening on IPv6 address "::", port 5432
2026-09-08 14:54:44.240 UTC [1] LOG:  listening on Unix socket "/var/run/postgresql/.s.PGSQL.5432"
2026-09-08 14:54:44.254 UTC [75] LOG:  database system was shut down at 2026-09-08 14:54:44 UTC
2026-09-08 14:54:44.263 UTC [1] LOG:  database system is ready to accept connections
2026-09-08 14:54:46.195 UTC [95] WARNING:  role "wamn_identity_reader" has not been granted membership in role "wamn_platform" by role "postgres"
2026-09-08 14:54:46.195 UTC [95] CONTEXT:  SQL statement "REVOKE "wamn_platform" FROM "wamn_identity_reader""
	PL/pgSQL function inline_code_block line 1 at SQL statement
2026-09-08 14:54:46.195 UTC [95] WARNING:  role "wamn_identity_reader_8aaee2a4745eb8ff812536e6d10c887ccf1f6d6d_a" has not been granted membership in role "wamn_identity_reader" by role "postgres"
2026-09-08 14:54:46.431 UTC [102] ERROR:  permission denied for table principals
2026-09-08 14:54:46.431 UTC [102] STATEMENT:  SELECT * FROM identity.principals
2026-09-08 14:54:46.474 UTC [103] ERROR:  permission denied for table pats
2026-09-08 14:54:46.474 UTC [103] STATEMENT:  SELECT * FROM identity.pats
2026-09-08 14:54:46.509 UTC [104] ERROR:  permission denied for schema registry at character 15
2026-09-08 14:54:46.509 UTC [104] STATEMENT:  SELECT * FROM registry.orgs
2026-09-08 14:54:46.545 UTC [105] ERROR:  permission denied to create role
2026-09-08 14:54:46.545 UTC [105] DETAIL:  Only roles with the CREATEROLE attribute may create roles.
2026-09-08 14:54:46.545 UTC [105] STATEMENT:  CREATE ROLE identity_escape
2026-09-08 14:54:46.574 UTC [106] ERROR:  permission denied for database wamn_system
2026-09-08 14:54:46.574 UTC [106] STATEMENT:  CREATE SCHEMA identity_escape
2026-09-08 14:54:46.605 UTC [107] ERROR:  permission denied for schema identity at character 14
2026-09-08 14:54:46.605 UTC [107] STATEMENT:  CREATE TABLE identity.identity_escape (n int)
2026-09-08 14:54:46.640 UTC [108] ERROR:  permission denied to create temporary tables in database "wamn_system" at character 19
2026-09-08 14:54:46.640 UTC [108] STATEMENT:  CREATE TEMP TABLE identity_escape (n int)
2026-09-08 14:54:46.674 UTC [109] ERROR:  permission denied to set role "wamn_system"
2026-09-08 14:54:46.674 UTC [109] STATEMENT:  SET ROLE wamn_system
2026-09-08 14:54:46.704 UTC [110] ERROR:  permission denied to set role "wamn_identity_issuer"
2026-09-08 14:54:46.704 UTC [110] STATEMENT:  SET ROLE wamn_identity_issuer
2026-09-08 14:54:46.734 UTC [111] ERROR:  permission denied for table session_keys
2026-09-08 14:54:46.734 UTC [111] STATEMENT:  TRUNCATE identity.session_keys CASCADE
2026-09-08 14:54:46.765 UTC [112] ERROR:  must be owner of table session_keys
2026-09-08 14:54:46.765 UTC [112] STATEMENT:  ALTER TABLE identity.session_keys ADD COLUMN escape text
2026-09-08 14:54:46.797 UTC [113] ERROR:  permission denied for table session_keys
2026-09-08 14:54:46.797 UTC [113] STATEMENT:  SELECT private_pkcs8 FROM identity.session_keys
2026-09-08 14:54:46.826 UTC [114] ERROR:  permission denied for table session_signing_state
2026-09-08 14:54:46.826 UTC [114] STATEMENT:  SELECT * FROM identity.session_signing_state
2026-09-08 14:54:46.857 UTC [115] FATAL:  permission denied for database "postgres"
2026-09-08 14:54:46.857 UTC [115] DETAIL:  User does not have CONNECT privilege.
2026-09-08 14:54:46.999 UTC [119] FATAL:  password authentication failed for user "wamn_identity_issuer_21608cfc4d1a4f9d4ee70605bf87aa52d9221a1c_a"
2026-09-08 14:54:46.999 UTC [119] DETAIL:  User "wamn_identity_issuer_21608cfc4d1a4f9d4ee70605bf87aa52d9221a1c_a" has no password assigned.
	Connection matched file "/var/lib/postgresql/18/docker/pg_hba.conf" line 128: "host all all all scram-sha-256"
