{
  "summary": {
    "successRate": 1.0,
    "total": 10.001774066,
    "slowest": 0.025233861,
    "fastest": 0.002070196,
    "average": 0.005157123596273297,
    "requestsPerSec": 193.26571338689146,
    "totalData": 556416,
    "sizePerRequest": 288,
    "sizePerSec": 55631.73056382856
  },
  "metrics": {
    "success_rate": 1.0,
    "requests_per_sec": 193.26571338689146,
    "latency_ms": {
      "min": 2.07,
      "mean": 5.157,
      "p50": 4.336,
      "p95": 10.354,
      "p99": 15.477,
      "max": 25.234
    }
  },
  "responseTimeHistogram": {
    "0.002070196": 1,
    "0.0043865625": 984,
    "0.006702929": 565,
    "0.0090192955": 218,
    "0.011335662": 91,
    "0.0136520285": 36,
    "0.015968395": 21,
    "0.0182847615": 6,
    "0.020601128": 4,
    "0.0229174945": 4,
    "0.025233861": 2
  },
  "latencyPercentiles": {
    "p10": 0.002817118,
    "p25": 0.003317999,
    "p50": 0.004335921,
    "p75": 0.006015026,
    "p90": 0.008539093,
    "p95": 0.010353861,
    "p99": 0.015476611,
    "p99.9": 0.024096331,
    "p99.99": 0.025233861
  },
  "firstByteHistogram": {
    "0.002062043": 1,
    "0.0043772034": 985,
    "0.0066923638": 565,
    "0.009007524199999999": 217,
    "0.011322684599999999": 91,
    "0.013637845": 36,
    "0.015953005399999998": 21,
    "0.0182681658": 6,
    "0.020583326199999998": 4,
    "0.022898486599999997": 4,
    "0.025213647": 2
  },
  "firstBytePercentiles": {
    "p10": 0.002807818,
    "p25": 0.003309557,
    "p50": 0.004316375,
    "p75": 0.006002564,
    "p90": 0.008522755,
    "p95": 0.010342996,
    "p99": 0.01546566,
    "p99.9": 0.024084797,
    "p99.99": 0.025213647
  },
  "rps": {
    "mean": 199.02110982872006,
    "stddev": 80.41387973143668,
    "max": 470.816331959413,
    "min": 39.60316676426084,
    "percentiles": {
      "p10": 103.64667346520177,
      "p25": 136.56267646457698,
      "p50": 191.4438754519716,
      "p75": 250.9420993765812,
      "p90": 312.78039459124625,
      "p95": 343.77429338339914,
      "p99": 407.76972591146244,
      "p99.9": 453.27551048737877,
      "p99.99": 470.816331959413
    }
  },
  "details": {
    "DNSDialup": {
      "average": 0.000578117,
      "fastest": 0.000578117,
      "slowest": 0.000578117
    },
    "DNSLookup": {
      "average": 0.000125338,
      "fastest": 0.000125338,
      "slowest": 0.000125338
    },
    "firstByte": {
      "average": 0.0051438660766045495,
      "fastest": 0.002062043,
      "slowest": 0.025213647
    }
  },
  "statusCodeDistribution": {
    "200": 1932
  },
  "errorDistribution": {
    "aborted due to deadline": 1
  }
}