{
  "summary": {
    "successRate": 1.0,
    "total": 10.005849839,
    "slowest": 0.060601767,
    "fastest": 0.008685778,
    "average": 0.028392308965382175,
    "requestsPerSec": 1126.2411670497588,
    "totalData": 3236256,
    "sizePerRequest": 288,
    "sizePerSec": 323436.3949162999
  },
  "metrics": {
    "success_rate": 1.0,
    "requests_per_sec": 1126.2411670497588,
    "latency_ms": {
      "min": 8.686,
      "mean": 28.392,
      "p50": 27.249,
      "p95": 40.294,
      "p99": 47.178,
      "max": 60.602
    }
  },
  "responseTimeHistogram": {
    "0.008685778": 1,
    "0.0138773769": 10,
    "0.0190689758": 218,
    "0.024260574700000002": 2606,
    "0.0294521736": 4506,
    "0.0346437725": 2206,
    "0.0398353714": 1064,
    "0.045026970300000003": 425,
    "0.0502185692": 156,
    "0.0554101681": 40,
    "0.060601767": 5
  },
  "latencyPercentiles": {
    "p10": 0.021798334,
    "p25": 0.024238167,
    "p50": 0.027249055,
    "p75": 0.031370038,
    "p90": 0.036918509,
    "p95": 0.04029358,
    "p99": 0.047177542,
    "p99.9": 0.054427122,
    "p99.99": 0.057716143
  },
  "firstByteHistogram": {
    "0.008675812": 1,
    "0.013867570999999999": 10,
    "0.01905933": 218,
    "0.024251088999999997": 2606,
    "0.029442848": 4510,
    "0.034634607": 2203,
    "0.039826365999999995": 1063,
    "0.045018125": 426,
    "0.050209883999999996": 155,
    "0.055401642999999993": 40,
    "0.060593402": 5
  },
  "firstBytePercentiles": {
    "p10": 0.021789548,
    "p25": 0.024225466,
    "p50": 0.027235325,
    "p75": 0.031359734,
    "p90": 0.036909005,
    "p95": 0.040287342,
    "p99": 0.047170591,
    "p99.9": 0.054420709,
    "p99.99": 0.057698035
  },
  "rps": {
    "mean": 1120.6462326264455,
    "stddev": 485.42239753558806,
    "max": 2748.219153988032,
    "min": 99.46404792417025,
    "percentiles": {
      "p10": 516.4009456747293,
      "p25": 742.9110630388582,
      "p50": 1084.7138627274935,
      "p75": 1424.8525633811842,
      "p90": 1747.8721199179988,
      "p95": 2006.5274343967903,
      "p99": 2385.4623111153646,
      "p99.9": 2737.515471425845,
      "p99.99": 2748.219153988032
    }
  },
  "details": {
    "DNSDialup": {
      "average": 0.0015040063750000005,
      "fastest": 0.000444994,
      "slowest": 0.003219763
    },
    "DNSLookup": {
      "average": 0.000032326281250000016,
      "fastest": 0.000014359,
      "slowest": 0.000117492
    },
    "firstByte": {
      "average": 0.02837903160024924,
      "fastest": 0.008675812,
      "slowest": 0.060593402
    }
  },
  "statusCodeDistribution": {
    "200": 11237
  },
  "errorDistribution": {
    "aborted due to deadline": 32
  }
}