{
  "summary": {
    "successRate": 1.0,
    "total": 10.002234128,
    "slowest": 0.045678288,
    "fastest": 0.002569692,
    "average": 0.006272238792832455,
    "requestsPerSec": 636.4578071792163,
    "totalData": 1832256,
    "sizePerRequest": 288,
    "sizePerSec": 183184.6741990201
  },
  "metrics": {
    "success_rate": 1.0,
    "requests_per_sec": 636.4578071792163,
    "latency_ms": {
      "min": 2.57,
      "mean": 6.272,
      "p50": 4.735,
      "p95": 14.844,
      "p99": 20.688,
      "max": 45.678
    }
  },
  "responseTimeHistogram": {
    "0.002569692": 1,
    "0.0068805516": 4623,
    "0.0111914112": 1040,
    "0.015502270799999999": 435,
    "0.019813130399999997": 186,
    "0.024123989999999998": 53,
    "0.0284348496": 17,
    "0.032745709199999994": 6,
    "0.037056568799999995": 0,
    "0.041367428399999996": 0,
    "0.045678288": 1
  },
  "latencyPercentiles": {
    "p10": 0.003316234,
    "p25": 0.003801246,
    "p50": 0.004734889,
    "p75": 0.007251619,
    "p90": 0.011674143,
    "p95": 0.014844299,
    "p99": 0.020687978,
    "p99.9": 0.028452404,
    "p99.99": 0.045678288
  },
  "firstByteHistogram": {
    "0.002563319": 1,
    "0.006873852099999999": 4624,
    "0.011184385199999999": 1041,
    "0.015494918299999999": 434,
    "0.0198054514": 185,
    "0.0241159845": 53,
    "0.0284265176": 17,
    "0.0327370507": 6,
    "0.0370475838": 0,
    "0.0413581169": 0,
    "0.04566865": 1
  },
  "firstBytePercentiles": {
    "p10": 0.003308363,
    "p25": 0.003792203,
    "p50": 0.004724077,
    "p75": 0.00724134,
    "p90": 0.01166299,
    "p95": 0.014828742,
    "p99": 0.02064122,
    "p99.9": 0.028441133,
    "p99.99": 0.04566865
  },
  "rps": {
    "mean": 645.8061183880635,
    "stddev": 339.46165698926455,
    "max": 2889.380083504552,
    "min": 55.75053064748833,
    "percentiles": {
      "p10": 213.5249933673803,
      "p25": 381.6771312994116,
      "p50": 602.955749379026,
      "p75": 914.0406701380773,
      "p90": 1058.060095485643,
      "p95": 1157.7033840442302,
      "p99": 1326.2939093830012,
      "p99.9": 2416.588429616892,
      "p99.99": 2889.380083504552
    }
  },
  "details": {
    "DNSDialup": {
      "average": 0.0013833777500000001,
      "fastest": 0.00066492,
      "slowest": 0.002255524
    },
    "DNSLookup": {
      "average": 0.00013672175,
      "fastest": 0.00012726,
      "slowest": 0.000151575
    },
    "firstByte": {
      "average": 0.006259973221942785,
      "fastest": 0.002563319,
      "slowest": 0.04566865
    }
  },
  "statusCodeDistribution": {
    "200": 6362
  },
  "errorDistribution": {
    "aborted due to deadline": 4
  }
}