{
  "summary": {
    "successRate": 1.0,
    "total": 10.006136056,
    "slowest": 0.130756273,
    "fastest": 0.014691653,
    "average": 0.051963097890438945,
    "requestsPerSec": 1231.4443788330593,
    "totalData": 3530304,
    "sizePerRequest": 288,
    "sizePerSec": 352813.911408202
  },
  "metrics": {
    "success_rate": 1.0,
    "requests_per_sec": 1231.4443788330593,
    "latency_ms": {
      "min": 14.692,
      "mean": 51.963,
      "p50": 49.372,
      "p95": 79.509,
      "p99": 109.942,
      "max": 130.756
    }
  },
  "responseTimeHistogram": {
    "0.014691653": 1,
    "0.026298115000000004": 16,
    "0.037904577": 1705,
    "0.04951103900000001": 4476,
    "0.061117501000000005": 3794,
    "0.072723963": 1213,
    "0.08433042500000001": 604,
    "0.09593688700000001": 166,
    "0.10754334900000001": 133,
    "0.11914981100000001": 128,
    "0.130756273": 22
  },
  "latencyPercentiles": {
    "p10": 0.034727935,
    "p25": 0.043776048,
    "p50": 0.049372074,
    "p75": 0.057435697,
    "p90": 0.071058286,
    "p95": 0.079508721,
    "p99": 0.10994224,
    "p99.9": 0.120359409,
    "p99.99": 0.126789302
  },
  "firstByteHistogram": {
    "0.014679909": 1,
    "0.026282859399999997": 16,
    "0.037885809799999996": 1704,
    "0.049488760199999995": 4473,
    "0.061091710599999995": 3795,
    "0.072694661": 1215,
    "0.0842976114": 604,
    "0.09590056179999999": 167,
    "0.1075035122": 133,
    "0.1191064626": 128,
    "0.130709413": 22
  },
  "firstBytePercentiles": {
    "p10": 0.034721816,
    "p25": 0.043765525,
    "p50": 0.049357881,
    "p75": 0.057430524,
    "p90": 0.071048623,
    "p95": 0.079483268,
    "p99": 0.10988846,
    "p99.9": 0.120352874,
    "p99.99": 0.126767992
  },
  "rps": {
    "mean": 1222.3958155049993,
    "stddev": 577.3582499134774,
    "max": 4084.4917973193883,
    "min": 56.16968367143867,
    "percentiles": {
      "p10": 515.9495483893121,
      "p25": 797.3511993159351,
      "p50": 1176.0151496408905,
      "p75": 1610.3515977264237,
      "p90": 1994.4943557909141,
      "p95": 2209.212637620139,
      "p99": 2682.915532781712,
      "p99.9": 3283.2234770178293,
      "p99.99": 4084.4917973193883
    }
  },
  "details": {
    "DNSDialup": {
      "average": 0.0033647373437500003,
      "fastest": 0.001018191,
      "slowest": 0.008016758
    },
    "DNSLookup": {
      "average": 0.000030964546874999994,
      "fastest": 0.000015671,
      "slowest": 0.000098036
    },
    "firstByte": {
      "average": 0.051950595445831284,
      "fastest": 0.014679909,
      "slowest": 0.130709413
    }
  },
  "statusCodeDistribution": {
    "200": 12258
  },
  "errorDistribution": {
    "aborted due to deadline": 64
  }
}