{
  "summary": {
    "successRate": 1.0,
    "total": 10.001359527,
    "slowest": 0.059102037,
    "fastest": 0.0024756,
    "average": 0.02413260545127655,
    "requestsPerSec": 663.4098076454442,
    "totalData": 238284,
    "sizePerRequest": 36,
    "sizePerSec": 23825.160905047025
  },
  "metrics": {
    "success_rate": 1.0,
    "requests_per_sec": 663.4098076454442,
    "latency_ms": {
      "min": 2.476,
      "mean": 24.133,
      "p50": 24.212,
      "p95": 35.943,
      "p99": 42.89,
      "max": 59.102
    }
  },
  "responseTimeHistogram": {
    "0.0024756": 1,
    "0.0081382437": 432,
    "0.0138008874": 54,
    "0.0194635311": 1276,
    "0.0251261748": 1802,
    "0.030788818500000002": 1644,
    "0.0364514622": 1123,
    "0.042114105900000004": 210,
    "0.0477767496": 50,
    "0.0534393933": 17,
    "0.059102037": 10
  },
  "latencyPercentiles": {
    "p10": 0.015222578,
    "p25": 0.019134714,
    "p50": 0.024211809,
    "p75": 0.030015715,
    "p90": 0.033772349,
    "p95": 0.035943082,
    "p99": 0.042889965,
    "p99.9": 0.056351371,
    "p99.99": 0.059102037
  },
  "firstByteHistogram": {
    "0.002470787": 1,
    "0.0081332486": 432,
    "0.0137957102": 54,
    "0.019458171799999997": 1276,
    "0.025120633399999998": 1803,
    "0.030783095": 1643,
    "0.0364455566": 1123,
    "0.0421080182": 210,
    "0.0477704798": 50,
    "0.0534329414": 17,
    "0.059095403000000005": 10
  },
  "firstBytePercentiles": {
    "p10": 0.015210779,
    "p25": 0.01912486,
    "p50": 0.024202799,
    "p75": 0.030007138,
    "p90": 0.033762737,
    "p95": 0.035936375,
    "p99": 0.04287977,
    "p99.9": 0.056343722,
    "p99.99": 0.059095403
  },
  "rps": {
    "mean": 663.2649333073432,
    "stddev": 92.99889746068273,
    "max": 852.4523165574013,
    "min": 71.22914001212891,
    "percentiles": {
      "p10": 533.4887990825754,
      "p25": 616.2243870184933,
      "p50": 680.5800674658839,
      "p75": 727.3850531585183,
      "p90": 760.5443773841866,
      "p95": 782.7538454413294,
      "p99": 816.4245015524193,
      "p99.9": 848.5442980126359,
      "p99.99": 852.4523165574013
    }
  },
  "details": {
    "DNSDialup": {
      "average": 0.003915430125,
      "fastest": 0.002114467,
      "slowest": 0.008788363
    },
    "DNSLookup": {
      "average": 0.00004476537500000001,
      "fastest": 0.00002019,
      "slowest": 0.000112555
    },
    "firstByte": {
      "average": 0.024124454894848095,
      "fastest": 0.002470787,
      "slowest": 0.059095403
    }
  },
  "statusCodeDistribution": {
    "404": 6619
  },
  "errorDistribution": {
    "aborted due to deadline": 16
  }
}