The files belonging to this database system will be owned by user "postgres".
This user must also own the server process.

The database cluster will be initialized with locale "en_US.utf8".
The default database encoding has accordingly been set to "UTF8".
The default text search configuration will be set to "english".

Data page checksums are enabled.

fixing permissions on existing directory /var/lib/postgresql/18/docker ... ok
creating subdirectories ... ok
selecting dynamic shared memory implementation ... posix
selecting default "max_connections" ... 100
selecting default "shared_buffers" ... 128MB
selecting default time zone ... Etc/UTC
creating configuration files ... ok
running bootstrap script ... ok
performing post-bootstrap initialization ... ok
syncing data to disk ... ok


Success. You can now start the database server using:

    pg_ctl -D /var/lib/postgresql/18/docker -l logfile start

waiting for server to start....2026-09-11 15:23:05.142 UTC [59] LOG:  starting PostgreSQL 18.6 (Debian 18.6-1.pgdg13+2) on x86_64-pc-linux-gnu, compiled by gcc (Debian 14.2.0-19) 14.2.0, 64-bit
2026-09-11 15:23:05.151 UTC [59] LOG:  listening on Unix socket "/var/run/postgresql/.s.PGSQL.5432"
2026-09-11 15:23:05.178 UTC [65] LOG:  database system was shut down at 2026-09-11 15:23:04 UTC
2026-09-11 15:23:05.188 UTC [59] LOG:  database system is ready to accept connections
 done
server started

/usr/local/bin/docker-entrypoint.sh: ignoring /docker-entrypoint-initdb.d/*

waiting for server to shut down...2026-09-11 15:23:05.237 UTC [59] LOG:  received fast shutdown request
.2026-09-11 15:23:05.246 UTC [59] LOG:  aborting any active transactions
2026-09-11 15:23:05.247 UTC [59] LOG:  background worker "logical replication launcher" (PID 68) exited with exit code 1
2026-09-11 15:23:05.247 UTC [63] LOG:  shutting down
2026-09-11 15:23:05.256 UTC [63] LOG:  checkpoint starting: shutdown immediate
2026-09-11 15:23:05.327 UTC [63] LOG:  checkpoint complete: wrote 0 buffers (0.0%), wrote 3 SLRU buffers; 0 WAL file(s) added, 0 removed, 0 recycled; write=0.027 s, sync=0.007 s, total=0.081 s; sync files=2, longest=0.004 s, average=0.004 s; distance=0 kB, estimate=0 kB; lsn=0/1761918, redo lsn=0/1761918
2026-09-11 15:23:05.357 UTC [59] LOG:  database system is shut down
 done
server stopped

PostgreSQL init process complete; ready for start up.

