warning: function `canonical_serialized` is never used
   --> crates/catalog/model/src/lib.rs:792:4
    |
792 | fn canonical_serialized(value: &impl Serialize) -> Vec<u8> {
    |    ^^^^^^^^^^^^^^^^^^^^
    |
    = note: `#[warn(dead_code)]` (part of `#[warn(unused)]`) on by default

warning: `wamn-catalog` (lib) generated 1 warning
warning: the item `Future` is imported redundantly
 --> crates/platform/runtime/src/connection_authority.rs:3:5
  |
3 | use std::future::Future;
  |     ^^^^^^^^^^^^^^^^^^^
  |
 --> /rustc/88d9e12ae178fab0fb5cc050a94da85685d449ea/library/std/src/prelude/mod.rs:166:12
  |
  = note: the item `Future` is already defined here
  |
  = note: requested on the command line with `-W redundant-imports`

warning: the item `Future` is imported redundantly
 --> crates/platform/runtime/src/plugins/wamn_postgres/pool.rs:7:5
  |
7 | use std::future::Future;
  |     ^^^^^^^^^^^^^^^^^^^
  |
 --> /rustc/88d9e12ae178fab0fb5cc050a94da85685d449ea/library/std/src/prelude/mod.rs:166:12
  |
  = note: the item `Future` is already defined here

warning: constant `HTTP_CONTRACT` is never used
  --> crates/platform/runtime/src/plugins/connection_http.rs:52:7
   |
52 | const HTTP_CONTRACT: &str = "wamn:connection/http@0.1.0";
   |       ^^^^^^^^^^^^^
   |
   = note: `#[warn(dead_code)]` (part of `#[warn(unused)]`) on by default

warning: type does not implement `std::fmt::Debug`; consider adding `#[derive(Debug)]` or a manual implementation
   --> crates/platform/runtime/src/plugins/connection_http.rs:114:1
    |
114 | / pub struct ConnectionHttp {
115 | |     postgres: Arc<WamnPostgres>,
116 | |     vault: Arc<WamnCredentials>,
117 | |     tenant: Box<str>,
...   |
133 | |     invocations: std::sync::RwLock<HashMap<String, ConnectionInvocation>>,
134 | | }
    | |_^
    |
    = note: requested on the command line with `-W missing-debug-implementations`

warning: type does not implement `std::fmt::Debug`; consider adding `#[derive(Debug)]` or a manual implementation
  --> crates/platform/runtime/src/plugins/wamn_credentials.rs:27:1
   |
27 | / pub struct WamnCredentials {
28 | |     /// Whether ANY backing source was configured. Distinguishes `unavailable`
29 | |     /// (no source — retryable) from `not-found` (source present, name absent —
30 | |     /// config-shaped).
...  |
33 | |     projects: HashMap<String, HashMap<String, String>>,
34 | | }
   | |_^

warning: type does not implement `std::fmt::Debug`; consider adding `#[derive(Debug)]` or a manual implementation
   --> crates/platform/runtime/src/plugins/wamn_jetstream.rs:544:1
    |
544 | / pub struct WamnJetstream {
545 | |     nats_url: Option<String>,
546 | |     /// Lazily-connected, memoized JetStream context. A `Mutex<Option<_>>` (not a
547 | |     /// `OnceCell`) so a transient connect failure is retried on the next call
...   |
569 | |     dlq_depth: Arc<DeadLetterDepth>,
570 | | }
    | |_^

warning: type does not implement `std::fmt::Debug`; consider adding `#[derive(Debug)]` or a manual implementation
    --> crates/platform/runtime/src/plugins/wamn_jetstream.rs:1209:1
     |
1209 | / pub struct JsConsumer {
1210 | |     consumer: Consumer<PullConfig>,
1211 | |     dead_letter: Option<DeadLetterIdentity>,
1212 | | }
     | |_^

warning: type does not implement `std::fmt::Debug`; consider adding `#[derive(Debug)]` or a manual implementation
    --> crates/platform/runtime/src/plugins/wamn_jetstream.rs:1216:1
     |
1216 | / pub struct JsMessage {
1217 | |     msg: async_nats::jetstream::Message,
1218 | |     dead_letter: Option<DeadLetterIdentity>,
1219 | | }
     | |_^

warning: type does not implement `std::fmt::Debug`; consider adding `#[derive(Debug)]` or a manual implementation
   --> crates/platform/runtime/src/plugins/wamn_logging.rs:213:1
    |
213 | / pub struct Capture {
214 | |     records: std::sync::Mutex<Vec<CapturedRec>>,
215 | | }
    | |_^

warning: type does not implement `std::fmt::Debug`; consider adding `#[derive(Debug)]` or a manual implementation
   --> crates/platform/runtime/src/plugins/wamn_logging.rs:235:1
    |
235 | / pub struct WamnLogging {
236 | |     /// component id → host-trusted {tenant, project}.
237 | |     claims: std::sync::RwLock<HashMap<String, Claim>>,
238 | |     /// Bounded front queue; `try_send` keeps `log()` non-blocking.
...   |
243 | |     _drain: tokio::task::JoinHandle<()>,
244 | | }
    | |_^

warning: type does not implement `std::fmt::Debug`; consider adding `#[derive(Debug)]` or a manual implementation
   --> crates/platform/runtime/src/plugins/wamn_postgres/claims.rs:55:1
    |
 55 | / pub struct WamnPostgres {
 56 | |     /// Resolves a project id → its database connection + policy.
 57 | |     provider: Arc<dyn CredentialProvider>,
 58 | |     /// Guest-visible project pools, built lazily and never shared with host-owned
...   |
121 | |     pub(super) bind_counters: super::BindCounters,
122 | | }
    | |_^

warning: type does not implement `std::fmt::Debug`; consider adding `#[derive(Debug)]` or a manual implementation
   --> crates/platform/runtime/src/plugins/wamn_postgres/pool.rs:339:1
    |
339 | / pub struct StaticCredentialProvider {
340 | |     projects: HashMap<String, ProjectConfig>,
341 | | }
    | |_^

warning: type does not implement `std::fmt::Debug`; consider adding `#[derive(Debug)]` or a manual implementation
   --> crates/platform/runtime/src/plugins/wamn_postgres/pool.rs:514:1
    |
514 | / pub struct K8sSecretProvider {
515 | |     pub namespace: String,
516 | | }
    | |_^

warning: type does not implement `std::fmt::Debug`; consider adding `#[derive(Debug)]` or a manual implementation
   --> crates/platform/runtime/src/plugins/wamn_postgres/resources.rs:99:1
    |
 99 | / pub struct PgTransaction {
100 | |     state: SharedTxnState,
101 | |     destroyed: Arc<AtomicU64>,
102 | |     cursor_seq: u32,
103 | |     /// Row limit of the project this transaction's connection belongs to.
104 | |     row_limit: u64,
105 | | }
    | |_^

warning: type does not implement `std::fmt::Debug`; consider adding `#[derive(Debug)]` or a manual implementation
   --> crates/platform/runtime/src/plugins/wamn_postgres/resources.rs:145:1
    |
145 | / pub struct PgCursor {
146 | |     state: SharedTxnState,
147 | |     destroyed: Arc<AtomicU64>,
148 | |     name: String,
149 | | }
    | |_^

warning: type does not implement `std::fmt::Debug`; consider adding `#[derive(Debug)]` or a manual implementation
   --> crates/platform/runtime/src/wiring_doorbell.rs:145:1
    |
145 | / pub struct WiringDoorbellListener {
146 | |     shutdown: tokio::sync::watch::Sender<bool>,
147 | |     task: tokio::task::JoinHandle<()>,
148 | | }
    | |_^

warning: `wamn-runtime` (lib) generated 16 warnings
    Checking wamn-execution-host v0.1.0 (/home/kaalin/.cache/wamn-lanes/native-b-adoption-20260910/crates/execution/host)
warning: struct `NativeInvocation` is never constructed
  --> crates/execution/host/src/router_driver/native_call.rs:19:19
   |
19 | pub(super) struct NativeInvocation {
   |                   ^^^^^^^^^^^^^^^^
   |
   = note: `#[warn(dead_code)]` (part of `#[warn(unused)]`) on by default

warning: struct `NativeCall` is never constructed
  --> crates/execution/host/src/router_driver/native_call.rs:39:8
   |
39 | struct NativeCall {
   |        ^^^^^^^^^^

warning: struct `ActiveScope` is never constructed
  --> crates/execution/host/src/router_driver/native_call.rs:45:8
   |
45 | struct ActiveScope<'a> {
   |        ^^^^^^^^^^^

warning: function `invoke_native` is never used
   --> crates/execution/host/src/router_driver/native_call.rs:150:21
    |
150 | pub(super) async fn invoke_native(
    |                     ^^^^^^^^^^^^^

warning: constant `NATIVE_POLICY_ID` is never used
  --> crates/execution/host/src/router_driver/native_policy.rs:30:18
   |
30 | pub(super) const NATIVE_POLICY_ID: &str = "wamn:native-operation-policy";
   |                  ^^^^^^^^^^^^^^^^

warning: struct `NativePolicyResources` is never constructed
  --> crates/execution/host/src/router_driver/native_policy.rs:33:19
   |
33 | pub(super) struct NativePolicyResources {
   |                   ^^^^^^^^^^^^^^^^^^^^^

warning: struct `ComponentPolicy` is never constructed
  --> crates/execution/host/src/router_driver/native_policy.rs:52:8
   |
52 | struct ComponentPolicy {
   |        ^^^^^^^^^^^^^^^

warning: struct `InvocationAuthority` is never constructed
  --> crates/execution/host/src/router_driver/native_policy.rs:58:8
   |
58 | struct InvocationAuthority {
   |        ^^^^^^^^^^^^^^^^^^^

warning: struct `NativePolicy` is never constructed
  --> crates/execution/host/src/router_driver/native_policy.rs:67:19
   |
67 | pub(super) struct NativePolicy {
   |                   ^^^^^^^^^^^^

warning: function `new_native_policy` is never used
  --> crates/execution/host/src/router_driver/native_policy.rs:75:15
   |
75 | pub(super) fn new_native_policy(
   |               ^^^^^^^^^^^^^^^^^

warning: methods `bind_workload`, `activate`, `revoke`, and `invoke_nested` are never used
   --> crates/execution/host/src/router_driver/native_policy.rs:102:19
    |
100 | impl NativePolicy {
    | ----------------- methods in this implementation
101 |     /// Retain only a weak reference so native workload teardown has no ownership cycle.
102 |     pub(super) fn bind_workload(&self, workload: &Arc<NativeWorkload>) -> anyhow::Result<()> {
    |                   ^^^^^^^^^^^^^
...
109 |     pub(super) fn activate(
    |                   ^^^^^^^^
...
191 |     fn revoke(&self, scope: &str) {
    |        ^^^^^^
...
203 |     async fn invoke_nested(
    |              ^^^^^^^^^^^^^

warning: struct `NativeAuthorityGuard` is never constructed
   --> crates/execution/host/src/router_driver/native_policy.rs:340:19
    |
340 | pub(super) struct NativeAuthorityGuard {
    |                   ^^^^^^^^^^^^^^^^^^^^

warning: struct `NativeComponent` is never constructed
  --> crates/execution/host/src/router_driver/native_workload.rs:23:19
   |
23 | pub(super) struct NativeComponent {
   |                   ^^^^^^^^^^^^^^^

warning: struct `NativeWorkloadSpec` is never constructed
  --> crates/execution/host/src/router_driver/native_workload.rs:30:19
   |
30 | pub(super) struct NativeWorkloadSpec {
   |                   ^^^^^^^^^^^^^^^^^^

warning: struct `NativeWorkload` is never constructed
  --> crates/execution/host/src/router_driver/native_workload.rs:41:19
   |
41 | pub(super) struct NativeWorkload {
   |                   ^^^^^^^^^^^^^^

warning: function `native_component_name` is never used
  --> crates/execution/host/src/router_driver/native_workload.rs:49:15
   |
49 | pub(super) fn native_component_name(fact: &AdmittedComponent) -> anyhow::Result<String> {
   |               ^^^^^^^^^^^^^^^^^^^^^

warning: function `load_native_workload` is never used
  --> crates/execution/host/src/router_driver/native_workload.rs:61:21
   |
61 | pub(super) async fn load_native_workload(
   |                     ^^^^^^^^^^^^^^^^^^^^

warning: `wamn-execution-host` (lib) generated 17 warnings
    Finished `dev` profile [unoptimized + debuginfo] target(s) in 7.57s
