   Compiling boon v0.6.1
   Compiling cranelift-codegen v0.134.4
   Compiling tower-http v0.6.11
   Compiling reqwest v0.13.4
   Compiling wamn-catalog v0.1.0 (/home/kaalin/dev/wamn/crates/catalog/model)
warning: function `canonical_serialized` is never used
   --> crates/catalog/model/src/lib.rs:791:4
    |
791 | fn canonical_serialized(value: &impl Serialize) -> Vec<u8> {
    |    ^^^^^^^^^^^^^^^^^^^^
    |
    = note: `#[warn(dead_code)]` (part of `#[warn(unused)]`) on by default

warning: `wamn-catalog` (lib) generated 1 warning
   Compiling ratatui-core v0.1.2
   Compiling wit-parser v0.253.0
   Compiling cranelift-native v0.134.4
   Compiling cranelift-frontend v0.134.4
   Compiling wasmtime-internal-unwinder v47.0.4
   Compiling wasmtime-internal-cranelift v47.0.4
   Compiling wasmtime v47.0.4
   Compiling oci-client v0.17.0
   Compiling wit-component v0.253.0
   Compiling wiggle v47.0.4
   Compiling wasmtime-wasi-io v47.0.4
   Compiling wasmtime-wasi v47.0.4
   Compiling opentelemetry-proto v0.31.0
   Compiling wit-parser v0.254.0
   Compiling async-nats v0.49.1
   Compiling wasmtime-wasi-http v47.0.4
   Compiling ratatui-widgets v0.3.2
   Compiling sqlx-core v0.9.0
   Compiling redis v0.27.6
   Compiling wamn-schema-generator v0.1.0 (/home/kaalin/dev/wamn/crates/schema/generator)
   Compiling opentelemetry-otlp v0.31.1
   Compiling wit-component v0.254.0
   Compiling ratatui-crossterm v0.1.2
   Compiling oci-wasm v0.6.0
   Compiling wamn-run-state v0.1.0 (/home/kaalin/dev/wamn/crates/execution/run-state)
   Compiling opentelemetry-appender-tracing v0.31.1
   Compiling tracing-opentelemetry v0.32.1
   Compiling wamn-client v0.1.0 (/home/kaalin/dev/wamn/crates/client/core)
   Compiling wash-runtime v2.9.0 (https://github.com/wasmCloud/wasmCloud?rev=68ebece9c537f8bb4b5c9999f274ec68d60f35a9#68ebece9)
   Compiling wamn-client-tui v0.1.0 (/home/kaalin/dev/wamn/crates/client/tui)
   Compiling object_store v0.14.1
   Compiling sqlx-postgres v0.9.0
   Compiling ratatui v0.30.2
   Compiling wamn-client-terminal v0.1.0 (/home/kaalin/dev/wamn/crates/client/terminal)
   Compiling wamn-schema-control v0.1.0 (/home/kaalin/dev/wamn/crates/schema/control)
   Compiling sqlx v0.9.0
   Compiling wamn-control-provision v0.1.0 (/home/kaalin/dev/wamn/crates/control/provision)
   Compiling wamn-receiving-tests v0.1.0 (/home/kaalin/dev/wamn/apps/wamn_receiving/tests)
   Compiling wamn-wms-tests v0.1.0 (/home/kaalin/dev/wamn/apps/wamn_wms/tests)
error[E0432]: unresolved import `wamn_schema_generator`
   --> apps/wamn_receiving/tests/receiving_data_access.rs:148:13
    |
148 |         use wamn_schema_generator::{
    |             ^^^^^^^^^^^^^^^^^^^^^ use of unresolved module or unlinked crate `wamn_schema_generator`
    |
    = help: if you wanted to use a crate named `wamn_schema_generator`, use `cargo add wamn_schema_generator` to add it to your `Cargo.toml`

error[E0433]: cannot find module or crate `wamn_schema_control` in this scope
   --> apps/wamn_receiving/tests/receiving_data_access.rs:187:17
    |
187 |                 wamn_schema_control::select_schema_columns_sql(),
    |                 ^^^^^^^^^^^^^^^^^^^ use of unresolved module or unlinked crate `wamn_schema_control`
    |
    = help: if you wanted to use a crate named `wamn_schema_control`, use `cargo add wamn_schema_control` to add it to your `Cargo.toml`

Some errors have detailed explanations: E0432, E0433.
For more information about an error, try `rustc --explain E0432`.
error: could not compile `wamn-receiving-tests` (lib test) due to 2 previous errors
warning: build failed, waiting for other jobs to finish...
