2026-09-11T00:30:31.283452Z  INFO wamn_cdc_reader: registration loaded publication="wamn_cdc_acme__receiving__dev__zgdjqxih" slot="wamn_cdc_acme__receiving__dev__zgdjqxih" stream="EVT_acme_dev"
2026-09-11T00:30:31.286323Z  INFO async_nats::connector: connected successfully server=4222 max_payload=1048576
2026-09-11T00:30:31.286545Z  INFO async_nats: event: connected
2026-09-11T00:30:31.378866Z  INFO wamn_cdc_reader: preflight: slot healthy (resume position = confirmed LSN) slot="wamn_cdc_acme__receiving__dev__zgdjqxih" active=false confirmed_flush_lsn="0/33BECB8" wal_status="reserved"
2026-09-11T00:30:31.378974Z  INFO pg_walstream::stream: Creating logical replication stream with retry support
2026-09-11T00:30:31.379012Z  INFO pg_walstream::retry: Attempting to connect to PostgreSQL with retry logic
2026-09-11T00:30:31.448122Z  INFO pg_walstream::retry: Successfully connected to PostgreSQL on attempt 1 after 69.097148ms
2026-09-11T00:30:31.448198Z  INFO pg_walstream::stream: Starting logical replication stream
2026-09-11T00:30:31.448213Z  INFO pg_walstream::stream: Initializing replication stream
2026-09-11T00:30:31.449599Z  INFO pg_walstream::stream: System identification successful
2026-09-11T00:30:31.449654Z  INFO pg_walstream::stream: Creating replication slot: wamn_cdc_acme__receiving__dev__zgdjqxih
2026-09-11T00:30:31.449986Z  WARN pg_walstream::stream: Replication slot already exists, continuing
2026-09-11T00:30:31.450012Z  INFO pg_walstream::stream: Replication stream initialized
2026-09-11T00:30:31.450868Z  INFO pg_walstream::stream: Logical replication started with LSN: 0/0
2026-09-11T00:30:31.450931Z  INFO wamn_cdc_reader: walsender session open; draining reopens=0
2026-09-11T00:31:01.466825Z  INFO pg_walstream::connection::native::connection: Sent standby status update: received=0/388AA20, flushed=0/0, applied=0/0, reply_requested=false
2026-09-11T00:31:31.467681Z  INFO pg_walstream::connection::native::connection: Sent standby status update: received=0/388BC60, flushed=0/0, applied=0/0, reply_requested=false
2026-09-11T00:31:39.870258Z  INFO wamn_cdc_reader: entity resolved table=purchase_order relation_oid=18614 package_id="wamn_receiving" entity="purchase_order"
2026-09-11T00:31:39.983118Z  INFO wamn_cdc_reader: CDC exclusion resolved table=record_receipt_command relation_oid=18665 package_id="wamn_receiving" relation="record_receipt_command"
2026-09-11T00:31:40.114056Z  INFO wamn_cdc_reader: entity resolved table=receipt relation_oid=18683 package_id="wamn_receiving" entity="receipt"
2026-09-11T00:31:40.206541Z  INFO wamn_cdc_reader: entity resolved table=receipt_line relation_oid=18712 package_id="wamn_receiving" entity="receipt_line"
2026-09-11T00:31:40.314280Z  INFO wamn_cdc_reader: entity resolved table=purchase_order_line relation_oid=18636 package_id="wamn_receiving" entity="purchase_order_line"
2026-09-11T00:31:40.316213Z  INFO wamn::event_reader: CDC exclusions committed excluded_by_relation={"wamn_receiving::record_receipt_command": 2}
2026-09-11T00:31:40.438906Z  INFO wamn_cdc_reader: entity resolved table=quality_inspection relation_oid=18768 package_id="client_acme_receiving" entity="quality_inspection"
2026-09-11T00:32:01.480220Z  INFO pg_walstream::connection::native::connection: Sent standby status update: received=0/388CEA0, flushed=0/388CE68, applied=0/388CE68, reply_requested=false
2026-09-11T00:32:31.482842Z  INFO pg_walstream::connection::native::connection: Sent standby status update: received=0/388D260, flushed=0/388D260, applied=0/388D260, reply_requested=false
2026-09-11T00:33:01.504796Z  INFO pg_walstream::connection::native::connection: Sent standby status update: received=0/38909A0, flushed=0/388D260, applied=0/388D260, reply_requested=false
2026-09-11T00:33:31.534849Z  INFO pg_walstream::connection::native::connection: Sent standby status update: received=0/38909A0, flushed=0/388D260, applied=0/388D260, reply_requested=false
2026-09-11T00:34:01.564998Z  INFO pg_walstream::connection::native::connection: Sent standby status update: received=0/38909A0, flushed=0/388D260, applied=0/388D260, reply_requested=false
2026-09-11T00:34:31.193657Z  INFO pg_walstream::connection::native::connection: Sent standby status update: received=0/3890E40, flushed=0/3890E40, applied=0/3890E40, reply_requested=false
2026-09-11T00:34:31.385809Z  INFO wamn::event_reader: CDC exclusions committed excluded_by_relation={"wamn_receiving::record_receipt_command": 4}
2026-09-11T00:34:31.498892Z  INFO wamn::event_reader: CDC exclusions committed excluded_by_relation={"wamn_receiving::record_receipt_command": 6}
2026-09-11T00:34:47.528786Z  INFO wamn::event_reader: drain summary commits=15 events_published=21 deduped=0 excluded_by_relation={"wamn_receiving::record_receipt_command": 6} ending="shutdown"
2026-09-11T00:34:47.528911Z  INFO pg_walstream::connection::native::connection: Sent standby status update: received=0/3893148, flushed=0/3893120, applied=0/3893120, reply_requested=false
2026-09-11T00:34:47.528932Z  INFO pg_walstream::stream: Stopping logical replication stream (last received LSN: 0/3893148)
2026-09-11T00:34:47.528940Z  INFO wamn_cdc_reader: shutdown requested; exiting cleanly reopens=0 commits=15
