[
    {
        "Id": "447e81e821aaa52769181e1b735f80ad4cfbbaf2673ffc7d8640438dd4830a48",
        "Created": "2026-09-11T03:59:27.938142322Z",
        "Path": "docker-entrypoint.sh",
        "Args": [
            "-js",
            "-sd",
            "/data"
        ],
        "State": {
            "Status": "running",
            "Running": true,
            "Paused": false,
            "Restarting": false,
            "OOMKilled": false,
            "Dead": false,
            "Pid": 3427288,
            "ExitCode": 0,
            "Error": "",
            "StartedAt": "2026-09-11T03:59:28.079662028Z",
            "FinishedAt": "0001-01-01T00:00:00Z"
        },
        "Image": "sha256:8b9f712ae2148dcbd9d7f3d16a942d515e290526e5d018500931eab62b18e045",
        "ResolvConfPath": "/var/lib/docker/containers/447e81e821aaa52769181e1b735f80ad4cfbbaf2673ffc7d8640438dd4830a48/resolv.conf",
        "HostnamePath": "/var/lib/docker/containers/447e81e821aaa52769181e1b735f80ad4cfbbaf2673ffc7d8640438dd4830a48/hostname",
        "HostsPath": "/var/lib/docker/containers/447e81e821aaa52769181e1b735f80ad4cfbbaf2673ffc7d8640438dd4830a48/hosts",
        "LogPath": "/var/lib/docker/containers/447e81e821aaa52769181e1b735f80ad4cfbbaf2673ffc7d8640438dd4830a48/447e81e821aaa52769181e1b735f80ad4cfbbaf2673ffc7d8640438dd4830a48-json.log",
        "Name": "/wamn-native-c-advisory-reader-001",
        "RestartCount": 0,
        "Driver": "overlay2",
        "Platform": "linux",
        "MountLabel": "",
        "ProcessLabel": "",
        "AppArmorProfile": "docker-default",
        "ExecIDs": null,
        "HostConfig": {
            "Binds": null,
            "ContainerIDFile": "",
            "LogConfig": {
                "Type": "json-file",
                "Config": {}
            },
            "NetworkMode": "bridge",
            "PortBindings": {
                "4222/tcp": [
                    {
                        "HostIp": "127.0.0.1",
                        "HostPort": ""
                    }
                ]
            },
            "RestartPolicy": {
                "Name": "no",
                "MaximumRetryCount": 0
            },
            "AutoRemove": false,
            "VolumeDriver": "",
            "VolumesFrom": null,
            "ConsoleSize": [
                0,
                0
            ],
            "CapAdd": null,
            "CapDrop": null,
            "CgroupnsMode": "private",
            "Dns": [],
            "DnsOptions": [],
            "DnsSearch": [],
            "ExtraHosts": null,
            "GroupAdd": null,
            "IpcMode": "private",
            "Cgroup": "",
            "Links": null,
            "OomScoreAdj": 0,
            "PidMode": "",
            "Privileged": false,
            "PublishAllPorts": false,
            "ReadonlyRootfs": false,
            "SecurityOpt": null,
            "UTSMode": "",
            "UsernsMode": "",
            "ShmSize": 67108864,
            "Runtime": "runc",
            "Isolation": "",
            "CpuShares": 0,
            "Memory": 0,
            "NanoCpus": 0,
            "CgroupParent": "",
            "BlkioWeight": 0,
            "BlkioWeightDevice": [],
            "BlkioDeviceReadBps": [],
            "BlkioDeviceWriteBps": [],
            "BlkioDeviceReadIOps": [],
            "BlkioDeviceWriteIOps": [],
            "CpuPeriod": 0,
            "CpuQuota": 0,
            "CpuRealtimePeriod": 0,
            "CpuRealtimeRuntime": 0,
            "CpusetCpus": "",
            "CpusetMems": "",
            "Devices": [],
            "DeviceCgroupRules": null,
            "DeviceRequests": null,
            "MemoryReservation": 0,
            "MemorySwap": 0,
            "MemorySwappiness": null,
            "OomKillDisable": null,
            "PidsLimit": null,
            "Ulimits": [],
            "CpuCount": 0,
            "CpuPercent": 0,
            "IOMaximumIOps": 0,
            "IOMaximumBandwidth": 0,
            "MaskedPaths": [
                "/proc/asound",
                "/proc/acpi",
                "/proc/interrupts",
                "/proc/kcore",
                "/proc/keys",
                "/proc/latency_stats",
                "/proc/timer_list",
                "/proc/timer_stats",
                "/proc/sched_debug",
                "/proc/scsi",
                "/sys/firmware",
                "/sys/devices/virtual/powercap",
                "/sys/devices/system/cpu/cpu0/thermal_throttle",
                "/sys/devices/system/cpu/cpu1/thermal_throttle",
                "/sys/devices/system/cpu/cpu2/thermal_throttle",
                "/sys/devices/system/cpu/cpu3/thermal_throttle",
                "/sys/devices/system/cpu/cpu4/thermal_throttle",
                "/sys/devices/system/cpu/cpu5/thermal_throttle",
                "/sys/devices/system/cpu/cpu6/thermal_throttle",
                "/sys/devices/system/cpu/cpu7/thermal_throttle"
            ],
            "ReadonlyPaths": [
                "/proc/bus",
                "/proc/fs",
                "/proc/irq",
                "/proc/sys",
                "/proc/sysrq-trigger"
            ]
        },
        "GraphDriver": {
            "Data": {
                "ID": "447e81e821aaa52769181e1b735f80ad4cfbbaf2673ffc7d8640438dd4830a48",
                "LowerDir": "/var/lib/docker/overlay2/f6d62695be822971eb6c971e1f3c3cd653a34fc6cb4a331756f22dc5ba888b27-init/diff:/var/lib/docker/overlay2/be3876b53ada25ba31bd32fb794daa0685790ebaa634370ff05b6d3535ec49eb/diff:/var/lib/docker/overlay2/3492c592244cabbc989d8c6eb7e384501b1b3eaa0cff163320f8c8d2416e1b7c/diff:/var/lib/docker/overlay2/e6134d5a4ab8704e566b4059f47fa2344c0ebaabad7f835508bc33599a8c733d/diff:/var/lib/docker/overlay2/563e7a93ca1a55b07d11a35960ffcad62fabac777f45523723ebb4dc8472eae2/diff",
                "MergedDir": "/var/lib/docker/overlay2/f6d62695be822971eb6c971e1f3c3cd653a34fc6cb4a331756f22dc5ba888b27/merged",
                "UpperDir": "/var/lib/docker/overlay2/f6d62695be822971eb6c971e1f3c3cd653a34fc6cb4a331756f22dc5ba888b27/diff",
                "WorkDir": "/var/lib/docker/overlay2/f6d62695be822971eb6c971e1f3c3cd653a34fc6cb4a331756f22dc5ba888b27/work"
            },
            "Name": "overlay2"
        },
        "Mounts": [],
        "Config": {
            "Hostname": "447e81e821aa",
            "Domainname": "",
            "User": "",
            "AttachStdin": false,
            "AttachStdout": false,
            "AttachStderr": false,
            "ExposedPorts": {
                "4222/tcp": {},
                "6222/tcp": {},
                "8222/tcp": {}
            },
            "Tty": false,
            "OpenStdin": false,
            "StdinOnce": false,
            "Env": [
                "PATH=/usr/local/sbin:/usr/local/bin:/usr/sbin:/usr/bin:/sbin:/bin",
                "NATS_SERVER=2.10.29"
            ],
            "Cmd": [
                "-js",
                "-sd",
                "/data"
            ],
            "Image": "nats:2.10-alpine",
            "Volumes": null,
            "WorkingDir": "/",
            "Entrypoint": [
                "docker-entrypoint.sh"
            ],
            "OnBuild": null,
            "Labels": {
                "wamn.proof": "native-c-advisory-reader-001"
            }
        },
        "NetworkSettings": {
            "Bridge": "",
            "SandboxID": "15b001453a6ea005ad1756894e7fcb8a034662198d66ef790e9b384a203e3bc6",
            "SandboxKey": "/var/run/docker/netns/15b001453a6e",
            "Ports": {
                "4222/tcp": [
                    {
                        "HostIp": "127.0.0.1",
                        "HostPort": "32969"
                    }
                ],
                "6222/tcp": null,
                "8222/tcp": null
            },
            "HairpinMode": false,
            "LinkLocalIPv6Address": "",
            "LinkLocalIPv6PrefixLen": 0,
            "SecondaryIPAddresses": null,
            "SecondaryIPv6Addresses": null,
            "EndpointID": "82ed91d04a28280875cd41de0ef8da6f69c1943a0bf7bb6a324cd41ea9661a75",
            "Gateway": "172.17.0.1",
            "GlobalIPv6Address": "",
            "GlobalIPv6PrefixLen": 0,
            "IPAddress": "172.17.0.2",
            "IPPrefixLen": 16,
            "IPv6Gateway": "",
            "MacAddress": "4a:91:53:b7:fc:2b",
            "Networks": {
                "bridge": {
                    "IPAMConfig": null,
                    "Links": null,
                    "Aliases": null,
                    "MacAddress": "4a:91:53:b7:fc:2b",
                    "DriverOpts": null,
                    "GwPriority": 0,
                    "NetworkID": "29de753b47ff04037595aa0ad9a3064a2f384fa0ec7c5e87fe785b84d440f82c",
                    "EndpointID": "82ed91d04a28280875cd41de0ef8da6f69c1943a0bf7bb6a324cd41ea9661a75",
                    "Gateway": "172.17.0.1",
                    "IPAddress": "172.17.0.2",
                    "IPPrefixLen": 16,
                    "IPv6Gateway": "",
                    "GlobalIPv6Address": "",
                    "GlobalIPv6PrefixLen": 0,
                    "DNSNames": null
                }
            }
        }
    }
]
