2026-09-10T02:27:55Z env CARGO_TARGET_DIR=/home/kaalin/.cache/wamn-lanes/generated-tui-20260908/target RUSTC_WRAPPER= /home/kaalin/.cache/wamn-lanes/generated-tui-20260908/tools/build-components m1 
2026-09-10T02:28:03Z env CARGO_TARGET_DIR=/home/kaalin/.cache/wamn-lanes/generated-tui-20260908/target RUSTC_WRAPPER= cargo build --locked -p wamn-host -p wamn-ctl -p wamn-cdc-reader -p wamn-scenario-worker 
2026-09-10T02:28:05Z docker build --platform=linux/amd64 --provenance=false --file /tmp/tmp.4YeiPycPJd/host-image/Dockerfile --tag wamn-host:wms-6f198834dad5-298045-debug /tmp/tmp.4YeiPycPJd/host-image 
2026-09-10T02:28:09Z kind create cluster --name wamn-wms-journey --config /tmp/tmp.4YeiPycPJd/kind-config.yaml --kubeconfig /tmp/tmp.4YeiPycPJd/kubeconfig 
2026-09-10T02:28:53Z kubectl --kubeconfig /tmp/tmp.4YeiPycPJd/kubeconfig --context kind-wamn-wms-journey wait --for=condition=Ready nodes --all --timeout=180s 
2026-09-10T02:29:09Z kubectl --kubeconfig /tmp/tmp.4YeiPycPJd/kubeconfig --context kind-wamn-wms-journey create namespace wamn-wms-journey 
2026-09-10T02:29:10Z kind load docker-image wamn-host:wms-6f198834dad5-298045-debug --name wamn-wms-journey 
2026-09-10T02:30:18Z htpasswd \<credential-bearing\ arguments\ redacted\> 
2026-09-10T02:30:23Z postgres \<credential-bearing\ arguments\ redacted\> 
2026-09-10T02:30:25Z docker run --detach --name wamn-wms-registry-6f198834dad5-298045 --network kind --env REGISTRY_AUTH=htpasswd --env REGISTRY_AUTH_HTPASSWD_REALM=WAMN\ WMS\ cluster\ journey --env REGISTRY_AUTH_HTPASSWD_PATH=/auth/htpasswd --volume /tmp/tmp.4YeiPycPJd/htpasswd:/auth/htpasswd:ro registry:2 
2026-09-10T02:30:26Z docker run --detach --name wamn-wms-nats-6f198834dad5-298045 --network kind nats:2.10-alpine --jetstream --store_dir /data --http_port 8222 
2026-09-10T02:30:27Z minio \<credential-bearing\ arguments\ redacted\> 
2026-09-10T02:30:35Z minio-bucket \<credential-bearing\ arguments\ redacted\> 
2026-09-10T02:30:38Z install-control-owner \<credential-bearing\ arguments\ redacted\> 
2026-09-10T02:30:38Z install-control-store \<credential-bearing\ arguments\ redacted\> 
2026-09-10T02:30:38Z converge-public-floor \<credential-bearing\ arguments\ redacted\> 
2026-09-10T02:30:39Z provision-org \<credential-bearing\ arguments\ redacted\> 
2026-09-10T02:30:39Z provision-project-env \<credential-bearing\ arguments\ redacted\> 
2026-09-10T02:30:39Z apply-role-sql \<credential-bearing\ arguments\ redacted\> 
2026-09-10T02:30:39Z create-project-database \<credential-bearing\ arguments\ redacted\> 
2026-09-10T02:30:40Z apply-privilege-sql \<credential-bearing\ arguments\ redacted\> 
2026-09-10T02:30:40Z install-catalog-schema \<credential-bearing\ arguments\ redacted\> 
2026-09-10T02:30:40Z install-app-schema \<credential-bearing\ arguments\ redacted\> 
2026-09-10T02:30:40Z reconcile-run-plane \<credential-bearing\ arguments\ redacted\> 
2026-09-10T02:30:41Z prepare-guest \<credential-bearing\ arguments\ redacted\> 
2026-09-10T02:30:43Z prepare-executor-platform \<credential-bearing\ arguments\ redacted\> 
2026-09-10T02:30:46Z prepare-event-materializer \<credential-bearing\ arguments\ redacted\> 
2026-09-10T02:30:48Z prepare-http-admitter \<credential-bearing\ arguments\ redacted\> 
2026-09-10T02:30:51Z prepare-identity-reader \<credential-bearing\ arguments\ redacted\> 
2026-09-10T02:30:54Z prepare-control-author \<credential-bearing\ arguments\ redacted\> 
2026-09-10T02:30:55Z prepare-management-admitter \<credential-bearing\ arguments\ redacted\> 
2026-09-10T02:30:58Z apply-package \<credential-bearing\ arguments\ redacted\> 
2026-09-10T02:30:59Z reconcile-package-data-access \<credential-bearing\ arguments\ redacted\> 
2026-09-10T02:30:59Z push-component\ wms \<credential-bearing\ arguments\ redacted\> 
2026-09-10T02:31:13Z push-component\ label-render \<credential-bearing\ arguments\ redacted\> 
2026-09-10T02:31:15Z push-component\ blob-put \<credential-bearing\ arguments\ redacted\> 
2026-09-10T02:31:22Z author-wiring\ inventory_adjust \<credential-bearing\ arguments\ redacted\> 
2026-09-10T02:31:22Z author-wiring\ inventory_aggregate \<credential-bearing\ arguments\ redacted\> 
2026-09-10T02:31:23Z author-wiring\ inventory_merge \<credential-bearing\ arguments\ redacted\> 
2026-09-10T02:31:23Z author-wiring\ inventory_move \<credential-bearing\ arguments\ redacted\> 
2026-09-10T02:31:24Z author-wiring\ inventory_move_and_label \<credential-bearing\ arguments\ redacted\> 
2026-09-10T02:31:24Z author-wiring\ inventory_split \<credential-bearing\ arguments\ redacted\> 
2026-09-10T02:31:25Z author-wiring\ pallet_get \<credential-bearing\ arguments\ redacted\> 
2026-09-10T02:31:26Z author-wiring\ pallet_query \<credential-bearing\ arguments\ redacted\> 
2026-09-10T02:31:26Z publish-release \<credential-bearing\ arguments\ redacted\> 
2026-09-10T02:31:27Z bind-connection \<credential-bearing\ arguments\ redacted\> 
2026-09-10T02:31:27Z push-release-manifest \<credential-bearing\ arguments\ redacted\> 
2026-09-10T02:31:28Z seed-fixture-rows \<credential-bearing\ arguments\ redacted\> 
2026-09-10T02:31:28Z kubectl --kubeconfig /tmp/tmp.4YeiPycPJd/kubeconfig --context kind-wamn-wms-journey apply -f /tmp/tmp.4YeiPycPJd/route-caller-pat-kube.json 
2026-09-10T02:31:29Z env DOCKER_CONFIG=\<private-registry-directory\> /home/kaalin/.cache/wamn-lanes/generated-tui-20260908/.tools/wash/2.9.0/wash -o json oci push --insecure 172.28.0.12:5000/wamn/flow-http:wms-6f198834dad5-298045-debug /home/kaalin/.cache/wamn-lanes/generated-tui-20260908/target/wasm32-wasip2/release/http_route.wasm 
2026-09-10T02:31:30Z env DOCKER_CONFIG=\<private-registry-directory\> /home/kaalin/.cache/wamn-lanes/generated-tui-20260908/.tools/wash/2.9.0/wash -o json oci push --insecure 172.28.0.12:5000/wamn/materializer:wms-6f198834dad5-298045-debug /home/kaalin/.cache/wamn-lanes/generated-tui-20260908/target/wasm32-wasip2/release/materializer.wasm 
2026-09-10T02:31:30Z enable-cdc-project-env \<credential-bearing\ arguments\ redacted\> 
2026-09-10T02:31:31Z apply-cdc-role \<credential-bearing\ arguments\ redacted\> 
2026-09-10T02:31:31Z apply-cdc-stream \<credential-bearing\ arguments\ redacted\> 
2026-09-10T02:31:31Z prepare-registry-reader \<credential-bearing\ arguments\ redacted\> 
2026-09-10T02:31:34Z env WAMN_SYSTEM_URL=\<registry-reader\ credential\ redacted\> WAMN_CDC_URL=\<replication\ credential\ redacted\> /home/kaalin/.cache/wamn-lanes/generated-tui-20260908/target/debug/wamn-cdc-reader --log-level info --org acme --project wms --env dev --nats-url nats://172.28.0.13:4222 --sslmode disable --stream-replicas 1 --dup-window-secs 120 --feedback-secs 1 --stall-threshold-secs 30 --slot-poll-secs 0 --slot-safe-wal-warn-bytes 268435456 
2026-09-10T02:31:35Z print-release-env \<credential-bearing\ arguments\ redacted\> 
2026-09-10T02:31:36Z kubectl --kubeconfig /tmp/tmp.4YeiPycPJd/kubeconfig --context kind-wamn-wms-journey apply -f /tmp/tmp.4YeiPycPJd/host-secrets/guest-sql.json 
2026-09-10T02:31:36Z kubectl --kubeconfig /tmp/tmp.4YeiPycPJd/kubeconfig --context kind-wamn-wms-journey apply -f /tmp/tmp.4YeiPycPJd/host-secrets/executor-platform.json 
2026-09-10T02:31:38Z kubectl --kubeconfig /tmp/tmp.4YeiPycPJd/kubeconfig --context kind-wamn-wms-journey apply -f /tmp/tmp.4YeiPycPJd/host-secrets/identity-reader.json 
2026-09-10T02:31:39Z kubectl --kubeconfig /tmp/tmp.4YeiPycPJd/kubeconfig --context kind-wamn-wms-journey apply -f /tmp/tmp.4YeiPycPJd/host-secrets/http-admitter.json 
2026-09-10T02:31:39Z kubectl --kubeconfig /tmp/tmp.4YeiPycPJd/kubeconfig --context kind-wamn-wms-journey apply -f /tmp/tmp.4YeiPycPJd/host-secrets/event-materializer.json 
2026-09-10T02:31:40Z apply-credentials-secret \<credential-bearing\ arguments\ redacted\> 
2026-09-10T02:31:41Z kubectl --kubeconfig /tmp/tmp.4YeiPycPJd/kubeconfig --context kind-wamn-wms-journey -n wamn-wms-journey create secret generic wamn-registry-pull --type=kubernetes.io/dockerconfigjson --from-file=.dockerconfigjson=\<redacted\> --dry-run=client -o yaml 
2026-09-10T02:31:41Z kubectl --kubeconfig /tmp/tmp.4YeiPycPJd/kubeconfig --context kind-wamn-wms-journey apply -f /tmp/tmp.4YeiPycPJd/registry-pull.yaml 
2026-09-10T02:31:41Z kubectl --kubeconfig /tmp/tmp.4YeiPycPJd/kubeconfig --context kind-wamn-wms-journey apply -f /home/kaalin/.cache/wamn-lanes/generated-tui-20260908/deploy/infra/cert-manager.yaml 
2026-09-10T02:31:47Z kubectl --kubeconfig /tmp/tmp.4YeiPycPJd/kubeconfig --context kind-wamn-wms-journey -n cert-manager wait --for=condition=Available deployment --all --timeout=240s 
2026-09-10T02:32:03Z helm upgrade --install --create-namespace --kubeconfig /tmp/tmp.4YeiPycPJd/kubeconfig --kube-context kind-wamn-wms-journey --namespace wamn-system wamn oci://ghcr.io/wasmcloud/charts/runtime-operator --version 2.9.0 -f /home/kaalin/.cache/wamn-lanes/generated-tui-20260908/deploy/infra/values-wamn.yaml -f /tmp/tmp.4YeiPycPJd/operator-values.yaml --wait --timeout 5m 
2026-09-10T02:32:39Z kubectl --kubeconfig /tmp/tmp.4YeiPycPJd/kubeconfig --context kind-wamn-wms-journey -n wamn-system get deployment runtime-operator -o json 
2026-09-10T02:32:39Z kubectl --kubeconfig /tmp/tmp.4YeiPycPJd/kubeconfig --context kind-wamn-wms-journey apply -f /tmp/tmp.4YeiPycPJd/runtime-operator-events-rbac.yaml 
2026-09-10T02:32:39Z kubectl --kubeconfig /tmp/tmp.4YeiPycPJd/kubeconfig --context kind-wamn-wms-journey -n wamn-wms-journey get role wamn-runtime-operator-events -o json 
2026-09-10T02:32:40Z kubectl --kubeconfig /tmp/tmp.4YeiPycPJd/kubeconfig --context kind-wamn-wms-journey -n wamn-wms-journey get rolebinding wamn-runtime-operator-events -o json 
2026-09-10T02:32:40Z kubectl --kubeconfig /tmp/tmp.4YeiPycPJd/kubeconfig --context kind-wamn-wms-journey apply -f /home/kaalin/.cache/wamn-lanes/generated-tui-20260908/deploy/infra/tempo.yaml 
2026-09-10T02:32:42Z kubectl --kubeconfig /tmp/tmp.4YeiPycPJd/kubeconfig --context kind-wamn-wms-journey apply -f /home/kaalin/.cache/wamn-lanes/generated-tui-20260908/deploy/infra/otel-collector.yaml 
2026-09-10T02:32:43Z kubectl --kubeconfig /tmp/tmp.4YeiPycPJd/kubeconfig --context kind-wamn-wms-journey -n wamn-system wait --for=condition=Available deployment/tempo deployment/otel-collector --timeout=120s 
2026-09-10T02:32:54Z kubectl --kubeconfig /tmp/tmp.4YeiPycPJd/kubeconfig --context kind-wamn-wms-journey apply -f /tmp/tmp.4YeiPycPJd/wasmcloud-ca-copy.json 
2026-09-10T02:32:54Z kubectl --kubeconfig /tmp/tmp.4YeiPycPJd/kubeconfig --context kind-wamn-wms-journey apply -f /home/kaalin/.cache/wamn-lanes/generated-tui-20260908/deploy/infra/wasmcloud-ca-issuer.yaml 
2026-09-10T02:32:55Z kubectl --kubeconfig /tmp/tmp.4YeiPycPJd/kubeconfig --context kind-wamn-wms-journey wait --for=condition=Ready clusterissuer/wasmcloud-ca --timeout=60s 
2026-09-10T02:32:55Z kubectl --kubeconfig /tmp/tmp.4YeiPycPJd/kubeconfig --context kind-wamn-wms-journey apply -f /tmp/tmp.4YeiPycPJd/host-environment-certs.yaml 
2026-09-10T02:32:55Z kubectl --kubeconfig /tmp/tmp.4YeiPycPJd/kubeconfig --context kind-wamn-wms-journey -n wamn-wms-journey wait --for=condition=Ready certificate/wasmcloud-runtime-tls certificate/wasmcloud-data-tls --timeout=120s 
2026-09-10T02:32:56Z helm upgrade --install --kubeconfig /tmp/tmp.4YeiPycPJd/kubeconfig --kube-context kind-wamn-wms-journey --namespace wamn-wms-journey wamn-host oci://ghcr.io/wasmcloud/charts/runtime-operator --version 2.9.0 -f /tmp/tmp.4YeiPycPJd/host-base.yaml -f /tmp/tmp.4YeiPycPJd/host-overlay.yaml --wait --timeout 5m 
2026-09-10T02:34:00Z kubectl --kubeconfig /tmp/tmp.4YeiPycPJd/kubeconfig --context kind-wamn-wms-journey -n wamn-wms-journey rollout status deployment/hostgroup-default --timeout=240s 
2026-09-10T02:34:01Z kubectl --kubeconfig /tmp/tmp.4YeiPycPJd/kubeconfig --context kind-wamn-wms-journey apply -f /tmp/tmp.4YeiPycPJd/flow-http.yaml 
2026-09-10T02:34:01Z kubectl --kubeconfig /tmp/tmp.4YeiPycPJd/kubeconfig --context kind-wamn-wms-journey -n wamn-wms-journey wait --for=condition=Ready workloaddeployment/flow-http --timeout=240s 
2026-09-10T02:34:11Z kubectl --kubeconfig /tmp/tmp.4YeiPycPJd/kubeconfig --context kind-wamn-wms-journey apply -f /tmp/tmp.4YeiPycPJd/flow-http-reachability.yaml 
2026-09-10T02:34:12Z kubectl --kubeconfig /tmp/tmp.4YeiPycPJd/kubeconfig --context kind-wamn-wms-journey -n wamn-wms-journey wait --for=condition=Complete job/flow-http-reachability --timeout=90s 
2026-09-10T02:34:17Z kubectl --kubeconfig /tmp/tmp.4YeiPycPJd/kubeconfig --context kind-wamn-wms-journey apply -f /tmp/tmp.4YeiPycPJd/flow-http-nodeport.yaml 
2026-09-10T02:34:21Z cargo test wms_runtime_live::contention_and_replay_through_the_composed_route \<journey\ document\ with\ the\ runtime\ phase\ redacted\> 
2026-09-10T02:34:24Z cargo test wms_runtime_live::the_remaining_operations_serve_their_released_routes \<journey\ document\ with\ the\ runtime\ phase\ redacted\> 
2026-09-10T02:34:30Z remove-partial-labels-bucket \<credential-bearing\ arguments\ redacted\> 
2026-09-10T02:34:33Z cargo test wms_runtime_live::committed_move_survives_label_store_failure \<journey\ document\ with\ the\ runtime\ phase\ redacted\> 
2026-09-10T02:34:37Z restore-partial-labels-bucket \<credential-bearing\ arguments\ redacted\> 
2026-09-10T02:34:38Z read-partial-committed-rows \<credential-bearing\ arguments\ redacted\> 
2026-09-10T02:34:39Z kubectl --kubeconfig /tmp/tmp.4YeiPycPJd/kubeconfig --context kind-wamn-wms-journey -n wamn-wms-journey delete service flow-http-nodeport 
2026-09-10T02:34:40Z kubectl --kubeconfig /tmp/tmp.4YeiPycPJd/kubeconfig --context kind-wamn-wms-journey -n wamn-wms-journey delete endpointslice flow-http-nodeport 
2026-09-10T02:34:41Z kubectl --kubeconfig /tmp/tmp.4YeiPycPJd/kubeconfig --context kind-wamn-wms-journey apply -f /tmp/tmp.4YeiPycPJd/materializer.yaml 
2026-09-10T02:34:42Z kubectl --kubeconfig /tmp/tmp.4YeiPycPJd/kubeconfig --context kind-wamn-wms-journey -n wamn-wms-journey wait --for=condition=Ready workloaddeployment/wms-materializer --timeout=240s 
2026-09-10T02:35:05Z kubectl --kubeconfig /tmp/tmp.4YeiPycPJd/kubeconfig --context kind-wamn-wms-journey apply -f /tmp/tmp.4YeiPycPJd/cross-environment-workload.json 
2026-09-10T02:35:05Z kubectl --kubeconfig /tmp/tmp.4YeiPycPJd/kubeconfig --context kind-wamn-wms-journey -n wamn-wms-journey wait --for=condition=HostSelection=False workload/flow-http-cross-environment --timeout=240s 
2026-09-10T02:35:05Z kubectl --kubeconfig /tmp/tmp.4YeiPycPJd/kubeconfig --context kind-wamn-wms-journey -n wamn-wms-journey get workload flow-http-cross-environment -o json 
2026-09-10T02:35:06Z timeout 240s kubectl --kubeconfig /tmp/tmp.4YeiPycPJd/kubeconfig --context kind-wamn-wms-journey -n wamn-wms-journey get events.events.k8s.io --field-selector regarding.uid=530da762-c3e2-4808-b5f5-8c651463ad32 --watch --output-watch-events -o json 
2026-09-10T02:35:06Z kubectl --kubeconfig /tmp/tmp.4YeiPycPJd/kubeconfig --context kind-wamn-wms-journey auth can-i create events.events.k8s.io --namespace wamn-wms-journey --as system:serviceaccount:wamn-system:wamn-runtime-operator 
2026-09-10T02:35:06Z kubectl --kubeconfig /tmp/tmp.4YeiPycPJd/kubeconfig --context kind-wamn-wms-journey auth can-i patch events.events.k8s.io --namespace wamn-wms-journey --as system:serviceaccount:wamn-system:wamn-runtime-operator 
2026-09-10T02:35:06Z kubectl --kubeconfig /tmp/tmp.4YeiPycPJd/kubeconfig --context kind-wamn-wms-journey auth can-i get events.events.k8s.io --namespace wamn-wms-journey --as system:serviceaccount:wamn-system:wamn-runtime-operator 
2026-09-10T02:35:07Z kubectl --kubeconfig /tmp/tmp.4YeiPycPJd/kubeconfig --context kind-wamn-wms-journey auth can-i list events.events.k8s.io --namespace wamn-wms-journey --as system:serviceaccount:wamn-system:wamn-runtime-operator 
2026-09-10T02:35:07Z kubectl --kubeconfig /tmp/tmp.4YeiPycPJd/kubeconfig --context kind-wamn-wms-journey auth can-i watch events.events.k8s.io --namespace wamn-wms-journey --as system:serviceaccount:wamn-system:wamn-runtime-operator 
2026-09-10T02:35:07Z kubectl --kubeconfig /tmp/tmp.4YeiPycPJd/kubeconfig --context kind-wamn-wms-journey auth can-i update events.events.k8s.io --namespace wamn-wms-journey --as system:serviceaccount:wamn-system:wamn-runtime-operator 
2026-09-10T02:35:08Z kubectl --kubeconfig /tmp/tmp.4YeiPycPJd/kubeconfig --context kind-wamn-wms-journey auth can-i delete events.events.k8s.io --namespace wamn-wms-journey --as system:serviceaccount:wamn-system:wamn-runtime-operator 
2026-09-10T02:35:08Z kubectl --kubeconfig /tmp/tmp.4YeiPycPJd/kubeconfig --context kind-wamn-wms-journey auth can-i deletecollection events.events.k8s.io --namespace wamn-wms-journey --as system:serviceaccount:wamn-system:wamn-runtime-operator 
2026-09-10T02:35:08Z kill -TERM 318227 
2026-09-10T02:35:08Z kind delete cluster --name wamn-wms-journey 
2026-09-10T02:35:14Z docker rm --force --volumes wamn-wms-pg18-6f198834dad5-298045 
2026-09-10T02:35:15Z docker rm --force --volumes wamn-wms-registry-6f198834dad5-298045 
2026-09-10T02:35:15Z docker rm --force --volumes wamn-wms-nats-6f198834dad5-298045 
2026-09-10T02:35:15Z docker rm --force --volumes wamn-wms-minio-6f198834dad5-298045 
2026-09-10T02:35:16Z docker image rm wamn-host:wms-6f198834dad5-298045-debug 
2026-09-10T02:35:16Z rm -rf -- /tmp/tmp.4YeiPycPJd 
