{
    "apiVersion": "v1",
    "items": [
        {
            "apiVersion": "runtime.wasmcloud.dev/v1alpha1",
            "environment": "wamn-receiving-journey",
            "hostId": "43b2147d-0b3b-4fcc-83c8-6fd39a5c0ca2",
            "hostname": "10.244.2.6",
            "httpPort": 80,
            "kind": "Host",
            "metadata": {
                "creationTimestamp": "2026-09-09T16:53:12Z",
                "finalizers": [
                    "runtime.wasmcloud.dev/host-finalizer"
                ],
                "generation": 1,
                "labels": {
                    "hostgroup": "default"
                },
                "name": "big-glass-0882",
                "namespace": "wamn-system",
                "resourceVersion": "2171",
                "uid": "bb88c6f4-3846-41bb-b7af-c46e9fa59dea"
            },
            "status": {
                "componentCount": 1,
                "conditions": [
                    {
                        "lastTransitionTime": "2026-09-09T16:57:22Z",
                        "message": "context deadline exceeded",
                        "reason": "Reconcile",
                        "status": "False",
                        "type": "Reporting"
                    },
                    {
                        "lastTransitionTime": "2026-09-09T16:57:41Z",
                        "message": "status unknown: host has not reported recently, but the operator has not been hearing the fleet for 1m0s",
                        "reason": "Reconcile",
                        "status": "Unknown",
                        "type": "Ready"
                    }
                ],
                "lastSeen": "2026-09-09T16:56:14Z",
                "osArch": "x86_64",
                "osKernel": "unix",
                "osName": "linux",
                "systemCPUUsage": "9.213615",
                "systemMemoryFree": 2739978240,
                "systemMemoryTotal": 65437421568,
                "version": "2.9.0",
                "workloadCount": 1
            }
        },
        {
            "apiVersion": "runtime.wasmcloud.dev/v1alpha1",
            "environment": "wamn-receiving-journey",
            "hostId": "2e00ceef-1953-403a-9189-3a449eaa3828",
            "hostname": "10.244.1.6",
            "httpPort": 80,
            "kind": "Host",
            "metadata": {
                "creationTimestamp": "2026-09-09T16:53:13Z",
                "finalizers": [
                    "runtime.wasmcloud.dev/host-finalizer"
                ],
                "generation": 1,
                "labels": {
                    "hostgroup": "default"
                },
                "name": "symptomatic-arm-7773",
                "namespace": "wamn-system",
                "resourceVersion": "2200",
                "uid": "da3e973a-4738-4659-bf6a-9326a0ee736d"
            },
            "status": {
                "conditions": [
                    {
                        "lastTransitionTime": "2026-09-09T16:57:35Z",
                        "message": "context deadline exceeded",
                        "reason": "Reconcile",
                        "status": "False",
                        "type": "Reporting"
                    },
                    {
                        "lastTransitionTime": "2026-09-09T16:57:54Z",
                        "message": "status unknown: host has not reported recently, but the operator has not been hearing the fleet for 1m0s",
                        "reason": "Reconcile",
                        "status": "Unknown",
                        "type": "Ready"
                    }
                ],
                "lastSeen": "2026-09-09T16:56:15Z",
                "osArch": "x86_64",
                "osKernel": "unix",
                "osName": "linux",
                "systemCPUUsage": "9.428224",
                "systemMemoryFree": 2749591552,
                "systemMemoryTotal": 65437421568,
                "version": "2.9.0",
                "workloadCount": 1
            }
        },
        {
            "apiVersion": "runtime.wasmcloud.dev/v1alpha1",
            "environment": "wamn-receiving-journey",
            "hostId": "c3223c61-8b40-46e4-bf1d-702dae2cb943",
            "hostname": "10.244.1.5",
            "httpPort": 80,
            "kind": "Host",
            "metadata": {
                "creationTimestamp": "2026-09-09T16:53:12Z",
                "finalizers": [
                    "runtime.wasmcloud.dev/host-finalizer"
                ],
                "generation": 1,
                "labels": {
                    "hostgroup": "default"
                },
                "name": "tight-secretary-7554",
                "namespace": "wamn-system",
                "resourceVersion": "2185",
                "uid": "4fa79e44-9353-4739-93b1-6208e396dee1"
            },
            "status": {
                "conditions": [
                    {
                        "lastTransitionTime": "2026-09-09T16:57:28Z",
                        "message": "context deadline exceeded",
                        "reason": "Reconcile",
                        "status": "False",
                        "type": "Reporting"
                    },
                    {
                        "lastTransitionTime": "2026-09-09T16:57:48Z",
                        "message": "status unknown: host has not reported recently, but the operator has not been hearing the fleet for 1m0s",
                        "reason": "Reconcile",
                        "status": "Unknown",
                        "type": "Ready"
                    }
                ],
                "lastSeen": "2026-09-09T16:56:15Z",
                "osArch": "x86_64",
                "osKernel": "unix",
                "osName": "linux",
                "systemCPUUsage": "9.751665",
                "systemMemoryFree": 2749333504,
                "systemMemoryTotal": 65437421568,
                "version": "2.9.0"
            }
        }
    ],
    "kind": "List",
    "metadata": {
        "resourceVersion": ""
    }
}
