warning: function `canonical_serialized` is never used
   --> crates/catalog/model/src/lib.rs:791:4
    |
791 | fn canonical_serialized(value: &impl Serialize) -> Vec<u8> {
    |    ^^^^^^^^^^^^^^^^^^^^
    |
    = note: `#[warn(dead_code)]` (part of `#[warn(unused)]`) on by default

warning: `wamn-catalog` (lib) generated 1 warning
   Compiling wamn-platform-identity v0.1.0 (/home/kaalin/.cache/wamn-lanes/ctc8-15-session-foundation-20260908/crates/identity/platform)
warning: type does not implement `std::fmt::Debug`; consider adding `#[derive(Debug)]` or a manual implementation
  --> test-support/harness/src/ceiling.rs:72:1
   |
72 | / pub struct Ramp {
73 | |     tolerance: f64,
74 | |     max_levels: usize,
75 | |     levels: Vec<LevelStats>,
...  |
82 | |     retrying: bool,
83 | | }
   | |_^
   |
   = note: requested on the command line with `-W missing-debug-implementations`

warning: `wamn-gate-harness` (lib) generated 1 warning
   Compiling wamn-runtime v0.1.0 (/home/kaalin/.cache/wamn-lanes/ctc8-15-session-foundation-20260908/crates/platform/runtime)
warning: the item `Future` is imported redundantly
 --> crates/platform/runtime/src/connection_authority.rs:3:5
  |
3 | use std::future::Future;
  |     ^^^^^^^^^^^^^^^^^^^
  |
 --> /rustc/88d9e12ae178fab0fb5cc050a94da85685d449ea/library/std/src/prelude/mod.rs:166:12
  |
  = note: the item `Future` is already defined here
  |
  = note: requested on the command line with `-W redundant-imports`

warning: the item `Future` is imported redundantly
 --> crates/platform/runtime/src/plugins/wamn_postgres/pool.rs:7:5
  |
7 | use std::future::Future;
  |     ^^^^^^^^^^^^^^^^^^^
  |
 --> /rustc/88d9e12ae178fab0fb5cc050a94da85685d449ea/library/std/src/prelude/mod.rs:166:12
  |
  = note: the item `Future` is already defined here

warning: constant `HTTP_CONTRACT` is never used
  --> crates/platform/runtime/src/plugins/connection_http.rs:51:7
   |
51 | const HTTP_CONTRACT: &str = "wamn:connection/http@0.1.0";
   |       ^^^^^^^^^^^^^
   |
   = note: `#[warn(dead_code)]` (part of `#[warn(unused)]`) on by default

warning: type does not implement `std::fmt::Debug`; consider adding `#[derive(Debug)]` or a manual implementation
   --> crates/platform/runtime/src/plugins/connection_http.rs:111:1
    |
111 | / pub struct ConnectionHttp {
112 | |     postgres: Arc<WamnPostgres>,
113 | |     vault: Arc<WamnCredentials>,
114 | |     tenant: Box<str>,
...   |
130 | |     invocations: std::sync::RwLock<HashMap<String, ConnectionInvocation>>,
131 | | }
    | |_^
    |
    = note: requested on the command line with `-W missing-debug-implementations`

warning: type does not implement `std::fmt::Debug`; consider adding `#[derive(Debug)]` or a manual implementation
  --> crates/platform/runtime/src/plugins/wamn_credentials.rs:27:1
   |
27 | / pub struct WamnCredentials {
28 | |     /// Whether ANY backing source was configured. Distinguishes `unavailable`
29 | |     /// (no source — retryable) from `not-found` (source present, name absent —
30 | |     /// config-shaped).
...  |
33 | |     projects: HashMap<String, HashMap<String, String>>,
34 | | }
   | |_^

warning: type does not implement `std::fmt::Debug`; consider adding `#[derive(Debug)]` or a manual implementation
   --> crates/platform/runtime/src/plugins/wamn_jetstream.rs:544:1
    |
544 | / pub struct WamnJetstream {
545 | |     nats_url: Option<String>,
546 | |     /// Lazily-connected, memoized JetStream context. A `Mutex<Option<_>>` (not a
547 | |     /// `OnceCell`) so a transient connect failure is retried on the next call
...   |
569 | |     dlq_depth: Arc<DeadLetterDepth>,
570 | | }
    | |_^

warning: type does not implement `std::fmt::Debug`; consider adding `#[derive(Debug)]` or a manual implementation
    --> crates/platform/runtime/src/plugins/wamn_jetstream.rs:1209:1
     |
1209 | / pub struct JsConsumer {
1210 | |     consumer: Consumer<PullConfig>,
1211 | |     dead_letter: Option<DeadLetterIdentity>,
1212 | | }
     | |_^

warning: type does not implement `std::fmt::Debug`; consider adding `#[derive(Debug)]` or a manual implementation
    --> crates/platform/runtime/src/plugins/wamn_jetstream.rs:1216:1
     |
1216 | / pub struct JsMessage {
1217 | |     msg: async_nats::jetstream::Message,
1218 | |     dead_letter: Option<DeadLetterIdentity>,
1219 | | }
     | |_^

warning: type does not implement `std::fmt::Debug`; consider adding `#[derive(Debug)]` or a manual implementation
   --> crates/platform/runtime/src/plugins/wamn_logging.rs:213:1
    |
213 | / pub struct Capture {
214 | |     records: std::sync::Mutex<Vec<CapturedRec>>,
215 | | }
    | |_^

warning: type does not implement `std::fmt::Debug`; consider adding `#[derive(Debug)]` or a manual implementation
   --> crates/platform/runtime/src/plugins/wamn_logging.rs:235:1
    |
235 | / pub struct WamnLogging {
236 | |     /// component id → host-trusted {tenant, project}.
237 | |     claims: std::sync::RwLock<HashMap<String, Claim>>,
238 | |     /// Bounded front queue; `try_send` keeps `log()` non-blocking.
...   |
243 | |     _drain: tokio::task::JoinHandle<()>,
244 | | }
    | |_^

warning: type does not implement `std::fmt::Debug`; consider adding `#[derive(Debug)]` or a manual implementation
   --> crates/platform/runtime/src/plugins/wamn_postgres/claims.rs:50:1
    |
 50 | / pub struct WamnPostgres {
 51 | |     /// Resolves a project id → its database connection + policy.
 52 | |     provider: Arc<dyn CredentialProvider>,
 53 | |     /// Guest-visible project pools, built lazily and never shared with host-owned
...   |
116 | |     pub(super) bind_counters: super::BindCounters,
117 | | }
    | |_^

warning: type does not implement `std::fmt::Debug`; consider adding `#[derive(Debug)]` or a manual implementation
   --> crates/platform/runtime/src/plugins/wamn_postgres/pool.rs:339:1
    |
339 | / pub struct StaticCredentialProvider {
340 | |     projects: HashMap<String, ProjectConfig>,
341 | | }
    | |_^

warning: type does not implement `std::fmt::Debug`; consider adding `#[derive(Debug)]` or a manual implementation
   --> crates/platform/runtime/src/plugins/wamn_postgres/pool.rs:514:1
    |
514 | / pub struct K8sSecretProvider {
515 | |     pub namespace: String,
516 | | }
    | |_^

warning: type does not implement `std::fmt::Debug`; consider adding `#[derive(Debug)]` or a manual implementation
   --> crates/platform/runtime/src/plugins/wamn_postgres/resources.rs:99:1
    |
 99 | / pub struct PgTransaction {
100 | |     state: SharedTxnState,
101 | |     destroyed: Arc<AtomicU64>,
102 | |     cursor_seq: u32,
103 | |     /// Row limit of the project this transaction's connection belongs to.
104 | |     row_limit: u64,
105 | | }
    | |_^

warning: type does not implement `std::fmt::Debug`; consider adding `#[derive(Debug)]` or a manual implementation
   --> crates/platform/runtime/src/plugins/wamn_postgres/resources.rs:145:1
    |
145 | / pub struct PgCursor {
146 | |     state: SharedTxnState,
147 | |     destroyed: Arc<AtomicU64>,
148 | |     name: String,
149 | | }
    | |_^

warning: type does not implement `std::fmt::Debug`; consider adding `#[derive(Debug)]` or a manual implementation
   --> crates/platform/runtime/src/wiring_doorbell.rs:145:1
    |
145 | / pub struct WiringDoorbellListener {
146 | |     shutdown: tokio::sync::watch::Sender<bool>,
147 | |     task: tokio::task::JoinHandle<()>,
148 | | }
    | |_^

   Compiling wamn-execution-host v0.1.0 (/home/kaalin/.cache/wamn-lanes/ctc8-15-session-foundation-20260908/crates/execution/host)
   Compiling wamn-proof-conformance v0.1.0 (/home/kaalin/.cache/wamn-lanes/ctc8-15-session-foundation-20260908/tests/conformance)
warning: type does not implement `Debug`; consider adding `#[derive(Debug)]` or a manual implementation
  --> tests/conformance/src/socketguard.rs:26:1
   |
26 | pub struct SocketGuardArgs {}
   | ^^^^^^^^^^^^^^^^^^^^^^^^^^^^^
   |
   = note: requested on the command line with `-W missing-debug-implementations`

warning: `wamn-proof-conformance` (lib) generated 1 warning
warning: `wamn-runtime` (lib) generated 16 warnings
warning: field `package_component_source` is never read
  --> tests/conformance/tests/workspace_tiers.rs:74:5
   |
70 | struct SourceInventory {
   |        --------------- field in this struct
...
74 |     package_component_source: String,
   |     ^^^^^^^^^^^^^^^^^^^^^^^^
   |
   = note: `SourceInventory` has a derived impl for the trait `Debug`, but this is intentionally ignored during dead code analysis
   = note: `#[warn(dead_code)]` (part of `#[warn(unused)]`) on by default

warning: fields `manifest_path`, `target_class`, and `bounded_context` are never read
   --> tests/conformance/tests/workspace_tiers.rs:151:5
    |
148 | struct PackageRole {
    |        ----------- fields in this struct
...
151 |     manifest_path: String,
    |     ^^^^^^^^^^^^^
152 |     role: Role,
153 |     target_class: String,
    |     ^^^^^^^^^^^^
154 |     bounded_context: String,
    |     ^^^^^^^^^^^^^^^
    |
    = note: `PackageRole` has a derived impl for the trait `Debug`, but this is intentionally ignored during dead code analysis

warning: `wamn-proof-conformance` (test "workspace_tiers") generated 2 warnings
    Finished `test` profile [unoptimized + debuginfo] target(s) in 10.03s
     Running tests/package_architecture.rs (target/debug/deps/package_architecture-8576c907d5841d38)

running 9 tests
test guest_to_native_contamination_is_rejected ... ok
test guest_to_native_transitive_contamination_is_rejected ... ok
test core_and_contract_to_concrete_effect_are_rejected ... ok
test accepted_edge_pin_cannot_waive_a_forbidden_edge ... ok
test peer_composition_root_import_is_rejected ... ok
test production_to_test_support_normal_and_build_edges_are_rejected ... ok
test undocumented_native_deployable_is_rejected ... ok
test real_workspaces_satisfy_package_architecture ... ok
test manifest_classifies_both_workspaces_and_non_cargo_release_inputs ... ok

test result: ok. 9 passed; 0 failed; 0 ignored; 0 measured; 0 filtered out; finished in 1.18s

     Running tests/profile_selectors.rs (target/debug/deps/profile_selectors-b3f4c0cbcc9ec498)

running 6 tests
test unknown_selector_modes_refuse_before_cargo ... ok
test profile_contract_matches_locked_metadata ... ok
test virtualization_allowlist_matches_component_metadata ... ok
test selector_tools_do_not_duplicate_canonical_package_inventory ... ok
test selector_tools_execute_exact_fake_cargo_argv ... ok
test component_build_normalizes_only_declared_artifacts_to_separate_outputs ... ok

test result: ok. 6 passed; 0 failed; 0 ignored; 0 measured; 0 filtered out; finished in 1.10s

     Running tests/protected_relations.rs (target/debug/deps/protected_relations-6a9f5317e21545ae)

running 2 tests
test control_author_sql_exposure_is_exact ... ok
test protected_relation_table_matches_declared_ownership ... ok

test result: ok. 2 passed; 0 failed; 0 ignored; 0 measured; 0 filtered out; finished in 0.00s

     Running tests/repo_lint.rs (target/debug/deps/repo_lint-4d2f38efc39f9871)

running 5 tests
test dry_run_is_side_effect_free_and_invalid_commands_are_refused ... ok
test repo_lint_reports_every_cargo_leg_when_the_static_leg_fails ... ok
test repo_lint_reports_every_leg_when_an_early_leg_fails ... ok
test repo_lint_returns_failure_when_the_last_leg_fails ... ok
test repo_lint_uses_cargo_owned_workspace_selection_from_any_directory ... ok

test result: ok. 5 passed; 0 failed; 0 ignored; 0 measured; 0 filtered out; finished in 0.20s

     Running tests/retained_root_outcomes.rs (target/debug/deps/retained_root_outcomes-43d092e3f54d2716)

running 1 test
test retained_root_map_exactly_covers_the_package_inventory ... ok

test result: ok. 1 passed; 0 failed; 0 ignored; 0 measured; 0 filtered out; finished in 0.07s

     Running tests/workspace_tiers.rs (target/debug/deps/workspace_tiers-51edea624737c3ad)

running 9 tests
test release_tier_requires_sr17_sr26_identity_join ... ok
test workspace_tier_helper_refuses_invalid_and_empty_selections ... ok
test workspace_tier_helper_list_matches_manifest ... ok
test workspace_tier_helper_runs_safely_outside_repository ... ok
test workspace_tier_helper_dry_run_matches_manifest ... ok
test bare_cargo_commands_select_exact_defaults_and_workspace_remains_exhaustive ... ok
test workspace_tier_helper_full_plans_cover_both_workspaces ... ok
test workspace_tier_membership_matches_live_classification ... ok
test workspace_tier_inventory_matches_live_cargo_metadata ... ok

test result: ok. 9 passed; 0 failed; 0 ignored; 0 measured; 0 filtered out; finished in 2.17s

