{
  "summary": {
    "successRate": 1.0,
    "total": 10.011075795,
    "slowest": 0.056179442,
    "fastest": 0.000332419,
    "average": 0.0066693363970232004,
    "requestsPerSec": 9576.593161734223,
    "totalData": 3449088,
    "sizePerRequest": 36,
    "sizePerSec": 344527.2087264224
  },
  "metrics": {
    "success_rate": 1.0,
    "requests_per_sec": 9576.593161734223,
    "latency_ms": {
      "min": 0.332,
      "mean": 6.669,
      "p50": 5.877,
      "p95": 13.985,
      "p99": 19.775,
      "max": 56.179
    }
  },
  "responseTimeHistogram": {
    "0.000332419": 1,
    "0.0059171213": 48456,
    "0.0115018236": 37706,
    "0.0170865259": 7659,
    "0.0226712282": 1493,
    "0.028255930500000002": 333,
    "0.0338406328": 122,
    "0.0394253351": 25,
    "0.0450100374": 9,
    "0.0505947397": 2,
    "0.056179442": 2
  },
  "latencyPercentiles": {
    "p10": 0.002771225,
    "p25": 0.004104554,
    "p50": 0.005876577,
    "p75": 0.008354948,
    "p90": 0.011524862,
    "p95": 0.013984634,
    "p99": 0.019774842,
    "p99.9": 0.029644454,
    "p99.99": 0.041542354
  },
  "firstByteHistogram": {
    "0.000329324": 1,
    "0.0058677453": 47994,
    "0.011406166600000002": 38033,
    "0.016944587900000002": 7748,
    "0.0224830092": 1532,
    "0.0280214305": 343,
    "0.033559851800000005": 117,
    "0.039098273100000004": 27,
    "0.0446366944": 9,
    "0.0501751157": 2,
    "0.055713537": 2
  },
  "firstBytePercentiles": {
    "p10": 0.002759931,
    "p25": 0.004090787,
    "p50": 0.005861515,
    "p75": 0.008330835,
    "p90": 0.011475457,
    "p95": 0.013920396,
    "p99": 0.019688182,
    "p99.9": 0.029490672,
    "p99.99": 0.041448322
  },
  "rps": {
    "mean": 9554.148693222318,
    "stddev": 3399.0251604460564,
    "max": 17349.45567858367,
    "min": 85.03838845451205,
    "percentiles": {
      "p10": 5601.001173868025,
      "p25": 7046.650233877971,
      "p50": 8905.100669633175,
      "p75": 12384.861068038623,
      "p90": 14740.399011570888,
      "p95": 15611.90720162268,
      "p99": 16397.163029245916,
      "p99.9": 17083.373880924613,
      "p99.99": 17349.45567858367
    }
  },
  "details": {
    "DNSDialup": {
      "average": 0.003786610828125001,
      "fastest": 0.000495596,
      "slowest": 0.005410151
    },
    "DNSLookup": {
      "average": 0.000025243875000000006,
      "fastest": 0.000011171,
      "slowest": 0.000101913
    },
    "firstByte": {
      "average": 0.006645819166927537,
      "fastest": 0.000329324,
      "slowest": 0.055713537
    }
  },
  "statusCodeDistribution": {
    "404": 95808
  },
  "errorDistribution": {
    "aborted due to deadline": 64
  }
}