{
  "summary": {
    "successRate": 1.0,
    "total": 10.001874923,
    "slowest": 0.033050297,
    "fastest": 0.002405355,
    "average": 0.0036638599900817343,
    "requestsPerSec": 1089.0958029229896,
    "totalData": 3244922,
    "sizePerRequest": 298,
    "sizePerSec": 324431.37161594356
  },
  "metrics": {
    "success_rate": 1.0,
    "requests_per_sec": 1089.0958029229896,
    "latency_ms": {
      "min": 2.405,
      "mean": 3.664,
      "p50": 3.393,
      "p95": 5.364,
      "p99": 7.837,
      "max": 33.05
    }
  },
  "responseTimeHistogram": {
    "0.002405355": 1,
    "0.0054698492": 10390,
    "0.0085343434": 430,
    "0.011598837599999998": 58,
    "0.014663331799999998": 5,
    "0.017727826": 1,
    "0.0207923202": 0,
    "0.0238568144": 1,
    "0.0269213086": 0,
    "0.0299858028": 0,
    "0.033050297": 3
  },
  "latencyPercentiles": {
    "p10": 0.002883671,
    "p25": 0.003079924,
    "p50": 0.003392956,
    "p75": 0.003903092,
    "p90": 0.004664541,
    "p95": 0.005363776,
    "p99": 0.007836696,
    "p99.9": 0.011536774,
    "p99.99": 0.032837869
  },
  "firstByteHistogram": {
    "0.002399113": 1,
    "0.005463456699999999": 10392,
    "0.008527800399999999": 428,
    "0.011592144099999998": 59,
    "0.014656487799999998": 4,
    "0.0177208315": 1,
    "0.0207851752": 0,
    "0.023849518899999998": 1,
    "0.026913862599999998": 0,
    "0.029978206299999997": 0,
    "0.03304255": 3
  },
  "firstBytePercentiles": {
    "p10": 0.002876859,
    "p25": 0.003071425,
    "p50": 0.003383955,
    "p75": 0.003893522,
    "p90": 0.004652891,
    "p95": 0.005347422,
    "p99": 0.007826102,
    "p99.9": 0.011421715,
    "p99.99": 0.032829813
  },
  "rps": {
    "mean": 1088.5834410804257,
    "stddev": 219.76214755270206,
    "max": 1682.3345542493835,
    "min": 73.5521750812439,
    "percentiles": {
      "p10": 821.7843526917617,
      "p25": 953.348525471749,
      "p50": 1119.521986502211,
      "p75": 1244.9301633789896,
      "p90": 1325.5957426106945,
      "p95": 1370.932215627508,
      "p99": 1509.9908544887244,
      "p99.9": 1586.250496063813,
      "p99.99": 1682.3345542493835
    }
  },
  "details": {
    "DNSDialup": {
      "average": 0.00086143925,
      "fastest": 0.000696259,
      "slowest": 0.00110325
    },
    "DNSLookup": {
      "average": 0.00014634375,
      "fastest": 0.000119994,
      "slowest": 0.000196912
    },
    "firstByte": {
      "average": 0.003654467346863818,
      "fastest": 0.002399113,
      "slowest": 0.03304255
    }
  },
  "statusCodeDistribution": {
    "200": 10889
  },
  "errorDistribution": {
    "aborted due to deadline": 4
  }
}