{
  "summary": {
    "successRate": 1.0,
    "total": 10.004267923,
    "slowest": 0.190526509,
    "fastest": 0.025532516,
    "average": 0.07812563546498508,
    "requestsPerSec": 822.8488144619234,
    "totalData": 2434064,
    "sizePerRequest": 298,
    "sizePerSec": 243302.5603406763
  },
  "metrics": {
    "success_rate": 1.0,
    "requests_per_sec": 822.8488144619234,
    "latency_ms": {
      "min": 25.533,
      "mean": 78.126,
      "p50": 74.288,
      "p95": 112.373,
      "p99": 134.739,
      "max": 190.527
    }
  },
  "responseTimeHistogram": {
    "0.025532516": 1,
    "0.0420319153": 12,
    "0.05853131460000001": 923,
    "0.0750307139": 3281,
    "0.09153011320000001": 2110,
    "0.10802951250000001": 1234,
    "0.12452891180000002": 463,
    "0.14102831110000003": 97,
    "0.15752771040000002": 36,
    "0.17402710970000002": 8,
    "0.190526509": 3
  },
  "latencyPercentiles": {
    "p10": 0.057649874,
    "p25": 0.064234207,
    "p50": 0.074287685,
    "p75": 0.089300518,
    "p90": 0.104187064,
    "p95": 0.112373025,
    "p99": 0.134738815,
    "p99.9": 0.167370829,
    "p99.99": 0.190526509
  },
  "firstByteHistogram": {
    "0.025510914": 1,
    "0.0420118515": 12,
    "0.058512788999999996": 922,
    "0.0750137265": 3280,
    "0.091514664": 2114,
    "0.1080156015": 1233,
    "0.124516539": 462,
    "0.1410174765": 97,
    "0.157518414": 36,
    "0.1740193515": 8,
    "0.190520289": 3
  },
  "firstBytePercentiles": {
    "p10": 0.057634112,
    "p25": 0.064213621,
    "p50": 0.074276267,
    "p75": 0.089288763,
    "p90": 0.104163646,
    "p95": 0.11236744,
    "p99": 0.134732008,
    "p99.9": 0.167362368,
    "p99.99": 0.190520289
  },
  "rps": {
    "mean": 867.374566959782,
    "stddev": 1620.3888553952866,
    "max": 54177.41749798478,
    "min": 29.88918197224425,
    "percentiles": {
      "p10": 310.0883203890347,
      "p25": 509.56154012938515,
      "p50": 782.2337287561777,
      "p75": 1104.371544321019,
      "p90": 1378.1661379280276,
      "p95": 1589.9128104045133,
      "p99": 1983.5268098441597,
      "p99.9": 2868.2946441954564,
      "p99.99": 54177.41749798478
    }
  },
  "details": {
    "DNSDialup": {
      "average": 0.005818001703125001,
      "fastest": 0.000785165,
      "slowest": 0.016997518
    },
    "DNSLookup": {
      "average": 0.00003737020312499999,
      "fastest": 0.000018505,
      "slowest": 0.000122546
    },
    "firstByte": {
      "average": 0.07810652450110198,
      "fastest": 0.025510914,
      "slowest": 0.190520289
    }
  },
  "statusCodeDistribution": {
    "200": 8168
  },
  "errorDistribution": {
    "aborted due to deadline": 64
  }
}