 Network wamn-generated-tui-9826b638b90243fb_default  Creating
 Network wamn-generated-tui-9826b638b90243fb_default  Created
 Container wamn-generated-tui-9826b638b90243fb-[redacted]-route-postgres-1  Creating
 Container wamn-generated-tui-9826b638b90243fb-[redacted]-[redacted]-nats-1  Creating
 Container wamn-generated-tui-9826b638b90243fb-[redacted]-[redacted]-tempo-1  Creating
 Container wamn-generated-tui-9826b638b90243fb-authenticated-registry-1  Creating
 Container wamn-generated-tui-9826b638b90243fb-[redacted]-[redacted]-tempo-1  Created
 Container wamn-generated-tui-9826b638b90243fb-[redacted]-[redacted]-nats-1  Created
 Container wamn-generated-tui-9826b638b90243fb-authenticated-registry-1  Created
 Container wamn-generated-tui-9826b638b90243fb-[redacted]-route-postgres-1  Created
 Container wamn-generated-tui-9826b638b90243fb-authenticated-registry-1  Starting
 Container wamn-generated-tui-9826b638b90243fb-[redacted]-[redacted]-tempo-1  Starting
 Container wamn-generated-tui-9826b638b90243fb-[redacted]-route-postgres-1  Starting
 Container wamn-generated-tui-9826b638b90243fb-[redacted]-[redacted]-nats-1  Starting
 Container wamn-generated-tui-9826b638b90243fb-authenticated-registry-1  Started
 Container wamn-generated-tui-9826b638b90243fb-[redacted]-[redacted]-nats-1  Started
 Container wamn-generated-tui-9826b638b90243fb-[redacted]-[redacted]-tempo-1  Started
 Container wamn-generated-tui-9826b638b90243fb-[redacted]-route-postgres-1  Started
 Container wamn-generated-tui-9826b638b90243fb-authenticated-registry-1  Waiting
 Container wamn-generated-tui-9826b638b90243fb-[redacted]-[redacted]-nats-1  Waiting
 Container wamn-generated-tui-9826b638b90243fb-[redacted]-[redacted]-tempo-1  Waiting
 Container wamn-generated-tui-9826b638b90243fb-[redacted]-route-postgres-1  Waiting
 Container wamn-generated-tui-9826b638b90243fb-[redacted]-[redacted]-tempo-1  Healthy
 Container wamn-generated-tui-9826b638b90243fb-[redacted]-[redacted]-nats-1  Healthy
 Container wamn-generated-tui-9826b638b90243fb-authenticated-registry-1  Healthy
 Container wamn-generated-tui-9826b638b90243fb-[redacted]-route-postgres-1  Healthy
