    Blocking waiting for file lock on package cache
    Blocking waiting for file lock on package cache
    Blocking waiting for file lock on package cache
   Compiling unicode-ident v1.0.24
   Compiling proc-macro2 v1.0.107
   Compiling quote v1.0.47
   Compiling serde v1.0.229
   Compiling serde_core v1.0.229
   Compiling libc v0.2.189
   Compiling cfg-if v1.0.4
   Compiling memchr v2.8.3
   Compiling foldhash v0.2.0
   Compiling log v0.4.34
   Compiling equivalent v1.0.2
   Compiling syn v3.0.4
   Compiling syn v2.0.119
   Compiling itoa v1.0.18
   Compiling pin-project-lite v0.2.17
   Compiling typenum v1.20.1
   Compiling serde_derive v1.0.229
   Compiling once_cell v1.21.4
   Compiling bitflags v2.13.1
   Compiling futures-core v0.3.34
   Compiling anyhow v1.0.104
   Compiling parking_lot_core v0.9.12
   Compiling scopeguard v1.2.0
   Compiling lock_api v0.4.14
   Compiling jobserver v0.1.35
   Compiling shlex v2.0.1
   Compiling zmij v1.0.23
   Compiling find-msvc-tools v0.1.11
   Compiling cc v1.4.4
   Compiling thiserror-impl v2.0.20
   Compiling hashbrown v0.17.1
   Compiling futures-sink v0.3.34
   Compiling mio v1.2.2
   Compiling indexmap v2.14.0
   Compiling socket2 v0.6.5
   Compiling smallvec v1.15.2
   Compiling bytes v1.12.1
   Compiling futures-task v0.3.34
   Compiling futures-io v0.3.34
   Compiling version_check v0.9.5
   Compiling synstructure v0.13.2
   Compiling zerofrom-derive v0.1.7
   Compiling futures-channel v0.3.34
   Compiling futures-macro v0.3.34
   Compiling errno v0.3.14
   Compiling slab v0.4.12
   Compiling parking_lot v0.12.5
   Compiling percent-encoding v2.3.2
   Compiling signal-hook-registry v1.4.8
   Compiling yoke-derive v0.8.2
   Compiling tokio-macros v2.7.2
   Compiling zerofrom v0.1.8
   Compiling futures-util v0.3.34
   Compiling stable_deref_trait v1.2.1
   Compiling tokio v1.53.1
   Compiling generic-array v0.14.7
   Compiling yoke v0.8.3
   Compiling tracing-attributes v0.1.31
   Compiling fnv v1.0.7
   Compiling zerovec-derive v0.11.6
   Compiling thiserror v2.0.20
   Compiling base64 v0.22.1
   Compiling pkg-config v0.3.34
   Compiling zerovec v0.11.8
   Compiling displaydoc v0.2.7
   Compiling libm v0.2.16
   Compiling hybrid-array v0.4.14
   Compiling heck v0.5.0
   Compiling tracing-core v0.1.36
   Compiling cmov v0.5.4
   Compiling serde_json v1.0.151
   Compiling crypto-common v0.2.2
   Compiling ctutils v0.4.2
   Compiling block-buffer v0.12.1
   Compiling tinystr v0.8.4
   Compiling block-buffer v0.10.4
   Compiling writeable v0.6.4
   Compiling litemap v0.8.3
   Compiling autocfg v1.5.1
   Compiling num-traits v0.2.19
   Compiling icu_locale_core v2.3.0
   Compiling tracing v0.1.44
   Compiling zerotrie v0.2.5
   Compiling potential_utf v0.1.6
   Compiling icu_normalizer_data v2.3.0
   Compiling utf8_iter v1.0.4
   Compiling icu_collections v2.3.0
   Compiling icu_provider v2.3.1
   Compiling icu_properties_data v2.3.0
   Compiling allocator-api2 v0.2.21
   Compiling cpufeatures v0.3.0
   Compiling cpufeatures v0.2.17
   Compiling icu_properties v2.3.0
   Compiling semver v1.0.28
   Compiling hashbrown v0.16.1
   Compiling cmake v0.1.58
   Compiling zeroize_derive v1.5.0
   Compiling wasmtime-internal-core v47.0.4
   Compiling dunce v1.0.5
   Compiling getrandom v0.4.3
   Compiling rand_core v0.10.1
   Compiling fs_extra v1.3.0
   Compiling zeroize v1.9.0
   Compiling aws-lc-sys v0.44.0
   Compiling tokio-util v0.7.19
   Compiling getrandom v0.2.17
   Compiling const-oid v0.10.2
   Compiling iana-time-zone v0.1.65
   Compiling leb128fmt v0.1.0
   Compiling digest v0.11.3
   Compiling crypto-common v0.1.7
   Compiling http v1.5.0
   Compiling digest v0.10.7
   Compiling cranelift-bitset v0.134.4
   Compiling ring v0.17.14
   Compiling aws-lc-rs v1.18.0
   Compiling rustix v1.1.4
   Compiling ipnet v2.12.1
   Compiling rustls-pki-types v1.15.1
   Compiling either v1.18.0
   Compiling linux-raw-sys v0.12.1
   Compiling crc32fast v1.5.1
   Compiling target-lexicon v0.13.5
   Compiling http-body v1.1.0
   Compiling chacha20 v0.10.1
   Compiling icu_normalizer v2.3.0
   Compiling untrusted v0.7.1
   Compiling crossbeam-utils v0.8.22
   Compiling tinyvec_macros v0.1.1
   Compiling cranelift-srcgen v0.134.4
   Compiling untrusted v0.9.0
   Compiling cranelift-assembler-x64-meta v0.134.4
   Compiling tinyvec v1.12.0
   Compiling idna_adapter v1.2.2
   Compiling sha2 v0.10.9
   Compiling form_urlencoded v1.2.2
   Compiling async-trait v0.1.92
   Compiling strsim v0.11.1
   Compiling idna v1.1.0
   Compiling unicode-normalization v0.1.25
   Compiling sha2 v0.11.0
   Compiling chrono v0.4.45
   Compiling pulley-macros v47.0.4
   Compiling httparse v1.10.1
   Compiling tower-service v0.3.3
   Compiling rustls v0.23.43
   Compiling subtle v2.6.1
   Compiling url v2.5.8
   Compiling cranelift-entity v0.134.4
   Compiling cobs v0.3.0
   Compiling atomic-waker v1.1.2
   Compiling zerocopy v0.8.56
   Compiling cranelift-isle v0.134.4
   Compiling ident_case v1.0.1
   Compiling try-lock v0.2.5
   Compiling want v0.3.1
   Compiling postcard v1.1.3
   Compiling h2 v0.4.19
   Compiling cranelift-bforest v0.134.4
   Compiling pulley-interpreter v47.0.4
   Compiling gimli v0.33.0
   Compiling bumpalo v3.20.3
   Compiling id-arena v2.3.0
   Compiling httpdate v1.0.3
   Compiling cranelift-codegen-shared v0.134.4
   Compiling cranelift-codegen-meta v0.134.4
   Compiling hyper v1.11.0
   Compiling cranelift-assembler-x64 v0.134.4
   Compiling rand v0.10.2
   Compiling itertools v0.14.0
   Compiling wasm-encoder v0.252.0
   Compiling sync_wrapper v1.0.2
   Compiling aho-corasick v1.1.5
   Compiling object v0.39.1
   Compiling regex-syntax v0.8.11
   Compiling io-lifetimes v2.0.4
   Compiling tower-layer v0.3.3
   Compiling regex-automata v0.4.18
   Compiling wasmparser v0.252.0
   Compiling cranelift-codegen v0.134.4
   Compiling prost-derive v0.14.4
   Compiling http-body-util v0.1.5
   Compiling zstd-sys v2.0.16+zstd.1.5.7
   Compiling wasmtime-internal-versioned-export-macros v47.0.4
   Compiling rustc-hash v2.1.3
   Compiling unicode-bidi v0.3.18
   Compiling arbitrary v1.4.2
   Compiling openssl-probe v0.2.1
   Compiling termcolor v1.4.1
   Compiling unicode-properties v0.1.4
   Compiling crossbeam-epoch v0.9.20
   Compiling wasmtime-internal-component-util v47.0.4
   Compiling getrandom v0.3.4
   Compiling stringprep v0.1.5
   Compiling rustls-native-certs v0.8.4
   Compiling cranelift-control v0.134.4
   Compiling regalloc2 v0.15.2
   Compiling wasmprinter v0.252.0
   Compiling tower v0.5.3
   Compiling hyper-util v0.1.20
   Compiling wasmtime-environ v47.0.4
   Compiling hex v0.4.3
   Compiling zstd-safe v7.2.4
   Compiling crossbeam-deque v0.8.7
   Compiling fs-set-times v0.20.3
   Compiling ppv-lite86 v0.2.21
   Compiling darling_core v0.20.11
   Compiling rustix-linux-procfs v0.1.1
   Compiling md-5 v0.11.0
   Compiling hmac v0.13.0
   Compiling tokio-stream v0.1.19
   Compiling rustls-webpki v0.103.15
   Compiling winnow v1.0.4
   Compiling wasmtime-internal-unwinder v47.0.4
   Compiling thiserror v1.0.69
   Compiling tokio-rustls v0.26.4
   Compiling ambient-authority v0.0.2
   Compiling io-lifetimes v3.0.1
   Compiling rayon-core v1.13.0
   Compiling maybe-owned v0.3.4
   Compiling toml_parser v1.1.3+spec-1.1.0
   Compiling darling_macro v0.20.11
   Compiling wit-parser v0.252.0
   Compiling wasmtime-internal-fiber v47.0.4
   Compiling opentelemetry v0.31.0
   Compiling toml_datetime v0.7.5+spec-1.1.0
   Compiling serde_spanned v1.1.1
   Compiling thiserror-impl v1.0.69
   Compiling dirs-sys-next v0.1.2
   Compiling leb128 v0.2.7
   Compiling wasmtime-internal-component-macro v47.0.4
   Compiling io-extras v0.19.0
   Compiling toml_writer v1.1.2+spec-1.1.0
   Compiling winnow v0.7.15
   Compiling wasmtime-internal-cranelift v47.0.4
   Compiling byteorder v1.5.0
   Compiling wasmtime-internal-cache v47.0.4
   Compiling toml v0.9.12+spec-1.1.0
   Compiling wasmtime-internal-wit-bindgen v47.0.4
   Compiling wast v35.0.2
   Compiling directories-next v2.0.0
   Compiling darling v0.20.11
   Compiling zstd v0.13.3
   Compiling wasmtime v47.0.4
   Compiling prost v0.14.4
   Compiling regex v1.13.1
   Compiling pin-project-internal v1.1.13
   Compiling lazy_static v1.5.0
   Compiling prettyplease v0.2.37
   Compiling mime v0.3.17
   Compiling foldhash v0.1.5
   Compiling ryu v1.0.23
   Compiling simd-adler32 v0.3.10
   Compiling adler2 v2.0.1
   Compiling cap-primitives v4.0.3
   Compiling fastrand v2.5.0
   Compiling miniz_oxide v0.8.9
   Compiling hashbrown v0.15.5
   Compiling axum-core v0.5.6
   Compiling pin-project v1.1.13
   Compiling prost-types v0.14.4
   Compiling derive_builder_core v0.20.2
   Compiling rayon v1.12.0
   Compiling witx v0.9.1
   Compiling rand_core v0.9.5
   Compiling memfd v0.6.5
   Compiling wasmtime-internal-jit-icache-coherence v47.0.4
   Compiling wasmparser v0.253.0
   Compiling futures v0.3.34
   Compiling deranged v0.5.8
   Compiling whoami v2.1.3
   Compiling encoding_rs v0.8.35
   Compiling matchit v0.8.4
   Compiling powerfmt v0.2.0
   Compiling siphasher v1.0.3
   Compiling rust_decimal v1.43.0
   Compiling cap-std v4.0.3
   Compiling io-extras v0.18.4
   Compiling fixedbitset v0.5.7
   Compiling fallible-iterator v0.2.0
   Compiling num-conv v0.2.2
   Compiling unicode-xid v0.2.6
   Compiling time-core v0.1.9
   Compiling konst_macro_rules v0.2.19
   Compiling wiggle-macro v47.0.4
   Compiling konst v0.2.20
   Compiling time v0.3.55
   Compiling const_format_proc_macros v0.2.34
   Compiling postgres-protocol v0.6.12
   Compiling petgraph v0.8.3
   Compiling phf_shared v0.13.1
   Compiling axum v0.8.9
   Compiling wiggle-generate v47.0.4
   Compiling rand_chacha v0.9.0
   Compiling derive_builder_macro v0.20.2
   Compiling tempfile v3.27.0
   Compiling flate2 v1.1.9
   Compiling serde_urlencoded v0.7.1
   Compiling hyper-rustls v0.27.9
   Compiling rustls-platform-verifier v0.7.0
   Compiling hyper-timeout v0.5.2
   Compiling tower-http v0.6.11
   Compiling darling_core v0.24.1
   Compiling uuid v1.26.0
   Compiling wasmparser v0.254.0
   Compiling serde_derive_internals v0.29.1
   Compiling arrayvec v0.7.8
   Compiling cap-fs-ext v4.0.3
   Compiling cap-primitives v3.4.6
   Compiling ref-cast v1.0.27
   Compiling multimap v0.10.1
   Compiling crc-catalog v2.5.0
   Compiling prettyplease v0.3.0
   Compiling parking v2.2.1
   Compiling schemars v0.8.22
   Compiling portable-atomic v1.15.0
   Compiling rustversion v1.0.23
   Compiling event-listener v5.4.2
   Compiling crc v3.4.0
   Compiling prost-build v0.14.4
   Compiling schemars_derive v0.8.22
   Compiling darling_macro v0.24.1
   Compiling reqwest v0.13.4
   Compiling tonic v0.14.6
   Compiling wasm-encoder v0.253.0
   Compiling cranelift-frontend v0.134.4
   Compiling cranelift-native v0.134.4
   Compiling derive_builder v0.20.2
   Compiling rand v0.9.5
   Compiling phf v0.13.1
   Compiling postgres-types v0.2.14
   Compiling const_format v0.2.36
   Compiling pbjson-build v0.8.0
   Compiling sharded-slab v0.1.7
   Compiling matchers v0.2.0
   Compiling rand_core v0.6.4
   Compiling hashlink v0.11.1
   Compiling tracing-serde v0.2.0
   Compiling futures-executor v0.3.34
   Compiling strum_macros v0.27.2
   Compiling ahash v0.8.12
   Compiling ref-cast-impl v1.0.27
   Compiling getset v0.1.7
   Compiling thread_local v1.1.10
   Compiling strum v0.27.2
   Compiling dyn-clone v1.0.20
   Compiling signature v2.2.0
   Compiling nu-ansi-term v0.50.3
   Compiling cap-std v3.4.6
   Compiling tracing-subscriber v0.3.23
   Compiling jsonwebtoken v10.4.0
   Compiling oci-spec v0.9.0
   Compiling opentelemetry_sdk v0.31.0
   Compiling pbjson-types v0.8.0
   Compiling rand_chacha v0.3.1
   Compiling tokio-postgres v0.7.18
   Compiling wasm-encoder v0.254.0
   Compiling wasm-metadata v0.253.0
   Compiling tonic-prost v0.14.6
   Compiling darling v0.24.1
   Compiling wit-parser v0.253.0
   Compiling olpc-cjson v0.1.4
   Compiling webpki-roots v1.0.9
   Compiling num-integer v0.1.47
   Compiling http-auth v0.1.10
   Compiling names v0.14.0
   Compiling unicase v2.9.0
   Compiling borrow-or-share v0.2.4
   Compiling fluent-uri v0.3.2
   Compiling oci-client v0.17.0
   Compiling num-bigint v0.4.8
   Compiling arc-swap v1.9.2
   Compiling crossbeam-queue v0.3.13
   Compiling bon-macros v3.10.0
   Compiling opentelemetry-proto v0.31.0
   Compiling wit-component v0.253.0
   Compiling wasm-metadata v0.254.0
   Compiling rand v0.8.8
   Compiling futures-intrusive v0.5.0
   Compiling wamn-execution-contract v0.1.0 (/home/kaalin/.cache/wamn-lanes/ctc8-15-baseline-20260908/components/execution/contract)
   Compiling wit-parser v0.254.0
   Compiling opentelemetry-http v0.31.0
   Compiling wamn-event-wire v0.1.0 (/home/kaalin/.cache/wamn-lanes/ctc8-15-baseline-20260908/components/events/wire)
   Compiling itertools v0.13.0
   Compiling crossbeam-channel v0.5.16
   Compiling combine v4.6.8
   Compiling tryhard v0.5.2
   Compiling deadpool-runtime v0.3.1
   Compiling atoi v2.0.0
   Compiling pbjson v0.8.0
   Compiling serde_nanos v0.1.4
   Compiling serde_repr v0.1.21
   Compiling appendlist v1.4.0
   Compiling humantime v2.4.0
   Compiling home v0.5.12
   Compiling dotenvy v0.15.7
   Compiling utf8parse v0.2.2
   Compiling tagptr v0.2.0
   Compiling spin v0.10.1
   Compiling sqlx-core v0.9.0
   Compiling crc-fast v1.10.0
   Compiling wiggle v47.0.4
   Compiling wasmtime-wasi-io v47.0.4
   Compiling redis v0.27.6
   Compiling moka v0.12.16
   Compiling wasmtime-wasi v47.0.4
   Compiling anstyle-parse v1.0.0
   Compiling etcetera v0.10.0
   Compiling wit-component v0.254.0
   Compiling boon v0.6.1
   Compiling async-nats v0.49.1
   Compiling deadpool v0.13.1
   Compiling opentelemetry-otlp v0.31.1
   Compiling hkdf v0.13.0
   Compiling oci-wasm v0.6.0
   Compiling bon v3.10.0
   Compiling cap-net-ext v3.4.6
   Compiling webpki-roots v0.26.11
   Compiling tracing-opentelemetry v0.32.1
   Compiling opentelemetry-appender-tracing v0.31.1
   Compiling itertools v0.15.0
   Compiling docker_credential v1.4.0
   Compiling quick-xml v0.41.0
   Compiling hostname v0.4.2
   Compiling sysinfo v0.32.1
   Compiling anstyle v1.0.14
   Compiling opentelemetry-semantic-conventions v0.31.0
   Compiling wamn-pg-core v0.1.0 (/home/kaalin/.cache/wamn-lanes/ctc8-15-baseline-20260908/crates/platform/pg-core)
   Compiling is_terminal_polyfill v1.70.2
   Compiling wamn-component-policy v0.1.0 (/home/kaalin/.cache/wamn-lanes/ctc8-15-baseline-20260908/crates/platform/component-policy)
   Compiling colorchoice v1.0.5
   Compiling anstyle-query v1.1.5
   Compiling anstream v1.0.0
   Compiling sqlx-postgres v0.9.0
   Compiling wamn-catalog v0.1.0 (/home/kaalin/.cache/wamn-lanes/ctc8-15-baseline-20260908/crates/catalog/model)
   Compiling wamn-run-state v0.1.0 (/home/kaalin/.cache/wamn-lanes/ctc8-15-baseline-20260908/crates/execution/run-state)
   Compiling object_store v0.14.1
warning: function `canonical_serialized` is never used
   --> crates/catalog/model/src/lib.rs:791:4
    |
791 | fn canonical_serialized(value: &impl Serialize) -> Vec<u8> {
    |    ^^^^^^^^^^^^^^^^^^^^
    |
    = note: `#[warn(dead_code)]` (part of `#[warn(unused)]`) on by default

warning: `wamn-catalog` (lib) generated 1 warning
   Compiling deadpool-postgres v0.14.2
   Compiling wamn-router v0.1.0 (/home/kaalin/.cache/wamn-lanes/ctc8-15-baseline-20260908/crates/execution/router)
   Compiling wamn-platform-identity v0.1.0 (/home/kaalin/.cache/wamn-lanes/ctc8-15-baseline-20260908/crates/identity/platform)
   Compiling wamn-control-registry v0.1.0 (/home/kaalin/.cache/wamn-lanes/ctc8-15-baseline-20260908/crates/control/registry)
   Compiling clap_lex v1.1.0
   Compiling clap_builder v4.6.6
   Compiling sqlx-macros-core v0.9.0
   Compiling clap_derive v4.6.4
   Compiling unicode-width v0.2.2
   Compiling wast v252.0.0
   Compiling sqlx-macros v0.9.0
   Compiling clap v4.6.6
   Compiling wamn-gate-harness v0.1.0 (/home/kaalin/.cache/wamn-lanes/ctc8-15-baseline-20260908/test-support/harness)
   Compiling wasm-encoder v0.251.0
   Compiling wat v1.252.0
warning: type does not implement `std::fmt::Debug`; consider adding `#[derive(Debug)]` or a manual implementation
  --> test-support/harness/src/ceiling.rs:72:1
   |
72 | / pub struct Ramp {
73 | |     tolerance: f64,
74 | |     max_levels: usize,
75 | |     levels: Vec<LevelStats>,
...  |
82 | |     retrying: bool,
83 | | }
   | |_^
   |
   = note: requested on the command line with `-W missing-debug-implementations`

warning: `wamn-gate-harness` (lib) generated 1 warning
   Compiling sqlx v0.9.0
   Compiling wasmtime-wasi-http v47.0.4
   Compiling wash-runtime v2.8.0 (https://github.com/dkkloimwieder/wasmCloud?rev=735b57982545358409a7d965a22549b08487ca09#735b5798)
   Compiling wamn-runtime v0.1.0 (/home/kaalin/.cache/wamn-lanes/ctc8-15-baseline-20260908/crates/platform/runtime)
warning: the item `Future` is imported redundantly
 --> crates/platform/runtime/src/connection_authority.rs:3:5
  |
3 | use std::future::Future;
  |     ^^^^^^^^^^^^^^^^^^^
  |
 --> /rustc/88d9e12ae178fab0fb5cc050a94da85685d449ea/library/std/src/prelude/mod.rs:166:12
  |
  = note: the item `Future` is already defined here
  |
  = note: requested on the command line with `-W redundant-imports`

warning: the item `Future` is imported redundantly
 --> crates/platform/runtime/src/plugins/wamn_postgres/pool.rs:7:5
  |
7 | use std::future::Future;
  |     ^^^^^^^^^^^^^^^^^^^
  |
 --> /rustc/88d9e12ae178fab0fb5cc050a94da85685d449ea/library/std/src/prelude/mod.rs:166:12
  |
  = note: the item `Future` is already defined here

warning: constant `HTTP_CONTRACT` is never used
  --> crates/platform/runtime/src/plugins/connection_http.rs:51:7
   |
51 | const HTTP_CONTRACT: &str = "wamn:connection/http@0.1.0";
   |       ^^^^^^^^^^^^^
   |
   = note: `#[warn(dead_code)]` (part of `#[warn(unused)]`) on by default

warning: type does not implement `std::fmt::Debug`; consider adding `#[derive(Debug)]` or a manual implementation
   --> crates/platform/runtime/src/plugins/connection_http.rs:111:1
    |
111 | / pub struct ConnectionHttp {
112 | |     postgres: Arc<WamnPostgres>,
113 | |     vault: Arc<WamnCredentials>,
114 | |     tenant: Box<str>,
...   |
130 | |     invocations: std::sync::RwLock<HashMap<String, ConnectionInvocation>>,
131 | | }
    | |_^
    |
    = note: requested on the command line with `-W missing-debug-implementations`

warning: type does not implement `std::fmt::Debug`; consider adding `#[derive(Debug)]` or a manual implementation
  --> crates/platform/runtime/src/plugins/wamn_credentials.rs:27:1
   |
27 | / pub struct WamnCredentials {
28 | |     /// Whether ANY backing source was configured. Distinguishes `unavailable`
29 | |     /// (no source — retryable) from `not-found` (source present, name absent —
30 | |     /// config-shaped).
...  |
33 | |     projects: HashMap<String, HashMap<String, String>>,
34 | | }
   | |_^

warning: type does not implement `std::fmt::Debug`; consider adding `#[derive(Debug)]` or a manual implementation
   --> crates/platform/runtime/src/plugins/wamn_jetstream.rs:544:1
    |
544 | / pub struct WamnJetstream {
545 | |     nats_url: Option<String>,
546 | |     /// Lazily-connected, memoized JetStream context. A `Mutex<Option<_>>` (not a
547 | |     /// `OnceCell`) so a transient connect failure is retried on the next call
...   |
569 | |     dlq_depth: Arc<DeadLetterDepth>,
570 | | }
    | |_^

warning: type does not implement `std::fmt::Debug`; consider adding `#[derive(Debug)]` or a manual implementation
    --> crates/platform/runtime/src/plugins/wamn_jetstream.rs:1209:1
     |
1209 | / pub struct JsConsumer {
1210 | |     consumer: Consumer<PullConfig>,
1211 | |     dead_letter: Option<DeadLetterIdentity>,
1212 | | }
     | |_^

warning: type does not implement `std::fmt::Debug`; consider adding `#[derive(Debug)]` or a manual implementation
    --> crates/platform/runtime/src/plugins/wamn_jetstream.rs:1216:1
     |
1216 | / pub struct JsMessage {
1217 | |     msg: async_nats::jetstream::Message,
1218 | |     dead_letter: Option<DeadLetterIdentity>,
1219 | | }
     | |_^

warning: type does not implement `std::fmt::Debug`; consider adding `#[derive(Debug)]` or a manual implementation
   --> crates/platform/runtime/src/plugins/wamn_logging.rs:213:1
    |
213 | / pub struct Capture {
214 | |     records: std::sync::Mutex<Vec<CapturedRec>>,
215 | | }
    | |_^

warning: type does not implement `std::fmt::Debug`; consider adding `#[derive(Debug)]` or a manual implementation
   --> crates/platform/runtime/src/plugins/wamn_logging.rs:235:1
    |
235 | / pub struct WamnLogging {
236 | |     /// component id → host-trusted {tenant, project}.
237 | |     claims: std::sync::RwLock<HashMap<String, Claim>>,
238 | |     /// Bounded front queue; `try_send` keeps `log()` non-blocking.
...   |
243 | |     _drain: tokio::task::JoinHandle<()>,
244 | | }
    | |_^

warning: type does not implement `std::fmt::Debug`; consider adding `#[derive(Debug)]` or a manual implementation
   --> crates/platform/runtime/src/plugins/wamn_postgres/claims.rs:50:1
    |
 50 | / pub struct WamnPostgres {
 51 | |     /// Resolves a project id → its database connection + policy.
 52 | |     provider: Arc<dyn CredentialProvider>,
 53 | |     /// Guest-visible project pools, built lazily and never shared with host-owned
...   |
116 | |     pub(super) bind_counters: super::BindCounters,
117 | | }
    | |_^

warning: type does not implement `std::fmt::Debug`; consider adding `#[derive(Debug)]` or a manual implementation
   --> crates/platform/runtime/src/plugins/wamn_postgres/pool.rs:339:1
    |
339 | / pub struct StaticCredentialProvider {
340 | |     projects: HashMap<String, ProjectConfig>,
341 | | }
    | |_^

warning: type does not implement `std::fmt::Debug`; consider adding `#[derive(Debug)]` or a manual implementation
   --> crates/platform/runtime/src/plugins/wamn_postgres/pool.rs:514:1
    |
514 | / pub struct K8sSecretProvider {
515 | |     pub namespace: String,
516 | | }
    | |_^

warning: type does not implement `std::fmt::Debug`; consider adding `#[derive(Debug)]` or a manual implementation
   --> crates/platform/runtime/src/plugins/wamn_postgres/resources.rs:99:1
    |
 99 | / pub struct PgTransaction {
100 | |     state: SharedTxnState,
101 | |     destroyed: Arc<AtomicU64>,
102 | |     cursor_seq: u32,
103 | |     /// Row limit of the project this transaction's connection belongs to.
104 | |     row_limit: u64,
105 | | }
    | |_^

warning: type does not implement `std::fmt::Debug`; consider adding `#[derive(Debug)]` or a manual implementation
   --> crates/platform/runtime/src/plugins/wamn_postgres/resources.rs:145:1
    |
145 | / pub struct PgCursor {
146 | |     state: SharedTxnState,
147 | |     destroyed: Arc<AtomicU64>,
148 | |     name: String,
149 | | }
    | |_^

warning: type does not implement `std::fmt::Debug`; consider adding `#[derive(Debug)]` or a manual implementation
   --> crates/platform/runtime/src/wiring_doorbell.rs:145:1
    |
145 | / pub struct WiringDoorbellListener {
146 | |     shutdown: tokio::sync::watch::Sender<bool>,
147 | |     task: tokio::task::JoinHandle<()>,
148 | | }
    | |_^

   Compiling wamn-execution-host v0.1.0 (/home/kaalin/.cache/wamn-lanes/ctc8-15-baseline-20260908/crates/execution/host)
   Compiling wamn-proof-conformance v0.1.0 (/home/kaalin/.cache/wamn-lanes/ctc8-15-baseline-20260908/tests/conformance)
warning: type does not implement `Debug`; consider adding `#[derive(Debug)]` or a manual implementation
  --> tests/conformance/src/socketguard.rs:26:1
   |
26 | pub struct SocketGuardArgs {}
   | ^^^^^^^^^^^^^^^^^^^^^^^^^^^^^
   |
   = note: requested on the command line with `-W missing-debug-implementations`

warning: `wamn-proof-conformance` (lib) generated 1 warning
warning: `wamn-runtime` (lib) generated 16 warnings
warning: field `package_component_source` is never read
  --> tests/conformance/tests/workspace_tiers.rs:73:5
   |
69 | struct SourceInventory {
   |        --------------- field in this struct
...
73 |     package_component_source: String,
   |     ^^^^^^^^^^^^^^^^^^^^^^^^
   |
   = note: `SourceInventory` has a derived impl for the trait `Debug`, but this is intentionally ignored during dead code analysis
   = note: `#[warn(dead_code)]` (part of `#[warn(unused)]`) on by default

warning: fields `manifest_path`, `target_class`, and `bounded_context` are never read
   --> tests/conformance/tests/workspace_tiers.rs:150:5
    |
147 | struct PackageRole {
    |        ----------- fields in this struct
...
150 |     manifest_path: String,
    |     ^^^^^^^^^^^^^
151 |     role: Role,
152 |     target_class: String,
    |     ^^^^^^^^^^^^
153 |     bounded_context: String,
    |     ^^^^^^^^^^^^^^^
    |
    = note: `PackageRole` has a derived impl for the trait `Debug`, but this is intentionally ignored during dead code analysis

warning: `wamn-proof-conformance` (test "workspace_tiers") generated 2 warnings
    Finished `test` profile [unoptimized + debuginfo] target(s) in 4m 40s
     Running tests/package_architecture.rs (target/debug/deps/package_architecture-05b74bbe0a0e9ab9)

running 9 tests
test accepted_edge_pin_cannot_waive_a_forbidden_edge ... ok
test core_and_contract_to_concrete_effect_are_rejected ... ok
test guest_to_native_contamination_is_rejected ... ok
test peer_composition_root_import_is_rejected ... ok
test guest_to_native_transitive_contamination_is_rejected ... ok
test production_to_test_support_normal_and_build_edges_are_rejected ... ok
test undocumented_native_deployable_is_rejected ... ok
test manifest_classifies_both_workspaces_and_non_cargo_release_inputs ... ok
test real_workspaces_satisfy_package_architecture ... ok

test result: ok. 9 passed; 0 failed; 0 ignored; 0 measured; 0 filtered out; finished in 1.20s

     Running tests/profile_selectors.rs (target/debug/deps/profile_selectors-2cb62b07f51b538c)

running 6 tests
test unknown_selector_modes_refuse_before_cargo ... ok
test selector_tools_do_not_duplicate_canonical_package_inventory ... ok
test virtualization_allowlist_matches_component_metadata ... ok
test profile_contract_matches_locked_metadata ... ok
test selector_tools_execute_exact_fake_cargo_argv ... ok
test component_build_normalizes_only_declared_artifacts_to_separate_outputs ... ok

test result: ok. 6 passed; 0 failed; 0 ignored; 0 measured; 0 filtered out; finished in 1.30s

     Running tests/repo_lint.rs (target/debug/deps/repo_lint-be2108a2e3cb5149)

running 5 tests
test dry_run_is_side_effect_free_and_invalid_commands_are_refused ... ok
test repo_lint_reports_every_cargo_leg_when_the_static_leg_fails ... ok
test repo_lint_reports_every_leg_when_an_early_leg_fails ... ok
test repo_lint_returns_failure_when_the_last_leg_fails ... ok
test repo_lint_uses_cargo_owned_workspace_selection_from_any_directory ... ok

test result: ok. 5 passed; 0 failed; 0 ignored; 0 measured; 0 filtered out; finished in 0.22s

     Running tests/retained_root_outcomes.rs (target/debug/deps/retained_root_outcomes-30c7d2c6ab081785)

running 1 test
test retained_root_map_exactly_covers_the_package_inventory ... ok

test result: ok. 1 passed; 0 failed; 0 ignored; 0 measured; 0 filtered out; finished in 0.08s

     Running tests/workspace_tiers.rs (target/debug/deps/workspace_tiers-fe4dee98d79ee825)

running 9 tests
test release_tier_requires_sr17_sr26_identity_join ... ok
test workspace_tier_helper_refuses_invalid_and_empty_selections ... ok
test workspace_tier_helper_list_matches_manifest ... ok
test workspace_tier_helper_runs_safely_outside_repository ... ok
test workspace_tier_helper_dry_run_matches_manifest ... ok
test bare_cargo_commands_select_exact_defaults_and_workspace_remains_exhaustive ... ok
test workspace_tier_membership_matches_live_classification ... ok
test workspace_tier_helper_full_plans_cover_both_workspaces ... ok
test workspace_tier_inventory_matches_live_cargo_metadata ... ok

test result: ok. 9 passed; 0 failed; 0 ignored; 0 measured; 0 filtered out; finished in 2.89s

