2026-09-12T00:27:09.765336Z  INFO wamn_cdc_reader: registration loaded publication="wamn_cdc_acme__receiving__dev__byc1506k" slot="wamn_cdc_acme__receiving__dev__byc1506k" stream="EVT_4_acme_9_receiving_3_dev"
2026-09-12T00:27:09.769992Z  INFO async_nats::connector: connected successfully server=4222 max_payload=1048576
2026-09-12T00:27:09.855732Z  INFO wamn_cdc_reader: preflight: slot healthy (resume position = confirmed LSN) slot="wamn_cdc_acme__receiving__dev__byc1506k" active=false confirmed_flush_lsn="0/3881100" wal_status="reserved"
2026-09-12T00:27:09.855869Z  INFO pg_walstream::stream: Creating logical replication stream with retry support
2026-09-12T00:27:09.855915Z  INFO pg_walstream::retry: Attempting to connect to PostgreSQL with retry logic
2026-09-12T00:27:09.933806Z  INFO pg_walstream::retry: Successfully connected to PostgreSQL on attempt 1 after 77.876134ms
2026-09-12T00:27:09.933879Z  INFO pg_walstream::stream: Starting logical replication stream
2026-09-12T00:27:09.933890Z  INFO pg_walstream::stream: Initializing replication stream
2026-09-12T00:27:09.934153Z  INFO pg_walstream::stream: System identification successful
2026-09-12T00:27:09.934169Z  INFO pg_walstream::stream: Creating replication slot: wamn_cdc_acme__receiving__dev__byc1506k
2026-09-12T00:27:09.934760Z  WARN pg_walstream::stream: Replication slot already exists, continuing
2026-09-12T00:27:09.934819Z  INFO pg_walstream::stream: Replication stream initialized
2026-09-12T00:27:09.935677Z  INFO pg_walstream::stream: Logical replication started with LSN: 0/0
2026-09-12T00:27:09.935724Z  INFO wamn_cdc_reader: walsender session open; draining reopens=0
2026-09-12T00:27:39.984000Z  INFO pg_walstream::connection::native::connection: Sent standby status update: received=0/388A9A0, flushed=0/0, applied=0/0, reply_requested=false
2026-09-12T00:28:09.984910Z  INFO pg_walstream::connection::native::connection: Sent standby status update: received=0/388F418, flushed=0/0, applied=0/0, reply_requested=false
2026-09-12T00:28:30.495987Z  INFO wamn_cdc_reader: entity resolved table=purchase_order relation_oid=18612 package_id="wamn_receiving" entity="purchase_order"
2026-09-12T00:28:30.546520Z  INFO wamn_cdc_reader: CDC exclusion resolved table=record_receipt_command relation_oid=18663 package_id="wamn_receiving" relation="record_receipt_command"
2026-09-12T00:28:30.596451Z  INFO wamn_cdc_reader: entity resolved table=receipt relation_oid=18681 package_id="wamn_receiving" entity="receipt"
2026-09-12T00:28:30.644758Z  INFO wamn_cdc_reader: entity resolved table=receipt_line relation_oid=18710 package_id="wamn_receiving" entity="receipt_line"
2026-09-12T00:28:30.691036Z  INFO wamn_cdc_reader: entity resolved table=purchase_order_line relation_oid=18634 package_id="wamn_receiving" entity="purchase_order_line"
2026-09-12T00:28:30.691915Z  INFO wamn::event_reader: CDC exclusions committed excluded_by_relation={"wamn_receiving::record_receipt_command": 2}
2026-09-12T00:28:30.755085Z  INFO wamn_cdc_reader: entity resolved table=quality_inspection relation_oid=18766 package_id="client_acme_receiving" entity="quality_inspection"
2026-09-12T00:28:39.991782Z  INFO pg_walstream::connection::native::connection: Sent standby status update: received=0/3890288, flushed=0/3890250, applied=0/3890250, reply_requested=false
2026-09-12T00:29:10.006908Z  INFO pg_walstream::connection::native::connection: Sent standby status update: received=0/3890320, flushed=0/3890250, applied=0/3890250, reply_requested=false
2026-09-12T00:29:40.012063Z  INFO pg_walstream::connection::native::connection: Sent standby status update: received=0/3890540, flushed=0/3890250, applied=0/3890250, reply_requested=false
2026-09-12T00:30:10.041940Z  INFO pg_walstream::connection::native::connection: Sent standby status update: received=0/3890540, flushed=0/3890250, applied=0/3890250, reply_requested=false
2026-09-12T00:30:40.072027Z  INFO pg_walstream::connection::native::connection: Sent standby status update: received=0/3890540, flushed=0/3890250, applied=0/3890250, reply_requested=false
2026-09-12T00:31:10.101899Z  INFO pg_walstream::connection::native::connection: Sent standby status update: received=0/3890540, flushed=0/3890250, applied=0/3890250, reply_requested=false
2026-09-12T00:31:40.124587Z  INFO pg_walstream::connection::native::connection: Sent standby status update: received=0/3890598, flushed=0/3890250, applied=0/3890250, reply_requested=false
2026-09-12T00:32:10.153875Z  INFO pg_walstream::connection::native::connection: Sent standby status update: received=0/3890598, flushed=0/3890250, applied=0/3890250, reply_requested=false
2026-09-12T00:32:40.183981Z  INFO pg_walstream::connection::native::connection: Sent standby status update: received=0/3890598, flushed=0/3890250, applied=0/3890250, reply_requested=false
2026-09-12T00:32:53.813259Z  INFO wamn::event_reader: drain summary commits=4 events_published=6 deduped=0 excluded_by_relation={"wamn_receiving::record_receipt_command": 2} ending="shutdown"
2026-09-12T00:32:53.813355Z  INFO pg_walstream::connection::native::connection: Sent standby status update: received=0/3890598, flushed=0/3890250, applied=0/3890250, reply_requested=false
2026-09-12T00:32:53.813368Z  INFO pg_walstream::stream: Stopping logical replication stream (last received LSN: 0/3890598)
2026-09-12T00:32:53.813375Z  INFO wamn_cdc_reader: shutdown requested; exiting cleanly reopens=0 commits=4
