2026-09-12T00:28:16.307798Z  INFO native descriptor limits initialized descriptor_soft_limit=Some(2147483584) default_max_connections=32768 default_max_http_ingress_connections=32768
2026-09-12T00:28:16.445314Z  INFO connected to NATS
2026-09-12T00:28:16.445893Z  INFO host memory resolved max_guest_memory=4GiB guest_memory_mode="count" default_heap_memory=256MiB core_instances=512 memories=512 pool_reservation=128GiB
2026-09-12T00:28:18.243084Z  INFO synchronous release preload completed synchronous_wirings=13 component_digests=2 elapsed_ms=1758
2026-09-12T00:28:18.243108Z  INFO release preload completed; component cache warm
2026-09-12T00:28:18.254146Z  INFO wamn-host starting (base plugins: wasi:config, wamn:logging, wasi:otel, wamn:postgres, wamn:jetstream, wamn:flow-http-routing) router_delivery=true
2026-09-12T00:28:18.254165Z  INFO wamn-host welded to its release effective_release_id=1 manifest_digest=sha256:52feceaa7255c21a354995ea59ad6056edef22c929467fe4adad2c90c4cf5bb3
2026-09-12T00:28:18.254194Z  INFO HTTP server listening addr=0.0.0.0:80 protocol="HTTP"
2026-09-12T00:28:18.254219Z  INFO Starting WASI OTel plugin endpoint=http://otel-collector.wamn-system.svc.cluster.local:4317 protocol="grpc"
2026-09-12T00:28:18.254210Z  INFO probe server listening addr=0.0.0.0:8081
2026-09-12T00:28:18.254884Z  INFO WASI OTel plugin started
2026-09-12T00:28:18.254912Z  INFO Host started host_id="24570e35-752a-4735-badb-2ca7398b700a" friendly_name="dangerous-calculator-4939" host_name="10.244.2.5" labels={"hostgroup": "default"} version="2.9.0" max_concurrent_starts=4
2026-09-12T00:28:18.255039Z  INFO Host provides interfaces count=11 interfaces=["wasi:cli/terminal-input,stdin,terminal-stderr,environment,stdout,stderr,terminal-output,terminal-stdout,terminal-stdin,exit@0.2.0", "wasi:clocks/monotonic-clock,wall-time@0.2.0", "wasi:clocks/wall-clock,monotonic-clock@0.2.0", "wasi:filesystem/types,preopens@0.2.0", "wasi:http/handler,types@0.3.0", "wasi:http/incoming-handler,types,outgoing-handler@0.2.0", "wasi:io/error,poll,streams@0.2.0", "wasi:random/insecure,insecure-seed,random@0.2.0", "wasi:random/random@0.2.0", "wasi:sockets/udp,instance-network,udp-create-socket,network,tcp-create-socket,ip-name-lookup,tcp@0.2.0", "wasmcloud:nats/core-handler,jetstream-handler,kv-handler@0.1.0"]
2026-09-12T00:28:18.255064Z  INFO wamn-host runtime startup completed elapsed_ms=1947 cleanup_budget_secs=57
2026-09-12T00:28:27.777946Z  INFO workload_start{workload_id=e6cf6ea3-8539-4b1d-8278-60a04fb75474 workload.name="receiving-materializer-7679f77cff-67f4588b9b" workload.namespace="wamn-receiving-e4936f123dae46b2875b4fa7a1e8711a"}: Starting workload workload_id="e6cf6ea3-8539-4b1d-8278-60a04fb75474" namespace="wamn-receiving-e4936f123dae46b2875b4fa7a1e8711a" name="receiving-materializer-7679f77cff-67f4588b9b"
2026-09-12T00:28:28.051481Z  INFO workload_start{workload_id=e6cf6ea3-8539-4b1d-8278-60a04fb75474 workload.name="receiving-materializer-7679f77cff-67f4588b9b" workload.namespace="wamn-receiving-e4936f123dae46b2875b4fa7a1e8711a"}:workload_start_reserved:resolve_workload{workload.id="e6cf6ea3-8539-4b1d-8278-60a04fb75474" workload.name="receiving-materializer-7679f77cff-67f4588b9b" workload.namespace="wamn-receiving-e4936f123dae46b2875b4fa7a1e8711a"}:bind_plugins:plugin_on_workload_bind{plugin_id="wasmcloud-nats"}: opened NATS connection workload_id="e6cf6ea3-8539-4b1d-8278-60a04fb75474" binding="events" servers="nats://172.28.0.13:4222" auth="user-password" server_version="2.10.29"
wamn::materializer up: stream=EVT_4_acme_9_receiving_3_dev filter=evt.acme.receiving.dev.*.* tenant=receiving-route-auth batch=64 fetch_ms=500 max_deliver=5 max_sweeps=0
2026-09-12T00:29:32.440580Z  WARN disconnected from NATS; buffered operations will be retried
2026-09-12T00:29:32.474931Z  INFO connected to NATS
2026-09-12T00:31:15.115159Z  WARN disconnected from NATS; buffered operations will be retried
2026-09-12T00:31:15.119262Z  WARN NATS client error err=nats: IO error
2026-09-12T00:31:15.126280Z  WARN NATS client error err=nats: IO error
2026-09-12T00:31:15.133289Z  WARN NATS client error err=nats: IO error
2026-09-12T00:31:15.144470Z  WARN NATS client error err=nats: IO error
2026-09-12T00:31:15.163657Z  WARN NATS client error err=nats: IO error
2026-09-12T00:31:15.198794Z  WARN NATS client error err=nats: IO error
2026-09-12T00:31:20.265170Z  WARN NATS client error err=nats: timed out
2026-09-12T00:31:25.396002Z  WARN NATS client error err=nats: timed out
2026-09-12T00:31:30.653928Z  WARN NATS client error err=nats: timed out
2026-09-12T00:31:36.169295Z  WARN NATS client error err=nats: timed out
2026-09-12T00:31:42.196232Z  WARN NATS client error err=nats: timed out
2026-09-12T00:31:49.246994Z  WARN NATS client error err=nats: timed out
2026-09-12T00:31:58.250948Z  WARN NATS client error err=nats: timed out
2026-09-12T00:32:07.254249Z  WARN NATS client error err=nats: timed out
2026-09-12T00:32:16.257686Z  WARN NATS client error err=nats: timed out
2026-09-12T00:32:25.260603Z  WARN NATS client error err=nats: timed out
2026-09-12T00:32:34.263494Z  WARN NATS client error err=nats: timed out
2026-09-12T00:32:43.266014Z  WARN NATS client error err=nats: timed out
2026-09-12T00:32:52.269794Z  WARN NATS client error err=nats: timed out
