The files belonging to this database system will be owned by user "postgres".
This user must also own the server process.

The database cluster will be initialized with locale "en_US.utf8".
The default database encoding has accordingly been set to "UTF8".
The default text search configuration will be set to "english".

Data page checksums are enabled.

fixing permissions on existing directory /var/lib/postgresql/18/docker ... ok
creating subdirectories ... ok
selecting dynamic shared memory implementation ... posix
selecting default "max_connections" ... 100
selecting default "shared_buffers" ... 128MB
selecting default time zone ... Etc/UTC
creating configuration files ... ok
running bootstrap script ... ok
performing post-bootstrap initialization ... ok
syncing data to disk ... ok


Success. You can now start the database server using:

    pg_ctl -D /var/lib/postgresql/18/docker -l logfile start

initdb: warning: enabling "trust" authentication for local connections
initdb: hint: You can change this by editing pg_hba.conf or using the option -A, or --auth-local and --auth-host, the next time you run initdb.
waiting for server to start....2026-09-12 00:26:07.956 UTC [52] LOG:  starting PostgreSQL 18.6 (Debian 18.6-1.pgdg13+2) on x86_64-pc-linux-gnu, compiled by gcc (Debian 14.2.0-19) 14.2.0, 64-bit
2026-09-12 00:26:07.965 UTC [52] LOG:  listening on Unix socket "/var/run/postgresql/.s.PGSQL.5432"
2026-09-12 00:26:08.004 UTC [58] LOG:  database system was shut down at 2026-09-12 00:26:07 UTC
2026-09-12 00:26:08.028 UTC [52] LOG:  database system is ready to accept connections
 done
server started

/usr/local/bin/docker-entrypoint.sh: running /docker-entrypoint-initdb.d/postgres-init.sql
DO
DO
DO
DO
DO
DO
GRANT ROLE
CREATE DATABASE
You are now connected to database "wamn" as user "postgres".
CREATE SCHEMA
GRANT
DO
CREATE TABLE
INSERT 0 40000
CREATE INDEX
ALTER TABLE
ALTER TABLE
CREATE POLICY
CREATE POLICY
CREATE INDEX
GRANT
CREATE TABLE
INSERT 0 2000
ALTER TABLE
ALTER TABLE
CREATE POLICY
CREATE POLICY
CREATE INDEX
GRANT
CREATE TABLE
ALTER TABLE
ALTER TABLE
CREATE POLICY
CREATE POLICY
CREATE INDEX
GRANT
CREATE TABLE
ALTER TABLE
ALTER TABLE
CREATE POLICY
CREATE POLICY
CREATE INDEX
GRANT
GRANT


2026-09-12 00:26:09.286 UTC [52] LOG:  received fast shutdown request
waiting for server to shut down....2026-09-12 00:26:09.295 UTC [52] LOG:  aborting any active transactions
2026-09-12 00:26:09.297 UTC [52] LOG:  background worker "logical replication launcher" (PID 61) exited with exit code 1
2026-09-12 00:26:09.297 UTC [56] LOG:  shutting down
2026-09-12 00:26:09.306 UTC [56] LOG:  checkpoint starting: shutdown immediate
2026-09-12 00:26:09.673 UTC [56] LOG:  checkpoint complete: wrote 1649 buffers (10.1%), wrote 3 SLRU buffers; 0 WAL file(s) added, 0 removed, 1 recycled; write=0.047 s, sync=0.273 s, total=0.376 s; sync files=344, longest=0.010 s, average=0.001 s; distance=14649 kB, estimate=14649 kB; lsn=0/25B0020, redo lsn=0/25B0020
2026-09-12 00:26:09.703 UTC [52] LOG:  database system is shut down
 done
server stopped

PostgreSQL init process complete; ready for start up.

2026-09-12 00:26:09.824 UTC [1] LOG:  starting PostgreSQL 18.6 (Debian 18.6-1.pgdg13+2) on x86_64-pc-linux-gnu, compiled by gcc (Debian 14.2.0-19) 14.2.0, 64-bit
2026-09-12 00:26:09.824 UTC [1] LOG:  listening on IPv4 address "0.0.0.0", port 5432
2026-09-12 00:26:09.824 UTC [1] LOG:  listening on IPv6 address "::", port 5432
2026-09-12 00:26:09.842 UTC [1] LOG:  listening on Unix socket "/var/run/postgresql/.s.PGSQL.5432"
2026-09-12 00:26:09.863 UTC [75] LOG:  database system was shut down at 2026-09-12 00:26:09 UTC
2026-09-12 00:26:09.875 UTC [1] LOG:  database system is ready to accept connections
