    Checking libc v0.2.189
    Checking cfg-if v1.0.4
    Checking zerofrom v0.1.8
    Checking stable_deref_trait v1.2.1
    Checking yoke v0.8.3
    Checking typenum v1.20.1
    Checking memchr v2.8.3
    Checking hybrid-array v0.4.14
    Checking zerovec v0.11.8
    Checking cmov v0.5.4
    Checking ctutils v0.4.2
    Checking block-buffer v0.12.1
    Checking crypto-common v0.2.2
    Checking serde_core v1.0.229
    Checking const-oid v0.10.2
    Checking digest v0.11.3
    Checking cpufeatures v0.3.0
    Checking smallvec v1.15.2
    Checking zmij v1.0.23
    Checking tinystr v0.8.4
    Checking writeable v0.6.4
    Checking itoa v1.0.18
    Checking litemap v0.8.3
    Checking icu_locale_core v2.3.0
    Checking serde_json v1.0.151
    Checking getrandom v0.3.4
    Checking potential_utf v0.1.6
    Checking zerotrie v0.2.5
    Checking utf8_iter v1.0.4
    Checking icu_provider v2.3.1
    Checking icu_collections v2.3.0
    Checking serde v1.0.229
    Checking sha2 v0.11.0
    Checking tinyvec_macros v0.1.1
    Checking rand_core v0.10.1
    Checking tinyvec v1.12.0
    Checking icu_properties_data v2.3.0
    Checking icu_normalizer_data v2.3.0
    Checking zerocopy v0.8.56
    Checking percent-encoding v2.3.2
    Checking base64 v0.22.1
    Checking bytes v1.12.1
    Checking unicode-normalization v0.1.25
    Checking icu_normalizer v2.3.0
    Checking icu_properties v2.3.0
    Checking getrandom v0.4.3
    Checking chacha20 v0.10.1
    Checking futures-core v0.3.34
    Checking regex-syntax v0.8.11
    Checking futures-sink v0.3.34
    Checking unicode-properties v0.1.4
    Checking unicode-bidi v0.3.18
    Checking pin-project-lite v0.2.17
    Checking stringprep v0.1.5
    Checking rand v0.10.2
    Checking num-traits v0.2.19
    Checking idna_adapter v1.2.2
    Checking hmac v0.13.0
    Checking md-5 v0.11.0
    Checking aho-corasick v1.1.5
    Checking socket2 v0.6.5
    Checking mio v1.2.2
    Checking fallible-iterator v0.2.0
    Checking siphasher v1.0.3
    Checking scopeguard v1.2.0
    Checking byteorder v1.5.0
    Checking lock_api v0.4.14
    Checking postgres-protocol v0.6.12
    Checking phf_shared v0.13.1
    Checking regex-automata v0.4.18
    Checking tokio v1.53.1
    Checking ref-cast v1.0.27
    Checking idna v1.1.0
    Checking parking_lot_core v0.9.12
    Checking form_urlencoded v1.2.2
    Checking rand_core v0.9.5
    Checking futures-task v0.3.34
    Checking borrow-or-share v0.2.4
    Checking once_cell v1.21.4
    Checking dyn-clone v1.0.20
    Checking schemars v0.8.22
    Checking tokio-util v0.7.19
    Checking ahash v0.8.12
    Checking fluent-uri v0.3.2
    Checking futures-util v0.3.34
    Checking url v2.5.8
    Checking parking_lot v0.12.5
    Checking regex v1.13.1
    Checking postgres-types v0.2.14
    Checking phf v0.13.1
    Checking chrono v0.4.45
    Checking futures-channel v0.3.34
    Checking whoami v2.1.3
    Checking appendlist v1.4.0
    Checking log v0.4.34
    Checking tokio-postgres v0.7.18
    Checking wamn-event-wire v0.1.0 (/home/kaalin/.cache/wamn-lanes/generate-privileges-20260910/components/events/wire)
    Checking boon v0.6.1
    Checking wamn-execution-contract v0.1.0 (/home/kaalin/.cache/wamn-lanes/generate-privileges-20260910/components/execution/contract)
    Checking ppv-lite86 v0.2.21
    Checking bit-vec v0.8.0
    Checking wamn-component-policy v0.1.0 (/home/kaalin/.cache/wamn-lanes/generate-privileges-20260910/crates/platform/component-policy)
    Checking bit-set v0.8.0
    Checking wamn-catalog v0.1.0 (/home/kaalin/.cache/wamn-lanes/generate-privileges-20260910/crates/catalog/model)
    Checking rand_chacha v0.9.0
    Checking wamn-schema-introspection v0.1.0 (/home/kaalin/.cache/wamn-lanes/generate-privileges-20260910/crates/schema/introspection)
    Checking anyhow v1.0.104
    Checking rand v0.9.5
    Checking rand_xorshift v0.4.0
    Checking unarray v0.1.4
warning: function `canonical_serialized` is never used
   --> crates/catalog/model/src/lib.rs:792:4
    |
792 | fn canonical_serialized(value: &impl Serialize) -> Vec<u8> {
    |    ^^^^^^^^^^^^^^^^^^^^
    |
    = note: `#[warn(dead_code)]` (part of `#[warn(unused)]`) on by default

    Checking hex v0.4.3
warning: `wamn-catalog` (lib) generated 1 warning
    Checking bitflags v2.13.1
    Checking wamn-schema-generator v0.1.0 (/home/kaalin/.cache/wamn-lanes/generate-privileges-20260910/crates/schema/generator)
    Checking proptest v1.11.0
error: you seem to want to iterate on a map's keys
    --> crates/schema/generator/src/generate.rs:1326:22
     |
1326 |     for (name, _) in &declaration.constraint_errors {
     |                      ^^^^^^^^^^^^^^^^^^^^^^^^^^^^^^
     |
     = help: for further information visit https://rust-lang.github.io/rust-clippy/rust-1.98.0/index.html#for_kv_map
     = note: `-D clippy::for-kv-map` implied by `-D warnings`
     = help: to override `-D warnings` add `#[allow(clippy::for_kv_map)]`
help: use the corresponding method
     |
1326 -     for (name, _) in &declaration.constraint_errors {
1326 +     for name in declaration.constraint_errors.keys() {
     |

error: using `contains()` instead of `iter().any()` is more efficient
   --> crates/schema/generator/src/manifest.rs:883:17
    |
883 |               if !dependency
    |  _________________^
884 | |                 .operations
885 | |                 .iter()
886 | |                 .any(|candidate| *candidate == inherited.operation)
    | |___________________________________________________________________^
    |
    = help: for further information visit https://rust-lang.github.io/rust-clippy/rust-1.98.0/index.html#manual_contains
    = note: `-D clippy::manual-contains` implied by `-D warnings`
    = help: to override `-D warnings` add `#[allow(clippy::manual_contains)]`
help: try
    |
883 ~             if !dependency
884 +                 .operations.contains(&inherited.operation)
    |

error: this `if` statement can be collapsed
    --> crates/schema/generator/src/manifest.rs:1075:9
     |
1075 | /         if let Some(limit) = limit {
1076 | |             if limit.minimum == 0 || limit.maximum < limit.minimum {
1077 | |                 return Err(GenerateError::new(
1078 | |                     GenerateErrorKind::InvalidOperation,
...    |
1082 | |         }
     | |_________^
     |
     = help: for further information visit https://rust-lang.github.io/rust-clippy/rust-1.98.0/index.html#collapsible_if
     = note: `-D clippy::collapsible-if` implied by `-D warnings`
     = help: to override `-D warnings` add `#[allow(clippy::collapsible_if)]`
help: collapse nested if block
     |
1075 ~         if let Some(limit) = limit
1076 ~             && (limit.minimum == 0 || limit.maximum < limit.minimum) {
1077 |                 return Err(GenerateError::new(
 ...
1080 |                 ));
1081 ~             }
     |

error: this `if` statement can be collapsed
    --> crates/schema/generator/src/manifest.rs:1107:9
     |
1107 | /         if !field.values.is_empty() {
1108 | |             if field.ty != wamn_schema_introspection::ir::ColumnType::Text
1109 | |                 || field.values.iter().any(String::is_empty)
1110 | |                 || field.values.iter().collect::<BTreeSet<_>>().len() != field.values.len()
...    |
1120 | |         }
     | |_________^
     |
     = help: for further information visit https://rust-lang.github.io/rust-clippy/rust-1.98.0/index.html#collapsible_if
help: collapse nested if block
     |
1107 ~         if !field.values.is_empty()
1108 ~             && (field.ty != wamn_schema_introspection::ir::ColumnType::Text
1109 |                 || field.values.iter().any(String::is_empty)
1110 ~                 || field.values.iter().collect::<BTreeSet<_>>().len() != field.values.len())
1111 |             {
 ...
1118 |                 ));
1119 ~             }
     |

error: case-sensitive file extension comparison
   --> crates/schema/generator/src/materialize.rs:278:12
    |
278 |         if file.path().ends_with(".sql") {
    |            ^^^^^^^^^^^^^^^^^^^^^^^^^^^^^
    |
    = help: consider using a case-insensitive comparison instead
    = help: for further information visit https://rust-lang.github.io/rust-clippy/rust-1.98.0/index.html#case_sensitive_file_extension_comparisons
    = note: `-D clippy::case-sensitive-file-extension-comparisons` implied by `-D warnings`
    = help: to override `-D warnings` add `#[allow(clippy::case_sensitive_file_extension_comparisons)]`
help: use std::path::Path
    |
278 ~         if std::path::Path::new(file.path())
279 +             .extension()
280 ~             .is_some_and(|ext| ext.eq_ignore_ascii_case("sql")) {
    |

error: could not compile `wamn-schema-generator` (lib) due to 5 previous errors
