    Checking wamn-postgres-statements v0.1.0 (/home/kaalin/.cache/wamn-lanes/exclusion-constraints-20260910/components/data/postgres-statements)
    Checking futures-core v0.3.34
    Checking futures-util v0.3.34
    Checking wamn-execution-contract v0.1.0 (/home/kaalin/.cache/wamn-lanes/exclusion-constraints-20260910/components/execution/contract)
    Checking wamn-receiving-data-access v0.1.0 (/home/kaalin/.cache/wamn-lanes/exclusion-constraints-20260910/components/data/receiving-data)
    Checking futures-executor v0.3.34
error: the `Err`-variant returned from this function is very large
  --> /home/kaalin/.cache/wamn-lanes/exclusion-constraints-20260910/components/data/receiving-data/../../../packages/receiving/generated/wamn/location_list.rs:15:6
   |
15 | ) -> Result<Vec<ListLocationsRow>, wamn_postgres_statements::StatementError> {
   |      ^^^^^^^^^^^^^^^^^^^^^^^^^^^^^^^^^^^^^^^^^^^^^^^^^^^^^^^^^^^^^^^^^^^^^^^ the `Err`-variant is at least 144 bytes
   |
   = help: try reducing the size of `wamn_postgres_statements::StatementError`, for example by boxing large elements or replacing it with `Box<wamn_postgres_statements::StatementError>`
   = help: for further information visit https://rust-lang.github.io/rust-clippy/rust-1.98.0/index.html#result_large_err
   = note: `-D clippy::result-large-err` implied by `-D warnings`
   = help: to override `-D warnings` add `#[allow(clippy::result_large_err)]`

error: the `Err`-variant returned from this closure is very large
  --> /home/kaalin/.cache/wamn-lanes/exclusion-constraints-20260910/components/data/receiving-data/../../../packages/receiving/generated/wamn/location_list.rs:18:71
   |
18 |       wamn_postgres_statements::decode_all(LIST_LOCATIONS_DIGEST, rows, |row| {
   |  _______________________________________________________________________^
19 | |         Ok(ListLocationsRow {
20 | |             id: row.decode("id")?,
21 | |             location_code: row.decode("location_code")?,
22 | |         })
23 | |     })
   | |_____^ the `Err`-variant is at least 144 bytes
   |
   = help: try reducing the size of `wamn_postgres_statements::StatementError`, for example by boxing large elements or replacing it with `Box<wamn_postgres_statements::StatementError>`
   = help: for further information visit https://rust-lang.github.io/rust-clippy/rust-1.98.0/index.html#result_large_err

error: the `Err`-variant returned from this function is very large
  --> /home/kaalin/.cache/wamn-lanes/exclusion-constraints-20260910/components/data/receiving-data/../../../packages/receiving/generated/wamn/purchase_order.rs:46:6
   |
46 | ) -> Result<Option<PurchaseOrderRow>, wamn_postgres_statements::StatementError> {
   |      ^^^^^^^^^^^^^^^^^^^^^^^^^^^^^^^^^^^^^^^^^^^^^^^^^^^^^^^^^^^^^^^^^^^^^^^^^^ the `Err`-variant is at least 144 bytes
   |
   = help: try reducing the size of `wamn_postgres_statements::StatementError`, for example by boxing large elements or replacing it with `Box<wamn_postgres_statements::StatementError>`
   = help: for further information visit https://rust-lang.github.io/rust-clippy/rust-1.98.0/index.html#result_large_err

error: the `Err`-variant returned from this closure is very large
  --> /home/kaalin/.cache/wamn-lanes/exclusion-constraints-20260910/components/data/receiving-data/../../../packages/receiving/generated/wamn/purchase_order.rs:50:65
   |
50 |       wamn_postgres_statements::decode_optional(GET_DIGEST, rows, |row| {
   |  _________________________________________________________________^
51 | |         Ok(PurchaseOrderRow {
52 | |             created_at: row.decode("created_at")?,
53 | |             id: row.decode("id")?,
...  |
59 | |         })
60 | |     })
   | |_____^ the `Err`-variant is at least 144 bytes
   |
   = help: try reducing the size of `wamn_postgres_statements::StatementError`, for example by boxing large elements or replacing it with `Box<wamn_postgres_statements::StatementError>`
   = help: for further information visit https://rust-lang.github.io/rust-clippy/rust-1.98.0/index.html#result_large_err

error: the `Err`-variant returned from this function is very large
  --> /home/kaalin/.cache/wamn-lanes/exclusion-constraints-20260910/components/data/receiving-data/../../../packages/receiving/generated/wamn/purchase_order.rs:70:6
   |
70 | ) -> Result<Vec<PurchaseOrderRow>, wamn_postgres_statements::StatementError> {
   |      ^^^^^^^^^^^^^^^^^^^^^^^^^^^^^^^^^^^^^^^^^^^^^^^^^^^^^^^^^^^^^^^^^^^^^^^ the `Err`-variant is at least 144 bytes
   |
   = help: try reducing the size of `wamn_postgres_statements::StatementError`, for example by boxing large elements or replacing it with `Box<wamn_postgres_statements::StatementError>`
   = help: for further information visit https://rust-lang.github.io/rust-clippy/rust-1.98.0/index.html#result_large_err

error: the `Err`-variant returned from this closure is very large
  --> /home/kaalin/.cache/wamn-lanes/exclusion-constraints-20260910/components/data/receiving-data/../../../packages/receiving/generated/wamn/purchase_order.rs:78:64
   |
78 |       wamn_postgres_statements::decode_all(QUERY_0_DIGEST, rows, |row| {
   |  ________________________________________________________________^
79 | |         Ok(PurchaseOrderRow {
80 | |             created_at: row.decode("created_at")?,
81 | |             id: row.decode("id")?,
...  |
87 | |         })
88 | |     })
   | |_____^ the `Err`-variant is at least 144 bytes
   |
   = help: try reducing the size of `wamn_postgres_statements::StatementError`, for example by boxing large elements or replacing it with `Box<wamn_postgres_statements::StatementError>`
   = help: for further information visit https://rust-lang.github.io/rust-clippy/rust-1.98.0/index.html#result_large_err

error: the `Err`-variant returned from this function is very large
  --> /home/kaalin/.cache/wamn-lanes/exclusion-constraints-20260910/components/data/receiving-data/../../../packages/receiving/generated/wamn/purchase_order.rs:98:6
   |
98 | ) -> Result<Vec<PurchaseOrderRow>, wamn_postgres_statements::StatementError> {
   |      ^^^^^^^^^^^^^^^^^^^^^^^^^^^^^^^^^^^^^^^^^^^^^^^^^^^^^^^^^^^^^^^^^^^^^^^ the `Err`-variant is at least 144 bytes
   |
   = help: try reducing the size of `wamn_postgres_statements::StatementError`, for example by boxing large elements or replacing it with `Box<wamn_postgres_statements::StatementError>`
   = help: for further information visit https://rust-lang.github.io/rust-clippy/rust-1.98.0/index.html#result_large_err

error: the `Err`-variant returned from this closure is very large
   --> /home/kaalin/.cache/wamn-lanes/exclusion-constraints-20260910/components/data/receiving-data/../../../packages/receiving/generated/wamn/purchase_order.rs:106:64
    |
106 |       wamn_postgres_statements::decode_all(QUERY_1_DIGEST, rows, |row| {
    |  ________________________________________________________________^
107 | |         Ok(PurchaseOrderRow {
108 | |             created_at: row.decode("created_at")?,
109 | |             id: row.decode("id")?,
...   |
115 | |         })
116 | |     })
    | |_____^ the `Err`-variant is at least 144 bytes
    |
    = help: try reducing the size of `wamn_postgres_statements::StatementError`, for example by boxing large elements or replacing it with `Box<wamn_postgres_statements::StatementError>`
    = help: for further information visit https://rust-lang.github.io/rust-clippy/rust-1.98.0/index.html#result_large_err

error: the `Err`-variant returned from this function is very large
   --> /home/kaalin/.cache/wamn-lanes/exclusion-constraints-20260910/components/data/receiving-data/../../../packages/receiving/generated/wamn/purchase_order.rs:126:6
    |
126 | ) -> Result<Vec<PurchaseOrderRow>, wamn_postgres_statements::StatementError> {
    |      ^^^^^^^^^^^^^^^^^^^^^^^^^^^^^^^^^^^^^^^^^^^^^^^^^^^^^^^^^^^^^^^^^^^^^^^ the `Err`-variant is at least 144 bytes
    |
    = help: try reducing the size of `wamn_postgres_statements::StatementError`, for example by boxing large elements or replacing it with `Box<wamn_postgres_statements::StatementError>`
    = help: for further information visit https://rust-lang.github.io/rust-clippy/rust-1.98.0/index.html#result_large_err

error: the `Err`-variant returned from this closure is very large
   --> /home/kaalin/.cache/wamn-lanes/exclusion-constraints-20260910/components/data/receiving-data/../../../packages/receiving/generated/wamn/purchase_order.rs:134:64
    |
134 |       wamn_postgres_statements::decode_all(QUERY_2_DIGEST, rows, |row| {
    |  ________________________________________________________________^
135 | |         Ok(PurchaseOrderRow {
136 | |             created_at: row.decode("created_at")?,
137 | |             id: row.decode("id")?,
...   |
143 | |         })
144 | |     })
    | |_____^ the `Err`-variant is at least 144 bytes
    |
    = help: try reducing the size of `wamn_postgres_statements::StatementError`, for example by boxing large elements or replacing it with `Box<wamn_postgres_statements::StatementError>`
    = help: for further information visit https://rust-lang.github.io/rust-clippy/rust-1.98.0/index.html#result_large_err

error: the `Err`-variant returned from this function is very large
   --> /home/kaalin/.cache/wamn-lanes/exclusion-constraints-20260910/components/data/receiving-data/../../../packages/receiving/generated/wamn/purchase_order.rs:154:6
    |
154 | ) -> Result<Vec<PurchaseOrderRow>, wamn_postgres_statements::StatementError> {
    |      ^^^^^^^^^^^^^^^^^^^^^^^^^^^^^^^^^^^^^^^^^^^^^^^^^^^^^^^^^^^^^^^^^^^^^^^ the `Err`-variant is at least 144 bytes
    |
    = help: try reducing the size of `wamn_postgres_statements::StatementError`, for example by boxing large elements or replacing it with `Box<wamn_postgres_statements::StatementError>`
    = help: for further information visit https://rust-lang.github.io/rust-clippy/rust-1.98.0/index.html#result_large_err

error: the `Err`-variant returned from this closure is very large
   --> /home/kaalin/.cache/wamn-lanes/exclusion-constraints-20260910/components/data/receiving-data/../../../packages/receiving/generated/wamn/purchase_order.rs:162:64
    |
162 |       wamn_postgres_statements::decode_all(QUERY_3_DIGEST, rows, |row| {
    |  ________________________________________________________________^
163 | |         Ok(PurchaseOrderRow {
164 | |             created_at: row.decode("created_at")?,
165 | |             id: row.decode("id")?,
...   |
171 | |         })
172 | |     })
    | |_____^ the `Err`-variant is at least 144 bytes
    |
    = help: try reducing the size of `wamn_postgres_statements::StatementError`, for example by boxing large elements or replacing it with `Box<wamn_postgres_statements::StatementError>`
    = help: for further information visit https://rust-lang.github.io/rust-clippy/rust-1.98.0/index.html#result_large_err

error: the `Err`-variant returned from this function is very large
   --> /home/kaalin/.cache/wamn-lanes/exclusion-constraints-20260910/components/data/receiving-data/../../../packages/receiving/generated/wamn/purchase_order.rs:182:6
    |
182 | ) -> Result<Vec<PurchaseOrderRow>, wamn_postgres_statements::StatementError> {
    |      ^^^^^^^^^^^^^^^^^^^^^^^^^^^^^^^^^^^^^^^^^^^^^^^^^^^^^^^^^^^^^^^^^^^^^^^ the `Err`-variant is at least 144 bytes
    |
    = help: try reducing the size of `wamn_postgres_statements::StatementError`, for example by boxing large elements or replacing it with `Box<wamn_postgres_statements::StatementError>`
    = help: for further information visit https://rust-lang.github.io/rust-clippy/rust-1.98.0/index.html#result_large_err

error: the `Err`-variant returned from this closure is very large
   --> /home/kaalin/.cache/wamn-lanes/exclusion-constraints-20260910/components/data/receiving-data/../../../packages/receiving/generated/wamn/purchase_order.rs:190:64
    |
190 |       wamn_postgres_statements::decode_all(QUERY_4_DIGEST, rows, |row| {
    |  ________________________________________________________________^
191 | |         Ok(PurchaseOrderRow {
192 | |             created_at: row.decode("created_at")?,
193 | |             id: row.decode("id")?,
...   |
199 | |         })
200 | |     })
    | |_____^ the `Err`-variant is at least 144 bytes
    |
    = help: try reducing the size of `wamn_postgres_statements::StatementError`, for example by boxing large elements or replacing it with `Box<wamn_postgres_statements::StatementError>`
    = help: for further information visit https://rust-lang.github.io/rust-clippy/rust-1.98.0/index.html#result_large_err

error: the `Err`-variant returned from this function is very large
   --> /home/kaalin/.cache/wamn-lanes/exclusion-constraints-20260910/components/data/receiving-data/../../../packages/receiving/generated/wamn/purchase_order.rs:210:6
    |
210 | ) -> Result<Vec<PurchaseOrderRow>, wamn_postgres_statements::StatementError> {
    |      ^^^^^^^^^^^^^^^^^^^^^^^^^^^^^^^^^^^^^^^^^^^^^^^^^^^^^^^^^^^^^^^^^^^^^^^ the `Err`-variant is at least 144 bytes
    |
    = help: try reducing the size of `wamn_postgres_statements::StatementError`, for example by boxing large elements or replacing it with `Box<wamn_postgres_statements::StatementError>`
    = help: for further information visit https://rust-lang.github.io/rust-clippy/rust-1.98.0/index.html#result_large_err

error: the `Err`-variant returned from this closure is very large
   --> /home/kaalin/.cache/wamn-lanes/exclusion-constraints-20260910/components/data/receiving-data/../../../packages/receiving/generated/wamn/purchase_order.rs:218:64
    |
218 |       wamn_postgres_statements::decode_all(QUERY_5_DIGEST, rows, |row| {
    |  ________________________________________________________________^
219 | |         Ok(PurchaseOrderRow {
220 | |             created_at: row.decode("created_at")?,
221 | |             id: row.decode("id")?,
...   |
227 | |         })
228 | |     })
    | |_____^ the `Err`-variant is at least 144 bytes
    |
    = help: try reducing the size of `wamn_postgres_statements::StatementError`, for example by boxing large elements or replacing it with `Box<wamn_postgres_statements::StatementError>`
    = help: for further information visit https://rust-lang.github.io/rust-clippy/rust-1.98.0/index.html#result_large_err

error: the `Err`-variant returned from this function is very large
   --> /home/kaalin/.cache/wamn-lanes/exclusion-constraints-20260910/components/data/receiving-data/../../../packages/receiving/generated/wamn/purchase_order.rs:237:6
    |
237 | ) -> Result<PurchaseOrderUpdateRow, wamn_postgres_statements::StatementError> {
    |      ^^^^^^^^^^^^^^^^^^^^^^^^^^^^^^^^^^^^^^^^^^^^^^^^^^^^^^^^^^^^^^^^^^^^^^^^ the `Err`-variant is at least 144 bytes
    |
    = help: try reducing the size of `wamn_postgres_statements::StatementError`, for example by boxing large elements or replacing it with `Box<wamn_postgres_statements::StatementError>`
    = help: for further information visit https://rust-lang.github.io/rust-clippy/rust-1.98.0/index.html#result_large_err

error: the `Err`-variant returned from this closure is very large
   --> /home/kaalin/.cache/wamn-lanes/exclusion-constraints-20260910/components/data/receiving-data/../../../packages/receiving/generated/wamn/purchase_order.rs:244:63
    |
244 |       wamn_postgres_statements::decode_one(UPDATE_DIGEST, rows, |row| {
    |  _______________________________________________________________^
245 | |         Ok(PurchaseOrderUpdateRow {
246 | |             outcome: row.decode("outcome")?,
247 | |             observed_row_version: row.decode("observed_row_version")?,
...   |
255 | |         })
256 | |     })
    | |_____^ the `Err`-variant is at least 144 bytes
    |
    = help: try reducing the size of `wamn_postgres_statements::StatementError`, for example by boxing large elements or replacing it with `Box<wamn_postgres_statements::StatementError>`
    = help: for further information visit https://rust-lang.github.io/rust-clippy/rust-1.98.0/index.html#result_large_err

error: the `Err`-variant returned from this function is very large
  --> /home/kaalin/.cache/wamn-lanes/exclusion-constraints-20260910/components/data/receiving-data/../../../packages/receiving/generated/wamn/receipt.rs:21:6
   |
21 | ) -> Result<Option<ReceiptRow>, wamn_postgres_statements::StatementError> {
   |      ^^^^^^^^^^^^^^^^^^^^^^^^^^^^^^^^^^^^^^^^^^^^^^^^^^^^^^^^^^^^^^^^^^^^ the `Err`-variant is at least 144 bytes
   |
   = help: try reducing the size of `wamn_postgres_statements::StatementError`, for example by boxing large elements or replacing it with `Box<wamn_postgres_statements::StatementError>`
   = help: for further information visit https://rust-lang.github.io/rust-clippy/rust-1.98.0/index.html#result_large_err

error: the `Err`-variant returned from this closure is very large
  --> /home/kaalin/.cache/wamn-lanes/exclusion-constraints-20260910/components/data/receiving-data/../../../packages/receiving/generated/wamn/receipt.rs:25:65
   |
25 |       wamn_postgres_statements::decode_optional(GET_DIGEST, rows, |row| {
   |  _________________________________________________________________^
26 | |         Ok(ReceiptRow {
27 | |             created_at: row.decode("created_at")?,
28 | |             id: row.decode("id")?,
...  |
33 | |         })
34 | |     })
   | |_____^ the `Err`-variant is at least 144 bytes
   |
   = help: try reducing the size of `wamn_postgres_statements::StatementError`, for example by boxing large elements or replacing it with `Box<wamn_postgres_statements::StatementError>`
   = help: for further information visit https://rust-lang.github.io/rust-clippy/rust-1.98.0/index.html#result_large_err

error: the `Err`-variant returned from this function is very large
  --> /home/kaalin/.cache/wamn-lanes/exclusion-constraints-20260910/components/data/receiving-data/../../../packages/receiving/generated/wamn/receipt.rs:42:6
   |
42 | ) -> Result<Vec<ReceiptRow>, wamn_postgres_statements::StatementError> {
   |      ^^^^^^^^^^^^^^^^^^^^^^^^^^^^^^^^^^^^^^^^^^^^^^^^^^^^^^^^^^^^^^^^^ the `Err`-variant is at least 144 bytes
   |
   = help: try reducing the size of `wamn_postgres_statements::StatementError`, for example by boxing large elements or replacing it with `Box<wamn_postgres_statements::StatementError>`
   = help: for further information visit https://rust-lang.github.io/rust-clippy/rust-1.98.0/index.html#result_large_err

error: the `Err`-variant returned from this closure is very large
  --> /home/kaalin/.cache/wamn-lanes/exclusion-constraints-20260910/components/data/receiving-data/../../../packages/receiving/generated/wamn/receipt.rs:48:62
   |
48 |       wamn_postgres_statements::decode_all(QUERY_DIGEST, rows, |row| {
   |  ______________________________________________________________^
49 | |         Ok(ReceiptRow {
50 | |             created_at: row.decode("created_at")?,
51 | |             id: row.decode("id")?,
...  |
56 | |         })
57 | |     })
   | |_____^ the `Err`-variant is at least 144 bytes
   |
   = help: try reducing the size of `wamn_postgres_statements::StatementError`, for example by boxing large elements or replacing it with `Box<wamn_postgres_statements::StatementError>`
   = help: for further information visit https://rust-lang.github.io/rust-clippy/rust-1.98.0/index.html#result_large_err

error: the `Err`-variant returned from this function is very large
  --> /home/kaalin/.cache/wamn-lanes/exclusion-constraints-20260910/components/data/receiving-data/../../../packages/receiving/generated/wamn/receiving_record_receipt.rs:72:6
   |
72 | ) -> Result<Option<ClaimCommandRow>, wamn_postgres_statements::StatementError> {
   |      ^^^^^^^^^^^^^^^^^^^^^^^^^^^^^^^^^^^^^^^^^^^^^^^^^^^^^^^^^^^^^^^^^^^^^^^^^ the `Err`-variant is at least 144 bytes
   |
   = help: try reducing the size of `wamn_postgres_statements::StatementError`, for example by boxing large elements or replacing it with `Box<wamn_postgres_statements::StatementError>`
   = help: for further information visit https://rust-lang.github.io/rust-clippy/rust-1.98.0/index.html#result_large_err

error: the `Err`-variant returned from this closure is very large
  --> /home/kaalin/.cache/wamn-lanes/exclusion-constraints-20260910/components/data/receiving-data/../../../packages/receiving/generated/wamn/receiving_record_receipt.rs:78:75
   |
78 |       wamn_postgres_statements::decode_optional(CLAIM_COMMAND_DIGEST, rows, |row| {
   |  ___________________________________________________________________________^
79 | |         Ok(ClaimCommandRow {
80 | |             receipt_id: row.decode("receipt_id")?,
81 | |         })
82 | |     })
   | |_____^ the `Err`-variant is at least 144 bytes
   |
   = help: try reducing the size of `wamn_postgres_statements::StatementError`, for example by boxing large elements or replacing it with `Box<wamn_postgres_statements::StatementError>`
   = help: for further information visit https://rust-lang.github.io/rust-clippy/rust-1.98.0/index.html#result_large_err

error: the `Err`-variant returned from this function is very large
  --> /home/kaalin/.cache/wamn-lanes/exclusion-constraints-20260910/components/data/receiving-data/../../../packages/receiving/generated/wamn/receiving_record_receipt.rs:92:6
   |
92 | ) -> Result<FinalizeCommandRow, wamn_postgres_statements::StatementError> {
   |      ^^^^^^^^^^^^^^^^^^^^^^^^^^^^^^^^^^^^^^^^^^^^^^^^^^^^^^^^^^^^^^^^^^^^ the `Err`-variant is at least 144 bytes
   |
   = help: try reducing the size of `wamn_postgres_statements::StatementError`, for example by boxing large elements or replacing it with `Box<wamn_postgres_statements::StatementError>`
   = help: for further information visit https://rust-lang.github.io/rust-clippy/rust-1.98.0/index.html#result_large_err

error: the `Err`-variant returned from this closure is very large
   --> /home/kaalin/.cache/wamn-lanes/exclusion-constraints-20260910/components/data/receiving-data/../../../packages/receiving/generated/wamn/receiving_record_receipt.rs:100:73
    |
100 |       wamn_postgres_statements::decode_one(FINALIZE_COMMAND_DIGEST, rows, |row| {
    |  _________________________________________________________________________^
101 | |         Ok(FinalizeCommandRow {
102 | |             purchase_order_status: row.decode("purchase_order_status")?,
103 | |             row_version: row.decode("row_version")?,
104 | |         })
105 | |     })
    | |_____^ the `Err`-variant is at least 144 bytes
    |
    = help: try reducing the size of `wamn_postgres_statements::StatementError`, for example by boxing large elements or replacing it with `Box<wamn_postgres_statements::StatementError>`
    = help: for further information visit https://rust-lang.github.io/rust-clippy/rust-1.98.0/index.html#result_large_err

error: the `Err`-variant returned from this function is very large
   --> /home/kaalin/.cache/wamn-lanes/exclusion-constraints-20260910/components/data/receiving-data/../../../packages/receiving/generated/wamn/receiving_record_receipt.rs:111:6
    |
111 | ) -> Result<Option<FindReplayRow>, wamn_postgres_statements::StatementError> {
    |      ^^^^^^^^^^^^^^^^^^^^^^^^^^^^^^^^^^^^^^^^^^^^^^^^^^^^^^^^^^^^^^^^^^^^^^^ the `Err`-variant is at least 144 bytes
    |
    = help: try reducing the size of `wamn_postgres_statements::StatementError`, for example by boxing large elements or replacing it with `Box<wamn_postgres_statements::StatementError>`
    = help: for further information visit https://rust-lang.github.io/rust-clippy/rust-1.98.0/index.html#result_large_err

error: the `Err`-variant returned from this closure is very large
   --> /home/kaalin/.cache/wamn-lanes/exclusion-constraints-20260910/components/data/receiving-data/../../../packages/receiving/generated/wamn/receiving_record_receipt.rs:115:73
    |
115 |       wamn_postgres_statements::decode_optional(FIND_REPLAY_DIGEST, rows, |row| {
    |  _________________________________________________________________________^
116 | |         Ok(FindReplayRow {
117 | |             canonical_command: row.decode("canonical_command")?,
118 | |             receipt_id: row.decode("receipt_id")?,
...   |
122 | |         })
123 | |     })
    | |_____^ the `Err`-variant is at least 144 bytes
    |
    = help: try reducing the size of `wamn_postgres_statements::StatementError`, for example by boxing large elements or replacing it with `Box<wamn_postgres_statements::StatementError>`
    = help: for further information visit https://rust-lang.github.io/rust-clippy/rust-1.98.0/index.html#result_large_err

error: the `Err`-variant returned from this function is very large
   --> /home/kaalin/.cache/wamn-lanes/exclusion-constraints-20260910/components/data/receiving-data/../../../packages/receiving/generated/wamn/receiving_record_receipt.rs:129:6
    |
129 | ) -> Result<FinishPurchaseOrderRow, wamn_postgres_statements::StatementError> {
    |      ^^^^^^^^^^^^^^^^^^^^^^^^^^^^^^^^^^^^^^^^^^^^^^^^^^^^^^^^^^^^^^^^^^^^^^^^ the `Err`-variant is at least 144 bytes
    |
    = help: try reducing the size of `wamn_postgres_statements::StatementError`, for example by boxing large elements or replacing it with `Box<wamn_postgres_statements::StatementError>`
    = help: for further information visit https://rust-lang.github.io/rust-clippy/rust-1.98.0/index.html#result_large_err

error: the `Err`-variant returned from this closure is very large
   --> /home/kaalin/.cache/wamn-lanes/exclusion-constraints-20260910/components/data/receiving-data/../../../packages/receiving/generated/wamn/receiving_record_receipt.rs:133:78
    |
133 |       wamn_postgres_statements::decode_one(FINISH_PURCHASE_ORDER_DIGEST, rows, |row| {
    |  ______________________________________________________________________________^
134 | |         Ok(FinishPurchaseOrderRow {
135 | |             status: row.decode("status")?,
136 | |             row_version: row.decode("row_version")?,
137 | |         })
138 | |     })
    | |_____^ the `Err`-variant is at least 144 bytes
    |
    = help: try reducing the size of `wamn_postgres_statements::StatementError`, for example by boxing large elements or replacing it with `Box<wamn_postgres_statements::StatementError>`
    = help: for further information visit https://rust-lang.github.io/rust-clippy/rust-1.98.0/index.html#result_large_err

error: the `Err`-variant returned from this function is very large
   --> /home/kaalin/.cache/wamn-lanes/exclusion-constraints-20260910/components/data/receiving-data/../../../packages/receiving/generated/wamn/receiving_record_receipt.rs:148:6
    |
148 | ) -> Result<InsertReceiptRow, wamn_postgres_statements::StatementError> {
    |      ^^^^^^^^^^^^^^^^^^^^^^^^^^^^^^^^^^^^^^^^^^^^^^^^^^^^^^^^^^^^^^^^^^ the `Err`-variant is at least 144 bytes
    |
    = help: try reducing the size of `wamn_postgres_statements::StatementError`, for example by boxing large elements or replacing it with `Box<wamn_postgres_statements::StatementError>`
    = help: for further information visit https://rust-lang.github.io/rust-clippy/rust-1.98.0/index.html#result_large_err

error: the `Err`-variant returned from this closure is very large
   --> /home/kaalin/.cache/wamn-lanes/exclusion-constraints-20260910/components/data/receiving-data/../../../packages/receiving/generated/wamn/receiving_record_receipt.rs:156:71
    |
156 |       wamn_postgres_statements::decode_one(INSERT_RECEIPT_DIGEST, rows, |row| {
    |  _______________________________________________________________________^
157 | |         Ok(InsertReceiptRow {
158 | |             id: row.decode("id")?,
159 | |         })
160 | |     })
    | |_____^ the `Err`-variant is at least 144 bytes
    |
    = help: try reducing the size of `wamn_postgres_statements::StatementError`, for example by boxing large elements or replacing it with `Box<wamn_postgres_statements::StatementError>`
    = help: for further information visit https://rust-lang.github.io/rust-clippy/rust-1.98.0/index.html#result_large_err

error: the `Err`-variant returned from this function is very large
   --> /home/kaalin/.cache/wamn-lanes/exclusion-constraints-20260910/components/data/receiving-data/../../../packages/receiving/generated/wamn/receiving_record_receipt.rs:167:6
    |
167 | ) -> Result<Vec<InsertReceiptLineRow>, wamn_postgres_statements::StatementError> {
    |      ^^^^^^^^^^^^^^^^^^^^^^^^^^^^^^^^^^^^^^^^^^^^^^^^^^^^^^^^^^^^^^^^^^^^^^^^^^^ the `Err`-variant is at least 144 bytes
    |
    = help: try reducing the size of `wamn_postgres_statements::StatementError`, for example by boxing large elements or replacing it with `Box<wamn_postgres_statements::StatementError>`
    = help: for further information visit https://rust-lang.github.io/rust-clippy/rust-1.98.0/index.html#result_large_err

error: the `Err`-variant returned from this closure is very large
   --> /home/kaalin/.cache/wamn-lanes/exclusion-constraints-20260910/components/data/receiving-data/../../../packages/receiving/generated/wamn/receiving_record_receipt.rs:172:76
    |
172 |       wamn_postgres_statements::decode_all(INSERT_RECEIPT_LINE_DIGEST, rows, |row| {
    |  ____________________________________________________________________________^
173 | |         Ok(InsertReceiptLineRow {
174 | |             id: row.decode("id")?,
175 | |         })
176 | |     })
    | |_____^ the `Err`-variant is at least 144 bytes
    |
    = help: try reducing the size of `wamn_postgres_statements::StatementError`, for example by boxing large elements or replacing it with `Box<wamn_postgres_statements::StatementError>`
    = help: for further information visit https://rust-lang.github.io/rust-clippy/rust-1.98.0/index.html#result_large_err

error: the `Err`-variant returned from this function is very large
   --> /home/kaalin/.cache/wamn-lanes/exclusion-constraints-20260910/components/data/receiving-data/../../../packages/receiving/generated/wamn/receiving_record_receipt.rs:182:6
    |
182 | ) -> Result<Option<LockPurchaseOrderRow>, wamn_postgres_statements::StatementError> {
    |      ^^^^^^^^^^^^^^^^^^^^^^^^^^^^^^^^^^^^^^^^^^^^^^^^^^^^^^^^^^^^^^^^^^^^^^^^^^^^^^ the `Err`-variant is at least 144 bytes
    |
    = help: try reducing the size of `wamn_postgres_statements::StatementError`, for example by boxing large elements or replacing it with `Box<wamn_postgres_statements::StatementError>`
    = help: for further information visit https://rust-lang.github.io/rust-clippy/rust-1.98.0/index.html#result_large_err

error: the `Err`-variant returned from this closure is very large
   --> /home/kaalin/.cache/wamn-lanes/exclusion-constraints-20260910/components/data/receiving-data/../../../packages/receiving/generated/wamn/receiving_record_receipt.rs:186:81
    |
186 |       wamn_postgres_statements::decode_optional(LOCK_PURCHASE_ORDER_DIGEST, rows, |row| {
    |  _________________________________________________________________________________^
187 | |         Ok(LockPurchaseOrderRow {
188 | |             status: row.decode("status")?,
189 | |         })
190 | |     })
    | |_____^ the `Err`-variant is at least 144 bytes
    |
    = help: try reducing the size of `wamn_postgres_statements::StatementError`, for example by boxing large elements or replacing it with `Box<wamn_postgres_statements::StatementError>`
    = help: for further information visit https://rust-lang.github.io/rust-clippy/rust-1.98.0/index.html#result_large_err

error: the `Err`-variant returned from this function is very large
   --> /home/kaalin/.cache/wamn-lanes/exclusion-constraints-20260910/components/data/receiving-data/../../../packages/receiving/generated/wamn/receiving_record_receipt.rs:197:6
    |
197 | ) -> Result<Vec<UpdatePurchaseOrderLineRow>, wamn_postgres_statements::StatementError> {
    |      ^^^^^^^^^^^^^^^^^^^^^^^^^^^^^^^^^^^^^^^^^^^^^^^^^^^^^^^^^^^^^^^^^^^^^^^^^^^^^^^^^ the `Err`-variant is at least 144 bytes
    |
    = help: try reducing the size of `wamn_postgres_statements::StatementError`, for example by boxing large elements or replacing it with `Box<wamn_postgres_statements::StatementError>`
    = help: for further information visit https://rust-lang.github.io/rust-clippy/rust-1.98.0/index.html#result_large_err

error: the `Err`-variant returned from this closure is very large
   --> /home/kaalin/.cache/wamn-lanes/exclusion-constraints-20260910/components/data/receiving-data/../../../packages/receiving/generated/wamn/receiving_record_receipt.rs:202:83
    |
202 |       wamn_postgres_statements::decode_all(UPDATE_PURCHASE_ORDER_LINE_DIGEST, rows, |row| {
    |  ___________________________________________________________________________________^
203 | |         Ok(UpdatePurchaseOrderLineRow {
204 | |             id: row.decode("id")?,
205 | |         })
206 | |     })
    | |_____^ the `Err`-variant is at least 144 bytes
    |
    = help: try reducing the size of `wamn_postgres_statements::StatementError`, for example by boxing large elements or replacing it with `Box<wamn_postgres_statements::StatementError>`
    = help: for further information visit https://rust-lang.github.io/rust-clippy/rust-1.98.0/index.html#result_large_err

error: the `Err`-variant returned from this function is very large
   --> /home/kaalin/.cache/wamn-lanes/exclusion-constraints-20260910/components/data/receiving-data/../../../packages/receiving/generated/wamn/receiving_record_receipt.rs:213:6
    |
213 | ) -> Result<ValidateReceiptLineRow, wamn_postgres_statements::StatementError> {
    |      ^^^^^^^^^^^^^^^^^^^^^^^^^^^^^^^^^^^^^^^^^^^^^^^^^^^^^^^^^^^^^^^^^^^^^^^^ the `Err`-variant is at least 144 bytes
    |
    = help: try reducing the size of `wamn_postgres_statements::StatementError`, for example by boxing large elements or replacing it with `Box<wamn_postgres_statements::StatementError>`
    = help: for further information visit https://rust-lang.github.io/rust-clippy/rust-1.98.0/index.html#result_large_err

error: the `Err`-variant returned from this closure is very large
   --> /home/kaalin/.cache/wamn-lanes/exclusion-constraints-20260910/components/data/receiving-data/../../../packages/receiving/generated/wamn/receiving_record_receipt.rs:218:78
    |
218 |       wamn_postgres_statements::decode_one(VALIDATE_RECEIPT_LINE_DIGEST, rows, |row| {
    |  ______________________________________________________________________________^
219 | |         Ok(ValidateReceiptLineRow {
220 | |             outcome: row.decode("outcome")?,
221 | |             id: row.decode("id")?,
222 | |         })
223 | |     })
    | |_____^ the `Err`-variant is at least 144 bytes
    |
    = help: try reducing the size of `wamn_postgres_statements::StatementError`, for example by boxing large elements or replacing it with `Box<wamn_postgres_statements::StatementError>`
    = help: for further information visit https://rust-lang.github.io/rust-clippy/rust-1.98.0/index.html#result_large_err

error: the `Err`-variant returned from this function is very large
  --> /home/kaalin/.cache/wamn-lanes/exclusion-constraints-20260910/components/data/receiving-data/../../../packages/receiving/generated/wamn/receiving_load_receipt_screen.rs:26:6
   |
26 | ) -> Result<Vec<LoadReceiptScreenRow>, wamn_postgres_statements::StatementError> {
   |      ^^^^^^^^^^^^^^^^^^^^^^^^^^^^^^^^^^^^^^^^^^^^^^^^^^^^^^^^^^^^^^^^^^^^^^^^^^^ the `Err`-variant is at least 144 bytes
   |
   = help: try reducing the size of `wamn_postgres_statements::StatementError`, for example by boxing large elements or replacing it with `Box<wamn_postgres_statements::StatementError>`
   = help: for further information visit https://rust-lang.github.io/rust-clippy/rust-1.98.0/index.html#result_large_err

error: the `Err`-variant returned from this closure is very large
  --> /home/kaalin/.cache/wamn-lanes/exclusion-constraints-20260910/components/data/receiving-data/../../../packages/receiving/generated/wamn/receiving_load_receipt_screen.rs:30:76
   |
30 |       wamn_postgres_statements::decode_all(LOAD_RECEIPT_SCREEN_DIGEST, rows, |row| {
   |  ____________________________________________________________________________^
31 | |         Ok(LoadReceiptScreenRow {
32 | |             purchase_order_id: row.decode("purchase_order_id")?,
33 | |             purchase_order_number: row.decode("purchase_order_number")?,
...  |
44 | |         })
45 | |     })
   | |_____^ the `Err`-variant is at least 144 bytes
   |
   = help: try reducing the size of `wamn_postgres_statements::StatementError`, for example by boxing large elements or replacing it with `Box<wamn_postgres_statements::StatementError>`
   = help: for further information visit https://rust-lang.github.io/rust-clippy/rust-1.98.0/index.html#result_large_err

    Checking wamn-client-acme-receiving-data-access v0.1.0 (/home/kaalin/.cache/wamn-lanes/exclusion-constraints-20260910/components/data/client-acme-receiving-data)
error: could not compile `wamn-receiving-data-access` (lib) due to 42 previous errors
warning: build failed, waiting for other jobs to finish...
error: the `Err`-variant returned from this function is very large
  --> /home/kaalin/.cache/wamn-lanes/exclusion-constraints-20260910/components/data/client-acme-receiving-data/../../../packages/client_acme_receiving/generated/wamn/purchase_order.rs:44:6
   |
44 | ) -> Result<Option<PurchaseOrderRow>, wamn_postgres_statements::StatementError> {
   |      ^^^^^^^^^^^^^^^^^^^^^^^^^^^^^^^^^^^^^^^^^^^^^^^^^^^^^^^^^^^^^^^^^^^^^^^^^^ the `Err`-variant is at least 144 bytes
   |
   = help: try reducing the size of `wamn_postgres_statements::StatementError`, for example by boxing large elements or replacing it with `Box<wamn_postgres_statements::StatementError>`
   = help: for further information visit https://rust-lang.github.io/rust-clippy/rust-1.98.0/index.html#result_large_err
   = note: `-D clippy::result-large-err` implied by `-D warnings`
   = help: to override `-D warnings` add `#[allow(clippy::result_large_err)]`

error: the `Err`-variant returned from this closure is very large
  --> /home/kaalin/.cache/wamn-lanes/exclusion-constraints-20260910/components/data/client-acme-receiving-data/../../../packages/client_acme_receiving/generated/wamn/purchase_order.rs:48:65
   |
48 |       wamn_postgres_statements::decode_optional(GET_DIGEST, rows, |row| {
   |  _________________________________________________________________^
49 | |         Ok(PurchaseOrderRow {
50 | |             acme_inspection_required: row.decode("acme_inspection_required")?,
51 | |             acme_quality_status: row.decode("acme_quality_status")?,
...  |
59 | |         })
60 | |     })
   | |_____^ the `Err`-variant is at least 144 bytes
   |
   = help: try reducing the size of `wamn_postgres_statements::StatementError`, for example by boxing large elements or replacing it with `Box<wamn_postgres_statements::StatementError>`
   = help: for further information visit https://rust-lang.github.io/rust-clippy/rust-1.98.0/index.html#result_large_err

error: the `Err`-variant returned from this function is very large
  --> /home/kaalin/.cache/wamn-lanes/exclusion-constraints-20260910/components/data/client-acme-receiving-data/../../../packages/client_acme_receiving/generated/wamn/purchase_order.rs:71:6
   |
71 | ) -> Result<PurchaseOrderUpdateRow, wamn_postgres_statements::StatementError> {
   |      ^^^^^^^^^^^^^^^^^^^^^^^^^^^^^^^^^^^^^^^^^^^^^^^^^^^^^^^^^^^^^^^^^^^^^^^^ the `Err`-variant is at least 144 bytes
   |
   = help: try reducing the size of `wamn_postgres_statements::StatementError`, for example by boxing large elements or replacing it with `Box<wamn_postgres_statements::StatementError>`
   = help: for further information visit https://rust-lang.github.io/rust-clippy/rust-1.98.0/index.html#result_large_err

error: the `Err`-variant returned from this closure is very large
  --> /home/kaalin/.cache/wamn-lanes/exclusion-constraints-20260910/components/data/client-acme-receiving-data/../../../packages/client_acme_receiving/generated/wamn/purchase_order.rs:80:63
   |
80 |       wamn_postgres_statements::decode_one(UPDATE_DIGEST, rows, |row| {
   |  _______________________________________________________________^
81 | |         Ok(PurchaseOrderUpdateRow {
82 | |             outcome: row.decode("outcome")?,
83 | |             observed_row_version: row.decode("observed_row_version")?,
...  |
93 | |         })
94 | |     })
   | |_____^ the `Err`-variant is at least 144 bytes
   |
   = help: try reducing the size of `wamn_postgres_statements::StatementError`, for example by boxing large elements or replacing it with `Box<wamn_postgres_statements::StatementError>`
   = help: for further information visit https://rust-lang.github.io/rust-clippy/rust-1.98.0/index.html#result_large_err

error: the `Err`-variant returned from this function is very large
  --> /home/kaalin/.cache/wamn-lanes/exclusion-constraints-20260910/components/data/client-acme-receiving-data/../../../packages/client_acme_receiving/generated/wamn/quality_approve_inspection.rs:22:6
   |
22 | ) -> Result<ApproveInspectionRow, wamn_postgres_statements::StatementError> {
   |      ^^^^^^^^^^^^^^^^^^^^^^^^^^^^^^^^^^^^^^^^^^^^^^^^^^^^^^^^^^^^^^^^^^^^^^ the `Err`-variant is at least 144 bytes
   |
   = help: try reducing the size of `wamn_postgres_statements::StatementError`, for example by boxing large elements or replacing it with `Box<wamn_postgres_statements::StatementError>`
   = help: for further information visit https://rust-lang.github.io/rust-clippy/rust-1.98.0/index.html#result_large_err

error: the `Err`-variant returned from this closure is very large
  --> /home/kaalin/.cache/wamn-lanes/exclusion-constraints-20260910/components/data/client-acme-receiving-data/../../../packages/client_acme_receiving/generated/wamn/quality_approve_inspection.rs:27:75
   |
27 |       wamn_postgres_statements::decode_one(APPROVE_INSPECTION_DIGEST, rows, |row| {
   |  ___________________________________________________________________________^
28 | |         Ok(ApproveInspectionRow {
29 | |             outcome: row.decode("outcome")?,
30 | |             observed_row_version: row.decode("observed_row_version")?,
...  |
36 | |         })
37 | |     })
   | |_____^ the `Err`-variant is at least 144 bytes
   |
   = help: try reducing the size of `wamn_postgres_statements::StatementError`, for example by boxing large elements or replacing it with `Box<wamn_postgres_statements::StatementError>`
   = help: for further information visit https://rust-lang.github.io/rust-clippy/rust-1.98.0/index.html#result_large_err

error: the `Err`-variant returned from this function is very large
  --> /home/kaalin/.cache/wamn-lanes/exclusion-constraints-20260910/components/data/client-acme-receiving-data/../../../packages/client_acme_receiving/generated/wamn/quality_create_inspection.rs:21:6
   |
21 | ) -> Result<Option<InsertInspectionRow>, wamn_postgres_statements::StatementError> {
   |      ^^^^^^^^^^^^^^^^^^^^^^^^^^^^^^^^^^^^^^^^^^^^^^^^^^^^^^^^^^^^^^^^^^^^^^^^^^^^^ the `Err`-variant is at least 144 bytes
   |
   = help: try reducing the size of `wamn_postgres_statements::StatementError`, for example by boxing large elements or replacing it with `Box<wamn_postgres_statements::StatementError>`
   = help: for further information visit https://rust-lang.github.io/rust-clippy/rust-1.98.0/index.html#result_large_err

error: the `Err`-variant returned from this closure is very large
  --> /home/kaalin/.cache/wamn-lanes/exclusion-constraints-20260910/components/data/client-acme-receiving-data/../../../packages/client_acme_receiving/generated/wamn/quality_create_inspection.rs:25:79
   |
25 |       wamn_postgres_statements::decode_optional(INSERT_INSPECTION_DIGEST, rows, |row| {
   |  _______________________________________________________________________________^
26 | |         Ok(InsertInspectionRow {
27 | |             receipt_id: row.decode("receipt_id")?,
28 | |         })
29 | |     })
   | |_____^ the `Err`-variant is at least 144 bytes
   |
   = help: try reducing the size of `wamn_postgres_statements::StatementError`, for example by boxing large elements or replacing it with `Box<wamn_postgres_statements::StatementError>`
   = help: for further information visit https://rust-lang.github.io/rust-clippy/rust-1.98.0/index.html#result_large_err

error: the `Err`-variant returned from this function is very large
  --> /home/kaalin/.cache/wamn-lanes/exclusion-constraints-20260910/components/data/client-acme-receiving-data/../../../packages/client_acme_receiving/generated/wamn/quality_create_inspection.rs:35:6
   |
35 | ) -> Result<Option<LoadInspectionRow>, wamn_postgres_statements::StatementError> {
   |      ^^^^^^^^^^^^^^^^^^^^^^^^^^^^^^^^^^^^^^^^^^^^^^^^^^^^^^^^^^^^^^^^^^^^^^^^^^^ the `Err`-variant is at least 144 bytes
   |
   = help: try reducing the size of `wamn_postgres_statements::StatementError`, for example by boxing large elements or replacing it with `Box<wamn_postgres_statements::StatementError>`
   = help: for further information visit https://rust-lang.github.io/rust-clippy/rust-1.98.0/index.html#result_large_err

error: the `Err`-variant returned from this closure is very large
  --> /home/kaalin/.cache/wamn-lanes/exclusion-constraints-20260910/components/data/client-acme-receiving-data/../../../packages/client_acme_receiving/generated/wamn/quality_create_inspection.rs:39:77
   |
39 |       wamn_postgres_statements::decode_optional(LOAD_INSPECTION_DIGEST, rows, |row| {
   |  _____________________________________________________________________________^
40 | |         Ok(LoadInspectionRow {
41 | |             receipt_id: row.decode("receipt_id")?,
42 | |         })
43 | |     })
   | |_____^ the `Err`-variant is at least 144 bytes
   |
   = help: try reducing the size of `wamn_postgres_statements::StatementError`, for example by boxing large elements or replacing it with `Box<wamn_postgres_statements::StatementError>`
   = help: for further information visit https://rust-lang.github.io/rust-clippy/rust-1.98.0/index.html#result_large_err

error: the `Err`-variant returned from this function is very large
  --> /home/kaalin/.cache/wamn-lanes/exclusion-constraints-20260910/components/data/client-acme-receiving-data/../../../packages/client_acme_receiving/generated/wamn/quality_load_purchase_order_detail.rs:21:6
   |
21 | ) -> Result<Option<LoadPurchaseOrderDetailRow>, wamn_postgres_statements::StatementError> {
   |      ^^^^^^^^^^^^^^^^^^^^^^^^^^^^^^^^^^^^^^^^^^^^^^^^^^^^^^^^^^^^^^^^^^^^^^^^^^^^^^^^^^^^ the `Err`-variant is at least 144 bytes
   |
   = help: try reducing the size of `wamn_postgres_statements::StatementError`, for example by boxing large elements or replacing it with `Box<wamn_postgres_statements::StatementError>`
   = help: for further information visit https://rust-lang.github.io/rust-clippy/rust-1.98.0/index.html#result_large_err

error: the `Err`-variant returned from this closure is very large
  --> /home/kaalin/.cache/wamn-lanes/exclusion-constraints-20260910/components/data/client-acme-receiving-data/../../../packages/client_acme_receiving/generated/wamn/quality_load_purchase_order_detail.rs:25:88
   |
25 |       wamn_postgres_statements::decode_optional(LOAD_PURCHASE_ORDER_DETAIL_DIGEST, rows, |row| {
   |  ________________________________________________________________________________________^
26 | |         Ok(LoadPurchaseOrderDetailRow {
27 | |             id: row.decode("id")?,
28 | |             purchase_order_number: row.decode("purchase_order_number")?,
...  |
34 | |         })
35 | |     })
   | |_____^ the `Err`-variant is at least 144 bytes
   |
   = help: try reducing the size of `wamn_postgres_statements::StatementError`, for example by boxing large elements or replacing it with `Box<wamn_postgres_statements::StatementError>`
   = help: for further information visit https://rust-lang.github.io/rust-clippy/rust-1.98.0/index.html#result_large_err

error: the `Err`-variant returned from this function is very large
  --> /home/kaalin/.cache/wamn-lanes/exclusion-constraints-20260910/components/data/client-acme-receiving-data/../../../packages/client_acme_receiving/generated/wamn/receiving_record_receipt.rs:21:6
   |
21 | ) -> Result<Option<LoadPurchaseOrderDetailRow>, wamn_postgres_statements::StatementError> {
   |      ^^^^^^^^^^^^^^^^^^^^^^^^^^^^^^^^^^^^^^^^^^^^^^^^^^^^^^^^^^^^^^^^^^^^^^^^^^^^^^^^^^^^ the `Err`-variant is at least 144 bytes
   |
   = help: try reducing the size of `wamn_postgres_statements::StatementError`, for example by boxing large elements or replacing it with `Box<wamn_postgres_statements::StatementError>`
   = help: for further information visit https://rust-lang.github.io/rust-clippy/rust-1.98.0/index.html#result_large_err

error: the `Err`-variant returned from this closure is very large
  --> /home/kaalin/.cache/wamn-lanes/exclusion-constraints-20260910/components/data/client-acme-receiving-data/../../../packages/client_acme_receiving/generated/wamn/receiving_record_receipt.rs:25:88
   |
25 |       wamn_postgres_statements::decode_optional(LOAD_PURCHASE_ORDER_DETAIL_DIGEST, rows, |row| {
   |  ________________________________________________________________________________________^
26 | |         Ok(LoadPurchaseOrderDetailRow {
27 | |             id: row.decode("id")?,
28 | |             purchase_order_number: row.decode("purchase_order_number")?,
...  |
34 | |         })
35 | |     })
   | |_____^ the `Err`-variant is at least 144 bytes
   |
   = help: try reducing the size of `wamn_postgres_statements::StatementError`, for example by boxing large elements or replacing it with `Box<wamn_postgres_statements::StatementError>`
   = help: for further information visit https://rust-lang.github.io/rust-clippy/rust-1.98.0/index.html#result_large_err

error: could not compile `wamn-client-acme-receiving-data-access` (lib) due to 14 previous errors
