2026-09-09T16:54:12.785714Z  INFO connected to NATS
2026-09-09T16:54:12.785891Z  INFO host memory resolved max_guest_memory=4GiB guest_memory_mode="count" default_heap_memory=256MiB core_instances=512 memories=512 pool_reservation=128GiB
2026-09-09T16:54:12.802112Z  INFO wiring activation doorbell listening; dropped every cached pointer channel="wamn_wiring_activation" dropped=0
2026-09-09T16:54:12.913920Z  INFO release component pull completed component_digest=sha256:710586d8b7fa9ff054d84203d981832659ae9baa618ed03b14588d1168d68d2e component_bytes=466355 elapsed_ms=16
2026-09-09T16:54:12.915352Z  INFO release component pull completed component_digest=sha256:1f481deceaea9e217fb19819c750ce39fec8e9a1e19686e43dc2ebf65b1d9fef component_bytes=669281 elapsed_ms=18
2026-09-09T16:54:13.406961Z  INFO release component compilation completed component_digest=sha256:710586d8b7fa9ff054d84203d981832659ae9baa618ed03b14588d1168d68d2e compile_ms=492 compile_wall_ms=493
2026-09-09T16:54:13.414005Z  INFO release component compilation completed component_digest=sha256:1f481deceaea9e217fb19819c750ce39fec8e9a1e19686e43dc2ebf65b1d9fef compile_ms=498 compile_wall_ms=498
2026-09-09T16:54:13.414453Z  WARN wamn.component.linker_setup:wamn.linker.register: component imports wamn:postgres but sets no wamn.tenant; calls will be refused component="receiving#0"
2026-09-09T16:54:13.414830Z  INFO release component instantiation completed component_digest=sha256:1f481deceaea9e217fb19819c750ce39fec8e9a1e19686e43dc2ebf65b1d9fef elapsed_ms=0 total_elapsed_ms=518
2026-09-09T16:54:13.415423Z  WARN wamn.component.linker_setup:wamn.linker.register: component imports wamn:postgres but sets no wamn.tenant; calls will be refused component="client_acme_receiving#1"
2026-09-09T16:54:13.415840Z  INFO release component instantiation completed component_digest=sha256:710586d8b7fa9ff054d84203d981832659ae9baa618ed03b14588d1168d68d2e elapsed_ms=0 total_elapsed_ms=518
2026-09-09T16:54:13.415890Z  INFO synchronous release preload completed synchronous_wirings=13 component_digests=2 elapsed_ms=618
2026-09-09T16:54:13.416003Z  INFO release preload completed; component cache warm
2026-09-09T16:54:13.424130Z  INFO wamn-host starting (base plugins: wasi:config, wamn:logging, wasi:otel, wamn:postgres, wamn:jetstream, wamn:flow-http-routing) router_delivery=true
2026-09-09T16:54:13.424149Z  INFO wamn-host welded to its release effective_release_id=1 manifest_digest=sha256:e633957452b28418875cdc69a5574d078da95daf94aa9fda76c5ad84cc3dee94
2026-09-09T16:54:13.424166Z  INFO HTTP server listening addr=127.0.0.1:46405 protocol="HTTP"
2026-09-09T16:54:13.424172Z  INFO probe server listening addr=127.0.0.1:34679
2026-09-09T16:54:13.424189Z  INFO Starting WASI OTel plugin endpoint=http://127.0.0.1:38631 protocol="grpc"
2026-09-09T16:54:13.424645Z  INFO WASI OTel plugin started
2026-09-09T16:54:13.424663Z  INFO Host started host_id="730ba20c-42e1-49b2-b020-ad9abbb27c3e" friendly_name="extra-large-boats-2035" host_name="startup-379faef6351f-3496072" labels={"hostgroup": "startup-379faef6351f-3496072"} version="2.9.0" max_concurrent_starts=4
2026-09-09T16:54:13.424753Z  INFO Host provides interfaces count=10 interfaces=["wasi:cli/stdout,terminal-stdout,terminal-input,terminal-output,stderr,environment,stdin,terminal-stdin,terminal-stderr,exit@0.2.0", "wasi:clocks/monotonic-clock,wall-time@0.2.0", "wasi:clocks/monotonic-clock,wall-clock@0.2.0", "wasi:filesystem/preopens,types@0.2.0", "wasi:http/types,incoming-handler,outgoing-handler@0.2.0", "wasi:http/types,handler@0.3.0", "wasi:io/streams,poll,error@0.2.0", "wasi:random/insecure-seed,insecure,random@0.2.0", "wasi:random/random@0.2.0", "wasi:sockets/udp,network,ip-name-lookup,tcp-create-socket,udp-create-socket,tcp,instance-network@0.2.0"]
2026-09-09T16:54:13.424773Z  INFO wamn-host runtime startup completed elapsed_ms=658 cleanup_budget_secs=51
2026-09-09T16:54:13.538128Z  WARN handle_http_request{http.method=POST http.uri=/purchase_order/get http.host=receiving.localhost http.request.method=POST url.path=/purchase_order/get server.address="receiving.localhost"}: failed to route incoming request err=router is temporarily unavailable
2026-09-09T16:54:13.541833Z  WARN handle_http_request{http.method=POST http.uri=/purchase_order/get http.host=receiving.localhost http.request.method=POST url.path=/purchase_order/get server.address="receiving.localhost"}: failed to route incoming request err=router is temporarily unavailable
2026-09-09T16:54:13.571565Z  INFO workload_start{workload_id=startup-379faef6351f-3496072-cold-5 workload.name="startup-379faef6351f-3496072-cold-5" workload.namespace="wamn-receiving-journey"}: Starting workload workload_id="startup-379faef6351f-3496072-cold-5" namespace="wamn-receiving-journey" name="startup-379faef6351f-3496072-cold-5"
2026-09-09T16:54:13.573337Z  INFO workload_start{workload_id=startup-379faef6351f-3496072-cold-0 workload.name="startup-379faef6351f-3496072-cold-0" workload.namespace="wamn-receiving-journey"}: Starting workload workload_id="startup-379faef6351f-3496072-cold-0" namespace="wamn-receiving-journey" name="startup-379faef6351f-3496072-cold-0"
2026-09-09T16:54:13.577785Z  WARN handle_http_request{http.method=POST http.uri=/purchase_order/get http.host=receiving.localhost http.request.method=POST url.path=/purchase_order/get server.address="receiving.localhost"}: failed to route incoming request err=router is temporarily unavailable
2026-09-09T16:54:13.587115Z  INFO workload_start{workload_id=startup-379faef6351f-3496072-cold-2 workload.name="startup-379faef6351f-3496072-cold-2" workload.namespace="wamn-receiving-journey"}: Starting workload workload_id="startup-379faef6351f-3496072-cold-2" namespace="wamn-receiving-journey" name="startup-379faef6351f-3496072-cold-2"
2026-09-09T16:54:13.590826Z  INFO workload_start{workload_id=startup-379faef6351f-3496072-cold-1 workload.name="startup-379faef6351f-3496072-cold-1" workload.namespace="wamn-receiving-journey"}: Starting workload workload_id="startup-379faef6351f-3496072-cold-1" namespace="wamn-receiving-journey" name="startup-379faef6351f-3496072-cold-1"
2026-09-09T16:54:13.629077Z  WARN handle_http_request{http.method=POST http.uri=/purchase_order/get http.host=receiving.localhost http.request.method=POST url.path=/purchase_order/get server.address="receiving.localhost"}: failed to route incoming request err=router is temporarily unavailable
2026-09-09T16:54:13.675581Z  WARN handle_http_request{http.method=POST http.uri=/purchase_order/get http.host=receiving.localhost http.request.method=POST url.path=/purchase_order/get server.address="receiving.localhost"}: failed to route incoming request err=router is temporarily unavailable
2026-09-09T16:54:13.750659Z  WARN handle_http_request{http.method=POST http.uri=/purchase_order/get http.host=receiving.localhost http.request.method=POST url.path=/purchase_order/get server.address="receiving.localhost"}:invoke_component_handler{workload.name="startup-379faef6351f-3496072-cold-0" workload.namespace="wamn-receiving-journey" workload.id="startup-379faef6351f-3496072-cold-0"}:wamn.component.invoke{wamn.tenant=receiving-route-auth wamn.project=receiving wamn.environment=dev wamn.wiring_id=purchase_order_get wamn.wiring_version=1 wamn.component_digest=sha256:1f481deceaea9e217fb19819c750ce39fec8e9a1e19686e43dc2ebf65b1d9fef wamn.node_id=operation wamn.operation=wamn-receiving:purchase-order/get@1.0.0 wamn.caller_principal_id="43675ad7-fb1a-45b4-8283-9b6a24bbd565" wamn.caller_credential_kind="pat"}:wamn.component.linker_setup:wamn.linker.register: component imports wamn:postgres but sets no wamn.tenant; calls will be refused component="receiving#2"
2026-09-09T16:54:13.768875Z  INFO workload_start{workload_id=startup-379faef6351f-3496072-cold-6 workload.name="startup-379faef6351f-3496072-cold-6" workload.namespace="wamn-receiving-journey"}: Starting workload workload_id="startup-379faef6351f-3496072-cold-6" namespace="wamn-receiving-journey" name="startup-379faef6351f-3496072-cold-6"
2026-09-09T16:54:13.782058Z  INFO workload_start{workload_id=startup-379faef6351f-3496072-cold-3 workload.name="startup-379faef6351f-3496072-cold-3" workload.namespace="wamn-receiving-journey"}: Starting workload workload_id="startup-379faef6351f-3496072-cold-3" namespace="wamn-receiving-journey" name="startup-379faef6351f-3496072-cold-3"
2026-09-09T16:54:13.784226Z  WARN handle_http_request{http.method=POST http.uri=/purchase_order/get http.host=receiving.localhost http.request.method=POST url.path=/purchase_order/get server.address="receiving.localhost"}:invoke_component_handler{workload.name="startup-379faef6351f-3496072-cold-5" workload.namespace="wamn-receiving-journey" workload.id="startup-379faef6351f-3496072-cold-5"}:wamn.component.invoke{wamn.tenant=receiving-route-auth wamn.project=receiving wamn.environment=dev wamn.wiring_id=purchase_order_get wamn.wiring_version=1 wamn.component_digest=sha256:1f481deceaea9e217fb19819c750ce39fec8e9a1e19686e43dc2ebf65b1d9fef wamn.node_id=operation wamn.operation=wamn-receiving:purchase-order/get@1.0.0 wamn.caller_principal_id="43675ad7-fb1a-45b4-8283-9b6a24bbd565" wamn.caller_credential_kind="pat"}:wamn.component.linker_setup:wamn.linker.register: component imports wamn:postgres but sets no wamn.tenant; calls will be refused component="receiving#3"
2026-09-09T16:54:13.785376Z  INFO workload_start{workload_id=startup-379faef6351f-3496072-cold-7 workload.name="startup-379faef6351f-3496072-cold-7" workload.namespace="wamn-receiving-journey"}: Starting workload workload_id="startup-379faef6351f-3496072-cold-7" namespace="wamn-receiving-journey" name="startup-379faef6351f-3496072-cold-7"
2026-09-09T16:54:13.789280Z  INFO workload_start{workload_id=startup-379faef6351f-3496072-cold-4 workload.name="startup-379faef6351f-3496072-cold-4" workload.namespace="wamn-receiving-journey"}: Starting workload workload_id="startup-379faef6351f-3496072-cold-4" namespace="wamn-receiving-journey" name="startup-379faef6351f-3496072-cold-4"
2026-09-09T16:54:13.794357Z  WARN handle_http_request{http.method=POST http.uri=/purchase_order/get http.host=receiving.localhost http.request.method=POST url.path=/purchase_order/get server.address="receiving.localhost"}:invoke_component_handler{workload.name="startup-379faef6351f-3496072-cold-3" workload.namespace="wamn-receiving-journey" workload.id="startup-379faef6351f-3496072-cold-3"}:wamn.component.invoke{wamn.tenant=receiving-route-auth wamn.project=receiving wamn.environment=dev wamn.wiring_id=purchase_order_get wamn.wiring_version=1 wamn.component_digest=sha256:1f481deceaea9e217fb19819c750ce39fec8e9a1e19686e43dc2ebf65b1d9fef wamn.node_id=operation wamn.operation=wamn-receiving:purchase-order/get@1.0.0 wamn.caller_principal_id="43675ad7-fb1a-45b4-8283-9b6a24bbd565" wamn.caller_credential_kind="pat"}:wamn.component.linker_setup:wamn.linker.register: component imports wamn:postgres but sets no wamn.tenant; calls will be refused component="receiving#4"
2026-09-09T16:54:13.815360Z  WARN handle_http_request{http.method=POST http.uri=/purchase_order/get http.host=receiving.localhost http.request.method=POST url.path=/purchase_order/get server.address="receiving.localhost"}:invoke_component_handler{workload.name="startup-379faef6351f-3496072-cold-1" workload.namespace="wamn-receiving-journey" workload.id="startup-379faef6351f-3496072-cold-1"}:wamn.component.invoke{wamn.tenant=receiving-route-auth wamn.project=receiving wamn.environment=dev wamn.wiring_id=purchase_order_get wamn.wiring_version=1 wamn.component_digest=sha256:1f481deceaea9e217fb19819c750ce39fec8e9a1e19686e43dc2ebf65b1d9fef wamn.node_id=operation wamn.operation=wamn-receiving:purchase-order/get@1.0.0 wamn.caller_principal_id="43675ad7-fb1a-45b4-8283-9b6a24bbd565" wamn.caller_credential_kind="pat"}:wamn.component.linker_setup:wamn.linker.register: component imports wamn:postgres but sets no wamn.tenant; calls will be refused component="receiving#5"
2026-09-09T16:54:13.857206Z  WARN handle_http_request{http.method=POST http.uri=/purchase_order/get http.host=receiving.localhost http.request.method=POST url.path=/purchase_order/get server.address="receiving.localhost"}:invoke_component_handler{workload.name="startup-379faef6351f-3496072-cold-2" workload.namespace="wamn-receiving-journey" workload.id="startup-379faef6351f-3496072-cold-2"}:wamn.component.invoke{wamn.tenant=receiving-route-auth wamn.project=receiving wamn.environment=dev wamn.wiring_id=purchase_order_get wamn.wiring_version=1 wamn.component_digest=sha256:1f481deceaea9e217fb19819c750ce39fec8e9a1e19686e43dc2ebf65b1d9fef wamn.node_id=operation wamn.operation=wamn-receiving:purchase-order/get@1.0.0 wamn.caller_principal_id="43675ad7-fb1a-45b4-8283-9b6a24bbd565" wamn.caller_credential_kind="pat"}:wamn.component.linker_setup:wamn.linker.register: component imports wamn:postgres but sets no wamn.tenant; calls will be refused component="receiving#6"
2026-09-09T16:54:13.867104Z  INFO workload_start{workload_id=startup-379faef6351f-3496072-warm-3 workload.name="startup-379faef6351f-3496072-warm-3" workload.namespace="wamn-receiving-journey"}: Starting workload workload_id="startup-379faef6351f-3496072-warm-3" namespace="wamn-receiving-journey" name="startup-379faef6351f-3496072-warm-3"
2026-09-09T16:54:13.875940Z  INFO workload_start{workload_id=startup-379faef6351f-3496072-warm-1 workload.name="startup-379faef6351f-3496072-warm-1" workload.namespace="wamn-receiving-journey"}: Starting workload workload_id="startup-379faef6351f-3496072-warm-1" namespace="wamn-receiving-journey" name="startup-379faef6351f-3496072-warm-1"
2026-09-09T16:54:13.885851Z  INFO workload_start{workload_id=startup-379faef6351f-3496072-warm-5 workload.name="startup-379faef6351f-3496072-warm-5" workload.namespace="wamn-receiving-journey"}: Starting workload workload_id="startup-379faef6351f-3496072-warm-5" namespace="wamn-receiving-journey" name="startup-379faef6351f-3496072-warm-5"
2026-09-09T16:54:13.899926Z  INFO workload_start{workload_id=startup-379faef6351f-3496072-warm-7 workload.name="startup-379faef6351f-3496072-warm-7" workload.namespace="wamn-receiving-journey"}: Starting workload workload_id="startup-379faef6351f-3496072-warm-7" namespace="wamn-receiving-journey" name="startup-379faef6351f-3496072-warm-7"
2026-09-09T16:54:13.915318Z  WARN handle_http_request{http.method=POST http.uri=/purchase_order/get http.host=receiving.localhost http.request.method=POST url.path=/purchase_order/get server.address="receiving.localhost"}:invoke_component_handler{workload.name="startup-379faef6351f-3496072-warm-1" workload.namespace="wamn-receiving-journey" workload.id="startup-379faef6351f-3496072-warm-1"}:wamn.component.invoke{wamn.tenant=receiving-route-auth wamn.project=receiving wamn.environment=dev wamn.wiring_id=purchase_order_get wamn.wiring_version=1 wamn.component_digest=sha256:1f481deceaea9e217fb19819c750ce39fec8e9a1e19686e43dc2ebf65b1d9fef wamn.node_id=operation wamn.operation=wamn-receiving:purchase-order/get@1.0.0 wamn.caller_principal_id="43675ad7-fb1a-45b4-8283-9b6a24bbd565" wamn.caller_credential_kind="pat"}:wamn.component.linker_setup:wamn.linker.register: component imports wamn:postgres but sets no wamn.tenant; calls will be refused component="receiving#7"
2026-09-09T16:54:13.932909Z  INFO workload_start{workload_id=startup-379faef6351f-3496072-warm-6 workload.name="startup-379faef6351f-3496072-warm-6" workload.namespace="wamn-receiving-journey"}: Starting workload workload_id="startup-379faef6351f-3496072-warm-6" namespace="wamn-receiving-journey" name="startup-379faef6351f-3496072-warm-6"
2026-09-09T16:54:13.940792Z  INFO workload_start{workload_id=startup-379faef6351f-3496072-warm-2 workload.name="startup-379faef6351f-3496072-warm-2" workload.namespace="wamn-receiving-journey"}: Starting workload workload_id="startup-379faef6351f-3496072-warm-2" namespace="wamn-receiving-journey" name="startup-379faef6351f-3496072-warm-2"
2026-09-09T16:54:13.951110Z  INFO workload_start{workload_id=startup-379faef6351f-3496072-warm-4 workload.name="startup-379faef6351f-3496072-warm-4" workload.namespace="wamn-receiving-journey"}: Starting workload workload_id="startup-379faef6351f-3496072-warm-4" namespace="wamn-receiving-journey" name="startup-379faef6351f-3496072-warm-4"
2026-09-09T16:54:13.955540Z  WARN handle_http_request{http.method=POST http.uri=/purchase_order/get http.host=receiving.localhost http.request.method=POST url.path=/purchase_order/get server.address="receiving.localhost"}:invoke_component_handler{workload.name="startup-379faef6351f-3496072-cold-5" workload.namespace="wamn-receiving-journey" workload.id="startup-379faef6351f-3496072-cold-5"}:wamn.component.invoke{wamn.tenant=receiving-route-auth wamn.project=receiving wamn.environment=dev wamn.wiring_id=purchase_order_get wamn.wiring_version=1 wamn.component_digest=sha256:1f481deceaea9e217fb19819c750ce39fec8e9a1e19686e43dc2ebf65b1d9fef wamn.node_id=operation wamn.operation=wamn-receiving:purchase-order/get@1.0.0 wamn.caller_principal_id="43675ad7-fb1a-45b4-8283-9b6a24bbd565" wamn.caller_credential_kind="pat"}:wamn.component.linker_setup:wamn.linker.register: component imports wamn:postgres but sets no wamn.tenant; calls will be refused component="receiving#8"
2026-09-09T16:54:13.955828Z  INFO workload_start{workload_id=startup-379faef6351f-3496072-warm-0 workload.name="startup-379faef6351f-3496072-warm-0" workload.namespace="wamn-receiving-journey"}: Starting workload workload_id="startup-379faef6351f-3496072-warm-0" namespace="wamn-receiving-journey" name="startup-379faef6351f-3496072-warm-0"
2026-09-09T16:54:13.959945Z  WARN handle_http_request{http.method=POST http.uri=/purchase_order/get http.host=receiving.localhost http.request.method=POST url.path=/purchase_order/get server.address="receiving.localhost"}:invoke_component_handler{workload.name="startup-379faef6351f-3496072-warm-0" workload.namespace="wamn-receiving-journey" workload.id="startup-379faef6351f-3496072-warm-0"}:wamn.component.invoke{wamn.tenant=receiving-route-auth wamn.project=receiving wamn.environment=dev wamn.wiring_id=purchase_order_get wamn.wiring_version=1 wamn.component_digest=sha256:1f481deceaea9e217fb19819c750ce39fec8e9a1e19686e43dc2ebf65b1d9fef wamn.node_id=operation wamn.operation=wamn-receiving:purchase-order/get@1.0.0 wamn.caller_principal_id="43675ad7-fb1a-45b4-8283-9b6a24bbd565" wamn.caller_credential_kind="pat"}:wamn.component.linker_setup:wamn.linker.register: component imports wamn:postgres but sets no wamn.tenant; calls will be refused component="receiving#9"
2026-09-09T16:54:13.962869Z  INFO workload_stop{workload_id=startup-379faef6351f-3496072-cold-0}: Stopping workload workload_id="startup-379faef6351f-3496072-cold-0"
2026-09-09T16:54:13.963890Z  INFO workload_stop{workload_id=startup-379faef6351f-3496072-cold-1}: Stopping workload workload_id="startup-379faef6351f-3496072-cold-1"
2026-09-09T16:54:13.964919Z  INFO workload_stop{workload_id=startup-379faef6351f-3496072-cold-2}: Stopping workload workload_id="startup-379faef6351f-3496072-cold-2"
2026-09-09T16:54:13.965697Z  INFO workload_stop{workload_id=startup-379faef6351f-3496072-cold-3}: Stopping workload workload_id="startup-379faef6351f-3496072-cold-3"
2026-09-09T16:54:13.966326Z  INFO workload_stop{workload_id=startup-379faef6351f-3496072-cold-4}: Stopping workload workload_id="startup-379faef6351f-3496072-cold-4"
2026-09-09T16:54:13.967145Z  INFO workload_stop{workload_id=startup-379faef6351f-3496072-cold-5}: Stopping workload workload_id="startup-379faef6351f-3496072-cold-5"
2026-09-09T16:54:13.968021Z  INFO workload_stop{workload_id=startup-379faef6351f-3496072-cold-6}: Stopping workload workload_id="startup-379faef6351f-3496072-cold-6"
2026-09-09T16:54:13.968876Z  INFO workload_stop{workload_id=startup-379faef6351f-3496072-cold-7}: Stopping workload workload_id="startup-379faef6351f-3496072-cold-7"
2026-09-09T16:54:13.969512Z  INFO workload_stop{workload_id=startup-379faef6351f-3496072-warm-0}: Stopping workload workload_id="startup-379faef6351f-3496072-warm-0"
2026-09-09T16:54:13.970188Z  INFO workload_stop{workload_id=startup-379faef6351f-3496072-warm-1}: Stopping workload workload_id="startup-379faef6351f-3496072-warm-1"
2026-09-09T16:54:13.970946Z  INFO workload_stop{workload_id=startup-379faef6351f-3496072-warm-2}: Stopping workload workload_id="startup-379faef6351f-3496072-warm-2"
2026-09-09T16:54:13.971643Z  INFO workload_stop{workload_id=startup-379faef6351f-3496072-warm-3}: Stopping workload workload_id="startup-379faef6351f-3496072-warm-3"
2026-09-09T16:54:13.972239Z  INFO workload_stop{workload_id=startup-379faef6351f-3496072-warm-4}: Stopping workload workload_id="startup-379faef6351f-3496072-warm-4"
2026-09-09T16:54:13.972821Z  INFO workload_stop{workload_id=startup-379faef6351f-3496072-warm-5}: Stopping workload workload_id="startup-379faef6351f-3496072-warm-5"
2026-09-09T16:54:13.973500Z  INFO workload_stop{workload_id=startup-379faef6351f-3496072-warm-6}: Stopping workload workload_id="startup-379faef6351f-3496072-warm-6"
2026-09-09T16:54:13.974188Z  INFO workload_stop{workload_id=startup-379faef6351f-3496072-warm-7}: Stopping workload workload_id="startup-379faef6351f-3496072-warm-7"
2026-09-09T16:54:13.976964Z  INFO shutting down wamn-host
2026-09-09T16:54:13.977008Z  INFO HTTP server stopping addr=127.0.0.1:46405
2026-09-09T16:54:13.977043Z  INFO Stopping WASI OTel plugin
2026-09-09T16:54:13.977287Z  INFO WASI OTel plugin stopped
2026-09-09T16:54:13.977583Z  INFO HTTP server received shutdown signal
