Creating cluster "wamn-identity-jwks-9ab1c62278e9-3144219" ...
 • Ensuring node image (kindest/node:v1.36.1) 🖼  ...
 ✓ Ensuring node image (kindest/node:v1.36.1) 🖼
 • Preparing nodes 📦   ...
 ✓ Preparing nodes 📦 
 • Writing configuration 📜  ...
 ✓ Writing configuration 📜
 • Starting control-plane 🕹️  ...
 ✓ Starting control-plane 🕹️
 • Installing CNI 🔌  ...
 ✓ Installing CNI 🔌
 • Installing StorageClass 💾  ...
 ✓ Installing StorageClass 💾
 • Waiting ≤ 3m0s for control-plane = Ready ⏳  ...
 ✓ Waiting ≤ 3m0s for control-plane = Ready ⏳
 • Ready after 16s 💚
Set kubectl context to "kind-wamn-identity-jwks-9ab1c62278e9-3144219"
You can now use your cluster with:

kubectl cluster-info --context kind-wamn-identity-jwks-9ab1c62278e9-3144219 --kubeconfig /tmp/wamn-identity-jwks.tbjQOdyU/kubeconfig

Have a nice day! 👋
