2026-09-09T19:51:44Z env CARGO_TARGET_DIR=/home/kaalin/.cache/wamn-lanes/wasmcloud-2-9-20260909/target RUSTC_WRAPPER= /home/kaalin/.cache/wamn-lanes/wasmcloud-2-9-20260909/tools/build-components m1 
2026-09-09T19:51:46Z env CARGO_TARGET_DIR=/home/kaalin/.cache/wamn-lanes/wasmcloud-2-9-20260909/target RUSTC_WRAPPER= cargo build --locked --release -p wamn-host 
2026-09-09T19:56:06Z env CARGO_TARGET_DIR=/home/kaalin/.cache/wamn-lanes/wasmcloud-2-9-20260909/target RUSTC_WRAPPER= cargo build --locked -p wamn-ctl -p wamn-cdc-reader -p wamn-scenario-worker -p wamn-executor 
2026-09-09T19:56:06Z env CARGO_TARGET_DIR=/home/kaalin/.cache/wamn-lanes/wasmcloud-2-9-20260909/target RUSTC_WRAPPER= cargo build --locked --offline -p wamn-gates 
2026-09-09T19:56:07Z env CARGO_TARGET_DIR=/home/kaalin/.cache/wamn-lanes/wasmcloud-2-9-20260909/target RUSTC_WRAPPER= cargo build --locked --offline -p wamn-proof-integration --bin wamn-throughput 
2026-09-09T19:56:08Z docker build --platform=linux/amd64 --provenance=false --file /tmp/tmp.APy9CH6O40/host-image/Dockerfile --tag wamn-host:receiving-e7033f72ca32-3832130-release /tmp/tmp.APy9CH6O40/host-image 
2026-09-09T19:56:09Z kind create cluster --name wamn-receiving-journey --config /tmp/tmp.APy9CH6O40/kind-config.yaml --kubeconfig /tmp/tmp.APy9CH6O40/kubeconfig 
2026-09-09T19:56:34Z kubectl --kubeconfig /tmp/tmp.APy9CH6O40/kubeconfig --context kind-wamn-receiving-journey wait --for=condition=Ready nodes --all --timeout=180s 
2026-09-09T19:56:48Z kubectl --kubeconfig /tmp/tmp.APy9CH6O40/kubeconfig --context kind-wamn-receiving-journey create namespace wamn-receiving-journey 
2026-09-09T19:56:48Z kind load docker-image wamn-host:receiving-e7033f72ca32-3832130-release --name wamn-receiving-journey 
2026-09-09T19:56:56Z htpasswd \<credential-bearing\ arguments\ redacted\> 
2026-09-09T19:56:58Z postgres \<credential-bearing\ arguments\ redacted\> 
2026-09-09T19:56:58Z docker run --detach --name wamn-receiving-registry-e7033f72ca32-3832130 --network kind --env REGISTRY_AUTH=htpasswd --env REGISTRY_AUTH_HTPASSWD_REALM=WAMN\ Receiving\ cluster\ journey --env REGISTRY_AUTH_HTPASSWD_PATH=/auth/htpasswd --volume /tmp/tmp.APy9CH6O40/htpasswd:/auth/htpasswd:ro registry:2 
2026-09-09T19:56:59Z docker run --detach --name wamn-receiving-nats-e7033f72ca32-3832130 --network kind nats:2.10-alpine --jetstream --store_dir /data --http_port 8222 
2026-09-09T19:57:01Z cargo test production_two_package_release_serves_all_thirteen_pat_routes \<journey\ document\ with\ disposable\ PostgreSQL\ and\ OCI\ inputs\ redacted\> 
2026-09-09T19:57:30Z kubectl --kubeconfig /tmp/tmp.APy9CH6O40/kubeconfig --context kind-wamn-receiving-journey apply -f /tmp/tmp.APy9CH6O40/route-caller-pat-kube.json 
2026-09-09T19:57:31Z env DOCKER_CONFIG=\<private-registry-directory\> /home/kaalin/.cache/wamn-lanes/wasmcloud-2-9-20260909/.tools/wash/2.9.0/wash -o json oci push --insecure 172.28.0.9:5000/wamn/flow-http:receiving-e7033f72ca32-3832130-release /home/kaalin/.cache/wamn-lanes/wasmcloud-2-9-20260909/target/wasm32-wasip2/release/http_route.wasm 
2026-09-09T19:57:31Z env DOCKER_CONFIG=\<private-registry-directory\> /home/kaalin/.cache/wamn-lanes/wasmcloud-2-9-20260909/.tools/wash/2.9.0/wash -o json oci push --insecure 172.28.0.9:5000/wamn/materializer:receiving-e7033f72ca32-3832130-release /home/kaalin/.cache/wamn-lanes/wasmcloud-2-9-20260909/target/wasm32-wasip2/release/materializer.wasm 
2026-09-09T19:57:31Z print-release-env \<credential-bearing\ arguments\ redacted\> 
2026-09-09T19:57:31Z kubectl --kubeconfig /tmp/tmp.APy9CH6O40/kubeconfig --context kind-wamn-receiving-journey apply -f /tmp/tmp.APy9CH6O40/host-secrets/guest-sql.json 
2026-09-09T19:57:32Z kubectl --kubeconfig /tmp/tmp.APy9CH6O40/kubeconfig --context kind-wamn-receiving-journey apply -f /tmp/tmp.APy9CH6O40/host-secrets/executor-platform.json 
2026-09-09T19:57:32Z kubectl --kubeconfig /tmp/tmp.APy9CH6O40/kubeconfig --context kind-wamn-receiving-journey apply -f /tmp/tmp.APy9CH6O40/host-secrets/identity-reader.json 
2026-09-09T19:57:32Z kubectl --kubeconfig /tmp/tmp.APy9CH6O40/kubeconfig --context kind-wamn-receiving-journey apply -f /tmp/tmp.APy9CH6O40/host-secrets/http-admitter.json 
2026-09-09T19:57:32Z kubectl --kubeconfig /tmp/tmp.APy9CH6O40/kubeconfig --context kind-wamn-receiving-journey apply -f /tmp/tmp.APy9CH6O40/host-secrets/event-materializer.json 
2026-09-09T19:57:32Z kubectl --kubeconfig /tmp/tmp.APy9CH6O40/kubeconfig --context kind-wamn-receiving-journey -n wamn-receiving-journey create secret generic wamn-registry-pull --type=kubernetes.io/dockerconfigjson --from-file=.dockerconfigjson=\<redacted\> --dry-run=client -o yaml 
2026-09-09T19:57:32Z kubectl --kubeconfig /tmp/tmp.APy9CH6O40/kubeconfig --context kind-wamn-receiving-journey apply -f /tmp/tmp.APy9CH6O40/registry-pull.yaml 
2026-09-09T19:57:32Z kubectl --kubeconfig /tmp/tmp.APy9CH6O40/kubeconfig --context kind-wamn-receiving-journey apply -f /home/kaalin/.cache/wamn-lanes/wasmcloud-2-9-20260909/deploy/infra/cert-manager.yaml 
2026-09-09T19:57:34Z kubectl --kubeconfig /tmp/tmp.APy9CH6O40/kubeconfig --context kind-wamn-receiving-journey -n cert-manager wait --for=condition=Available deployment --all --timeout=240s 
2026-09-09T19:57:46Z helm upgrade --install --create-namespace --kubeconfig /tmp/tmp.APy9CH6O40/kubeconfig --kube-context kind-wamn-receiving-journey --namespace wamn-system wamn oci://ghcr.io/wasmcloud/charts/runtime-operator --version 2.9.0 -f /home/kaalin/.cache/wamn-lanes/wasmcloud-2-9-20260909/deploy/infra/values-wamn.yaml -f /tmp/tmp.APy9CH6O40/operator-values.yaml --wait --timeout 5m 
2026-09-09T19:58:04Z kubectl --kubeconfig /tmp/tmp.APy9CH6O40/kubeconfig --context kind-wamn-receiving-journey -n wamn-system get deployment runtime-operator -o json 
2026-09-09T19:58:04Z kubectl --kubeconfig /tmp/tmp.APy9CH6O40/kubeconfig --context kind-wamn-receiving-journey apply -f /tmp/tmp.APy9CH6O40/runtime-operator-events-rbac.yaml 
2026-09-09T19:58:04Z kubectl --kubeconfig /tmp/tmp.APy9CH6O40/kubeconfig --context kind-wamn-receiving-journey -n wamn-receiving-journey get role wamn-runtime-operator-events -o json 
2026-09-09T19:58:04Z kubectl --kubeconfig /tmp/tmp.APy9CH6O40/kubeconfig --context kind-wamn-receiving-journey -n wamn-receiving-journey get rolebinding wamn-runtime-operator-events -o json 
2026-09-09T19:58:04Z kubectl --kubeconfig /tmp/tmp.APy9CH6O40/kubeconfig --context kind-wamn-receiving-journey apply -f /home/kaalin/.cache/wamn-lanes/wasmcloud-2-9-20260909/deploy/infra/tempo.yaml 
2026-09-09T19:58:04Z kubectl --kubeconfig /tmp/tmp.APy9CH6O40/kubeconfig --context kind-wamn-receiving-journey apply -f /home/kaalin/.cache/wamn-lanes/wasmcloud-2-9-20260909/deploy/infra/otel-collector.yaml 
2026-09-09T19:58:05Z kubectl --kubeconfig /tmp/tmp.APy9CH6O40/kubeconfig --context kind-wamn-receiving-journey -n wamn-system wait --for=condition=Available deployment/tempo deployment/otel-collector --timeout=120s 
2026-09-09T19:58:12Z kubectl --kubeconfig /tmp/tmp.APy9CH6O40/kubeconfig --context kind-wamn-receiving-journey apply -f /tmp/tmp.APy9CH6O40/wasmcloud-ca-copy.json 
2026-09-09T19:58:12Z kubectl --kubeconfig /tmp/tmp.APy9CH6O40/kubeconfig --context kind-wamn-receiving-journey apply -f /home/kaalin/.cache/wamn-lanes/wasmcloud-2-9-20260909/deploy/infra/wasmcloud-ca-issuer.yaml 
2026-09-09T19:58:12Z kubectl --kubeconfig /tmp/tmp.APy9CH6O40/kubeconfig --context kind-wamn-receiving-journey wait --for=condition=Ready clusterissuer/wasmcloud-ca --timeout=60s 
2026-09-09T19:58:12Z kubectl --kubeconfig /tmp/tmp.APy9CH6O40/kubeconfig --context kind-wamn-receiving-journey apply -f /tmp/tmp.APy9CH6O40/host-environment-certs.yaml 
2026-09-09T19:58:12Z kubectl --kubeconfig /tmp/tmp.APy9CH6O40/kubeconfig --context kind-wamn-receiving-journey -n wamn-receiving-journey wait --for=condition=Ready certificate/wasmcloud-runtime-tls certificate/wasmcloud-data-tls --timeout=120s 
2026-09-09T19:58:12Z helm upgrade --install --kubeconfig /tmp/tmp.APy9CH6O40/kubeconfig --kube-context kind-wamn-receiving-journey --namespace wamn-receiving-journey wamn-host oci://ghcr.io/wasmcloud/charts/runtime-operator --version 2.9.0 -f /tmp/tmp.APy9CH6O40/host-base.yaml -f /tmp/tmp.APy9CH6O40/host-overlay.yaml --wait --timeout 5m 
2026-09-09T19:58:14Z kubectl --kubeconfig /tmp/tmp.APy9CH6O40/kubeconfig --context kind-wamn-receiving-journey -n wamn-receiving-journey scale deployment/hostgroup-default --replicas=1 
2026-09-09T19:58:14Z kubectl --kubeconfig /tmp/tmp.APy9CH6O40/kubeconfig --context kind-wamn-receiving-journey -n wamn-receiving-journey wait --for=condition=Available deployment/hostgroup-default --timeout=120s 
2026-09-09T19:58:20Z kubectl --kubeconfig /tmp/tmp.APy9CH6O40/kubeconfig --context kind-wamn-receiving-journey -n wamn-receiving-journey rollout status deployment/hostgroup-default --timeout=240s 
2026-09-09T19:58:20Z kubectl --kubeconfig /tmp/tmp.APy9CH6O40/kubeconfig --context kind-wamn-receiving-journey apply -f /tmp/tmp.APy9CH6O40/flow-http.yaml 
2026-09-09T19:58:20Z kubectl --kubeconfig /tmp/tmp.APy9CH6O40/kubeconfig --context kind-wamn-receiving-journey -n wamn-receiving-journey wait --for=condition=Ready workloaddeployment/flow-http --timeout=240s 
2026-09-09T19:58:21Z kubectl --kubeconfig /tmp/tmp.APy9CH6O40/kubeconfig --context kind-wamn-receiving-journey apply -f /tmp/tmp.APy9CH6O40/startup-request-cold.yaml 
2026-09-09T19:58:21Z kubectl --kubeconfig /tmp/tmp.APy9CH6O40/kubeconfig --context kind-wamn-receiving-journey -n wamn-receiving-journey wait --for=condition=Complete job/startup-request-cold --timeout=240s 
2026-09-09T19:58:26Z kubectl --kubeconfig /tmp/tmp.APy9CH6O40/kubeconfig --context kind-wamn-receiving-journey -n wamn-receiving-journey exec hostgroup-default-5956679d67-595nx -c host -- find /tmp/wamn-wasmtime-cache/modules -type f \! -name \*.stats -printf \<inode\>\ \<mtime\>\ \<size\>\ \<path\>\\n 
2026-09-09T19:58:26Z kubectl --kubeconfig /tmp/tmp.APy9CH6O40/kubeconfig --context kind-wamn-receiving-journey -n wamn-receiving-journey exec hostgroup-default-5956679d67-595nx -c host -- /bin/sh -c kill\ -TERM\ 1\;\ exit\ 0 
2026-09-09T19:58:26Z kubectl --kubeconfig /tmp/tmp.APy9CH6O40/kubeconfig --context kind-wamn-receiving-journey -n wamn-receiving-journey wait --for=jsonpath=\{.status.containerStatuses\[0\].restartCount\}=1 pod/hostgroup-default-5956679d67-595nx --timeout=120s 
2026-09-09T19:58:32Z kubectl --kubeconfig /tmp/tmp.APy9CH6O40/kubeconfig --context kind-wamn-receiving-journey -n wamn-receiving-journey wait --for=condition=Ready pod/hostgroup-default-5956679d67-595nx --timeout=120s 
2026-09-09T19:58:46Z kubectl --kubeconfig /tmp/tmp.APy9CH6O40/kubeconfig --context kind-wamn-receiving-journey apply -f /tmp/tmp.APy9CH6O40/startup-request-restart-first.yaml 
2026-09-09T19:58:46Z kubectl --kubeconfig /tmp/tmp.APy9CH6O40/kubeconfig --context kind-wamn-receiving-journey -n wamn-receiving-journey wait --for=condition=Complete job/startup-request-restart-first --timeout=240s 
2026-09-09T19:59:54Z kubectl --kubeconfig /tmp/tmp.APy9CH6O40/kubeconfig --context kind-wamn-receiving-journey apply -f /tmp/tmp.APy9CH6O40/startup-request-steady.yaml 
2026-09-09T19:59:54Z kubectl --kubeconfig /tmp/tmp.APy9CH6O40/kubeconfig --context kind-wamn-receiving-journey -n wamn-receiving-journey wait --for=condition=Complete job/startup-request-steady --timeout=240s 
2026-09-09T19:59:57Z kubectl --kubeconfig /tmp/tmp.APy9CH6O40/kubeconfig --context kind-wamn-receiving-journey apply -f /tmp/tmp.APy9CH6O40/startup-request-steady-2.yaml 
2026-09-09T19:59:57Z kubectl --kubeconfig /tmp/tmp.APy9CH6O40/kubeconfig --context kind-wamn-receiving-journey -n wamn-receiving-journey wait --for=condition=Complete job/startup-request-steady-2 --timeout=240s 
2026-09-09T20:00:00Z kubectl --kubeconfig /tmp/tmp.APy9CH6O40/kubeconfig --context kind-wamn-receiving-journey apply -f /tmp/tmp.APy9CH6O40/startup-request-steady-3.yaml 
2026-09-09T20:00:00Z kubectl --kubeconfig /tmp/tmp.APy9CH6O40/kubeconfig --context kind-wamn-receiving-journey -n wamn-receiving-journey wait --for=condition=Complete job/startup-request-steady-3 --timeout=240s 
2026-09-09T20:00:03Z kubectl --kubeconfig /tmp/tmp.APy9CH6O40/kubeconfig --context kind-wamn-receiving-journey apply -f /tmp/tmp.APy9CH6O40/startup-request-steady-4.yaml 
2026-09-09T20:00:03Z kubectl --kubeconfig /tmp/tmp.APy9CH6O40/kubeconfig --context kind-wamn-receiving-journey -n wamn-receiving-journey wait --for=condition=Complete job/startup-request-steady-4 --timeout=240s 
2026-09-09T20:00:06Z kubectl --kubeconfig /tmp/tmp.APy9CH6O40/kubeconfig --context kind-wamn-receiving-journey apply -f /tmp/tmp.APy9CH6O40/startup-request-steady-5.yaml 
2026-09-09T20:00:07Z kubectl --kubeconfig /tmp/tmp.APy9CH6O40/kubeconfig --context kind-wamn-receiving-journey -n wamn-receiving-journey wait --for=condition=Complete job/startup-request-steady-5 --timeout=240s 
2026-09-09T20:00:10Z kubectl --kubeconfig /tmp/tmp.APy9CH6O40/kubeconfig --context kind-wamn-receiving-journey get --raw /api/v1/namespaces/wamn-system/services/http:tempo:3200/proxy/api/traces/22222222222222222222222222222222 
2026-09-09T20:00:10Z kubectl --kubeconfig /tmp/tmp.APy9CH6O40/kubeconfig --context kind-wamn-receiving-journey get --raw /api/v1/namespaces/wamn-system/services/http:tempo:3200/proxy/api/traces/33333333333333333333333333333333 
2026-09-09T20:00:10Z kubectl --kubeconfig /tmp/tmp.APy9CH6O40/kubeconfig --context kind-wamn-receiving-journey get --raw /api/v1/namespaces/wamn-system/services/http:tempo:3200/proxy/api/traces/33333333333333333333333333330002 
2026-09-09T20:00:10Z kubectl --kubeconfig /tmp/tmp.APy9CH6O40/kubeconfig --context kind-wamn-receiving-journey get --raw /api/v1/namespaces/wamn-system/services/http:tempo:3200/proxy/api/traces/33333333333333333333333333330003 
2026-09-09T20:00:10Z kubectl --kubeconfig /tmp/tmp.APy9CH6O40/kubeconfig --context kind-wamn-receiving-journey get --raw /api/v1/namespaces/wamn-system/services/http:tempo:3200/proxy/api/traces/33333333333333333333333333330004 
2026-09-09T20:00:10Z kubectl --kubeconfig /tmp/tmp.APy9CH6O40/kubeconfig --context kind-wamn-receiving-journey get --raw /api/v1/namespaces/wamn-system/services/http:tempo:3200/proxy/api/traces/33333333333333333333333333330005 
2026-09-09T20:00:10Z kubectl --kubeconfig /tmp/tmp.APy9CH6O40/kubeconfig --context kind-wamn-receiving-journey -n wamn-receiving-journey create secret generic wamn-throughput-human --from-file=token=/tmp/tmp.APy9CH6O40/throughput-human-pat 
2026-09-09T20:00:10Z kubectl --kubeconfig /tmp/tmp.APy9CH6O40/kubeconfig --context kind-wamn-receiving-journey apply -f /tmp/tmp.APy9CH6O40/startup-request-human-1.yaml 
2026-09-09T20:00:10Z kubectl --kubeconfig /tmp/tmp.APy9CH6O40/kubeconfig --context kind-wamn-receiving-journey -n wamn-receiving-journey wait --for=condition=Complete job/startup-request-human-1 --timeout=240s 
2026-09-09T20:00:14Z kubectl --kubeconfig /tmp/tmp.APy9CH6O40/kubeconfig --context kind-wamn-receiving-journey apply -f /tmp/tmp.APy9CH6O40/startup-request-human-2.yaml 
2026-09-09T20:00:14Z kubectl --kubeconfig /tmp/tmp.APy9CH6O40/kubeconfig --context kind-wamn-receiving-journey -n wamn-receiving-journey wait --for=condition=Complete job/startup-request-human-2 --timeout=240s 
2026-09-09T20:00:17Z kubectl --kubeconfig /tmp/tmp.APy9CH6O40/kubeconfig --context kind-wamn-receiving-journey apply -f /tmp/tmp.APy9CH6O40/startup-request-human-3.yaml 
2026-09-09T20:00:17Z kubectl --kubeconfig /tmp/tmp.APy9CH6O40/kubeconfig --context kind-wamn-receiving-journey -n wamn-receiving-journey wait --for=condition=Complete job/startup-request-human-3 --timeout=240s 
2026-09-09T20:00:20Z kubectl --kubeconfig /tmp/tmp.APy9CH6O40/kubeconfig --context kind-wamn-receiving-journey apply -f /tmp/tmp.APy9CH6O40/startup-request-human-4.yaml 
2026-09-09T20:00:20Z kubectl --kubeconfig /tmp/tmp.APy9CH6O40/kubeconfig --context kind-wamn-receiving-journey -n wamn-receiving-journey wait --for=condition=Complete job/startup-request-human-4 --timeout=240s 
2026-09-09T20:00:23Z kubectl --kubeconfig /tmp/tmp.APy9CH6O40/kubeconfig --context kind-wamn-receiving-journey apply -f /tmp/tmp.APy9CH6O40/startup-request-human-5.yaml 
2026-09-09T20:00:23Z kubectl --kubeconfig /tmp/tmp.APy9CH6O40/kubeconfig --context kind-wamn-receiving-journey -n wamn-receiving-journey wait --for=condition=Complete job/startup-request-human-5 --timeout=240s 
2026-09-09T20:00:27Z kubectl --kubeconfig /tmp/tmp.APy9CH6O40/kubeconfig --context kind-wamn-receiving-journey get --raw /api/v1/namespaces/wamn-system/services/http:tempo:3200/proxy/api/traces/44444444444444444444444444440001 
2026-09-09T20:00:27Z kubectl --kubeconfig /tmp/tmp.APy9CH6O40/kubeconfig --context kind-wamn-receiving-journey get --raw /api/v1/namespaces/wamn-system/services/http:tempo:3200/proxy/api/traces/44444444444444444444444444440002 
2026-09-09T20:00:27Z kubectl --kubeconfig /tmp/tmp.APy9CH6O40/kubeconfig --context kind-wamn-receiving-journey get --raw /api/v1/namespaces/wamn-system/services/http:tempo:3200/proxy/api/traces/44444444444444444444444444440003 
2026-09-09T20:00:27Z kubectl --kubeconfig /tmp/tmp.APy9CH6O40/kubeconfig --context kind-wamn-receiving-journey get --raw /api/v1/namespaces/wamn-system/services/http:tempo:3200/proxy/api/traces/44444444444444444444444444440004 
2026-09-09T20:00:27Z kubectl --kubeconfig /tmp/tmp.APy9CH6O40/kubeconfig --context kind-wamn-receiving-journey get --raw /api/v1/namespaces/wamn-system/services/http:tempo:3200/proxy/api/traces/44444444444444444444444444440005 
2026-09-09T20:00:27Z kubectl --kubeconfig /tmp/tmp.APy9CH6O40/kubeconfig --context kind-wamn-receiving-journey apply -f /tmp/tmp.APy9CH6O40/bench-service-r1-route-c1.json 
2026-09-09T20:00:48Z kubectl --kubeconfig /tmp/tmp.APy9CH6O40/kubeconfig --context kind-wamn-receiving-journey apply -f /tmp/tmp.APy9CH6O40/bench-service-r1-route-c4.json 
2026-09-09T20:01:04Z kubectl --kubeconfig /tmp/tmp.APy9CH6O40/kubeconfig --context kind-wamn-receiving-journey apply -f /tmp/tmp.APy9CH6O40/bench-service-r1-route-c8.json 
2026-09-09T20:01:20Z kubectl --kubeconfig /tmp/tmp.APy9CH6O40/kubeconfig --context kind-wamn-receiving-journey apply -f /tmp/tmp.APy9CH6O40/bench-service-r1-route-c16.json 
2026-09-09T20:01:36Z kubectl --kubeconfig /tmp/tmp.APy9CH6O40/kubeconfig --context kind-wamn-receiving-journey apply -f /tmp/tmp.APy9CH6O40/bench-service-r1-route-c32.json 
2026-09-09T20:01:52Z kubectl --kubeconfig /tmp/tmp.APy9CH6O40/kubeconfig --context kind-wamn-receiving-journey apply -f /tmp/tmp.APy9CH6O40/bench-service-r1-route-c64.json 
2026-09-09T20:02:08Z kubectl --kubeconfig /tmp/tmp.APy9CH6O40/kubeconfig --context kind-wamn-receiving-journey apply -f /tmp/tmp.APy9CH6O40/bench-service-r1-nodb-c1.json 
2026-09-09T20:02:24Z kubectl --kubeconfig /tmp/tmp.APy9CH6O40/kubeconfig --context kind-wamn-receiving-journey apply -f /tmp/tmp.APy9CH6O40/bench-service-r1-nodb-c4.json 
2026-09-09T20:02:40Z kubectl --kubeconfig /tmp/tmp.APy9CH6O40/kubeconfig --context kind-wamn-receiving-journey apply -f /tmp/tmp.APy9CH6O40/bench-service-r1-nodb-c8.json 
2026-09-09T20:02:56Z kubectl --kubeconfig /tmp/tmp.APy9CH6O40/kubeconfig --context kind-wamn-receiving-journey apply -f /tmp/tmp.APy9CH6O40/bench-service-r1-nodb-c16.json 
2026-09-09T20:03:12Z kubectl --kubeconfig /tmp/tmp.APy9CH6O40/kubeconfig --context kind-wamn-receiving-journey apply -f /tmp/tmp.APy9CH6O40/bench-service-r1-nodb-c32.json 
2026-09-09T20:03:29Z kubectl --kubeconfig /tmp/tmp.APy9CH6O40/kubeconfig --context kind-wamn-receiving-journey apply -f /tmp/tmp.APy9CH6O40/bench-service-r1-nodb-c64.json 
2026-09-09T20:03:45Z kubectl --kubeconfig /tmp/tmp.APy9CH6O40/kubeconfig --context kind-wamn-receiving-journey apply -f /tmp/tmp.APy9CH6O40/bench-service-r1-pg-c1.json 
2026-09-09T20:04:09Z kubectl --kubeconfig /tmp/tmp.APy9CH6O40/kubeconfig --context kind-wamn-receiving-journey apply -f /tmp/tmp.APy9CH6O40/bench-service-r1-pg-c4.json 
2026-09-09T20:04:25Z kubectl --kubeconfig /tmp/tmp.APy9CH6O40/kubeconfig --context kind-wamn-receiving-journey apply -f /tmp/tmp.APy9CH6O40/bench-service-r1-pg-c8.json 
2026-09-09T20:04:41Z kubectl --kubeconfig /tmp/tmp.APy9CH6O40/kubeconfig --context kind-wamn-receiving-journey apply -f /tmp/tmp.APy9CH6O40/bench-service-r1-pg-c16.json 
2026-09-09T20:04:57Z kubectl --kubeconfig /tmp/tmp.APy9CH6O40/kubeconfig --context kind-wamn-receiving-journey apply -f /tmp/tmp.APy9CH6O40/bench-service-r1-pg-c32.json 
2026-09-09T20:05:13Z kubectl --kubeconfig /tmp/tmp.APy9CH6O40/kubeconfig --context kind-wamn-receiving-journey apply -f /tmp/tmp.APy9CH6O40/bench-service-r1-pg-c64.json 
2026-09-09T20:05:29Z /home/kaalin/.cache/wamn-lanes/wasmcloud-2-9-20260909/target/debug/wamn-throughput report --evidence-dir /home/kaalin/dev/wamn/docs/perf/2026.09/wasmcloud-2-9-cutover/performance-2-9-002/journey/throughput/service-1 
2026-09-09T20:05:30Z kubectl --kubeconfig /tmp/tmp.APy9CH6O40/kubeconfig --context kind-wamn-receiving-journey apply -f /tmp/tmp.APy9CH6O40/bench-human-r1-route-c1.json 
2026-09-09T20:05:46Z kubectl --kubeconfig /tmp/tmp.APy9CH6O40/kubeconfig --context kind-wamn-receiving-journey apply -f /tmp/tmp.APy9CH6O40/bench-human-r1-route-c4.json 
2026-09-09T20:06:02Z kubectl --kubeconfig /tmp/tmp.APy9CH6O40/kubeconfig --context kind-wamn-receiving-journey apply -f /tmp/tmp.APy9CH6O40/bench-human-r1-route-c8.json 
2026-09-09T20:06:18Z kubectl --kubeconfig /tmp/tmp.APy9CH6O40/kubeconfig --context kind-wamn-receiving-journey apply -f /tmp/tmp.APy9CH6O40/bench-human-r1-route-c16.json 
2026-09-09T20:06:34Z kubectl --kubeconfig /tmp/tmp.APy9CH6O40/kubeconfig --context kind-wamn-receiving-journey apply -f /tmp/tmp.APy9CH6O40/bench-human-r1-route-c32.json 
2026-09-09T20:06:50Z kubectl --kubeconfig /tmp/tmp.APy9CH6O40/kubeconfig --context kind-wamn-receiving-journey apply -f /tmp/tmp.APy9CH6O40/bench-human-r1-route-c64.json 
2026-09-09T20:07:06Z kubectl --kubeconfig /tmp/tmp.APy9CH6O40/kubeconfig --context kind-wamn-receiving-journey apply -f /tmp/tmp.APy9CH6O40/bench-human-r1-nodb-c1.json 
2026-09-09T20:07:22Z kubectl --kubeconfig /tmp/tmp.APy9CH6O40/kubeconfig --context kind-wamn-receiving-journey apply -f /tmp/tmp.APy9CH6O40/bench-human-r1-nodb-c4.json 
2026-09-09T20:07:39Z kubectl --kubeconfig /tmp/tmp.APy9CH6O40/kubeconfig --context kind-wamn-receiving-journey apply -f /tmp/tmp.APy9CH6O40/bench-human-r1-nodb-c8.json 
2026-09-09T20:07:55Z kubectl --kubeconfig /tmp/tmp.APy9CH6O40/kubeconfig --context kind-wamn-receiving-journey apply -f /tmp/tmp.APy9CH6O40/bench-human-r1-nodb-c16.json 
2026-09-09T20:08:11Z kubectl --kubeconfig /tmp/tmp.APy9CH6O40/kubeconfig --context kind-wamn-receiving-journey apply -f /tmp/tmp.APy9CH6O40/bench-human-r1-nodb-c32.json 
2026-09-09T20:08:27Z kubectl --kubeconfig /tmp/tmp.APy9CH6O40/kubeconfig --context kind-wamn-receiving-journey apply -f /tmp/tmp.APy9CH6O40/bench-human-r1-nodb-c64.json 
2026-09-09T20:08:43Z kubectl --kubeconfig /tmp/tmp.APy9CH6O40/kubeconfig --context kind-wamn-receiving-journey apply -f /tmp/tmp.APy9CH6O40/bench-human-r1-pg-c1.json 
2026-09-09T20:08:59Z kubectl --kubeconfig /tmp/tmp.APy9CH6O40/kubeconfig --context kind-wamn-receiving-journey apply -f /tmp/tmp.APy9CH6O40/bench-human-r1-pg-c4.json 
2026-09-09T20:09:15Z kubectl --kubeconfig /tmp/tmp.APy9CH6O40/kubeconfig --context kind-wamn-receiving-journey apply -f /tmp/tmp.APy9CH6O40/bench-human-r1-pg-c8.json 
2026-09-09T20:09:31Z kubectl --kubeconfig /tmp/tmp.APy9CH6O40/kubeconfig --context kind-wamn-receiving-journey apply -f /tmp/tmp.APy9CH6O40/bench-human-r1-pg-c16.json 
2026-09-09T20:09:47Z kubectl --kubeconfig /tmp/tmp.APy9CH6O40/kubeconfig --context kind-wamn-receiving-journey apply -f /tmp/tmp.APy9CH6O40/bench-human-r1-pg-c32.json 
2026-09-09T20:10:03Z kubectl --kubeconfig /tmp/tmp.APy9CH6O40/kubeconfig --context kind-wamn-receiving-journey apply -f /tmp/tmp.APy9CH6O40/bench-human-r1-pg-c64.json 
2026-09-09T20:10:19Z /home/kaalin/.cache/wamn-lanes/wasmcloud-2-9-20260909/target/debug/wamn-throughput report --evidence-dir /home/kaalin/dev/wamn/docs/perf/2026.09/wasmcloud-2-9-cutover/performance-2-9-002/journey/throughput/human-1 
2026-09-09T20:10:20Z kubectl --kubeconfig /tmp/tmp.APy9CH6O40/kubeconfig --context kind-wamn-receiving-journey apply -f /tmp/tmp.APy9CH6O40/bench-human-r2-route-c1.json 
2026-09-09T20:10:36Z kubectl --kubeconfig /tmp/tmp.APy9CH6O40/kubeconfig --context kind-wamn-receiving-journey apply -f /tmp/tmp.APy9CH6O40/bench-human-r2-route-c4.json 
2026-09-09T20:10:52Z kubectl --kubeconfig /tmp/tmp.APy9CH6O40/kubeconfig --context kind-wamn-receiving-journey apply -f /tmp/tmp.APy9CH6O40/bench-human-r2-route-c8.json 
2026-09-09T20:11:09Z kubectl --kubeconfig /tmp/tmp.APy9CH6O40/kubeconfig --context kind-wamn-receiving-journey apply -f /tmp/tmp.APy9CH6O40/bench-human-r2-route-c16.json 
2026-09-09T20:11:25Z kubectl --kubeconfig /tmp/tmp.APy9CH6O40/kubeconfig --context kind-wamn-receiving-journey apply -f /tmp/tmp.APy9CH6O40/bench-human-r2-route-c32.json 
2026-09-09T20:11:41Z kubectl --kubeconfig /tmp/tmp.APy9CH6O40/kubeconfig --context kind-wamn-receiving-journey apply -f /tmp/tmp.APy9CH6O40/bench-human-r2-route-c64.json 
2026-09-09T20:11:57Z kubectl --kubeconfig /tmp/tmp.APy9CH6O40/kubeconfig --context kind-wamn-receiving-journey apply -f /tmp/tmp.APy9CH6O40/bench-human-r2-nodb-c1.json 
2026-09-09T20:12:13Z kubectl --kubeconfig /tmp/tmp.APy9CH6O40/kubeconfig --context kind-wamn-receiving-journey apply -f /tmp/tmp.APy9CH6O40/bench-human-r2-nodb-c4.json 
2026-09-09T20:12:29Z kubectl --kubeconfig /tmp/tmp.APy9CH6O40/kubeconfig --context kind-wamn-receiving-journey apply -f /tmp/tmp.APy9CH6O40/bench-human-r2-nodb-c8.json 
2026-09-09T20:12:45Z kubectl --kubeconfig /tmp/tmp.APy9CH6O40/kubeconfig --context kind-wamn-receiving-journey apply -f /tmp/tmp.APy9CH6O40/bench-human-r2-nodb-c16.json 
2026-09-09T20:13:01Z kubectl --kubeconfig /tmp/tmp.APy9CH6O40/kubeconfig --context kind-wamn-receiving-journey apply -f /tmp/tmp.APy9CH6O40/bench-human-r2-nodb-c32.json 
2026-09-09T20:13:17Z kubectl --kubeconfig /tmp/tmp.APy9CH6O40/kubeconfig --context kind-wamn-receiving-journey apply -f /tmp/tmp.APy9CH6O40/bench-human-r2-nodb-c64.json 
2026-09-09T20:13:34Z kubectl --kubeconfig /tmp/tmp.APy9CH6O40/kubeconfig --context kind-wamn-receiving-journey apply -f /tmp/tmp.APy9CH6O40/bench-human-r2-pg-c1.json 
2026-09-09T20:13:50Z kubectl --kubeconfig /tmp/tmp.APy9CH6O40/kubeconfig --context kind-wamn-receiving-journey apply -f /tmp/tmp.APy9CH6O40/bench-human-r2-pg-c4.json 
2026-09-09T20:14:06Z kubectl --kubeconfig /tmp/tmp.APy9CH6O40/kubeconfig --context kind-wamn-receiving-journey apply -f /tmp/tmp.APy9CH6O40/bench-human-r2-pg-c8.json 
2026-09-09T20:14:22Z kubectl --kubeconfig /tmp/tmp.APy9CH6O40/kubeconfig --context kind-wamn-receiving-journey apply -f /tmp/tmp.APy9CH6O40/bench-human-r2-pg-c16.json 
2026-09-09T20:14:38Z kubectl --kubeconfig /tmp/tmp.APy9CH6O40/kubeconfig --context kind-wamn-receiving-journey apply -f /tmp/tmp.APy9CH6O40/bench-human-r2-pg-c32.json 
2026-09-09T20:14:54Z kubectl --kubeconfig /tmp/tmp.APy9CH6O40/kubeconfig --context kind-wamn-receiving-journey apply -f /tmp/tmp.APy9CH6O40/bench-human-r2-pg-c64.json 
2026-09-09T20:15:10Z /home/kaalin/.cache/wamn-lanes/wasmcloud-2-9-20260909/target/debug/wamn-throughput report --evidence-dir /home/kaalin/dev/wamn/docs/perf/2026.09/wasmcloud-2-9-cutover/performance-2-9-002/journey/throughput/human-2 
2026-09-09T20:15:11Z kubectl --kubeconfig /tmp/tmp.APy9CH6O40/kubeconfig --context kind-wamn-receiving-journey apply -f /tmp/tmp.APy9CH6O40/bench-service-r2-route-c1.json 
2026-09-09T20:15:26Z kubectl --kubeconfig /tmp/tmp.APy9CH6O40/kubeconfig --context kind-wamn-receiving-journey apply -f /tmp/tmp.APy9CH6O40/bench-service-r2-route-c4.json 
2026-09-09T20:15:42Z kubectl --kubeconfig /tmp/tmp.APy9CH6O40/kubeconfig --context kind-wamn-receiving-journey apply -f /tmp/tmp.APy9CH6O40/bench-service-r2-route-c8.json 
2026-09-09T20:15:58Z kubectl --kubeconfig /tmp/tmp.APy9CH6O40/kubeconfig --context kind-wamn-receiving-journey apply -f /tmp/tmp.APy9CH6O40/bench-service-r2-route-c16.json 
2026-09-09T20:16:15Z kubectl --kubeconfig /tmp/tmp.APy9CH6O40/kubeconfig --context kind-wamn-receiving-journey apply -f /tmp/tmp.APy9CH6O40/bench-service-r2-route-c32.json 
2026-09-09T20:16:31Z kubectl --kubeconfig /tmp/tmp.APy9CH6O40/kubeconfig --context kind-wamn-receiving-journey apply -f /tmp/tmp.APy9CH6O40/bench-service-r2-route-c64.json 
2026-09-09T20:16:47Z kubectl --kubeconfig /tmp/tmp.APy9CH6O40/kubeconfig --context kind-wamn-receiving-journey apply -f /tmp/tmp.APy9CH6O40/bench-service-r2-nodb-c1.json 
2026-09-09T20:17:03Z kubectl --kubeconfig /tmp/tmp.APy9CH6O40/kubeconfig --context kind-wamn-receiving-journey apply -f /tmp/tmp.APy9CH6O40/bench-service-r2-nodb-c4.json 
2026-09-09T20:17:19Z kubectl --kubeconfig /tmp/tmp.APy9CH6O40/kubeconfig --context kind-wamn-receiving-journey apply -f /tmp/tmp.APy9CH6O40/bench-service-r2-nodb-c8.json 
2026-09-09T20:17:35Z kubectl --kubeconfig /tmp/tmp.APy9CH6O40/kubeconfig --context kind-wamn-receiving-journey apply -f /tmp/tmp.APy9CH6O40/bench-service-r2-nodb-c16.json 
2026-09-09T20:17:51Z kubectl --kubeconfig /tmp/tmp.APy9CH6O40/kubeconfig --context kind-wamn-receiving-journey apply -f /tmp/tmp.APy9CH6O40/bench-service-r2-nodb-c32.json 
2026-09-09T20:18:07Z kubectl --kubeconfig /tmp/tmp.APy9CH6O40/kubeconfig --context kind-wamn-receiving-journey apply -f /tmp/tmp.APy9CH6O40/bench-service-r2-nodb-c64.json 
2026-09-09T20:18:23Z kubectl --kubeconfig /tmp/tmp.APy9CH6O40/kubeconfig --context kind-wamn-receiving-journey apply -f /tmp/tmp.APy9CH6O40/bench-service-r2-pg-c1.json 
2026-09-09T20:18:40Z kubectl --kubeconfig /tmp/tmp.APy9CH6O40/kubeconfig --context kind-wamn-receiving-journey apply -f /tmp/tmp.APy9CH6O40/bench-service-r2-pg-c4.json 
2026-09-09T20:18:56Z kubectl --kubeconfig /tmp/tmp.APy9CH6O40/kubeconfig --context kind-wamn-receiving-journey apply -f /tmp/tmp.APy9CH6O40/bench-service-r2-pg-c8.json 
2026-09-09T20:19:12Z kubectl --kubeconfig /tmp/tmp.APy9CH6O40/kubeconfig --context kind-wamn-receiving-journey apply -f /tmp/tmp.APy9CH6O40/bench-service-r2-pg-c16.json 
2026-09-09T20:19:28Z kubectl --kubeconfig /tmp/tmp.APy9CH6O40/kubeconfig --context kind-wamn-receiving-journey apply -f /tmp/tmp.APy9CH6O40/bench-service-r2-pg-c32.json 
2026-09-09T20:19:45Z kubectl --kubeconfig /tmp/tmp.APy9CH6O40/kubeconfig --context kind-wamn-receiving-journey apply -f /tmp/tmp.APy9CH6O40/bench-service-r2-pg-c64.json 
2026-09-09T20:20:01Z /home/kaalin/.cache/wamn-lanes/wasmcloud-2-9-20260909/target/debug/wamn-throughput report --evidence-dir /home/kaalin/dev/wamn/docs/perf/2026.09/wasmcloud-2-9-cutover/performance-2-9-002/journey/throughput/service-2 
2026-09-09T20:20:02Z kubectl --kubeconfig /tmp/tmp.APy9CH6O40/kubeconfig --context kind-wamn-receiving-journey apply -f /tmp/tmp.APy9CH6O40/bench-service-r3-route-c1.json 
2026-09-09T20:20:19Z kubectl --kubeconfig /tmp/tmp.APy9CH6O40/kubeconfig --context kind-wamn-receiving-journey apply -f /tmp/tmp.APy9CH6O40/bench-service-r3-route-c4.json 
2026-09-09T20:20:34Z kubectl --kubeconfig /tmp/tmp.APy9CH6O40/kubeconfig --context kind-wamn-receiving-journey apply -f /tmp/tmp.APy9CH6O40/bench-service-r3-route-c8.json 
2026-09-09T20:20:51Z kubectl --kubeconfig /tmp/tmp.APy9CH6O40/kubeconfig --context kind-wamn-receiving-journey apply -f /tmp/tmp.APy9CH6O40/bench-service-r3-route-c16.json 
2026-09-09T20:21:07Z kubectl --kubeconfig /tmp/tmp.APy9CH6O40/kubeconfig --context kind-wamn-receiving-journey apply -f /tmp/tmp.APy9CH6O40/bench-service-r3-route-c32.json 
2026-09-09T20:21:23Z kubectl --kubeconfig /tmp/tmp.APy9CH6O40/kubeconfig --context kind-wamn-receiving-journey apply -f /tmp/tmp.APy9CH6O40/bench-service-r3-route-c64.json 
2026-09-09T20:21:39Z kubectl --kubeconfig /tmp/tmp.APy9CH6O40/kubeconfig --context kind-wamn-receiving-journey apply -f /tmp/tmp.APy9CH6O40/bench-service-r3-nodb-c1.json 
2026-09-09T20:21:55Z kubectl --kubeconfig /tmp/tmp.APy9CH6O40/kubeconfig --context kind-wamn-receiving-journey apply -f /tmp/tmp.APy9CH6O40/bench-service-r3-nodb-c4.json 
2026-09-09T20:22:11Z kubectl --kubeconfig /tmp/tmp.APy9CH6O40/kubeconfig --context kind-wamn-receiving-journey apply -f /tmp/tmp.APy9CH6O40/bench-service-r3-nodb-c8.json 
2026-09-09T20:22:27Z kubectl --kubeconfig /tmp/tmp.APy9CH6O40/kubeconfig --context kind-wamn-receiving-journey apply -f /tmp/tmp.APy9CH6O40/bench-service-r3-nodb-c16.json 
2026-09-09T20:22:43Z kubectl --kubeconfig /tmp/tmp.APy9CH6O40/kubeconfig --context kind-wamn-receiving-journey apply -f /tmp/tmp.APy9CH6O40/bench-service-r3-nodb-c32.json 
2026-09-09T20:23:00Z kubectl --kubeconfig /tmp/tmp.APy9CH6O40/kubeconfig --context kind-wamn-receiving-journey apply -f /tmp/tmp.APy9CH6O40/bench-service-r3-nodb-c64.json 
2026-09-09T20:23:16Z kubectl --kubeconfig /tmp/tmp.APy9CH6O40/kubeconfig --context kind-wamn-receiving-journey apply -f /tmp/tmp.APy9CH6O40/bench-service-r3-pg-c1.json 
2026-09-09T20:23:32Z kubectl --kubeconfig /tmp/tmp.APy9CH6O40/kubeconfig --context kind-wamn-receiving-journey apply -f /tmp/tmp.APy9CH6O40/bench-service-r3-pg-c4.json 
2026-09-09T20:23:49Z kubectl --kubeconfig /tmp/tmp.APy9CH6O40/kubeconfig --context kind-wamn-receiving-journey apply -f /tmp/tmp.APy9CH6O40/bench-service-r3-pg-c8.json 
2026-09-09T20:24:05Z kubectl --kubeconfig /tmp/tmp.APy9CH6O40/kubeconfig --context kind-wamn-receiving-journey apply -f /tmp/tmp.APy9CH6O40/bench-service-r3-pg-c16.json 
2026-09-09T20:24:23Z kubectl --kubeconfig /tmp/tmp.APy9CH6O40/kubeconfig --context kind-wamn-receiving-journey apply -f /tmp/tmp.APy9CH6O40/bench-service-r3-pg-c32.json 
2026-09-09T20:24:40Z kubectl --kubeconfig /tmp/tmp.APy9CH6O40/kubeconfig --context kind-wamn-receiving-journey apply -f /tmp/tmp.APy9CH6O40/bench-service-r3-pg-c64.json 
2026-09-09T20:24:56Z /home/kaalin/.cache/wamn-lanes/wasmcloud-2-9-20260909/target/debug/wamn-throughput report --evidence-dir /home/kaalin/dev/wamn/docs/perf/2026.09/wasmcloud-2-9-cutover/performance-2-9-002/journey/throughput/service-3 
2026-09-09T20:24:56Z kubectl --kubeconfig /tmp/tmp.APy9CH6O40/kubeconfig --context kind-wamn-receiving-journey apply -f /tmp/tmp.APy9CH6O40/bench-human-r3-route-c1.json 
2026-09-09T20:25:12Z kubectl --kubeconfig /tmp/tmp.APy9CH6O40/kubeconfig --context kind-wamn-receiving-journey apply -f /tmp/tmp.APy9CH6O40/bench-human-r3-route-c4.json 
2026-09-09T20:25:28Z kubectl --kubeconfig /tmp/tmp.APy9CH6O40/kubeconfig --context kind-wamn-receiving-journey apply -f /tmp/tmp.APy9CH6O40/bench-human-r3-route-c8.json 
2026-09-09T20:25:44Z kubectl --kubeconfig /tmp/tmp.APy9CH6O40/kubeconfig --context kind-wamn-receiving-journey apply -f /tmp/tmp.APy9CH6O40/bench-human-r3-route-c16.json 
2026-09-09T20:26:00Z kubectl --kubeconfig /tmp/tmp.APy9CH6O40/kubeconfig --context kind-wamn-receiving-journey apply -f /tmp/tmp.APy9CH6O40/bench-human-r3-route-c32.json 
2026-09-09T20:26:16Z kubectl --kubeconfig /tmp/tmp.APy9CH6O40/kubeconfig --context kind-wamn-receiving-journey apply -f /tmp/tmp.APy9CH6O40/bench-human-r3-route-c64.json 
2026-09-09T20:26:33Z kubectl --kubeconfig /tmp/tmp.APy9CH6O40/kubeconfig --context kind-wamn-receiving-journey apply -f /tmp/tmp.APy9CH6O40/bench-human-r3-nodb-c1.json 
2026-09-09T20:26:49Z kubectl --kubeconfig /tmp/tmp.APy9CH6O40/kubeconfig --context kind-wamn-receiving-journey apply -f /tmp/tmp.APy9CH6O40/bench-human-r3-nodb-c4.json 
2026-09-09T20:27:05Z kubectl --kubeconfig /tmp/tmp.APy9CH6O40/kubeconfig --context kind-wamn-receiving-journey apply -f /tmp/tmp.APy9CH6O40/bench-human-r3-nodb-c8.json 
2026-09-09T20:27:21Z kubectl --kubeconfig /tmp/tmp.APy9CH6O40/kubeconfig --context kind-wamn-receiving-journey apply -f /tmp/tmp.APy9CH6O40/bench-human-r3-nodb-c16.json 
2026-09-09T20:27:37Z kubectl --kubeconfig /tmp/tmp.APy9CH6O40/kubeconfig --context kind-wamn-receiving-journey apply -f /tmp/tmp.APy9CH6O40/bench-human-r3-nodb-c32.json 
2026-09-09T20:27:53Z kubectl --kubeconfig /tmp/tmp.APy9CH6O40/kubeconfig --context kind-wamn-receiving-journey apply -f /tmp/tmp.APy9CH6O40/bench-human-r3-nodb-c64.json 
2026-09-09T20:28:10Z kubectl --kubeconfig /tmp/tmp.APy9CH6O40/kubeconfig --context kind-wamn-receiving-journey apply -f /tmp/tmp.APy9CH6O40/bench-human-r3-pg-c1.json 
2026-09-09T20:28:26Z kubectl --kubeconfig /tmp/tmp.APy9CH6O40/kubeconfig --context kind-wamn-receiving-journey apply -f /tmp/tmp.APy9CH6O40/bench-human-r3-pg-c4.json 
2026-09-09T20:28:42Z kubectl --kubeconfig /tmp/tmp.APy9CH6O40/kubeconfig --context kind-wamn-receiving-journey apply -f /tmp/tmp.APy9CH6O40/bench-human-r3-pg-c8.json 
2026-09-09T20:28:59Z kubectl --kubeconfig /tmp/tmp.APy9CH6O40/kubeconfig --context kind-wamn-receiving-journey apply -f /tmp/tmp.APy9CH6O40/bench-human-r3-pg-c16.json 
2026-09-09T20:29:16Z kubectl --kubeconfig /tmp/tmp.APy9CH6O40/kubeconfig --context kind-wamn-receiving-journey apply -f /tmp/tmp.APy9CH6O40/bench-human-r3-pg-c32.json 
2026-09-09T20:29:32Z kubectl --kubeconfig /tmp/tmp.APy9CH6O40/kubeconfig --context kind-wamn-receiving-journey apply -f /tmp/tmp.APy9CH6O40/bench-human-r3-pg-c64.json 
2026-09-09T20:29:48Z /home/kaalin/.cache/wamn-lanes/wasmcloud-2-9-20260909/target/debug/wamn-throughput report --evidence-dir /home/kaalin/dev/wamn/docs/perf/2026.09/wasmcloud-2-9-cutover/performance-2-9-002/journey/throughput/human-3 
2026-09-09T20:29:48Z kind delete cluster --name wamn-receiving-journey 
2026-09-09T20:29:50Z docker rm --force --volumes wamn-receiving-pg18-e7033f72ca32-3832130 
2026-09-09T20:29:50Z docker rm --force --volumes wamn-receiving-registry-e7033f72ca32-3832130 
2026-09-09T20:29:50Z docker rm --force --volumes wamn-receiving-nats-e7033f72ca32-3832130 
2026-09-09T20:29:51Z docker image rm wamn-host:receiving-e7033f72ca32-3832130-release 
2026-09-09T20:29:51Z rm -rf -- /tmp/tmp.APy9CH6O40 
