2026-09-09T19:58:15.057880671Z 2026-09-09T19:58:15.057808Z  INFO connected to NATS
2026-09-09T19:58:15.058182385Z 2026-09-09T19:58:15.058141Z  INFO host memory resolved max_guest_memory=4GiB guest_memory_mode="count" default_heap_memory=256MiB core_instances=512 memories=512 pool_reservation=128GiB
2026-09-09T19:58:15.080721431Z 2026-09-09T19:58:15.080627Z  INFO wiring activation doorbell listening; dropped every cached pointer channel="wamn_wiring_activation" dropped=0
2026-09-09T19:58:15.186278851Z 2026-09-09T19:58:15.186195Z  INFO release component pull completed component_digest=sha256:1f481deceaea9e217fb19819c750ce39fec8e9a1e19686e43dc2ebf65b1d9fef component_bytes=669281 elapsed_ms=18
2026-09-09T19:58:15.186765019Z 2026-09-09T19:58:15.186709Z  INFO release component pull completed component_digest=sha256:710586d8b7fa9ff054d84203d981832659ae9baa618ed03b14588d1168d68d2e component_bytes=466355 elapsed_ms=18
2026-09-09T19:58:15.688585708Z 2026-09-09T19:58:15.688477Z  INFO release component compilation completed component_digest=sha256:710586d8b7fa9ff054d84203d981832659ae9baa618ed03b14588d1168d68d2e compile_ms=501 compile_wall_ms=501
2026-09-09T19:58:15.697100248Z 2026-09-09T19:58:15.696967Z  INFO release component compilation completed component_digest=sha256:1f481deceaea9e217fb19819c750ce39fec8e9a1e19686e43dc2ebf65b1d9fef compile_ms=510 compile_wall_ms=510
2026-09-09T19:58:15.697684900Z 2026-09-09T19:58:15.697582Z  WARN wamn.component.linker_setup:wamn.linker.register: component imports wamn:postgres but sets no wamn.tenant; calls will be refused component="receiving#0"
2026-09-09T19:58:15.698211284Z 2026-09-09T19:58:15.698144Z  INFO release component instantiation completed component_digest=sha256:1f481deceaea9e217fb19819c750ce39fec8e9a1e19686e43dc2ebf65b1d9fef elapsed_ms=1 total_elapsed_ms=529
2026-09-09T19:58:15.698826512Z 2026-09-09T19:58:15.698764Z  WARN wamn.component.linker_setup:wamn.linker.register: component imports wamn:postgres but sets no wamn.tenant; calls will be refused component="client_acme_receiving#1"
2026-09-09T19:58:15.699192238Z 2026-09-09T19:58:15.699114Z  INFO release component instantiation completed component_digest=sha256:710586d8b7fa9ff054d84203d981832659ae9baa618ed03b14588d1168d68d2e elapsed_ms=0 total_elapsed_ms=530
2026-09-09T19:58:15.699205352Z 2026-09-09T19:58:15.699153Z  INFO synchronous release preload completed synchronous_wirings=13 component_digests=2 elapsed_ms=624
2026-09-09T19:58:15.699337961Z 2026-09-09T19:58:15.699249Z  INFO release preload completed; component cache warm
2026-09-09T19:58:15.709596854Z 2026-09-09T19:58:15.709405Z  INFO wamn-host starting (base plugins: wasi:config, wamn:logging, wasi:otel, wamn:postgres, wamn:jetstream, wamn:flow-http-routing) router_delivery=true
2026-09-09T19:58:15.709646442Z 2026-09-09T19:58:15.709427Z  INFO wamn-host welded to its release effective_release_id=1 manifest_digest=sha256:e633957452b28418875cdc69a5574d078da95daf94aa9fda76c5ad84cc3dee94
2026-09-09T19:58:15.709651989Z 2026-09-09T19:58:15.709450Z  INFO HTTP server listening addr=0.0.0.0:80 protocol="HTTP"
2026-09-09T19:58:15.709655164Z 2026-09-09T19:58:15.709469Z  INFO probe server listening addr=0.0.0.0:8081
2026-09-09T19:58:15.709658306Z 2026-09-09T19:58:15.709483Z  INFO Starting WASI OTel plugin endpoint=http://otel-collector.wamn-system.svc.cluster.local:4317 protocol="grpc"
2026-09-09T19:58:15.710258339Z 2026-09-09T19:58:15.710184Z  INFO WASI OTel plugin started
2026-09-09T19:58:15.710270034Z 2026-09-09T19:58:15.710208Z  INFO Host started host_id="14291438-64ca-4b89-8509-8297739e5032" friendly_name="zippy-horses-7087" host_name="10.244.1.5" labels={"hostgroup": "default"} version="2.9.0" max_concurrent_starts=4
2026-09-09T19:58:15.710390134Z 2026-09-09T19:58:15.710340Z  INFO Host provides interfaces count=10 interfaces=["wasi:cli/environment,terminal-input,terminal-stderr,exit,terminal-stdout,terminal-stdin,stdin,stderr,stdout,terminal-output@0.2.0", "wasi:clocks/wall-clock,monotonic-clock@0.2.0", "wasi:clocks/monotonic-clock,wall-time@0.2.0", "wasi:filesystem/types,preopens@0.2.0", "wasi:http/types,handler@0.3.0", "wasi:http/types,outgoing-handler,incoming-handler@0.2.0", "wasi:io/streams,poll,error@0.2.0", "wasi:random/random@0.2.0", "wasi:random/insecure-seed,insecure,random@0.2.0", "wasi:sockets/instance-network,network,tcp,udp,udp-create-socket,tcp-create-socket,ip-name-lookup@0.2.0"]
2026-09-09T19:58:15.710423755Z 2026-09-09T19:58:15.710363Z  INFO wamn-host runtime startup completed elapsed_ms=747 cleanup_budget_secs=51
2026-09-09T19:58:21.164660774Z 2026-09-09T19:58:21.164546Z  INFO workload_start{workload_id=5574ca88-6b0a-4e0d-9aad-9c5052398777 workload.name="flow-http-b9d878579-7dfb594576" workload.namespace="wamn-receiving-journey"}: Starting workload workload_id="5574ca88-6b0a-4e0d-9aad-9c5052398777" namespace="wamn-receiving-journey" name="flow-http-b9d878579-7dfb594576"
2026-09-09T19:58:23.389886261Z 2026-09-09T19:58:23.389818Z  WARN handle_http_request{http.method=POST http.uri=/purchase_order/get http.host=receiving.localhost http.request.method=POST url.path=/purchase_order/get server.address="receiving.localhost"}:invoke_component_handler{workload.name="flow-http-b9d878579-7dfb594576" workload.namespace="wamn-receiving-journey" workload.id="5574ca88-6b0a-4e0d-9aad-9c5052398777"}:wamn.component.invoke{wamn.tenant=receiving-route-auth wamn.project=receiving wamn.environment=dev wamn.wiring_id=purchase_order_get wamn.wiring_version=1 wamn.component_digest=sha256:1f481deceaea9e217fb19819c750ce39fec8e9a1e19686e43dc2ebf65b1d9fef wamn.node_id=operation wamn.operation=wamn-receiving:purchase-order/get@1.0.0 wamn.caller_principal_id="1f9b49e1-e1d8-4f0a-afc7-0733407ce983" wamn.caller_credential_kind="pat"}:wamn.component.linker_setup:wamn.linker.register: component imports wamn:postgres but sets no wamn.tenant; calls will be refused component="receiving#2"
2026-09-09T19:58:31.853299084Z 2026-09-09T19:58:31.853229Z  INFO shutting down wamn-host
2026-09-09T19:58:31.853333382Z 2026-09-09T19:58:31.853273Z  INFO HTTP server stopping addr=0.0.0.0:80
2026-09-09T19:58:31.853343289Z 2026-09-09T19:58:31.853300Z  INFO Stopping WASI OTel plugin
2026-09-09T19:58:31.853501452Z 2026-09-09T19:58:31.853471Z  INFO WASI OTel plugin stopped
2026-09-09T19:58:31.853523162Z 2026-09-09T19:58:31.853505Z  INFO HTTP server received shutdown signal
