2026-09-10T21:27:37Z curl --disable --version 
2026-09-10T21:27:37Z env CARGO_TARGET_DIR=/home/kaalin/.cache/wamn-lanes/receiving-postcommit-20260910/target RUSTC_WRAPPER= /home/kaalin/.cache/wamn-lanes/receiving-postcommit-20260910/tools/build-components m1 
2026-09-10T21:27:40Z env CARGO_TARGET_DIR=/home/kaalin/.cache/wamn-lanes/receiving-postcommit-20260910/target RUSTC_WRAPPER= cargo build --locked -p wamn-ctl -p wamn-identity -p wamn-cdc-reader -p wamn-scenario-worker -p wamn-executor 
2026-09-10T21:27:41Z docker build --platform=linux/amd64 --provenance=false --file /home/kaalin/.cache/wamn-lanes/receiving-postcommit-20260910/Dockerfile --target host --tag wamn-host:receiving-f5cd9e3414b3-2532777-release --label wamn.dev/source-head=f5cd9e3414b36b3b1aa9a19925d56e3dfd93470b --label wamn.dev/build-profile=release /home/kaalin/.cache/wamn-lanes/receiving-postcommit-20260910 
2026-09-10T21:32:30Z docker build --platform=linux/amd64 --provenance=false --file /home/kaalin/.cache/wamn-lanes/receiving-postcommit-20260910/Dockerfile --target gates --tag wamn-gates:receiving-f5cd9e3414b3-2532777-release --label wamn.dev/source-head=f5cd9e3414b36b3b1aa9a19925d56e3dfd93470b --label wamn.dev/build-profile=release /home/kaalin/.cache/wamn-lanes/receiving-postcommit-20260910 
2026-09-10T21:35:45Z kind create cluster --name wamn-receiving-postcommit --config /tmp/tmp.3qKc0dstMI/kind-config.yaml --kubeconfig /tmp/tmp.3qKc0dstMI/kubeconfig 
2026-09-10T21:36:09Z kubectl --kubeconfig /tmp/tmp.3qKc0dstMI/kubeconfig --context kind-wamn-receiving-postcommit wait --for=condition=Ready nodes --all --timeout=180s 
2026-09-10T21:36:22Z kubectl --kubeconfig /tmp/tmp.3qKc0dstMI/kubeconfig --context kind-wamn-receiving-postcommit create namespace wamn-receiving-postcommit 
2026-09-10T21:36:23Z kind load docker-image wamn-host:receiving-f5cd9e3414b3-2532777-release --name wamn-receiving-postcommit 
2026-09-10T21:36:28Z kind load docker-image wamn-gates:receiving-f5cd9e3414b3-2532777-release --name wamn-receiving-postcommit 
2026-09-10T21:36:40Z htpasswd \<credential-bearing\ arguments\ redacted\> 
2026-09-10T21:36:41Z postgres \<credential-bearing\ arguments\ redacted\> 
2026-09-10T21:36:41Z docker run --detach --name wamn-receiving-registry-f5cd9e3414b3-2532777 --network kind --env REGISTRY_AUTH=htpasswd --env REGISTRY_AUTH_HTPASSWD_REALM=WAMN\ Receiving\ cluster\ journey --env REGISTRY_AUTH_HTPASSWD_PATH=/auth/htpasswd --volume /tmp/tmp.3qKc0dstMI/htpasswd:/auth/htpasswd:ro registry:2 
2026-09-10T21:36:41Z docker run --detach --name wamn-receiving-nats-f5cd9e3414b3-2532777 --network kind nats:2.10-alpine --jetstream --store_dir /data --http_port 8222 
2026-09-10T21:36:44Z psql \<owned\ PostgreSQL\ administrator\> CREATE\ DATABASE\ wamn_system 
2026-09-10T21:36:44Z cargo test production_two_package_release_serves_all_thirteen_pat_routes \<journey\ document\ with\ disposable\ PostgreSQL\ and\ OCI\ inputs\ redacted\> 
2026-09-10T21:37:17Z kubectl --kubeconfig /tmp/tmp.3qKc0dstMI/kubeconfig --context kind-wamn-receiving-postcommit apply -f /tmp/tmp.3qKc0dstMI/route-caller-pat-kube.json 
2026-09-10T21:37:18Z env DOCKER_CONFIG=\<private-registry-directory\> /home/kaalin/.cache/wamn-lanes/receiving-postcommit-20260910/.tools/wash/2.9.0/wash -o json oci push --insecure 172.28.0.9:5000/wamn/flow-http:receiving-f5cd9e3414b3-2532777-release /home/kaalin/.cache/wamn-lanes/receiving-postcommit-20260910/target/wasm32-wasip2/release/http_route.wasm 
2026-09-10T21:37:18Z env DOCKER_CONFIG=\<private-registry-directory\> /home/kaalin/.cache/wamn-lanes/receiving-postcommit-20260910/.tools/wash/2.9.0/wash -o json oci push --insecure 172.28.0.9:5000/wamn/materializer:receiving-f5cd9e3414b3-2532777-release /home/kaalin/.cache/wamn-lanes/receiving-postcommit-20260910/target/wasm32-wasip2/release/materializer.wasm 
2026-09-10T21:37:18Z enable-cdc-project-env \<credential-bearing\ arguments\ redacted\> 
2026-09-10T21:37:18Z apply-cdc-role \<credential-bearing\ arguments\ redacted\> 
2026-09-10T21:37:18Z apply-cdc-stream \<credential-bearing\ arguments\ redacted\> 
2026-09-10T21:37:19Z prepare-registry-reader \<credential-bearing\ arguments\ redacted\> 
2026-09-10T21:37:19Z env WAMN_SYSTEM_URL=\<registry-reader\ credential\ redacted\> WAMN_CDC_URL=\<replication\ credential\ redacted\> /home/kaalin/.cache/wamn-lanes/receiving-postcommit-20260910/target/debug/wamn-cdc-reader --log-level info --org acme --project receiving --env dev --nats-url nats://172.28.0.10:4222 --sslmode disable --stream-replicas 1 --dup-window-secs 120 --feedback-secs 1 --stall-threshold-secs 30 --slot-poll-secs 0 --slot-safe-wal-warn-bytes 268435456 
2026-09-10T21:37:20Z print-release-env \<credential-bearing\ arguments\ redacted\> 
2026-09-10T21:37:20Z kubectl --kubeconfig /tmp/tmp.3qKc0dstMI/kubeconfig --context kind-wamn-receiving-postcommit apply -f /tmp/tmp.3qKc0dstMI/host-secrets/guest-sql.json 
2026-09-10T21:37:20Z kubectl --kubeconfig /tmp/tmp.3qKc0dstMI/kubeconfig --context kind-wamn-receiving-postcommit apply -f /tmp/tmp.3qKc0dstMI/host-secrets/executor-platform.json 
2026-09-10T21:37:21Z kubectl --kubeconfig /tmp/tmp.3qKc0dstMI/kubeconfig --context kind-wamn-receiving-postcommit apply -f /tmp/tmp.3qKc0dstMI/host-secrets/identity-reader.json 
2026-09-10T21:37:21Z kubectl --kubeconfig /tmp/tmp.3qKc0dstMI/kubeconfig --context kind-wamn-receiving-postcommit apply -f /tmp/tmp.3qKc0dstMI/host-secrets/http-admitter.json 
2026-09-10T21:37:21Z kubectl --kubeconfig /tmp/tmp.3qKc0dstMI/kubeconfig --context kind-wamn-receiving-postcommit apply -f /tmp/tmp.3qKc0dstMI/host-secrets/event-materializer.json 
2026-09-10T21:37:21Z kubectl --kubeconfig /tmp/tmp.3qKc0dstMI/kubeconfig --context kind-wamn-receiving-postcommit -n wamn-receiving-postcommit create secret generic wamn-registry-pull --type=kubernetes.io/dockerconfigjson --from-file=.dockerconfigjson=\<redacted\> --dry-run=client -o yaml 
2026-09-10T21:37:21Z kubectl --kubeconfig /tmp/tmp.3qKc0dstMI/kubeconfig --context kind-wamn-receiving-postcommit apply -f /tmp/tmp.3qKc0dstMI/registry-pull.yaml 
2026-09-10T21:37:21Z kubectl --kubeconfig /tmp/tmp.3qKc0dstMI/kubeconfig --context kind-wamn-receiving-postcommit apply -f /home/kaalin/.cache/wamn-lanes/receiving-postcommit-20260910/deploy/infra/cert-manager.yaml 
2026-09-10T21:37:22Z kubectl --kubeconfig /tmp/tmp.3qKc0dstMI/kubeconfig --context kind-wamn-receiving-postcommit -n cert-manager wait --for=condition=Available deployment --all --timeout=240s 
2026-09-10T21:37:34Z helm upgrade --install --create-namespace --kubeconfig /tmp/tmp.3qKc0dstMI/kubeconfig --kube-context kind-wamn-receiving-postcommit --namespace wamn-system wamn oci://ghcr.io/wasmcloud/charts/runtime-operator --version 2.9.0 -f /home/kaalin/.cache/wamn-lanes/receiving-postcommit-20260910/deploy/infra/values-wamn.yaml -f /tmp/tmp.3qKc0dstMI/operator-values.yaml --wait --timeout 5m 
2026-09-10T21:38:17Z kubectl --kubeconfig /tmp/tmp.3qKc0dstMI/kubeconfig --context kind-wamn-receiving-postcommit -n wamn-system get deployment runtime-operator -o json 
2026-09-10T21:38:18Z kubectl --kubeconfig /tmp/tmp.3qKc0dstMI/kubeconfig --context kind-wamn-receiving-postcommit apply -f /tmp/tmp.3qKc0dstMI/runtime-operator-events-rbac.yaml 
2026-09-10T21:38:18Z kubectl --kubeconfig /tmp/tmp.3qKc0dstMI/kubeconfig --context kind-wamn-receiving-postcommit -n wamn-receiving-postcommit get role wamn-runtime-operator-events -o json 
2026-09-10T21:38:18Z kubectl --kubeconfig /tmp/tmp.3qKc0dstMI/kubeconfig --context kind-wamn-receiving-postcommit -n wamn-receiving-postcommit get rolebinding wamn-runtime-operator-events -o json 
2026-09-10T21:38:18Z kubectl --kubeconfig /tmp/tmp.3qKc0dstMI/kubeconfig --context kind-wamn-receiving-postcommit apply -f /home/kaalin/.cache/wamn-lanes/receiving-postcommit-20260910/deploy/infra/tempo.yaml 
2026-09-10T21:38:18Z kubectl --kubeconfig /tmp/tmp.3qKc0dstMI/kubeconfig --context kind-wamn-receiving-postcommit apply -f /home/kaalin/.cache/wamn-lanes/receiving-postcommit-20260910/deploy/infra/otel-collector.yaml 
2026-09-10T21:38:18Z kubectl --kubeconfig /tmp/tmp.3qKc0dstMI/kubeconfig --context kind-wamn-receiving-postcommit -n wamn-system wait --for=condition=Available deployment/tempo deployment/otel-collector --timeout=120s 
2026-09-10T21:38:24Z kubectl --kubeconfig /tmp/tmp.3qKc0dstMI/kubeconfig --context kind-wamn-receiving-postcommit apply -f /tmp/tmp.3qKc0dstMI/wasmcloud-ca-copy.json 
2026-09-10T21:38:24Z kubectl --kubeconfig /tmp/tmp.3qKc0dstMI/kubeconfig --context kind-wamn-receiving-postcommit apply -f /home/kaalin/.cache/wamn-lanes/receiving-postcommit-20260910/deploy/infra/wasmcloud-ca-issuer.yaml 
2026-09-10T21:38:25Z kubectl --kubeconfig /tmp/tmp.3qKc0dstMI/kubeconfig --context kind-wamn-receiving-postcommit wait --for=condition=Ready clusterissuer/wasmcloud-ca --timeout=60s 
2026-09-10T21:38:25Z kubectl --kubeconfig /tmp/tmp.3qKc0dstMI/kubeconfig --context kind-wamn-receiving-postcommit apply -f /tmp/tmp.3qKc0dstMI/host-environment-certs.yaml 
2026-09-10T21:38:25Z kubectl --kubeconfig /tmp/tmp.3qKc0dstMI/kubeconfig --context kind-wamn-receiving-postcommit -n wamn-receiving-postcommit wait --for=condition=Ready certificate/wasmcloud-runtime-tls certificate/wasmcloud-data-tls --timeout=120s 
2026-09-10T21:38:25Z helm upgrade --install --kubeconfig /tmp/tmp.3qKc0dstMI/kubeconfig --kube-context kind-wamn-receiving-postcommit --namespace wamn-receiving-postcommit wamn-host oci://ghcr.io/wasmcloud/charts/runtime-operator --version 2.9.0 -f /tmp/tmp.3qKc0dstMI/host-base.yaml -f /tmp/tmp.3qKc0dstMI/host-overlay.yaml --wait --timeout 5m 
2026-09-10T21:38:33Z kubectl --kubeconfig /tmp/tmp.3qKc0dstMI/kubeconfig --context kind-wamn-receiving-postcommit -n wamn-receiving-postcommit rollout status deployment/hostgroup-default --timeout=240s 
2026-09-10T21:38:33Z kubectl --kubeconfig /tmp/tmp.3qKc0dstMI/kubeconfig --context kind-wamn-receiving-postcommit apply -f /tmp/tmp.3qKc0dstMI/flow-http.yaml 
2026-09-10T21:38:33Z kubectl --kubeconfig /tmp/tmp.3qKc0dstMI/kubeconfig --context kind-wamn-receiving-postcommit -n wamn-receiving-postcommit wait --for=condition=Ready workloaddeployment/flow-http --timeout=240s 
2026-09-10T21:38:34Z kubectl --kubeconfig /tmp/tmp.3qKc0dstMI/kubeconfig --context kind-wamn-receiving-postcommit apply -f /tmp/tmp.3qKc0dstMI/postcommit-nodeport.json 
2026-09-10T21:38:34Z curl --disable --noproxy \* --silent --show-error --connect-timeout 5 --max-time 15 --retry 15 --retry-delay 1 --retry-connrefused --retry-max-time 45 --dump-header /home/kaalin/dev/wamn/docs/perf/2026.09/receiving-postcommit/live-003/pair/baseline/flow-http-probe.headers --output /home/kaalin/dev/wamn/docs/perf/2026.09/receiving-postcommit/live-003/pair/baseline/flow-http-probe.body --write-out %\{http_code\} --header Host:\ receiving.localhost http://172.28.0.7:31135/no-such-route 
2026-09-10T21:38:36Z kubectl --kubeconfig /tmp/tmp.3qKc0dstMI/kubeconfig --context kind-wamn-receiving-postcommit apply -f /tmp/tmp.3qKc0dstMI/materializer.yaml 
2026-09-10T21:38:36Z kubectl --kubeconfig /tmp/tmp.3qKc0dstMI/kubeconfig --context kind-wamn-receiving-postcommit -n wamn-receiving-postcommit wait --for=condition=Ready workloaddeployment/receiving-materializer --timeout=240s 
2026-09-10T21:38:37Z materializer-http-update \<credential-bearing\ arguments\ redacted\> 
2026-09-10T21:38:37Z materializer-http-receipt \<credential-bearing\ arguments\ redacted\> 
2026-09-10T21:38:37Z cargo test production_materializer_consumes_the_causal_receipt_exactly_once \<journey\ document\ amended\ with\ the\ project\ database\ and\ receipt\,\ redacted\> 
2026-09-10T21:38:37Z python3 /home/kaalin/.cache/wamn-lanes/receiving-postcommit-20260910/tools/journey-telemetry-proof --kubeconfig /tmp/tmp.3qKc0dstMI/kubeconfig --context kind-wamn-receiving-postcommit --evidence-dir /home/kaalin/dev/wamn/docs/perf/2026.09/receiving-postcommit/live-003/pair/baseline/telemetry --source f5cd9e3414b36b3b1aa9a19925d56e3dfd93470b --tenant receiving-route-auth --project receiving --environment dev --namespace wamn-receiving-postcommit --system-namespace wamn-system --update-trace f3212312a258e1b6c6a996218a726365 --receipt-trace da34846983c432b81dafe3d42ac5fc3b 
2026-09-10T21:38:37Z kill -TERM 2554282 
2026-09-10T21:38:37Z kubectl --kubeconfig /tmp/tmp.3qKc0dstMI/kubeconfig --context kind-wamn-receiving-postcommit -n wamn-receiving-postcommit get deployment hostgroup-default -o json 
2026-09-10T21:38:38Z kubectl --kubeconfig /tmp/tmp.3qKc0dstMI/kubeconfig --context kind-wamn-receiving-postcommit -n wamn-receiving-postcommit get pods -o json 
2026-09-10T21:38:38Z kubectl --kubeconfig /tmp/tmp.3qKc0dstMI/kubeconfig --context kind-wamn-receiving-postcommit -n wamn-receiving-postcommit get events -o json 
2026-09-10T21:38:38Z kubectl --kubeconfig /tmp/tmp.3qKc0dstMI/kubeconfig --context kind-wamn-receiving-postcommit -n wamn-receiving-postcommit get secrets -o name 
2026-09-10T21:38:38Z kubectl --kubeconfig /tmp/tmp.3qKc0dstMI/kubeconfig --context kind-wamn-receiving-postcommit -n wamn-receiving-postcommit get jobs -o json 
2026-09-10T21:38:38Z kind delete cluster --name wamn-receiving-postcommit --kubeconfig /tmp/tmp.3qKc0dstMI/kubeconfig 
2026-09-10T21:38:39Z docker rm --force --volumes wamn-receiving-pg18-f5cd9e3414b3-2532777 
2026-09-10T21:38:39Z docker rm --force --volumes wamn-receiving-registry-f5cd9e3414b3-2532777 
2026-09-10T21:38:40Z docker rm --force --volumes wamn-receiving-nats-f5cd9e3414b3-2532777 
2026-09-10T21:38:40Z docker image rm wamn-gates:receiving-f5cd9e3414b3-2532777-release 
2026-09-10T21:38:40Z docker image rm wamn-host:receiving-f5cd9e3414b3-2532777-release 
2026-09-10T21:38:40Z rm -rf -- /tmp/tmp.3qKc0dstMI 
