   Compiling hashbrown v0.17.1
   Compiling serde_core v1.0.229
   Compiling futures-io v0.3.34
   Compiling semver v1.0.28
   Compiling serde_json v1.0.151
   Compiling futures-util v0.3.34
   Compiling indexmap v2.14.0
   Compiling tokio v1.53.1
   Compiling stable_deref_trait v1.2.1
   Compiling yoke v0.8.3
   Compiling serde v1.0.229
   Compiling tracing v0.1.44
   Compiling zerovec v0.11.8
   Compiling zerotrie v0.2.5
   Compiling hashbrown v0.16.1
   Compiling tinystr v0.8.4
   Compiling icu_locale_core v2.3.0
   Compiling potential_utf v0.1.6
   Compiling icu_collections v2.3.0
   Compiling wasmtime-internal-core v47.0.4
   Compiling cranelift-bitset v0.134.4
   Compiling icu_provider v2.3.1
   Compiling icu_properties v2.3.0
   Compiling icu_normalizer v2.3.0
   Compiling either v1.18.0
   Compiling smallvec v1.15.2
   Compiling wasmparser v0.252.0
   Compiling tokio-util v0.7.19
   Compiling idna_adapter v1.2.2
   Compiling idna v1.1.0
   Compiling url v2.5.8
   Compiling thiserror v2.0.20
   Compiling cranelift-entity v0.134.4
   Compiling gimli v0.33.0
   Compiling bytes v1.12.1
   Compiling cranelift-bforest v0.134.4
   Compiling h2 v0.4.19
   Compiling rustls v0.23.43
   Compiling wasm-encoder v0.252.0
   Compiling pulley-interpreter v47.0.4
   Compiling crypto-common v0.1.7
   Compiling hyper v1.11.0
   Compiling cranelift-codegen-meta v0.134.4
   Compiling digest v0.10.7
   Compiling itertools v0.14.0
   Compiling sha2 v0.10.9
   Compiling tokio-rustls v0.26.4
   Compiling id-arena v2.3.0
   Compiling wasmprinter v0.252.0
   Compiling prost-derive v0.14.4
   Compiling regalloc2 v0.15.2
   Compiling cranelift-codegen v0.134.4
   Compiling hyper-util v0.1.20
   Compiling object v0.39.1
   Compiling tower v0.5.3
   Compiling winnow v0.7.15
   Compiling wasmtime-environ v47.0.4
   Compiling tokio-stream v0.1.19
   Compiling wit-parser v0.252.0
   Compiling cobs v0.3.0
   Compiling toml v0.9.12+spec-1.1.0
   Compiling wasmtime-internal-wit-bindgen v47.0.4
   Compiling postcard v1.1.3
   Compiling prost v0.14.4
   Compiling wasmtime-internal-cache v47.0.4
   Compiling wasmtime-internal-fiber v47.0.4
   Compiling prost-types v0.14.4
   Compiling rayon v1.12.0
   Compiling wasmtime-internal-component-macro v47.0.4
   Compiling addr2line v0.26.1
   Compiling wasmtime-internal-jit-icache-coherence v47.0.4
   Compiling futures v0.3.34
   Compiling wasmparser v0.253.0
   Compiling rust_decimal v1.43.0
   Compiling axum v0.8.9
   Compiling petgraph v0.8.3
   Compiling wiggle-generate v47.0.4
   Compiling tempfile v3.27.0
   Compiling tower-http v0.6.11
   Compiling hyper-timeout v0.5.2
   Compiling hyper-rustls v0.27.9
   Compiling rustls-platform-verifier v0.7.0
   Compiling digest v0.11.3
   Compiling wasmparser v0.254.0
   Compiling crossbeam-utils v0.8.22
   Compiling arrayvec v0.7.8
   Compiling parking v2.2.1
   Compiling crc-catalog v2.5.0
   Compiling crc v3.4.0
   Compiling wasm-encoder v0.253.0
   Compiling prost-build v0.14.4
   Compiling event-listener v5.4.2
   Compiling cranelift-native v0.134.4
   Compiling cranelift-frontend v0.134.4
   Compiling wasmtime-internal-unwinder v47.0.4
   Compiling wasmtime-internal-cranelift v47.0.4
   Compiling reqwest v0.13.4
   Compiling wasmtime v47.0.4
   Compiling tonic v0.14.6
   Compiling wiggle-macro v47.0.4
   Compiling postgres-types v0.2.14
   Compiling pbjson-build v0.8.0
   Compiling parking_lot_core v0.9.12
   Compiling futures-executor v0.3.34
   Compiling futures-sink v0.3.34
   Compiling tracing-subscriber v0.3.23
   Compiling schemars v0.8.22
   Compiling oci-spec v0.9.0
   Compiling pbjson-types v0.8.0
   Compiling opentelemetry_sdk v0.31.0
   Compiling parking_lot v0.12.5
   Compiling tokio-postgres v0.7.18
   Compiling tonic-prost v0.14.6
   Compiling wasm-encoder v0.254.0
   Compiling wiggle v47.0.4
   Compiling wasmtime-wasi-io v47.0.4
   Compiling wasm-metadata v0.253.0
   Compiling wit-parser v0.253.0
   Compiling jsonwebtoken v10.4.0
   Compiling olpc-cjson v0.1.4
   Compiling tracing-core v0.1.36
   Compiling wit-component v0.253.0
   Compiling nkeys v0.4.5
   Compiling oci-client v0.17.0
   Compiling hashlink v0.11.1
   Compiling wasmtime-wasi v47.0.4
   Compiling wasm-metadata v0.254.0
   Compiling crossbeam-queue v0.3.13
   Compiling opentelemetry-proto v0.31.0
   Compiling futures-intrusive v0.5.0
   Compiling wamn-execution-contract v0.1.0 (/home/kaalin/.cache/wamn-lanes/native-c-advisories-20260910/components/execution/contract)
   Compiling wit-parser v0.254.0
   Compiling hmac v0.13.0
   Compiling itertools v0.13.0
   Compiling wamn-event-wire v0.1.0 (/home/kaalin/.cache/wamn-lanes/native-c-advisories-20260910/components/events/wire)
   Compiling combine v4.6.8
   Compiling deadpool-runtime v0.3.1
   Compiling tryhard v0.5.2
   Compiling chrono v0.4.45
   Compiling atoi v2.0.0
   Compiling uuid v1.26.0
   Compiling proc-macro2 v1.0.107
   Compiling base64 v0.22.1
   Compiling dotenvy v0.15.7
   Compiling sqlx-core v0.9.0
   Compiling redis v0.27.6
   Compiling boon v0.6.1
   Compiling async-nats v0.49.1
   Compiling wit-component v0.254.0
   Compiling deadpool v0.13.1
   Compiling hkdf v0.13.0
   Compiling opentelemetry-otlp v0.31.1
   Compiling cap-net-ext v3.4.6
   Compiling oci-wasm v0.6.0
   Compiling opentelemetry-appender-tracing v0.31.1
   Compiling tracing-opentelemetry v0.32.1
   Compiling futures-channel v0.3.34
   Compiling md-5 v0.11.0
   Compiling sha2 v0.11.0
   Compiling itertools v0.15.0
   Compiling rand v0.10.2
   Compiling terminal_size v0.4.4
   Compiling wasm-encoder v0.247.0
   Compiling docker_credential v1.4.0
   Compiling wasmparser v0.247.0
   Compiling whoami v2.1.3
   Compiling quote v1.0.47
   Compiling byteorder v1.5.0
   Compiling topological-sort v0.2.2
   Compiling sqlx-postgres v0.9.0
   Compiling auditable-serde v0.9.0
   Compiling wamn-run-state v0.1.0 (/home/kaalin/.cache/wamn-lanes/native-c-advisories-20260910/crates/execution/run-state)
   Compiling wasmtime-wasi-http v47.0.4
   Compiling clap_builder v4.6.6
   Compiling wamn-catalog v0.1.0 (/home/kaalin/.cache/wamn-lanes/native-c-advisories-20260910/crates/catalog/model)
   Compiling wash-runtime v2.9.0 (https://github.com/wasmCloud/wasmCloud?rev=68ebece9c537f8bb4b5c9999f274ec68d60f35a9#68ebece9)
warning: function `canonical_serialized` is never used
   --> crates/catalog/model/src/lib.rs:792:4
    |
792 | fn canonical_serialized(value: &impl Serialize) -> Vec<u8> {
    |    ^^^^^^^^^^^^^^^^^^^^
    |
    = note: `#[warn(dead_code)]` (part of `#[warn(unused)]`) on by default

   Compiling object_store v0.14.1
   Compiling deadpool-postgres v0.14.2
   Compiling wamn-router v0.1.0 (/home/kaalin/.cache/wamn-lanes/native-c-advisories-20260910/crates/execution/router)
warning: `wamn-catalog` (lib) generated 1 warning
   Compiling wamn-platform-identity v0.1.0 (/home/kaalin/.cache/wamn-lanes/native-c-advisories-20260910/crates/identity/platform)
   Compiling wamn-control-registry v0.1.0 (/home/kaalin/.cache/wamn-lanes/native-c-advisories-20260910/crates/control/registry)
   Compiling spdx v0.13.5
   Compiling toml_datetime v0.6.11
   Compiling serde_spanned v0.6.9
   Compiling fixedbitset v0.4.2
   Compiling fallible-iterator v0.3.0
   Compiling petgraph v0.6.5
   Compiling gimli v0.32.3
   Compiling toml_edit v0.22.27
   Compiling wasm-metadata v0.247.0
   Compiling clap v4.6.6
   Compiling wac-types v0.10.1
   Compiling sqlx-macros-core v0.9.0
   Compiling wasm-metadata v0.252.0
   Compiling wasmparser v0.245.1
   Compiling wasm-encoder v0.245.1
   Compiling walrus-macro v0.26.0
   Compiling wast v252.0.0
   Compiling wit-component v0.252.0
   Compiling walrus v0.26.5
   Compiling sqlx-macros v0.9.0
   Compiling wac-graph v0.10.1
   Compiling syn v2.0.119
   Compiling toml v0.8.23
   Compiling wamn-gate-harness v0.1.0 (/home/kaalin/.cache/wamn-lanes/native-c-advisories-20260910/test-support/harness)
warning: type does not implement `std::fmt::Debug`; consider adding `#[derive(Debug)]` or a manual implementation
  --> test-support/harness/src/ceiling.rs:72:1
   |
72 | / pub struct Ramp {
73 | |     tolerance: f64,
74 | |     max_levels: usize,
75 | |     levels: Vec<LevelStats>,
...  |
82 | |     retrying: bool,
83 | | }
   | |_^
   |
   = note: requested on the command line with `-W missing-debug-implementations`

   Compiling wasm-encoder v0.251.0
warning: `wamn-gate-harness` (lib) generated 1 warning
   Compiling wasi-virt v0.2.0 (https://github.com/bytecodealliance/WASI-Virt.git?rev=448f6df8f688cee5d6995e96b1ffc31f9bf00742#448f6df8)
   Compiling sqlx v0.9.0
   Compiling wat v1.252.0
   Compiling wamn-runtime v0.1.0 (/home/kaalin/.cache/wamn-lanes/native-c-advisories-20260910/crates/platform/runtime)
warning: the item `Future` is imported redundantly
 --> crates/platform/runtime/src/connection_authority.rs:3:5
  |
3 | use std::future::Future;
  |     ^^^^^^^^^^^^^^^^^^^
  |
 --> /rustc/88d9e12ae178fab0fb5cc050a94da85685d449ea/library/std/src/prelude/mod.rs:166:12
  |
  = note: the item `Future` is already defined here
  |
  = note: requested on the command line with `-W redundant-imports`

warning: the item `Future` is imported redundantly
 --> crates/platform/runtime/src/plugins/wamn_postgres/pool.rs:7:5
  |
7 | use std::future::Future;
  |     ^^^^^^^^^^^^^^^^^^^
  |
 --> /rustc/88d9e12ae178fab0fb5cc050a94da85685d449ea/library/std/src/prelude/mod.rs:166:12
  |
  = note: the item `Future` is already defined here

warning: constant `HTTP_CONTRACT` is never used
  --> crates/platform/runtime/src/plugins/connection_http.rs:56:7
   |
56 | const HTTP_CONTRACT: &str = "wamn:connection/http@0.1.0";
   |       ^^^^^^^^^^^^^
   |
   = note: `#[warn(dead_code)]` (part of `#[warn(unused)]`) on by default

warning: type does not implement `std::fmt::Debug`; consider adding `#[derive(Debug)]` or a manual implementation
   --> crates/platform/runtime/src/plugins/connection_http.rs:131:1
    |
131 | / pub struct ConnectionHttp {
132 | |     postgres: Arc<WamnPostgres>,
133 | |     transport: Arc<HttpTransport>,
134 | |     vault: Arc<WamnCredentials>,
...   |
151 | |     invocations: std::sync::RwLock<HashMap<String, ConnectionInvocation>>,
152 | | }
    | |_^
    |
    = note: requested on the command line with `-W missing-debug-implementations`

warning: type does not implement `std::fmt::Debug`; consider adding `#[derive(Debug)]` or a manual implementation
  --> crates/platform/runtime/src/plugins/wamn_credentials.rs:27:1
   |
27 | / pub struct WamnCredentials {
28 | |     /// Whether ANY backing source was configured. Distinguishes `unavailable`
29 | |     /// (no source — retryable) from `not-found` (source present, name absent —
30 | |     /// config-shaped).
...  |
33 | |     projects: HashMap<String, HashMap<String, String>>,
34 | | }
   | |_^

warning: type does not implement `std::fmt::Debug`; consider adding `#[derive(Debug)]` or a manual implementation
   --> crates/platform/runtime/src/plugins/wamn_jetstream.rs:471:1
    |
471 | / pub struct WamnJetstream {
472 | |     nats_url: Option<String>,
473 | |     /// Lazily-connected, memoized JetStream context. A `Mutex<Option<_>>` (not a
474 | |     /// `OnceCell`) so a transient connect failure is retried on the next call
...   |
494 | |     release: Option<Arc<ReleaseManifestWeld>>,
495 | | }
    | |_^

warning: type does not implement `std::fmt::Debug`; consider adding `#[derive(Debug)]` or a manual implementation
   --> crates/platform/runtime/src/plugins/wamn_logging.rs:213:1
    |
213 | / pub struct Capture {
214 | |     records: std::sync::Mutex<Vec<CapturedRec>>,
215 | | }
    | |_^

warning: type does not implement `std::fmt::Debug`; consider adding `#[derive(Debug)]` or a manual implementation
   --> crates/platform/runtime/src/plugins/wamn_logging.rs:235:1
    |
235 | / pub struct WamnLogging {
236 | |     /// component id → host-trusted {tenant, project}.
237 | |     claims: std::sync::RwLock<HashMap<String, Claim>>,
238 | |     /// Bounded front queue; `try_send` keeps `log()` non-blocking.
...   |
243 | |     _drain: tokio::task::JoinHandle<()>,
244 | | }
    | |_^

warning: type does not implement `std::fmt::Debug`; consider adding `#[derive(Debug)]` or a manual implementation
   --> crates/platform/runtime/src/plugins/wamn_postgres/claims.rs:55:1
    |
 55 | / pub struct WamnPostgres {
 56 | |     /// Resolves a project id → its database connection + policy.
 57 | |     provider: Arc<dyn CredentialProvider>,
 58 | |     /// Guest-visible project pools, built lazily and never shared with host-owned
...   |
121 | |     pub(super) bind_counters: super::BindCounters,
122 | | }
    | |_^

warning: type does not implement `std::fmt::Debug`; consider adding `#[derive(Debug)]` or a manual implementation
   --> crates/platform/runtime/src/plugins/wamn_postgres/pool.rs:339:1
    |
339 | / pub struct StaticCredentialProvider {
340 | |     projects: HashMap<String, ProjectConfig>,
341 | | }
    | |_^

warning: type does not implement `std::fmt::Debug`; consider adding `#[derive(Debug)]` or a manual implementation
   --> crates/platform/runtime/src/plugins/wamn_postgres/pool.rs:514:1
    |
514 | / pub struct K8sSecretProvider {
515 | |     pub namespace: String,
516 | | }
    | |_^

warning: type does not implement `std::fmt::Debug`; consider adding `#[derive(Debug)]` or a manual implementation
   --> crates/platform/runtime/src/plugins/wamn_postgres/resources.rs:99:1
    |
 99 | / pub struct PgTransaction {
100 | |     state: SharedTxnState,
101 | |     destroyed: Arc<AtomicU64>,
102 | |     cursor_seq: u32,
103 | |     /// Row limit of the project this transaction's connection belongs to.
104 | |     row_limit: u64,
105 | | }
    | |_^

warning: type does not implement `std::fmt::Debug`; consider adding `#[derive(Debug)]` or a manual implementation
   --> crates/platform/runtime/src/plugins/wamn_postgres/resources.rs:145:1
    |
145 | / pub struct PgCursor {
146 | |     state: SharedTxnState,
147 | |     destroyed: Arc<AtomicU64>,
148 | |     name: String,
149 | | }
    | |_^

warning: type does not implement `std::fmt::Debug`; consider adding `#[derive(Debug)]` or a manual implementation
   --> crates/platform/runtime/src/wiring_doorbell.rs:145:1
    |
145 | / pub struct WiringDoorbellListener {
146 | |     shutdown: tokio::sync::watch::Sender<bool>,
147 | |     task: tokio::task::JoinHandle<()>,
148 | | }
    | |_^

   Compiling wamn-execution-host v0.1.0 (/home/kaalin/.cache/wamn-lanes/native-c-advisories-20260910/crates/execution/host)
   Compiling wamn-proof-conformance v0.1.0 (/home/kaalin/.cache/wamn-lanes/native-c-advisories-20260910/tests/conformance)
warning: type does not implement `Debug`; consider adding `#[derive(Debug)]` or a manual implementation
  --> tests/conformance/src/socketguard.rs:26:1
   |
26 | pub struct SocketGuardArgs {}
   | ^^^^^^^^^^^^^^^^^^^^^^^^^^^^^
   |
   = note: requested on the command line with `-W missing-debug-implementations`

warning: `wamn-proof-conformance` (lib) generated 1 warning
warning: `wamn-runtime` (lib) generated 14 warnings
warning: constant `ACCESSOR` is never used
  --> tests/conformance/tests/effect_spans.rs:89:7
   |
89 | const ACCESSOR: Surface = Surface::Local("accessor over already-delivered host memory");
   |       ^^^^^^^^
   |
   = note: `#[warn(dead_code)]` (part of `#[warn(unused)]`) on by default

warning: `wamn-proof-conformance` (test "effect_spans") generated 1 warning
    Finished `test` profile [unoptimized + debuginfo] target(s) in 3m 06s
     Running tests/effect_spans.rs (target/debug/deps/effect_spans-bf06cd33938edff0)

running 4 tests
test the_published_postgres_identifiers_are_frozen ... ok
test every_surface_uses_its_own_declared_span_name ... ok
test every_effect_surface_opens_the_shared_span ... ok
test the_span_constructor_is_one_macro_that_owns_no_span_name ... ok

test result: ok. 4 passed; 0 failed; 0 ignored; 0 measured; 0 filtered out; finished in 0.95s

