Name:		receiving-postcommit-final-20260910 (gates)
Context:	/home/kaalin/.cache/wamn-lanes/receiving-postcommit-final-20260910
Dockerfile:	Dockerfile
VCS Repository:	git@github.com:dkkloimwieder/wamn.git
VCS Revision:	25bece68bfe93b3948bc2a72903ff1c3c2af806f
Target:		gates
Platforms:	linux/amd64

Started:	2026-09-11 17:09:11
Duration:	8.1s
Error:		Unknown process "/bin/sh -c cargo +1.97.0 build --locked --release --target wasm32-wasip2       -p http-route  && cargo +1.97.0 build --locked --release --target wasm32-wasip2       -p materializer  && cargo +1.97.0 build --locked --release --target wasm32-wasip2       -p busyloop  && cargo +1.97.0 build --locked --release --target wasm32-wasip2       -p connection-http-standard  && cargo +1.97.0 build --locked --release --target wasm32-wasip2       -p sockprobe  && install -d /component-output  && for artifact in       http_route materializer       busyloop connection_http_standard sockprobe; do       install -m 0644 \"target/wasm32-wasip2/release/${artifact}.wasm\"         \"/component-output/${artifact}.wasm\";     done" did not complete successfully: exit code: 101
Build Steps:	40/54 (39% cached)

Image Resolve Mode:	local

LABEL			VALUE
wamn.dev/build-profile	release
wamn.dev/source-head	25bece68bfe93b3948bc2a72903ff1c3c2af806f

Dockerfile:198
--------------------
 197 |     FROM component-toolchain AS component-builder
 198 | >>> RUN --mount=type=cache,id=wamn-component-cargo-registry,target=/usr/local/cargo/registry,sharing=locked \
 199 | >>>     --mount=type=cache,id=wamn-component-cargo-git,target=/usr/local/cargo/git,sharing=locked \
 200 | >>>     --mount=type=cache,id=wamn-component-target,target=/build/apps/target,sharing=locked \
 201 | >>>     cargo +1.97.0 build --locked --release --target wasm32-wasip2 \
 202 | >>>       -p http-route \
 203 | >>>  && cargo +1.97.0 build --locked --release --target wasm32-wasip2 \
 204 | >>>       -p materializer \
 205 | >>>  && cargo +1.97.0 build --locked --release --target wasm32-wasip2 \
 206 | >>>       -p busyloop \
 207 | >>>  && cargo +1.97.0 build --locked --release --target wasm32-wasip2 \
 208 | >>>       -p connection-http-standard \
 209 | >>>  && cargo +1.97.0 build --locked --release --target wasm32-wasip2 \
 210 | >>>       -p sockprobe \
 211 | >>>  && install -d /component-output \
 212 | >>>  && for artifact in \
 213 | >>>       http_route materializer \
 214 | >>>       busyloop connection_http_standard sockprobe; do \
 215 | >>>       install -m 0644 "target/wasm32-wasip2/release/${artifact}.wasm" \
 216 | >>>         "/component-output/${artifact}.wasm"; \
 217 | >>>     done
 218 |     
--------------------

Logs:
> => [component-builder 1/1] RUN --mount=type=cache,id=wamn-component-cargo-registry,target=/usr/local/cargo/registry,sharing=locked     --mount=type=cache,id=wamn-component-cargo-git,target=/usr/local/cargo/git,sharing=locked     --mount=type=cache,id=wamn-component-target,target=/build/apps/target,sharing=locked     cargo +1.97.0 build --locked --release --target wasm32-wasip2       -p http-route  && cargo +1.97.0 build --locked --release --target wasm32-wasip2       -p materializer  && cargo +1.97.0 build --locked --release --target wasm32-wasip2       -p busyloop  && cargo +1.97.0 build --locked --release --target wasm32-wasip2       -p connection-http-standard  && cargo +1.97.0 build --locked --release --target wasm32-wasip2       -p sockprobe  && install -d /component-output  && for artifact in       http_route materializer       busyloop connection_http_standard sockprobe; do       install -m 0644 "target/wasm32-wasip2/release/${artifact}.wasm"         "/component-output/${artifact}.wasm";     done:
>    Compiling wamn-event-wire v0.1.0 (/build/apps/platform/events/wire)
>    Compiling wit-bindgen v0.61.1
>    Compiling wamn-event-reg v0.1.0 (/build/apps/platform/events/registration)
>    Compiling wamn-materializer v0.1.0 (/build/apps/platform/events/materializer)
>    Compiling materializer v0.1.0 (/build/apps/platform/execution/materializer)
> error: linking with `wasm-component-ld` failed: exit status: 1
>   |
>   = note:  "wasm-component-ld" "-flavor" "wasm" "--export" "[async-lift]wasi:cli/run@0.3.0#run" "--export" "[callback][async-lift]wasi:cli/run@0.3.0#run" "--export" "cabi_realloc" "-z" "stack-size=1048576" "--stack-first" "--no-demangle" "<11 object files omitted>" "<sysroot>/lib/rustlib/wasm32-wasip2/lib/libpanic_abort-*.rlib" "/build/apps/target/wasm32-wasip2/release/deps/{libwit_bindgen-93f942c50dbe338a,libwamn_materializer-40f24d211d5b8706,libwamn_event_reg-0ca589ecba332977,libjmespath-107960d78f83ec9c,liblazy_static-c9473daf15aaafe8,libwamn_event_wire-fb1ab2bffef8122f,libchrono-64be3e4142aa7d2c,libnum_traits-88576326e5c2c667,libsha2-0f76ca1a83ecd104,libcfg_if-c3f02fc368f21d25,libdigest-e22e7e220fb154b3,libconst_oid-91bb88eeb76bac1a,libcrypto_common-3fb20f0433a4b876,libblock_buffer-988825a064163ef9,libhybrid_array-3b3ee3419bbd9632,libtypenum-38f2f218c755d057,libserde-16a5b8ba957930fd,libserde_json-9d4ec76d9362b77d,libmemchr-e05e80c73b6fc5f4,libitoa-83f213c5d6bcd360,libzmij-3c4644adbf7bffdd,libserde_core-f26b59d69c69dfe3}.rlib" "<sysroot>/lib/rustlib/wasm32-wasip2/lib/{libstd-*,libwasip2-*,libwit_bindgen-*,libcfg_if-*,librustc_demangle-*,libstd_detect-*,libhashbrown-*,librustc_std_workspace_alloc-*,libminiz_oxide-*,libadler2-*,libunwind-*,liblibc-*}.rlib" "-l" "c" "<sysroot>/lib/rustlib/wasm32-wasip2/lib/{librustc_std_workspace_core-*,liballoc-*,libcore-*,libcompiler_builtins-*}.rlib" "-L" "/build/apps/target/wasm32-wasip2/release/build/wit-bindgen-3837f137a469cf30/out" "-L" "<sysroot>/lib/rustlib/wasm32-wasip2/lib/self-contained" "-o" "/build/apps/target/wasm32-wasip2/release/deps/materializer.wasm" "--gc-sections" "--no-entry" "-O2" "--strip-all"
>   = note: some arguments are omitted. use `--verbose` to show all linker arguments
>   = note: error: failed to parse core wasm for componentization
>           
>           Caused by:
>               0: decoding custom section component-type:wit-bindgen:0.61.1:wamn:materializer@0.1.0:materializer:encoded world
>               1: invalid leading byte (0x2) for import name (at offset 0xe45)
>           
> error: could not compile `materializer` (lib) due to 1 previous error

Enable --debug to see stack traces for error
Print build logs: docker buildx history logs y1wez2ts5mo1oqctk712iv2bf
View build in Docker Desktop: docker-desktop://dashboard/build/default/default/y1wez2ts5mo1oqctk712iv2bf
