{
  "summary": {
    "successRate": 1.0,
    "total": 10.00146673,
    "slowest": 0.020657713,
    "fastest": 0.002355421,
    "average": 0.0042391304409733115,
    "requestsPerSec": 941.3619276219898,
    "totalData": 2710368,
    "sizePerRequest": 288,
    "sizePerSec": 270997.05204938474
  },
  "metrics": {
    "success_rate": 1.0,
    "requests_per_sec": 941.3619276219898,
    "latency_ms": {
      "min": 2.355,
      "mean": 4.239,
      "p50": 3.915,
      "p95": 6.643,
      "p99": 8.788,
      "max": 20.658
    }
  },
  "responseTimeHistogram": {
    "0.002355421": 1,
    "0.0041856502": 5773,
    "0.0060158794": 2873,
    "0.0078461086": 571,
    "0.0096763378": 144,
    "0.011506567": 30,
    "0.0133367962": 11,
    "0.0151670254": 5,
    "0.0169972546": 1,
    "0.0188274838": 1,
    "0.020657713": 1
  },
  "latencyPercentiles": {
    "p10": 0.003124418,
    "p25": 0.003431127,
    "p50": 0.003914952,
    "p75": 0.004663176,
    "p90": 0.005749811,
    "p95": 0.006642967,
    "p99": 0.008788124,
    "p99.9": 0.012388714,
    "p99.99": 0.020657713
  },
  "firstByteHistogram": {
    "0.002350132": 1,
    "0.0041797699": 5784,
    "0.0060094078": 2863,
    "0.007839045699999998": 570,
    "0.009668683599999998": 145,
    "0.011498321499999999": 29,
    "0.013327959399999997": 11,
    "0.015157597299999997": 5,
    "0.0169872352": 1,
    "0.0188168731": 1,
    "0.020646511": 1
  },
  "firstBytePercentiles": {
    "p10": 0.003115911,
    "p25": 0.003422064,
    "p50": 0.003903477,
    "p75": 0.00465294,
    "p90": 0.005737586,
    "p95": 0.006633595,
    "p99": 0.008767143,
    "p99.9": 0.01237227,
    "p99.99": 0.020646511
  },
  "rps": {
    "mean": 944.5086198245004,
    "stddev": 213.3689322329674,
    "max": 1619.267806423007,
    "min": 116.09702692928994,
    "percentiles": {
      "p10": 643.6082566786874,
      "p25": 822.7188884738797,
      "p50": 952.6985185537918,
      "p75": 1095.7580794077585,
      "p90": 1207.0548736198468,
      "p95": 1271.114805818124,
      "p99": 1405.333419186435,
      "p99.9": 1537.1516272915778,
      "p99.99": 1619.267806423007
    }
  },
  "details": {
    "DNSDialup": {
      "average": 0.000449267,
      "fastest": 0.00038708,
      "slowest": 0.000499728
    },
    "DNSLookup": {
      "average": 0.00008427425,
      "fastest": 0.000077544,
      "slowest": 0.000095864
    },
    "firstByte": {
      "average": 0.004228918102858337,
      "fastest": 0.002350132,
      "slowest": 0.020646511
    }
  },
  "statusCodeDistribution": {
    "200": 9411
  },
  "errorDistribution": {
    "aborted due to deadline": 4
  }
}