   Compiling serde_core v1.0.229
   Compiling serde v1.0.229
   Compiling log v0.4.34
   Compiling futures-io v0.3.34
   Compiling futures-util v0.3.34
   Compiling serde_json v1.0.151
   Compiling tracing v0.1.44
   Compiling either v1.18.0
   Compiling itertools v0.14.0
   Compiling hashbrown v0.16.1
   Compiling rustls v0.23.43
   Compiling memchr v2.8.3
   Compiling prost-derive v0.14.4
   Compiling hashbrown v0.17.1
   Compiling smallvec v1.15.2
   Compiling bytes v1.12.1
   Compiling indexmap v2.14.0
   Compiling parking_lot_core v0.9.12
   Compiling parking_lot v0.12.5
   Compiling semver v1.0.28
   Compiling http v1.5.0
   Compiling wasmtime-internal-core v47.0.4
   Compiling tokio v1.53.1
   Compiling cranelift-bitset v0.134.4
   Compiling http-body v1.1.0
   Compiling cranelift-entity v0.134.4
   Compiling icu_normalizer v2.3.0
   Compiling cranelift-bforest v0.134.4
   Compiling pulley-interpreter v47.0.4
   Compiling idna_adapter v1.2.2
   Compiling gimli v0.33.0
   Compiling postcard v1.1.3
   Compiling idna v1.1.0
   Compiling url v2.5.8
   Compiling cranelift-codegen-meta v0.134.4
   Compiling http-body-util v0.1.5
   Compiling wasmparser v0.252.0
   Compiling tokio-util v0.7.19
   Compiling tokio-rustls v0.26.4
   Compiling h2 v0.4.19
   Compiling cranelift-codegen v0.134.4
   Compiling chrono v0.4.45
   Compiling typenum v1.20.1
   Compiling generic-array v0.14.7
   Compiling regalloc2 v0.15.2
   Compiling hyper v1.11.0
   Compiling wasmprinter v0.252.0
   Compiling hyper-util v0.1.20
   Compiling tower v0.5.3
   Compiling object v0.39.1
   Compiling thiserror v2.0.20
   Compiling crypto-common v0.1.7
   Compiling block-buffer v0.10.4
   Compiling digest v0.10.7
   Compiling wit-parser v0.252.0
   Compiling wasmtime-environ v47.0.4
   Compiling cobs v0.3.0
   Compiling toml_datetime v0.7.5+spec-1.1.0
   Compiling serde_spanned v1.1.1
   Compiling prost v0.14.4
   Compiling toml v0.9.12+spec-1.1.0
   Compiling wasmtime-internal-wit-bindgen v47.0.4
   Compiling sha2 v0.10.9
   Compiling axum-core v0.5.6
   Compiling rayon v1.12.0
   Compiling wasmtime-internal-component-macro v47.0.4
   Compiling prost-types v0.14.4
   Compiling tokio-stream v0.1.19
   Compiling wasmtime-internal-jit-icache-coherence v47.0.4
   Compiling wasmparser v0.253.0
   Compiling futures v0.3.34
   Compiling deranged v0.5.8
   Compiling wasmtime-internal-cache v47.0.4
   Compiling wasmtime-internal-fiber v47.0.4
   Compiling once_cell v1.21.4
   Compiling time v0.3.55
   Compiling axum v0.8.9
   Compiling petgraph v0.8.3
   Compiling tempfile v3.27.0
   Compiling wiggle-generate v47.0.4
   Compiling serde_urlencoded v0.7.1
   Compiling tower-http v0.6.11
   Compiling hyper-rustls v0.27.9
   Compiling hyper-timeout v0.5.2
   Compiling rustls-platform-verifier v0.7.0
   Compiling wasmparser v0.254.0
   Compiling prost-build v0.14.4
   Compiling postgres-protocol v0.6.12
   Compiling tonic v0.14.6
   Compiling reqwest v0.13.4
   Compiling wiggle-macro v47.0.4
   Compiling wasm-encoder v0.253.0
   Compiling pbjson-build v0.8.0
   Compiling tracing-serde v0.2.0
   Compiling futures-executor v0.3.34
   Compiling tracing-log v0.2.0
   Compiling schemars v0.8.22
   Compiling wasm-metadata v0.253.0
   Compiling oci-spec v0.9.0
   Compiling jsonwebtoken v10.4.0
   Compiling wasm-encoder v0.254.0
   Compiling tracing-subscriber v0.3.23
   Compiling opentelemetry_sdk v0.31.0
   Compiling pbjson-types v0.8.0
   Compiling tonic-prost v0.14.6
   Compiling postgres-types v0.2.14
   Compiling wit-parser v0.253.0
   Compiling olpc-cjson v0.1.4
   Compiling tokio-postgres v0.7.18
   Compiling oci-client v0.17.0
   Compiling cranelift-frontend v0.134.4
   Compiling cranelift-native v0.134.4
   Compiling wasmtime-internal-unwinder v47.0.4
   Compiling wasmtime-internal-cranelift v47.0.4
   Compiling opentelemetry-proto v0.31.0
   Compiling wasm-metadata v0.254.0
   Compiling wit-parser v0.254.0
   Compiling wit-component v0.253.0
   Compiling wamn-execution-contract v0.1.0 (/home/kaalin/.cache/wamn-lanes/ctc8-15-baseline-20260908/components/execution/contract)
   Compiling opentelemetry-http v0.31.0
   Compiling wamn-event-wire v0.1.0 (/home/kaalin/.cache/wamn-lanes/ctc8-15-baseline-20260908/components/events/wire)
   Compiling combine v4.6.8
   Compiling deadpool-runtime v0.3.1
   Compiling wasmtime v47.0.4
   Compiling tryhard v0.5.2
   Compiling pbjson v0.8.0
   Compiling serde_nanos v0.1.4
   Compiling itertools v0.13.0
   Compiling moka v0.12.16
   Compiling boon v0.6.1
   Compiling async-nats v0.49.1
   Compiling redis v0.27.6
   Compiling wit-component v0.254.0
   Compiling deadpool v0.13.1
   Compiling oci-wasm v0.6.0
   Compiling opentelemetry-otlp v0.31.1
   Compiling cap-net-ext v3.4.6
   Compiling opentelemetry-appender-tracing v0.31.1
   Compiling tracing-opentelemetry v0.32.1
   Compiling docker_credential v1.4.0
   Compiling quick-xml v0.41.0
   Compiling itertools v0.15.0
   Compiling wamn-catalog v0.1.0 (/home/kaalin/.cache/wamn-lanes/ctc8-15-baseline-20260908/crates/catalog/model)
   Compiling wamn-run-state v0.1.0 (/home/kaalin/.cache/wamn-lanes/ctc8-15-baseline-20260908/crates/execution/run-state)
   Compiling deadpool-postgres v0.14.2
   Compiling object_store v0.14.1
warning: function `canonical_serialized` is never used
   --> crates/catalog/model/src/lib.rs:791:4
    |
791 | fn canonical_serialized(value: &impl Serialize) -> Vec<u8> {
    |    ^^^^^^^^^^^^^^^^^^^^
    |
    = note: `#[warn(dead_code)]` (part of `#[warn(unused)]`) on by default

   Compiling wamn-router v0.1.0 (/home/kaalin/.cache/wamn-lanes/ctc8-15-baseline-20260908/crates/execution/router)
warning: `wamn-catalog` (lib) generated 1 warning
   Compiling wamn-platform-identity v0.1.0 (/home/kaalin/.cache/wamn-lanes/ctc8-15-baseline-20260908/crates/identity/platform)
   Compiling wamn-control-registry v0.1.0 (/home/kaalin/.cache/wamn-lanes/ctc8-15-baseline-20260908/crates/control/registry)
   Compiling wamn-proof-system v0.1.0 (/home/kaalin/.cache/wamn-lanes/ctc8-15-baseline-20260908/tests/system)
   Compiling wasmtime-wasi-io v47.0.4
   Compiling wiggle v47.0.4
   Compiling wasmtime-wasi v47.0.4
   Compiling wasmtime-wasi-http v47.0.4
   Compiling wash-runtime v2.8.0 (https://github.com/dkkloimwieder/wasmCloud?rev=735b57982545358409a7d965a22549b08487ca09#735b5798)
   Compiling wamn-runtime v0.1.0 (/home/kaalin/.cache/wamn-lanes/ctc8-15-baseline-20260908/crates/platform/runtime)
warning: the item `Future` is imported redundantly
 --> crates/platform/runtime/src/connection_authority.rs:3:5
  |
3 | use std::future::Future;
  |     ^^^^^^^^^^^^^^^^^^^
  |
 --> /rustc/88d9e12ae178fab0fb5cc050a94da85685d449ea/library/std/src/prelude/mod.rs:166:12
  |
  = note: the item `Future` is already defined here
  |
  = note: requested on the command line with `-W redundant-imports`

warning: the item `Future` is imported redundantly
 --> crates/platform/runtime/src/plugins/wamn_postgres/pool.rs:7:5
  |
7 | use std::future::Future;
  |     ^^^^^^^^^^^^^^^^^^^
  |
 --> /rustc/88d9e12ae178fab0fb5cc050a94da85685d449ea/library/std/src/prelude/mod.rs:166:12
  |
  = note: the item `Future` is already defined here

warning: constant `HTTP_CONTRACT` is never used
  --> crates/platform/runtime/src/plugins/connection_http.rs:51:7
   |
51 | const HTTP_CONTRACT: &str = "wamn:connection/http@0.1.0";
   |       ^^^^^^^^^^^^^
   |
   = note: `#[warn(dead_code)]` (part of `#[warn(unused)]`) on by default

warning: type does not implement `std::fmt::Debug`; consider adding `#[derive(Debug)]` or a manual implementation
   --> crates/platform/runtime/src/plugins/connection_http.rs:111:1
    |
111 | / pub struct ConnectionHttp {
112 | |     postgres: Arc<WamnPostgres>,
113 | |     vault: Arc<WamnCredentials>,
114 | |     tenant: Box<str>,
...   |
130 | |     invocations: std::sync::RwLock<HashMap<String, ConnectionInvocation>>,
131 | | }
    | |_^
    |
    = note: requested on the command line with `-W missing-debug-implementations`

warning: type does not implement `std::fmt::Debug`; consider adding `#[derive(Debug)]` or a manual implementation
  --> crates/platform/runtime/src/plugins/wamn_credentials.rs:27:1
   |
27 | / pub struct WamnCredentials {
28 | |     /// Whether ANY backing source was configured. Distinguishes `unavailable`
29 | |     /// (no source — retryable) from `not-found` (source present, name absent —
30 | |     /// config-shaped).
...  |
33 | |     projects: HashMap<String, HashMap<String, String>>,
34 | | }
   | |_^

warning: type does not implement `std::fmt::Debug`; consider adding `#[derive(Debug)]` or a manual implementation
   --> crates/platform/runtime/src/plugins/wamn_jetstream.rs:544:1
    |
544 | / pub struct WamnJetstream {
545 | |     nats_url: Option<String>,
546 | |     /// Lazily-connected, memoized JetStream context. A `Mutex<Option<_>>` (not a
547 | |     /// `OnceCell`) so a transient connect failure is retried on the next call
...   |
569 | |     dlq_depth: Arc<DeadLetterDepth>,
570 | | }
    | |_^

warning: type does not implement `std::fmt::Debug`; consider adding `#[derive(Debug)]` or a manual implementation
    --> crates/platform/runtime/src/plugins/wamn_jetstream.rs:1209:1
     |
1209 | / pub struct JsConsumer {
1210 | |     consumer: Consumer<PullConfig>,
1211 | |     dead_letter: Option<DeadLetterIdentity>,
1212 | | }
     | |_^

warning: type does not implement `std::fmt::Debug`; consider adding `#[derive(Debug)]` or a manual implementation
    --> crates/platform/runtime/src/plugins/wamn_jetstream.rs:1216:1
     |
1216 | / pub struct JsMessage {
1217 | |     msg: async_nats::jetstream::Message,
1218 | |     dead_letter: Option<DeadLetterIdentity>,
1219 | | }
     | |_^

warning: type does not implement `std::fmt::Debug`; consider adding `#[derive(Debug)]` or a manual implementation
   --> crates/platform/runtime/src/plugins/wamn_logging.rs:213:1
    |
213 | / pub struct Capture {
214 | |     records: std::sync::Mutex<Vec<CapturedRec>>,
215 | | }
    | |_^

warning: type does not implement `std::fmt::Debug`; consider adding `#[derive(Debug)]` or a manual implementation
   --> crates/platform/runtime/src/plugins/wamn_logging.rs:235:1
    |
235 | / pub struct WamnLogging {
236 | |     /// component id → host-trusted {tenant, project}.
237 | |     claims: std::sync::RwLock<HashMap<String, Claim>>,
238 | |     /// Bounded front queue; `try_send` keeps `log()` non-blocking.
...   |
243 | |     _drain: tokio::task::JoinHandle<()>,
244 | | }
    | |_^

warning: type does not implement `std::fmt::Debug`; consider adding `#[derive(Debug)]` or a manual implementation
   --> crates/platform/runtime/src/plugins/wamn_postgres/claims.rs:50:1
    |
 50 | / pub struct WamnPostgres {
 51 | |     /// Resolves a project id → its database connection + policy.
 52 | |     provider: Arc<dyn CredentialProvider>,
 53 | |     /// Guest-visible project pools, built lazily and never shared with host-owned
...   |
116 | |     pub(super) bind_counters: super::BindCounters,
117 | | }
    | |_^

warning: type does not implement `std::fmt::Debug`; consider adding `#[derive(Debug)]` or a manual implementation
   --> crates/platform/runtime/src/plugins/wamn_postgres/pool.rs:339:1
    |
339 | / pub struct StaticCredentialProvider {
340 | |     projects: HashMap<String, ProjectConfig>,
341 | | }
    | |_^

warning: type does not implement `std::fmt::Debug`; consider adding `#[derive(Debug)]` or a manual implementation
   --> crates/platform/runtime/src/plugins/wamn_postgres/pool.rs:514:1
    |
514 | / pub struct K8sSecretProvider {
515 | |     pub namespace: String,
516 | | }
    | |_^

warning: type does not implement `std::fmt::Debug`; consider adding `#[derive(Debug)]` or a manual implementation
   --> crates/platform/runtime/src/plugins/wamn_postgres/resources.rs:99:1
    |
 99 | / pub struct PgTransaction {
100 | |     state: SharedTxnState,
101 | |     destroyed: Arc<AtomicU64>,
102 | |     cursor_seq: u32,
103 | |     /// Row limit of the project this transaction's connection belongs to.
104 | |     row_limit: u64,
105 | | }
    | |_^

warning: type does not implement `std::fmt::Debug`; consider adding `#[derive(Debug)]` or a manual implementation
   --> crates/platform/runtime/src/plugins/wamn_postgres/resources.rs:145:1
    |
145 | / pub struct PgCursor {
146 | |     state: SharedTxnState,
147 | |     destroyed: Arc<AtomicU64>,
148 | |     name: String,
149 | | }
    | |_^

warning: type does not implement `std::fmt::Debug`; consider adding `#[derive(Debug)]` or a manual implementation
   --> crates/platform/runtime/src/wiring_doorbell.rs:145:1
    |
145 | / pub struct WiringDoorbellListener {
146 | |     shutdown: tokio::sync::watch::Sender<bool>,
147 | |     task: tokio::task::JoinHandle<()>,
148 | | }
    | |_^

warning: `wamn-runtime` (lib) generated 16 warnings
    Finished `test` profile [unoptimized + debuginfo] target(s) in 5m 07s
     Running tests/deploy_platform_inventory.rs (target/debug/deps/deploy_platform_inventory-a94ff20bed677544)

running 6 tests
test the_rendered_execution_target_agrees_across_dispatcher_and_waker ... ok
test every_platform_object_is_namespaced_to_wamn_system_or_templated ... ok
test the_platform_tier_carries_no_retired_artifact ... ok
test the_readiness_contract_is_provisioned_once ... ok
test the_platform_tier_holds_exactly_the_bill_of_materials ... ok
test every_mounted_secret_is_declared_here_or_named_a_prerequisite ... FAILED

failures:

---- every_mounted_secret_is_declared_here_or_named_a_prerequisite stdout ----

thread 'every_mounted_secret_is_declared_here_or_named_a_prerequisite' (2904197) panicked at tests/system/tests/deploy_platform_inventory.rs:625:5:
deploy/platform mounts Secrets it neither declares nor names as a prerequisite: [("wamn-object-store-credentials-acme--wms--dev", {"values-host-wms-pat.yaml"})]
note: run with `RUST_BACKTRACE=1` environment variable to display a backtrace


failures:
    every_mounted_secret_is_declared_here_or_named_a_prerequisite

test result: FAILED. 5 passed; 1 failed; 0 ignored; 0 measured; 0 filtered out; finished in 0.01s

error: test failed, to rerun pass `-p wamn-proof-system --test deploy_platform_inventory`
