   Compiling wamn-component-policy v0.1.0 (/home/kaalin/.cache/wamn-lanes/consolidation-sql-package-20260912/crates/platform/component-policy)
   Compiling wamn-run-state v0.1.0 (/home/kaalin/.cache/wamn-lanes/consolidation-sql-package-20260912/crates/execution/run-state)
   Compiling wamn-catalog v0.1.0 (/home/kaalin/.cache/wamn-lanes/consolidation-sql-package-20260912/crates/catalog/model)
warning: function `canonical_serialized` is never used
   --> crates/catalog/model/src/lib.rs:800:4
    |
800 | fn canonical_serialized(value: &impl Serialize) -> Vec<u8> {
    |    ^^^^^^^^^^^^^^^^^^^^
    |
    = note: `#[warn(dead_code)]` (part of `#[warn(unused)]`) on by default

   Compiling wamn-schema-generator v0.1.0 (/home/kaalin/.cache/wamn-lanes/consolidation-sql-package-20260912/crates/schema/generator)
warning: `wamn-catalog` (lib) generated 1 warning
   Compiling wamn-schema-control v0.1.0 (/home/kaalin/.cache/wamn-lanes/consolidation-sql-package-20260912/crates/schema/control)
   Compiling wamn-control-provision v0.1.0 (/home/kaalin/.cache/wamn-lanes/consolidation-sql-package-20260912/crates/control/provision)
    Finished `test` profile [unoptimized + debuginfo] target(s) in 4.80s
     Running unittests src/lib.rs (target/debug/deps/wamn_control_provision-aca4bdbba9cd0b90)

running 11 tests
test name::tests::the_management_admitter_secret_name_is_frozen_and_its_own_tier ... ok
test management_admitter::tests::generation_roles_fit_postgres_and_never_collide_with_the_control_author ... ok
test management_admitter::tests::a_refusal_never_echoes_the_connection_input ... ok
test management_admitter::tests::scope_framing_separates_ambiguous_component_boundaries ... ok
test management_admitter::tests::an_in_scope_generation_url_resolves_its_slot_and_database ... ok
test secret::tests::management_admitter_secret_is_mount_exact_with_the_scenario_worker_deployment ... ok
test workload_role::tests::management_admitter_generation_identity_is_frozen_and_distinct_from_its_acl_role ... ok
test sql::tests::the_management_surface_grants_the_one_execute_its_tkey_index_needs ... ok
test sql::tests::management_admitter_surface_is_current_column_exact_and_convergent ... ok
test sql::tests::management_admitter_prepare_uses_the_generic_generation_lifecycle ... ok
test management_admitter::tests::every_out_of_scope_connection_input_fails_closed_by_predicate ... ok

test result: ok. 11 passed; 0 failed; 0 ignored; 0 measured; 129 filtered out; finished in 0.00s

