{
  "summary": {
    "successRate": 1.0,
    "total": 10.002164443,
    "slowest": 0.007778586,
    "fastest": 0.00019567,
    "average": 0.0004318634281853465,
    "requestsPerSec": 2293.703540942673,
    "totalData": 825876,
    "sizePerRequest": 36,
    "sizePerSec": 82569.72825296709
  },
  "metrics": {
    "success_rate": 1.0,
    "requests_per_sec": 2293.703540942673,
    "latency_ms": {
      "min": 0.196,
      "mean": 0.432,
      "p50": 0.408,
      "p95": 0.61,
      "p99": 0.991,
      "max": 7.779
    }
  },
  "responseTimeHistogram": {
    "0.00019567": 1,
    "0.0009539615999999999": 22693,
    "0.0017122531999999998": 172,
    "0.0024705448": 37,
    "0.0032288364": 14,
    "0.0039871279999999995": 12,
    "0.0047454196": 6,
    "0.0055037112": 2,
    "0.006262002799999999": 2,
    "0.007020294399999999": 0,
    "0.007778585999999999": 2
  },
  "latencyPercentiles": {
    "p10": 0.000300761,
    "p25": 0.00035338,
    "p50": 0.000408155,
    "p75": 0.000471841,
    "p90": 0.000544026,
    "p95": 0.000609614,
    "p99": 0.000991355,
    "p99.9": 0.003332541,
    "p99.99": 0.006096358
  },
  "firstByteHistogram": {
    "0.000194067": 1,
    "0.0009514931": 22697,
    "0.0017089192": 169,
    "0.0024663453": 36,
    "0.0032237714": 14,
    "0.003981197499999999": 12,
    "0.0047386236": 6,
    "0.0054960497": 2,
    "0.0062534758": 2,
    "0.0070109019": 0,
    "0.007768328": 2
  },
  "firstBytePercentiles": {
    "p10": 0.000297478,
    "p25": 0.000349146,
    "p50": 0.000403338,
    "p75": 0.000466611,
    "p90": 0.000538148,
    "p95": 0.000603261,
    "p99": 0.000977217,
    "p99.9": 0.00332349,
    "p99.99": 0.006088019
  },
  "rps": {
    "mean": 2288.1898066162717,
    "stddev": 534.5865683039477,
    "max": 3884.1378047118965,
    "min": 253.23966335838583,
    "percentiles": {
      "p10": 1709.0942614746168,
      "p25": 2022.1413838682595,
      "p50": 2300.400959887025,
      "p75": 2535.693949448727,
      "p90": 2927.3874661785803,
      "p95": 3304.1344634541215,
      "p99": 3684.614972064485,
      "p99.9": 3838.3551476483985,
      "p99.99": 3884.1378047118965
    }
  },
  "details": {
    "DNSDialup": {
      "average": 0.000323219,
      "fastest": 0.000323219,
      "slowest": 0.000323219
    },
    "DNSLookup": {
      "average": 0.000085833,
      "fastest": 0.000085833,
      "slowest": 0.000085833
    },
    "firstByte": {
      "average": 0.0004270206914694219,
      "fastest": 0.000194067,
      "slowest": 0.007768328
    }
  },
  "statusCodeDistribution": {
    "404": 22941
  },
  "errorDistribution": {
    "aborted due to deadline": 1
  }
}