{
  "summary": {
    "successRate": 1.0,
    "total": 10.002396646,
    "slowest": 0.030909205,
    "fastest": 0.002969122,
    "average": 0.007367452600517122,
    "requestsPerSec": 1083.4403377048402,
    "totalData": 3118752,
    "sizePerRequest": 288,
    "sizePerSec": 311800.472464487
  },
  "metrics": {
    "success_rate": 1.0,
    "requests_per_sec": 1083.4403377048402,
    "latency_ms": {
      "min": 2.969,
      "mean": 7.367,
      "p50": 6.708,
      "p95": 12.868,
      "p99": 17.102,
      "max": 30.909
    }
  },
  "responseTimeHistogram": {
    "0.002969122": 1,
    "0.0057631303": 3418,
    "0.0085571386": 4767,
    "0.0113511469": 1740,
    "0.014145155199999999": 559,
    "0.0169391635": 228,
    "0.0197331718": 67,
    "0.0225271801": 33,
    "0.0253211884": 10,
    "0.0281151967": 4,
    "0.030909205": 2
  },
  "latencyPercentiles": {
    "p10": 0.004655397,
    "p25": 0.005433299,
    "p50": 0.00670848,
    "p75": 0.00850323,
    "p90": 0.010851622,
    "p95": 0.012868105,
    "p99": 0.017101705,
    "p99.9": 0.023388601,
    "p99.99": 0.028357297
  },
  "firstByteHistogram": {
    "0.002963646": 1,
    "0.005755393899999999": 3432,
    "0.0085471418": 4754,
    "0.0113388897": 1742,
    "0.014130637599999999": 556,
    "0.016922385499999998": 228,
    "0.0197141334": 67,
    "0.0225058813": 33,
    "0.025297629199999998": 10,
    "0.028089377099999997": 4,
    "0.030881124999999995": 2
  },
  "firstBytePercentiles": {
    "p10": 0.00464454,
    "p25": 0.005423149,
    "p50": 0.006695902,
    "p75": 0.008487052,
    "p90": 0.010834001,
    "p95": 0.012848695,
    "p99": 0.017094562,
    "p99.9": 0.023381206,
    "p99.99": 0.028349481
  },
  "rps": {
    "mean": 1082.820185163428,
    "stddev": 325.8867575998368,
    "max": 2107.71046859041,
    "min": 78.24162280636897,
    "percentiles": {
      "p10": 644.1920237646727,
      "p25": 868.9904557692238,
      "p50": 1103.3865138884253,
      "p75": 1312.7434865679438,
      "p90": 1500.905743012253,
      "p95": 1595.9718652258132,
      "p99": 1759.610865162376,
      "p99.9": 1924.8642088502584,
      "p99.99": 2107.71046859041
    }
  },
  "details": {
    "DNSDialup": {
      "average": 0.000534799375,
      "fastest": 0.000328022,
      "slowest": 0.001178775
    },
    "DNSLookup": {
      "average": 0.00009524512499999999,
      "fastest": 0.000038598,
      "slowest": 0.000199144
    },
    "firstByte": {
      "average": 0.0073540617940714426,
      "fastest": 0.002963646,
      "slowest": 0.030881125
    }
  },
  "statusCodeDistribution": {
    "200": 10829
  },
  "errorDistribution": {
    "aborted due to deadline": 8
  }
}