2026-09-04T21:14:32.218358824Z 2026-09-04T21:14:32.218279Z  INFO connected to NATS
2026-09-04T21:14:32.331934884Z 2026-09-04T21:14:32.331810Z  INFO wiring activation doorbell listening; dropped every cached pointer channel="wamn_wiring_activation" dropped=0
2026-09-04T21:14:33.810534892Z 2026-09-04T21:14:33.810453Z  INFO release component pull completed component_digest=sha256:9b101fefec3b115f6ed15f4812a70e7cf37255e0d24222ae18e676bc07dc7e8e component_bytes=10019001 elapsed_ms=1370
2026-09-04T21:14:33.814258002Z 2026-09-04T21:14:33.814184Z  INFO release component pull completed component_digest=sha256:498894030af16b22edaf7f0b2104b90673efdc0e32d2a85459368fa308ad8296 component_bytes=20634368 elapsed_ms=1375
2026-09-04T21:14:51.551320935Z 2026-09-04T21:14:51.551195Z  INFO release component compilation completed component_digest=sha256:9b101fefec3b115f6ed15f4812a70e7cf37255e0d24222ae18e676bc07dc7e8e compile_ms=17739 compile_wall_ms=17740
2026-09-04T21:15:01.378767163Z 2026-09-04T21:15:01.378641Z  INFO release component compilation completed component_digest=sha256:498894030af16b22edaf7f0b2104b90673efdc0e32d2a85459368fa308ad8296 compile_ms=27563 compile_wall_ms=27564
2026-09-04T21:15:01.380417297Z 2026-09-04T21:15:01.380361Z  WARN wamn.component.linker_setup:wamn.linker.plugins: component imports wamn:postgres but sets no wamn.tenant; calls will be refused component="b84714ac-b9a0-48bb-afa6-2f23b7d06516"
2026-09-04T21:15:01.383524355Z 2026-09-04T21:15:01.383449Z  INFO release component instantiation completed component_digest=sha256:498894030af16b22edaf7f0b2104b90673efdc0e32d2a85459368fa308ad8296 elapsed_ms=4 total_elapsed_ms=28944
2026-09-04T21:15:01.385390502Z 2026-09-04T21:15:01.385310Z  WARN wamn.component.linker_setup:wamn.linker.plugins: component imports wamn:postgres but sets no wamn.tenant; calls will be refused component="14007ecf-7654-4383-8cad-692052b916a6"
2026-09-04T21:15:01.387980596Z 2026-09-04T21:15:01.387907Z  INFO release component instantiation completed component_digest=sha256:9b101fefec3b115f6ed15f4812a70e7cf37255e0d24222ae18e676bc07dc7e8e elapsed_ms=4 total_elapsed_ms=28948
2026-09-04T21:15:01.388047513Z 2026-09-04T21:15:01.388018Z  INFO synchronous release preload completed synchronous_wirings=13 component_digests=2 elapsed_ms=29102
2026-09-04T21:15:01.388257660Z 2026-09-04T21:15:01.388200Z  INFO release preload completed; component cache warm
2026-09-04T21:15:01.412374605Z 2026-09-04T21:15:01.412302Z  INFO wamn-host starting (base plugins: wasi:config, wamn:logging, wasi:otel, wamn:postgres, wamn:jetstream, wamn:flow-http-routing) router_delivery=true
2026-09-04T21:15:01.412398383Z 2026-09-04T21:15:01.412374Z  INFO wamn-host welded to its release effective_release_id=1 manifest_digest=sha256:05b41e28ad68505f7102b48e844a903269c6443a71ad6f83c9e6c467ca276c4e
2026-09-04T21:15:01.412461750Z 2026-09-04T21:15:01.412431Z  INFO HTTP server listening addr=0.0.0.0:80 protocol="HTTP"
2026-09-04T21:15:01.412537982Z 2026-09-04T21:15:01.412503Z  INFO Starting WASI OTel plugin endpoint=http://otel-collector.wamn-system.svc.cluster.local:4317 protocol="grpc"
2026-09-04T21:15:01.413460261Z 2026-09-04T21:15:01.413415Z  INFO WASI OTel plugin started
2026-09-04T21:15:01.413546207Z 2026-09-04T21:15:01.413495Z  INFO Host started host_id="9956477c-1a6a-4150-96ca-24aaabb52482" friendly_name="aggressive-coil-8237" host_name="10.244.2.5" labels={"hostgroup": "default"} version="2.8.0"
2026-09-04T21:15:01.413962967Z 2026-09-04T21:15:01.413916Z  INFO Host provides interfaces count=10 interfaces=["wasi:cli/stdin,environment,terminal-stdout,stderr,terminal-stdin,terminal-input,terminal-output,exit,stdout,terminal-stderr@0.2.0", "wasi:clocks/wall-time,monotonic-clock@0.2.0", "wasi:clocks/wall-clock,monotonic-clock@0.2.0", "wasi:filesystem/types,preopens@0.2.0", "wasi:http/incoming-handler,outgoing-handler,types@0.2.0", "wasi:http/handler,types@0.3.0", "wasi:io/poll,error,streams@0.2.0", "wasi:random/insecure,random,insecure-seed@0.2.0", "wasi:random/random@0.2.0", "wasi:sockets/tcp,udp-create-socket,udp,instance-network,ip-name-lookup,network,tcp-create-socket@0.2.0"]
2026-09-04T21:15:01.414048533Z 2026-09-04T21:15:01.414004Z  INFO wamn-host runtime startup completed elapsed_ms=29418
