2026-09-09T21:27:59.925250Z  INFO host memory resolved max_guest_memory=45.7GiB guest_memory_mode="count" default_heap_memory=256MiB core_instances=512 memories=512 pool_reservation=128GiB
2026-09-09T21:27:59.927878Z  INFO executor router queue driver ready runner=cutover-sigterm tenant=receiving-route-auth package_count=2 environment=dev effective_release_id=1 manifest_digest=sha256:e633957452b28418875cdc69a5574d078da95daf94aa9fda76c5ad84cc3dee94 wiring_cache_capacity=1024 lease_ttl_ms=30000
2026-09-09T21:27:59.928055Z  INFO probe server listening addr=127.0.0.1:34123
2026-09-09T21:27:59.972130Z  INFO wiring activation doorbell listening; dropped every cached pointer channel="wamn_wiring_activation" dropped=0
2026-09-09T21:27:59.973414Z  WARN executor queue turn failed; retrying error=production claim prepare exhausted candidate failed: db error: ERROR: function require_executor_platform_authority() does not exist
HINT: No function matches the given name and argument types. You might need to add explicit type casts.
2026-09-09T21:28:00.138420Z  INFO release component pull completed component_digest=sha256:710586d8b7fa9ff054d84203d981832659ae9baa618ed03b14588d1168d68d2e component_bytes=466355 elapsed_ms=54
2026-09-09T21:28:00.153581Z  INFO release component pull completed component_digest=sha256:1f481deceaea9e217fb19819c750ce39fec8e9a1e19686e43dc2ebf65b1d9fef component_bytes=669281 elapsed_ms=69
2026-09-09T21:28:00.232242Z  WARN executor queue turn failed; retrying error=production claim prepare exhausted candidate failed: db error: ERROR: function require_executor_platform_authority() does not exist
HINT: No function matches the given name and argument types. You might need to add explicit type casts.
2026-09-09T21:28:00.489647Z  WARN executor queue turn failed; retrying error=production claim prepare exhausted candidate failed: db error: ERROR: function require_executor_platform_authority() does not exist
HINT: No function matches the given name and argument types. You might need to add explicit type casts.
2026-09-09T21:28:00.742323Z  WARN executor queue turn failed; retrying error=production claim prepare exhausted candidate failed: db error: ERROR: function require_executor_platform_authority() does not exist
HINT: No function matches the given name and argument types. You might need to add explicit type casts.
2026-09-09T21:28:01.000071Z  WARN executor queue turn failed; retrying error=production claim prepare exhausted candidate failed: db error: ERROR: function require_executor_platform_authority() does not exist
HINT: No function matches the given name and argument types. You might need to add explicit type casts.
2026-09-09T21:28:01.254230Z  WARN executor queue turn failed; retrying error=production claim prepare exhausted candidate failed: db error: ERROR: function require_executor_platform_authority() does not exist
HINT: No function matches the given name and argument types. You might need to add explicit type casts.
2026-09-09T21:28:01.509705Z  WARN executor queue turn failed; retrying error=production claim prepare exhausted candidate failed: db error: ERROR: function require_executor_platform_authority() does not exist
HINT: No function matches the given name and argument types. You might need to add explicit type casts.
2026-09-09T21:28:01.763866Z  WARN executor queue turn failed; retrying error=production claim prepare exhausted candidate failed: db error: ERROR: function require_executor_platform_authority() does not exist
HINT: No function matches the given name and argument types. You might need to add explicit type casts.
2026-09-09T21:28:02.020495Z  WARN executor queue turn failed; retrying error=production claim prepare exhausted candidate failed: db error: ERROR: function require_executor_platform_authority() does not exist
HINT: No function matches the given name and argument types. You might need to add explicit type casts.
2026-09-09T21:28:02.274514Z  WARN executor queue turn failed; retrying error=production claim prepare exhausted candidate failed: db error: ERROR: function require_executor_platform_authority() does not exist
HINT: No function matches the given name and argument types. You might need to add explicit type casts.
2026-09-09T21:28:02.527513Z  WARN executor queue turn failed; retrying error=production claim prepare exhausted candidate failed: db error: ERROR: function require_executor_platform_authority() does not exist
HINT: No function matches the given name and argument types. You might need to add explicit type casts.
2026-09-09T21:28:02.781766Z  WARN executor queue turn failed; retrying error=production claim prepare exhausted candidate failed: db error: ERROR: function require_executor_platform_authority() does not exist
HINT: No function matches the given name and argument types. You might need to add explicit type casts.
2026-09-09T21:28:03.034939Z  WARN executor queue turn failed; retrying error=production claim prepare exhausted candidate failed: db error: ERROR: function require_executor_platform_authority() does not exist
HINT: No function matches the given name and argument types. You might need to add explicit type casts.
2026-09-09T21:28:03.292701Z  WARN executor queue turn failed; retrying error=production claim prepare exhausted candidate failed: db error: ERROR: function require_executor_platform_authority() does not exist
HINT: No function matches the given name and argument types. You might need to add explicit type casts.
2026-09-09T21:28:03.546876Z  WARN executor queue turn failed; retrying error=production claim prepare exhausted candidate failed: db error: ERROR: function require_executor_platform_authority() does not exist
HINT: No function matches the given name and argument types. You might need to add explicit type casts.
2026-09-09T21:28:03.800076Z  WARN executor queue turn failed; retrying error=production claim prepare exhausted candidate failed: db error: ERROR: function require_executor_platform_authority() does not exist
HINT: No function matches the given name and argument types. You might need to add explicit type casts.
2026-09-09T21:28:04.054190Z  WARN executor queue turn failed; retrying error=production claim prepare exhausted candidate failed: db error: ERROR: function require_executor_platform_authority() does not exist
HINT: No function matches the given name and argument types. You might need to add explicit type casts.
2026-09-09T21:28:04.308103Z  WARN executor queue turn failed; retrying error=production claim prepare exhausted candidate failed: db error: ERROR: function require_executor_platform_authority() does not exist
HINT: No function matches the given name and argument types. You might need to add explicit type casts.
2026-09-09T21:28:04.565224Z  WARN executor queue turn failed; retrying error=production claim prepare exhausted candidate failed: db error: ERROR: function require_executor_platform_authority() does not exist
HINT: No function matches the given name and argument types. You might need to add explicit type casts.
2026-09-09T21:28:04.820103Z  WARN executor queue turn failed; retrying error=production claim prepare exhausted candidate failed: db error: ERROR: function require_executor_platform_authority() does not exist
HINT: No function matches the given name and argument types. You might need to add explicit type casts.
2026-09-09T21:28:05.077126Z  WARN executor queue turn failed; retrying error=production claim prepare exhausted candidate failed: db error: ERROR: function require_executor_platform_authority() does not exist
HINT: No function matches the given name and argument types. You might need to add explicit type casts.
2026-09-09T21:28:05.332065Z  WARN executor queue turn failed; retrying error=production claim prepare exhausted candidate failed: db error: ERROR: function require_executor_platform_authority() does not exist
HINT: No function matches the given name and argument types. You might need to add explicit type casts.
2026-09-09T21:28:05.588709Z  WARN executor queue turn failed; retrying error=production claim prepare exhausted candidate failed: db error: ERROR: function require_executor_platform_authority() does not exist
HINT: No function matches the given name and argument types. You might need to add explicit type casts.
2026-09-09T21:28:05.841468Z  WARN executor queue turn failed; retrying error=production claim prepare exhausted candidate failed: db error: ERROR: function require_executor_platform_authority() does not exist
HINT: No function matches the given name and argument types. You might need to add explicit type casts.
2026-09-09T21:28:06.096241Z  WARN executor queue turn failed; retrying error=production claim prepare exhausted candidate failed: db error: ERROR: function require_executor_platform_authority() does not exist
HINT: No function matches the given name and argument types. You might need to add explicit type casts.
2026-09-09T21:28:06.348654Z  WARN executor queue turn failed; retrying error=production claim prepare exhausted candidate failed: db error: ERROR: function require_executor_platform_authority() does not exist
HINT: No function matches the given name and argument types. You might need to add explicit type casts.
2026-09-09T21:28:06.393568Z  INFO release component compilation completed component_digest=sha256:710586d8b7fa9ff054d84203d981832659ae9baa618ed03b14588d1168d68d2e compile_ms=6254 compile_wall_ms=6255
2026-09-09T21:28:06.416174Z  INFO release component compilation completed component_digest=sha256:1f481deceaea9e217fb19819c750ce39fec8e9a1e19686e43dc2ebf65b1d9fef compile_ms=6262 compile_wall_ms=6262
2026-09-09T21:28:06.418570Z  WARN wamn.component.linker_setup:wamn.linker.register: component imports wamn:postgres but sets no wamn.tenant; calls will be refused component="receiving#0"
2026-09-09T21:28:06.420930Z  INFO release component instantiation completed component_digest=sha256:1f481deceaea9e217fb19819c750ce39fec8e9a1e19686e43dc2ebf65b1d9fef elapsed_ms=4 total_elapsed_ms=6337
2026-09-09T21:28:06.423047Z  WARN wamn.component.linker_setup:wamn.linker.register: component imports wamn:postgres but sets no wamn.tenant; calls will be refused component="client_acme_receiving#1"
2026-09-09T21:28:06.424969Z  INFO release component instantiation completed component_digest=sha256:710586d8b7fa9ff054d84203d981832659ae9baa618ed03b14588d1168d68d2e elapsed_ms=3 total_elapsed_ms=6340
2026-09-09T21:28:06.425058Z  INFO synchronous release preload completed synchronous_wirings=13 component_digests=2 elapsed_ms=6496
2026-09-09T21:28:06.461689Z  INFO executor router driver stopping cache_hits=0 cache_evictions=0
