2026-09-10T21:10:38.347780Z  INFO wamn_cdc_reader: registration loaded publication="wamn_cdc_acme__receiving__dev__5ve5w4p0" slot="wamn_cdc_acme__receiving__dev__5ve5w4p0" stream="EVT_acme_dev"
2026-09-10T21:10:38.349748Z  INFO async_nats::connector: connected successfully server=4222 max_payload=1048576
2026-09-10T21:10:38.349827Z  INFO async_nats: event: connected
2026-09-10T21:10:38.388649Z  INFO wamn_cdc_reader: preflight: slot healthy (resume position = confirmed LSN) slot="wamn_cdc_acme__receiving__dev__5ve5w4p0" active=false confirmed_flush_lsn="0/3ADAC28" wal_status="reserved"
2026-09-10T21:10:38.388712Z  INFO pg_walstream::stream: Creating logical replication stream with retry support
2026-09-10T21:10:38.388729Z  INFO pg_walstream::retry: Attempting to connect to PostgreSQL with retry logic
2026-09-10T21:10:38.423609Z  INFO pg_walstream::retry: Successfully connected to PostgreSQL on attempt 1 after 34.865223ms
2026-09-10T21:10:38.423672Z  INFO pg_walstream::stream: Starting logical replication stream
2026-09-10T21:10:38.423677Z  INFO pg_walstream::stream: Initializing replication stream
2026-09-10T21:10:38.423779Z  INFO pg_walstream::stream: System identification successful
2026-09-10T21:10:38.423789Z  INFO pg_walstream::stream: Creating replication slot: wamn_cdc_acme__receiving__dev__5ve5w4p0
2026-09-10T21:10:38.424209Z  WARN pg_walstream::stream: Replication slot already exists, continuing
2026-09-10T21:10:38.424217Z  INFO pg_walstream::stream: Replication stream initialized
2026-09-10T21:10:38.424595Z  INFO pg_walstream::stream: Logical replication started with LSN: 0/0
2026-09-10T21:10:38.424608Z  INFO wamn_cdc_reader: walsender session open; draining reopens=0
2026-09-10T21:11:08.428894Z  INFO pg_walstream::connection::native::connection: Sent standby status update: received=0/401D908, flushed=0/0, applied=0/0, reply_requested=false
2026-09-10T21:11:38.429809Z  INFO pg_walstream::connection::native::connection: Sent standby status update: received=0/40445B0, flushed=0/0, applied=0/0, reply_requested=false
2026-09-10T21:12:08.434786Z  INFO pg_walstream::connection::native::connection: Sent standby status update: received=0/40449E0, flushed=0/0, applied=0/0, reply_requested=false
2026-09-10T21:12:38.464876Z  INFO pg_walstream::connection::native::connection: Sent standby status update: received=0/40449E0, flushed=0/0, applied=0/0, reply_requested=false
2026-09-10T21:12:59.271235Z  INFO wamn::event_reader: drain summary commits=0 events_published=0 deduped=0 excluded_by_relation={} ending="shutdown"
2026-09-10T21:12:59.271315Z  INFO pg_walstream::connection::native::connection: Sent standby status update: received=0/40449E0, flushed=0/0, applied=0/0, reply_requested=false
2026-09-10T21:12:59.271326Z  INFO pg_walstream::stream: Stopping logical replication stream (last received LSN: 0/40449E0)
2026-09-10T21:12:59.271332Z  INFO wamn_cdc_reader: shutdown requested; exiting cleanly reopens=0 commits=0
