     Locking 15 packages to latest Rust 1.98.0 compatible versions
      Adding asn1-rs v0.7.2
      Adding asn1-rs-derive v0.6.0
      Adding asn1-rs-impl v0.2.0
    Updating bit-vec v0.8.0 -> v0.9.1
      Adding data-encoding v2.11.0
      Adding der-parser v10.0.0
      Adding minimal-lexical v0.2.1
      Adding nom v7.1.3
      Adding oid-registry v0.8.1
      Adding rcgen v0.14.8
      Adding rusticata-macros v4.1.0
 Downgrading wasi v0.14.7+wasi-0.2.4 -> v0.13.3+wasi-0.2.2 (available: v0.14.7+wasi-0.2.4)
      Adding wit-bindgen-rt v0.33.0
      Adding x509-parser v0.18.1
      Adding yasna v0.6.0
   Compiling syn v3.0.4
   Compiling indexmap v2.14.0
   Compiling find-msvc-tools v0.1.11
   Compiling tracing v0.1.44
   Compiling cc v1.4.4
   Compiling mio v1.2.2
   Compiling typenum v1.20.1
   Compiling zeroize_derive v1.5.0
   Compiling semver v1.0.28
   Compiling cmake v0.1.58
   Compiling zeroize v1.9.0
   Compiling aws-lc-sys v0.44.0
   Compiling aws-lc-rs v1.18.0
   Compiling rustls-pki-types v1.15.1
   Compiling ring v0.17.14
   Compiling generic-array v0.14.7
   Compiling serde_derive v1.0.229
   Compiling thiserror-impl v2.0.20
   Compiling futures-macro v0.3.34
   Compiling futures-util v0.3.34
   Compiling serde v1.0.229
   Compiling smallvec v1.15.2
   Compiling bytes v1.12.1
   Compiling parking_lot_core v0.9.12
   Compiling parking_lot v0.12.5
   Compiling tokio-macros v2.7.2
   Compiling thiserror v2.0.20
   Compiling tokio v1.53.1
   Compiling wasmtime-internal-core v47.0.4
   Compiling http v1.5.0
   Compiling cranelift-bitset v0.134.4
   Compiling zerovec-derive v0.11.6
   Compiling displaydoc v0.2.7
   Compiling zerovec v0.11.8
   Compiling http-body v1.1.0
   Compiling tinystr v0.8.4
   Compiling icu_locale_core v2.3.0
   Compiling potential_utf v0.1.6
   Compiling zerotrie v0.2.5
   Compiling crypto-common v0.1.7
   Compiling block-buffer v0.10.4
   Compiling icu_collections v2.3.0
   Compiling digest v0.10.7
   Compiling tokio-util v0.7.19
   Compiling icu_provider v2.3.1
   Compiling pulley-interpreter v47.0.4
   Compiling cranelift-entity v0.134.4
   Compiling cobs v0.3.0
   Compiling h2 v0.4.19
   Compiling postcard v1.1.3
   Compiling gimli v0.33.0
   Compiling cranelift-codegen-meta v0.134.4
   Compiling cranelift-bforest v0.134.4
   Compiling sha2 v0.10.9
   Compiling hyper v1.11.0
   Compiling wasmparser v0.252.0
   Compiling icu_normalizer v2.3.0
   Compiling cranelift-codegen v0.134.4
   Compiling icu_properties v2.3.0
   Compiling async-trait v0.1.92
   Compiling sync_wrapper v1.0.2
   Compiling regalloc2 v0.15.2
   Compiling idna_adapter v1.2.2
   Compiling http-body-util v0.1.5
   Compiling form_urlencoded v1.2.2
   Compiling rustls-native-certs v0.8.4
   Compiling object v0.39.1
   Compiling idna v1.1.0
   Compiling wasmprinter v0.252.0
   Compiling tower v0.5.3
   Compiling hyper-util v0.1.20
   Compiling wasmtime-environ v47.0.4
   Compiling url v2.5.8
   Compiling darling_core v0.20.11
   Compiling cpufeatures v0.3.0
   Compiling darling_macro v0.20.11
   Compiling wit-parser v0.252.0
   Compiling wasmtime-internal-fiber v47.0.4
   Compiling wasmtime-internal-wit-bindgen v47.0.4
   Compiling darling v0.20.11
   Compiling wasmtime v47.0.4
   Compiling tokio-stream v0.1.19
   Compiling opentelemetry v0.31.0
   Compiling hybrid-array v0.4.14
   Compiling axum-core v0.5.6
   Compiling wasmtime-internal-component-macro v47.0.4
   Compiling derive_builder_core v0.20.2
   Compiling wasmtime-internal-jit-icache-coherence v47.0.4
   Compiling futures v0.3.34
   Compiling wasmparser v0.253.0
   Compiling konst_macro_rules v0.2.19
   Compiling unicode-xid v0.2.6
   Compiling tinyvec_macros v0.1.1
   Compiling tinyvec v1.12.0
   Compiling const_format_proc_macros v0.2.34
   Compiling konst v0.2.20
   Compiling cranelift-native v0.134.4
   Compiling wasmtime-internal-unwinder v47.0.4
   Compiling cranelift-frontend v0.134.4
   Compiling petgraph v0.8.3
   Compiling wasmtime-internal-cranelift v47.0.4
   Compiling axum v0.8.9
   Compiling wiggle-generate v47.0.4
   Compiling derive_builder_macro v0.20.2
   Compiling block-buffer v0.12.1
   Compiling crypto-common v0.2.2
   Compiling chacha20 v0.10.1
   Compiling hyper-timeout v0.5.2
   Compiling prost v0.14.4
   Compiling darling_core v0.24.1
   Compiling wasmparser v0.254.0
   Compiling const-oid v0.10.2
   Compiling chrono v0.4.45
   Compiling digest v0.11.3
   Compiling prost-build v0.14.4
   Compiling darling_macro v0.24.1
   Compiling rand v0.10.2
   Compiling derive_builder v0.20.2
   Compiling wiggle-macro v47.0.4
   Compiling wasm-encoder v0.253.0
   Compiling const_format v0.2.36
   Compiling unicode-normalization v0.1.25
   Compiling serde_urlencoded v0.7.1
   Compiling tower-http v0.6.11
   Compiling futures-executor v0.3.34
   Compiling tracing-serde v0.2.0
   Compiling strum_macros v0.27.2
   Compiling getset v0.1.7
   Compiling strum v0.27.2
   Compiling signature v2.2.0
   Compiling tracing-subscriber v0.3.23
   Compiling oci-spec v0.9.0
   Compiling opentelemetry_sdk v0.31.0
   Compiling wiggle v47.0.4
   Compiling wasmtime-wasi-io v47.0.4
   Compiling pbjson-types v0.8.0
   Compiling wasm-metadata v0.253.0
   Compiling olpc-cjson v0.1.4
   Compiling wasm-encoder v0.254.0
   Compiling darling v0.24.1
   Compiling sha2 v0.11.0
   Compiling prettyplease v0.3.0
   Compiling wit-parser v0.253.0
   Compiling webpki-roots v1.0.9
   Compiling http-auth v0.1.10
   Compiling hex v0.4.3
   Compiling unicase v2.9.0
   Compiling wasm-metadata v0.254.0
   Compiling bon-macros v3.10.0
   Compiling wasmtime-wasi v47.0.4
   Compiling wit-parser v0.254.0
   Compiling wit-component v0.253.0
   Compiling opentelemetry-http v0.31.0
   Compiling combine v4.6.8
   Compiling tryhard v0.5.2
   Compiling pbjson v0.8.0
   Compiling serde_nanos v0.1.4
   Compiling serde_repr v0.1.21
   Compiling moka v0.12.16
   Compiling redis v0.27.6
   Compiling wit-component v0.254.0
   Compiling cap-net-ext v3.4.6
   Compiling bon v3.10.0
   Compiling webpki-roots v0.26.11
   Compiling tracing-opentelemetry v0.32.1
   Compiling opentelemetry-appender-tracing v0.31.1
   Compiling docker_credential v1.4.0
   Compiling rustls v0.23.43
   Compiling rustls-webpki v0.103.15
   Compiling jsonwebtoken v10.4.0
   Compiling rcgen v0.14.8
   Compiling tokio-rustls v0.26.4
   Compiling rustls-platform-verifier v0.7.0
   Compiling tonic v0.14.6
   Compiling hyper-rustls v0.27.9
   Compiling async-nats v0.49.1
   Compiling wasmtime-wasi-http v47.0.4
   Compiling reqwest v0.13.4
   Compiling oci-client v0.17.0
   Compiling tonic-prost v0.14.6
   Compiling opentelemetry-proto v0.31.0
   Compiling opentelemetry-otlp v0.31.1
   Compiling oci-wasm v0.6.0
   Compiling wash-runtime v2.8.0 (https://github.com/dkkloimwieder/wasmCloud?rev=735b57982545358409a7d965a22549b08487ca09#735b5798)
   Compiling ctc8-14-wasi-http-probe v0.0.0 (/home/kaalin/.cache/wamn-lanes/ctc8-14-wasi-http-20260907/tools/probes/ctc8-14-wasi-http/host)
    Finished `dev` profile [unoptimized] target(s) in 2m 57s
	Command being timed: "cargo build --offline --manifest-path tools/probes/ctc8-14-wasi-http/Cargo.toml -p ctc8-14-wasi-http-probe"
	User time (seconds): 37.45
	System time (seconds): 9.10
	Percent of CPU this job got: 26%
	Elapsed (wall clock) time (h:mm:ss or m:ss): 2:57.68
	Average shared text size (kbytes): 0
	Average unshared data size (kbytes): 0
	Average stack size (kbytes): 0
	Average total size (kbytes): 0
	Maximum resident set size (kbytes): 908220
	Average resident set size (kbytes): 0
	Major (requiring I/O) page faults: 401
	Minor (reclaiming a frame) page faults: 1737187
	Voluntary context switches: 33390
	Involuntary context switches: 16276
	Swaps: 0
	File system inputs: 93952
	File system outputs: 625856
	Socket messages sent: 0
	Socket messages received: 0
	Signals delivered: 0
	Page size (bytes): 4096
	Exit status: 0

exit_code=0
