{
  "summary": {
    "successRate": 1.0,
    "total": 10.00346975,
    "slowest": 0.063011273,
    "fastest": 0.000413506,
    "average": 0.0038598140655034777,
    "requestsPerSec": 8276.228355666291,
    "totalData": 2979324,
    "sizePerRequest": 36,
    "sizePerSec": 297829.06076164223
  },
  "metrics": {
    "success_rate": 1.0,
    "requests_per_sec": 8276.228355666291,
    "latency_ms": {
      "min": 0.414,
      "mean": 3.86,
      "p50": 3.543,
      "p95": 7.134,
      "p99": 11.174,
      "max": 63.011
    }
  },
  "responseTimeHistogram": {
    "0.000413506": 1,
    "0.0066732827000000015": 77328,
    "0.012933059400000002": 4912,
    "0.019192836100000006": 346,
    "0.025452612800000007": 85,
    "0.03171238950000001": 44,
    "0.03797216620000001": 12,
    "0.04423194290000001": 11,
    "0.05049171960000001": 5,
    "0.056751496300000016": 6,
    "0.063011273": 9
  },
  "latencyPercentiles": {
    "p10": 0.001790512,
    "p25": 0.002587933,
    "p50": 0.003543261,
    "p75": 0.004685968,
    "p90": 0.006048526,
    "p95": 0.007134229,
    "p99": 0.011174171,
    "p99.9": 0.025791844,
    "p99.99": 0.061763176
  },
  "firstByteHistogram": {
    "0.000407609": 1,
    "0.006662213199999999": 77403,
    "0.012916817399999999": 4862,
    "0.0191714216": 323,
    "0.025426025799999998": 83,
    "0.03168063": 44,
    "0.0379352342": 12,
    "0.0441898384": 11,
    "0.0504444426": 5,
    "0.0566990468": 6,
    "0.062953651": 9
  },
  "firstBytePercentiles": {
    "p10": 0.001777544,
    "p25": 0.002574164,
    "p50": 0.003528498,
    "p75": 0.004662154,
    "p90": 0.006016904,
    "p95": 0.007095569,
    "p99": 0.011021822,
    "p99.9": 0.025704719,
    "p99.99": 0.061693636
  },
  "rps": {
    "mean": 8264.788145836517,
    "stddev": 1967.145772460048,
    "max": 14598.066567183572,
    "min": 1522.0378910319216,
    "percentiles": {
      "p10": 5613.964737284259,
      "p25": 7091.110455004617,
      "p50": 8279.918602341575,
      "p75": 9708.369585419028,
      "p90": 10871.59817123615,
      "p95": 11224.716826451413,
      "p99": 11931.02543855039,
      "p99.9": 13943.14591320334,
      "p99.99": 14598.066567183572
    }
  },
  "details": {
    "DNSDialup": {
      "average": 0.0009838985312500001,
      "fastest": 0.000527545,
      "slowest": 0.001728089
    },
    "DNSLookup": {
      "average": 0.0000379423125,
      "fastest": 0.000014135,
      "slowest": 0.000139778
    },
    "firstByte": {
      "average": 0.003839067218030669,
      "fastest": 0.000407609,
      "slowest": 0.062953651
    }
  },
  "statusCodeDistribution": {
    "404": 82759
  },
  "errorDistribution": {
    "aborted due to deadline": 32
  }
}