{
  "summary": {
    "successRate": 1.0,
    "total": 10.001169268,
    "slowest": 0.02306522,
    "fastest": 0.002251718,
    "average": 0.00500764843685665,
    "requestsPerSec": 796.9068202356117,
    "totalData": 2294208,
    "sizePerRequest": 288,
    "sizePerSec": 229393.9776962487
  },
  "metrics": {
    "success_rate": 1.0,
    "requests_per_sec": 796.9068202356117,
    "latency_ms": {
      "min": 2.252,
      "mean": 5.008,
      "p50": 4.39,
      "p95": 9.066,
      "p99": 13.158,
      "max": 23.065
    }
  },
  "responseTimeHistogram": {
    "0.002251718": 1,
    "0.0043330682": 3839,
    "0.0064144184": 2900,
    "0.0084957686": 721,
    "0.0105771188": 278,
    "0.012658469": 123,
    "0.0147398192": 57,
    "0.016821169400000002": 29,
    "0.0189025196": 13,
    "0.0209838698": 2,
    "0.02306522": 3
  },
  "latencyPercentiles": {
    "p10": 0.003348569,
    "p25": 0.003740941,
    "p50": 0.004389812,
    "p75": 0.005535842,
    "p90": 0.007317899,
    "p95": 0.009065892,
    "p99": 0.013157972,
    "p99.9": 0.018064047,
    "p99.99": 0.02306522
  },
  "firstByteHistogram": {
    "0.002247176": 1,
    "0.0043280761": 3857,
    "0.0064089762": 2886,
    "0.008489876300000001": 718,
    "0.0105707764": 278,
    "0.0126516765": 122,
    "0.014732576600000002": 57,
    "0.016813476700000003": 29,
    "0.0188943768": 13,
    "0.020975276900000003": 2,
    "0.023056177": 3
  },
  "firstBytePercentiles": {
    "p10": 0.00333667,
    "p25": 0.003730993,
    "p50": 0.004380253,
    "p75": 0.005524958,
    "p90": 0.007296143,
    "p95": 0.009049367,
    "p99": 0.013147208,
    "p99.9": 0.018053004,
    "p99.99": 0.023056177
  },
  "rps": {
    "mean": 795.757798181058,
    "stddev": 250.88967078308366,
    "max": 1445.5828409316775,
    "min": 81.26125265196067,
    "percentiles": {
      "p10": 456.00326589539094,
      "p25": 616.4620646198184,
      "p50": 835.7833102221629,
      "p75": 975.4914735077757,
      "p90": 1090.5836012760944,
      "p95": 1167.0529081313985,
      "p99": 1291.8534964930057,
      "p99.9": 1415.560224044576,
      "p99.99": 1445.5828409316775
    }
  },
  "details": {
    "DNSDialup": {
      "average": 0.000415266,
      "fastest": 0.00036324,
      "slowest": 0.000473043
    },
    "DNSLookup": {
      "average": 0.00008850175000000001,
      "fastest": 0.000057474,
      "slowest": 0.000109065
    },
    "firstByte": {
      "average": 0.004995911310569921,
      "fastest": 0.002247176,
      "slowest": 0.023056177
    }
  },
  "statusCodeDistribution": {
    "200": 7966
  },
  "errorDistribution": {
    "aborted due to deadline": 4
  }
}