{
  "summary": {
    "successRate": 1.0,
    "total": 10.004284053,
    "slowest": 0.096587578,
    "fastest": 0.014345458,
    "average": 0.03424549454684987,
    "requestsPerSec": 934.4996553947808,
    "totalData": 2683296,
    "sizePerRequest": 288,
    "sizePerSec": 268214.6954029515
  },
  "metrics": {
    "success_rate": 1.0,
    "requests_per_sec": 934.4996553947808,
    "latency_ms": {
      "min": 14.345,
      "mean": 34.245,
      "p50": 32.007,
      "p95": 51.924,
      "p99": 67.002,
      "max": 96.588
    }
  },
  "responseTimeHistogram": {
    "0.014345458": 1,
    "0.02256967": 154,
    "0.030793881999999995": 3781,
    "0.039018093999999996": 3313,
    "0.04724230599999999": 1285,
    "0.055466517999999985": 466,
    "0.06369072999999999": 180,
    "0.071914942": 82,
    "0.08013915399999999": 28,
    "0.08836336599999998": 23,
    "0.09658757799999998": 4
  },
  "latencyPercentiles": {
    "p10": 0.02539585,
    "p25": 0.027979911,
    "p50": 0.032006709,
    "p75": 0.037962528,
    "p90": 0.045625875,
    "p95": 0.051923608,
    "p99": 0.067001986,
    "p99.9": 0.085532843,
    "p99.99": 0.096587578
  },
  "firstByteHistogram": {
    "0.014336967": 1,
    "0.0225608789": 155,
    "0.030784790800000003": 3782,
    "0.0390087027": 3311,
    "0.0472326146": 1289,
    "0.0554565265": 463,
    "0.06368043840000001": 179,
    "0.0719043503": 82,
    "0.08012826220000001": 28,
    "0.08835217410000001": 23,
    "0.096576086": 4
  },
  "firstBytePercentiles": {
    "p10": 0.025371345,
    "p25": 0.027972154,
    "p50": 0.031979824,
    "p75": 0.037932981,
    "p90": 0.045595311,
    "p95": 0.051915232,
    "p99": 0.066983368,
    "p99.9": 0.085429237,
    "p99.99": 0.096576086
  },
  "rps": {
    "mean": 929.6008480043685,
    "stddev": 428.22256993729263,
    "max": 3019.239645189678,
    "min": 64.32028414128722,
    "percentiles": {
      "p10": 414.57249974784037,
      "p25": 616.33427587965,
      "p50": 906.6235194460198,
      "p75": 1203.1200183311616,
      "p90": 1486.62062673378,
      "p95": 1703.6740156064227,
      "p99": 2139.630242614683,
      "p99.9": 2753.8260478903885,
      "p99.99": 3019.239645189678
    }
  },
  "details": {
    "DNSDialup": {
      "average": 0.003593101749999999,
      "fastest": 0.00034003,
      "slowest": 0.007131756
    },
    "DNSLookup": {
      "average": 0.00004715278125,
      "fastest": 0.000024546,
      "slowest": 0.000188726
    },
    "firstByte": {
      "average": 0.034229007063432355,
      "fastest": 0.014336967,
      "slowest": 0.096576086
    }
  },
  "statusCodeDistribution": {
    "200": 9317
  },
  "errorDistribution": {
    "aborted due to deadline": 32
  }
}