{
  "summary": {
    "successRate": 1.0,
    "total": 10.002823159,
    "slowest": 0.131397773,
    "fastest": 0.014671773,
    "average": 0.06295228070524939,
    "requestsPerSec": 1019.512175502612,
    "totalData": 2918592,
    "sizePerRequest": 288,
    "sizePerSec": 291776.82676255336
  },
  "metrics": {
    "success_rate": 1.0,
    "requests_per_sec": 1019.512175502612,
    "latency_ms": {
      "min": 14.672,
      "mean": 62.952,
      "p50": 61.357,
      "p95": 82.383,
      "p99": 104.789,
      "max": 131.398
    }
  },
  "responseTimeHistogram": {
    "0.014671773": 1,
    "0.026344373": 22,
    "0.038016973": 136,
    "0.049689573": 581,
    "0.061362173": 4329,
    "0.073034773": 3455,
    "0.084707373": 1226,
    "0.096379973": 228,
    "0.108052573": 81,
    "0.119725173": 51,
    "0.131397773": 24
  },
  "latencyPercentiles": {
    "p10": 0.051491589,
    "p25": 0.05609978,
    "p50": 0.061357496,
    "p75": 0.068667288,
    "p90": 0.076742627,
    "p95": 0.082383335,
    "p99": 0.10478946,
    "p99.9": 0.125515044,
    "p99.99": 0.131299457
  },
  "firstByteHistogram": {
    "0.014664813": 1,
    "0.0263367299": 22,
    "0.038008646800000004": 136,
    "0.0496805637": 582,
    "0.0613524806": 4334,
    "0.0730243975": 3451,
    "0.0846963144": 1225,
    "0.09636823130000001": 228,
    "0.1080401482": 80,
    "0.1197120651": 51,
    "0.131383982": 24
  },
  "firstBytePercentiles": {
    "p10": 0.051476183,
    "p25": 0.05609109,
    "p50": 0.061343208,
    "p75": 0.068656912,
    "p90": 0.076729394,
    "p95": 0.082374122,
    "p99": 0.10477666,
    "p99.9": 0.12551066,
    "p99.99": 0.131279253
  },
  "rps": {
    "mean": 1016.0447138886864,
    "stddev": 476.0030030749475,
    "max": 5704.441478144288,
    "min": 62.880897104154805,
    "percentiles": {
      "p10": 464.65276092604205,
      "p25": 674.4573990225038,
      "p50": 952.2651258472783,
      "p75": 1315.1279768967336,
      "p90": 1626.3689234355325,
      "p95": 1792.2337241457644,
      "p99": 2168.6393294841273,
      "p99.9": 3098.817147063675,
      "p99.99": 5704.441478144288
    }
  },
  "details": {
    "DNSDialup": {
      "average": 0.004210542484375002,
      "fastest": 0.000611085,
      "slowest": 0.006230794
    },
    "DNSLookup": {
      "average": 0.000027110390624999994,
      "fastest": 0.000015362,
      "slowest": 0.000081689
    },
    "firstByte": {
      "average": 0.06293657033422147,
      "fastest": 0.014664813,
      "slowest": 0.131383982
    }
  },
  "statusCodeDistribution": {
    "200": 10134
  },
  "errorDistribution": {
    "aborted due to deadline": 64
  }
}