2026-09-09T16:51:13.027493Z  INFO wamn_cdc_reader: registration loaded publication="wamn_cdc_acme__receiving__dev__xtjedv5b" slot="wamn_cdc_acme__receiving__dev__xtjedv5b" stream="EVT_acme_dev"
2026-09-09T16:51:13.032134Z  INFO async_nats::connector: connected successfully server=4222 max_payload=1048576
2026-09-09T16:51:13.032304Z  INFO async_nats: event: connected
2026-09-09T16:51:13.116573Z  INFO wamn_cdc_reader: preflight: slot healthy (resume position = confirmed LSN) slot="wamn_cdc_acme__receiving__dev__xtjedv5b" active=false confirmed_flush_lsn="0/303A848" wal_status="reserved"
2026-09-09T16:51:13.116863Z  INFO pg_walstream::stream: Creating logical replication stream with retry support
2026-09-09T16:51:13.116908Z  INFO pg_walstream::retry: Attempting to connect to PostgreSQL with retry logic
2026-09-09T16:51:13.211568Z  INFO pg_walstream::retry: Successfully connected to PostgreSQL on attempt 1 after 94.648697ms
2026-09-09T16:51:13.211632Z  INFO pg_walstream::stream: Starting logical replication stream
2026-09-09T16:51:13.211643Z  INFO pg_walstream::stream: Initializing replication stream
2026-09-09T16:51:13.211853Z  INFO pg_walstream::stream: System identification successful
2026-09-09T16:51:13.211869Z  INFO pg_walstream::stream: Creating replication slot: wamn_cdc_acme__receiving__dev__xtjedv5b
2026-09-09T16:51:13.213396Z  WARN pg_walstream::stream: Replication slot already exists, continuing
2026-09-09T16:51:13.213431Z  INFO pg_walstream::stream: Replication stream initialized
2026-09-09T16:51:13.214134Z  INFO pg_walstream::stream: Logical replication started with LSN: 0/0
2026-09-09T16:51:13.214175Z  INFO wamn_cdc_reader: walsender session open; draining reopens=0
2026-09-09T16:51:43.241412Z  INFO pg_walstream::connection::native::connection: Sent standby status update: received=0/34E2428, flushed=0/0, applied=0/0, reply_requested=false
2026-09-09T16:52:13.241955Z  INFO pg_walstream::connection::native::connection: Sent standby status update: received=0/352A970, flushed=0/0, applied=0/0, reply_requested=false
2026-09-09T16:52:43.243646Z  INFO pg_walstream::connection::native::connection: Sent standby status update: received=0/352AB80, flushed=0/0, applied=0/0, reply_requested=false
2026-09-09T16:53:13.273911Z  INFO pg_walstream::connection::native::connection: Sent standby status update: received=0/352AB80, flushed=0/0, applied=0/0, reply_requested=false
2026-09-09T16:53:23.541667Z  INFO wamn_cdc_reader: entity resolved table=purchase_order relation_oid=18610 package_id="wamn_receiving" entity="purchase_order"
2026-09-09T16:53:23.603371Z  INFO wamn_cdc_reader: CDC exclusion resolved table=record_receipt_command relation_oid=18661 package_id="wamn_receiving" relation="record_receipt_command"
2026-09-09T16:53:23.680874Z  INFO wamn_cdc_reader: entity resolved table=receipt relation_oid=18679 package_id="wamn_receiving" entity="receipt"
2026-09-09T16:53:23.741135Z  INFO wamn_cdc_reader: entity resolved table=receipt_line relation_oid=18708 package_id="wamn_receiving" entity="receipt_line"
2026-09-09T16:53:23.808497Z  INFO wamn_cdc_reader: entity resolved table=purchase_order_line relation_oid=18632 package_id="wamn_receiving" entity="purchase_order_line"
2026-09-09T16:53:23.809746Z  INFO wamn::event_reader: CDC exclusions committed excluded_by_relation={"wamn_receiving::record_receipt_command": 2}
2026-09-09T16:53:23.916022Z  INFO wamn_cdc_reader: entity resolved table=quality_inspection relation_oid=18764 package_id="client_acme_receiving" entity="quality_inspection"
2026-09-09T16:53:43.284918Z  INFO pg_walstream::connection::native::connection: Sent standby status update: received=0/352B9D8, flushed=0/352B9A0, applied=0/352B9A0, reply_requested=false
2026-09-09T16:54:13.304570Z  INFO pg_walstream::connection::native::connection: Sent standby status update: received=0/352BAA8, flushed=0/352B9A0, applied=0/352B9A0, reply_requested=false
2026-09-09T16:54:43.313546Z  INFO pg_walstream::connection::native::connection: Sent standby status update: received=0/352BE08, flushed=0/352B9A0, applied=0/352B9A0, reply_requested=false
2026-09-09T16:55:13.342846Z  INFO pg_walstream::connection::native::connection: Sent standby status update: received=0/352BE08, flushed=0/352B9A0, applied=0/352B9A0, reply_requested=false
2026-09-09T16:55:43.350208Z  INFO pg_walstream::connection::native::connection: Sent standby status update: received=0/352BE60, flushed=0/352B9A0, applied=0/352B9A0, reply_requested=false
2026-09-09T16:56:13.380240Z  INFO pg_walstream::connection::native::connection: Sent standby status update: received=0/352BE60, flushed=0/352B9A0, applied=0/352B9A0, reply_requested=false
2026-09-09T16:56:43.410291Z  INFO pg_walstream::connection::native::connection: Sent standby status update: received=0/352BE60, flushed=0/352B9A0, applied=0/352B9A0, reply_requested=false
2026-09-09T16:57:13.439981Z  INFO pg_walstream::connection::native::connection: Sent standby status update: received=0/352BE60, flushed=0/352B9A0, applied=0/352B9A0, reply_requested=false
2026-09-09T16:57:43.469870Z  INFO pg_walstream::connection::native::connection: Sent standby status update: received=0/352BE60, flushed=0/352B9A0, applied=0/352B9A0, reply_requested=false
2026-09-09T16:58:13.499835Z  INFO pg_walstream::connection::native::connection: Sent standby status update: received=0/352BE60, flushed=0/352B9A0, applied=0/352B9A0, reply_requested=false
2026-09-09T16:58:43.514550Z  INFO pg_walstream::connection::native::connection: Sent standby status update: received=0/352BF48, flushed=0/352B9A0, applied=0/352B9A0, reply_requested=false
2026-09-09T16:58:57.920479Z  INFO wamn::event_reader: drain summary commits=4 events_published=6 deduped=0 excluded_by_relation={"wamn_receiving::record_receipt_command": 2} ending="shutdown"
2026-09-09T16:58:57.920686Z  INFO pg_walstream::connection::native::connection: Sent standby status update: received=0/352BF48, flushed=0/352B9A0, applied=0/352B9A0, reply_requested=false
2026-09-09T16:58:57.920713Z  INFO pg_walstream::stream: Stopping logical replication stream (last received LSN: 0/352BF48)
2026-09-09T16:58:57.920724Z  INFO wamn_cdc_reader: shutdown requested; exiting cleanly reopens=0 commits=4
