2026-09-09T16:51:26.385251Z  INFO host memory resolved max_guest_memory=45.7GiB guest_memory_mode="count" default_heap_memory=256MiB core_instances=512 memories=512 pool_reservation=128GiB
2026-09-09T16:51:26.389838Z  INFO executor router queue driver ready runner=cutover-sigint tenant=receiving-route-auth package_count=2 environment=dev effective_release_id=1 manifest_digest=sha256:e633957452b28418875cdc69a5574d078da95daf94aa9fda76c5ad84cc3dee94 wiring_cache_capacity=1024 lease_ttl_ms=30000
2026-09-09T16:51:26.390091Z  INFO probe server listening addr=127.0.0.1:48833
2026-09-09T16:51:26.503237Z  INFO wiring activation doorbell listening; dropped every cached pointer channel="wamn_wiring_activation" dropped=0
2026-09-09T16:51:26.505394Z  WARN executor queue turn failed; retrying error=production claim prepare exhausted candidate failed: db error: ERROR: function require_executor_platform_authority() does not exist
HINT: No function matches the given name and argument types. You might need to add explicit type casts.
2026-09-09T16:51:26.773628Z  WARN executor queue turn failed; retrying error=production claim prepare exhausted candidate failed: db error: ERROR: function require_executor_platform_authority() does not exist
HINT: No function matches the given name and argument types. You might need to add explicit type casts.
2026-09-09T16:51:26.870183Z  INFO release component pull completed component_digest=sha256:710586d8b7fa9ff054d84203d981832659ae9baa618ed03b14588d1168d68d2e component_bytes=466355 elapsed_ms=91
2026-09-09T16:51:26.940865Z  INFO release component pull completed component_digest=sha256:1f481deceaea9e217fb19819c750ce39fec8e9a1e19686e43dc2ebf65b1d9fef component_bytes=669281 elapsed_ms=162
2026-09-09T16:51:27.027680Z  WARN executor queue turn failed; retrying error=production claim prepare exhausted candidate failed: db error: ERROR: function require_executor_platform_authority() does not exist
HINT: No function matches the given name and argument types. You might need to add explicit type casts.
2026-09-09T16:51:27.281517Z  WARN executor queue turn failed; retrying error=production claim prepare exhausted candidate failed: db error: ERROR: function require_executor_platform_authority() does not exist
HINT: No function matches the given name and argument types. You might need to add explicit type casts.
2026-09-09T16:51:27.541298Z  WARN executor queue turn failed; retrying error=production claim prepare exhausted candidate failed: db error: ERROR: function require_executor_platform_authority() does not exist
HINT: No function matches the given name and argument types. You might need to add explicit type casts.
2026-09-09T16:51:27.798988Z  WARN executor queue turn failed; retrying error=production claim prepare exhausted candidate failed: db error: ERROR: function require_executor_platform_authority() does not exist
HINT: No function matches the given name and argument types. You might need to add explicit type casts.
2026-09-09T16:51:28.062793Z  WARN executor queue turn failed; retrying error=production claim prepare exhausted candidate failed: db error: ERROR: function require_executor_platform_authority() does not exist
HINT: No function matches the given name and argument types. You might need to add explicit type casts.
2026-09-09T16:51:28.320596Z  WARN executor queue turn failed; retrying error=production claim prepare exhausted candidate failed: db error: ERROR: function require_executor_platform_authority() does not exist
HINT: No function matches the given name and argument types. You might need to add explicit type casts.
2026-09-09T16:51:28.579229Z  WARN executor queue turn failed; retrying error=production claim prepare exhausted candidate failed: db error: ERROR: function require_executor_platform_authority() does not exist
HINT: No function matches the given name and argument types. You might need to add explicit type casts.
2026-09-09T16:51:28.855772Z  WARN executor queue turn failed; retrying error=production claim prepare exhausted candidate failed: db error: ERROR: function require_executor_platform_authority() does not exist
HINT: No function matches the given name and argument types. You might need to add explicit type casts.
2026-09-09T16:51:29.135069Z  WARN executor queue turn failed; retrying error=production claim prepare exhausted candidate failed: db error: ERROR: function require_executor_platform_authority() does not exist
HINT: No function matches the given name and argument types. You might need to add explicit type casts.
2026-09-09T16:51:29.407310Z  WARN executor queue turn failed; retrying error=production claim prepare exhausted candidate failed: db error: ERROR: function require_executor_platform_authority() does not exist
HINT: No function matches the given name and argument types. You might need to add explicit type casts.
2026-09-09T16:51:29.671894Z  WARN executor queue turn failed; retrying error=production claim prepare exhausted candidate failed: db error: ERROR: function require_executor_platform_authority() does not exist
HINT: No function matches the given name and argument types. You might need to add explicit type casts.
2026-09-09T16:51:29.984941Z  WARN executor queue turn failed; retrying error=production claim prepare exhausted candidate failed: db error: ERROR: function require_executor_platform_authority() does not exist
HINT: No function matches the given name and argument types. You might need to add explicit type casts.
2026-09-09T16:51:30.263560Z  WARN executor queue turn failed; retrying error=production claim prepare exhausted candidate failed: db error: ERROR: function require_executor_platform_authority() does not exist
HINT: No function matches the given name and argument types. You might need to add explicit type casts.
2026-09-09T16:51:30.544406Z  WARN executor queue turn failed; retrying error=production claim prepare exhausted candidate failed: db error: ERROR: function require_executor_platform_authority() does not exist
HINT: No function matches the given name and argument types. You might need to add explicit type casts.
2026-09-09T16:51:30.797748Z  WARN executor queue turn failed; retrying error=production claim prepare exhausted candidate failed: db error: ERROR: function require_executor_platform_authority() does not exist
HINT: No function matches the given name and argument types. You might need to add explicit type casts.
2026-09-09T16:51:31.065980Z  WARN executor queue turn failed; retrying error=production claim prepare exhausted candidate failed: db error: ERROR: function require_executor_platform_authority() does not exist
HINT: No function matches the given name and argument types. You might need to add explicit type casts.
2026-09-09T16:51:31.324419Z  WARN executor queue turn failed; retrying error=production claim prepare exhausted candidate failed: db error: ERROR: function require_executor_platform_authority() does not exist
HINT: No function matches the given name and argument types. You might need to add explicit type casts.
2026-09-09T16:51:31.592485Z  WARN executor queue turn failed; retrying error=production claim prepare exhausted candidate failed: db error: ERROR: function require_executor_platform_authority() does not exist
HINT: No function matches the given name and argument types. You might need to add explicit type casts.
2026-09-09T16:51:31.848436Z  WARN executor queue turn failed; retrying error=production claim prepare exhausted candidate failed: db error: ERROR: function require_executor_platform_authority() does not exist
HINT: No function matches the given name and argument types. You might need to add explicit type casts.
2026-09-09T16:51:32.124174Z  WARN executor queue turn failed; retrying error=production claim prepare exhausted candidate failed: db error: ERROR: function require_executor_platform_authority() does not exist
HINT: No function matches the given name and argument types. You might need to add explicit type casts.
2026-09-09T16:51:32.381646Z  WARN executor queue turn failed; retrying error=production claim prepare exhausted candidate failed: db error: ERROR: function require_executor_platform_authority() does not exist
HINT: No function matches the given name and argument types. You might need to add explicit type casts.
2026-09-09T16:51:32.635529Z  WARN executor queue turn failed; retrying error=production claim prepare exhausted candidate failed: db error: ERROR: function require_executor_platform_authority() does not exist
HINT: No function matches the given name and argument types. You might need to add explicit type casts.
2026-09-09T16:51:32.898212Z  WARN executor queue turn failed; retrying error=production claim prepare exhausted candidate failed: db error: ERROR: function require_executor_platform_authority() does not exist
HINT: No function matches the given name and argument types. You might need to add explicit type casts.
2026-09-09T16:51:33.152492Z  WARN executor queue turn failed; retrying error=production claim prepare exhausted candidate failed: db error: ERROR: function require_executor_platform_authority() does not exist
HINT: No function matches the given name and argument types. You might need to add explicit type casts.
2026-09-09T16:51:33.411162Z  WARN executor queue turn failed; retrying error=production claim prepare exhausted candidate failed: db error: ERROR: function require_executor_platform_authority() does not exist
HINT: No function matches the given name and argument types. You might need to add explicit type casts.
2026-09-09T16:51:33.665542Z  WARN executor queue turn failed; retrying error=production claim prepare exhausted candidate failed: db error: ERROR: function require_executor_platform_authority() does not exist
HINT: No function matches the given name and argument types. You might need to add explicit type casts.
2026-09-09T16:51:33.922163Z  WARN executor queue turn failed; retrying error=production claim prepare exhausted candidate failed: db error: ERROR: function require_executor_platform_authority() does not exist
HINT: No function matches the given name and argument types. You might need to add explicit type casts.
2026-09-09T16:51:34.181512Z  WARN executor queue turn failed; retrying error=production claim prepare exhausted candidate failed: db error: ERROR: function require_executor_platform_authority() does not exist
HINT: No function matches the given name and argument types. You might need to add explicit type casts.
2026-09-09T16:51:34.435549Z  WARN executor queue turn failed; retrying error=production claim prepare exhausted candidate failed: db error: ERROR: function require_executor_platform_authority() does not exist
HINT: No function matches the given name and argument types. You might need to add explicit type casts.
2026-09-09T16:51:34.692198Z  WARN executor queue turn failed; retrying error=production claim prepare exhausted candidate failed: db error: ERROR: function require_executor_platform_authority() does not exist
HINT: No function matches the given name and argument types. You might need to add explicit type casts.
2026-09-09T16:51:34.950329Z  WARN executor queue turn failed; retrying error=production claim prepare exhausted candidate failed: db error: ERROR: function require_executor_platform_authority() does not exist
HINT: No function matches the given name and argument types. You might need to add explicit type casts.
2026-09-09T16:51:35.212882Z  WARN executor queue turn failed; retrying error=production claim prepare exhausted candidate failed: db error: ERROR: function require_executor_platform_authority() does not exist
HINT: No function matches the given name and argument types. You might need to add explicit type casts.
2026-09-09T16:51:35.468449Z  WARN executor queue turn failed; retrying error=production claim prepare exhausted candidate failed: db error: ERROR: function require_executor_platform_authority() does not exist
HINT: No function matches the given name and argument types. You might need to add explicit type casts.
2026-09-09T16:51:35.730801Z  WARN executor queue turn failed; retrying error=production claim prepare exhausted candidate failed: db error: ERROR: function require_executor_platform_authority() does not exist
HINT: No function matches the given name and argument types. You might need to add explicit type casts.
2026-09-09T16:51:35.988648Z  WARN executor queue turn failed; retrying error=production claim prepare exhausted candidate failed: db error: ERROR: function require_executor_platform_authority() does not exist
HINT: No function matches the given name and argument types. You might need to add explicit type casts.
2026-09-09T16:51:36.284676Z  WARN executor queue turn failed; retrying error=production claim prepare exhausted candidate failed: db error: ERROR: function require_executor_platform_authority() does not exist
HINT: No function matches the given name and argument types. You might need to add explicit type casts.
2026-09-09T16:51:36.542348Z  WARN executor queue turn failed; retrying error=production claim prepare exhausted candidate failed: db error: ERROR: function require_executor_platform_authority() does not exist
HINT: No function matches the given name and argument types. You might need to add explicit type casts.
2026-09-09T16:51:36.849761Z  WARN executor queue turn failed; retrying error=production claim prepare exhausted candidate failed: db error: ERROR: function require_executor_platform_authority() does not exist
HINT: No function matches the given name and argument types. You might need to add explicit type casts.
2026-09-09T16:51:37.106555Z  WARN executor queue turn failed; retrying error=production claim prepare exhausted candidate failed: db error: ERROR: function require_executor_platform_authority() does not exist
HINT: No function matches the given name and argument types. You might need to add explicit type casts.
2026-09-09T16:51:37.367496Z  WARN executor queue turn failed; retrying error=production claim prepare exhausted candidate failed: db error: ERROR: function require_executor_platform_authority() does not exist
HINT: No function matches the given name and argument types. You might need to add explicit type casts.
2026-09-09T16:51:37.629991Z  WARN executor queue turn failed; retrying error=production claim prepare exhausted candidate failed: db error: ERROR: function require_executor_platform_authority() does not exist
HINT: No function matches the given name and argument types. You might need to add explicit type casts.
2026-09-09T16:51:37.900646Z  WARN executor queue turn failed; retrying error=production claim prepare exhausted candidate failed: db error: ERROR: function require_executor_platform_authority() does not exist
HINT: No function matches the given name and argument types. You might need to add explicit type casts.
2026-09-09T16:51:38.155392Z  WARN executor queue turn failed; retrying error=production claim prepare exhausted candidate failed: db error: ERROR: function require_executor_platform_authority() does not exist
HINT: No function matches the given name and argument types. You might need to add explicit type casts.
2026-09-09T16:51:38.433770Z  WARN executor queue turn failed; retrying error=production claim prepare exhausted candidate failed: db error: ERROR: function require_executor_platform_authority() does not exist
HINT: No function matches the given name and argument types. You might need to add explicit type casts.
2026-09-09T16:51:38.708102Z  WARN executor queue turn failed; retrying error=production claim prepare exhausted candidate failed: db error: ERROR: function require_executor_platform_authority() does not exist
HINT: No function matches the given name and argument types. You might need to add explicit type casts.
2026-09-09T16:51:38.963248Z  WARN executor queue turn failed; retrying error=production claim prepare exhausted candidate failed: db error: ERROR: function require_executor_platform_authority() does not exist
HINT: No function matches the given name and argument types. You might need to add explicit type casts.
2026-09-09T16:51:39.237024Z  WARN executor queue turn failed; retrying error=production claim prepare exhausted candidate failed: db error: ERROR: function require_executor_platform_authority() does not exist
HINT: No function matches the given name and argument types. You might need to add explicit type casts.
2026-09-09T16:51:39.517047Z  WARN executor queue turn failed; retrying error=production claim prepare exhausted candidate failed: db error: ERROR: function require_executor_platform_authority() does not exist
HINT: No function matches the given name and argument types. You might need to add explicit type casts.
2026-09-09T16:51:39.785295Z  WARN executor queue turn failed; retrying error=production claim prepare exhausted candidate failed: db error: ERROR: function require_executor_platform_authority() does not exist
HINT: No function matches the given name and argument types. You might need to add explicit type casts.
2026-09-09T16:51:40.056564Z  WARN executor queue turn failed; retrying error=production claim prepare exhausted candidate failed: db error: ERROR: function require_executor_platform_authority() does not exist
HINT: No function matches the given name and argument types. You might need to add explicit type casts.
2026-09-09T16:51:40.333586Z  WARN executor queue turn failed; retrying error=production claim prepare exhausted candidate failed: db error: ERROR: function require_executor_platform_authority() does not exist
HINT: No function matches the given name and argument types. You might need to add explicit type casts.
2026-09-09T16:51:40.593059Z  WARN executor queue turn failed; retrying error=production claim prepare exhausted candidate failed: db error: ERROR: function require_executor_platform_authority() does not exist
HINT: No function matches the given name and argument types. You might need to add explicit type casts.
2026-09-09T16:51:40.848442Z  WARN executor queue turn failed; retrying error=production claim prepare exhausted candidate failed: db error: ERROR: function require_executor_platform_authority() does not exist
HINT: No function matches the given name and argument types. You might need to add explicit type casts.
2026-09-09T16:51:41.122519Z  WARN executor queue turn failed; retrying error=production claim prepare exhausted candidate failed: db error: ERROR: function require_executor_platform_authority() does not exist
HINT: No function matches the given name and argument types. You might need to add explicit type casts.
2026-09-09T16:51:41.393127Z  WARN executor queue turn failed; retrying error=production claim prepare exhausted candidate failed: db error: ERROR: function require_executor_platform_authority() does not exist
HINT: No function matches the given name and argument types. You might need to add explicit type casts.
2026-09-09T16:51:41.655496Z  WARN executor queue turn failed; retrying error=production claim prepare exhausted candidate failed: db error: ERROR: function require_executor_platform_authority() does not exist
HINT: No function matches the given name and argument types. You might need to add explicit type casts.
2026-09-09T16:51:41.914695Z  WARN executor queue turn failed; retrying error=production claim prepare exhausted candidate failed: db error: ERROR: function require_executor_platform_authority() does not exist
HINT: No function matches the given name and argument types. You might need to add explicit type casts.
2026-09-09T16:51:42.171728Z  WARN executor queue turn failed; retrying error=production claim prepare exhausted candidate failed: db error: ERROR: function require_executor_platform_authority() does not exist
HINT: No function matches the given name and argument types. You might need to add explicit type casts.
2026-09-09T16:51:42.425184Z  WARN executor queue turn failed; retrying error=production claim prepare exhausted candidate failed: db error: ERROR: function require_executor_platform_authority() does not exist
HINT: No function matches the given name and argument types. You might need to add explicit type casts.
2026-09-09T16:51:42.681869Z  WARN executor queue turn failed; retrying error=production claim prepare exhausted candidate failed: db error: ERROR: function require_executor_platform_authority() does not exist
HINT: No function matches the given name and argument types. You might need to add explicit type casts.
2026-09-09T16:51:42.954918Z  WARN executor queue turn failed; retrying error=production claim prepare exhausted candidate failed: db error: ERROR: function require_executor_platform_authority() does not exist
HINT: No function matches the given name and argument types. You might need to add explicit type casts.
2026-09-09T16:51:43.211236Z  WARN executor queue turn failed; retrying error=production claim prepare exhausted candidate failed: db error: ERROR: function require_executor_platform_authority() does not exist
HINT: No function matches the given name and argument types. You might need to add explicit type casts.
2026-09-09T16:51:43.497956Z  WARN executor queue turn failed; retrying error=production claim prepare exhausted candidate failed: db error: ERROR: function require_executor_platform_authority() does not exist
HINT: No function matches the given name and argument types. You might need to add explicit type casts.
2026-09-09T16:51:43.759627Z  WARN executor queue turn failed; retrying error=production claim prepare exhausted candidate failed: db error: ERROR: function require_executor_platform_authority() does not exist
HINT: No function matches the given name and argument types. You might need to add explicit type casts.
2026-09-09T16:51:44.030269Z  WARN executor queue turn failed; retrying error=production claim prepare exhausted candidate failed: db error: ERROR: function require_executor_platform_authority() does not exist
HINT: No function matches the given name and argument types. You might need to add explicit type casts.
2026-09-09T16:51:44.285015Z  WARN executor queue turn failed; retrying error=production claim prepare exhausted candidate failed: db error: ERROR: function require_executor_platform_authority() does not exist
HINT: No function matches the given name and argument types. You might need to add explicit type casts.
2026-09-09T16:51:44.539472Z  WARN executor queue turn failed; retrying error=production claim prepare exhausted candidate failed: db error: ERROR: function require_executor_platform_authority() does not exist
HINT: No function matches the given name and argument types. You might need to add explicit type casts.
2026-09-09T16:51:44.794411Z  WARN executor queue turn failed; retrying error=production claim prepare exhausted candidate failed: db error: ERROR: function require_executor_platform_authority() does not exist
HINT: No function matches the given name and argument types. You might need to add explicit type casts.
2026-09-09T16:51:45.120204Z  WARN executor queue turn failed; retrying error=production claim prepare exhausted candidate failed: db error: ERROR: function require_executor_platform_authority() does not exist
HINT: No function matches the given name and argument types. You might need to add explicit type casts.
2026-09-09T16:51:45.390121Z  WARN executor queue turn failed; retrying error=production claim prepare exhausted candidate failed: db error: ERROR: function require_executor_platform_authority() does not exist
HINT: No function matches the given name and argument types. You might need to add explicit type casts.
2026-09-09T16:51:45.647047Z  WARN executor queue turn failed; retrying error=production claim prepare exhausted candidate failed: db error: ERROR: function require_executor_platform_authority() does not exist
HINT: No function matches the given name and argument types. You might need to add explicit type casts.
2026-09-09T16:51:45.902461Z  WARN executor queue turn failed; retrying error=production claim prepare exhausted candidate failed: db error: ERROR: function require_executor_platform_authority() does not exist
HINT: No function matches the given name and argument types. You might need to add explicit type casts.
2026-09-09T16:51:46.162248Z  WARN executor queue turn failed; retrying error=production claim prepare exhausted candidate failed: db error: ERROR: function require_executor_platform_authority() does not exist
HINT: No function matches the given name and argument types. You might need to add explicit type casts.
2026-09-09T16:51:46.423610Z  WARN executor queue turn failed; retrying error=production claim prepare exhausted candidate failed: db error: ERROR: function require_executor_platform_authority() does not exist
HINT: No function matches the given name and argument types. You might need to add explicit type casts.
2026-09-09T16:51:46.677650Z  WARN executor queue turn failed; retrying error=production claim prepare exhausted candidate failed: db error: ERROR: function require_executor_platform_authority() does not exist
HINT: No function matches the given name and argument types. You might need to add explicit type casts.
2026-09-09T16:51:46.968719Z  WARN executor queue turn failed; retrying error=production claim prepare exhausted candidate failed: db error: ERROR: function require_executor_platform_authority() does not exist
HINT: No function matches the given name and argument types. You might need to add explicit type casts.
2026-09-09T16:51:47.224890Z  WARN executor queue turn failed; retrying error=production claim prepare exhausted candidate failed: db error: ERROR: function require_executor_platform_authority() does not exist
HINT: No function matches the given name and argument types. You might need to add explicit type casts.
2026-09-09T16:51:47.484457Z  WARN executor queue turn failed; retrying error=production claim prepare exhausted candidate failed: db error: ERROR: function require_executor_platform_authority() does not exist
HINT: No function matches the given name and argument types. You might need to add explicit type casts.
2026-09-09T16:51:47.756765Z  WARN executor queue turn failed; retrying error=production claim prepare exhausted candidate failed: db error: ERROR: function require_executor_platform_authority() does not exist
HINT: No function matches the given name and argument types. You might need to add explicit type casts.
2026-09-09T16:51:48.019749Z  INFO release component compilation completed component_digest=sha256:710586d8b7fa9ff054d84203d981832659ae9baa618ed03b14588d1168d68d2e compile_ms=21147 compile_wall_ms=21149
2026-09-09T16:51:48.029152Z  WARN executor queue turn failed; retrying error=production claim prepare exhausted candidate failed: db error: ERROR: function require_executor_platform_authority() does not exist
HINT: No function matches the given name and argument types. You might need to add explicit type casts.
2026-09-09T16:51:48.274164Z  INFO release component compilation completed component_digest=sha256:1f481deceaea9e217fb19819c750ce39fec8e9a1e19686e43dc2ebf65b1d9fef compile_ms=21329 compile_wall_ms=21333
2026-09-09T16:51:48.287339Z  WARN executor queue turn failed; retrying error=production claim prepare exhausted candidate failed: db error: ERROR: function require_executor_platform_authority() does not exist
HINT: No function matches the given name and argument types. You might need to add explicit type casts.
2026-09-09T16:51:48.288803Z  WARN wamn.component.linker_setup:wamn.linker.register: component imports wamn:postgres but sets no wamn.tenant; calls will be refused component="receiving#0"
2026-09-09T16:51:48.305258Z  INFO release component instantiation completed component_digest=sha256:1f481deceaea9e217fb19819c750ce39fec8e9a1e19686e43dc2ebf65b1d9fef elapsed_ms=30 total_elapsed_ms=21527
2026-09-09T16:51:48.321050Z  WARN wamn.component.linker_setup:wamn.linker.register: component imports wamn:postgres but sets no wamn.tenant; calls will be refused component="client_acme_receiving#1"
2026-09-09T16:51:48.333378Z  INFO release component instantiation completed component_digest=sha256:710586d8b7fa9ff054d84203d981832659ae9baa618ed03b14588d1168d68d2e elapsed_ms=26 total_elapsed_ms=21554
2026-09-09T16:51:48.333569Z  INFO synchronous release preload completed synchronous_wirings=13 component_digests=2 elapsed_ms=21943
2026-09-09T16:51:48.418200Z  INFO executor router driver stopping cache_hits=0 cache_evictions=0
