{
  "summary": {
    "successRate": 1.0,
    "total": 10.002437426,
    "slowest": 0.031134808,
    "fastest": 0.000338922,
    "average": 0.0028327517033388257,
    "requestsPerSec": 11276.95132656359,
    "totalData": 4059540,
    "sizePerRequest": 36,
    "sizePerSec": 405855.07582859433
  },
  "metrics": {
    "success_rate": 1.0,
    "requests_per_sec": 11276.95132656359,
    "latency_ms": {
      "min": 0.339,
      "mean": 2.833,
      "p50": 2.645,
      "p95": 5.183,
      "p99": 7.849,
      "max": 31.135
    }
  },
  "responseTimeHistogram": {
    "0.000338922": 1,
    "0.0034185106000000002": 84226,
    "0.0064980992": 26199,
    "0.0095776878": 1786,
    "0.0126572764": 373,
    "0.015736865": 108,
    "0.018816453599999998": 47,
    "0.0218960422": 17,
    "0.0249756308": 2,
    "0.028055219399999998": 5,
    "0.031134808": 1
  },
  "latencyPercentiles": {
    "p10": 0.001363905,
    "p25": 0.001967229,
    "p50": 0.002645111,
    "p75": 0.00343038,
    "p90": 0.004377586,
    "p95": 0.005183372,
    "p99": 0.00784904,
    "p99.9": 0.013763029,
    "p99.99": 0.019892999
  },
  "firstByteHistogram": {
    "0.000310804": 1,
    "0.0033910118": 83820,
    "0.0064712196": 26644,
    "0.0095514274": 1778,
    "0.0126316352": 353,
    "0.015711843": 105,
    "0.0187920508": 43,
    "0.021872258600000003": 13,
    "0.0249524664": 2,
    "0.0280326742": 5,
    "0.031112882": 1
  },
  "firstBytePercentiles": {
    "p10": 0.001354292,
    "p25": 0.001956322,
    "p50": 0.002634106,
    "p75": 0.003418067,
    "p90": 0.004356624,
    "p95": 0.005155503,
    "p99": 0.007757316,
    "p99.9": 0.013602676,
    "p99.99": 0.019744922
  },
  "rps": {
    "mean": 11265.619719149254,
    "stddev": 2414.3158272295386,
    "max": 18072.510526735372,
    "min": 814.3222177332832,
    "percentiles": {
      "p10": 7839.838413802902,
      "p25": 9831.408573271929,
      "p50": 11702.400162272561,
      "p75": 13073.788462080029,
      "p90": 14021.814513587145,
      "p95": 14332.415624417657,
      "p99": 15095.064739978574,
      "p99.9": 17022.12194968581,
      "p99.99": 18072.510526735372
    }
  },
  "details": {
    "DNSDialup": {
      "average": 0.0015188008125,
      "fastest": 0.000493527,
      "slowest": 0.005127559
    },
    "DNSLookup": {
      "average": 0.0000336875625,
      "fastest": 0.000015206,
      "slowest": 0.000108265
    },
    "firstByte": {
      "average": 0.00281757100082475,
      "fastest": 0.000310804,
      "slowest": 0.031112882
    }
  },
  "statusCodeDistribution": {
    "404": 112765
  },
  "errorDistribution": {
    "aborted due to deadline": 32
  }
}