{
  "summary": {
    "successRate": 1.0,
    "total": 10.005126798,
    "slowest": 0.047880914,
    "fastest": 0.000345363,
    "average": 0.005285660307427871,
    "requestsPerSec": 12094.099599436182,
    "totalData": 4353804,
    "sizePerRequest": 36,
    "sizePerSec": 435157.30364060105
  },
  "metrics": {
    "success_rate": 1.0,
    "requests_per_sec": 12094.099599436182,
    "latency_ms": {
      "min": 0.345,
      "mean": 5.286,
      "p50": 5.067,
      "p95": 9.299,
      "p99": 12.68,
      "max": 47.881
    }
  },
  "responseTimeHistogram": {
    "0.000345363": 1,
    "0.005098918099999999": 61223,
    "0.009852473199999998": 55272,
    "0.014606028299999997": 3837,
    "0.019359583399999998": 489,
    "0.0241131385": 85,
    "0.028866693599999996": 21,
    "0.033620248699999994": 6,
    "0.038373803799999995": 0,
    "0.043127358899999996": 0,
    "0.047880914": 5
  },
  "latencyPercentiles": {
    "p10": 0.002614889,
    "p25": 0.003770126,
    "p50": 0.005066929,
    "p75": 0.006509951,
    "p90": 0.008087997,
    "p95": 0.009298515,
    "p99": 0.012680004,
    "p99.9": 0.019162136,
    "p99.99": 0.026782439
  },
  "firstByteHistogram": {
    "0.000340197": 1,
    "0.0050937733999999995": 61430,
    "0.0098473498": 55202,
    "0.0146009262": 3765,
    "0.0193545026": 431,
    "0.024108079": 80,
    "0.0288616554": 21,
    "0.0336152318": 4,
    "0.0383688082": 0,
    "0.0431223846": 0,
    "0.047875961": 5
  },
  "firstBytePercentiles": {
    "p10": 0.002604389,
    "p25": 0.00375707,
    "p50": 0.00505406,
    "p75": 0.006491752,
    "p90": 0.008059295,
    "p95": 0.009254596,
    "p99": 0.012502152,
    "p99.9": 0.01891777,
    "p99.99": 0.026207079
  },
  "rps": {
    "mean": 12077.74734298214,
    "stddev": 2168.683252649409,
    "max": 17406.86071794748,
    "min": 3625.1963836852674,
    "percentiles": {
      "p10": 9107.174135948932,
      "p25": 10916.635933589634,
      "p50": 12505.690088990608,
      "p75": 13634.45289903054,
      "p90": 14408.418839125856,
      "p95": 14888.940575421455,
      "p99": 15654.942586501591,
      "p99.9": 17144.96782160337,
      "p99.99": 17406.86071794748
    }
  },
  "details": {
    "DNSDialup": {
      "average": 0.006650307921874999,
      "fastest": 0.000466702,
      "slowest": 0.039393685
    },
    "DNSLookup": {
      "average": 0.000029120468749999996,
      "fastest": 0.000014649,
      "slowest": 0.000100289
    },
    "firstByte": {
      "average": 0.0052641412308106145,
      "fastest": 0.000340197,
      "slowest": 0.047875961
    }
  },
  "statusCodeDistribution": {
    "404": 120939
  },
  "errorDistribution": {
    "aborted due to deadline": 64
  }
}