{
  "summary": {
    "successRate": 1.0,
    "total": 10.002819408,
    "slowest": 0.034267126,
    "fastest": 0.00022923,
    "average": 0.0006024060040381284,
    "requestsPerSec": 6585.743210290696,
    "totalData": 2371392,
    "sizePerRequest": 36,
    "sizePerSec": 237072.35962926823
  },
  "metrics": {
    "success_rate": 1.0,
    "requests_per_sec": 6585.743210290696,
    "latency_ms": {
      "min": 0.229,
      "mean": 0.602,
      "p50": 0.498,
      "p95": 1.133,
      "p99": 2.197,
      "max": 34.267
    }
  },
  "responseTimeHistogram": {
    "0.00022923": 1,
    "0.0036330196000000006": 65722,
    "0.007036809200000002": 127,
    "0.010440598800000003": 11,
    "0.013844388400000003": 4,
    "0.017248178000000003": 1,
    "0.020651967600000005": 0,
    "0.024055757200000003": 2,
    "0.027459546800000005": 1,
    "0.030863336400000007": 1,
    "0.034267126": 2
  },
  "latencyPercentiles": {
    "p10": 0.000405783,
    "p25": 0.000445546,
    "p50": 0.000498447,
    "p75": 0.000606481,
    "p90": 0.000853001,
    "p95": 0.001132969,
    "p99": 0.002197169,
    "p99.9": 0.004653527,
    "p99.99": 0.01605866
  },
  "firstByteHistogram": {
    "0.000227675": 1,
    "0.0036306887": 65723,
    "0.0070337024": 126,
    "0.0104367161": 11,
    "0.0138397298": 4,
    "0.0172427435": 1,
    "0.0206457572": 0,
    "0.024048770900000002": 2,
    "0.0274517846": 1,
    "0.0308547983": 1,
    "0.034257812": 2
  },
  "firstBytePercentiles": {
    "p10": 0.000400794,
    "p25": 0.000440105,
    "p50": 0.000492646,
    "p75": 0.000599562,
    "p90": 0.000845028,
    "p95": 0.001123383,
    "p99": 0.002179027,
    "p99.9": 0.004638369,
    "p99.99": 0.016051015
  },
  "rps": {
    "mean": 6575.883181069164,
    "stddev": 1769.5604244987733,
    "max": 10694.558074123981,
    "min": 49.5373312337432,
    "percentiles": {
      "p10": 3764.931449204374,
      "p25": 5828.414687283365,
      "p50": 7056.960966133953,
      "p75": 7723.961863954654,
      "p90": 8210.761023397381,
      "p95": 8611.347304045514,
      "p99": 9692.974037671951,
      "p99.9": 10416.816260913132,
      "p99.99": 10694.558074123981
    }
  },
  "details": {
    "DNSDialup": {
      "average": 0.00048942975,
      "fastest": 0.000345492,
      "slowest": 0.000584752
    },
    "DNSLookup": {
      "average": 0.00007700575000000001,
      "fastest": 0.000066559,
      "slowest": 0.000083095
    },
    "firstByte": {
      "average": 0.0005961833961470657,
      "fastest": 0.000227675,
      "slowest": 0.034257812
    }
  },
  "statusCodeDistribution": {
    "404": 65872
  },
  "errorDistribution": {
    "aborted due to deadline": 4
  }
}