{
  "summary": {
    "successRate": 1.0,
    "total": 10.004273246,
    "slowest": 0.036602005,
    "fastest": 0.000276359,
    "average": 0.0008940336378332169,
    "requestsPerSec": 8898.697367706824,
    "totalData": 3204612,
    "sizePerRequest": 36,
    "sizePerSec": 320324.3175391373
  },
  "metrics": {
    "success_rate": 1.0,
    "requests_per_sec": 8898.697367706824,
    "latency_ms": {
      "min": 0.276,
      "mean": 0.894,
      "p50": 0.733,
      "p95": 1.854,
      "p99": 3.407,
      "max": 36.602
    }
  },
  "responseTimeHistogram": {
    "0.000276359": 1,
    "0.0039089236": 88410,
    "0.007541488200000001": 517,
    "0.0111740528": 45,
    "0.014806617400000001": 27,
    "0.018439182000000002": 8,
    "0.0220717466": 2,
    "0.025704311200000003": 1,
    "0.029336875800000002": 4,
    "0.0329694404": 1,
    "0.036602005": 1
  },
  "latencyPercentiles": {
    "p10": 0.000485016,
    "p25": 0.000562149,
    "p50": 0.000733089,
    "p75": 0.000979006,
    "p90": 0.001417426,
    "p95": 0.001853905,
    "p99": 0.003406724,
    "p99.9": 0.007537337,
    "p99.99": 0.019561175
  },
  "firstByteHistogram": {
    "0.000272811": 1,
    "0.0039040106": 88419,
    "0.0075352102": 510,
    "0.0111664098": 44,
    "0.0147976094": 27,
    "0.018428809": 8,
    "0.022060008600000004": 1,
    "0.025691208200000003": 1,
    "0.029322407800000002": 4,
    "0.0329536074": 1,
    "0.036584807": 1
  },
  "firstBytePercentiles": {
    "p10": 0.0004781,
    "p25": 0.000554177,
    "p50": 0.00072489,
    "p75": 0.000969026,
    "p90": 0.001404515,
    "p95": 0.001839668,
    "p99": 0.003390388,
    "p99.9": 0.007488467,
    "p99.99": 0.018375034
  },
  "rps": {
    "mean": 8884.54717102979,
    "stddev": 2316.549195298015,
    "max": 16667.896677114233,
    "min": 837.6137139142382,
    "percentiles": {
      "p10": 5736.01529282077,
      "p25": 7421.198271199872,
      "p50": 9068.23666727402,
      "p75": 10469.49205411704,
      "p90": 11807.725794987942,
      "p95": 12495.799043365923,
      "p99": 13500.269199397811,
      "p99.9": 15525.915858751423,
      "p99.99": 16667.896677114233
    }
  },
  "details": {
    "DNSDialup": {
      "average": 0.000406579625,
      "fastest": 0.000338467,
      "slowest": 0.000527957
    },
    "DNSLookup": {
      "average": 0.00004171925,
      "fastest": 0.000015171,
      "slowest": 0.000074755
    },
    "firstByte": {
      "average": 0.0008847106292168803,
      "fastest": 0.000272811,
      "slowest": 0.036584807
    }
  },
  "statusCodeDistribution": {
    "404": 89017
  },
  "errorDistribution": {
    "aborted due to deadline": 8
  }
}