 Network wamn-generated-tui-72011db80cc175ea_default  Creating
 Network wamn-generated-tui-72011db80cc175ea_default  Created
 Container wamn-generated-tui-72011db80cc175ea-[redacted]-route-postgres-1  Creating
 Container wamn-generated-tui-72011db80cc175ea-authenticated-registry-1  Creating
 Container wamn-generated-tui-72011db80cc175ea-[redacted]-[redacted]-nats-1  Creating
 Container wamn-generated-tui-72011db80cc175ea-[redacted]-[redacted]-tempo-1  Creating
 Container wamn-generated-tui-72011db80cc175ea-[redacted]-[redacted]-tempo-1  Created
 Container wamn-generated-tui-72011db80cc175ea-authenticated-registry-1  Created
 Container wamn-generated-tui-72011db80cc175ea-[redacted]-[redacted]-nats-1  Created
 Container wamn-generated-tui-72011db80cc175ea-[redacted]-route-postgres-1  Created
 Container wamn-generated-tui-72011db80cc175ea-authenticated-registry-1  Starting
 Container wamn-generated-tui-72011db80cc175ea-[redacted]-[redacted]-tempo-1  Starting
 Container wamn-generated-tui-72011db80cc175ea-[redacted]-route-postgres-1  Starting
 Container wamn-generated-tui-72011db80cc175ea-[redacted]-[redacted]-nats-1  Starting
 Container wamn-generated-tui-72011db80cc175ea-[redacted]-[redacted]-tempo-1  Started
 Container wamn-generated-tui-72011db80cc175ea-[redacted]-route-postgres-1  Started
 Container wamn-generated-tui-72011db80cc175ea-[redacted]-[redacted]-nats-1  Started
 Container wamn-generated-tui-72011db80cc175ea-authenticated-registry-1  Started
 Container wamn-generated-tui-72011db80cc175ea-[redacted]-[redacted]-tempo-1  Waiting
 Container wamn-generated-tui-72011db80cc175ea-[redacted]-route-postgres-1  Waiting
 Container wamn-generated-tui-72011db80cc175ea-authenticated-registry-1  Waiting
 Container wamn-generated-tui-72011db80cc175ea-[redacted]-[redacted]-nats-1  Waiting
 Container wamn-generated-tui-72011db80cc175ea-[redacted]-[redacted]-tempo-1  Healthy
 Container wamn-generated-tui-72011db80cc175ea-[redacted]-[redacted]-nats-1  Healthy
 Container wamn-generated-tui-72011db80cc175ea-authenticated-registry-1  Healthy
 Container wamn-generated-tui-72011db80cc175ea-[redacted]-route-postgres-1  Healthy
