2026-09-11T02:37:57.740101Z  INFO native descriptor limits initialized descriptor_soft_limit=Some(2147483584) default_max_connections=32768 default_max_http_ingress_connections=32768
2026-09-11T02:37:57.892707Z  INFO connected to NATS
2026-09-11T02:37:57.893060Z  INFO host memory resolved max_guest_memory=4GiB guest_memory_mode="count" default_heap_memory=256MiB core_instances=512 memories=512 pool_reservation=128GiB
2026-09-11T02:37:57.927817Z  INFO wiring activation doorbell listening; dropped every cached pointer channel="wamn_wiring_activation" dropped=0
2026-09-11T02:37:58.106466Z  INFO release component pull completed component_digest=sha256:d69ad067860bbc9cccf0c843475b75211ac7e9ce6e7e05a9d3a50918753a66ec component_bytes=445469 elapsed_ms=59
2026-09-11T02:37:58.117796Z  INFO release component pull completed component_digest=sha256:a092149c1c8df8b4f74babf64122f9747d15d7b1a78b82b35cb6e496f98fd9a1 component_bytes=672722 elapsed_ms=70
2026-09-11T02:37:59.648056Z  INFO release component compilation completed component_digest=sha256:d69ad067860bbc9cccf0c843475b75211ac7e9ce6e7e05a9d3a50918753a66ec compile_ms=1541 compile_wall_ms=1541
2026-09-11T02:37:59.683230Z  INFO release component compilation completed component_digest=sha256:a092149c1c8df8b4f74babf64122f9747d15d7b1a78b82b35cb6e496f98fd9a1 compile_ms=1563 compile_wall_ms=1565
2026-09-11T02:37:59.684812Z  WARN wamn.component.linker_setup:wamn.linker.register: component imports wamn:postgres but sets no wamn.tenant; calls will be refused component="receiving#0"
2026-09-11T02:37:59.685542Z  INFO release component instantiation completed component_digest=sha256:a092149c1c8df8b4f74babf64122f9747d15d7b1a78b82b35cb6e496f98fd9a1 elapsed_ms=2 total_elapsed_ms=1638
2026-09-11T02:37:59.686812Z  WARN wamn.component.linker_setup:wamn.linker.register: component imports wamn:postgres but sets no wamn.tenant; calls will be refused component="client_acme_receiving#1"
2026-09-11T02:37:59.687570Z  INFO release component instantiation completed component_digest=sha256:d69ad067860bbc9cccf0c843475b75211ac7e9ce6e7e05a9d3a50918753a66ec elapsed_ms=1 total_elapsed_ms=1640
2026-09-11T02:37:59.687787Z  INFO synchronous release preload completed synchronous_wirings=13 component_digests=2 elapsed_ms=1766
2026-09-11T02:37:59.688029Z  INFO release preload completed; component cache warm
2026-09-11T02:37:59.702810Z  INFO wamn-host starting (base plugins: wasi:config, wamn:logging, wasi:otel, wamn:postgres, wamn:jetstream, wamn:flow-http-routing) router_delivery=true
2026-09-11T02:37:59.702840Z  INFO wamn-host welded to its release effective_release_id=1 manifest_digest=sha256:62de32341cfb39725f8e03adacb54d478e9421ae7f361384f6a86c9d8f1e829f
2026-09-11T02:37:59.702874Z  INFO HTTP server listening addr=0.0.0.0:80 protocol="HTTP"
2026-09-11T02:37:59.702898Z  INFO Starting WASI OTel plugin endpoint=http://otel-collector.wamn-system.svc.cluster.local:4317 protocol="grpc"
2026-09-11T02:37:59.702899Z  INFO probe server listening addr=0.0.0.0:8081
2026-09-11T02:37:59.703786Z  INFO WASI OTel plugin started
2026-09-11T02:37:59.704318Z  INFO Host started host_id="5be37b20-c345-4422-9039-9db1161491a0" friendly_name="amusing-sponge-6020" host_name="10.244.2.5" labels={"hostgroup": "default"} version="2.9.0" max_concurrent_starts=4
2026-09-11T02:37:59.704501Z  INFO Host provides interfaces count=10 interfaces=["wasi:cli/terminal-stdout,terminal-stdin,stdin,environment,exit,terminal-output,stdout,terminal-input,stderr,terminal-stderr@0.2.0", "wasi:clocks/wall-clock,monotonic-clock@0.2.0", "wasi:clocks/wall-time,monotonic-clock@0.2.0", "wasi:filesystem/preopens,types@0.2.0", "wasi:http/handler,types@0.3.0", "wasi:http/types,incoming-handler,outgoing-handler@0.2.0", "wasi:io/poll,streams,error@0.2.0", "wasi:random/random@0.2.0", "wasi:random/random,insecure-seed,insecure@0.2.0", "wasi:sockets/ip-name-lookup,tcp,instance-network,network,tcp-create-socket,udp,udp-create-socket@0.2.0"]
2026-09-11T02:37:59.704532Z  INFO wamn-host runtime startup completed elapsed_ms=1964 cleanup_budget_secs=51
2026-09-11T02:38:06.683236Z  INFO workload_start{workload_id=872cc54d-a0aa-4109-a6ce-1499ba4dc523 workload.name="receiving-materializer-784dd59776-5d6cbb4684" workload.namespace="wamn-receiving-postcommit"}: Starting workload workload_id="872cc54d-a0aa-4109-a6ce-1499ba4dc523" namespace="wamn-receiving-postcommit" name="receiving-materializer-784dd59776-5d6cbb4684"
wamn::materializer up: stream=EVT_acme_dev filter=evt.acme.receiving.dev.*.* tenant=receiving-route-auth batch=64 fetch_ms=500 max_deliver=5 max_sweeps=0
2026-09-11T02:38:07.605307Z  WARN wamn.component.invoke{wamn.tenant=receiving-route-auth wamn.project=receiving wamn.environment=dev wamn.wiring_id=quality_create_inspection wamn.wiring_version=1 wamn.component_digest=sha256:d69ad067860bbc9cccf0c843475b75211ac7e9ce6e7e05a9d3a50918753a66ec wamn.node_id=operation wamn.operation=client-acme-receiving:quality/create-inspection@3.0.0}:wamn.component.linker_setup:wamn.linker.register: component imports wamn:postgres but sets no wamn.tenant; calls will be refused component="client_acme_receiving#2"
2026-09-11T02:37:57.700569Z  INFO native descriptor limits initialized descriptor_soft_limit=Some(2147483584) default_max_connections=32768 default_max_http_ingress_connections=32768
2026-09-11T02:37:57.833475Z  INFO connected to NATS
2026-09-11T02:37:57.833778Z  INFO host memory resolved max_guest_memory=4GiB guest_memory_mode="count" default_heap_memory=256MiB core_instances=512 memories=512 pool_reservation=128GiB
2026-09-11T02:37:57.893175Z  INFO wiring activation doorbell listening; dropped every cached pointer channel="wamn_wiring_activation" dropped=0
2026-09-11T02:37:58.031789Z  INFO release component pull completed component_digest=sha256:d69ad067860bbc9cccf0c843475b75211ac7e9ce6e7e05a9d3a50918753a66ec component_bytes=445469 elapsed_ms=21
2026-09-11T02:37:58.035151Z  INFO release component pull completed component_digest=sha256:a092149c1c8df8b4f74babf64122f9747d15d7b1a78b82b35cb6e496f98fd9a1 component_bytes=672722 elapsed_ms=24
2026-09-11T02:37:59.193691Z  INFO release component compilation completed component_digest=sha256:a092149c1c8df8b4f74babf64122f9747d15d7b1a78b82b35cb6e496f98fd9a1 compile_ms=1157 compile_wall_ms=1158
2026-09-11T02:37:59.194629Z  WARN wamn.component.linker_setup:wamn.linker.register: component imports wamn:postgres but sets no wamn.tenant; calls will be refused component="receiving#0"
2026-09-11T02:37:59.195200Z  INFO release component instantiation completed component_digest=sha256:a092149c1c8df8b4f74babf64122f9747d15d7b1a78b82b35cb6e496f98fd9a1 elapsed_ms=1 total_elapsed_ms=1184
2026-09-11T02:37:59.228648Z  INFO release component compilation completed component_digest=sha256:d69ad067860bbc9cccf0c843475b75211ac7e9ce6e7e05a9d3a50918753a66ec compile_ms=1195 compile_wall_ms=1196
2026-09-11T02:37:59.229504Z  WARN wamn.component.linker_setup:wamn.linker.register: component imports wamn:postgres but sets no wamn.tenant; calls will be refused component="client_acme_receiving#1"
2026-09-11T02:37:59.231300Z  INFO release component instantiation completed component_digest=sha256:d69ad067860bbc9cccf0c843475b75211ac7e9ce6e7e05a9d3a50918753a66ec elapsed_ms=2 total_elapsed_ms=1220
2026-09-11T02:37:59.231519Z  INFO synchronous release preload completed synchronous_wirings=13 component_digests=2 elapsed_ms=1357
2026-09-11T02:37:59.231744Z  INFO release preload completed; component cache warm
2026-09-11T02:37:59.270448Z  INFO wamn-host starting (base plugins: wasi:config, wamn:logging, wasi:otel, wamn:postgres, wamn:jetstream, wamn:flow-http-routing) router_delivery=true
2026-09-11T02:37:59.270784Z  INFO wamn-host welded to its release effective_release_id=1 manifest_digest=sha256:62de32341cfb39725f8e03adacb54d478e9421ae7f361384f6a86c9d8f1e829f
2026-09-11T02:37:59.270976Z  INFO probe server listening addr=0.0.0.0:8081
2026-09-11T02:37:59.271165Z  INFO HTTP server listening addr=0.0.0.0:80 protocol="HTTP"
2026-09-11T02:37:59.271365Z  INFO Starting WASI OTel plugin endpoint=http://otel-collector.wamn-system.svc.cluster.local:4317 protocol="grpc"
2026-09-11T02:37:59.272601Z  INFO WASI OTel plugin started
2026-09-11T02:37:59.272910Z  INFO Host started host_id="232a3195-3e9c-4d6f-ba08-35ac0866a080" friendly_name="satisfying-twist-9946" host_name="10.244.1.6" labels={"hostgroup": "default"} version="2.9.0" max_concurrent_starts=4
2026-09-11T02:37:59.273242Z  INFO Host provides interfaces count=10 interfaces=["wasi:cli/terminal-stdout,terminal-input,stdout,terminal-stderr,stdin,environment,terminal-output,terminal-stdin,exit,stderr@0.2.0", "wasi:clocks/wall-clock,monotonic-clock@0.2.0", "wasi:clocks/monotonic-clock,wall-time@0.2.0", "wasi:filesystem/types,preopens@0.2.0", "wasi:http/handler,types@0.3.0", "wasi:http/outgoing-handler,types,incoming-handler@0.2.0", "wasi:io/poll,error,streams@0.2.0", "wasi:random/insecure-seed,insecure,random@0.2.0", "wasi:random/random@0.2.0", "wasi:sockets/instance-network,tcp,udp,udp-create-socket,network,ip-name-lookup,tcp-create-socket@0.2.0"]
2026-09-11T02:37:59.273643Z  INFO wamn-host runtime startup completed elapsed_ms=1573 cleanup_budget_secs=51
2026-09-11T02:37:57.819771Z  INFO native descriptor limits initialized descriptor_soft_limit=Some(2147483584) default_max_connections=32768 default_max_http_ingress_connections=32768
2026-09-11T02:37:57.942851Z  INFO connected to NATS
2026-09-11T02:37:57.943246Z  INFO host memory resolved max_guest_memory=4GiB guest_memory_mode="count" default_heap_memory=256MiB core_instances=512 memories=512 pool_reservation=128GiB
2026-09-11T02:37:57.980763Z  INFO wiring activation doorbell listening; dropped every cached pointer channel="wamn_wiring_activation" dropped=0
2026-09-11T02:37:58.226842Z  INFO release component pull completed component_digest=sha256:d69ad067860bbc9cccf0c843475b75211ac7e9ce6e7e05a9d3a50918753a66ec component_bytes=445469 elapsed_ms=74
2026-09-11T02:37:58.229799Z  INFO release component pull completed component_digest=sha256:a092149c1c8df8b4f74babf64122f9747d15d7b1a78b82b35cb6e496f98fd9a1 component_bytes=672722 elapsed_ms=78
2026-09-11T02:37:59.833659Z  INFO release component compilation completed component_digest=sha256:d69ad067860bbc9cccf0c843475b75211ac7e9ce6e7e05a9d3a50918753a66ec compile_ms=1606 compile_wall_ms=1606
2026-09-11T02:37:59.846891Z  INFO release component compilation completed component_digest=sha256:a092149c1c8df8b4f74babf64122f9747d15d7b1a78b82b35cb6e496f98fd9a1 compile_ms=1615 compile_wall_ms=1617
2026-09-11T02:37:59.847494Z  WARN wamn.component.linker_setup:wamn.linker.register: component imports wamn:postgres but sets no wamn.tenant; calls will be refused component="receiving#0"
2026-09-11T02:37:59.848029Z  INFO release component instantiation completed component_digest=sha256:a092149c1c8df8b4f74babf64122f9747d15d7b1a78b82b35cb6e496f98fd9a1 elapsed_ms=1 total_elapsed_ms=1696
2026-09-11T02:37:59.848722Z  WARN wamn.component.linker_setup:wamn.linker.register: component imports wamn:postgres but sets no wamn.tenant; calls will be refused component="client_acme_receiving#1"
2026-09-11T02:37:59.849018Z  INFO release component instantiation completed component_digest=sha256:d69ad067860bbc9cccf0c843475b75211ac7e9ce6e7e05a9d3a50918753a66ec elapsed_ms=0 total_elapsed_ms=1696
2026-09-11T02:37:59.849054Z  INFO synchronous release preload completed synchronous_wirings=13 component_digests=2 elapsed_ms=1874
2026-09-11T02:37:59.849191Z  INFO release preload completed; component cache warm
2026-09-11T02:37:59.859742Z  INFO wamn-host starting (base plugins: wasi:config, wamn:logging, wasi:otel, wamn:postgres, wamn:jetstream, wamn:flow-http-routing) router_delivery=true
2026-09-11T02:37:59.859912Z  INFO wamn-host welded to its release effective_release_id=1 manifest_digest=sha256:62de32341cfb39725f8e03adacb54d478e9421ae7f361384f6a86c9d8f1e829f
2026-09-11T02:37:59.859982Z  INFO HTTP server listening addr=0.0.0.0:80 protocol="HTTP"
2026-09-11T02:37:59.859998Z  INFO probe server listening addr=0.0.0.0:8081
2026-09-11T02:37:59.860017Z  INFO Starting WASI OTel plugin endpoint=http://otel-collector.wamn-system.svc.cluster.local:4317 protocol="grpc"
2026-09-11T02:37:59.860864Z  INFO WASI OTel plugin started
2026-09-11T02:37:59.860895Z  INFO Host started host_id="ba23cb4f-0030-4259-bcf6-1ed16f9b6927" friendly_name="possessive-direction-0277" host_name="10.244.2.6" labels={"hostgroup": "default"} version="2.9.0" max_concurrent_starts=4
2026-09-11T02:37:59.861055Z  INFO Host provides interfaces count=10 interfaces=["wasi:cli/environment,terminal-output,terminal-stdout,stderr,stdin,exit,terminal-stdin,stdout,terminal-input,terminal-stderr@0.2.0", "wasi:clocks/monotonic-clock,wall-clock@0.2.0", "wasi:clocks/wall-time,monotonic-clock@0.2.0", "wasi:filesystem/preopens,types@0.2.0", "wasi:http/types,incoming-handler,outgoing-handler@0.2.0", "wasi:http/types,handler@0.3.0", "wasi:io/streams,poll,error@0.2.0", "wasi:random/insecure-seed,insecure,random@0.2.0", "wasi:random/random@0.2.0", "wasi:sockets/udp-create-socket,tcp,udp,ip-name-lookup,instance-network,network,tcp-create-socket@0.2.0"]
2026-09-11T02:37:59.861090Z  INFO wamn-host runtime startup completed elapsed_ms=2041 cleanup_budget_secs=51
2026-09-11T02:38:03.970039Z  INFO workload_start{workload_id=3e0d6f28-0db3-4e74-b143-50ac9152baba workload.name="flow-http-7d5bc9b8ff-57896784cc" workload.namespace="wamn-receiving-postcommit"}: Starting workload workload_id="3e0d6f28-0db3-4e74-b143-50ac9152baba" namespace="wamn-receiving-postcommit" name="flow-http-7d5bc9b8ff-57896784cc"
2026-09-11T02:38:07.276795Z  WARN handle_http_request{http.method=POST http.uri=/acme/purchase_order/update http.host=receiving.localhost http.request.method=POST url.path=/acme/purchase_order/update server.address="receiving.localhost"}:invoke_component_handler{workload.name="flow-http-7d5bc9b8ff-57896784cc" workload.namespace="wamn-receiving-postcommit" workload.id="3e0d6f28-0db3-4e74-b143-50ac9152baba"}:wamn.component.invoke{wamn.tenant=receiving-route-auth wamn.project=receiving wamn.environment=dev wamn.wiring_id=purchase_order_update wamn.wiring_version=1 wamn.component_digest=sha256:d69ad067860bbc9cccf0c843475b75211ac7e9ce6e7e05a9d3a50918753a66ec wamn.node_id=operation wamn.operation=client-acme-receiving:purchase-order/update@3.0.0 wamn.caller_principal_id="89b84565-4cfd-4335-a8c8-b5c292981ea9" wamn.caller_credential_kind="pat"}:wamn.component.linker_setup:wamn.linker.register: component imports wamn:postgres but sets no wamn.tenant; calls will be refused component="client_acme_receiving#2"
2026-09-11T02:38:07.303195Z  WARN handle_http_request{http.method=POST http.uri=/acme/receiving/record_receipt http.host=receiving.localhost http.request.method=POST url.path=/acme/receiving/record_receipt server.address="receiving.localhost"}:invoke_component_handler{workload.name="flow-http-7d5bc9b8ff-57896784cc" workload.namespace="wamn-receiving-postcommit" workload.id="3e0d6f28-0db3-4e74-b143-50ac9152baba"}:wamn.component.invoke{wamn.tenant=receiving-route-auth wamn.project=receiving wamn.environment=dev wamn.wiring_id=receiving_record_receipt wamn.wiring_version=1 wamn.component_digest=sha256:d69ad067860bbc9cccf0c843475b75211ac7e9ce6e7e05a9d3a50918753a66ec wamn.node_id=operation wamn.operation=client-acme-receiving:receiving/record-receipt@3.0.0 wamn.caller_principal_id="89b84565-4cfd-4335-a8c8-b5c292981ea9" wamn.caller_credential_kind="pat"}:wamn.component.linker_setup:wamn.linker.register: component imports wamn:postgres but sets no wamn.tenant; calls will be refused component="client_acme_receiving#3"
2026-09-11T02:38:07.303691Z  WARN handle_http_request{http.method=POST http.uri=/acme/receiving/record_receipt http.host=receiving.localhost http.request.method=POST url.path=/acme/receiving/record_receipt server.address="receiving.localhost"}:invoke_component_handler{workload.name="flow-http-7d5bc9b8ff-57896784cc" workload.namespace="wamn-receiving-postcommit" workload.id="3e0d6f28-0db3-4e74-b143-50ac9152baba"}:wamn.component.invoke{wamn.tenant=receiving-route-auth wamn.project=receiving wamn.environment=dev wamn.wiring_id=receiving_record_receipt wamn.wiring_version=1 wamn.component_digest=sha256:d69ad067860bbc9cccf0c843475b75211ac7e9ce6e7e05a9d3a50918753a66ec wamn.node_id=operation wamn.operation=client-acme-receiving:receiving/record-receipt@3.0.0 wamn.caller_principal_id="89b84565-4cfd-4335-a8c8-b5c292981ea9" wamn.caller_credential_kind="pat"}:wamn.component.linker_setup:wamn.linker.register: component imports wamn:postgres but sets no wamn.tenant; calls will be refused component="receiving#4"
