2026-09-11T21:55:14.237324Z  INFO wamn_cdc_reader: registration loaded publication="wamn_cdc_acme__receiving__dev__0yq3wf4c" slot="wamn_cdc_acme__receiving__dev__0yq3wf4c" stream="EVT_4_acme_9_receiving_3_dev"
2026-09-11T21:55:14.238945Z  INFO async_nats::connector: connected successfully server=4222 max_payload=1048576
2026-09-11T21:55:14.276544Z  INFO wamn_cdc_reader: preflight: slot healthy (resume position = confirmed LSN) slot="wamn_cdc_acme__receiving__dev__0yq3wf4c" active=false confirmed_flush_lsn="0/3AA3EF8" wal_status="reserved"
2026-09-11T21:55:14.276609Z  INFO pg_walstream::stream: Creating logical replication stream with retry support
2026-09-11T21:55:14.276634Z  INFO pg_walstream::retry: Attempting to connect to PostgreSQL with retry logic
2026-09-11T21:55:14.315843Z  INFO pg_walstream::retry: Successfully connected to PostgreSQL on attempt 1 after 39.183845ms
2026-09-11T21:55:14.315913Z  INFO pg_walstream::stream: Starting logical replication stream
2026-09-11T21:55:14.315922Z  INFO pg_walstream::stream: Initializing replication stream
2026-09-11T21:55:14.316087Z  INFO pg_walstream::stream: System identification successful
2026-09-11T21:55:14.316107Z  INFO pg_walstream::stream: Creating replication slot: wamn_cdc_acme__receiving__dev__0yq3wf4c
2026-09-11T21:55:14.316553Z  WARN pg_walstream::stream: Replication slot already exists, continuing
2026-09-11T21:55:14.316567Z  INFO pg_walstream::stream: Replication stream initialized
2026-09-11T21:55:14.317050Z  INFO pg_walstream::stream: Logical replication started with LSN: 0/0
2026-09-11T21:55:14.317074Z  INFO wamn_cdc_reader: walsender session open; draining reopens=0
2026-09-11T21:55:44.325921Z  INFO pg_walstream::connection::native::connection: Sent standby status update: received=0/3C7FC88, flushed=0/0, applied=0/0, reply_requested=false
2026-09-11T21:56:14.326906Z  INFO pg_walstream::connection::native::connection: Sent standby status update: received=0/40EDDF8, flushed=0/0, applied=0/0, reply_requested=false
2026-09-11T21:56:30.484684Z  INFO wamn_cdc_reader: entity resolved table=purchase_order relation_oid=18612 package_id="wamn_receiving" entity="purchase_order"
2026-09-11T21:56:30.558427Z  INFO wamn_cdc_reader: CDC exclusion resolved table=record_receipt_command relation_oid=18663 package_id="wamn_receiving" relation="record_receipt_command"
2026-09-11T21:56:30.595232Z  INFO wamn_cdc_reader: entity resolved table=receipt relation_oid=18681 package_id="wamn_receiving" entity="receipt"
2026-09-11T21:56:30.634687Z  INFO wamn_cdc_reader: entity resolved table=receipt_line relation_oid=18710 package_id="wamn_receiving" entity="receipt_line"
2026-09-11T21:56:30.677464Z  INFO wamn_cdc_reader: entity resolved table=purchase_order_line relation_oid=18634 package_id="wamn_receiving" entity="purchase_order_line"
2026-09-11T21:56:30.678226Z  INFO wamn::event_reader: CDC exclusions committed excluded_by_relation={"wamn_receiving::record_receipt_command": 2}
2026-09-11T21:56:30.740962Z  INFO wamn_cdc_reader: entity resolved table=quality_inspection relation_oid=18766 package_id="client_acme_receiving" entity="quality_inspection"
2026-09-11T21:56:44.335927Z  INFO pg_walstream::connection::native::connection: Sent standby status update: received=0/40F17A0, flushed=0/40F1178, applied=0/40F1178, reply_requested=false
2026-09-11T21:57:14.339002Z  INFO pg_walstream::connection::native::connection: Sent standby status update: received=0/40F18A8, flushed=0/40F1178, applied=0/40F1178, reply_requested=false
2026-09-11T21:57:25.751838Z  INFO pg_walstream::connection::native::connection: Sent standby status update: received=0/40F1DF0, flushed=0/40F1B48, applied=0/40F1B48, reply_requested=false
2026-09-11T21:57:55.755943Z  INFO pg_walstream::connection::native::connection: Sent standby status update: received=0/40F5568, flushed=0/40F1B48, applied=0/40F1B48, reply_requested=false
2026-09-11T21:58:25.756562Z  INFO pg_walstream::connection::native::connection: Sent standby status update: received=0/40F6000, flushed=0/40F1B48, applied=0/40F1B48, reply_requested=false
2026-09-11T21:58:55.778884Z  INFO pg_walstream::connection::native::connection: Sent standby status update: received=0/40F6B00, flushed=0/40F1B48, applied=0/40F1B48, reply_requested=false
2026-09-11T21:59:23.010459Z  INFO wamn::event_reader: CDC exclusions committed excluded_by_relation={"wamn_receiving::record_receipt_command": 4}
2026-09-11T21:59:23.133530Z  INFO wamn::event_reader: CDC exclusions committed excluded_by_relation={"wamn_receiving::record_receipt_command": 6}
2026-09-11T21:59:25.781251Z  INFO pg_walstream::connection::native::connection: Sent standby status update: received=0/40F8F80, flushed=0/40F8DA0, applied=0/40F8DA0, reply_requested=false
2026-09-11T21:59:39.317493Z  INFO wamn::event_reader: drain summary commits=15 events_published=21 deduped=0 excluded_by_relation={"wamn_receiving::record_receipt_command": 6} ending="shutdown"
2026-09-11T21:59:39.317600Z  INFO pg_walstream::connection::native::connection: Sent standby status update: received=0/40F9568, flushed=0/40F9540, applied=0/40F9540, reply_requested=false
2026-09-11T21:59:39.317622Z  INFO pg_walstream::stream: Stopping logical replication stream (last received LSN: 0/40F9568)
2026-09-11T21:59:39.317629Z  INFO wamn_cdc_reader: shutdown requested; exiting cleanly reopens=0 commits=15
