{
  "summary": {
    "successRate": 1.0,
    "total": 10.002576678,
    "slowest": 0.006034615,
    "fastest": 0.000225076,
    "average": 0.0005030225786355732,
    "requestsPerSec": 7881.569173410539,
    "totalData": 2837952,
    "sizePerRequest": 36,
    "sizePerSec": 283722.0939522399
  },
  "metrics": {
    "success_rate": 1.0,
    "requests_per_sec": 7881.569173410539,
    "latency_ms": {
      "min": 0.225,
      "mean": 0.503,
      "p50": 0.458,
      "p95": 0.783,
      "p99": 1.225,
      "max": 6.035
    }
  },
  "responseTimeHistogram": {
    "0.000225076": 1,
    "0.0008060299000000001": 75265,
    "0.0013869838000000001": 3081,
    "0.0019679377": 341,
    "0.0025488916": 86,
    "0.0031298455": 27,
    "0.0037107994": 15,
    "0.0042917533": 9,
    "0.0048727072000000005": 3,
    "0.005453661100000001": 3,
    "0.006034615000000001": 1
  },
  "latencyPercentiles": {
    "p10": 0.000388545,
    "p25": 0.00041896,
    "p50": 0.000457968,
    "p75": 0.000520269,
    "p90": 0.000653385,
    "p95": 0.000783167,
    "p99": 0.00122542,
    "p99.9": 0.002295264,
    "p99.99": 0.004195095
  },
  "firstByteHistogram": {
    "0.000223282": 1,
    "0.0008037281": 75335,
    "0.0013841742": 3019,
    "0.0019646203": 335,
    "0.0025450664": 85,
    "0.0031255125": 26,
    "0.0037059586": 15,
    "0.0042864047": 9,
    "0.0048668508": 3,
    "0.0054472969": 3,
    "0.006027743": 1
  },
  "firstBytePercentiles": {
    "p10": 0.000383727,
    "p25": 0.000414041,
    "p50": 0.000452744,
    "p75": 0.000514688,
    "p90": 0.00064719,
    "p95": 0.000776552,
    "p99": 0.001214785,
    "p99.9": 0.002289044,
    "p99.99": 0.004186393
  },
  "rps": {
    "mean": 7879.398702401062,
    "stddev": 980.3865728855501,
    "max": 10131.17952561563,
    "min": 3410.1643358191714,
    "percentiles": {
      "p10": 6532.256937985434,
      "p25": 7466.526000007781,
      "p50": 8061.764401787785,
      "p75": 8540.163927932268,
      "p90": 8894.56254166189,
      "p95": 9112.336280856542,
      "p99": 9482.863751436644,
      "p99.9": 10114.034730179299,
      "p99.99": 10131.17952561563
    }
  },
  "details": {
    "DNSDialup": {
      "average": 0.00036305250000000005,
      "fastest": 0.000340241,
      "slowest": 0.000390332
    },
    "DNSLookup": {
      "average": 0.000066291,
      "fastest": 0.000049116,
      "slowest": 0.000086215
    },
    "firstByte": {
      "average": 0.0004976278536000572,
      "fastest": 0.000223282,
      "slowest": 0.006027743
    }
  },
  "statusCodeDistribution": {
    "404": 78832
  },
  "errorDistribution": {
    "aborted due to deadline": 4
  }
}