{
  "summary": {
    "successRate": 1.0,
    "total": 10.006648824,
    "slowest": 0.023360672,
    "fastest": 0.000288862,
    "average": 0.0048408036013631375,
    "requestsPerSec": 13201.62247356588,
    "totalData": 4753440,
    "sizePerRequest": 36,
    "sizePerSec": 475028.16213549173
  },
  "metrics": {
    "success_rate": 1.0,
    "requests_per_sec": 13201.62247356588,
    "latency_ms": {
      "min": 0.289,
      "mean": 4.841,
      "p50": 4.719,
      "p95": 8.274,
      "p99": 10.342,
      "max": 23.361
    }
  },
  "responseTimeHistogram": {
    "0.000288862": 1,
    "0.0025960429999999997": 15433,
    "0.004903223999999999": 55726,
    "0.007210404999999999": 45887,
    "0.009517585999999998": 12545,
    "0.011824767": 1966,
    "0.014131947999999998": 364,
    "0.016439129": 75,
    "0.01874631": 26,
    "0.021053490999999997": 11,
    "0.023360672": 6
  },
  "latencyPercentiles": {
    "p10": 0.00243321,
    "p25": 0.003500741,
    "p50": 0.004718788,
    "p75": 0.00604729,
    "p90": 0.007380113,
    "p95": 0.008274144,
    "p99": 0.01034193,
    "p99.9": 0.013910725,
    "p99.99": 0.019248238
  },
  "firstByteHistogram": {
    "0.000286017": 1,
    "0.0025855748": 15429,
    "0.004885132600000001": 55537,
    "0.007184690400000001": 45970,
    "0.0094842482": 12652,
    "0.011783806": 1968,
    "0.0140833638": 370,
    "0.0163829216": 70,
    "0.0186824794": 26,
    "0.0209820372": 11,
    "0.023281595000000002": 6
  },
  "firstBytePercentiles": {
    "p10": 0.002421952,
    "p25": 0.003489932,
    "p50": 0.004707491,
    "p75": 0.006035192,
    "p90": 0.007364649,
    "p95": 0.008257519,
    "p99": 0.010310525,
    "p99.9": 0.013828512,
    "p99.99": 0.019233247
  },
  "rps": {
    "mean": 13199.788974886706,
    "stddev": 1955.5559005985115,
    "max": 19509.440155496264,
    "min": 5443.023373388951,
    "percentiles": {
      "p10": 10749.677484559703,
      "p25": 12115.203368707684,
      "p50": 13378.779289771304,
      "p75": 14159.102927439486,
      "p90": 15094.982156221567,
      "p95": 16873.319635813623,
      "p99": 18361.481888617735,
      "p99.9": 19301.504682977386,
      "p99.99": 19509.440155496264
    }
  },
  "details": {
    "DNSDialup": {
      "average": 0.0026805696093749995,
      "fastest": 0.000433691,
      "slowest": 0.0039166
    },
    "DNSLookup": {
      "average": 0.000030077546875,
      "fastest": 0.00001278,
      "slowest": 0.000088405
    },
    "firstByte": {
      "average": 0.004828308915411955,
      "fastest": 0.000286017,
      "slowest": 0.023281595
    }
  },
  "statusCodeDistribution": {
    "404": 132040
  },
  "errorDistribution": {
    "aborted due to deadline": 64
  }
}