{
  "summary": {
    "successRate": 1.0,
    "total": 10.00386368,
    "slowest": 0.020906629,
    "fastest": 0.000294264,
    "average": 0.0024425362893519464,
    "requestsPerSec": 13075.647988038158,
    "totalData": 4707900,
    "sizePerRequest": 36,
    "sizePerSec": 470608.1720617768
  },
  "metrics": {
    "success_rate": 1.0,
    "requests_per_sec": 13075.647988038158,
    "latency_ms": {
      "min": 0.294,
      "mean": 2.443,
      "p50": 2.38,
      "p95": 4.08,
      "p99": 5.384,
      "max": 20.907
    }
  },
  "responseTimeHistogram": {
    "0.000294264": 1,
    "0.0023555004999999997": 64000,
    "0.004416737": 62721,
    "0.0064779734999999995": 3512,
    "0.00853921": 382,
    "0.010600446500000001": 74,
    "0.012661683": 44,
    "0.014722919499999999": 24,
    "0.016784155999999998": 8,
    "0.0188453925": 3,
    "0.020906629": 6
  },
  "latencyPercentiles": {
    "p10": 0.001246648,
    "p25": 0.001780429,
    "p50": 0.002379522,
    "p75": 0.003010856,
    "p90": 0.003648696,
    "p95": 0.004080464,
    "p99": 0.005383717,
    "p99.9": 0.009090259,
    "p99.99": 0.015499891
  },
  "firstByteHistogram": {
    "0.000286514": 1,
    "0.0023398140999999996": 63648,
    "0.004393114199999999": 63077,
    "0.006446414299999999": 3528,
    "0.008499714399999999": 368,
    "0.010553014499999997": 70,
    "0.012606314599999998": 44,
    "0.014659614699999999": 24,
    "0.0167129148": 6,
    "0.018766214899999998": 3,
    "0.020819514999999997": 6
  },
  "firstBytePercentiles": {
    "p10": 0.001238817,
    "p25": 0.001771395,
    "p50": 0.002369549,
    "p75": 0.002998758,
    "p90": 0.00363406,
    "p95": 0.004062025,
    "p99": 0.00532957,
    "p99.9": 0.009027822,
    "p99.99": 0.015446807
  },
  "rps": {
    "mean": 13072.017261713496,
    "stddev": 1850.9376006868918,
    "max": 18826.60073172717,
    "min": 3712.4478375995727,
    "percentiles": {
      "p10": 10895.430242720444,
      "p25": 12227.340332983726,
      "p50": 13271.40146703302,
      "p75": 14085.56983675837,
      "p90": 14980.060935670741,
      "p95": 15806.05387971648,
      "p99": 17266.857556855437,
      "p99.9": 18737.86360097847,
      "p99.99": 18826.60073172717
    }
  },
  "details": {
    "DNSDialup": {
      "average": 0.0021946873125,
      "fastest": 0.000443386,
      "slowest": 0.004589649
    },
    "DNSLookup": {
      "average": 0.00003604228124999999,
      "fastest": 0.000020653,
      "slowest": 0.000108696
    },
    "firstByte": {
      "average": 0.0024308910220148965,
      "fastest": 0.000286514,
      "slowest": 0.020819515
    }
  },
  "statusCodeDistribution": {
    "404": 130775
  },
  "errorDistribution": {
    "aborted due to deadline": 32
  }
}