{
  "summary": {
    "successRate": 1.0,
    "total": 10.002814601,
    "slowest": 0.039815831,
    "fastest": 0.006577826,
    "average": 0.02345748433712647,
    "requestsPerSec": 1364.9158306538125,
    "totalData": 3922848,
    "sizePerRequest": 288,
    "sizePerSec": 392174.41854893777
  },
  "metrics": {
    "success_rate": 1.0,
    "requests_per_sec": 1364.9158306538125,
    "latency_ms": {
      "min": 6.578,
      "mean": 23.457,
      "p50": 23.158,
      "p95": 29.884,
      "p99": 33.428,
      "max": 39.816
    }
  },
  "responseTimeHistogram": {
    "0.006577826": 1,
    "0.0099016265": 5,
    "0.013225427000000001": 12,
    "0.0165492275": 174,
    "0.019873028": 1433,
    "0.023196828500000002": 5263,
    "0.026520629000000004": 4682,
    "0.0298444295": 1359,
    "0.03316823": 536,
    "0.0364920305": 123,
    "0.039815831": 33
  },
  "latencyPercentiles": {
    "p10": 0.019527202,
    "p25": 0.021363517,
    "p50": 0.023158139,
    "p75": 0.025211665,
    "p90": 0.027747495,
    "p95": 0.029883597,
    "p99": 0.033428411,
    "p99.9": 0.037644493,
    "p99.99": 0.038804315
  },
  "firstByteHistogram": {
    "0.006565833": 1,
    "0.0098902944": 5,
    "0.0132147558": 12,
    "0.0165392172": 174,
    "0.0198636786": 1435,
    "0.02318814": 5267,
    "0.026512601400000002": 4678,
    "0.0298370628": 1357,
    "0.0331615242": 536,
    "0.0364859856": 123,
    "0.039810447": 33
  },
  "firstBytePercentiles": {
    "p10": 0.019511703,
    "p25": 0.021355928,
    "p50": 0.023146276,
    "p75": 0.025200044,
    "p90": 0.027736983,
    "p95": 0.029877818,
    "p99": 0.033422673,
    "p99.9": 0.037638941,
    "p99.99": 0.038798198
  },
  "rps": {
    "mean": 1361.6682560868996,
    "stddev": 451.50538695728363,
    "max": 2827.2452051280575,
    "min": 302.49680865862666,
    "percentiles": {
      "p10": 804.8219296269438,
      "p25": 1022.3063845419181,
      "p50": 1338.6357036795175,
      "p75": 1676.754264850671,
      "p90": 1942.3971039413964,
      "p95": 2132.9437426945874,
      "p99": 2565.23103697567,
      "p99.9": 2791.0319491754576,
      "p99.99": 2827.2452051280575
    }
  },
  "details": {
    "DNSDialup": {
      "average": 0.0013840364062500002,
      "fastest": 0.000599708,
      "slowest": 0.002439908
    },
    "DNSLookup": {
      "average": 0.000051699218749999994,
      "fastest": 0.000026178,
      "slowest": 0.000199092
    },
    "firstByte": {
      "average": 0.02344556777299757,
      "fastest": 0.006565833,
      "slowest": 0.039810447
    }
  },
  "statusCodeDistribution": {
    "200": 13621
  },
  "errorDistribution": {
    "aborted due to deadline": 32
  }
}