   Compiling hashbrown v0.17.1
   Compiling tokio v1.53.1
   Compiling indexmap v2.14.0
   Compiling tracing v0.1.44
   Compiling wasmtime-internal-core v47.0.4
   Compiling wasmparser v0.252.0
   Compiling tokio-util v0.7.19
   Compiling cranelift-bitset v0.134.4
   Compiling cranelift-entity v0.134.4
   Compiling wasm-encoder v0.252.0
   Compiling gimli v0.33.0
   Compiling h2 v0.4.19
   Compiling rustls v0.23.43
   Compiling cranelift-bforest v0.134.4
   Compiling hyper v1.11.0
   Compiling tokio-rustls v0.26.4
   Compiling regalloc2 v0.15.2
   Compiling wasmprinter v0.252.0
   Compiling object v0.39.1
   Compiling tower v0.5.3
   Compiling hyper-util v0.1.20
   Compiling pulley-interpreter v47.0.4
   Compiling wasmtime-environ v47.0.4
   Compiling cranelift-codegen v0.134.4
   Compiling tokio-stream v0.1.19
   Compiling opentelemetry v0.31.0
   Compiling wasmtime-internal-cache v47.0.4
   Compiling wasmtime-internal-fiber v47.0.4
   Compiling addr2line v0.26.1
   Compiling wasmtime-internal-jit-icache-coherence v47.0.4
   Compiling wasmparser v0.253.0
   Compiling axum v0.8.9
   Compiling wasmtime-internal-unwinder v47.0.4
   Compiling cranelift-frontend v0.134.4
   Compiling cranelift-native v0.134.4
   Compiling wasmtime-internal-cranelift v47.0.4
