warning: function `canonical_serialized` is never used
   --> crates/catalog/model/src/lib.rs:800:4
    |
800 | fn canonical_serialized(value: &impl Serialize) -> Vec<u8> {
    |    ^^^^^^^^^^^^^^^^^^^^
    |
    = note: `#[warn(dead_code)]` (part of `#[warn(unused)]`) on by default

warning: `wamn-catalog` (lib) generated 1 warning
   Compiling wamn-control-provision v0.1.0 (/home/kaalin/.cache/wamn-lanes/consolidation-sql-package-20260912/crates/control/provision)
   Compiling wamn-schema-control v0.1.0 (/home/kaalin/.cache/wamn-lanes/consolidation-sql-package-20260912/crates/schema/control)
   Compiling wamn-runtime v0.1.0 (/home/kaalin/.cache/wamn-lanes/consolidation-sql-package-20260912/crates/platform/runtime)
warning: the item `Future` is imported redundantly
 --> crates/platform/runtime/src/connection_authority.rs:3:5
  |
3 | use std::future::Future;
  |     ^^^^^^^^^^^^^^^^^^^
  |
 --> /rustc/88d9e12ae178fab0fb5cc050a94da85685d449ea/library/std/src/prelude/mod.rs:166:12
  |
  = note: the item `Future` is already defined here
  |
  = note: requested on the command line with `-W redundant-imports`

warning: constant `HTTP_CONTRACT` is never used
  --> crates/platform/runtime/src/plugins/connection_http.rs:56:7
   |
56 | const HTTP_CONTRACT: &str = "wamn:connection/http@0.1.0";
   |       ^^^^^^^^^^^^^
   |
   = note: `#[warn(dead_code)]` (part of `#[warn(unused)]`) on by default

warning: type does not implement `std::fmt::Debug`; consider adding `#[derive(Debug)]` or a manual implementation
   --> crates/platform/runtime/src/plugins/connection_http.rs:131:1
    |
131 | / pub struct ConnectionHttp {
132 | |     postgres: Arc<WamnPostgres>,
133 | |     transport: Arc<HttpTransport>,
134 | |     vault: Arc<WamnCredentials>,
...   |
151 | |     invocations: std::sync::RwLock<HashMap<String, ConnectionInvocation>>,
152 | | }
    | |_^
    |
    = note: requested on the command line with `-W missing-debug-implementations`

warning: type does not implement `std::fmt::Debug`; consider adding `#[derive(Debug)]` or a manual implementation
  --> crates/platform/runtime/src/plugins/wamn_credentials.rs:27:1
   |
27 | / pub struct WamnCredentials {
28 | |     /// Whether ANY backing source was configured. Distinguishes `unavailable`
29 | |     /// (no source — retryable) from `not-found` (source present, name absent —
30 | |     /// config-shaped).
...  |
33 | |     projects: HashMap<String, HashMap<String, String>>,
34 | | }
   | |_^

warning: type does not implement `std::fmt::Debug`; consider adding `#[derive(Debug)]` or a manual implementation
   --> crates/platform/runtime/src/plugins/wamn_jetstream.rs:507:1
    |
507 | / pub struct WamnJetstream {
508 | |     nats_url: Option<String>,
509 | |     stream_replicas: Option<usize>,
510 | |     dup_window_secs: Option<u64>,
...   |
536 | |     release: Option<Arc<ReleaseManifestWeld>>,
537 | | }
    | |_^

warning: type does not implement `std::fmt::Debug`; consider adding `#[derive(Debug)]` or a manual implementation
   --> crates/platform/runtime/src/plugins/wamn_logging.rs:213:1
    |
213 | / pub struct Capture {
214 | |     records: std::sync::Mutex<Vec<CapturedRec>>,
215 | | }
    | |_^

warning: type does not implement `std::fmt::Debug`; consider adding `#[derive(Debug)]` or a manual implementation
   --> crates/platform/runtime/src/plugins/wamn_logging.rs:235:1
    |
235 | / pub struct WamnLogging {
236 | |     /// component id → host-trusted {tenant, project}.
237 | |     claims: std::sync::RwLock<HashMap<String, Claim>>,
238 | |     /// Bounded front queue; `try_send` keeps `log()` non-blocking.
...   |
243 | |     _drain: tokio::task::JoinHandle<()>,
244 | | }
    | |_^

warning: type does not implement `std::fmt::Debug`; consider adding `#[derive(Debug)]` or a manual implementation
   --> crates/platform/runtime/src/plugins/wamn_postgres/claims.rs:54:1
    |
 54 | / pub struct WamnPostgres {
 55 | |     /// Resolves a project id → its database connection + policy.
 56 | |     provider: Arc<dyn CredentialProvider>,
 57 | |     /// Guest-visible project pools, built lazily and never shared with host-owned
...   |
117 | |     pub(super) bind_counters: super::BindCounters,
118 | | }
    | |_^

warning: type does not implement `std::fmt::Debug`; consider adding `#[derive(Debug)]` or a manual implementation
   --> crates/platform/runtime/src/plugins/wamn_postgres/pool.rs:248:1
    |
248 | / pub struct StaticCredentialProvider {
249 | |     projects: HashMap<String, ProjectConfig>,
250 | | }
    | |_^

warning: type does not implement `std::fmt::Debug`; consider adding `#[derive(Debug)]` or a manual implementation
   --> crates/platform/runtime/src/plugins/wamn_postgres/pool.rs:423:1
    |
423 | / pub struct K8sSecretProvider {
424 | |     pub namespace: String,
425 | | }
    | |_^

warning: type does not implement `std::fmt::Debug`; consider adding `#[derive(Debug)]` or a manual implementation
   --> crates/platform/runtime/src/plugins/wamn_postgres/resources.rs:99:1
    |
 99 | / pub struct PgTransaction {
100 | |     state: SharedTxnState,
101 | |     destroyed: Arc<AtomicU64>,
102 | |     cursor_seq: u32,
103 | |     /// Row limit of the project this transaction's connection belongs to.
104 | |     row_limit: u64,
105 | | }
    | |_^

warning: type does not implement `std::fmt::Debug`; consider adding `#[derive(Debug)]` or a manual implementation
   --> crates/platform/runtime/src/plugins/wamn_postgres/resources.rs:145:1
    |
145 | / pub struct PgCursor {
146 | |     state: SharedTxnState,
147 | |     destroyed: Arc<AtomicU64>,
148 | |     name: String,
149 | | }
    | |_^

   Compiling wamn-ctl v0.1.0 (/home/kaalin/.cache/wamn-lanes/consolidation-sql-package-20260912/services/ctl)
warning: `wamn-runtime` (lib) generated 12 warnings
   Compiling wamn-execution-host v0.1.0 (/home/kaalin/.cache/wamn-lanes/consolidation-sql-package-20260912/crates/execution/host)
warning: function `run_once_stages` is never used
   --> services/ctl/src/dev.rs:604:10
    |
604 | async fn run_once_stages<R>(
    |          ^^^^^^^^^^^^^^^
    |
    = note: `#[warn(dead_code)]` (part of `#[warn(unused)]`) on by default

warning: function `verify_source_package_with_client` is never used
    --> services/ctl/src/push_component.rs:1300:10
     |
1300 | async fn verify_source_package_with_client(
     |          ^^^^^^^^^^^^^^^^^^^^^^^^^^^^^^^^^

   Compiling wamn-gate-harness v0.1.0 (/home/kaalin/.cache/wamn-lanes/consolidation-sql-package-20260912/test-support/harness)
warning: type does not implement `std::fmt::Debug`; consider adding `#[derive(Debug)]` or a manual implementation
  --> test-support/harness/src/ceiling.rs:72:1
   |
72 | / pub struct Ramp {
73 | |     tolerance: f64,
74 | |     max_levels: usize,
75 | |     levels: Vec<LevelStats>,
...  |
82 | |     retrying: bool,
83 | | }
   | |_^
   |
   = note: requested on the command line with `-W missing-debug-implementations`

warning: `wamn-ctl` (lib) generated 2 warnings
   Compiling wamn-proof-conformance v0.1.0 (/home/kaalin/.cache/wamn-lanes/consolidation-sql-package-20260912/tests/conformance)
warning: `wamn-gate-harness` (lib) generated 1 warning
    Finished `test` profile [unoptimized + debuginfo] target(s) in 7.15s
     Running tests/state_ownership.rs (target/debug/deps/state_ownership-8edf73594286dc8a)

running 31 tests
test english_prose_context_is_not_an_update ... ok
test durability_policy_projection_ownership_is_explicit_and_bounded ... ok
test control_authoring_state_ownership_is_explicit_and_bounded ... ok
test external_authority_classes_are_excluded ... ok
test an_active_relation_cannot_hold_a_forwarding_address ... ok
test conflicting_second_migration_owner_is_rejected ... ok
test grant_privilege_list_is_not_a_write ... ok
test effect_ledger_lifecycle_is_run_state_owned ... ok
test interpolated_set_clause_still_inventories_the_update ... ok
test hyphenated_error_message_literal_is_not_an_update ... ok
test host_owned_production_claim_authority_is_explicit_and_bounded ... ok
test plpgsql_trigger_operation_literal_is_not_an_update ... ok
test quoted_privilege_name_probe_is_not_a_write ... ok
test lowercase_undeclared_writer_is_rejected ... ok
test producer_side_direct_run_admission_is_rejected ... ok
test missing_scan_exclusion_path_is_rejected ... ok
test retired_relation_cannot_regain_a_static_writer ... ok
test a_retired_relation_may_have_no_static_writer_when_it_names_its_successor ... ok
test the_generic_copy_channel_declares_why_it_authors_nothing ... ok
test row_lock_clause_is_not_an_update ... ok
test trigger_event_declarations_are_not_inventoried_as_writes ... ok
test retired_relation_cannot_supersede_itself ... ok
test retired_relation_without_a_successor_is_rejected ... ok
test retired_relation_with_an_unregistered_successor_is_rejected ... ok
test unregistered_canonical_table_is_rejected ... ok
test retired_relation_cannot_forward_across_planes ... ok
test the_retired_population_is_pinned_by_the_decay_clause ... ok
test unqualified_writer_requires_declared_source_context ... ok
test undeclared_writer_is_rejected ... ok
test app_role_and_app_user_id_have_no_production_reader_while_the_claim_escape_is_open ... ok
SR28 inventoried 89 static production PostgreSQL write operations
test repository_state_ownership_manifest_is_complete ... ok

test result: ok. 31 passed; 0 failed; 0 ignored; 0 measured; 0 filtered out; finished in 0.28s

