   Compiling proc-macro2 v1.0.107
   Compiling unicode-ident v1.0.24
   Compiling quote v1.0.47
   Compiling libc v0.2.189
   Compiling cfg-if v1.0.4
   Compiling stable_deref_trait v1.2.1
   Compiling typenum v1.20.1
   Compiling memchr v2.8.3
   Compiling hybrid-array v0.4.14
   Compiling syn v3.0.4
   Compiling syn v2.0.119
   Compiling serde_core v1.0.229
   Compiling cmov v0.5.4
   Compiling ctutils v0.4.2
   Compiling block-buffer v0.12.1
   Compiling crypto-common v0.2.2
   Compiling const-oid v0.10.2
   Compiling synstructure v0.13.2
   Compiling zmij v1.0.23
   Compiling digest v0.11.3
   Compiling getrandom v0.3.4
   Compiling serde_json v1.0.151
   Compiling cpufeatures v0.3.0
   Compiling smallvec v1.15.2
   Compiling serde v1.0.229
   Compiling itoa v1.0.18
   Compiling litemap v0.8.3
   Compiling writeable v0.6.4
   Compiling zerofrom-derive v0.1.7
   Compiling yoke-derive v0.8.2
   Compiling zerofrom v0.1.8
   Compiling icu_properties_data v2.3.0
   Compiling yoke v0.8.3
   Compiling utf8_iter v1.0.4
   Compiling zerocopy v0.8.56
   Compiling icu_normalizer_data v2.3.0
   Compiling sha2 v0.11.0
   Compiling getrandom v0.4.3
   Compiling tinyvec_macros v0.1.1
   Compiling autocfg v1.5.1
   Compiling rand_core v0.10.1
   Compiling tinyvec v1.12.0
   Compiling zerovec-derive v0.11.6
   Compiling displaydoc v0.2.7
   Compiling serde_derive v1.0.229
   Compiling num-traits v0.2.19
   Compiling zerotrie v0.2.5
   Compiling zerovec v0.11.8
   Compiling percent-encoding v2.3.2
   Compiling base64 v0.22.1
   Compiling tinystr v0.8.4
   Compiling potential_utf v0.1.6
   Compiling icu_collections v2.3.0
   Compiling icu_locale_core v2.3.0
   Compiling bytes v1.12.1
   Compiling icu_provider v2.3.1
   Compiling unicode-normalization v0.1.25
   Compiling icu_normalizer v2.3.0
   Compiling icu_properties v2.3.0
   Compiling chacha20 v0.10.1
   Compiling pin-project-lite v0.2.17
   Compiling unicode-properties v0.1.4
   Compiling unicode-bidi v0.3.18
   Compiling version_check v0.9.5
   Compiling ref-cast v1.0.27
   Compiling futures-sink v0.3.34
   Compiling parking_lot_core v0.9.12
   Compiling futures-core v0.3.34
   Compiling regex-syntax v0.8.11
   Compiling ahash v0.8.12
   Compiling idna_adapter v1.2.2
   Compiling stringprep v0.1.5
   Compiling rand v0.10.2
   Compiling tokio-macros v2.7.2
   Compiling ref-cast-impl v1.0.27
   Compiling md-5 v0.11.0
   Compiling hmac v0.13.0
   Compiling serde_derive_internals v0.29.1
   Compiling mio v1.2.2
   Compiling socket2 v0.6.5
   Compiling aho-corasick v1.1.5
   Compiling schemars v0.8.22
   Compiling siphasher v1.0.3
   Compiling scopeguard v1.2.0
   Compiling fallible-iterator v0.2.0
   Compiling byteorder v1.5.0
   Compiling postgres-protocol v0.6.12
   Compiling schemars_derive v0.8.22
   Compiling regex-automata v0.4.18
   Compiling lock_api v0.4.14
   Compiling phf_shared v0.13.1
   Compiling tokio v1.53.1
   Compiling idna v1.1.0
   Compiling form_urlencoded v1.2.2
   Compiling rand_core v0.9.5
   Compiling borrow-or-share v0.2.4
   Compiling dyn-clone v1.0.20
   Compiling once_cell v1.21.4
   Compiling futures-task v0.3.34
   Compiling futures-util v0.3.34
   Compiling regex v1.13.1
   Compiling fluent-uri v0.3.2
   Compiling url v2.5.8
   Compiling tokio-util v0.7.19
   Compiling parking_lot v0.12.5
   Compiling phf v0.13.1
   Compiling postgres-types v0.2.14
   Compiling chrono v0.4.45
   Compiling futures-channel v0.3.34
   Compiling async-trait v0.1.92
   Compiling whoami v2.1.3
   Compiling appendlist v1.4.0
   Compiling anyhow v1.0.104
   Compiling log v0.4.34
   Compiling wamn-event-wire v0.1.0 (/home/kaalin/.cache/wamn-lanes/consolidation-app-names-20260911/components/events/wire)
   Compiling boon v0.6.1
   Compiling tokio-postgres v0.7.18
   Compiling wamn-execution-contract v0.1.0 (/home/kaalin/.cache/wamn-lanes/consolidation-app-names-20260911/components/execution/contract)
   Compiling ppv-lite86 v0.2.21
   Compiling wamn-component-policy v0.1.0 (/home/kaalin/.cache/wamn-lanes/consolidation-app-names-20260911/crates/platform/component-policy)
   Compiling bit-vec v0.8.0
   Compiling wamn-catalog v0.1.0 (/home/kaalin/.cache/wamn-lanes/consolidation-app-names-20260911/crates/catalog/model)
   Compiling bit-set v0.8.0
   Compiling rand_chacha v0.9.0
   Compiling rand v0.9.5
   Compiling rand_xorshift v0.4.0
   Compiling wamn-schema-introspection v0.1.0 (/home/kaalin/.cache/wamn-lanes/consolidation-app-names-20260911/crates/schema/introspection)
   Compiling bitflags v2.13.1
   Compiling unarray v0.1.4
   Compiling hex v0.4.3
warning: function `canonical_serialized` is never used
   --> crates/catalog/model/src/lib.rs:792:4
    |
792 | fn canonical_serialized(value: &impl Serialize) -> Vec<u8> {
    |    ^^^^^^^^^^^^^^^^^^^^
    |
    = note: `#[warn(dead_code)]` (part of `#[warn(unused)]`) on by default

   Compiling proptest v1.11.0
   Compiling wamn-schema-generator v0.1.0 (/home/kaalin/.cache/wamn-lanes/consolidation-app-names-20260911/crates/schema/generator)
warning: `wamn-catalog` (lib) generated 1 warning
    Finished `test` profile [unoptimized + debuginfo] target(s) in 40.55s
     Running tests/tui_emitter.rs (target/debug/deps/tui_emitter-7dacb684ee38d745)

running 12 tests
test invalid_paths_and_generated_module_collisions_are_refused ... ok
test screen_metadata_preserves_the_operation_freshness_requirement ... ok
test platform_and_revision_inputs_come_only_from_exact_declared_paths ... ok
test event_handlers_are_excluded_and_deployment_values_are_supplied_at_launch ... ok
test raw_schema_literals_preserve_quotes_without_becoming_rust_source ... ok
test queries_reference_their_own_result_schemas_and_preserve_distinct_error_cases ... ok
test screens_reference_the_same_collision_free_helpers_as_the_client ... ok
test unexposed_unsupported_and_composed_operations_keep_distinct_screens ... ok
test workspace_package_and_binary_names_keep_the_reference_crate_distinct ... ok
test two_declared_components_render_only_their_owned_operations ... FAILED
test receiving_replay_and_wms_composed_completion_use_the_served_contract ... ok
test shipped_operator_crates_are_deterministic_and_cover_each_callable_operation ... ok

failures:

---- two_declared_components_render_only_their_owned_operations stdout ----

thread 'two_declared_components_render_only_their_owned_operations' (4035257) panicked at crates/schema/generator/tests/tui_emitter.rs:163:5:
assertion `left == right` failed
  left: "wamn-receiving:location/list@1.0.0"
 right: "wamn_receiving:location/list@1.0.0"
note: run with `RUST_BACKTRACE=1` environment variable to display a backtrace


failures:
    two_declared_components_render_only_their_owned_operations

test result: FAILED. 11 passed; 1 failed; 0 ignored; 0 measured; 0 filtered out; finished in 0.09s

error: test failed, to rerun pass `-p wamn-schema-generator --test tui_emitter`
