   Compiling serde_core v1.0.229
   Compiling syn v3.0.4
   Compiling syn v2.0.119
   Compiling stable_deref_trait v1.2.1
   Compiling serde_json v1.0.151
   Compiling serde v1.0.229
   Compiling synstructure v0.13.2
   Compiling zerovec-derive v0.11.6
   Compiling displaydoc v0.2.7
   Compiling zerofrom-derive v0.1.7
   Compiling yoke-derive v0.8.2
   Compiling zerofrom v0.1.8
   Compiling serde_derive v1.0.229
   Compiling smallvec v1.15.2
   Compiling writeable v0.6.4
   Compiling yoke v0.8.3
   Compiling litemap v0.8.3
   Compiling icu_properties_data v2.3.0
   Compiling zerovec v0.11.8
   Compiling zerotrie v0.2.5
   Compiling utf8_iter v1.0.4
   Compiling icu_normalizer_data v2.3.0
   Compiling autocfg v1.5.1
   Compiling tinystr v0.8.4
   Compiling potential_utf v0.1.6
   Compiling icu_collections v2.3.0
   Compiling icu_locale_core v2.3.0
   Compiling num-traits v0.2.19
   Compiling icu_provider v2.3.1
   Compiling serde_derive_internals v0.29.1
   Compiling getrandom v0.3.4
   Compiling zerocopy v0.8.56
   Compiling schemars v0.8.22
   Compiling version_check v0.9.5
   Compiling ref-cast v1.0.27
   Compiling icu_properties v2.3.0
   Compiling icu_normalizer v2.3.0
   Compiling ahash v0.8.12
   Compiling schemars_derive v0.8.22
   Compiling chrono v0.4.45
   Compiling form_urlencoded v1.2.2
   Compiling ref-cast-impl v1.0.27
   Compiling tokio-macros v2.7.2
   Compiling aho-corasick v1.1.5
   Compiling idna_adapter v1.2.2
   Compiling idna v1.1.0
   Compiling memchr v2.8.3
   Compiling dyn-clone v1.0.20
   Compiling deunicode v1.6.2
   Compiling regex-syntax v0.8.11
   Compiling slug v0.1.6
   Compiling tokio v1.53.1
   Compiling regex-automata v0.4.18
   Compiling url v2.5.8
   Compiling parking_lot_core v0.9.12
   Compiling once_cell v1.21.4
   Compiling borrow-or-share v0.2.4
   Compiling fluent-uri v0.3.2
   Compiling wamn-execution-contract v0.1.0 (/home/kaalin/.cache/wamn-lanes/ctc8-15-session-foundation-20260908/components/execution/contract)
   Compiling jmespath v0.3.0
   Compiling parking_lot v0.12.5
   Compiling regex v1.13.1
   Compiling postgres-types v0.2.14
   Compiling wamn-event-wire v0.1.0 (/home/kaalin/.cache/wamn-lanes/ctc8-15-session-foundation-20260908/components/events/wire)
   Compiling async-trait v0.1.92
   Compiling appendlist v1.4.0
   Compiling anyhow v1.0.104
   Compiling boon v0.6.1
   Compiling wamn-component-policy v0.1.0 (/home/kaalin/.cache/wamn-lanes/ctc8-15-session-foundation-20260908/crates/platform/component-policy)
   Compiling lazy_static v1.5.0
   Compiling wamn-pg-core v0.1.0 (/home/kaalin/.cache/wamn-lanes/ctc8-15-session-foundation-20260908/crates/platform/pg-core)
   Compiling wamn-control-registry v0.1.0 (/home/kaalin/.cache/wamn-lanes/ctc8-15-session-foundation-20260908/crates/control/registry)
   Compiling wamn-event-reg v0.1.0 (/home/kaalin/.cache/wamn-lanes/ctc8-15-session-foundation-20260908/components/events/registration)
   Compiling wamn-run-state v0.1.0 (/home/kaalin/.cache/wamn-lanes/ctc8-15-session-foundation-20260908/crates/execution/run-state)
   Compiling wamn-catalog v0.1.0 (/home/kaalin/.cache/wamn-lanes/ctc8-15-session-foundation-20260908/crates/catalog/model)
   Compiling tokio-util v0.7.19
   Compiling tokio-postgres v0.7.18
warning: function `canonical_serialized` is never used
   --> crates/catalog/model/src/lib.rs:791:4
    |
791 | fn canonical_serialized(value: &impl Serialize) -> Vec<u8> {
    |    ^^^^^^^^^^^^^^^^^^^^
    |
    = note: `#[warn(dead_code)]` (part of `#[warn(unused)]`) on by default

   Compiling wamn-schema-introspection v0.1.0 (/home/kaalin/.cache/wamn-lanes/ctc8-15-session-foundation-20260908/crates/schema/introspection)
warning: `wamn-catalog` (lib) generated 1 warning
   Compiling wamn-schema-generator v0.1.0 (/home/kaalin/.cache/wamn-lanes/ctc8-15-session-foundation-20260908/crates/schema/generator)
   Compiling wamn-schema-control v0.1.0 (/home/kaalin/.cache/wamn-lanes/ctc8-15-session-foundation-20260908/crates/schema/control)
   Compiling wamn-control-provision v0.1.0 (/home/kaalin/.cache/wamn-lanes/ctc8-15-session-foundation-20260908/crates/control/provision)
    Finished `test` profile [unoptimized + debuginfo] target(s) in 25.85s
     Running unittests src/lib.rs (target/debug/deps/wamn_control_provision-560f900b6473cca2)

running 3 tests
test identity_issuer::tests::issuer_refuses_insecure_or_ambiguous_authorities ... ok
test identity_issuer::tests::both_generation_urls_round_trip_without_disclosing_passwords ... ok
test identity_issuer::tests::owner_wrong_issuer_generation_database_and_url_overrides_are_refused ... ok

test result: ok. 3 passed; 0 failed; 0 ignored; 0 measured; 128 filtered out; finished in 0.00s

