   Compiling libc v0.2.189
   Compiling cfg-if v1.0.4
   Compiling proc-macro2 v1.0.107
   Compiling unicode-ident v1.0.24
   Compiling typenum v1.20.1
   Compiling quote v1.0.47
   Compiling cmov v0.5.4
   Compiling hybrid-array v0.4.14
   Compiling ctutils v0.4.2
   Compiling const-oid v0.10.2
   Compiling cpufeatures v0.3.0
   Compiling crypto-common v0.2.2
   Compiling block-buffer v0.12.1
   Compiling tinyvec_macros v0.1.1
   Compiling getrandom v0.4.3
   Compiling digest v0.11.3
   Compiling rand_core v0.10.1
   Compiling tinyvec v1.12.0
   Compiling bytes v1.12.1
   Compiling syn v3.0.4
   Compiling chacha20 v0.10.1
   Compiling unicode-normalization v0.1.25
   Compiling unicode-bidi v0.3.18
   Compiling shlex v2.0.1
   Compiling parking_lot_core v0.9.12
   Compiling pin-project-lite v0.2.17
   Compiling find-msvc-tools v0.1.11
   Compiling futures-core v0.3.34
   Compiling serde_core v1.0.229
   Compiling unicode-properties v0.1.4
   Compiling memchr v2.8.3
   Compiling futures-sink v0.3.34
   Compiling stringprep v0.1.5
   Compiling cc v1.4.4
   Compiling tokio-macros v2.7.2
   Compiling rand v0.10.2
   Compiling hmac v0.13.0
   Compiling sha2 v0.11.0
   Compiling md-5 v0.11.0
   Compiling mio v1.2.2
   Compiling socket2 v0.6.5
   Compiling base64 v0.22.1
   Compiling smallvec v1.15.2
   Compiling zmij v1.0.23
   Compiling scopeguard v1.2.0
   Compiling siphasher v1.0.3
   Compiling fallible-iterator v0.2.0
   Compiling byteorder v1.5.0
   Compiling phf_shared v0.13.1
   Compiling lock_api v0.4.14
   Compiling postgres-protocol v0.6.12
   Compiling tokio v1.53.1
   Compiling ring v0.17.14
   Compiling serde v1.0.229
   Compiling futures-task v0.3.34
   Compiling serde_json v1.0.151
   Compiling futures-util v0.3.34
   Compiling parking_lot v0.12.5
   Compiling postgres-types v0.2.14
   Compiling phf v0.13.1
   Compiling futures-channel v0.3.34
   Compiling async-trait v0.1.92
   Compiling serde_derive v1.0.229
   Compiling getrandom v0.2.17
   Compiling whoami v2.1.3
   Compiling log v0.4.34
   Compiling itoa v1.0.18
   Compiling untrusted v0.9.0
   Compiling percent-encoding v2.3.2
   Compiling hex v0.4.3
   Compiling subtle v2.6.1
   Compiling tokio-util v0.7.19
   Compiling tokio-postgres v0.7.18
   Compiling wamn-platform-identity v0.1.0 (/home/kaalin/.cache/wamn-lanes/ctc8-15-session-foundation-20260908/crates/identity/platform)
    Finished `test` profile [unoptimized + debuginfo] target(s) in 10.53s
     Running tests/session_token.rs (target/debug/deps/session_token-337ed291f67066a3)

running 7 tests
test age_rules_cover_exact_boundaries_and_checked_arithmetic ... ok
test delayed_minting_keeps_original_deadline_and_refuses_late_results ... ok
test public_key_decoding_pins_every_algorithm_field_and_canonical_bytes ... ok
test public_jwk_wire_is_exact_and_rejects_private_or_missing_fields ... ok
test token_serialization_has_all_required_claims_and_rejects_duplicate_claims ... ok
test fixed_ed25519_token_verifies_exact_scope_and_signature ... ok
test authenticated_header_and_claim_variants_refuse_indistinguishably ... ok

test result: ok. 7 passed; 0 failed; 0 ignored; 0 measured; 0 filtered out; finished in 0.01s

