   Compiling jobserver v0.1.35
   Compiling shlex v2.0.1
   Compiling smallvec v1.15.2
   Compiling find-msvc-tools v0.1.11
   Compiling serde_core v1.0.229
   Compiling errno v0.3.14
   Compiling serde v1.0.229
   Compiling cc v1.4.4
   Compiling signal-hook-registry v1.4.8
   Compiling cmake v0.1.58
   Compiling tokio v1.53.1
   Compiling dunce v1.0.5
   Compiling fs_extra v1.3.0
   Compiling pkg-config v0.3.34
   Compiling futures-task v0.3.34
   Compiling aws-lc-sys v0.44.0
   Compiling slab v0.4.12
   Compiling futures-util v0.3.34
   Compiling icu_normalizer v2.3.0
   Compiling zeroize v1.9.0
   Compiling idna_adapter v1.2.2
   Compiling untrusted v0.9.0
   Compiling aws-lc-rs v1.18.0
   Compiling idna v1.1.0
   Compiling rustls-pki-types v1.15.1
   Compiling url v2.5.8
   Compiling http v1.5.0
   Compiling http-body v1.1.0
   Compiling parking_lot_core v0.9.12
   Compiling subtle v2.6.1
   Compiling rustls v0.23.43
   Compiling httparse v1.10.1
   Compiling parking_lot v0.12.5
   Compiling try-lock v0.2.5
   Compiling tower-service v0.3.3
   Compiling serde_json v1.0.151
   Compiling chrono v0.4.45
   Compiling postgres-types v0.2.14
   Compiling schemars v0.8.22
   Compiling want v0.3.1
   Compiling tracing-core v0.1.36
   Compiling ring v0.17.14
   Compiling httpdate v1.0.3
   Compiling atomic-waker v1.1.2
   Compiling utf8parse v0.2.2
   Compiling boon v0.6.1
   Compiling tokio-util v0.7.19
   Compiling tokio-postgres v0.7.18
   Compiling wamn-execution-contract v0.1.0 (/home/kaalin/.cache/wamn-lanes/ctc8-15-2-session-exchange-20260908/components/execution/contract)
   Compiling hyper v1.11.0
   Compiling anstyle-parse v1.0.0
   Compiling tracing v0.1.44
   Compiling wamn-event-wire v0.1.0 (/home/kaalin/.cache/wamn-lanes/ctc8-15-2-session-exchange-20260908/components/events/wire)
   Compiling sync_wrapper v1.0.2
   Compiling getrandom v0.2.17
   Compiling num-conv v0.2.2
   Compiling powerfmt v0.2.0
   Compiling tower-layer v0.3.3
   Compiling time-core v0.1.9
   Compiling ipnet v2.12.1
   Compiling deranged v0.5.8
   Compiling colorchoice v1.0.5
   Compiling is_terminal_polyfill v1.70.2
   Compiling openssl-probe v0.2.1
   Compiling anstyle v1.0.14
   Compiling anstyle-query v1.1.5
   Compiling wamn-schema-introspection v0.1.0 (/home/kaalin/.cache/wamn-lanes/ctc8-15-2-session-exchange-20260908/crates/schema/introspection)
   Compiling anstream v1.0.0
   Compiling rustls-native-certs v0.8.4
   Compiling time v0.3.55
   Compiling hyper-util v0.1.20
   Compiling wamn-catalog v0.1.0 (/home/kaalin/.cache/wamn-lanes/ctc8-15-2-session-exchange-20260908/crates/catalog/model)
   Compiling tower v0.5.3
   Compiling heck v0.5.0
   Compiling clap_lex v1.1.0
   Compiling strsim v0.11.1
   Compiling bitflags v2.13.1
   Compiling clap_builder v4.6.6
   Compiling tower-http v0.6.11
   Compiling wamn-run-state v0.1.0 (/home/kaalin/.cache/wamn-lanes/ctc8-15-2-session-exchange-20260908/crates/execution/run-state)
   Compiling clap_derive v4.6.4
warning: function `canonical_serialized` is never used
   --> crates/catalog/model/src/lib.rs:791:4
    |
791 | fn canonical_serialized(value: &impl Serialize) -> Vec<u8> {
    |    ^^^^^^^^^^^^^^^^^^^^
    |
    = note: `#[warn(dead_code)]` (part of `#[warn(unused)]`) on by default

   Compiling wamn-schema-generator v0.1.0 (/home/kaalin/.cache/wamn-lanes/ctc8-15-2-session-exchange-20260908/crates/schema/generator)
   Compiling yasna v0.6.0
   Compiling wamn-control-registry v0.1.0 (/home/kaalin/.cache/wamn-lanes/ctc8-15-2-session-exchange-20260908/crates/control/registry)
warning: `wamn-catalog` (lib) generated 1 warning
   Compiling http-body-util v0.1.5
   Compiling pem v3.0.6
   Compiling rcgen v0.14.8
   Compiling clap v4.6.6
   Compiling wamn-platform-identity v0.1.0 (/home/kaalin/.cache/wamn-lanes/ctc8-15-2-session-exchange-20260908/crates/identity/platform)
   Compiling wamn-control-provision v0.1.0 (/home/kaalin/.cache/wamn-lanes/ctc8-15-2-session-exchange-20260908/crates/control/provision)
   Compiling rustls-webpki v0.103.15
   Compiling tokio-rustls v0.26.4
   Compiling rustls-platform-verifier v0.7.0
   Compiling hyper-rustls v0.27.9
   Compiling reqwest v0.13.4
   Compiling wamn-identity v0.1.0 (/home/kaalin/.cache/wamn-lanes/ctc8-15-2-session-exchange-20260908/services/identity)
error[E0599]: no method named `kind` found for struct `AuthenticatedPrincipal` in the current scope
   --> services/identity/src/session.rs:126:18
    |
126 |     if principal.kind() != PrincipalKind::Human {
    |                  ^^^^ method not found in `AuthenticatedPrincipal`

error[E0308]: mismatched types
   --> services/identity/src/session.rs:129:31
    |
129 |     mint_for_principal(inner, &principal, target, started_at).await
    |     ------------------        ^^^^^^^^^^ expected `&Principal`, found `&AuthenticatedPrincipal`
    |     |
    |     arguments to this function are incorrect
    |
    = note: expected reference `&Principal`
               found reference `&AuthenticatedPrincipal`
note: function defined here
   --> services/identity/src/session.rs:134:10
    |
134 | async fn mint_for_principal(
    |          ^^^^^^^^^^^^^^^^^^
135 |     inner: &Inner,
136 |     principal: &Principal,
    |     ---------------------

Some errors have detailed explanations: E0308, E0599.
For more information about an error, try `rustc --explain E0308`.
error: could not compile `wamn-identity` (lib test) due to 2 previous errors
