warning: function `canonical_serialized` is never used
   --> crates/catalog/model/src/lib.rs:791:4
    |
791 | fn canonical_serialized(value: &impl Serialize) -> Vec<u8> {
    |    ^^^^^^^^^^^^^^^^^^^^
    |
    = note: `#[warn(dead_code)]` (part of `#[warn(unused)]`) on by default

warning: `wamn-catalog` (lib) generated 1 warning
   Compiling wamn-control-provision v0.1.0 (/home/kaalin/.cache/wamn-lanes/ctc8-15-2-session-exchange-20260908/crates/control/provision)
    Finished `test` profile [unoptimized + debuginfo] target(s) in 1.25s
     Running tests/session_target.rs (target/debug/deps/session_target-25078a982a01e0d1)

running 8 tests
test exact_credential_bearing_wire_shape_round_trips_both_generations ... ok
test malformed_missing_duplicate_and_extra_fields_refuse ... ok
test audience_spelling_and_each_environment_instance_are_exact ... ok
test wrong_reader_families_and_url_overrides_refuse ... ok
test target_clone_and_all_refusal_diagnostics_redact_credentials ... ok
test invalid_coordinates_and_instance_spelling_refuse_before_use ... ok
test existing_text_tenant_rule_accepts_t1_and_refuses_invalid_inputs ... ok
test forged_audience_database_coordinates_and_incarnation_refuse ... ok

test result: ok. 8 passed; 0 failed; 0 ignored; 0 measured; 0 filtered out; finished in 0.00s

