{
    "apiVersion": "apps/v1",
    "kind": "Deployment",
    "metadata": {
        "annotations": {
            "deployment.kubernetes.io/revision": "1",
            "meta.helm.sh/release-name": "wamn",
            "meta.helm.sh/release-namespace": "wamn-system"
        },
        "creationTimestamp": "2026-09-09T22:00:05Z",
        "generation": 1,
        "labels": {
            "app.kubernetes.io/instance": "wamn",
            "app.kubernetes.io/managed-by": "Helm",
            "app.kubernetes.io/name": "runtime-operator",
            "app.kubernetes.io/version": "2.9.0",
            "helm.sh/chart": "runtime-operator-2.9.0",
            "wasmcloud.com/name": "nats"
        },
        "name": "nats",
        "namespace": "wamn-system",
        "resourceVersion": "1027",
        "uid": "e89c8cc3-f720-4bd4-9f71-ff6c1631df2b"
    },
    "spec": {
        "progressDeadlineSeconds": 600,
        "replicas": 1,
        "revisionHistoryLimit": 10,
        "selector": {
            "matchLabels": {
                "wasmcloud.com/name": "nats"
            }
        },
        "strategy": {
            "rollingUpdate": {
                "maxSurge": "25%",
                "maxUnavailable": "25%"
            },
            "type": "RollingUpdate"
        },
        "template": {
            "metadata": {
                "labels": {
                    "app.kubernetes.io/instance": "wamn",
                    "app.kubernetes.io/managed-by": "Helm",
                    "app.kubernetes.io/name": "runtime-operator",
                    "app.kubernetes.io/version": "2.9.0",
                    "helm.sh/chart": "runtime-operator-2.9.0",
                    "wasmcloud.com/name": "nats"
                }
            },
            "spec": {
                "automountServiceAccountToken": false,
                "containers": [
                    {
                        "args": [
                            "-DV",
                            "-c",
                            "/nats-config/nats-server.conf"
                        ],
                        "image": "docker.io/nats:2.12.8-alpine",
                        "imagePullPolicy": "Always",
                        "livenessProbe": {
                            "failureThreshold": 3,
                            "initialDelaySeconds": 10,
                            "periodSeconds": 20,
                            "successThreshold": 1,
                            "tcpSocket": {
                                "port": "tcp-nats"
                            },
                            "timeoutSeconds": 1
                        },
                        "name": "nats",
                        "ports": [
                            {
                                "containerPort": 4222,
                                "name": "tcp-nats",
                                "protocol": "TCP"
                            }
                        ],
                        "readinessProbe": {
                            "failureThreshold": 3,
                            "initialDelaySeconds": 5,
                            "periodSeconds": 10,
                            "successThreshold": 1,
                            "tcpSocket": {
                                "port": "tcp-nats"
                            },
                            "timeoutSeconds": 1
                        },
                        "resources": {
                            "limits": {
                                "memory": "128Mi"
                            },
                            "requests": {
                                "cpu": "100m",
                                "memory": "64Mi"
                            }
                        },
                        "securityContext": {
                            "allowPrivilegeEscalation": false,
                            "capabilities": {
                                "drop": [
                                    "ALL"
                                ]
                            },
                            "readOnlyRootFilesystem": true,
                            "runAsNonRoot": true
                        },
                        "terminationMessagePath": "/dev/termination-log",
                        "terminationMessagePolicy": "File",
                        "volumeMounts": [
                            {
                                "mountPath": "/nats-config",
                                "name": "nats-config"
                            },
                            {
                                "mountPath": "/tmp",
                                "name": "tmp"
                            },
                            {
                                "mountPath": "/data/jetstream",
                                "name": "jetstream"
                            },
                            {
                                "mountPath": "/nats-cert",
                                "name": "nats-cert"
                            }
                        ]
                    }
                ],
                "dnsPolicy": "ClusterFirst",
                "restartPolicy": "Always",
                "schedulerName": "default-scheduler",
                "securityContext": {
                    "fsGroup": 65532,
                    "runAsGroup": 65532,
                    "runAsNonRoot": true,
                    "runAsUser": 65532,
                    "seccompProfile": {
                        "type": "RuntimeDefault"
                    }
                },
                "serviceAccount": "wamn-runtime-operator-nats",
                "serviceAccountName": "wamn-runtime-operator-nats",
                "terminationGracePeriodSeconds": 30,
                "volumes": [
                    {
                        "configMap": {
                            "defaultMode": 420,
                            "name": "nats"
                        },
                        "name": "nats-config"
                    },
                    {
                        "emptyDir": {},
                        "name": "tmp"
                    },
                    {
                        "emptyDir": {},
                        "name": "jetstream"
                    },
                    {
                        "name": "nats-cert",
                        "secret": {
                            "defaultMode": 420,
                            "secretName": "wasmcloud-nats-tls"
                        }
                    }
                ]
            }
        }
    },
    "status": {
        "availableReplicas": 1,
        "conditions": [
            {
                "lastTransitionTime": "2026-09-09T22:00:18Z",
                "lastUpdateTime": "2026-09-09T22:00:18Z",
                "message": "Deployment has minimum availability.",
                "reason": "MinimumReplicasAvailable",
                "status": "True",
                "type": "Available"
            },
            {
                "lastTransitionTime": "2026-09-09T22:00:05Z",
                "lastUpdateTime": "2026-09-09T22:00:18Z",
                "message": "ReplicaSet \"nats-65c4465994\" has successfully progressed.",
                "reason": "NewReplicaSetAvailable",
                "status": "True",
                "type": "Progressing"
            }
        ],
        "observedGeneration": 1,
        "readyReplicas": 1,
        "replicas": 1,
        "terminatingReplicas": 0,
        "updatedReplicas": 1
    }
}
