{
    "apiVersion": "v1",
    "items": [
        {
            "apiVersion": "runtime.wasmcloud.dev/v1alpha1",
            "kind": "Workload",
            "metadata": {
                "annotations": {
                    "runtime.wasmcloud.dev/workload-replica-set-generation": "d6467cfd"
                },
                "creationTimestamp": "2026-09-09T22:05:57Z",
                "finalizers": [
                    "runtime.wasmcloud.dev/workload-finalizer"
                ],
                "generation": 1,
                "name": "flow-http-694dc467bd-5d65848798",
                "namespace": "wamn-receiving-journey",
                "ownerReferences": [
                    {
                        "apiVersion": "runtime.wasmcloud.dev/v1alpha1",
                        "blockOwnerDeletion": true,
                        "controller": true,
                        "kind": "WorkloadReplicaSet",
                        "name": "flow-http-694dc467bd",
                        "uid": "6255a00e-ad7f-4619-8e99-3615926f84f9"
                    }
                ],
                "resourceVersion": "2305",
                "uid": "33cc6c2e-053c-4180-a4cf-7d7579a2c9d0"
            },
            "spec": {
                "components": [
                    {
                        "image": "172.28.0.9:5000/wamn/flow-http@sha256:fb0183790e9d1a288ffbd2ae879e284f7e230605d81575d448caa533e3ad76a5",
                        "imagePullPolicy": "Always",
                        "localResources": {
                            "config": {
                                "wamn.catalog": "default",
                                "wamn.environment": "dev",
                                "wamn.project": "receiving",
                                "wamn.schema": "receiving",
                                "wamn.tenant": "receiving-route-auth"
                            }
                        },
                        "name": "flow-http"
                    }
                ],
                "environment": "wamn-receiving-journey",
                "hostInterfaces": [
                    {
                        "config": {
                            "host": "receiving.localhost"
                        },
                        "interfaces": [
                            "incoming-handler"
                        ],
                        "namespace": "wasi",
                        "package": "http"
                    },
                    {
                        "interfaces": [
                            "routing"
                        ],
                        "namespace": "wamn",
                        "package": "flow-http-routing",
                        "version": "0.1.0"
                    },
                    {
                        "interfaces": [
                            "delivery"
                        ],
                        "namespace": "wamn",
                        "package": "router-delivery",
                        "version": "0.1.0"
                    }
                ],
                "hostSelector": {
                    "hostgroup": "default"
                },
                "kubernetes": {
                    "service": {
                        "name": "flow-http"
                    }
                }
            },
            "status": {
                "conditions": [
                    {
                        "lastTransitionTime": "2026-09-09T22:06:30Z",
                        "reason": "Available",
                        "status": "True",
                        "type": "Config"
                    },
                    {
                        "lastTransitionTime": "2026-09-09T22:06:30Z",
                        "message": "no suitable host found",
                        "reason": "Reconcile",
                        "status": "False",
                        "type": "HostSelection"
                    },
                    {
                        "lastTransitionTime": "2026-09-09T22:06:30Z",
                        "message": "status unknown: waiting for Host Selection",
                        "reason": "Reconcile",
                        "status": "Unknown",
                        "type": "Placement"
                    },
                    {
                        "lastTransitionTime": "2026-09-09T22:06:30Z",
                        "message": "status unknown: workload is not placed yet",
                        "reason": "Reconcile",
                        "status": "Unknown",
                        "type": "Sync"
                    },
                    {
                        "lastTransitionTime": "2026-09-09T22:06:30Z",
                        "message": "workload is not placed or not synced",
                        "reason": "Reconcile",
                        "status": "False",
                        "type": "Ready"
                    }
                ]
            }
        },
        {
            "apiVersion": "runtime.wasmcloud.dev/v1alpha1",
            "kind": "Workload",
            "metadata": {
                "annotations": {
                    "kubectl.kubernetes.io/last-applied-configuration": "{\"apiVersion\":\"runtime.wasmcloud.dev/v1alpha1\",\"kind\":\"Workload\",\"metadata\":{\"annotations\":{},\"labels\":{\"app\":\"flow-http-cross-environment\"},\"name\":\"flow-http-cross-environment\",\"namespace\":\"wamn-receiving-journey\"},\"spec\":{\"components\":[{\"image\":\"172.28.0.9:5000/wamn/flow-http@sha256:fb0183790e9d1a288ffbd2ae879e284f7e230605d81575d448caa533e3ad76a5\",\"imagePullPolicy\":\"Always\",\"localResources\":{\"config\":{\"wamn.catalog\":\"default\",\"wamn.environment\":\"dev\",\"wamn.project\":\"receiving\",\"wamn.schema\":\"receiving\",\"wamn.tenant\":\"receiving-route-auth\"}},\"name\":\"flow-http\"}],\"environment\":\"wamn-receiving-journey-denied\",\"hostInterfaces\":[{\"config\":{\"host\":\"receiving.localhost\"},\"interfaces\":[\"incoming-handler\"],\"namespace\":\"wasi\",\"package\":\"http\"},{\"interfaces\":[\"routing\"],\"namespace\":\"wamn\",\"package\":\"flow-http-routing\",\"version\":\"0.1.0\"},{\"interfaces\":[\"delivery\"],\"namespace\":\"wamn\",\"package\":\"router-delivery\",\"version\":\"0.1.0\"}],\"hostSelector\":{\"hostgroup\":\"default\"},\"kubernetes\":{\"service\":{\"name\":\"flow-http\"}}}}\n"
                },
                "creationTimestamp": "2026-09-09T22:01:39Z",
                "finalizers": [
                    "runtime.wasmcloud.dev/workload-finalizer"
                ],
                "generation": 1,
                "labels": {
                    "app": "flow-http-cross-environment"
                },
                "name": "flow-http-cross-environment",
                "namespace": "wamn-receiving-journey",
                "resourceVersion": "1531",
                "uid": "06cb77cf-926e-423e-96fb-951865813cd6"
            },
            "spec": {
                "components": [
                    {
                        "image": "172.28.0.9:5000/wamn/flow-http@sha256:fb0183790e9d1a288ffbd2ae879e284f7e230605d81575d448caa533e3ad76a5",
                        "imagePullPolicy": "Always",
                        "localResources": {
                            "config": {
                                "wamn.catalog": "default",
                                "wamn.environment": "dev",
                                "wamn.project": "receiving",
                                "wamn.schema": "receiving",
                                "wamn.tenant": "receiving-route-auth"
                            }
                        },
                        "name": "flow-http"
                    }
                ],
                "environment": "wamn-receiving-journey-denied",
                "hostInterfaces": [
                    {
                        "config": {
                            "host": "receiving.localhost"
                        },
                        "interfaces": [
                            "incoming-handler"
                        ],
                        "namespace": "wasi",
                        "package": "http"
                    },
                    {
                        "interfaces": [
                            "routing"
                        ],
                        "namespace": "wamn",
                        "package": "flow-http-routing",
                        "version": "0.1.0"
                    },
                    {
                        "interfaces": [
                            "delivery"
                        ],
                        "namespace": "wamn",
                        "package": "router-delivery",
                        "version": "0.1.0"
                    }
                ],
                "hostSelector": {
                    "hostgroup": "default"
                },
                "kubernetes": {
                    "service": {
                        "name": "flow-http"
                    }
                }
            },
            "status": {
                "conditions": [
                    {
                        "lastTransitionTime": "2026-09-09T22:01:39Z",
                        "reason": "Available",
                        "status": "True",
                        "type": "Config"
                    },
                    {
                        "lastTransitionTime": "2026-09-09T22:01:39Z",
                        "message": "workload targets Environment \"wamn-receiving-journey-denied\" but operator has allowSharedHosts=false",
                        "reason": "Reconcile",
                        "status": "False",
                        "type": "HostSelection"
                    },
                    {
                        "lastTransitionTime": "2026-09-09T22:01:39Z",
                        "message": "status unknown: waiting for Host Selection",
                        "reason": "Reconcile",
                        "status": "Unknown",
                        "type": "Placement"
                    },
                    {
                        "lastTransitionTime": "2026-09-09T22:01:39Z",
                        "message": "status unknown: workload is not placed yet",
                        "reason": "Reconcile",
                        "status": "Unknown",
                        "type": "Sync"
                    },
                    {
                        "lastTransitionTime": "2026-09-09T22:01:39Z",
                        "message": "workload is not placed or not synced",
                        "reason": "Reconcile",
                        "status": "False",
                        "type": "Ready"
                    }
                ]
            }
        },
        {
            "apiVersion": "runtime.wasmcloud.dev/v1alpha1",
            "kind": "Workload",
            "metadata": {
                "annotations": {
                    "runtime.wasmcloud.dev/workload-replica-set-generation": "df6579bc8"
                },
                "creationTimestamp": "2026-09-09T22:06:30Z",
                "finalizers": [
                    "runtime.wasmcloud.dev/workload-finalizer"
                ],
                "generation": 1,
                "name": "receiving-materializer-84f4897859-c85bcbfc4",
                "namespace": "wamn-receiving-journey",
                "ownerReferences": [
                    {
                        "apiVersion": "runtime.wasmcloud.dev/v1alpha1",
                        "blockOwnerDeletion": true,
                        "controller": true,
                        "kind": "WorkloadReplicaSet",
                        "name": "receiving-materializer-84f4897859",
                        "uid": "3b504b56-0fee-435c-aa98-0f48a50fef8b"
                    }
                ],
                "resourceVersion": "2306",
                "uid": "76411292-b826-4284-bd81-754a747e1851"
            },
            "spec": {
                "environment": "wamn-receiving-journey",
                "hostInterfaces": [
                    {
                        "interfaces": [
                            "types",
                            "client"
                        ],
                        "namespace": "wamn",
                        "package": "postgres",
                        "version": "0.1.0"
                    },
                    {
                        "interfaces": [
                            "types",
                            "consumer"
                        ],
                        "namespace": "wamn",
                        "package": "jetstream",
                        "version": "0.1.0"
                    },
                    {
                        "interfaces": [
                            "routing"
                        ],
                        "namespace": "wamn",
                        "package": "flow-http-routing",
                        "version": "0.1.0"
                    },
                    {
                        "interfaces": [
                            "delivery"
                        ],
                        "namespace": "wamn",
                        "package": "router-delivery",
                        "version": "0.1.0"
                    }
                ],
                "hostSelector": {
                    "hostgroup": "default"
                },
                "service": {
                    "image": "172.28.0.9:5000/wamn/materializer@sha256:61f1e2960146d9652da383a5d8fdfa0af374bf76d9d1185223b3a10bb90cef62",
                    "imagePullPolicy": "Always",
                    "localResources": {
                        "config": {
                            "wamn.environment": "dev",
                            "wamn.postgres.authority": "event-materializer",
                            "wamn.project": "receiving",
                            "wamn.tenant": "receiving-route-auth"
                        },
                        "environment": {
                            "config": {
                                "WAMN_MAT_ENV": "dev",
                                "WAMN_MAT_FETCH_MS": "500",
                                "WAMN_MAT_MAX_DELIVER": "5",
                                "WAMN_MAT_ORG": "acme",
                                "WAMN_MAT_PROJECT": "receiving",
                                "WAMN_MAT_STREAM": "EVT_acme_dev",
                                "WAMN_MAT_SWEEP_MS": "500",
                                "WAMN_MAT_TENANT": "receiving-route-auth"
                            }
                        }
                    },
                    "maxRestarts": 5
                }
            },
            "status": {
                "conditions": [
                    {
                        "lastTransitionTime": "2026-09-09T22:06:30Z",
                        "reason": "Available",
                        "status": "True",
                        "type": "Config"
                    },
                    {
                        "lastTransitionTime": "2026-09-09T22:06:30Z",
                        "message": "no suitable host found",
                        "reason": "Reconcile",
                        "status": "False",
                        "type": "HostSelection"
                    },
                    {
                        "lastTransitionTime": "2026-09-09T22:06:30Z",
                        "message": "status unknown: waiting for Host Selection",
                        "reason": "Reconcile",
                        "status": "Unknown",
                        "type": "Placement"
                    },
                    {
                        "lastTransitionTime": "2026-09-09T22:06:30Z",
                        "message": "status unknown: workload is not placed yet",
                        "reason": "Reconcile",
                        "status": "Unknown",
                        "type": "Sync"
                    },
                    {
                        "lastTransitionTime": "2026-09-09T22:06:30Z",
                        "message": "workload is not placed or not synced",
                        "reason": "Reconcile",
                        "status": "False",
                        "type": "Ready"
                    }
                ]
            }
        }
    ],
    "kind": "List",
    "metadata": {
        "resourceVersion": ""
    }
}
