{
    "apiVersion": "v1",
    "items": [
        {
            "addressType": "IPv4",
            "apiVersion": "discovery.k8s.io/v1",
            "endpoints": [
                {
                    "addresses": [
                        "10.244.2.5"
                    ],
                    "conditions": {
                        "ready": true,
                        "serving": true
                    }
                }
            ],
            "kind": "EndpointSlice",
            "metadata": {
                "creationTimestamp": "2026-09-09T22:07:31Z",
                "generation": 1,
                "labels": {
                    "kubernetes.io/service-name": "flow-http",
                    "wasmcloud.dev/route-manager": "true"
                },
                "name": "flow-http-98924a98",
                "namespace": "wamn-receiving-journey",
                "ownerReferences": [
                    {
                        "apiVersion": "v1",
                        "blockOwnerDeletion": true,
                        "controller": true,
                        "kind": "Service",
                        "name": "flow-http",
                        "uid": "06512d02-c4a7-44ec-946b-4e0a08152811"
                    }
                ],
                "resourceVersion": "2481",
                "uid": "a2c12262-f7ed-46dc-99c3-69269fb63d2c"
            },
            "ports": [
                {
                    "name": "http",
                    "port": 80,
                    "protocol": "TCP"
                }
            ]
        }
    ],
    "kind": "List",
    "metadata": {
        "resourceVersion": ""
    }
}
