2026-09-09T22:07:49.699771668Z 2026-09-09T22:07:49Z	INFO	setup	starting manager
2026-09-09T22:07:49.699835245Z 2026-09-09T22:07:49Z	INFO	controller-runtime.metrics	Starting metrics server
2026-09-09T22:07:49.699873648Z 2026-09-09T22:07:49Z	INFO	starting server	{"name": "health probe", "addr": "[::]:8082"}
2026-09-09T22:07:49.700060787Z 2026-09-09T22:07:49Z	INFO	controller-runtime.metrics	Serving metrics server	{"bindAddress": ":8081", "secure": false}
2026-09-09T22:07:49.800399676Z I0909 22:07:49.800328       1 leaderelection.go:258] "Attempting to acquire leader lease..." lock="wamn-system/d34db3ef.wasmcloud.dev"
2026-09-09T22:08:11.665981220Z I0909 22:08:11.665907       1 leaderelection.go:272] "Successfully acquired lease" lock="wamn-system/d34db3ef.wasmcloud.dev"
2026-09-09T22:08:11.666030669Z 2026-09-09T22:08:11Z	DEBUG	events	runtime-operator-5bbc5f959d-kjshq_06f8d7ba-48de-4e4d-b10c-4acf8c61d165 became leader	{"type": "Normal", "object": {"kind":"Lease","namespace":"wamn-system","name":"d34db3ef.wasmcloud.dev","uid":"6d129a18-2bd2-44f1-863f-14626b82a029","apiVersion":"coordination.k8s.io/v1","resourceVersion":"2624"}, "reason": "LeaderElection"}
2026-09-09T22:08:11.666160955Z 2026-09-09T22:08:11Z	INFO	Starting EventSource	{"controller": "runtime-artifact", "controllerGroup": "runtime.wasmcloud.dev", "controllerKind": "Artifact", "source": "kind source: *v1alpha1.Artifact"}
2026-09-09T22:08:11.666898997Z 2026-09-09T22:08:11Z	INFO	Starting EventSource	{"controller": "host-pod", "controllerGroup": "", "controllerKind": "Pod", "source": "kind source: *v1.Pod"}
2026-09-09T22:08:11.666910502Z 2026-09-09T22:08:11Z	INFO	Starting EventSource	{"controller": "workload-host", "controllerGroup": "runtime.wasmcloud.dev", "controllerKind": "Host", "source": "kind source: *v1alpha1.Host"}
2026-09-09T22:08:11.666913362Z 2026-09-09T22:08:11Z	INFO	Starting EventSource	{"controller": "workload-route", "source": "kind source: *v1alpha1.Workload"}
2026-09-09T22:08:11.667034996Z 2026-09-09T22:08:11Z	INFO	Starting EventSource	{"controller": "workload-replicaset", "controllerGroup": "runtime.wasmcloud.dev", "controllerKind": "WorkloadReplicaSet", "source": "kind source: *v1alpha1.Workload"}
2026-09-09T22:08:11.667117001Z 2026-09-09T22:08:11Z	INFO	Starting EventSource	{"controller": "workload-deployment", "controllerGroup": "runtime.wasmcloud.dev", "controllerKind": "WorkloadDeployment", "source": "kind source: *v1alpha1.WorkloadReplicaSet"}
2026-09-09T22:08:11.667173290Z 2026-09-09T22:08:11Z	INFO	Starting EventSource	{"controller": "workload-replica", "controllerGroup": "runtime.wasmcloud.dev", "controllerKind": "Workload", "source": "kind source: *v1alpha1.Workload"}
2026-09-09T22:08:11.667267490Z 2026-09-09T22:08:11Z	INFO	Starting EventSource	{"controller": "workload-replicaset", "controllerGroup": "runtime.wasmcloud.dev", "controllerKind": "WorkloadReplicaSet", "source": "kind source: *v1alpha1.WorkloadReplicaSet"}
2026-09-09T22:08:11.667271040Z 2026-09-09T22:08:11Z	INFO	Starting EventSource	{"controller": "workload-deployment", "controllerGroup": "runtime.wasmcloud.dev", "controllerKind": "WorkloadDeployment", "source": "kind source: *v1alpha1.WorkloadDeployment"}
2026-09-09T22:08:11.767606065Z 2026-09-09T22:08:11Z	INFO	Starting Controller	{"controller": "workload-route"}
2026-09-09T22:08:11.767634424Z 2026-09-09T22:08:11Z	INFO	Starting workers	{"controller": "workload-route", "worker count": 1}
2026-09-09T22:08:11.767637274Z 2026-09-09T22:08:11Z	INFO	Starting Controller	{"controller": "workload-replicaset", "controllerGroup": "runtime.wasmcloud.dev", "controllerKind": "WorkloadReplicaSet"}
2026-09-09T22:08:11.767644192Z 2026-09-09T22:08:11Z	INFO	Starting workers	{"controller": "workload-replicaset", "controllerGroup": "runtime.wasmcloud.dev", "controllerKind": "WorkloadReplicaSet", "worker count": 1}
2026-09-09T22:08:11.868491704Z 2026-09-09T22:08:11Z	INFO	Starting Controller	{"controller": "runtime-artifact", "controllerGroup": "runtime.wasmcloud.dev", "controllerKind": "Artifact"}
2026-09-09T22:08:11.868527895Z 2026-09-09T22:08:11Z	INFO	Starting Controller	{"controller": "workload-replica", "controllerGroup": "runtime.wasmcloud.dev", "controllerKind": "Workload"}
2026-09-09T22:08:11.868530237Z 2026-09-09T22:08:11Z	INFO	Starting Controller	{"controller": "workload-deployment", "controllerGroup": "runtime.wasmcloud.dev", "controllerKind": "WorkloadDeployment"}
2026-09-09T22:08:11.868531450Z 2026-09-09T22:08:11Z	INFO	Starting workers	{"controller": "workload-replica", "controllerGroup": "runtime.wasmcloud.dev", "controllerKind": "Workload", "worker count": 1}
2026-09-09T22:08:11.868533245Z 2026-09-09T22:08:11Z	INFO	Starting workers	{"controller": "workload-deployment", "controllerGroup": "runtime.wasmcloud.dev", "controllerKind": "WorkloadDeployment", "worker count": 1}
2026-09-09T22:08:11.868534271Z 2026-09-09T22:08:11Z	INFO	Starting workers	{"controller": "runtime-artifact", "controllerGroup": "runtime.wasmcloud.dev", "controllerKind": "Artifact", "worker count": 1}
2026-09-09T22:08:11.868535056Z 2026-09-09T22:08:11Z	INFO	Starting Controller	{"controller": "workload-host", "controllerGroup": "runtime.wasmcloud.dev", "controllerKind": "Host"}
2026-09-09T22:08:11.868535865Z 2026-09-09T22:08:11Z	INFO	Starting workers	{"controller": "workload-host", "controllerGroup": "runtime.wasmcloud.dev", "controllerKind": "Host", "worker count": 1}
2026-09-09T22:08:11.868879690Z 2026-09-09T22:08:11Z	DEBUG	events	Event occurred	{"object": {"name":"flow-http-cross-environment","namespace":"wamn-receiving-journey"}, "kind": "Workload", "apiVersion": "runtime.wasmcloud.dev/v1alpha1", "type": "Warning", "reason": "CrossEnvironmentSchedulingDenied", "action": "Reject", "note": "Environment \"wamn-receiving-journey-denied\" is outside \"wamn-receiving-journey\" and operator has allowSharedHosts=false"}
2026-09-09T22:08:11.969598194Z 2026-09-09T22:08:11Z	INFO	Starting Controller	{"controller": "host-pod", "controllerGroup": "", "controllerKind": "Pod"}
2026-09-09T22:08:11.969611657Z 2026-09-09T22:08:11Z	INFO	Starting workers	{"controller": "host-pod", "controllerGroup": "", "controllerKind": "Pod", "worker count": 1}
