{
  "summary": {
    "successRate": 1.0,
    "total": 10.004126237,
    "slowest": 0.04947318,
    "fastest": 0.000358363,
    "average": 0.0064026007776465275,
    "requestsPerSec": 9987.179053226495,
    "totalData": 3594600,
    "sizePerRequest": 36,
    "sizePerSec": 359311.7394606103
  },
  "metrics": {
    "success_rate": 1.0,
    "requests_per_sec": 9987.179053226495,
    "latency_ms": {
      "min": 0.358,
      "mean": 6.403,
      "p50": 5.989,
      "p95": 11.866,
      "p99": 17.017,
      "max": 49.473
    }
  },
  "responseTimeHistogram": {
    "0.000358363": 1,
    "0.0052698447": 38722,
    "0.0101813264": 51350,
    "0.015092808099999999": 8065,
    "0.0200042898": 1230,
    "0.024915771499999996": 332,
    "0.029827253199999997": 79,
    "0.0347387349": 36,
    "0.039650216599999996": 12,
    "0.044561698299999994": 9,
    "0.04947317999999999": 14
  },
  "latencyPercentiles": {
    "p10": 0.002987452,
    "p25": 0.004345957,
    "p50": 0.00598911,
    "p75": 0.007913185,
    "p90": 0.010140507,
    "p95": 0.011865835,
    "p99": 0.01701662,
    "p99.9": 0.027295644,
    "p99.99": 0.04477604
  },
  "firstByteHistogram": {
    "0.000352919": 1,
    "0.0052575432": 38811,
    "0.0101621674": 51310,
    "0.0150667916": 8053,
    "0.0199714158": 1209,
    "0.02487604": 323,
    "0.0297806642": 82,
    "0.0346852884": 31,
    "0.0395899126": 8,
    "0.0444945368": 8,
    "0.049399161": 14
  },
  "firstBytePercentiles": {
    "p10": 0.002973477,
    "p25": 0.004330309,
    "p50": 0.005971646,
    "p75": 0.007893691,
    "p90": 0.010101454,
    "p95": 0.011815545,
    "p99": 0.016873492,
    "p99.9": 0.026827261,
    "p99.99": 0.044693661
  },
  "rps": {
    "mean": 9966.607364717449,
    "stddev": 2303.300944047364,
    "max": 16295.34733633436,
    "min": 2814.234858530497,
    "percentiles": {
      "p10": 6788.738313997718,
      "p25": 8572.220097096528,
      "p50": 10142.268919950711,
      "p75": 11447.222080527781,
      "p90": 12772.009868841567,
      "p95": 13677.151443578116,
      "p99": 15229.70096281768,
      "p99.9": 16181.024863903514,
      "p99.99": 16295.34733633436
    }
  },
  "details": {
    "DNSDialup": {
      "average": 0.0042209777499999995,
      "fastest": 0.00045623,
      "slowest": 0.006020481
    },
    "DNSLookup": {
      "average": 0.00003096603125000001,
      "fastest": 0.000014466,
      "slowest": 0.000100135
    },
    "firstByte": {
      "average": 0.006378694142744136,
      "fastest": 0.000352919,
      "slowest": 0.049399161
    }
  },
  "statusCodeDistribution": {
    "404": 99850
  },
  "errorDistribution": {
    "aborted due to deadline": 63
  }
}