2026-09-09T14:47:50.197380Z  INFO wamn_cdc_reader: registration loaded publication="wamn_cdc_acme__receiving__dev__8mawd34o" slot="wamn_cdc_acme__receiving__dev__8mawd34o" stream="EVT_acme_dev"
2026-09-09T14:47:50.199618Z  INFO async_nats::connector: connected successfully server=4222 max_payload=1048576
2026-09-09T14:47:50.199748Z  INFO async_nats: event: connected
2026-09-09T14:47:50.253733Z  INFO wamn_cdc_reader: preflight: slot healthy (resume position = confirmed LSN) slot="wamn_cdc_acme__receiving__dev__8mawd34o" active=false confirmed_flush_lsn="0/34DCAC8" wal_status="reserved"
2026-09-09T14:47:50.253812Z  INFO pg_walstream::stream: Creating logical replication stream with retry support
2026-09-09T14:47:50.253832Z  INFO pg_walstream::retry: Attempting to connect to PostgreSQL with retry logic
2026-09-09T14:47:50.298585Z  INFO pg_walstream::retry: Successfully connected to PostgreSQL on attempt 1 after 44.737344ms
2026-09-09T14:47:50.298641Z  INFO pg_walstream::stream: Starting logical replication stream
2026-09-09T14:47:50.298649Z  INFO pg_walstream::stream: Initializing replication stream
2026-09-09T14:47:50.298822Z  INFO pg_walstream::stream: System identification successful
2026-09-09T14:47:50.298831Z  INFO pg_walstream::stream: Creating replication slot: wamn_cdc_acme__receiving__dev__8mawd34o
2026-09-09T14:47:50.299323Z  WARN pg_walstream::stream: Replication slot already exists, continuing
2026-09-09T14:47:50.299336Z  INFO pg_walstream::stream: Replication stream initialized
2026-09-09T14:47:50.299834Z  INFO pg_walstream::stream: Logical replication started with LSN: 0/0
2026-09-09T14:47:50.299857Z  INFO wamn_cdc_reader: walsender session open; draining reopens=0
2026-09-09T14:48:20.300834Z  INFO pg_walstream::connection::native::connection: Sent standby status update: received=0/35298D8, flushed=0/0, applied=0/0, reply_requested=false
2026-09-09T14:48:49.625177Z  INFO wamn_cdc_reader: entity resolved table=purchase_order relation_oid=18614 package_id="wamn_receiving" entity="purchase_order"
2026-09-09T14:48:49.677373Z  INFO wamn_cdc_reader: CDC exclusion resolved table=record_receipt_command relation_oid=18665 package_id="wamn_receiving" relation="record_receipt_command"
2026-09-09T14:48:49.730283Z  INFO wamn_cdc_reader: entity resolved table=receipt relation_oid=18683 package_id="wamn_receiving" entity="receipt"
2026-09-09T14:48:49.779875Z  INFO wamn_cdc_reader: entity resolved table=receipt_line relation_oid=18712 package_id="wamn_receiving" entity="receipt_line"
2026-09-09T14:48:49.831460Z  INFO wamn_cdc_reader: entity resolved table=purchase_order_line relation_oid=18636 package_id="wamn_receiving" entity="purchase_order_line"
2026-09-09T14:48:49.832578Z  INFO wamn::event_reader: CDC exclusions committed excluded_by_relation={"wamn_receiving::record_receipt_command": 2}
2026-09-09T14:48:49.898811Z  INFO wamn_cdc_reader: entity resolved table=quality_inspection relation_oid=18768 package_id="client_acme_receiving" entity="quality_inspection"
2026-09-09T14:48:50.301978Z  INFO pg_walstream::connection::native::connection: Sent standby status update: received=0/3547968, flushed=0/3547968, applied=0/3547968, reply_requested=false
2026-09-09T14:49:20.302931Z  INFO pg_walstream::connection::native::connection: Sent standby status update: received=0/3547B90, flushed=0/3547968, applied=0/3547968, reply_requested=false
2026-09-09T14:49:23.524843Z  INFO wamn::event_reader: drain summary commits=4 events_published=6 deduped=0 excluded_by_relation={"wamn_receiving::record_receipt_command": 2} ending="shutdown"
2026-09-09T14:49:23.524968Z  INFO pg_walstream::connection::native::connection: Sent standby status update: received=0/3547B90, flushed=0/3547968, applied=0/3547968, reply_requested=false
2026-09-09T14:49:23.524984Z  INFO pg_walstream::stream: Stopping logical replication stream (last received LSN: 0/3547B90)
2026-09-09T14:49:23.524993Z  INFO wamn_cdc_reader: shutdown requested; exiting cleanly reopens=0 commits=4
