2026-09-09T14:30:21Z env CARGO_TARGET_DIR=/home/kaalin/.cache/wamn-lanes/wasmcloud-2-9-20260909/target RUSTC_WRAPPER= /home/kaalin/.cache/wamn-lanes/wasmcloud-2-9-20260909/tools/build-components m1 
2026-09-09T14:31:29Z env CARGO_TARGET_DIR=/home/kaalin/.cache/wamn-lanes/wasmcloud-2-9-20260909/target RUSTC_WRAPPER= cargo build --locked --release -p wamn-host 
2026-09-09T14:42:05Z env CARGO_TARGET_DIR=/home/kaalin/.cache/wamn-lanes/wasmcloud-2-9-20260909/target RUSTC_WRAPPER= cargo build --locked -p wamn-ctl -p wamn-cdc-reader -p wamn-scenario-worker 
2026-09-09T14:44:59Z docker build --platform=linux/amd64 --provenance=false --file /tmp/tmp.bOlzJNX7LF/host-image/Dockerfile --tag wamn-host:receiving-7798190c7d04-3210280-release /tmp/tmp.bOlzJNX7LF/host-image 
2026-09-09T14:45:01Z kind create cluster --name wamn-receiving-journey --config /tmp/tmp.bOlzJNX7LF/kind-config.yaml --kubeconfig /tmp/tmp.bOlzJNX7LF/kubeconfig 
2026-09-09T14:45:22Z kubectl --kubeconfig /tmp/tmp.bOlzJNX7LF/kubeconfig --context kind-wamn-receiving-journey wait --for=condition=Ready nodes --all --timeout=180s 
2026-09-09T14:45:35Z kubectl --kubeconfig /tmp/tmp.bOlzJNX7LF/kubeconfig --context kind-wamn-receiving-journey create namespace wamn-receiving-journey 
2026-09-09T14:45:35Z kind load docker-image wamn-host:receiving-7798190c7d04-3210280-release --name wamn-receiving-journey 
2026-09-09T14:45:43Z htpasswd \<credential-bearing\ arguments\ redacted\> 
2026-09-09T14:45:45Z postgres \<credential-bearing\ arguments\ redacted\> 
2026-09-09T14:45:46Z docker run --detach --name wamn-receiving-registry-7798190c7d04-3210280 --network kind --env REGISTRY_AUTH=htpasswd --env REGISTRY_AUTH_HTPASSWD_REALM=WAMN\ Receiving\ cluster\ journey --env REGISTRY_AUTH_HTPASSWD_PATH=/auth/htpasswd --volume /tmp/tmp.bOlzJNX7LF/htpasswd:/auth/htpasswd:ro registry:2 
2026-09-09T14:45:46Z docker run --detach --name wamn-receiving-nats-7798190c7d04-3210280 --network kind nats:2.10-alpine --jetstream --store_dir /data --http_port 8222 
2026-09-09T14:45:49Z cargo test production_two_package_release_serves_all_thirteen_pat_routes \<journey\ document\ with\ disposable\ PostgreSQL\ and\ OCI\ inputs\ redacted\> 
2026-09-09T14:47:48Z kubectl --kubeconfig /tmp/tmp.bOlzJNX7LF/kubeconfig --context kind-wamn-receiving-journey apply -f /tmp/tmp.bOlzJNX7LF/route-caller-pat-kube.json 
2026-09-09T14:47:48Z env DOCKER_CONFIG=\<private-registry-directory\> /home/kaalin/.cache/wamn-lanes/wasmcloud-2-9-20260909/.tools/wash/2.9.0/wash -o json oci push --insecure 172.28.0.9:5000/wamn/flow-http:receiving-7798190c7d04-3210280-release /home/kaalin/.cache/wamn-lanes/wasmcloud-2-9-20260909/target/wasm32-wasip2/release/http_route.wasm 
2026-09-09T14:47:48Z env DOCKER_CONFIG=\<private-registry-directory\> /home/kaalin/.cache/wamn-lanes/wasmcloud-2-9-20260909/.tools/wash/2.9.0/wash -o json oci push --insecure 172.28.0.9:5000/wamn/materializer:receiving-7798190c7d04-3210280-release /home/kaalin/.cache/wamn-lanes/wasmcloud-2-9-20260909/target/wasm32-wasip2/release/materializer.wasm 
2026-09-09T14:47:49Z enable-cdc-project-env \<credential-bearing\ arguments\ redacted\> 
2026-09-09T14:47:49Z apply-cdc-role \<credential-bearing\ arguments\ redacted\> 
2026-09-09T14:47:49Z apply-cdc-stream \<credential-bearing\ arguments\ redacted\> 
2026-09-09T14:47:49Z prepare-registry-reader \<credential-bearing\ arguments\ redacted\> 
2026-09-09T14:47:50Z env WAMN_SYSTEM_URL=\<registry-reader\ credential\ redacted\> WAMN_CDC_URL=\<replication\ credential\ redacted\> /home/kaalin/.cache/wamn-lanes/wasmcloud-2-9-20260909/target/debug/wamn-cdc-reader --log-level info --org acme --project receiving --env dev --nats-url nats://172.28.0.10:4222 --sslmode disable --stream-replicas 1 --dup-window-secs 120 --feedback-secs 1 --stall-threshold-secs 30 --slot-poll-secs 0 --slot-safe-wal-warn-bytes 268435456 
2026-09-09T14:47:51Z print-release-env \<credential-bearing\ arguments\ redacted\> 
2026-09-09T14:47:51Z kubectl --kubeconfig /tmp/tmp.bOlzJNX7LF/kubeconfig --context kind-wamn-receiving-journey apply -f /tmp/tmp.bOlzJNX7LF/host-secrets/guest-sql.json 
2026-09-09T14:47:51Z kubectl --kubeconfig /tmp/tmp.bOlzJNX7LF/kubeconfig --context kind-wamn-receiving-journey apply -f /tmp/tmp.bOlzJNX7LF/host-secrets/executor-platform.json 
2026-09-09T14:47:51Z kubectl --kubeconfig /tmp/tmp.bOlzJNX7LF/kubeconfig --context kind-wamn-receiving-journey apply -f /tmp/tmp.bOlzJNX7LF/host-secrets/identity-reader.json 
2026-09-09T14:47:51Z kubectl --kubeconfig /tmp/tmp.bOlzJNX7LF/kubeconfig --context kind-wamn-receiving-journey apply -f /tmp/tmp.bOlzJNX7LF/host-secrets/http-admitter.json 
2026-09-09T14:47:51Z kubectl --kubeconfig /tmp/tmp.bOlzJNX7LF/kubeconfig --context kind-wamn-receiving-journey apply -f /tmp/tmp.bOlzJNX7LF/host-secrets/event-materializer.json 
2026-09-09T14:47:51Z kubectl --kubeconfig /tmp/tmp.bOlzJNX7LF/kubeconfig --context kind-wamn-receiving-journey -n wamn-receiving-journey create secret generic wamn-registry-pull --type=kubernetes.io/dockerconfigjson --from-file=.dockerconfigjson=\<redacted\> --dry-run=client -o yaml 
2026-09-09T14:47:51Z kubectl --kubeconfig /tmp/tmp.bOlzJNX7LF/kubeconfig --context kind-wamn-receiving-journey apply -f /tmp/tmp.bOlzJNX7LF/registry-pull.yaml 
2026-09-09T14:47:51Z kubectl --kubeconfig /tmp/tmp.bOlzJNX7LF/kubeconfig --context kind-wamn-receiving-journey apply -f /home/kaalin/.cache/wamn-lanes/wasmcloud-2-9-20260909/deploy/infra/cert-manager.yaml 
2026-09-09T14:47:52Z kubectl --kubeconfig /tmp/tmp.bOlzJNX7LF/kubeconfig --context kind-wamn-receiving-journey -n cert-manager wait --for=condition=Available deployment --all --timeout=240s 
2026-09-09T14:48:05Z helm upgrade --install --create-namespace --kubeconfig /tmp/tmp.bOlzJNX7LF/kubeconfig --kube-context kind-wamn-receiving-journey --namespace wamn-system wamn oci://ghcr.io/wasmcloud/charts/runtime-operator --version 2.9.0 -f /home/kaalin/.cache/wamn-lanes/wasmcloud-2-9-20260909/deploy/infra/values-wamn.yaml -f /tmp/tmp.bOlzJNX7LF/operator-values.yaml --wait --timeout 5m 
2026-09-09T14:48:27Z kubectl --kubeconfig /tmp/tmp.bOlzJNX7LF/kubeconfig --context kind-wamn-receiving-journey -n wamn-system get deployment runtime-operator -o json 
2026-09-09T14:48:27Z kubectl --kubeconfig /tmp/tmp.bOlzJNX7LF/kubeconfig --context kind-wamn-receiving-journey apply -f /tmp/tmp.bOlzJNX7LF/runtime-operator-events-rbac.yaml 
2026-09-09T14:48:28Z kubectl --kubeconfig /tmp/tmp.bOlzJNX7LF/kubeconfig --context kind-wamn-receiving-journey -n wamn-receiving-journey get role wamn-runtime-operator-events -o json 
2026-09-09T14:48:28Z kubectl --kubeconfig /tmp/tmp.bOlzJNX7LF/kubeconfig --context kind-wamn-receiving-journey -n wamn-receiving-journey get rolebinding wamn-runtime-operator-events -o json 
2026-09-09T14:48:28Z kubectl --kubeconfig /tmp/tmp.bOlzJNX7LF/kubeconfig --context kind-wamn-receiving-journey apply -f /home/kaalin/.cache/wamn-lanes/wasmcloud-2-9-20260909/deploy/infra/tempo.yaml 
2026-09-09T14:48:28Z kubectl --kubeconfig /tmp/tmp.bOlzJNX7LF/kubeconfig --context kind-wamn-receiving-journey apply -f /home/kaalin/.cache/wamn-lanes/wasmcloud-2-9-20260909/deploy/infra/otel-collector.yaml 
2026-09-09T14:48:28Z kubectl --kubeconfig /tmp/tmp.bOlzJNX7LF/kubeconfig --context kind-wamn-receiving-journey -n wamn-system wait --for=condition=Available deployment/tempo deployment/otel-collector --timeout=120s 
2026-09-09T14:48:34Z kubectl --kubeconfig /tmp/tmp.bOlzJNX7LF/kubeconfig --context kind-wamn-receiving-journey apply -f /tmp/tmp.bOlzJNX7LF/wasmcloud-ca-copy.json 
2026-09-09T14:48:35Z kubectl --kubeconfig /tmp/tmp.bOlzJNX7LF/kubeconfig --context kind-wamn-receiving-journey apply -f /home/kaalin/.cache/wamn-lanes/wasmcloud-2-9-20260909/deploy/infra/wasmcloud-ca-issuer.yaml 
2026-09-09T14:48:35Z kubectl --kubeconfig /tmp/tmp.bOlzJNX7LF/kubeconfig --context kind-wamn-receiving-journey wait --for=condition=Ready clusterissuer/wasmcloud-ca --timeout=60s 
2026-09-09T14:48:35Z kubectl --kubeconfig /tmp/tmp.bOlzJNX7LF/kubeconfig --context kind-wamn-receiving-journey apply -f /tmp/tmp.bOlzJNX7LF/host-environment-certs.yaml 
2026-09-09T14:48:35Z kubectl --kubeconfig /tmp/tmp.bOlzJNX7LF/kubeconfig --context kind-wamn-receiving-journey -n wamn-receiving-journey wait --for=condition=Ready certificate/wasmcloud-runtime-tls certificate/wasmcloud-data-tls --timeout=120s 
2026-09-09T14:48:35Z helm upgrade --install --kubeconfig /tmp/tmp.bOlzJNX7LF/kubeconfig --kube-context kind-wamn-receiving-journey --namespace wamn-receiving-journey wamn-host oci://ghcr.io/wasmcloud/charts/runtime-operator --version 2.9.0 -f /tmp/tmp.bOlzJNX7LF/host-base.yaml -f /tmp/tmp.bOlzJNX7LF/host-overlay.yaml --wait --timeout 5m 
2026-09-09T14:48:43Z kubectl --kubeconfig /tmp/tmp.bOlzJNX7LF/kubeconfig --context kind-wamn-receiving-journey -n wamn-receiving-journey rollout status deployment/hostgroup-default --timeout=240s 
2026-09-09T14:48:43Z kubectl --kubeconfig /tmp/tmp.bOlzJNX7LF/kubeconfig --context kind-wamn-receiving-journey apply -f /tmp/tmp.bOlzJNX7LF/flow-http.yaml 
2026-09-09T14:48:43Z kubectl --kubeconfig /tmp/tmp.bOlzJNX7LF/kubeconfig --context kind-wamn-receiving-journey -n wamn-receiving-journey wait --for=condition=Ready workloaddeployment/flow-http --timeout=240s 
2026-09-09T14:48:44Z kubectl --kubeconfig /tmp/tmp.bOlzJNX7LF/kubeconfig --context kind-wamn-receiving-journey apply -f /tmp/tmp.bOlzJNX7LF/flow-http-reachability.yaml 
2026-09-09T14:48:44Z kubectl --kubeconfig /tmp/tmp.bOlzJNX7LF/kubeconfig --context kind-wamn-receiving-journey -n wamn-receiving-journey wait --for=condition=Complete job/flow-http-reachability --timeout=90s 
2026-09-09T14:48:48Z kubectl --kubeconfig /tmp/tmp.bOlzJNX7LF/kubeconfig --context kind-wamn-receiving-journey apply -f /tmp/tmp.bOlzJNX7LF/materializer.yaml 
2026-09-09T14:48:48Z kubectl --kubeconfig /tmp/tmp.bOlzJNX7LF/kubeconfig --context kind-wamn-receiving-journey -n wamn-receiving-journey wait --for=condition=Ready workloaddeployment/receiving-materializer --timeout=240s 
2026-09-09T14:48:48Z kubectl --kubeconfig /tmp/tmp.bOlzJNX7LF/kubeconfig --context kind-wamn-receiving-journey apply -f /tmp/tmp.bOlzJNX7LF/materializer-trigger.yaml 
2026-09-09T14:48:48Z kubectl --kubeconfig /tmp/tmp.bOlzJNX7LF/kubeconfig --context kind-wamn-receiving-journey -n wamn-receiving-journey wait --for=condition=Complete job/receiving-materializer-trigger --timeout=120s 
2026-09-09T14:48:52Z cargo test production_materializer_consumes_the_causal_receipt_exactly_once \<journey\ document\ amended\ with\ the\ project\ database\ and\ receipt\,\ redacted\> 
2026-09-09T14:48:52Z kubectl --kubeconfig /tmp/tmp.bOlzJNX7LF/kubeconfig --context kind-wamn-receiving-journey apply -f /tmp/tmp.bOlzJNX7LF/cross-environment-workload.json 
2026-09-09T14:48:52Z kubectl --kubeconfig /tmp/tmp.bOlzJNX7LF/kubeconfig --context kind-wamn-receiving-journey -n wamn-receiving-journey wait --for=condition=HostSelection=False workload/flow-http-cross-environment --timeout=240s 
2026-09-09T14:48:52Z kubectl --kubeconfig /tmp/tmp.bOlzJNX7LF/kubeconfig --context kind-wamn-receiving-journey -n wamn-receiving-journey get workload flow-http-cross-environment -o json 
2026-09-09T14:48:53Z timeout 240s kubectl --kubeconfig /tmp/tmp.bOlzJNX7LF/kubeconfig --context kind-wamn-receiving-journey -n wamn-receiving-journey get events.events.k8s.io --field-selector regarding.uid=22e35f8a-c874-401c-b8d3-31d74aac7d33 --watch --output-watch-events -o json 
2026-09-09T14:49:22Z kubectl --kubeconfig /tmp/tmp.bOlzJNX7LF/kubeconfig --context kind-wamn-receiving-journey auth can-i create events.events.k8s.io --namespace wamn-receiving-journey --as system:serviceaccount:wamn-system:wamn-runtime-operator 
2026-09-09T14:49:23Z kubectl --kubeconfig /tmp/tmp.bOlzJNX7LF/kubeconfig --context kind-wamn-receiving-journey auth can-i patch events.events.k8s.io --namespace wamn-receiving-journey --as system:serviceaccount:wamn-system:wamn-runtime-operator 
2026-09-09T14:49:23Z kubectl --kubeconfig /tmp/tmp.bOlzJNX7LF/kubeconfig --context kind-wamn-receiving-journey auth can-i get events.events.k8s.io --namespace wamn-receiving-journey --as system:serviceaccount:wamn-system:wamn-runtime-operator 
2026-09-09T14:49:23Z kubectl --kubeconfig /tmp/tmp.bOlzJNX7LF/kubeconfig --context kind-wamn-receiving-journey auth can-i list events.events.k8s.io --namespace wamn-receiving-journey --as system:serviceaccount:wamn-system:wamn-runtime-operator 
2026-09-09T14:49:23Z kubectl --kubeconfig /tmp/tmp.bOlzJNX7LF/kubeconfig --context kind-wamn-receiving-journey auth can-i watch events.events.k8s.io --namespace wamn-receiving-journey --as system:serviceaccount:wamn-system:wamn-runtime-operator 
2026-09-09T14:49:23Z kubectl --kubeconfig /tmp/tmp.bOlzJNX7LF/kubeconfig --context kind-wamn-receiving-journey auth can-i update events.events.k8s.io --namespace wamn-receiving-journey --as system:serviceaccount:wamn-system:wamn-runtime-operator 
2026-09-09T14:49:23Z kubectl --kubeconfig /tmp/tmp.bOlzJNX7LF/kubeconfig --context kind-wamn-receiving-journey auth can-i delete events.events.k8s.io --namespace wamn-receiving-journey --as system:serviceaccount:wamn-system:wamn-runtime-operator 
2026-09-09T14:49:23Z kubectl --kubeconfig /tmp/tmp.bOlzJNX7LF/kubeconfig --context kind-wamn-receiving-journey auth can-i deletecollection events.events.k8s.io --namespace wamn-receiving-journey --as system:serviceaccount:wamn-system:wamn-runtime-operator 
2026-09-09T14:49:23Z kill -TERM 3254507 
2026-09-09T14:49:23Z kind delete cluster --name wamn-receiving-journey 
2026-09-09T14:49:24Z docker rm --force --volumes wamn-receiving-pg18-7798190c7d04-3210280 
2026-09-09T14:49:25Z docker rm --force --volumes wamn-receiving-registry-7798190c7d04-3210280 
2026-09-09T14:49:25Z docker rm --force --volumes wamn-receiving-nats-7798190c7d04-3210280 
2026-09-09T14:49:25Z docker image rm wamn-host:receiving-7798190c7d04-3210280-release 
2026-09-09T14:49:25Z rm -rf -- /tmp/tmp.bOlzJNX7LF 
