2026-09-09T14:48:37.592672Z  INFO connected to NATS
2026-09-09T14:48:37.592834Z  INFO host memory resolved max_guest_memory=4GiB guest_memory_mode="count" default_heap_memory=256MiB core_instances=512 memories=512 pool_reservation=128GiB
2026-09-09T14:48:37.630998Z  INFO wiring activation doorbell listening; dropped every cached pointer channel="wamn_wiring_activation" dropped=0
2026-09-09T14:48:37.800322Z  INFO release component pull completed component_digest=sha256:710586d8b7fa9ff054d84203d981832659ae9baa618ed03b14588d1168d68d2e component_bytes=466355 elapsed_ms=34
2026-09-09T14:48:37.811993Z  INFO release component pull completed component_digest=sha256:1f481deceaea9e217fb19819c750ce39fec8e9a1e19686e43dc2ebf65b1d9fef component_bytes=669281 elapsed_ms=46
2026-09-09T14:48:39.627541Z  INFO release component compilation completed component_digest=sha256:710586d8b7fa9ff054d84203d981832659ae9baa618ed03b14588d1168d68d2e compile_ms=1827 compile_wall_ms=1827
2026-09-09T14:48:39.639309Z  INFO release component compilation completed component_digest=sha256:1f481deceaea9e217fb19819c750ce39fec8e9a1e19686e43dc2ebf65b1d9fef compile_ms=1826 compile_wall_ms=1827
2026-09-09T14:48:39.640239Z  WARN wamn.component.linker_setup:wamn.linker.register: component imports wamn:postgres but sets no wamn.tenant; calls will be refused component="receiving#0"
2026-09-09T14:48:39.640811Z  INFO release component instantiation completed component_digest=sha256:1f481deceaea9e217fb19819c750ce39fec8e9a1e19686e43dc2ebf65b1d9fef elapsed_ms=1 total_elapsed_ms=1875
2026-09-09T14:48:39.641511Z  WARN wamn.component.linker_setup:wamn.linker.register: component imports wamn:postgres but sets no wamn.tenant; calls will be refused component="client_acme_receiving#1"
2026-09-09T14:48:39.641963Z  INFO release component instantiation completed component_digest=sha256:710586d8b7fa9ff054d84203d981832659ae9baa618ed03b14588d1168d68d2e elapsed_ms=1 total_elapsed_ms=1876
2026-09-09T14:48:39.642016Z  INFO synchronous release preload completed synchronous_wirings=13 component_digests=2 elapsed_ms=2021
2026-09-09T14:48:39.642123Z  INFO release preload completed; component cache warm
2026-09-09T14:48:39.656240Z  INFO wamn-host starting (base plugins: wasi:config, wamn:logging, wasi:otel, wamn:postgres, wamn:jetstream, wamn:flow-http-routing) router_delivery=true
2026-09-09T14:48:39.656270Z  INFO wamn-host welded to its release effective_release_id=1 manifest_digest=sha256:e633957452b28418875cdc69a5574d078da95daf94aa9fda76c5ad84cc3dee94
2026-09-09T14:48:39.656301Z  INFO HTTP server listening addr=0.0.0.0:80 protocol="HTTP"
2026-09-09T14:48:39.656336Z  INFO Starting WASI OTel plugin endpoint=http://otel-collector.wamn-system.svc.cluster.local:4317 protocol="grpc"
2026-09-09T14:48:39.656354Z  INFO probe server listening addr=0.0.0.0:8081
2026-09-09T14:48:39.657681Z  INFO WASI OTel plugin started
2026-09-09T14:48:39.657746Z  INFO Host started host_id="918c87fb-b237-45dd-ad76-a6df1bc7af49" friendly_name="coordinated-curtain-3132" host_name="10.244.1.6" labels={"hostgroup": "default"} version="2.9.0" max_concurrent_starts=4
2026-09-09T14:48:39.658020Z  INFO Host provides interfaces count=10 interfaces=["wasi:cli/terminal-stdout,exit,stderr,stdin,terminal-input,environment,stdout,terminal-output,terminal-stdin,terminal-stderr@0.2.0", "wasi:clocks/wall-clock,monotonic-clock@0.2.0", "wasi:clocks/monotonic-clock,wall-time@0.2.0", "wasi:filesystem/preopens,types@0.2.0", "wasi:http/types,handler@0.3.0", "wasi:http/incoming-handler,outgoing-handler,types@0.2.0", "wasi:io/streams,error,poll@0.2.0", "wasi:random/random,insecure,insecure-seed@0.2.0", "wasi:random/random@0.2.0", "wasi:sockets/tcp,udp,tcp-create-socket,ip-name-lookup,udp-create-socket,instance-network,network@0.2.0"]
2026-09-09T14:48:39.658064Z  INFO wamn-host runtime startup completed elapsed_ms=2213 cleanup_budget_secs=51
2026-09-09T14:48:37.543971Z  INFO connected to NATS
2026-09-09T14:48:37.544554Z  INFO host memory resolved max_guest_memory=4GiB guest_memory_mode="count" default_heap_memory=256MiB core_instances=512 memories=512 pool_reservation=128GiB
2026-09-09T14:48:37.577322Z  INFO wiring activation doorbell listening; dropped every cached pointer channel="wamn_wiring_activation" dropped=0
2026-09-09T14:48:37.728932Z  INFO release component pull completed component_digest=sha256:1f481deceaea9e217fb19819c750ce39fec8e9a1e19686e43dc2ebf65b1d9fef component_bytes=669281 elapsed_ms=22
2026-09-09T14:48:37.734061Z  INFO release component pull completed component_digest=sha256:710586d8b7fa9ff054d84203d981832659ae9baa618ed03b14588d1168d68d2e component_bytes=466355 elapsed_ms=27
2026-09-09T14:48:39.578649Z  INFO release component compilation completed component_digest=sha256:710586d8b7fa9ff054d84203d981832659ae9baa618ed03b14588d1168d68d2e compile_ms=1844 compile_wall_ms=1844
2026-09-09T14:48:39.585665Z  INFO release component compilation completed component_digest=sha256:1f481deceaea9e217fb19819c750ce39fec8e9a1e19686e43dc2ebf65b1d9fef compile_ms=1856 compile_wall_ms=1856
2026-09-09T14:48:39.586501Z  WARN wamn.component.linker_setup:wamn.linker.register: component imports wamn:postgres but sets no wamn.tenant; calls will be refused component="receiving#0"
2026-09-09T14:48:39.587143Z  INFO release component instantiation completed component_digest=sha256:1f481deceaea9e217fb19819c750ce39fec8e9a1e19686e43dc2ebf65b1d9fef elapsed_ms=1 total_elapsed_ms=1880
2026-09-09T14:48:39.587944Z  WARN wamn.component.linker_setup:wamn.linker.register: component imports wamn:postgres but sets no wamn.tenant; calls will be refused component="client_acme_receiving#1"
2026-09-09T14:48:39.588413Z  INFO release component instantiation completed component_digest=sha256:710586d8b7fa9ff054d84203d981832659ae9baa618ed03b14588d1168d68d2e elapsed_ms=1 total_elapsed_ms=1881
2026-09-09T14:48:39.588500Z  INFO synchronous release preload completed synchronous_wirings=13 component_digests=2 elapsed_ms=2022
2026-09-09T14:48:39.588655Z  INFO release preload completed; component cache warm
2026-09-09T14:48:39.602994Z  INFO wamn-host starting (base plugins: wasi:config, wamn:logging, wasi:otel, wamn:postgres, wamn:jetstream, wamn:flow-http-routing) router_delivery=true
2026-09-09T14:48:39.603110Z  INFO wamn-host welded to its release effective_release_id=1 manifest_digest=sha256:e633957452b28418875cdc69a5574d078da95daf94aa9fda76c5ad84cc3dee94
2026-09-09T14:48:39.603200Z  INFO probe server listening addr=0.0.0.0:8081
2026-09-09T14:48:39.603351Z  INFO HTTP server listening addr=0.0.0.0:80 protocol="HTTP"
2026-09-09T14:48:39.603564Z  INFO Starting WASI OTel plugin endpoint=http://otel-collector.wamn-system.svc.cluster.local:4317 protocol="grpc"
2026-09-09T14:48:39.605120Z  INFO WASI OTel plugin started
2026-09-09T14:48:39.605201Z  INFO Host started host_id="0efdd35e-9e8c-4e85-a6d2-4cbc820cc6f9" friendly_name="huge-cloud-0587" host_name="10.244.2.5" labels={"hostgroup": "default"} version="2.9.0" max_concurrent_starts=4
2026-09-09T14:48:39.605445Z  INFO Host provides interfaces count=10 interfaces=["wasi:cli/terminal-input,exit,stdout,terminal-stdin,stdin,stderr,terminal-output,terminal-stdout,terminal-stderr,environment@0.2.0", "wasi:clocks/wall-time,monotonic-clock@0.2.0", "wasi:clocks/monotonic-clock,wall-clock@0.2.0", "wasi:filesystem/preopens,types@0.2.0", "wasi:http/incoming-handler,outgoing-handler,types@0.2.0", "wasi:http/handler,types@0.3.0", "wasi:io/streams,error,poll@0.2.0", "wasi:random/insecure,random,insecure-seed@0.2.0", "wasi:random/random@0.2.0", "wasi:sockets/ip-name-lookup,udp,udp-create-socket,instance-network,network,tcp-create-socket,tcp@0.2.0"]
2026-09-09T14:48:39.605668Z  INFO wamn-host runtime startup completed elapsed_ms=2210 cleanup_budget_secs=51
2026-09-09T14:48:43.751880Z  INFO workload_start{workload_id=6aa68ad7-dee5-4e3f-b14e-343f66e2e7d4 workload.name="flow-http-6c9f8d4bc-7dc4574cf6" workload.namespace="wamn-receiving-journey"}: Starting workload workload_id="6aa68ad7-dee5-4e3f-b14e-343f66e2e7d4" namespace="wamn-receiving-journey" name="flow-http-6c9f8d4bc-7dc4574cf6"
2026-09-09T14:48:43.877885Z  INFO workload_stop{workload_id=6aa68ad7-dee5-4e3f-b14e-343f66e2e7d4}: Stopping workload workload_id="6aa68ad7-dee5-4e3f-b14e-343f66e2e7d4"
2026-09-09T14:48:43.954506Z  INFO workload_start{workload_id=38e12d00-7593-4231-b2ac-c116639522be workload.name="flow-http-5c6dcf686c-6648dc844" workload.namespace="wamn-receiving-journey"}: Starting workload workload_id="38e12d00-7593-4231-b2ac-c116639522be" namespace="wamn-receiving-journey" name="flow-http-5c6dcf686c-6648dc844"
2026-09-09T14:48:48.268880Z  INFO workload_start{workload_id=9096c739-1f85-44e3-a0a6-fa4ceeddeec6 workload.name="receiving-materializer-9885896db-6454f9746d" workload.namespace="wamn-receiving-journey"}: Starting workload workload_id="9096c739-1f85-44e3-a0a6-fa4ceeddeec6" namespace="wamn-receiving-journey" name="receiving-materializer-9885896db-6454f9746d"
wamn::materializer up: stream=EVT_acme_dev filter=evt.acme.receiving.dev.*.* tenant=receiving-route-auth batch=64 fetch_ms=500 max_deliver=5 max_sweeps=0
2026-09-09T14:48:49.555144Z  WARN handle_http_request{http.method=POST http.uri=/acme/purchase_order/update http.host=receiving.localhost http.request.method=POST url.path=/acme/purchase_order/update server.address="receiving.localhost"}:invoke_component_handler{workload.name="flow-http-5c6dcf686c-6648dc844" workload.namespace="wamn-receiving-journey" workload.id="38e12d00-7593-4231-b2ac-c116639522be"}:wamn.component.invoke{wamn.tenant=receiving-route-auth wamn.project=receiving wamn.environment=dev wamn.wiring_id=purchase_order_update wamn.wiring_version=1 wamn.component_digest=sha256:710586d8b7fa9ff054d84203d981832659ae9baa618ed03b14588d1168d68d2e wamn.node_id=operation wamn.operation=client-acme-receiving:purchase-order/update@3.0.0 wamn.caller_principal_id="f0b9314d-163e-461c-8397-5538525a22c2" wamn.caller_credential_kind="pat"}:wamn.component.linker_setup:wamn.linker.register: component imports wamn:postgres but sets no wamn.tenant; calls will be refused component="client_acme_receiving#2"
2026-09-09T14:48:49.579630Z  WARN handle_http_request{http.method=POST http.uri=/acme/receiving/record_receipt http.host=receiving.localhost http.request.method=POST url.path=/acme/receiving/record_receipt server.address="receiving.localhost"}:invoke_component_handler{workload.name="flow-http-5c6dcf686c-6648dc844" workload.namespace="wamn-receiving-journey" workload.id="38e12d00-7593-4231-b2ac-c116639522be"}:wamn.component.invoke{wamn.tenant=receiving-route-auth wamn.project=receiving wamn.environment=dev wamn.wiring_id=receiving_record_receipt wamn.wiring_version=1 wamn.component_digest=sha256:710586d8b7fa9ff054d84203d981832659ae9baa618ed03b14588d1168d68d2e wamn.node_id=operation wamn.operation=client-acme-receiving:receiving/record-receipt@3.0.0 wamn.caller_principal_id="f0b9314d-163e-461c-8397-5538525a22c2" wamn.caller_credential_kind="pat"}:wamn.component.linker_setup:wamn.linker.register: component imports wamn:postgres but sets no wamn.tenant; calls will be refused component="client_acme_receiving#3"
2026-09-09T14:48:49.580124Z  WARN handle_http_request{http.method=POST http.uri=/acme/receiving/record_receipt http.host=receiving.localhost http.request.method=POST url.path=/acme/receiving/record_receipt server.address="receiving.localhost"}:invoke_component_handler{workload.name="flow-http-5c6dcf686c-6648dc844" workload.namespace="wamn-receiving-journey" workload.id="38e12d00-7593-4231-b2ac-c116639522be"}:wamn.component.invoke{wamn.tenant=receiving-route-auth wamn.project=receiving wamn.environment=dev wamn.wiring_id=receiving_record_receipt wamn.wiring_version=1 wamn.component_digest=sha256:710586d8b7fa9ff054d84203d981832659ae9baa618ed03b14588d1168d68d2e wamn.node_id=operation wamn.operation=client-acme-receiving:receiving/record-receipt@3.0.0 wamn.caller_principal_id="f0b9314d-163e-461c-8397-5538525a22c2" wamn.caller_credential_kind="pat"}:wamn.component.linker_setup:wamn.linker.register: component imports wamn:postgres but sets no wamn.tenant; calls will be refused component="receiving#4"
2026-09-09T14:48:49.840452Z  WARN wamn.component.invoke{wamn.tenant=receiving-route-auth wamn.project=receiving wamn.environment=dev wamn.wiring_id=quality_create_inspection wamn.wiring_version=1 wamn.component_digest=sha256:710586d8b7fa9ff054d84203d981832659ae9baa618ed03b14588d1168d68d2e wamn.node_id=operation wamn.operation=client-acme-receiving:quality/create-inspection@3.0.0}:wamn.component.linker_setup:wamn.linker.register: component imports wamn:postgres but sets no wamn.tenant; calls will be refused component="client_acme_receiving#5"
2026-09-09T14:48:37.622349Z  INFO connected to NATS
2026-09-09T14:48:37.623768Z  INFO host memory resolved max_guest_memory=4GiB guest_memory_mode="count" default_heap_memory=256MiB core_instances=512 memories=512 pool_reservation=128GiB
2026-09-09T14:48:37.661036Z  INFO wiring activation doorbell listening; dropped every cached pointer channel="wamn_wiring_activation" dropped=0
2026-09-09T14:48:37.882911Z  INFO release component pull completed component_digest=sha256:1f481deceaea9e217fb19819c750ce39fec8e9a1e19686e43dc2ebf65b1d9fef component_bytes=669281 elapsed_ms=64
2026-09-09T14:48:37.884493Z  INFO release component pull completed component_digest=sha256:710586d8b7fa9ff054d84203d981832659ae9baa618ed03b14588d1168d68d2e component_bytes=466355 elapsed_ms=65
2026-09-09T14:48:39.625050Z  INFO release component compilation completed component_digest=sha256:710586d8b7fa9ff054d84203d981832659ae9baa618ed03b14588d1168d68d2e compile_ms=1740 compile_wall_ms=1740
2026-09-09T14:48:39.638989Z  INFO release component compilation completed component_digest=sha256:1f481deceaea9e217fb19819c750ce39fec8e9a1e19686e43dc2ebf65b1d9fef compile_ms=1755 compile_wall_ms=1756
2026-09-09T14:48:39.639887Z  WARN wamn.component.linker_setup:wamn.linker.register: component imports wamn:postgres but sets no wamn.tenant; calls will be refused component="receiving#0"
2026-09-09T14:48:39.640519Z  INFO release component instantiation completed component_digest=sha256:1f481deceaea9e217fb19819c750ce39fec8e9a1e19686e43dc2ebf65b1d9fef elapsed_ms=1 total_elapsed_ms=1821
2026-09-09T14:48:39.641945Z  WARN wamn.component.linker_setup:wamn.linker.register: component imports wamn:postgres but sets no wamn.tenant; calls will be refused component="client_acme_receiving#1"
2026-09-09T14:48:39.642445Z  INFO release component instantiation completed component_digest=sha256:710586d8b7fa9ff054d84203d981832659ae9baa618ed03b14588d1168d68d2e elapsed_ms=1 total_elapsed_ms=1823
2026-09-09T14:48:39.642554Z  INFO synchronous release preload completed synchronous_wirings=13 component_digests=2 elapsed_ms=1991
2026-09-09T14:48:39.642830Z  INFO release preload completed; component cache warm
2026-09-09T14:48:39.659604Z  INFO wamn-host starting (base plugins: wasi:config, wamn:logging, wasi:otel, wamn:postgres, wamn:jetstream, wamn:flow-http-routing) router_delivery=true
2026-09-09T14:48:39.659784Z  INFO wamn-host welded to its release effective_release_id=1 manifest_digest=sha256:e633957452b28418875cdc69a5574d078da95daf94aa9fda76c5ad84cc3dee94
2026-09-09T14:48:39.659878Z  INFO HTTP server listening addr=0.0.0.0:80 protocol="HTTP"
2026-09-09T14:48:39.659935Z  INFO Starting WASI OTel plugin endpoint=http://otel-collector.wamn-system.svc.cluster.local:4317 protocol="grpc"
2026-09-09T14:48:39.659892Z  INFO probe server listening addr=0.0.0.0:8081
2026-09-09T14:48:39.660778Z  INFO WASI OTel plugin started
2026-09-09T14:48:39.660924Z  INFO Host started host_id="3ff2ec2d-1257-44d0-abfb-7123e916bca4" friendly_name="fierce-town-5322" host_name="10.244.2.6" labels={"hostgroup": "default"} version="2.9.0" max_concurrent_starts=4
2026-09-09T14:48:39.661077Z  INFO Host provides interfaces count=10 interfaces=["wasi:cli/environment,exit,terminal-stdout,terminal-stdin,stdin,stdout,stderr,terminal-input,terminal-stderr,terminal-output@0.2.0", "wasi:clocks/monotonic-clock,wall-clock@0.2.0", "wasi:clocks/monotonic-clock,wall-time@0.2.0", "wasi:filesystem/types,preopens@0.2.0", "wasi:http/types,handler@0.3.0", "wasi:http/incoming-handler,types,outgoing-handler@0.2.0", "wasi:io/poll,streams,error@0.2.0", "wasi:random/random@0.2.0", "wasi:random/insecure-seed,insecure,random@0.2.0", "wasi:sockets/network,tcp,instance-network,udp-create-socket,udp,ip-name-lookup,tcp-create-socket@0.2.0"]
2026-09-09T14:48:39.661107Z  INFO wamn-host runtime startup completed elapsed_ms=2188 cleanup_budget_secs=51
