1402794 execve("/home/kaalin/.cache/wamn-lanes/tui-operator-fixture-20260910/target/operator-fixture-reproduction/reproduce", ["/home/kaalin/.cache/wamn-lanes/t"..., "/tmp/wamn-operator-trace-pnoguur"...], 0x7fff20a74718 /* 80 vars */) = 0
1402794 openat(AT_FDCWD</home/kaalin/.cache/wamn-lanes/tui-operator-fixture-20260910>, "/etc/ld.so.cache", O_RDONLY|O_CLOEXEC) = 3</etc/ld.so.cache>
1402794 close(3</etc/ld.so.cache>)      = 0
1402794 openat(AT_FDCWD</home/kaalin/.cache/wamn-lanes/tui-operator-fixture-20260910>, "/usr/lib/x86_64-linux-gnu/libgcc_s.so.1", O_RDONLY|O_CLOEXEC) = 3</usr/lib/x86_64-linux-gnu/libgcc_s.so.1>
1402794 close(3</usr/lib/x86_64-linux-gnu/libgcc_s.so.1>) = 0
1402794 openat(AT_FDCWD</home/kaalin/.cache/wamn-lanes/tui-operator-fixture-20260910>, "/usr/lib/x86_64-linux-gnu/libc.so.6", O_RDONLY|O_CLOEXEC) = 3</usr/lib/x86_64-linux-gnu/libc.so.6>
1402794 close(3</usr/lib/x86_64-linux-gnu/libc.so.6>) = 0
1402794 openat(AT_FDCWD</home/kaalin/.cache/wamn-lanes/tui-operator-fixture-20260910>, "/proc/self/maps", O_RDONLY|O_CLOEXEC) = 3</proc/1402794/maps>
1402794 close(3</proc/1402794/maps>)    = 0
1402794 clone3({flags=CLONE_VM|CLONE_FS|CLONE_FILES|CLONE_SIGHAND|CLONE_THREAD|CLONE_SYSVSEM|CLONE_SETTLS|CLONE_PARENT_SETTID|CLONE_CHILD_CLEARTID, child_tid=0x7fa8fe3ffce8, parent_tid=0x7fa8fe3ff990, exit_signal=0, stack=0x7fa8fe1ff000, stack_size=0x1fff00, tls=0x7fa8fe3ff6c0} => {parent_tid=[1402795]}, 88) = 1402795
1402794 clone3({flags=CLONE_VM|CLONE_FS|CLONE_FILES|CLONE_SIGHAND|CLONE_THREAD|CLONE_SYSVSEM|CLONE_SETTLS|CLONE_PARENT_SETTID|CLONE_CHILD_CLEARTID, child_tid=0x7fa8fe1fece8, parent_tid=0x7fa8fe1fe990, exit_signal=0, stack=0x7fa8fdffe000, stack_size=0x1fff00, tls=0x7fa8fe1fe6c0} => {parent_tid=[1402796]}, 88) = 1402796
1402794 clone3({flags=CLONE_VM|CLONE_FS|CLONE_FILES|CLONE_SIGHAND|CLONE_THREAD|CLONE_SYSVSEM|CLONE_SETTLS|CLONE_PARENT_SETTID|CLONE_CHILD_CLEARTID, child_tid=0x7fa8fdffdce8, parent_tid=0x7fa8fdffd990, exit_signal=0, stack=0x7fa8fddfd000, stack_size=0x1fff00, tls=0x7fa8fdffd6c0} => {parent_tid=[1402797]}, 88) = 1402797
1402794 clone3({flags=CLONE_VM|CLONE_FS|CLONE_FILES|CLONE_SIGHAND|CLONE_THREAD|CLONE_SYSVSEM|CLONE_SETTLS|CLONE_PARENT_SETTID|CLONE_CHILD_CLEARTID, child_tid=0x7fa8fddfcce8, parent_tid=0x7fa8fddfc990, exit_signal=0, stack=0x7fa8fdbfc000, stack_size=0x1fff00, tls=0x7fa8fddfc6c0} => {parent_tid=[1402798]}, 88) = 1402798
1402798 openat(AT_FDCWD</home/kaalin/.cache/wamn-lanes/tui-operator-fixture-20260910>, "/dev/null", O_RDONLY|O_CLOEXEC <unfinished ...>
1402797 openat(AT_FDCWD</home/kaalin/.cache/wamn-lanes/tui-operator-fixture-20260910>, "/dev/null", O_RDONLY|O_CLOEXEC <unfinished ...>
1402796 openat(AT_FDCWD</home/kaalin/.cache/wamn-lanes/tui-operator-fixture-20260910>, "/dev/null", O_RDONLY|O_CLOEXEC <unfinished ...>
1402795 openat(AT_FDCWD</home/kaalin/.cache/wamn-lanes/tui-operator-fixture-20260910>, "/dev/null", O_RDONLY|O_CLOEXEC <unfinished ...>
1402794 openat(AT_FDCWD</home/kaalin/.cache/wamn-lanes/tui-operator-fixture-20260910>, "/tmp/wamn-operator-trace-pnoguurh/script-0", O_WRONLY|O_CREAT|O_TRUNC|O_CLOEXEC, 0666 <unfinished ...>
1402798 <... openat resumed>)           = 3</dev/null<char 1:3>>
1402797 <... openat resumed>)           = 4</dev/null<char 1:3>>
1402796 <... openat resumed>)           = 5</dev/null<char 1:3>>
1402794 <... openat resumed>)           = 7</tmp/wamn-operator-trace-pnoguurh/script-0>
1402795 <... openat resumed>)           = 6</dev/null<char 1:3>>
1402794 close(7</tmp/wamn-operator-trace-pnoguurh/script-0>) = 0
1402797 clone3({flags=CLONE_VM|CLONE_VFORK|CLONE_CLEAR_SIGHAND, exit_signal=SIGCHLD, stack=0x7fa8fe6d8000, stack_size=0x9000}, 88 <unfinished ...>
1402794 openat(AT_FDCWD</home/kaalin/.cache/wamn-lanes/tui-operator-fixture-20260910>, "/dev/null", O_RDONLY|O_CLOEXEC <unfinished ...>
1402798 clone3({flags=CLONE_VM|CLONE_VFORK|CLONE_CLEAR_SIGHAND, exit_signal=SIGCHLD, stack=0x7fa8fe698000, stack_size=0x9000}, 88 <unfinished ...>
1402794 <... openat resumed>)           = 7</dev/null<char 1:3>>
1402796 clone3({flags=CLONE_VM|CLONE_VFORK|CLONE_CLEAR_SIGHAND, exit_signal=SIGCHLD, stack=0x7fa8fe68f000, stack_size=0x9000}, 88 <unfinished ...>
1402795 clone3({flags=CLONE_VM|CLONE_VFORK|CLONE_CLEAR_SIGHAND, exit_signal=SIGCHLD, stack=0x7fa8fe686000, stack_size=0x9000}, 88 <unfinished ...>
1402794 clone3({flags=CLONE_VM|CLONE_VFORK|CLONE_CLEAR_SIGHAND, exit_signal=SIGCHLD, stack=0x7fa8fe67d000, stack_size=0x9000}, 88 <unfinished ...>
1402800 execve("/bin/true", ["/bin/true"], 0x7ffc83b85c10 /* 80 vars */ <unfinished ...>
1402801 execve("/bin/true", ["/bin/true"], 0x7ffc83b85c10 /* 80 vars */ <unfinished ...>
1402799 execve("/bin/true", ["/bin/true"], 0x7ffc83b85c10 /* 80 vars */ <unfinished ...>
1402802 execve("/bin/true", ["/bin/true"], 0x7ffc83b85c10 /* 80 vars */ <unfinished ...>
1402803 execve("/tmp/wamn-operator-trace-pnoguurh/script-0", ["/tmp/wamn-operator-trace-pnoguur"...], 0x7ffc83b85c10 /* 80 vars */ <unfinished ...>
1402794 <... clone3 resumed>)           = 1402803
1402798 <... clone3 resumed>)           = 1402800
1402797 <... clone3 resumed>)           = 1402799
1402796 <... clone3 resumed>)           = 1402801
1402795 <... clone3 resumed>)           = 1402802
1402803 <... execve resumed>)           = 0
1402802 <... execve resumed>)           = 0
1402801 <... execve resumed>)           = 0
1402800 <... execve resumed>)           = 0
1402799 <... execve resumed>)           = 0
1402797 close(4</dev/null<char 1:3>> <unfinished ...>
1402795 close(6</dev/null<char 1:3>> <unfinished ...>
1402797 <... close resumed>)            = 0
1402796 close(5</dev/null<char 1:3>> <unfinished ...>
1402795 <... close resumed>)            = 0
1402796 <... close resumed>)            = 0
1402803 openat(AT_FDCWD</home/kaalin/.cache/wamn-lanes/tui-operator-fixture-20260910>, "/etc/ld.so.cache", O_RDONLY|O_CLOEXEC <unfinished ...>
1402801 openat(AT_FDCWD</home/kaalin/.cache/wamn-lanes/tui-operator-fixture-20260910>, "/etc/ld.so.cache", O_RDONLY|O_CLOEXEC <unfinished ...>
1402800 openat(AT_FDCWD</home/kaalin/.cache/wamn-lanes/tui-operator-fixture-20260910>, "/etc/ld.so.cache", O_RDONLY|O_CLOEXEC <unfinished ...>
1402803 <... openat resumed>)           = 3</etc/ld.so.cache>
1402802 openat(AT_FDCWD</home/kaalin/.cache/wamn-lanes/tui-operator-fixture-20260910>, "/etc/ld.so.cache", O_RDONLY|O_CLOEXEC <unfinished ...>
1402801 <... openat resumed>)           = 3</etc/ld.so.cache>
1402800 <... openat resumed>)           = 3</etc/ld.so.cache>
1402799 openat(AT_FDCWD</home/kaalin/.cache/wamn-lanes/tui-operator-fixture-20260910>, "/etc/ld.so.cache", O_RDONLY|O_CLOEXEC <unfinished ...>
1402802 <... openat resumed>)           = 3</etc/ld.so.cache>
1402799 <... openat resumed>)           = 3</etc/ld.so.cache>
1402803 close(3</etc/ld.so.cache>)      = 0
1402801 close(3</etc/ld.so.cache> <unfinished ...>
1402802 close(3</etc/ld.so.cache> <unfinished ...>
1402803 openat(AT_FDCWD</home/kaalin/.cache/wamn-lanes/tui-operator-fixture-20260910>, "/usr/lib/x86_64-linux-gnu/libc.so.6", O_RDONLY|O_CLOEXEC <unfinished ...>
1402801 <... close resumed>)            = 0
1402800 close(3</etc/ld.so.cache> <unfinished ...>
1402803 <... openat resumed>)           = 3</usr/lib/x86_64-linux-gnu/libc.so.6>
1402802 <... close resumed>)            = 0
1402799 close(3</etc/ld.so.cache> <unfinished ...>
1402801 openat(AT_FDCWD</home/kaalin/.cache/wamn-lanes/tui-operator-fixture-20260910>, "/usr/lib/x86_64-linux-gnu/libc.so.6", O_RDONLY|O_CLOEXEC <unfinished ...>
1402800 <... close resumed>)            = 0
1402802 openat(AT_FDCWD</home/kaalin/.cache/wamn-lanes/tui-operator-fixture-20260910>, "/usr/lib/x86_64-linux-gnu/libc.so.6", O_RDONLY|O_CLOEXEC <unfinished ...>
1402799 <... close resumed>)            = 0
1402801 <... openat resumed>)           = 3</usr/lib/x86_64-linux-gnu/libc.so.6>
1402800 openat(AT_FDCWD</home/kaalin/.cache/wamn-lanes/tui-operator-fixture-20260910>, "/usr/lib/x86_64-linux-gnu/libc.so.6", O_RDONLY|O_CLOEXEC <unfinished ...>
1402802 <... openat resumed>)           = 3</usr/lib/x86_64-linux-gnu/libc.so.6>
1402799 openat(AT_FDCWD</home/kaalin/.cache/wamn-lanes/tui-operator-fixture-20260910>, "/usr/lib/x86_64-linux-gnu/libc.so.6", O_RDONLY|O_CLOEXEC <unfinished ...>
1402800 <... openat resumed>)           = 3</usr/lib/x86_64-linux-gnu/libc.so.6>
1402799 <... openat resumed>)           = 3</usr/lib/x86_64-linux-gnu/libc.so.6>
1402794 close(7</dev/null<char 1:3>>)   = 0
1402798 close(3</dev/null<char 1:3>> <unfinished ...>
1402803 close(3</usr/lib/x86_64-linux-gnu/libc.so.6>) = 0
1402798 <... close resumed>)            = 0
1402802 close(3</usr/lib/x86_64-linux-gnu/libc.so.6> <unfinished ...>
1402801 close(3</usr/lib/x86_64-linux-gnu/libc.so.6> <unfinished ...>
1402802 <... close resumed>)            = 0
1402801 <... close resumed>)            = 0
1402800 close(3</usr/lib/x86_64-linux-gnu/libc.so.6>) = 0
1402799 close(3</usr/lib/x86_64-linux-gnu/libc.so.6>) = 0
1402802 +++ exited with 0 +++
1402795 --- SIGCHLD {si_signo=SIGCHLD, si_code=CLD_EXITED, si_pid=1402802, si_uid=1000, si_status=0, si_utime=0, si_stime=0} ---
1402799 +++ exited with 0 +++
1402795 --- SIGCHLD {si_signo=SIGCHLD, si_code=CLD_EXITED, si_pid=1402799, si_uid=1000, si_status=0, si_utime=0, si_stime=0} ---
1402795 openat(AT_FDCWD</home/kaalin/.cache/wamn-lanes/tui-operator-fixture-20260910>, "/dev/null", O_RDONLY|O_CLOEXEC <unfinished ...>
1402797 openat(AT_FDCWD</home/kaalin/.cache/wamn-lanes/tui-operator-fixture-20260910>, "/dev/null", O_RDONLY|O_CLOEXEC <unfinished ...>
1402795 <... openat resumed>)           = 3</dev/null<char 1:3>>
1402797 <... openat resumed>)           = 4</dev/null<char 1:3>>
1402803 openat(AT_FDCWD</home/kaalin/.cache/wamn-lanes/tui-operator-fixture-20260910>, "/tmp/wamn-operator-trace-pnoguurh/script-0", O_RDONLY) = 3</tmp/wamn-operator-trace-pnoguurh/script-0>
1402803 close(3</tmp/wamn-operator-trace-pnoguurh/script-0>) = 0
1402797 clone3({flags=CLONE_VM|CLONE_VFORK|CLONE_CLEAR_SIGHAND, exit_signal=SIGCHLD, stack=0x7fa8fe6d8000, stack_size=0x9000}, 88 <unfinished ...>
1402795 clone3({flags=CLONE_VM|CLONE_VFORK|CLONE_CLEAR_SIGHAND, exit_signal=SIGCHLD, stack=0x7fa8fe698000, stack_size=0x9000}, 88 <unfinished ...>
1402800 +++ exited with 0 +++
1402798 --- SIGCHLD {si_signo=SIGCHLD, si_code=CLD_EXITED, si_pid=1402800, si_uid=1000, si_status=0, si_utime=0, si_stime=0} ---
1402798 openat(AT_FDCWD</home/kaalin/.cache/wamn-lanes/tui-operator-fixture-20260910>, "/dev/null", O_RDONLY|O_CLOEXEC) = 5</dev/null<char 1:3>>
1402804 execve("/bin/true", ["/bin/true"], 0x7ffc83b85c10 /* 80 vars */ <unfinished ...>
1402805 execve("/bin/true", ["/bin/true"], 0x7ffc83b85c10 /* 80 vars */ <unfinished ...>
1402798 clone3({flags=CLONE_VM|CLONE_VFORK|CLONE_CLEAR_SIGHAND, exit_signal=SIGCHLD, stack=0x7fa8fe68f000, stack_size=0x9000}, 88 <unfinished ...>
1402797 <... clone3 resumed>)           = 1402804
1402801 +++ exited with 0 +++
1402804 <... execve resumed>)           = 0
1402796 --- SIGCHLD {si_signo=SIGCHLD, si_code=CLD_EXITED, si_pid=1402801, si_uid=1000, si_status=0, si_utime=0, si_stime=0} ---
1402796 openat(AT_FDCWD</home/kaalin/.cache/wamn-lanes/tui-operator-fixture-20260910>, "/dev/null", O_RDONLY|O_CLOEXEC <unfinished ...>
1402795 <... clone3 resumed>)           = 1402805
1402805 <... execve resumed>)           = 0
1402796 <... openat resumed>)           = 6</dev/null<char 1:3>>
1402806 execve("/bin/true", ["/bin/true"], 0x7ffc83b85c10 /* 80 vars */ <unfinished ...>
1402804 openat(AT_FDCWD</home/kaalin/.cache/wamn-lanes/tui-operator-fixture-20260910>, "/etc/ld.so.cache", O_RDONLY|O_CLOEXEC) = 3</etc/ld.so.cache>
1402797 close(4</dev/null<char 1:3>> <unfinished ...>
1402798 <... clone3 resumed>)           = 1402806
1402797 <... close resumed>)            = 0
1402795 close(3</dev/null<char 1:3>> <unfinished ...>
1402806 <... execve resumed>)           = 0
1402803 +++ exited with 0 +++
1402795 <... close resumed>)            = 0
1402805 openat(AT_FDCWD</home/kaalin/.cache/wamn-lanes/tui-operator-fixture-20260910>, "/etc/ld.so.cache", O_RDONLY|O_CLOEXEC <unfinished ...>
1402804 close(3</etc/ld.so.cache> <unfinished ...>
1402796 --- SIGCHLD {si_signo=SIGCHLD, si_code=CLD_EXITED, si_pid=1402803, si_uid=1000, si_status=0, si_utime=0, si_stime=0} ---
1402805 <... openat resumed>)           = 3</etc/ld.so.cache>
1402804 <... close resumed>)            = 0
1402794 openat(AT_FDCWD</home/kaalin/.cache/wamn-lanes/tui-operator-fixture-20260910>, "/tmp/wamn-operator-trace-pnoguurh/script-1", O_WRONLY|O_CREAT|O_TRUNC|O_CLOEXEC, 0666 <unfinished ...>
1402796 clone3({flags=CLONE_VM|CLONE_VFORK|CLONE_CLEAR_SIGHAND, exit_signal=SIGCHLD, stack=0x7fa8fe6d8000, stack_size=0x9000}, 88 <unfinished ...>
1402794 <... openat resumed>)           = 3</tmp/wamn-operator-trace-pnoguurh/script-1>
1402805 close(3</etc/ld.so.cache> <unfinished ...>
1402804 openat(AT_FDCWD</home/kaalin/.cache/wamn-lanes/tui-operator-fixture-20260910>, "/usr/lib/x86_64-linux-gnu/libc.so.6", O_RDONLY|O_CLOEXEC <unfinished ...>
1402794 close(3</tmp/wamn-operator-trace-pnoguurh/script-1> <unfinished ...>
1402805 <... close resumed>)            = 0
1402794 <... close resumed>)            = 0
1402804 <... openat resumed>)           = 3</usr/lib/x86_64-linux-gnu/libc.so.6>
1402798 close(5</dev/null<char 1:3>> <unfinished ...>
1402806 openat(AT_FDCWD</home/kaalin/.cache/wamn-lanes/tui-operator-fixture-20260910>, "/etc/ld.so.cache", O_RDONLY|O_CLOEXEC <unfinished ...>
1402805 openat(AT_FDCWD</home/kaalin/.cache/wamn-lanes/tui-operator-fixture-20260910>, "/usr/lib/x86_64-linux-gnu/libc.so.6", O_RDONLY|O_CLOEXEC <unfinished ...>
1402798 <... close resumed>)            = 0
1402794 openat(AT_FDCWD</home/kaalin/.cache/wamn-lanes/tui-operator-fixture-20260910>, "/dev/null", O_RDONLY|O_CLOEXEC <unfinished ...>
1402806 <... openat resumed>)           = 3</etc/ld.so.cache>
1402805 <... openat resumed>)           = 3</usr/lib/x86_64-linux-gnu/libc.so.6>
1402794 <... openat resumed>)           = 3</dev/null<char 1:3>>
1402806 close(3</etc/ld.so.cache>)      = 0
1402806 openat(AT_FDCWD</home/kaalin/.cache/wamn-lanes/tui-operator-fixture-20260910>, "/usr/lib/x86_64-linux-gnu/libc.so.6", O_RDONLY|O_CLOEXEC <unfinished ...>
1402794 clone3({flags=CLONE_VM|CLONE_VFORK|CLONE_CLEAR_SIGHAND, exit_signal=SIGCHLD, stack=0x7fa8fe698000, stack_size=0x9000}, 88 <unfinished ...>
1402806 <... openat resumed>)           = 3</usr/lib/x86_64-linux-gnu/libc.so.6>
1402807 execve("/bin/true", ["/bin/true"], 0x7ffc83b85c10 /* 80 vars */ <unfinished ...>
1402808 execve("/tmp/wamn-operator-trace-pnoguurh/script-1", ["/tmp/wamn-operator-trace-pnoguur"...], 0x7ffc83b85c10 /* 80 vars */) = -1 ETXTBSY (Text file busy)
1402805 close(3</usr/lib/x86_64-linux-gnu/libc.so.6> <unfinished ...>
1402796 <... clone3 resumed>)           = 1402807
1402794 <... clone3 resumed>)           = 1402808
1402808 +++ exited with 127 +++
1402805 <... close resumed>)            = 0
1402807 <... execve resumed>)           = 0
1402795 --- SIGCHLD {si_signo=SIGCHLD, si_code=CLD_EXITED, si_pid=1402808, si_uid=1000, si_status=127, si_utime=0, si_stime=0} ---
1402796 close(6</dev/null<char 1:3>> <unfinished ...>
1402794 close(3</dev/null<char 1:3>>)   = 0
1402796 <... close resumed>)            = 0
1402804 close(3</usr/lib/x86_64-linux-gnu/libc.so.6>) = 0
1402807 openat(AT_FDCWD</home/kaalin/.cache/wamn-lanes/tui-operator-fixture-20260910>, "/etc/ld.so.cache", O_RDONLY|O_CLOEXEC) = 3</etc/ld.so.cache>
1402806 close(3</usr/lib/x86_64-linux-gnu/libc.so.6>) = 0
1402807 close(3</etc/ld.so.cache>)      = 0
1402807 openat(AT_FDCWD</home/kaalin/.cache/wamn-lanes/tui-operator-fixture-20260910>, "/usr/lib/x86_64-linux-gnu/libc.so.6", O_RDONLY|O_CLOEXEC) = 3</usr/lib/x86_64-linux-gnu/libc.so.6>
1402807 close(3</usr/lib/x86_64-linux-gnu/libc.so.6>) = 0
1402805 +++ exited with 0 +++
1402795 --- SIGCHLD {si_signo=SIGCHLD, si_code=CLD_EXITED, si_pid=1402805, si_uid=1000, si_status=0, si_utime=0, si_stime=0} ---
1402806 +++ exited with 0 +++
1402798 --- SIGCHLD {si_signo=SIGCHLD, si_code=CLD_EXITED, si_pid=1402806, si_uid=1000, si_status=0, si_utime=0, si_stime=0} ---
1402804 +++ exited with 0 +++
1402798 --- SIGCHLD {si_signo=SIGCHLD, si_code=CLD_EXITED, si_pid=1402804, si_uid=1000, si_status=0, si_utime=0, si_stime=0} ---
1402795 +++ exited with 0 +++
1402798 +++ exited with 0 +++
1402797 +++ exited with 0 +++
1402807 +++ exited with 0 +++
1402796 --- SIGCHLD {si_signo=SIGCHLD, si_code=CLD_EXITED, si_pid=1402807, si_uid=1000, si_status=0, si_utime=0, si_stime=0} ---
1402796 +++ exited with 0 +++
1402794 +++ exited with 26 +++
