build-components: m1 selects 9 component packages across 9 Cargo invocations
   Compiling serde_core v1.0.229
   Compiling zmij v1.0.23
   Compiling wit-bindgen v0.61.1
   Compiling serde_json v1.0.151
   Compiling itoa v1.0.18
   Compiling memchr v2.8.3
   Compiling blob-put v0.1.0 (/home/kaalin/.cache/wamn-lanes/receiving-update-projection-20260910/components/execution/blob-put)
    Finished `release` profile [optimized] target(s) in 7.45s
   Compiling serde_core v1.0.229
   Compiling wit-bindgen v0.61.1
   Compiling serde v1.0.229
   Compiling futures-task v0.3.34
   Compiling futures-core v0.3.34
   Compiling slab v0.4.12
   Compiling pin-project-lite v0.2.17
   Compiling futures-util v0.3.34
   Compiling serde_json v1.0.151
   Compiling wamn-postgres-statements v0.1.0 (/home/kaalin/.cache/wamn-lanes/receiving-update-projection-20260910/components/data/postgres-statements)
   Compiling uuid v1.26.0
   Compiling wamn-client-acme-receiving-data-access v0.1.0 (/home/kaalin/.cache/wamn-lanes/receiving-update-projection-20260910/components/data/client-acme-receiving-data)
   Compiling futures-executor v0.3.34
   Compiling client-acme-receiving v0.1.0 (/home/kaalin/.cache/wamn-lanes/receiving-update-projection-20260910/components/application/client-acme-receiving)
    Finished `release` profile [optimized] target(s) in 10.86s
   Compiling typenum v1.20.1
   Compiling futures-sink v0.3.34
   Compiling futures-core v0.3.34
   Compiling serde_json v1.0.151
   Compiling const-oid v0.10.2
   Compiling slab v0.4.12
   Compiling futures-task v0.3.34
   Compiling futures-util v0.3.34
   Compiling hybrid-array v0.4.14
   Compiling block-buffer v0.12.1
   Compiling crypto-common v0.2.2
   Compiling digest v0.11.3
   Compiling schemars v0.8.22
   Compiling futures-channel v0.3.34
   Compiling cfg-if v1.0.4
   Compiling futures-io v0.3.34
   Compiling dyn-clone v1.0.20
   Compiling futures v0.3.34
   Compiling wit-bindgen v0.61.1
   Compiling sha2 v0.11.0
   Compiling wamn-execution-contract v0.1.0 (/home/kaalin/.cache/wamn-lanes/receiving-update-projection-20260910/components/execution/contract)
   Compiling http-route v0.1.0 (/home/kaalin/.cache/wamn-lanes/receiving-update-projection-20260910/components/ingress/http-route)
    Finished `release` profile [optimized] target(s) in 18.63s
   Compiling serde_core v1.0.229
   Compiling serde v1.0.229
   Compiling num-traits v0.2.19
   Compiling jmespath v0.3.0
   Compiling lazy_static v1.5.0
   Compiling serde_json v1.0.151
   Compiling chrono v0.4.45
   Compiling wamn-event-wire v0.1.0 (/home/kaalin/.cache/wamn-lanes/receiving-update-projection-20260910/components/events/wire)
   Compiling wamn-event-reg v0.1.0 (/home/kaalin/.cache/wamn-lanes/receiving-update-projection-20260910/components/events/registration)
   Compiling wamn-materializer v0.1.0 (/home/kaalin/.cache/wamn-lanes/receiving-update-projection-20260910/components/events/materializer)
   Compiling materializer v0.1.0 (/home/kaalin/.cache/wamn-lanes/receiving-update-projection-20260910/components/execution/materializer)
    Finished `release` profile [optimized] target(s) in 16.73s
   Compiling wit-bindgen v0.61.1
   Compiling chrono v0.4.45
   Compiling wamn-postgres-statements v0.1.0 (/home/kaalin/.cache/wamn-lanes/receiving-update-projection-20260910/components/data/postgres-statements)
   Compiling base64 v0.22.1
   Compiling wamn-receiving-data-access v0.1.0 (/home/kaalin/.cache/wamn-lanes/receiving-update-projection-20260910/components/data/receiving-data)
   Compiling receiving v0.1.0 (/home/kaalin/.cache/wamn-lanes/receiving-update-projection-20260910/components/application/receiving)
    Finished `release` profile [optimized] target(s) in 10.24s
   Compiling wamn-wms-data-access v0.1.0 (/home/kaalin/.cache/wamn-lanes/receiving-update-projection-20260910/components/data/wms-data)
warning: field `adjusted_quantity` is never read
  --> /wamn/components/data/wms-data/../../../packages/wms/generated/wamn/inventory_adjust.rs:10:9
   |
 9 | pub(crate) struct FinalizeCommandRow {
   |                   ------------------ field in this struct
10 |     pub adjusted_quantity: Option<wamn_postgres_statements::Numeric>,
   |         ^^^^^^^^^^^^^^^^^
   |
   = note: `FinalizeCommandRow` has a derived impl for the trait `Debug`, but this is intentionally ignored during dead code analysis
   = note: `#[warn(dead_code)]` (part of `#[warn(unused)]`) on by default

warning: field `id` is never read
  --> /wamn/components/data/wms-data/../../../packages/wms/generated/wamn/inventory_adjust.rs:25:9
   |
24 | pub(crate) struct InsertMovementRow {
   |                   ----------------- field in this struct
25 |     pub id: wamn_postgres_statements::Uuid,
   |         ^^
   |
   = note: `InsertMovementRow` has a derived impl for the trait `Debug`, but this is intentionally ignored during dead code analysis

warning: field `location_id` is never read
  --> /wamn/components/data/wms-data/../../../packages/wms/generated/wamn/inventory_adjust.rs:30:9
   |
29 | pub(crate) struct LockPalletRow {
   |                   ------------- field in this struct
30 |     pub location_id: wamn_postgres_statements::Uuid,
   |         ^^^^^^^^^^^
   |
   = note: `LockPalletRow` has a derived impl for the trait `Debug`, but this is intentionally ignored during dead code analysis

warning: field `id` is never read
  --> /wamn/components/data/wms-data/../../../packages/wms/generated/wamn/inventory_adjust.rs:37:9
   |
36 | pub(crate) struct SetQuantityRow {
   |                   -------------- field in this struct
37 |     pub id: wamn_postgres_statements::Uuid,
   |         ^^
   |
   = note: `SetQuantityRow` has a derived impl for the trait `Debug`, but this is intentionally ignored during dead code analysis

warning: fields `id` and `quantity` are never read
 --> /wamn/components/data/wms-data/../../../packages/wms/generated/wamn/inventory_merge.rs:5:9
  |
4 | pub(crate) struct AddToTargetRow {
  |                   -------------- fields in this struct
5 |     pub id: wamn_postgres_statements::Uuid,
  |         ^^
6 |     pub quantity: wamn_postgres_statements::Numeric,
  |         ^^^^^^^^
  |
  = note: `AddToTargetRow` has a derived impl for the trait `Debug`, but this is intentionally ignored during dead code analysis

warning: field `row_version` is never read
  --> /wamn/components/data/wms-data/../../../packages/wms/generated/wamn/inventory_merge.rs:16:9
   |
15 | pub(crate) struct ConsumeSourceRow {
   |                   ---------------- field in this struct
16 |     pub row_version: i64,
   |         ^^^^^^^^^^^
   |
   = note: `ConsumeSourceRow` has a derived impl for the trait `Debug`, but this is intentionally ignored during dead code analysis

warning: field `id` is never read
  --> /wamn/components/data/wms-data/../../../packages/wms/generated/wamn/inventory_merge.rs:35:9
   |
34 | pub(crate) struct InsertMovementRow {
   |                   ----------------- field in this struct
35 |     pub id: wamn_postgres_statements::Uuid,
   |         ^^
   |
   = note: `InsertMovementRow` has a derived impl for the trait `Debug`, but this is intentionally ignored during dead code analysis

warning: field `location_id` is never read
  --> /wamn/components/data/wms-data/../../../packages/wms/generated/wamn/inventory_merge.rs:41:9
   |
39 | pub(crate) struct LockBothPalletsRow {
   |                   ------------------ field in this struct
40 |     pub id: wamn_postgres_statements::Uuid,
41 |     pub location_id: wamn_postgres_statements::Uuid,
   |         ^^^^^^^^^^^
   |
   = note: `LockBothPalletsRow` has a derived impl for the trait `Debug`, but this is intentionally ignored during dead code analysis

warning: fields `id` and `quantity` are never read
  --> /wamn/components/data/wms-data/../../../packages/wms/generated/wamn/inventory_merge.rs:48:9
   |
47 | pub(crate) struct PlaceOnTargetRow {
   |                   ---------------- fields in this struct
48 |     pub id: wamn_postgres_statements::Uuid,
   |         ^^
49 |     pub quantity: wamn_postgres_statements::Numeric,
   |         ^^^^^^^^
   |
   = note: `PlaceOnTargetRow` has a derived impl for the trait `Debug`, but this is intentionally ignored during dead code analysis

warning: field `pallet_status` is never read
  --> /wamn/components/data/wms-data/../../../packages/wms/generated/wamn/inventory_move.rs:10:9
   |
 9 | pub(crate) struct FinalizeCommandRow {
   |                   ------------------ field in this struct
10 |     pub pallet_status: Option<String>,
   |         ^^^^^^^^^^^^^
   |
   = note: `FinalizeCommandRow` has a derived impl for the trait `Debug`, but this is intentionally ignored during dead code analysis

warning: field `id` is never read
  --> /wamn/components/data/wms-data/../../../packages/wms/generated/wamn/inventory_move.rs:25:9
   |
24 | pub(crate) struct InsertMovementRow {
   |                   ----------------- field in this struct
25 |     pub id: wamn_postgres_statements::Uuid,
   |         ^^
   |
   = note: `InsertMovementRow` has a derived impl for the trait `Debug`, but this is intentionally ignored during dead code analysis

warning: field `status` is never read
  --> /wamn/components/data/wms-data/../../../packages/wms/generated/wamn/inventory_move.rs:32:9
   |
29 | pub(crate) struct LockPalletRow {
   |                   ------------- field in this struct
...
32 |     pub status: String,
   |         ^^^^^^
   |
   = note: `LockPalletRow` has a derived impl for the trait `Debug`, but this is intentionally ignored during dead code analysis

warning: field `status` is never read
  --> /wamn/components/data/wms-data/../../../packages/wms/generated/wamn/inventory_move.rs:46:9
   |
43 | pub(crate) struct SelectPalletQuantityRow {
   |                   ----------------------- field in this struct
...
46 |     pub status: String,
   |         ^^^^^^
   |
   = note: `SelectPalletQuantityRow` has a derived impl for the trait `Debug`, but this is intentionally ignored during dead code analysis

warning: field `id` is never read
  --> /wamn/components/data/wms-data/../../../packages/wms/generated/wamn/inventory_move.rs:51:9
   |
50 | pub(crate) struct ValidateLocationRow {
   |                   ------------------- field in this struct
51 |     pub id: wamn_postgres_statements::Uuid,
   |         ^^
   |
   = note: `ValidateLocationRow` has a derived impl for the trait `Debug`, but this is intentionally ignored during dead code analysis

warning: fields `id`, `row_version`, and `status` are never read
  --> /wamn/components/data/wms-data/../../../packages/wms/generated/wamn/inventory_split.rs:11:9
   |
10 | pub(crate) struct CreatePalletRow {
   |                   --------------- fields in this struct
11 |     pub id: wamn_postgres_statements::Uuid,
   |         ^^
12 |     pub row_version: i64,
   |         ^^^^^^^^^^^
13 |     pub status: String,
   |         ^^^^^^
   |
   = note: `CreatePalletRow` has a derived impl for the trait `Debug`, but this is intentionally ignored during dead code analysis

warning: field `id` is never read
  --> /wamn/components/data/wms-data/../../../packages/wms/generated/wamn/inventory_split.rs:32:9
   |
31 | pub(crate) struct InsertMovementRow {
   |                   ----------------- field in this struct
32 |     pub id: wamn_postgres_statements::Uuid,
   |         ^^
   |
   = note: `InsertMovementRow` has a derived impl for the trait `Debug`, but this is intentionally ignored during dead code analysis

warning: field `location_id` is never read
  --> /wamn/components/data/wms-data/../../../packages/wms/generated/wamn/inventory_split.rs:37:9
   |
36 | pub(crate) struct LockPalletRow {
   |                   ------------- field in this struct
37 |     pub location_id: wamn_postgres_statements::Uuid,
   |         ^^^^^^^^^^^
   |
   = note: `LockPalletRow` has a derived impl for the trait `Debug`, but this is intentionally ignored during dead code analysis

warning: fields `id` and `quantity` are never read
  --> /wamn/components/data/wms-data/../../../packages/wms/generated/wamn/inventory_split.rs:44:9
   |
43 | pub(crate) struct PlaceQuantityRow {
   |                   ---------------- fields in this struct
44 |     pub id: wamn_postgres_statements::Uuid,
   |         ^^
45 |     pub quantity: wamn_postgres_statements::Numeric,
   |         ^^^^^^^^
   |
   = note: `PlaceQuantityRow` has a derived impl for the trait `Debug`, but this is intentionally ignored during dead code analysis

warning: fields `id` and `quantity` are never read
  --> /wamn/components/data/wms-data/../../../packages/wms/generated/wamn/inventory_split.rs:55:9
   |
54 | pub(crate) struct TakeFromSourceRow {
   |                   ----------------- fields in this struct
55 |     pub id: wamn_postgres_statements::Uuid,
   |         ^^
56 |     pub quantity: wamn_postgres_statements::Numeric,
   |         ^^^^^^^^
   |
   = note: `TakeFromSourceRow` has a derived impl for the trait `Debug`, but this is intentionally ignored during dead code analysis

warning: field `id` is never read
  --> /wamn/components/data/wms-data/../../../packages/wms/generated/wamn/inventory_split.rs:67:9
   |
66 | pub(crate) struct ValidateLocationRow {
   |                   ------------------- field in this struct
67 |     pub id: wamn_postgres_statements::Uuid,
   |         ^^
   |
   = note: `ValidateLocationRow` has a derived impl for the trait `Debug`, but this is intentionally ignored during dead code analysis

warning: constant `REFUSALS` is never used
  --> data/wms-data/src/inventory_adjust.rs:28:18
   |
28 | pub(crate) const REFUSALS: &[AccessErrorKind] = &[
   |                  ^^^^^^^^

warning: constant `REFUSALS` is never used
  --> data/wms-data/src/inventory_aggregate.rs:14:18
   |
14 | pub(crate) const REFUSALS: &[AccessErrorKind] = &[
   |                  ^^^^^^^^

warning: constant `REFUSALS` is never used
  --> data/wms-data/src/inventory_merge.rs:30:18
   |
30 | pub(crate) const REFUSALS: &[AccessErrorKind] = &[
   |                  ^^^^^^^^

warning: constant `REFUSALS` is never used
  --> data/wms-data/src/inventory_move.rs:33:18
   |
33 | pub(crate) const REFUSALS: &[AccessErrorKind] = &[
   |                  ^^^^^^^^

warning: constant `REFUSALS` is never used
  --> data/wms-data/src/inventory_split.rs:29:18
   |
29 | pub(crate) const REFUSALS: &[AccessErrorKind] = &[
   |                  ^^^^^^^^

warning: constant `GET_REFUSALS` is never used
  --> data/wms-data/src/pallet.rs:16:18
   |
16 | pub(crate) const GET_REFUSALS: &[AccessErrorKind] = &[
   |                  ^^^^^^^^^^^^

warning: constant `QUERY_REFUSALS` is never used
  --> data/wms-data/src/pallet.rs:25:18
   |
25 | pub(crate) const QUERY_REFUSALS: &[AccessErrorKind] = &[
   |                  ^^^^^^^^^^^^^^

warning: `wamn-wms-data-access` (lib) generated 27 warnings
   Compiling wms v0.1.0 (/home/kaalin/.cache/wamn-lanes/receiving-update-projection-20260910/components/application/wms)
    Finished `release` profile [optimized] target(s) in 8.84s
   Compiling serde_core v1.0.229
   Compiling wit-bindgen-rt v0.44.0
   Compiling bitflags v2.13.1
   Compiling serde_json v1.0.151
   Compiling memchr v2.8.3
   Compiling dlmalloc v0.2.14
   Compiling wit-bindgen v0.44.0
   Compiling http-request v0.1.0 (/home/kaalin/.cache/wamn-lanes/receiving-update-projection-20260910/components/no-std/http-request)
warning: suspicious definition of the runtime `memcmp` symbol used by the standard library
  --> http-request/src/../../guest_runtime.rs:60:1
   |
60 | unsafe extern "C" fn memcmp(left: *const u8, right: *const u8, length: usize) -> i32 {
   | ^^^^^^^^^^^^^^^^^^^^^^^^^^^^^^^^^^^^^^^^^^^^^^^^^^^^^^^^^^^^^^^^^^^^^^^^^^^^^^^^^^^^
   |
   = note: expected `unsafe extern "C" fn(*const c_void, *const c_void, usize) -> i32`
           found    `unsafe extern "C" fn(*const u8, *const u8, usize) -> i32`
   = help: either fix the signature or remove any attributes like `#[unsafe(no_mangle)]`, `#[unsafe(export_name = "memcmp")]`, or `#[link_name = "memcmp"]`
   = help: allow this lint if the signature is compatible
   = note: `#[warn(suspicious_runtime_symbol_definitions)]` on by default

warning: `http-request` (lib) generated 1 warning
    Finished `release` profile [optimized] target(s) in 6.57s
   Compiling label-template v0.1.0 (/home/kaalin/.cache/wamn-lanes/receiving-update-projection-20260910/components/no-std/label-template)
   Compiling label-render v0.1.0 (/home/kaalin/.cache/wamn-lanes/receiving-update-projection-20260910/components/no-std/label-render)
warning: unused variable: `record`
  --> label-render/src/lib.rs:86:22
   |
86 |             let Some(record) = fields.as_object_mut() else {
   |                      ^^^^^^ help: if this is intentional, prefix it with an underscore: `_record`
   |
   = note: `#[warn(unused_variables)]` (part of `#[warn(unused)]`) on by default

warning: suspicious definition of the runtime `memcmp` symbol used by the standard library
  --> label-render/src/../../guest_runtime.rs:60:1
   |
60 | unsafe extern "C" fn memcmp(left: *const u8, right: *const u8, length: usize) -> i32 {
   | ^^^^^^^^^^^^^^^^^^^^^^^^^^^^^^^^^^^^^^^^^^^^^^^^^^^^^^^^^^^^^^^^^^^^^^^^^^^^^^^^^^^^
   |
   = note: expected `unsafe extern "C" fn(*const c_void, *const c_void, usize) -> i32`
           found    `unsafe extern "C" fn(*const u8, *const u8, usize) -> i32`
   = help: either fix the signature or remove any attributes like `#[unsafe(no_mangle)]`, `#[unsafe(export_name = "memcmp")]`, or `#[link_name = "memcmp"]`
   = help: allow this lint if the signature is compatible
   = note: `#[warn(suspicious_runtime_symbol_definitions)]` on by default

warning: `label-render` (lib) generated 2 warnings (run `cargo fix --lib -p label-render` to apply 1 suggestion)
    Finished `release` profile [optimized] target(s) in 0.82s
   Compiling transform v0.1.0 (/home/kaalin/.cache/wamn-lanes/receiving-update-projection-20260910/components/no-std/transform)
warning: suspicious definition of the runtime `memcmp` symbol used by the standard library
  --> transform/src/../../guest_runtime.rs:60:1
   |
60 | unsafe extern "C" fn memcmp(left: *const u8, right: *const u8, length: usize) -> i32 {
   | ^^^^^^^^^^^^^^^^^^^^^^^^^^^^^^^^^^^^^^^^^^^^^^^^^^^^^^^^^^^^^^^^^^^^^^^^^^^^^^^^^^^^
   |
   = note: expected `unsafe extern "C" fn(*const c_void, *const c_void, usize) -> i32`
           found    `unsafe extern "C" fn(*const u8, *const u8, usize) -> i32`
   = help: either fix the signature or remove any attributes like `#[unsafe(no_mangle)]`, `#[unsafe(export_name = "memcmp")]`, or `#[link_name = "memcmp"]`
   = help: allow this lint if the signature is compatible
   = note: `#[warn(suspicious_runtime_symbol_definitions)]` on by default

warning: `transform` (lib) generated 1 warning
    Finished `release` profile [optimized] target(s) in 0.66s
build-components: m1 normalizes 4 declared artifacts with profile std-empty-environment
   Compiling wamn-component-virtualizer v0.1.0 (/home/kaalin/.cache/wamn-lanes/receiving-update-projection-20260910/crates/platform/component-virtualizer)
    Finished `dev` profile [unoptimized + debuginfo] target(s) in 1.68s
     Running `target/debug/wamn-component-virtualizer --input /home/kaalin/.cache/wamn-lanes/receiving-update-projection-20260910/target/wasm32-wasip2/release/blob_put.wasm --output /home/kaalin/.cache/wamn-lanes/receiving-update-projection-20260910/target/virtualized/std-empty-environment/blob_put.wasm.partial.2725369`
wasi-virt-source-rev=448f6df8f688cee5d6995e96b1ffc31f9bf00742 wasi-virt-adapter-sha256=sha256:28eff8a2255812b440fbad2784a5a87660321e667331c17fb9a95f29caa85632
build-components: normalized blob-put -> /home/kaalin/.cache/wamn-lanes/receiving-update-projection-20260910/target/virtualized/std-empty-environment/blob_put.wasm
    Finished `dev` profile [unoptimized + debuginfo] target(s) in 0.41s
     Running `target/debug/wamn-component-virtualizer --input /home/kaalin/.cache/wamn-lanes/receiving-update-projection-20260910/target/wasm32-wasip2/release/client_acme_receiving.wasm --output /home/kaalin/.cache/wamn-lanes/receiving-update-projection-20260910/target/virtualized/std-empty-environment/client_acme_receiving.wasm.partial.2725369`
wasi-virt-source-rev=448f6df8f688cee5d6995e96b1ffc31f9bf00742 wasi-virt-adapter-sha256=sha256:28eff8a2255812b440fbad2784a5a87660321e667331c17fb9a95f29caa85632
build-components: normalized client-acme-receiving -> /home/kaalin/.cache/wamn-lanes/receiving-update-projection-20260910/target/virtualized/std-empty-environment/client_acme_receiving.wasm
    Finished `dev` profile [unoptimized + debuginfo] target(s) in 0.51s
     Running `target/debug/wamn-component-virtualizer --input /home/kaalin/.cache/wamn-lanes/receiving-update-projection-20260910/target/wasm32-wasip2/release/receiving.wasm --output /home/kaalin/.cache/wamn-lanes/receiving-update-projection-20260910/target/virtualized/std-empty-environment/receiving.wasm.partial.2725369`
wasi-virt-source-rev=448f6df8f688cee5d6995e96b1ffc31f9bf00742 wasi-virt-adapter-sha256=sha256:28eff8a2255812b440fbad2784a5a87660321e667331c17fb9a95f29caa85632
build-components: normalized receiving -> /home/kaalin/.cache/wamn-lanes/receiving-update-projection-20260910/target/virtualized/std-empty-environment/receiving.wasm
    Finished `dev` profile [unoptimized + debuginfo] target(s) in 0.48s
     Running `target/debug/wamn-component-virtualizer --input /home/kaalin/.cache/wamn-lanes/receiving-update-projection-20260910/target/wasm32-wasip2/release/wms.wasm --output /home/kaalin/.cache/wamn-lanes/receiving-update-projection-20260910/target/virtualized/std-empty-environment/wms.wasm.partial.2725369`
wasi-virt-source-rev=448f6df8f688cee5d6995e96b1ffc31f9bf00742 wasi-virt-adapter-sha256=sha256:28eff8a2255812b440fbad2784a5a87660321e667331c17fb9a95f29caa85632
build-components: normalized wms -> /home/kaalin/.cache/wamn-lanes/receiving-update-projection-20260910/target/virtualized/std-empty-environment/wms.wasm
