   Compiling serde v1.0.229
   Compiling zerovec v0.11.8
   Compiling tinystr v0.8.4
   Compiling zerotrie v0.2.5
   Compiling icu_locale_core v2.3.0
   Compiling potential_utf v0.1.6
   Compiling bytes v1.12.1
   Compiling icu_collections v2.3.0
   Compiling icu_provider v2.3.1
   Compiling tokio v1.53.1
   Compiling icu_properties v2.3.0
   Compiling icu_normalizer v2.3.0
   Compiling idna_adapter v1.2.2
   Compiling idna v1.1.0
   Compiling schemars v0.8.22
   Compiling url v2.5.8
   Compiling postgres-protocol v0.6.12
   Compiling futures-util v0.3.34
   Compiling chrono v0.4.45
   Compiling tokio-util v0.7.19
   Compiling postgres-types v0.2.14
   Compiling wamn-execution-contract v0.1.0 (/home/kaalin/dev/wamn/apps/platform/execution/contract)
   Compiling rustls v0.23.43
   Compiling boon v0.6.1
   Compiling cc v1.4.4
   Compiling tokio-postgres v0.7.18
   Compiling rustls-webpki v0.103.15
   Compiling wamn-event-wire v0.1.0 (/home/kaalin/dev/wamn/apps/platform/events/wire)
   Compiling wamn-schema-introspection v0.1.0 (/home/kaalin/dev/wamn/crates/schema/introspection)
   Compiling wamn-catalog v0.1.0 (/home/kaalin/dev/wamn/crates/catalog/model)
   Compiling ring v0.17.14
warning: function `canonical_serialized` is never used
   --> crates/catalog/model/src/lib.rs:791:4
    |
791 | fn canonical_serialized(value: &impl Serialize) -> Vec<u8> {
    |    ^^^^^^^^^^^^^^^^^^^^
    |
    = note: `#[warn(dead_code)]` (part of `#[warn(unused)]`) on by default

   Compiling wamn-run-state v0.1.0 (/home/kaalin/dev/wamn/crates/execution/run-state)
   Compiling wamn-schema-generator v0.1.0 (/home/kaalin/dev/wamn/crates/schema/generator)
warning: `wamn-catalog` (lib) generated 1 warning
   Compiling thiserror v2.0.20
   Compiling tracing v0.1.44
   Compiling tokio-rustls v0.26.4
   Compiling tryhard v0.5.2
   Compiling tokio-stream v0.1.19
   Compiling wamn-control-registry v0.1.0 (/home/kaalin/dev/wamn/crates/control/registry)
   Compiling serde_nanos v0.1.4
   Compiling getrandom v0.2.17
   Compiling serde_repr v0.1.21
   Compiling serde_yaml v0.9.34+deprecated
   Compiling async-nats v0.49.1
   Compiling wamn-control-provision v0.1.0 (/home/kaalin/dev/wamn/crates/control/provision)
   Compiling wamn-authoring-model v0.1.0 (/home/kaalin/dev/wamn/crates/authoring/model)
   Compiling wamn-test-infrastructure v0.1.0 (/home/kaalin/dev/wamn/test-support/infrastructure)
    Finished `test` profile [unoptimized + debuginfo] target(s) in 35.04s
     Running unittests lib.rs (target/debug/deps/wamn_test_infrastructure-7cd9c6883a87861a)

running 3 tests
test event_broker::tests::invalid_scope_and_repeated_durables_leave_no_broker_files ... ok
test event_broker::tests::runtime_roles_cannot_manage_streams_or_consumers ... ok
test event_broker::tests::private_files_keep_passwords_out_of_debug_and_bind_the_inspected_server ... ok

test result: ok. 3 passed; 0 failed; 0 ignored; 0 measured; 44 filtered out; finished in 0.00s

