build-components: app selects 3 component packages across 3 Cargo invocations
   Compiling proc-macro2 v1.0.107
   Compiling serde_core v1.0.229
   Compiling quote v1.0.47
   Compiling unicode-ident v1.0.24
   Compiling zmij v1.0.23
   Compiling foldhash v0.2.0
   Compiling hashbrown v0.17.1
   Compiling equivalent v1.0.2
   Compiling serde_json v1.0.151
   Compiling anyhow v1.0.104
   Compiling semver v1.0.28
   Compiling indexmap v2.14.0
   Compiling bitflags v2.13.1
   Compiling syn v3.0.4
   Compiling wasmparser v0.258.0
   Compiling serde v1.0.229
   Compiling serde_derive v1.0.229
   Compiling itoa v1.0.18
   Compiling memchr v2.8.3
   Compiling prettyplease v0.2.37
   Compiling leb128fmt v0.1.0
   Compiling id-arena v2.3.0
   Compiling log v0.4.34
   Compiling wit-parser v0.258.0
   Compiling wasm-encoder v0.258.0
   Compiling wasm-metadata v0.258.0
   Compiling syn v2.0.119
   Compiling wit-bindgen-rust v0.61.1
   Compiling heck v0.5.0
   Compiling wit-bindgen-core v0.61.1
   Compiling wit-component v0.258.0
   Compiling wit-bindgen-rust-macro v0.61.1
   Compiling wit-bindgen v0.61.1
   Compiling slab v0.4.12
   Compiling pin-project-lite v0.2.17
   Compiling futures-core v0.3.34
   Compiling futures-task v0.3.34
   Compiling futures-util v0.3.34
   Compiling wamn-postgres-statements v0.1.0 (/home/kaalin/.cache/wamn-lanes/consolidation-guest-bytes-b-20260911/apps/platform/data/postgres-statements)
   Compiling uuid v1.26.0
   Compiling wamn-client-acme-receiving-data-access v0.1.0 (/home/kaalin/.cache/wamn-lanes/consolidation-guest-bytes-b-20260911/apps/client_acme_receiving/data)
   Compiling futures-executor v0.3.34
   Compiling client-acme-receiving v0.1.0 (/home/kaalin/.cache/wamn-lanes/consolidation-guest-bytes-b-20260911/apps/client_acme_receiving/component)
    Finished `release` profile [optimized] target(s) in 32.41s
   Compiling syn v2.0.119
   Compiling typenum v1.20.1
   Compiling hybrid-array v0.4.14
   Compiling autocfg v1.5.1
   Compiling serde_json v1.0.151
   Compiling num-traits v0.2.19
   Compiling crypto-common v0.2.2
   Compiling prettyplease v0.2.37
   Compiling wit-bindgen-rust v0.61.1
   Compiling serde_derive_internals v0.29.1
   Compiling block-buffer v0.12.1
   Compiling const-oid v0.10.2
   Compiling schemars v0.8.22
   Compiling wit-bindgen-rust-macro v0.61.1
   Compiling digest v0.11.3
   Compiling schemars_derive v0.8.22
   Compiling cfg-if v1.0.4
   Compiling dyn-clone v1.0.20
   Compiling sha2 v0.11.0
   Compiling wit-bindgen v0.61.1
   Compiling wamn-postgres-statements v0.1.0 (/home/kaalin/.cache/wamn-lanes/consolidation-guest-bytes-b-20260911/apps/platform/data/postgres-statements)
   Compiling chrono v0.4.45
   Compiling wamn-execution-contract v0.1.0 (/home/kaalin/.cache/wamn-lanes/consolidation-guest-bytes-b-20260911/apps/platform/execution/contract)
   Compiling base64 v0.22.1
   Compiling wamn-receiving-data-access v0.1.0 (/home/kaalin/.cache/wamn-lanes/consolidation-guest-bytes-b-20260911/apps/wamn_receiving/data)
   Compiling receiving v0.1.0 (/home/kaalin/.cache/wamn-lanes/consolidation-guest-bytes-b-20260911/apps/wamn_receiving/component)
    Finished `release` profile [optimized] target(s) in 19.41s
   Compiling wamn-wms-data-access v0.1.0 (/home/kaalin/.cache/wamn-lanes/consolidation-guest-bytes-b-20260911/apps/wamn_wms/data)
warning: field `adjusted_quantity` is never read
  --> /wamn/apps/wamn_wms/data/../generated/wamn/inventory_adjust.rs:10:9
   |
 9 | pub(crate) struct FinalizeCommandRow {
   |                   ------------------ field in this struct
10 |     pub adjusted_quantity: Option<wamn_postgres_statements::Numeric>,
   |         ^^^^^^^^^^^^^^^^^
   |
   = note: `FinalizeCommandRow` has a derived impl for the trait `Debug`, but this is intentionally ignored during dead code analysis
   = note: `#[warn(dead_code)]` (part of `#[warn(unused)]`) on by default

warning: field `id` is never read
  --> /wamn/apps/wamn_wms/data/../generated/wamn/inventory_adjust.rs:25:9
   |
24 | pub(crate) struct InsertMovementRow {
   |                   ----------------- field in this struct
25 |     pub id: wamn_postgres_statements::Uuid,
   |         ^^
   |
   = note: `InsertMovementRow` has a derived impl for the trait `Debug`, but this is intentionally ignored during dead code analysis

warning: field `location_id` is never read
  --> /wamn/apps/wamn_wms/data/../generated/wamn/inventory_adjust.rs:30:9
   |
29 | pub(crate) struct LockPalletRow {
   |                   ------------- field in this struct
30 |     pub location_id: wamn_postgres_statements::Uuid,
   |         ^^^^^^^^^^^
   |
   = note: `LockPalletRow` has a derived impl for the trait `Debug`, but this is intentionally ignored during dead code analysis

warning: field `id` is never read
  --> /wamn/apps/wamn_wms/data/../generated/wamn/inventory_adjust.rs:37:9
   |
36 | pub(crate) struct SetQuantityRow {
   |                   -------------- field in this struct
37 |     pub id: wamn_postgres_statements::Uuid,
   |         ^^
   |
   = note: `SetQuantityRow` has a derived impl for the trait `Debug`, but this is intentionally ignored during dead code analysis

warning: fields `id` and `quantity` are never read
 --> /wamn/apps/wamn_wms/data/../generated/wamn/inventory_merge.rs:5:9
  |
4 | pub(crate) struct AddToTargetRow {
  |                   -------------- fields in this struct
5 |     pub id: wamn_postgres_statements::Uuid,
  |         ^^
6 |     pub quantity: wamn_postgres_statements::Numeric,
  |         ^^^^^^^^
  |
  = note: `AddToTargetRow` has a derived impl for the trait `Debug`, but this is intentionally ignored during dead code analysis

warning: field `row_version` is never read
  --> /wamn/apps/wamn_wms/data/../generated/wamn/inventory_merge.rs:16:9
   |
15 | pub(crate) struct ConsumeSourceRow {
   |                   ---------------- field in this struct
16 |     pub row_version: i64,
   |         ^^^^^^^^^^^
   |
   = note: `ConsumeSourceRow` has a derived impl for the trait `Debug`, but this is intentionally ignored during dead code analysis

warning: field `id` is never read
  --> /wamn/apps/wamn_wms/data/../generated/wamn/inventory_merge.rs:35:9
   |
34 | pub(crate) struct InsertMovementRow {
   |                   ----------------- field in this struct
35 |     pub id: wamn_postgres_statements::Uuid,
   |         ^^
   |
   = note: `InsertMovementRow` has a derived impl for the trait `Debug`, but this is intentionally ignored during dead code analysis

warning: field `location_id` is never read
  --> /wamn/apps/wamn_wms/data/../generated/wamn/inventory_merge.rs:41:9
   |
39 | pub(crate) struct LockBothPalletsRow {
   |                   ------------------ field in this struct
40 |     pub id: wamn_postgres_statements::Uuid,
41 |     pub location_id: wamn_postgres_statements::Uuid,
   |         ^^^^^^^^^^^
   |
   = note: `LockBothPalletsRow` has a derived impl for the trait `Debug`, but this is intentionally ignored during dead code analysis

warning: fields `id` and `quantity` are never read
  --> /wamn/apps/wamn_wms/data/../generated/wamn/inventory_merge.rs:48:9
   |
47 | pub(crate) struct PlaceOnTargetRow {
   |                   ---------------- fields in this struct
48 |     pub id: wamn_postgres_statements::Uuid,
   |         ^^
49 |     pub quantity: wamn_postgres_statements::Numeric,
   |         ^^^^^^^^
   |
   = note: `PlaceOnTargetRow` has a derived impl for the trait `Debug`, but this is intentionally ignored during dead code analysis

warning: field `pallet_status` is never read
  --> /wamn/apps/wamn_wms/data/../generated/wamn/inventory_move.rs:10:9
   |
 9 | pub(crate) struct FinalizeCommandRow {
   |                   ------------------ field in this struct
10 |     pub pallet_status: Option<String>,
   |         ^^^^^^^^^^^^^
   |
   = note: `FinalizeCommandRow` has a derived impl for the trait `Debug`, but this is intentionally ignored during dead code analysis

warning: field `id` is never read
  --> /wamn/apps/wamn_wms/data/../generated/wamn/inventory_move.rs:25:9
   |
24 | pub(crate) struct InsertMovementRow {
   |                   ----------------- field in this struct
25 |     pub id: wamn_postgres_statements::Uuid,
   |         ^^
   |
   = note: `InsertMovementRow` has a derived impl for the trait `Debug`, but this is intentionally ignored during dead code analysis

warning: field `status` is never read
  --> /wamn/apps/wamn_wms/data/../generated/wamn/inventory_move.rs:32:9
   |
29 | pub(crate) struct LockPalletRow {
   |                   ------------- field in this struct
...
32 |     pub status: String,
   |         ^^^^^^
   |
   = note: `LockPalletRow` has a derived impl for the trait `Debug`, but this is intentionally ignored during dead code analysis

warning: field `status` is never read
  --> /wamn/apps/wamn_wms/data/../generated/wamn/inventory_move.rs:46:9
   |
43 | pub(crate) struct SelectPalletQuantityRow {
   |                   ----------------------- field in this struct
...
46 |     pub status: String,
   |         ^^^^^^
   |
   = note: `SelectPalletQuantityRow` has a derived impl for the trait `Debug`, but this is intentionally ignored during dead code analysis

warning: field `id` is never read
  --> /wamn/apps/wamn_wms/data/../generated/wamn/inventory_move.rs:51:9
   |
50 | pub(crate) struct ValidateLocationRow {
   |                   ------------------- field in this struct
51 |     pub id: wamn_postgres_statements::Uuid,
   |         ^^
   |
   = note: `ValidateLocationRow` has a derived impl for the trait `Debug`, but this is intentionally ignored during dead code analysis

warning: fields `id`, `row_version`, and `status` are never read
  --> /wamn/apps/wamn_wms/data/../generated/wamn/inventory_split.rs:11:9
   |
10 | pub(crate) struct CreatePalletRow {
   |                   --------------- fields in this struct
11 |     pub id: wamn_postgres_statements::Uuid,
   |         ^^
12 |     pub row_version: i64,
   |         ^^^^^^^^^^^
13 |     pub status: String,
   |         ^^^^^^
   |
   = note: `CreatePalletRow` has a derived impl for the trait `Debug`, but this is intentionally ignored during dead code analysis

warning: field `id` is never read
  --> /wamn/apps/wamn_wms/data/../generated/wamn/inventory_split.rs:32:9
   |
31 | pub(crate) struct InsertMovementRow {
   |                   ----------------- field in this struct
32 |     pub id: wamn_postgres_statements::Uuid,
   |         ^^
   |
   = note: `InsertMovementRow` has a derived impl for the trait `Debug`, but this is intentionally ignored during dead code analysis

warning: field `location_id` is never read
  --> /wamn/apps/wamn_wms/data/../generated/wamn/inventory_split.rs:37:9
   |
36 | pub(crate) struct LockPalletRow {
   |                   ------------- field in this struct
37 |     pub location_id: wamn_postgres_statements::Uuid,
   |         ^^^^^^^^^^^
   |
   = note: `LockPalletRow` has a derived impl for the trait `Debug`, but this is intentionally ignored during dead code analysis

warning: fields `id` and `quantity` are never read
  --> /wamn/apps/wamn_wms/data/../generated/wamn/inventory_split.rs:44:9
   |
43 | pub(crate) struct PlaceQuantityRow {
   |                   ---------------- fields in this struct
44 |     pub id: wamn_postgres_statements::Uuid,
   |         ^^
45 |     pub quantity: wamn_postgres_statements::Numeric,
   |         ^^^^^^^^
   |
   = note: `PlaceQuantityRow` has a derived impl for the trait `Debug`, but this is intentionally ignored during dead code analysis

warning: fields `id` and `quantity` are never read
  --> /wamn/apps/wamn_wms/data/../generated/wamn/inventory_split.rs:55:9
   |
54 | pub(crate) struct TakeFromSourceRow {
   |                   ----------------- fields in this struct
55 |     pub id: wamn_postgres_statements::Uuid,
   |         ^^
56 |     pub quantity: wamn_postgres_statements::Numeric,
   |         ^^^^^^^^
   |
   = note: `TakeFromSourceRow` has a derived impl for the trait `Debug`, but this is intentionally ignored during dead code analysis

warning: field `id` is never read
  --> /wamn/apps/wamn_wms/data/../generated/wamn/inventory_split.rs:67:9
   |
66 | pub(crate) struct ValidateLocationRow {
   |                   ------------------- field in this struct
67 |     pub id: wamn_postgres_statements::Uuid,
   |         ^^
   |
   = note: `ValidateLocationRow` has a derived impl for the trait `Debug`, but this is intentionally ignored during dead code analysis

warning: constant `REFUSALS` is never used
  --> wamn_wms/data/src/inventory_adjust.rs:28:18
   |
28 | pub(crate) const REFUSALS: &[AccessErrorKind] = &[
   |                  ^^^^^^^^

warning: constant `REFUSALS` is never used
  --> wamn_wms/data/src/inventory_aggregate.rs:14:18
   |
14 | pub(crate) const REFUSALS: &[AccessErrorKind] = &[
   |                  ^^^^^^^^

warning: constant `REFUSALS` is never used
  --> wamn_wms/data/src/inventory_merge.rs:30:18
   |
30 | pub(crate) const REFUSALS: &[AccessErrorKind] = &[
   |                  ^^^^^^^^

warning: constant `REFUSALS` is never used
  --> wamn_wms/data/src/inventory_move.rs:33:18
   |
33 | pub(crate) const REFUSALS: &[AccessErrorKind] = &[
   |                  ^^^^^^^^

warning: constant `REFUSALS` is never used
  --> wamn_wms/data/src/inventory_split.rs:29:18
   |
29 | pub(crate) const REFUSALS: &[AccessErrorKind] = &[
   |                  ^^^^^^^^

warning: constant `GET_REFUSALS` is never used
  --> wamn_wms/data/src/pallet.rs:16:18
   |
16 | pub(crate) const GET_REFUSALS: &[AccessErrorKind] = &[
   |                  ^^^^^^^^^^^^

warning: constant `QUERY_REFUSALS` is never used
  --> wamn_wms/data/src/pallet.rs:25:18
   |
25 | pub(crate) const QUERY_REFUSALS: &[AccessErrorKind] = &[
   |                  ^^^^^^^^^^^^^^

warning: `wamn-wms-data-access` (lib) generated 27 warnings
   Compiling wms v0.1.0 (/home/kaalin/.cache/wamn-lanes/consolidation-guest-bytes-b-20260911/apps/wamn_wms/component)
    Finished `release` profile [optimized] target(s) in 5.00s
