   Compiling cranelift-codegen v0.134.4
   Compiling hyper-timeout v0.5.2
   Compiling hyper-rustls v0.27.9
   Compiling tower-http v0.6.11
   Compiling rustls-platform-verifier v0.7.0
   Compiling wasmparser v0.254.0
   Compiling reqwest v0.13.4
   Compiling tonic v0.14.6
   Compiling postgres-types v0.2.14
   Compiling cranelift-native v0.134.4
   Compiling wasmtime-internal-unwinder v47.0.4
   Compiling cranelift-frontend v0.134.4
   Compiling wasmtime-internal-cranelift v47.0.4
   Compiling wasmtime v47.0.4
   Compiling wasm-encoder v0.253.0
   Compiling tracing-subscriber v0.3.23
   Compiling opentelemetry_sdk v0.31.0
   Compiling wasmtime-wasi-io v47.0.4
   Compiling wiggle v47.0.4
   Compiling wasm-metadata v0.253.0
   Compiling tokio-postgres v0.7.18
   Compiling tonic-prost v0.14.6
   Compiling wasm-encoder v0.254.0
   Compiling wit-parser v0.253.0
   Compiling nkeys v0.4.5
   Compiling oci-client v0.17.0
   Compiling wit-component v0.253.0
   Compiling wasm-metadata v0.254.0
   Compiling opentelemetry-proto v0.31.0
   Compiling wasmtime-wasi v47.0.4
   Compiling wit-parser v0.254.0
   Compiling opentelemetry-http v0.31.0
   Compiling wamn-event-wire v0.1.0 (/home/kaalin/dev/wamn/components/events/wire)
   Compiling combine v4.6.8
   Compiling deadpool-runtime v0.3.1
   Compiling tryhard v0.5.2
   Compiling async-nats v0.49.1
   Compiling deadpool v0.13.1
   Compiling wasmtime-wasi-http v47.0.4
   Compiling redis v0.27.6
   Compiling opentelemetry-otlp v0.31.1
   Compiling wit-component v0.254.0
   Compiling cap-net-ext v3.4.6
   Compiling oci-wasm v0.6.0
   Compiling tracing-opentelemetry v0.32.1
   Compiling opentelemetry-appender-tracing v0.31.1
   Compiling terminal_size v0.4.4
   Compiling wasmparser v0.247.0
   Compiling wamn-pg-core v0.1.0 (/home/kaalin/dev/wamn/crates/platform/pg-core)
   Compiling wamn-component-policy v0.1.0 (/home/kaalin/dev/wamn/crates/platform/component-policy)
   Compiling wamn-catalog v0.1.0 (/home/kaalin/dev/wamn/crates/catalog/model)
warning: function `canonical_serialized` is never used
   --> crates/catalog/model/src/lib.rs:792:4
    |
792 | fn canonical_serialized(value: &impl Serialize) -> Vec<u8> {
    |    ^^^^^^^^^^^^^^^^^^^^
    |
    = note: `#[warn(dead_code)]` (part of `#[warn(unused)]`) on by default

warning: `wamn-catalog` (lib) generated 1 warning
   Compiling wash-runtime v2.9.0 (https://github.com/wasmCloud/wasmCloud?rev=68ebece9c537f8bb4b5c9999f274ec68d60f35a9#68ebece9)
   Compiling wamn-run-state v0.1.0 (/home/kaalin/dev/wamn/crates/execution/run-state)
   Compiling clap_builder v4.6.6
   Compiling object_store v0.14.1
   Compiling deadpool-postgres v0.14.2
   Compiling wamn-router v0.1.0 (/home/kaalin/dev/wamn/crates/execution/router)
   Compiling wamn-platform-identity v0.1.0 (/home/kaalin/dev/wamn/crates/identity/platform)
   Compiling wamn-control-registry v0.1.0 (/home/kaalin/dev/wamn/crates/control/registry)
   Compiling gimli v0.32.3
   Compiling petgraph v0.6.5
   Compiling toml_edit v0.22.27
   Compiling wasm-metadata v0.247.0
   Compiling sqlx-core v0.9.0
   Compiling clap v4.6.6
   Compiling wac-types v0.10.1
   Compiling wit-parser v0.252.0
   Compiling wamn-runtime v0.1.0 (/home/kaalin/dev/wamn/crates/platform/runtime)
warning: the item `Future` is imported redundantly
 --> crates/platform/runtime/src/connection_authority.rs:3:5
  |
3 | use std::future::Future;
  |     ^^^^^^^^^^^^^^^^^^^
  |
 --> /rustc/88d9e12ae178fab0fb5cc050a94da85685d449ea/library/std/src/prelude/mod.rs:166:12
  |
  = note: the item `Future` is already defined here
  |
  = note: requested on the command line with `-W redundant-imports`

warning: the item `Future` is imported redundantly
 --> crates/platform/runtime/src/plugins/wamn_postgres/pool.rs:7:5
  |
7 | use std::future::Future;
  |     ^^^^^^^^^^^^^^^^^^^
  |
 --> /rustc/88d9e12ae178fab0fb5cc050a94da85685d449ea/library/std/src/prelude/mod.rs:166:12
  |
  = note: the item `Future` is already defined here

warning: constant `HTTP_CONTRACT` is never used
  --> crates/platform/runtime/src/plugins/connection_http.rs:56:7
   |
56 | const HTTP_CONTRACT: &str = "wamn:connection/http@0.1.0";
   |       ^^^^^^^^^^^^^
   |
   = note: `#[warn(dead_code)]` (part of `#[warn(unused)]`) on by default

warning: type does not implement `std::fmt::Debug`; consider adding `#[derive(Debug)]` or a manual implementation
   --> crates/platform/runtime/src/plugins/connection_http.rs:131:1
    |
131 | / pub struct ConnectionHttp {
132 | |     postgres: Arc<WamnPostgres>,
133 | |     transport: Arc<HttpTransport>,
134 | |     vault: Arc<WamnCredentials>,
...   |
151 | |     invocations: std::sync::RwLock<HashMap<String, ConnectionInvocation>>,
152 | | }
    | |_^
    |
    = note: requested on the command line with `-W missing-debug-implementations`

warning: type does not implement `std::fmt::Debug`; consider adding `#[derive(Debug)]` or a manual implementation
  --> crates/platform/runtime/src/plugins/wamn_credentials.rs:27:1
   |
27 | / pub struct WamnCredentials {
28 | |     /// Whether ANY backing source was configured. Distinguishes `unavailable`
29 | |     /// (no source — retryable) from `not-found` (source present, name absent —
30 | |     /// config-shaped).
...  |
33 | |     projects: HashMap<String, HashMap<String, String>>,
34 | | }
   | |_^

warning: type does not implement `std::fmt::Debug`; consider adding `#[derive(Debug)]` or a manual implementation
   --> crates/platform/runtime/src/plugins/wamn_jetstream.rs:472:1
    |
472 | / pub struct WamnJetstream {
473 | |     nats_url: Option<String>,
474 | |     nats_username: Option<String>,
475 | |     nats_password_file: Option<PathBuf>,
...   |
499 | |     release: Option<Arc<ReleaseManifestWeld>>,
500 | | }
    | |_^

warning: type does not implement `std::fmt::Debug`; consider adding `#[derive(Debug)]` or a manual implementation
   --> crates/platform/runtime/src/plugins/wamn_logging.rs:213:1
    |
213 | / pub struct Capture {
214 | |     records: std::sync::Mutex<Vec<CapturedRec>>,
215 | | }
    | |_^

warning: type does not implement `std::fmt::Debug`; consider adding `#[derive(Debug)]` or a manual implementation
   --> crates/platform/runtime/src/plugins/wamn_logging.rs:235:1
    |
235 | / pub struct WamnLogging {
236 | |     /// component id → host-trusted {tenant, project}.
237 | |     claims: std::sync::RwLock<HashMap<String, Claim>>,
238 | |     /// Bounded front queue; `try_send` keeps `log()` non-blocking.
...   |
243 | |     _drain: tokio::task::JoinHandle<()>,
244 | | }
    | |_^

warning: type does not implement `std::fmt::Debug`; consider adding `#[derive(Debug)]` or a manual implementation
   --> crates/platform/runtime/src/plugins/wamn_postgres/claims.rs:55:1
    |
 55 | / pub struct WamnPostgres {
 56 | |     /// Resolves a project id → its database connection + policy.
 57 | |     provider: Arc<dyn CredentialProvider>,
 58 | |     /// Guest-visible project pools, built lazily and never shared with host-owned
...   |
121 | |     pub(super) bind_counters: super::BindCounters,
122 | | }
    | |_^

warning: type does not implement `std::fmt::Debug`; consider adding `#[derive(Debug)]` or a manual implementation
   --> crates/platform/runtime/src/plugins/wamn_postgres/pool.rs:339:1
    |
339 | / pub struct StaticCredentialProvider {
340 | |     projects: HashMap<String, ProjectConfig>,
341 | | }
    | |_^

warning: type does not implement `std::fmt::Debug`; consider adding `#[derive(Debug)]` or a manual implementation
   --> crates/platform/runtime/src/plugins/wamn_postgres/pool.rs:514:1
    |
514 | / pub struct K8sSecretProvider {
515 | |     pub namespace: String,
516 | | }
    | |_^

warning: type does not implement `std::fmt::Debug`; consider adding `#[derive(Debug)]` or a manual implementation
   --> crates/platform/runtime/src/plugins/wamn_postgres/resources.rs:99:1
    |
 99 | / pub struct PgTransaction {
100 | |     state: SharedTxnState,
101 | |     destroyed: Arc<AtomicU64>,
102 | |     cursor_seq: u32,
103 | |     /// Row limit of the project this transaction's connection belongs to.
104 | |     row_limit: u64,
105 | | }
    | |_^

warning: type does not implement `std::fmt::Debug`; consider adding `#[derive(Debug)]` or a manual implementation
   --> crates/platform/runtime/src/plugins/wamn_postgres/resources.rs:145:1
    |
145 | / pub struct PgCursor {
146 | |     state: SharedTxnState,
147 | |     destroyed: Arc<AtomicU64>,
148 | |     name: String,
149 | | }
    | |_^

warning: type does not implement `std::fmt::Debug`; consider adding `#[derive(Debug)]` or a manual implementation
   --> crates/platform/runtime/src/wiring_doorbell.rs:145:1
    |
145 | / pub struct WiringDoorbellListener {
146 | |     shutdown: tokio::sync::watch::Sender<bool>,
147 | |     task: tokio::task::JoinHandle<()>,
148 | | }
    | |_^

warning: `wamn-runtime` (lib) generated 14 warnings
   Compiling wasm-metadata v0.252.0
   Compiling wasmparser v0.245.1
   Compiling wast v252.0.0
   Compiling walrus v0.26.5
   Compiling wit-component v0.252.0
   Compiling sqlx-postgres v0.9.0
   Compiling wac-graph v0.10.1
   Compiling toml v0.8.23
   Compiling wamn-gate-harness v0.1.0 (/home/kaalin/dev/wamn/test-support/harness)
warning: type does not implement `std::fmt::Debug`; consider adding `#[derive(Debug)]` or a manual implementation
  --> test-support/harness/src/ceiling.rs:72:1
   |
72 | / pub struct Ramp {
73 | |     tolerance: f64,
74 | |     max_levels: usize,
75 | |     levels: Vec<LevelStats>,
...  |
82 | |     retrying: bool,
83 | | }
   | |_^
   |
   = note: requested on the command line with `-W missing-debug-implementations`

warning: `wamn-gate-harness` (lib) generated 1 warning
   Compiling wamn-proof-conformance v0.1.0 (/home/kaalin/dev/wamn/tests/conformance)
   Compiling wasi-virt v0.2.0 (https://github.com/bytecodealliance/WASI-Virt.git?rev=448f6df8f688cee5d6995e96b1ffc31f9bf00742#448f6df8)
warning: type does not implement `Debug`; consider adding `#[derive(Debug)]` or a manual implementation
  --> tests/conformance/src/socketguard.rs:26:1
   |
26 | pub struct SocketGuardArgs {}
   | ^^^^^^^^^^^^^^^^^^^^^^^^^^^^^
   |
   = note: requested on the command line with `-W missing-debug-implementations`

warning: `wamn-proof-conformance` (lib) generated 1 warning
   Compiling sqlx v0.9.0
   Compiling wat v1.252.0
   Compiling wamn-execution-host v0.1.0 (/home/kaalin/dev/wamn/crates/execution/host)
    Finished `test` profile [unoptimized + debuginfo] target(s) in 3m 29s
     Running tests/guest_workspace_closure.rs (target/debug/deps/guest_workspace_closure-2476a33d60dd65ac)
