2026-09-04T14:42:07.506094Z  INFO connected to NATS
2026-09-04T14:42:07.820954Z  INFO wiring activation doorbell listening; dropped every cached pointer channel="wamn_wiring_activation" dropped=0
2026-09-04T14:42:09.228543Z  INFO release component pull completed component_digest=sha256:9b101fefec3b115f6ed15f4812a70e7cf37255e0d24222ae18e676bc07dc7e8e component_bytes=10019001 elapsed_ms=955
2026-09-04T14:42:11.577621Z  INFO release component compilation completed component_digest=sha256:9b101fefec3b115f6ed15f4812a70e7cf37255e0d24222ae18e676bc07dc7e8e compile_ms=451 compile_wall_ms=2348
2026-09-04T14:42:11.583971Z  INFO release component pull completed component_digest=sha256:498894030af16b22edaf7f0b2104b90673efdc0e32d2a85459368fa308ad8296 component_bytes=20634368 elapsed_ms=3311
2026-09-04T14:43:03.801805Z  INFO release component compilation completed component_digest=sha256:498894030af16b22edaf7f0b2104b90673efdc0e32d2a85459368fa308ad8296 compile_ms=52215 compile_wall_ms=52217
2026-09-04T14:43:03.804384Z  WARN wamn.component.linker_setup: component imports wamn:postgres but sets no wamn.tenant; calls will be refused component="06a2f561-05c9-4b33-9ecb-bd377234d5e8"
2026-09-04T14:43:03.808337Z  INFO release component instantiation completed component_digest=sha256:498894030af16b22edaf7f0b2104b90673efdc0e32d2a85459368fa308ad8296 elapsed_ms=6 total_elapsed_ms=55536
2026-09-04T14:43:03.810682Z  WARN wamn.component.linker_setup: component imports wamn:postgres but sets no wamn.tenant; calls will be refused component="8ea55f2c-611e-4d03-85c4-b2e849f28e49"
2026-09-04T14:43:03.814464Z  INFO release component instantiation completed component_digest=sha256:9b101fefec3b115f6ed15f4812a70e7cf37255e0d24222ae18e676bc07dc7e8e elapsed_ms=5 total_elapsed_ms=55541
2026-09-04T14:43:03.814626Z  INFO synchronous release preload completed synchronous_wirings=13 component_digests=2 elapsed_ms=56111
2026-09-04T14:43:03.814864Z  INFO release preload completed; component cache warm
2026-09-04T14:43:03.846480Z  INFO wamn-host starting (base plugins: wasi:config, wamn:logging, wasi:otel, wamn:postgres, wamn:jetstream, wamn:flow-http-routing) router_delivery=true
2026-09-04T14:43:03.846551Z  INFO wamn-host welded to its release effective_release_id=1 manifest_digest=sha256:5e00597991b9041523659c8b8ca238dfb7cf501afc24e8bb4633762ac64c1d22
2026-09-04T14:43:03.846630Z  INFO HTTP server listening addr=0.0.0.0:80 protocol="HTTP"
2026-09-04T14:43:03.846715Z  INFO Starting WASI OTel plugin endpoint=http://otel-collector.wamn-system.svc.cluster.local:4317 protocol="grpc"
2026-09-04T14:43:03.847887Z  INFO WASI OTel plugin started
2026-09-04T14:43:03.847993Z  INFO Host started host_id="92c6bfab-fc5c-497c-a96e-77f7ada3af62" friendly_name="easy-school-0260" host_name="10.244.1.6" labels={"hostgroup": "default"} version="2.8.0"
2026-09-04T14:43:03.848531Z  INFO Host provides interfaces count=10 interfaces=["wasi:cli/stdout,exit,terminal-stdin,terminal-output,terminal-stdout,terminal-input,stdin,environment,terminal-stderr,stderr@0.2.0", "wasi:clocks/wall-time,monotonic-clock@0.2.0", "wasi:clocks/wall-clock,monotonic-clock@0.2.0", "wasi:filesystem/types,preopens@0.2.0", "wasi:http/outgoing-handler,types,incoming-handler@0.2.0", "wasi:http/types,handler@0.3.0", "wasi:io/streams,poll,error@0.2.0", "wasi:random/insecure-seed,random,insecure@0.2.0", "wasi:random/random@0.2.0", "wasi:sockets/ip-name-lookup,tcp-create-socket,network,tcp,udp-create-socket,udp,instance-network@0.2.0"]
2026-09-04T14:43:03.848641Z  INFO wamn-host runtime startup completed elapsed_ms=56858
2026-09-04T14:43:09.195470Z  INFO workload_start{workload_id=912c8d6b-8485-4abb-8a8f-085232557019 workload.name="flow-http-6fc6948f65-6cb4ccd75c" workload.namespace="wamn-receiving-journey"}: Starting workload workload_id="912c8d6b-8485-4abb-8a8f-085232557019" namespace="wamn-receiving-journey" name="flow-http-6fc6948f65-6cb4ccd75c"
2026-09-04T14:43:25.253750Z  WARN handle_http_request{http.method=POST http.uri=/purchase_order/get http.host=receiving.localhost http.request.method=POST url.path=/purchase_order/get server.address="receiving.localhost"}:invoke_component_handler{workload.name="flow-http-6fc6948f65-6cb4ccd75c" workload.namespace="wamn-receiving-journey" workload.id="912c8d6b-8485-4abb-8a8f-085232557019"}:wamn.component.invoke{wamn.tenant=receiving-route-auth wamn.project=receiving wamn.environment=dev wamn.wiring_id=purchase_order_get wamn.wiring_version=1 wamn.component_digest=sha256:498894030af16b22edaf7f0b2104b90673efdc0e32d2a85459368fa308ad8296 wamn.node_id=operation wamn.operation=wamn-receiving:purchase-order/get@1.0.0 wamn.caller_principal_id="aec481d5-5d8f-4443-b300-56e76fdba715"}:wamn.component.linker_setup: component imports wamn:postgres but sets no wamn.tenant; calls will be refused component="47b6fbbd-1a1b-495b-a42c-b1b280e28c88"
2026-09-04T14:43:25.407877Z  WARN handle_http_request{http.method=POST http.uri=/purchase_order/get http.host=receiving.localhost http.request.method=POST url.path=/purchase_order/get server.address="receiving.localhost"}:invoke_component_handler{workload.name="flow-http-6fc6948f65-6cb4ccd75c" workload.namespace="wamn-receiving-journey" workload.id="912c8d6b-8485-4abb-8a8f-085232557019"}:wamn.component.invoke{wamn.tenant=receiving-route-auth wamn.project=receiving wamn.environment=dev wamn.wiring_id=purchase_order_get wamn.wiring_version=1 wamn.component_digest=sha256:498894030af16b22edaf7f0b2104b90673efdc0e32d2a85459368fa308ad8296 wamn.node_id=operation wamn.operation=wamn-receiving:purchase-order/get@1.0.0 wamn.caller_principal_id="aec481d5-5d8f-4443-b300-56e76fdba715"}:wamn.component.linker_setup: component imports wamn:postgres but sets no wamn.tenant; calls will be refused component="7ece5152-053e-4e0a-934f-4571725d88fb"
2026-09-04T14:43:25.517373Z  WARN handle_http_request{http.method=POST http.uri=/purchase_order/get http.host=receiving.localhost http.request.method=POST url.path=/purchase_order/get server.address="receiving.localhost"}:invoke_component_handler{workload.name="flow-http-6fc6948f65-6cb4ccd75c" workload.namespace="wamn-receiving-journey" workload.id="912c8d6b-8485-4abb-8a8f-085232557019"}:wamn.component.invoke{wamn.tenant=receiving-route-auth wamn.project=receiving wamn.environment=dev wamn.wiring_id=purchase_order_get wamn.wiring_version=1 wamn.component_digest=sha256:498894030af16b22edaf7f0b2104b90673efdc0e32d2a85459368fa308ad8296 wamn.node_id=operation wamn.operation=wamn-receiving:purchase-order/get@1.0.0 wamn.caller_principal_id="aec481d5-5d8f-4443-b300-56e76fdba715"}:wamn.component.linker_setup: component imports wamn:postgres but sets no wamn.tenant; calls will be refused component="140cad21-e966-43a5-9d90-8e71fed420bf"
2026-09-04T14:43:25.631664Z  WARN handle_http_request{http.method=POST http.uri=/purchase_order/get http.host=receiving.localhost http.request.method=POST url.path=/purchase_order/get server.address="receiving.localhost"}:invoke_component_handler{workload.name="flow-http-6fc6948f65-6cb4ccd75c" workload.namespace="wamn-receiving-journey" workload.id="912c8d6b-8485-4abb-8a8f-085232557019"}:wamn.component.invoke{wamn.tenant=receiving-route-auth wamn.project=receiving wamn.environment=dev wamn.wiring_id=purchase_order_get wamn.wiring_version=1 wamn.component_digest=sha256:498894030af16b22edaf7f0b2104b90673efdc0e32d2a85459368fa308ad8296 wamn.node_id=operation wamn.operation=wamn-receiving:purchase-order/get@1.0.0 wamn.caller_principal_id="aec481d5-5d8f-4443-b300-56e76fdba715"}:wamn.component.linker_setup: component imports wamn:postgres but sets no wamn.tenant; calls will be refused component="c57cce99-8e43-4abd-bb24-e2d3e488227a"
2026-09-04T14:43:25.760107Z  WARN handle_http_request{http.method=POST http.uri=/purchase_order/get http.host=receiving.localhost http.request.method=POST url.path=/purchase_order/get server.address="receiving.localhost"}:invoke_component_handler{workload.name="flow-http-6fc6948f65-6cb4ccd75c" workload.namespace="wamn-receiving-journey" workload.id="912c8d6b-8485-4abb-8a8f-085232557019"}:wamn.component.invoke{wamn.tenant=receiving-route-auth wamn.project=receiving wamn.environment=dev wamn.wiring_id=purchase_order_get wamn.wiring_version=1 wamn.component_digest=sha256:498894030af16b22edaf7f0b2104b90673efdc0e32d2a85459368fa308ad8296 wamn.node_id=operation wamn.operation=wamn-receiving:purchase-order/get@1.0.0 wamn.caller_principal_id="aec481d5-5d8f-4443-b300-56e76fdba715"}:wamn.component.linker_setup: component imports wamn:postgres but sets no wamn.tenant; calls will be refused component="364118a2-cab3-49fc-8a97-2d7a23f2f25d"
2026-09-04T14:43:56.421774Z  WARN handle_http_request{http.method=POST http.uri=/acme/purchase_order/update http.host=receiving.localhost http.request.method=POST url.path=/acme/purchase_order/update server.address="receiving.localhost"}:invoke_component_handler{workload.name="flow-http-6fc6948f65-6cb4ccd75c" workload.namespace="wamn-receiving-journey" workload.id="912c8d6b-8485-4abb-8a8f-085232557019"}:wamn.component.invoke{wamn.tenant=receiving-route-auth wamn.project=receiving wamn.environment=dev wamn.wiring_id=purchase_order_update wamn.wiring_version=1 wamn.component_digest=sha256:9b101fefec3b115f6ed15f4812a70e7cf37255e0d24222ae18e676bc07dc7e8e wamn.node_id=operation wamn.operation=client-acme-receiving:purchase-order/update@3.0.0 wamn.caller_principal_id="aec481d5-5d8f-4443-b300-56e76fdba715"}:wamn.component.linker_setup: component imports wamn:postgres but sets no wamn.tenant; calls will be refused component="bb471c06-4b39-4807-b7e2-e5b4a012d285"
2026-09-04T14:43:56.460160Z  WARN handle_http_request{http.method=POST http.uri=/acme/receiving/record_receipt http.host=receiving.localhost http.request.method=POST url.path=/acme/receiving/record_receipt server.address="receiving.localhost"}:invoke_component_handler{workload.name="flow-http-6fc6948f65-6cb4ccd75c" workload.namespace="wamn-receiving-journey" workload.id="912c8d6b-8485-4abb-8a8f-085232557019"}:wamn.component.invoke{wamn.tenant=receiving-route-auth wamn.project=receiving wamn.environment=dev wamn.wiring_id=receiving_record_receipt wamn.wiring_version=1 wamn.component_digest=sha256:9b101fefec3b115f6ed15f4812a70e7cf37255e0d24222ae18e676bc07dc7e8e wamn.node_id=operation wamn.operation=client-acme-receiving:receiving/record-receipt@3.0.0 wamn.caller_principal_id="aec481d5-5d8f-4443-b300-56e76fdba715"}:wamn.component.linker_setup: component imports wamn:postgres but sets no wamn.tenant; calls will be refused component="5981e384-112d-43cb-bf9f-fd061061fb2f"
2026-09-04T14:43:56.465211Z  WARN handle_http_request{http.method=POST http.uri=/acme/receiving/record_receipt http.host=receiving.localhost http.request.method=POST url.path=/acme/receiving/record_receipt server.address="receiving.localhost"}:invoke_component_handler{workload.name="flow-http-6fc6948f65-6cb4ccd75c" workload.namespace="wamn-receiving-journey" workload.id="912c8d6b-8485-4abb-8a8f-085232557019"}:wamn.component.invoke{wamn.tenant=receiving-route-auth wamn.project=receiving wamn.environment=dev wamn.wiring_id=receiving_record_receipt wamn.wiring_version=1 wamn.component_digest=sha256:9b101fefec3b115f6ed15f4812a70e7cf37255e0d24222ae18e676bc07dc7e8e wamn.node_id=operation wamn.operation=client-acme-receiving:receiving/record-receipt@3.0.0 wamn.caller_principal_id="aec481d5-5d8f-4443-b300-56e76fdba715"}:wamn.component.linker_setup: component imports wamn:postgres but sets no wamn.tenant; calls will be refused component="5d9b6e6f-26ac-4012-aa37-c284e1355e3e"
2026-09-04T14:42:07.551967Z  INFO connected to NATS
2026-09-04T14:42:07.905100Z  INFO wiring activation doorbell listening; dropped every cached pointer channel="wamn_wiring_activation" dropped=0
2026-09-04T14:42:11.659167Z  INFO release component pull completed component_digest=sha256:9b101fefec3b115f6ed15f4812a70e7cf37255e0d24222ae18e676bc07dc7e8e component_bytes=10019001 elapsed_ms=3338
2026-09-04T14:42:11.667201Z  INFO release component pull completed component_digest=sha256:498894030af16b22edaf7f0b2104b90673efdc0e32d2a85459368fa308ad8296 component_bytes=20634368 elapsed_ms=3348
2026-09-04T14:42:12.138420Z  INFO release component compilation completed component_digest=sha256:9b101fefec3b115f6ed15f4812a70e7cf37255e0d24222ae18e676bc07dc7e8e compile_ms=477 compile_wall_ms=479
2026-09-04T14:43:03.908308Z  INFO release component compilation completed component_digest=sha256:498894030af16b22edaf7f0b2104b90673efdc0e32d2a85459368fa308ad8296 compile_ms=52238 compile_wall_ms=52240
2026-09-04T14:43:03.911099Z  WARN wamn.component.linker_setup: component imports wamn:postgres but sets no wamn.tenant; calls will be refused component="1d87dd2c-4a7c-4a6f-8a58-64f312e9dad6"
2026-09-04T14:43:03.915781Z  INFO release component instantiation completed component_digest=sha256:498894030af16b22edaf7f0b2104b90673efdc0e32d2a85459368fa308ad8296 elapsed_ms=7 total_elapsed_ms=55596
2026-09-04T14:43:03.918566Z  WARN wamn.component.linker_setup: component imports wamn:postgres but sets no wamn.tenant; calls will be refused component="9c222fed-590a-4c24-b97a-909aeba4c583"
2026-09-04T14:43:03.922448Z  INFO release component instantiation completed component_digest=sha256:9b101fefec3b115f6ed15f4812a70e7cf37255e0d24222ae18e676bc07dc7e8e elapsed_ms=6 total_elapsed_ms=55602
2026-09-04T14:43:03.922641Z  INFO synchronous release preload completed synchronous_wirings=13 component_digests=2 elapsed_ms=56154
2026-09-04T14:43:03.922930Z  INFO release preload completed; component cache warm
2026-09-04T14:43:03.971247Z  INFO wamn-host starting (base plugins: wasi:config, wamn:logging, wasi:otel, wamn:postgres, wamn:jetstream, wamn:flow-http-routing) router_delivery=true
2026-09-04T14:43:03.971330Z  INFO wamn-host welded to its release effective_release_id=1 manifest_digest=sha256:5e00597991b9041523659c8b8ca238dfb7cf501afc24e8bb4633762ac64c1d22
2026-09-04T14:43:03.971401Z  INFO HTTP server listening addr=0.0.0.0:80 protocol="HTTP"
2026-09-04T14:43:03.971522Z  INFO Starting WASI OTel plugin endpoint=http://otel-collector.wamn-system.svc.cluster.local:4317 protocol="grpc"
2026-09-04T14:43:03.972620Z  INFO WASI OTel plugin started
2026-09-04T14:43:03.972699Z  INFO Host started host_id="5375f38d-5fd8-450c-81da-88788286b483" friendly_name="five-title-5148" host_name="10.244.2.6" labels={"hostgroup": "default"} version="2.8.0"
2026-09-04T14:43:03.973221Z  INFO Host provides interfaces count=10 interfaces=["wasi:cli/terminal-output,stdin,terminal-stdin,terminal-stdout,terminal-stderr,terminal-input,exit,stderr,stdout,environment@0.2.0", "wasi:clocks/monotonic-clock,wall-time@0.2.0", "wasi:clocks/wall-clock,monotonic-clock@0.2.0", "wasi:filesystem/preopens,types@0.2.0", "wasi:http/outgoing-handler,types,incoming-handler@0.2.0", "wasi:http/types,handler@0.3.0", "wasi:io/streams,poll,error@0.2.0", "wasi:random/random@0.2.0", "wasi:random/insecure-seed,insecure,random@0.2.0", "wasi:sockets/ip-name-lookup,tcp-create-socket,network,udp-create-socket,tcp,instance-network,udp@0.2.0"]
2026-09-04T14:43:03.973315Z  INFO wamn-host runtime startup completed elapsed_ms=56968
2026-09-04T14:43:28.220299Z  INFO workload_start{workload_id=ff706f2f-8977-4e56-99bc-b543feaf8096 workload.name="receiving-materializer-5d7d58ff89-7d47948d45" workload.namespace="wamn-receiving-journey"}: Starting workload workload_id="ff706f2f-8977-4e56-99bc-b543feaf8096" namespace="wamn-receiving-journey" name="receiving-materializer-5d7d58ff89-7d47948d45"
wamn::materializer up: stream=EVT_acme_dev filter=evt.acme.receiving.dev.*.* tenant=receiving-route-auth batch=64 fetch_ms=500 max_deliver=5 max_sweeps=0
2026-09-04T14:43:54.191951Z  INFO workload_stop{workload_id=ff706f2f-8977-4e56-99bc-b543feaf8096}: Stopping workload workload_id="ff706f2f-8977-4e56-99bc-b543feaf8096"
2026-09-04T14:43:55.432834Z  INFO workload_start{workload_id=bcedfa21-5b99-419b-ae8a-eac8efeb5a0c workload.name="receiving-materializer-54d985887b-766588b4" workload.namespace="wamn-receiving-journey"}: Starting workload workload_id="bcedfa21-5b99-419b-ae8a-eac8efeb5a0c" namespace="wamn-receiving-journey" name="receiving-materializer-54d985887b-766588b4"
wamn::materializer up: stream=EVT_acme_dev filter=evt.acme.receiving.dev.*.* tenant=receiving-route-auth batch=64 fetch_ms=500 max_deliver=5 max_sweeps=0
2026-09-04T14:43:56.730333Z  WARN wamn.component.invoke{wamn.tenant=receiving-route-auth wamn.project=receiving wamn.environment=dev wamn.wiring_id=quality_create_inspection wamn.wiring_version=1 wamn.component_digest=sha256:9b101fefec3b115f6ed15f4812a70e7cf37255e0d24222ae18e676bc07dc7e8e wamn.node_id=operation wamn.operation=client-acme-receiving:quality/create-inspection@3.0.0}:wamn.component.linker_setup: component imports wamn:postgres but sets no wamn.tenant; calls will be refused component="8cc9efbc-3bc4-4773-ad2f-efc71a6074e4"
2026-09-04T14:42:07.515263Z  INFO connected to NATS
2026-09-04T14:42:07.925860Z  INFO wiring activation doorbell listening; dropped every cached pointer channel="wamn_wiring_activation" dropped=0
2026-09-04T14:42:11.926959Z  INFO release component pull completed component_digest=sha256:498894030af16b22edaf7f0b2104b90673efdc0e32d2a85459368fa308ad8296 component_bytes=20634368 elapsed_ms=3682
2026-09-04T14:42:11.934246Z  INFO release component pull completed component_digest=sha256:9b101fefec3b115f6ed15f4812a70e7cf37255e0d24222ae18e676bc07dc7e8e component_bytes=10019001 elapsed_ms=3688
2026-09-04T14:42:12.436826Z  INFO release component compilation completed component_digest=sha256:9b101fefec3b115f6ed15f4812a70e7cf37255e0d24222ae18e676bc07dc7e8e compile_ms=500 compile_wall_ms=502
2026-09-04T14:43:02.811505Z  INFO release component compilation completed component_digest=sha256:498894030af16b22edaf7f0b2104b90673efdc0e32d2a85459368fa308ad8296 compile_ms=50865 compile_wall_ms=50884
2026-09-04T14:43:02.815520Z  WARN wamn.component.linker_setup: component imports wamn:postgres but sets no wamn.tenant; calls will be refused component="9cff5a49-5e88-4174-9e63-5ae4d2c49ad5"
2026-09-04T14:43:02.823332Z  INFO release component instantiation completed component_digest=sha256:498894030af16b22edaf7f0b2104b90673efdc0e32d2a85459368fa308ad8296 elapsed_ms=11 total_elapsed_ms=54578
2026-09-04T14:43:02.827213Z  WARN wamn.component.linker_setup: component imports wamn:postgres but sets no wamn.tenant; calls will be refused component="508663aa-bbc4-4e3c-b390-b11a06394dee"
2026-09-04T14:43:02.834400Z  INFO release component instantiation completed component_digest=sha256:9b101fefec3b115f6ed15f4812a70e7cf37255e0d24222ae18e676bc07dc7e8e elapsed_ms=10 total_elapsed_ms=54588
2026-09-04T14:43:02.835256Z  INFO synchronous release preload completed synchronous_wirings=13 component_digests=2 elapsed_ms=55088
2026-09-04T14:43:02.836029Z  INFO release preload completed; component cache warm
2026-09-04T14:43:02.899973Z  INFO wamn-host starting (base plugins: wasi:config, wamn:logging, wasi:otel, wamn:postgres, wamn:jetstream, wamn:flow-http-routing) router_delivery=true
2026-09-04T14:43:02.900070Z  INFO wamn-host welded to its release effective_release_id=1 manifest_digest=sha256:5e00597991b9041523659c8b8ca238dfb7cf501afc24e8bb4633762ac64c1d22
2026-09-04T14:43:02.900159Z  INFO HTTP server listening addr=0.0.0.0:80 protocol="HTTP"
2026-09-04T14:43:02.900390Z  INFO Starting WASI OTel plugin endpoint=http://otel-collector.wamn-system.svc.cluster.local:4317 protocol="grpc"
2026-09-04T14:43:02.902273Z  INFO WASI OTel plugin started
2026-09-04T14:43:02.902418Z  INFO Host started host_id="5f69a58d-66d9-411f-a53e-349abb5f3142" friendly_name="vast-yak-2117" host_name="10.244.2.5" labels={"hostgroup": "default"} version="2.8.0"
2026-09-04T14:43:02.903228Z  INFO Host provides interfaces count=10 interfaces=["wasi:cli/environment,exit,stdout,stdin,terminal-input,terminal-stdin,stderr,terminal-stdout,terminal-output,terminal-stderr@0.2.0", "wasi:clocks/wall-time,monotonic-clock@0.2.0", "wasi:clocks/wall-clock,monotonic-clock@0.2.0", "wasi:filesystem/preopens,types@0.2.0", "wasi:http/outgoing-handler,types,incoming-handler@0.2.0", "wasi:http/handler,types@0.3.0", "wasi:io/streams,poll,error@0.2.0", "wasi:random/random@0.2.0", "wasi:random/insecure,random,insecure-seed@0.2.0", "wasi:sockets/tcp,network,instance-network,tcp-create-socket,udp-create-socket,udp,ip-name-lookup@0.2.0"]
2026-09-04T14:43:02.903368Z  INFO wamn-host runtime startup completed elapsed_ms=55938
