test=trusted_http_route::tests::real_http_guest_reuses_connections_without_reusing_authority
postgres=wamn-http-reuse.X5Miotvs-pg
registry=wamn-http-reuse.X5Miotvs-registry
/wamn-http-reuse.X5Miotvs-pg sha256:8d6ed4b5a1f44557313cab42a8951c53d1b86ccc899266bcee2ee1ee84076c14
/wamn-http-reuse.X5Miotvs-registry sha256:26b2eb03618e749084668eaff68cff8f81dda12d06ac641be7a6398b82a6f25b
c4d6c735c8908de50da1317fa7b186820bea20c615eec652862da4435388760f  /home/kaalin/.cache/wamn-lanes/ctc8-16-http-reuse-20260910/target/debug/deps/wamn_proof_integration-4f3e76711eea95e8
d3e161308374d7dbb8d4d6a28267b63218d7492c9c7ed5ffe0475bbfacabdfa6  /home/kaalin/.cache/wamn-lanes/ctc8-16-http-reuse-20260910/components/no-std/target/wasm32-wasip2/debug/http_request.wasm
c7adab66f65db52e891b9be8e5ac1a3cfaec9a7d6243198326b2833b62f41b62  /home/kaalin/.cache/wamn-lanes/ctc8-16-http-reuse-20260910/docs/perf/2026.09/ctc8-16-http-reuse/tools/live.sh

running 1 test
test trusted_http_route::tests::real_http_guest_reuses_connections_without_reusing_authority ... 
thread 'trusted_http_route::tests::real_http_guest_reuses_connections_without_reusing_authority' (2328369) panicked at tests/integration/src/trusted_http_route.rs:1611:9:
assertion `left == right` failed
  left: "connection failed: ConnectionError::CredentialUnavailable"
 right: "connection failed: CredentialUnavailable"
note: run with `RUST_BACKTRACE=1` environment variable to display a backtrace
FAILED

failures:

failures:
    trusted_http_route::tests::real_http_guest_reuses_connections_without_reusing_authority

test result: FAILED. 0 passed; 1 failed; 0 ignored; 0 measured; 76 filtered out; finished in 12.79s

removed owned container and anonymous volumes: wamn-http-reuse.X5Miotvs-registry
removed owned container and anonymous volumes: wamn-http-reuse.X5Miotvs-pg
