2026-09-10T01:48:56Z env CARGO_TARGET_DIR=/home/kaalin/.cache/wamn-lanes/generated-tui-20260908/target RUSTC_WRAPPER= /home/kaalin/.cache/wamn-lanes/generated-tui-20260908/tools/build-components m1 
2026-09-10T01:57:51Z env CARGO_TARGET_DIR=/home/kaalin/.cache/wamn-lanes/generated-tui-20260908/target RUSTC_WRAPPER= cargo build --locked -p wamn-host -p wamn-ctl -p wamn-cdc-reader -p wamn-scenario-worker 
2026-09-10T02:04:58Z docker build --platform=linux/amd64 --provenance=false --file /tmp/tmp.BW9y1YyhMB/host-image/Dockerfile --tag wamn-host:wms-c86488041b09-205472-debug /tmp/tmp.BW9y1YyhMB/host-image 
2026-09-10T02:05:05Z kind create cluster --name wamn-wms-journey --config /tmp/tmp.BW9y1YyhMB/kind-config.yaml --kubeconfig /tmp/tmp.BW9y1YyhMB/kubeconfig 
2026-09-10T02:05:37Z kubectl --kubeconfig /tmp/tmp.BW9y1YyhMB/kubeconfig --context kind-wamn-wms-journey wait --for=condition=Ready nodes --all --timeout=180s 
2026-09-10T02:05:51Z kubectl --kubeconfig /tmp/tmp.BW9y1YyhMB/kubeconfig --context kind-wamn-wms-journey create namespace wamn-wms-journey 
2026-09-10T02:05:52Z kind load docker-image wamn-host:wms-c86488041b09-205472-debug --name wamn-wms-journey 
2026-09-10T02:06:30Z htpasswd \<credential-bearing\ arguments\ redacted\> 
2026-09-10T02:06:34Z postgres \<credential-bearing\ arguments\ redacted\> 
2026-09-10T02:06:34Z docker run --detach --name wamn-wms-registry-c86488041b09-205472 --network kind --env REGISTRY_AUTH=htpasswd --env REGISTRY_AUTH_HTPASSWD_REALM=WAMN\ WMS\ cluster\ journey --env REGISTRY_AUTH_HTPASSWD_PATH=/auth/htpasswd --volume /tmp/tmp.BW9y1YyhMB/htpasswd:/auth/htpasswd:ro registry:2 
2026-09-10T02:06:35Z docker run --detach --name wamn-wms-nats-c86488041b09-205472 --network kind nats:2.10-alpine --jetstream --store_dir /data --http_port 8222 
2026-09-10T02:06:36Z minio \<credential-bearing\ arguments\ redacted\> 
2026-09-10T02:06:40Z minio-bucket \<credential-bearing\ arguments\ redacted\> 
2026-09-10T02:06:41Z install-control-owner \<credential-bearing\ arguments\ redacted\> 
2026-09-10T02:06:41Z install-control-store \<credential-bearing\ arguments\ redacted\> 
2026-09-10T02:06:42Z converge-public-floor \<credential-bearing\ arguments\ redacted\> 
2026-09-10T02:06:42Z provision-org \<credential-bearing\ arguments\ redacted\> 
2026-09-10T02:06:42Z provision-project-env \<credential-bearing\ arguments\ redacted\> 
2026-09-10T02:06:43Z apply-role-sql \<credential-bearing\ arguments\ redacted\> 
2026-09-10T02:06:43Z create-project-database \<credential-bearing\ arguments\ redacted\> 
2026-09-10T02:06:43Z apply-privilege-sql \<credential-bearing\ arguments\ redacted\> 
2026-09-10T02:06:43Z install-catalog-schema \<credential-bearing\ arguments\ redacted\> 
2026-09-10T02:06:43Z install-app-schema \<credential-bearing\ arguments\ redacted\> 
2026-09-10T02:06:44Z reconcile-run-plane \<credential-bearing\ arguments\ redacted\> 
2026-09-10T02:06:44Z prepare-guest \<credential-bearing\ arguments\ redacted\> 
2026-09-10T02:06:46Z prepare-executor-platform \<credential-bearing\ arguments\ redacted\> 
2026-09-10T02:06:48Z prepare-event-materializer \<credential-bearing\ arguments\ redacted\> 
2026-09-10T02:06:50Z prepare-http-admitter \<credential-bearing\ arguments\ redacted\> 
2026-09-10T02:06:52Z prepare-identity-reader \<credential-bearing\ arguments\ redacted\> 
2026-09-10T02:06:53Z prepare-control-author \<credential-bearing\ arguments\ redacted\> 
2026-09-10T02:06:55Z prepare-management-admitter \<credential-bearing\ arguments\ redacted\> 
2026-09-10T02:06:57Z apply-package \<credential-bearing\ arguments\ redacted\> 
2026-09-10T02:06:57Z reconcile-package-data-access \<credential-bearing\ arguments\ redacted\> 
2026-09-10T02:06:58Z push-component\ wms \<credential-bearing\ arguments\ redacted\> 
2026-09-10T02:07:10Z push-component\ label-render \<credential-bearing\ arguments\ redacted\> 
2026-09-10T02:07:12Z push-component\ blob-put \<credential-bearing\ arguments\ redacted\> 
2026-09-10T02:07:19Z author-wiring\ inventory_adjust \<credential-bearing\ arguments\ redacted\> 
2026-09-10T02:07:20Z author-wiring\ inventory_aggregate \<credential-bearing\ arguments\ redacted\> 
2026-09-10T02:07:20Z author-wiring\ inventory_merge \<credential-bearing\ arguments\ redacted\> 
2026-09-10T02:07:20Z author-wiring\ inventory_move \<credential-bearing\ arguments\ redacted\> 
2026-09-10T02:07:21Z author-wiring\ inventory_move_and_label \<credential-bearing\ arguments\ redacted\> 
2026-09-10T02:07:21Z author-wiring\ inventory_split \<credential-bearing\ arguments\ redacted\> 
2026-09-10T02:07:22Z author-wiring\ pallet_get \<credential-bearing\ arguments\ redacted\> 
2026-09-10T02:07:22Z author-wiring\ pallet_query \<credential-bearing\ arguments\ redacted\> 
2026-09-10T02:07:23Z publish-release \<credential-bearing\ arguments\ redacted\> 
2026-09-10T02:07:23Z bind-connection \<credential-bearing\ arguments\ redacted\> 
2026-09-10T02:07:24Z push-release-manifest \<credential-bearing\ arguments\ redacted\> 
2026-09-10T02:07:25Z seed-fixture-rows \<credential-bearing\ arguments\ redacted\> 
2026-09-10T02:07:25Z kubectl --kubeconfig /tmp/tmp.BW9y1YyhMB/kubeconfig --context kind-wamn-wms-journey apply -f /tmp/tmp.BW9y1YyhMB/route-caller-pat-kube.json 
2026-09-10T02:07:28Z env DOCKER_CONFIG=\<private-registry-directory\> /home/kaalin/.cache/wamn-lanes/generated-tui-20260908/.tools/wash/2.9.0/wash -o json oci push --insecure 172.28.0.9:5000/wamn/flow-http:wms-c86488041b09-205472-debug /home/kaalin/.cache/wamn-lanes/generated-tui-20260908/target/wasm32-wasip2/release/http_route.wasm 
2026-09-10T02:07:29Z env DOCKER_CONFIG=\<private-registry-directory\> /home/kaalin/.cache/wamn-lanes/generated-tui-20260908/.tools/wash/2.9.0/wash -o json oci push --insecure 172.28.0.9:5000/wamn/materializer:wms-c86488041b09-205472-debug /home/kaalin/.cache/wamn-lanes/generated-tui-20260908/target/wasm32-wasip2/release/materializer.wasm 
2026-09-10T02:07:29Z enable-cdc-project-env \<credential-bearing\ arguments\ redacted\> 
2026-09-10T02:07:29Z apply-cdc-role \<credential-bearing\ arguments\ redacted\> 
2026-09-10T02:07:29Z apply-cdc-stream \<credential-bearing\ arguments\ redacted\> 
2026-09-10T02:07:30Z prepare-registry-reader \<credential-bearing\ arguments\ redacted\> 
2026-09-10T02:07:31Z env WAMN_SYSTEM_URL=\<registry-reader\ credential\ redacted\> WAMN_CDC_URL=\<replication\ credential\ redacted\> /home/kaalin/.cache/wamn-lanes/generated-tui-20260908/target/debug/wamn-cdc-reader --log-level info --org acme --project wms --env dev --nats-url nats://172.28.0.10:4222 --sslmode disable --stream-replicas 1 --dup-window-secs 120 --feedback-secs 1 --stall-threshold-secs 30 --slot-poll-secs 0 --slot-safe-wal-warn-bytes 268435456 
2026-09-10T02:07:32Z print-release-env \<credential-bearing\ arguments\ redacted\> 
2026-09-10T02:07:33Z kubectl --kubeconfig /tmp/tmp.BW9y1YyhMB/kubeconfig --context kind-wamn-wms-journey apply -f /tmp/tmp.BW9y1YyhMB/host-secrets/guest-sql.json 
2026-09-10T02:07:33Z kubectl --kubeconfig /tmp/tmp.BW9y1YyhMB/kubeconfig --context kind-wamn-wms-journey apply -f /tmp/tmp.BW9y1YyhMB/host-secrets/executor-platform.json 
2026-09-10T02:07:33Z kubectl --kubeconfig /tmp/tmp.BW9y1YyhMB/kubeconfig --context kind-wamn-wms-journey apply -f /tmp/tmp.BW9y1YyhMB/host-secrets/identity-reader.json 
2026-09-10T02:07:33Z kubectl --kubeconfig /tmp/tmp.BW9y1YyhMB/kubeconfig --context kind-wamn-wms-journey apply -f /tmp/tmp.BW9y1YyhMB/host-secrets/http-admitter.json 
2026-09-10T02:07:34Z kubectl --kubeconfig /tmp/tmp.BW9y1YyhMB/kubeconfig --context kind-wamn-wms-journey apply -f /tmp/tmp.BW9y1YyhMB/host-secrets/event-materializer.json 
2026-09-10T02:07:34Z apply-credentials-secret \<credential-bearing\ arguments\ redacted\> 
2026-09-10T02:07:34Z kubectl --kubeconfig /tmp/tmp.BW9y1YyhMB/kubeconfig --context kind-wamn-wms-journey -n wamn-wms-journey create secret generic wamn-registry-pull --type=kubernetes.io/dockerconfigjson --from-file=.dockerconfigjson=\<redacted\> --dry-run=client -o yaml 
2026-09-10T02:07:35Z kubectl --kubeconfig /tmp/tmp.BW9y1YyhMB/kubeconfig --context kind-wamn-wms-journey apply -f /tmp/tmp.BW9y1YyhMB/registry-pull.yaml 
2026-09-10T02:07:35Z kubectl --kubeconfig /tmp/tmp.BW9y1YyhMB/kubeconfig --context kind-wamn-wms-journey apply -f /home/kaalin/.cache/wamn-lanes/generated-tui-20260908/deploy/infra/cert-manager.yaml 
2026-09-10T02:07:38Z kubectl --kubeconfig /tmp/tmp.BW9y1YyhMB/kubeconfig --context kind-wamn-wms-journey -n cert-manager wait --for=condition=Available deployment --all --timeout=240s 
2026-09-10T02:07:53Z helm upgrade --install --create-namespace --kubeconfig /tmp/tmp.BW9y1YyhMB/kubeconfig --kube-context kind-wamn-wms-journey --namespace wamn-system wamn oci://ghcr.io/wasmcloud/charts/runtime-operator --version 2.9.0 -f /home/kaalin/.cache/wamn-lanes/generated-tui-20260908/deploy/infra/values-wamn.yaml -f /tmp/tmp.BW9y1YyhMB/operator-values.yaml --wait --timeout 5m 
2026-09-10T02:08:37Z kubectl --kubeconfig /tmp/tmp.BW9y1YyhMB/kubeconfig --context kind-wamn-wms-journey -n wamn-system get deployment runtime-operator -o json 
2026-09-10T02:08:37Z kubectl --kubeconfig /tmp/tmp.BW9y1YyhMB/kubeconfig --context kind-wamn-wms-journey apply -f /tmp/tmp.BW9y1YyhMB/runtime-operator-events-rbac.yaml 
2026-09-10T02:08:37Z kubectl --kubeconfig /tmp/tmp.BW9y1YyhMB/kubeconfig --context kind-wamn-wms-journey -n wamn-wms-journey get role wamn-runtime-operator-events -o json 
2026-09-10T02:08:38Z kubectl --kubeconfig /tmp/tmp.BW9y1YyhMB/kubeconfig --context kind-wamn-wms-journey -n wamn-wms-journey get rolebinding wamn-runtime-operator-events -o json 
2026-09-10T02:08:38Z kubectl --kubeconfig /tmp/tmp.BW9y1YyhMB/kubeconfig --context kind-wamn-wms-journey apply -f /home/kaalin/.cache/wamn-lanes/generated-tui-20260908/deploy/infra/tempo.yaml 
2026-09-10T02:08:38Z kubectl --kubeconfig /tmp/tmp.BW9y1YyhMB/kubeconfig --context kind-wamn-wms-journey apply -f /home/kaalin/.cache/wamn-lanes/generated-tui-20260908/deploy/infra/otel-collector.yaml 
2026-09-10T02:08:39Z kubectl --kubeconfig /tmp/tmp.BW9y1YyhMB/kubeconfig --context kind-wamn-wms-journey -n wamn-system wait --for=condition=Available deployment/tempo deployment/otel-collector --timeout=120s 
2026-09-10T02:08:47Z kubectl --kubeconfig /tmp/tmp.BW9y1YyhMB/kubeconfig --context kind-wamn-wms-journey apply -f /tmp/tmp.BW9y1YyhMB/wasmcloud-ca-copy.json 
2026-09-10T02:08:48Z kubectl --kubeconfig /tmp/tmp.BW9y1YyhMB/kubeconfig --context kind-wamn-wms-journey apply -f /home/kaalin/.cache/wamn-lanes/generated-tui-20260908/deploy/infra/wasmcloud-ca-issuer.yaml 
2026-09-10T02:08:48Z kubectl --kubeconfig /tmp/tmp.BW9y1YyhMB/kubeconfig --context kind-wamn-wms-journey wait --for=condition=Ready clusterissuer/wasmcloud-ca --timeout=60s 
2026-09-10T02:08:48Z kubectl --kubeconfig /tmp/tmp.BW9y1YyhMB/kubeconfig --context kind-wamn-wms-journey apply -f /tmp/tmp.BW9y1YyhMB/host-environment-certs.yaml 
2026-09-10T02:08:48Z kubectl --kubeconfig /tmp/tmp.BW9y1YyhMB/kubeconfig --context kind-wamn-wms-journey -n wamn-wms-journey wait --for=condition=Ready certificate/wasmcloud-runtime-tls certificate/wasmcloud-data-tls --timeout=120s 
2026-09-10T02:08:48Z helm upgrade --install --kubeconfig /tmp/tmp.BW9y1YyhMB/kubeconfig --kube-context kind-wamn-wms-journey --namespace wamn-wms-journey wamn-host oci://ghcr.io/wasmcloud/charts/runtime-operator --version 2.9.0 -f /tmp/tmp.BW9y1YyhMB/host-base.yaml -f /tmp/tmp.BW9y1YyhMB/host-overlay.yaml --wait --timeout 5m 
2026-09-10T02:09:36Z kubectl --kubeconfig /tmp/tmp.BW9y1YyhMB/kubeconfig --context kind-wamn-wms-journey -n wamn-wms-journey rollout status deployment/hostgroup-default --timeout=240s 
2026-09-10T02:09:36Z kubectl --kubeconfig /tmp/tmp.BW9y1YyhMB/kubeconfig --context kind-wamn-wms-journey apply -f /tmp/tmp.BW9y1YyhMB/flow-http.yaml 
2026-09-10T02:09:37Z kubectl --kubeconfig /tmp/tmp.BW9y1YyhMB/kubeconfig --context kind-wamn-wms-journey -n wamn-wms-journey wait --for=condition=Ready workloaddeployment/flow-http --timeout=240s 
2026-09-10T02:09:46Z kubectl --kubeconfig /tmp/tmp.BW9y1YyhMB/kubeconfig --context kind-wamn-wms-journey apply -f /tmp/tmp.BW9y1YyhMB/flow-http-reachability.yaml 
2026-09-10T02:09:46Z kubectl --kubeconfig /tmp/tmp.BW9y1YyhMB/kubeconfig --context kind-wamn-wms-journey -n wamn-wms-journey wait --for=condition=Complete job/flow-http-reachability --timeout=90s 
2026-09-10T02:09:50Z kubectl --kubeconfig /tmp/tmp.BW9y1YyhMB/kubeconfig --context kind-wamn-wms-journey apply -f /tmp/tmp.BW9y1YyhMB/flow-http-nodeport.yaml 
2026-09-10T02:09:53Z cargo test wms_runtime_live::contention_and_replay_through_the_composed_route \<journey\ document\ with\ the\ runtime\ phase\ redacted\> 
2026-09-10T02:13:51Z cargo test wms_runtime_live::the_remaining_operations_serve_their_released_routes \<journey\ document\ with\ the\ runtime\ phase\ redacted\> 
2026-09-10T02:13:54Z remove-partial-labels-bucket \<credential-bearing\ arguments\ redacted\> 
2026-09-10T02:13:55Z restore-partial-labels-bucket \<credential-bearing\ arguments\ redacted\> 
2026-09-10T02:13:56Z kill -TERM 258127 
2026-09-10T02:13:56Z kubectl --kubeconfig /tmp/tmp.BW9y1YyhMB/kubeconfig --context kind-wamn-wms-journey -n wamn-wms-journey get deployment hostgroup-default -o json 
2026-09-10T02:13:56Z kubectl --kubeconfig /tmp/tmp.BW9y1YyhMB/kubeconfig --context kind-wamn-wms-journey -n wamn-wms-journey get pods -o json 
2026-09-10T02:13:57Z kubectl --kubeconfig /tmp/tmp.BW9y1YyhMB/kubeconfig --context kind-wamn-wms-journey -n wamn-wms-journey logs --timestamps -c host pod/hostgroup-default-8f59f5848-2tq5r 
2026-09-10T02:13:57Z kubectl --kubeconfig /tmp/tmp.BW9y1YyhMB/kubeconfig --context kind-wamn-wms-journey -n wamn-wms-journey logs --timestamps -c host pod/hostgroup-default-8f59f5848-p6qh2 
2026-09-10T02:13:57Z kubectl --kubeconfig /tmp/tmp.BW9y1YyhMB/kubeconfig --context kind-wamn-wms-journey -n wamn-wms-journey logs --timestamps -c host pod/hostgroup-default-8f59f5848-q7qkn 
2026-09-10T02:13:57Z kubectl --kubeconfig /tmp/tmp.BW9y1YyhMB/kubeconfig --context kind-wamn-wms-journey -n wamn-wms-journey get service\,endpointslice flow-http-nodeport -o json 
2026-09-10T02:13:58Z kubectl --kubeconfig /tmp/tmp.BW9y1YyhMB/kubeconfig --context kind-wamn-wms-journey -n wamn-wms-journey get events -o json 
2026-09-10T02:13:58Z kubectl --kubeconfig /tmp/tmp.BW9y1YyhMB/kubeconfig --context kind-wamn-wms-journey -n wamn-wms-journey get secrets -o name 
2026-09-10T02:13:58Z kubectl --kubeconfig /tmp/tmp.BW9y1YyhMB/kubeconfig --context kind-wamn-wms-journey -n wamn-wms-journey get jobs -o json 
2026-09-10T02:13:58Z kind delete cluster --name wamn-wms-journey 
2026-09-10T02:14:01Z docker rm --force --volumes wamn-wms-pg18-c86488041b09-205472 
2026-09-10T02:14:01Z docker rm --force --volumes wamn-wms-registry-c86488041b09-205472 
2026-09-10T02:14:02Z docker rm --force --volumes wamn-wms-nats-c86488041b09-205472 
2026-09-10T02:14:02Z docker rm --force --volumes wamn-wms-minio-c86488041b09-205472 
2026-09-10T02:14:02Z docker image rm wamn-host:wms-c86488041b09-205472-debug 
2026-09-10T02:14:03Z rm -rf -- /tmp/tmp.BW9y1YyhMB 
