2026-09-10T02:08:52.553269607Z 2026-09-10T02:08:52.553011Z  INFO connected to NATS
2026-09-10T02:08:52.556978838Z 2026-09-10T02:08:52.556819Z  INFO host memory resolved max_guest_memory=4GiB guest_memory_mode="count" default_heap_memory=256MiB core_instances=512 memories=512 pool_reservation=128GiB
2026-09-10T02:08:53.033415603Z 2026-09-10T02:08:53.033003Z  INFO wiring activation doorbell listening; dropped every cached pointer channel="wamn_wiring_activation" dropped=0
2026-09-10T02:08:53.603663834Z 2026-09-10T02:08:53.603363Z  INFO release component pull completed component_digest=sha256:65b61aa32d0a13070299685c97b0730a27dcb641629eccc4f3608dd33001445c component_bytes=326385 elapsed_ms=199
2026-09-10T02:08:53.612768619Z 2026-09-10T02:08:53.612553Z  INFO release component pull completed component_digest=sha256:a8cb208f652a078689da1d44b506b6601f8dacca2bc63d47b263ff3730371610 component_bytes=704608 elapsed_ms=205
2026-09-10T02:09:30.297683580Z 2026-09-10T02:09:30.296406Z  INFO release component compilation completed component_digest=sha256:65b61aa32d0a13070299685c97b0730a27dcb641629eccc4f3608dd33001445c compile_ms=36686 compile_wall_ms=36692
2026-09-10T02:09:30.327723963Z 2026-09-10T02:09:30.326737Z  INFO release component instantiation completed component_digest=sha256:65b61aa32d0a13070299685c97b0730a27dcb641629eccc4f3608dd33001445c elapsed_ms=30 total_elapsed_ms=36922
2026-09-10T02:09:30.419759339Z 2026-09-10T02:09:30.419071Z  INFO release component pull completed component_digest=sha256:ca30504d1d8f900f9435207203bb99843b9e453c510498193caeed6997658886 component_bytes=72514 elapsed_ms=91
2026-09-10T02:09:30.574310904Z 2026-09-10T02:09:30.573739Z  INFO release component compilation completed component_digest=sha256:a8cb208f652a078689da1d44b506b6601f8dacca2bc63d47b263ff3730371610 compile_ms=36959 compile_wall_ms=36959
2026-09-10T02:09:30.581702915Z 2026-09-10T02:09:30.580533Z  WARN wamn.component.linker_setup:wamn.linker.register: component imports wamn:postgres but sets no wamn.tenant; calls will be refused component="wms#1"
2026-09-10T02:09:30.585676287Z 2026-09-10T02:09:30.585129Z  INFO release component instantiation completed component_digest=sha256:a8cb208f652a078689da1d44b506b6601f8dacca2bc63d47b263ff3730371610 elapsed_ms=11 total_elapsed_ms=37178
2026-09-10T02:09:32.750522469Z 2026-09-10T02:09:32.750315Z  INFO release component compilation completed component_digest=sha256:ca30504d1d8f900f9435207203bb99843b9e453c510498193caeed6997658886 compile_ms=2330 compile_wall_ms=2331
2026-09-10T02:09:32.757055792Z 2026-09-10T02:09:32.756762Z  INFO release component instantiation completed component_digest=sha256:ca30504d1d8f900f9435207203bb99843b9e453c510498193caeed6997658886 elapsed_ms=6 total_elapsed_ms=2429
2026-09-10T02:09:32.757274853Z 2026-09-10T02:09:32.756909Z  INFO synchronous release preload completed synchronous_wirings=7 component_digests=3 elapsed_ms=39929
2026-09-10T02:09:32.757313090Z 2026-09-10T02:09:32.757229Z  INFO release preload completed; component cache warm
2026-09-10T02:09:32.796720575Z 2026-09-10T02:09:32.796189Z  INFO wamn-host starting (base plugins: wasi:config, wamn:logging, wasi:otel, wamn:postgres, wamn:jetstream, wamn:flow-http-routing) router_delivery=true
2026-09-10T02:09:32.796747899Z 2026-09-10T02:09:32.796304Z  INFO wamn-host welded to its release effective_release_id=1 manifest_digest=sha256:2e0f61c48eb2d201e0dc473da0bcd198140ecc034a4e401a5283cef111fdc2ce
2026-09-10T02:09:32.796752668Z 2026-09-10T02:09:32.796432Z  INFO HTTP server listening addr=0.0.0.0:80 protocol="HTTP"
2026-09-10T02:09:32.796757425Z 2026-09-10T02:09:32.796544Z  INFO Starting WASI OTel plugin endpoint=http://otel-collector.wamn-system.svc.cluster.local:4317 protocol="grpc"
2026-09-10T02:09:32.796761420Z 2026-09-10T02:09:32.796597Z  INFO probe server listening addr=0.0.0.0:8081
2026-09-10T02:09:32.798580946Z 2026-09-10T02:09:32.798452Z  INFO WASI OTel plugin started
2026-09-10T02:09:32.799024725Z 2026-09-10T02:09:32.798918Z  INFO Host started host_id="60f115f2-a74f-400e-bdc3-db5579976cf3" friendly_name="far-birth-5151" host_name="10.244.2.6" labels={"hostgroup": "default"} version="2.9.0" max_concurrent_starts=1
2026-09-10T02:09:32.800029045Z 2026-09-10T02:09:32.799936Z  INFO Host provides interfaces count=10 interfaces=["wasi:cli/terminal-input,stdin,terminal-stdin,terminal-output,stdout,environment,stderr,terminal-stderr,terminal-stdout,exit@0.2.0", "wasi:clocks/monotonic-clock,wall-time@0.2.0", "wasi:clocks/wall-clock,monotonic-clock@0.2.0", "wasi:filesystem/types,preopens@0.2.0", "wasi:http/handler,types@0.3.0", "wasi:http/outgoing-handler,incoming-handler,types@0.2.0", "wasi:io/streams,poll,error@0.2.0", "wasi:random/random,insecure,insecure-seed@0.2.0", "wasi:random/random@0.2.0", "wasi:sockets/udp,instance-network,tcp,tcp-create-socket,udp-create-socket,network,ip-name-lookup@0.2.0"]
2026-09-10T02:09:32.800275468Z 2026-09-10T02:09:32.800209Z  INFO wamn-host runtime startup completed elapsed_ms=41253 cleanup_budget_secs=51
