{
  "summary": {
    "successRate": 1.0,
    "total": 10.001735723,
    "slowest": 0.004509135,
    "fastest": 0.00020284,
    "average": 0.00039926586816331505,
    "requestsPerSec": 2480.769407148232,
    "totalData": 893196,
    "sizePerRequest": 36,
    "sizePerSec": 89304.09928208818
  },
  "metrics": {
    "success_rate": 1.0,
    "requests_per_sec": 2480.769407148232,
    "latency_ms": {
      "min": 0.203,
      "mean": 0.399,
      "p50": 0.382,
      "p95": 0.559,
      "p99": 0.731,
      "max": 4.509
    }
  },
  "responseTimeHistogram": {
    "0.00020284": 1,
    "0.0006334695": 24189,
    "0.001064099": 568,
    "0.0014947284999999998": 26,
    "0.0019253579999999998": 14,
    "0.0023559875": 2,
    "0.002786617": 3,
    "0.0032172465": 3,
    "0.003647876": 1,
    "0.004078505499999999": 3,
    "0.004509135": 1
  },
  "latencyPercentiles": {
    "p10": 0.000315011,
    "p25": 0.000345437,
    "p50": 0.000381855,
    "p75": 0.000426188,
    "p90": 0.000490439,
    "p95": 0.000559138,
    "p99": 0.000731238,
    "p99.9": 0.001514743,
    "p99.99": 0.004000656
  },
  "firstByteHistogram": {
    "0.000201306": 1,
    "0.0006312448": 24214,
    "0.0010611836": 543,
    "0.0014911224000000002": 26,
    "0.0019210612000000002": 14,
    "0.0023510000000000002": 2,
    "0.0027809388000000004": 3,
    "0.0032108776": 3,
    "0.0036408164000000004": 1,
    "0.004070755200000001": 3,
    "0.004500694": 1
  },
  "firstBytePercentiles": {
    "p10": 0.000311496,
    "p25": 0.0003415,
    "p50": 0.000377452,
    "p75": 0.000421352,
    "p90": 0.000484933,
    "p95": 0.000553367,
    "p99": 0.000724404,
    "p99.9": 0.001508481,
    "p99.99": 0.003991129
  },
  "rps": {
    "mean": 2479.87599445293,
    "stddev": 342.66437545374674,
    "max": 3834.0115161598474,
    "min": 832.081570620555,
    "percentiles": {
      "p10": 2080.320552433288,
      "p25": 2303.9445835214856,
      "p50": 2501.1471407144945,
      "p75": 2662.389640109544,
      "p90": 2809.3038524985614,
      "p95": 2996.159956094903,
      "p99": 3452.1351811462314,
      "p99.9": 3710.4817398669393,
      "p99.99": 3834.0115161598474
    }
  },
  "details": {
    "DNSDialup": {
      "average": 0.000317277,
      "fastest": 0.000317277,
      "slowest": 0.000317277
    },
    "DNSLookup": {
      "average": 0.000069134,
      "fastest": 0.000069134,
      "slowest": 0.000069134
    },
    "firstByte": {
      "average": 0.000394843086131153,
      "fastest": 0.000201306,
      "slowest": 0.004500694
    }
  },
  "statusCodeDistribution": {
    "404": 24811
  },
  "errorDistribution": {
    "aborted due to deadline": 1
  }
}