{
  "summary": {
    "successRate": 1.0,
    "total": 10.002370859,
    "slowest": 0.031373534,
    "fastest": 0.00032943,
    "average": 0.0015019646056998524,
    "requestsPerSec": 10616.882886765598,
    "totalData": 3822408,
    "sizePerRequest": 36,
    "sizePerSec": 382150.1975764724
  },
  "metrics": {
    "success_rate": 1.0,
    "requests_per_sec": 10616.882886765598,
    "latency_ms": {
      "min": 0.329,
      "mean": 1.502,
      "p50": 1.445,
      "p95": 2.484,
      "p99": 3.643,
      "max": 31.374
    }
  },
  "responseTimeHistogram": {
    "0.00032943": 1,
    "0.0034338404": 104823,
    "0.006538250800000001": 1241,
    "0.009642661200000001": 85,
    "0.012747071600000002": 19,
    "0.015851482": 3,
    "0.0189558924": 3,
    "0.0220603028": 1,
    "0.0251647132": 1,
    "0.0282691236": 0,
    "0.031373534": 1
  },
  "latencyPercentiles": {
    "p10": 0.00076737,
    "p25": 0.001113573,
    "p50": 0.00144492,
    "p75": 0.001786674,
    "p90": 0.002173788,
    "p95": 0.002483617,
    "p99": 0.003642634,
    "p99.9": 0.006623745,
    "p99.99": 0.011395223
  },
  "firstByteHistogram": {
    "0.000324924": 1,
    "0.0034291580999999995": 104873,
    "0.006533392199999999": 1197,
    "0.0096376263": 80,
    "0.012741860399999999": 19,
    "0.015846094499999998": 2,
    "0.0189503286": 3,
    "0.0220545627": 1,
    "0.025158796799999997": 1,
    "0.028263030899999996": 0,
    "0.03136726499999999": 1
  },
  "firstBytePercentiles": {
    "p10": 0.000758141,
    "p25": 0.001104922,
    "p50": 0.001435888,
    "p75": 0.001776748,
    "p90": 0.002160915,
    "p95": 0.002467422,
    "p99": 0.003604849,
    "p99.9": 0.006537028,
    "p99.99": 0.011369916
  },
  "rps": {
    "mean": 10617.175910321364,
    "stddev": 1508.429160413336,
    "max": 15594.63034346477,
    "min": 4113.654092083016,
    "percentiles": {
      "p10": 8648.811296312819,
      "p25": 9944.876967664411,
      "p50": 10759.32297873673,
      "p75": 11467.062823510085,
      "p90": 12222.869355249608,
      "p95": 12773.476871005076,
      "p99": 14326.648999804534,
      "p99.9": 15185.650103714997,
      "p99.99": 15594.63034346477
    }
  },
  "details": {
    "DNSDialup": {
      "average": 0.0017613882499999999,
      "fastest": 0.000966392,
      "slowest": 0.002538653
    },
    "DNSLookup": {
      "average": 0.0000619169375,
      "fastest": 0.000032509,
      "slowest": 0.000141081
    },
    "firstByte": {
      "average": 0.0014914348024637706,
      "fastest": 0.000324924,
      "slowest": 0.031367265
    }
  },
  "statusCodeDistribution": {
    "404": 106178
  },
  "errorDistribution": {
    "aborted due to deadline": 16
  }
}