2026-09-05T13:25:13.910155868Z 2026-09-05T13:25:13.910066Z  INFO connected to NATS
2026-09-05T13:25:14.090385424Z 2026-09-05T13:25:14.089686Z  INFO wiring activation doorbell listening; dropped every cached pointer channel="wamn_wiring_activation" dropped=0
2026-09-05T13:25:14.312450678Z 2026-09-05T13:25:14.312335Z  INFO release component pull completed component_digest=sha256:80234d12d7320a97fce3fae9ba5da498177d24b2823d15b2a7087965a9f56d21 component_bytes=465297 elapsed_ms=54
2026-09-05T13:25:14.354810433Z 2026-09-05T13:25:14.354655Z  INFO release component pull completed component_digest=sha256:3203875c71c9a541f6a5af70e670b856f6b81126591caa74275c121ccc9d60ef component_bytes=669594 elapsed_ms=97
2026-09-05T13:25:28.150842726Z 2026-09-05T13:25:28.150663Z  INFO release component compilation completed component_digest=sha256:80234d12d7320a97fce3fae9ba5da498177d24b2823d15b2a7087965a9f56d21 compile_ms=13838 compile_wall_ms=13838
2026-09-05T13:25:28.200555961Z 2026-09-05T13:25:28.200440Z  INFO release component compilation completed component_digest=sha256:3203875c71c9a541f6a5af70e670b856f6b81126591caa74275c121ccc9d60ef compile_ms=13845 compile_wall_ms=13845
2026-09-05T13:25:28.205410013Z 2026-09-05T13:25:28.205251Z  WARN wamn.component.linker_setup:wamn.linker.register: component imports wamn:postgres but sets no wamn.tenant; calls will be refused component="receiving#0"
2026-09-05T13:25:28.209208241Z 2026-09-05T13:25:28.208910Z  INFO release component instantiation completed component_digest=sha256:3203875c71c9a541f6a5af70e670b856f6b81126591caa74275c121ccc9d60ef elapsed_ms=8 total_elapsed_ms=13952
2026-09-05T13:25:28.213769401Z 2026-09-05T13:25:28.213607Z  WARN wamn.component.linker_setup:wamn.linker.register: component imports wamn:postgres but sets no wamn.tenant; calls will be refused component="client_acme_receiving#1"
2026-09-05T13:25:28.217358648Z 2026-09-05T13:25:28.217220Z  INFO release component instantiation completed component_digest=sha256:80234d12d7320a97fce3fae9ba5da498177d24b2823d15b2a7087965a9f56d21 elapsed_ms=8 total_elapsed_ms=13959
2026-09-05T13:25:28.217464490Z 2026-09-05T13:25:28.217388Z  INFO synchronous release preload completed synchronous_wirings=13 component_digests=2 elapsed_ms=14210
2026-09-05T13:25:28.217780522Z 2026-09-05T13:25:28.217693Z  INFO release preload completed; component cache warm
2026-09-05T13:25:28.263333280Z 2026-09-05T13:25:28.263179Z  INFO wamn-host starting (base plugins: wasi:config, wamn:logging, wasi:otel, wamn:postgres, wamn:jetstream, wamn:flow-http-routing) router_delivery=true
2026-09-05T13:25:28.263379505Z 2026-09-05T13:25:28.263258Z  INFO wamn-host welded to its release effective_release_id=1 manifest_digest=sha256:4b72c055cd357dafe68922590785f5db7d43f4e30aa671bc015993fc77efe20f
2026-09-05T13:25:28.263392930Z 2026-09-05T13:25:28.263329Z  INFO HTTP server listening addr=0.0.0.0:80 protocol="HTTP"
2026-09-05T13:25:28.263499140Z 2026-09-05T13:25:28.263427Z  INFO Starting WASI OTel plugin endpoint=http://otel-collector.wamn-system.svc.cluster.local:4317 protocol="grpc"
2026-09-05T13:25:28.264632801Z 2026-09-05T13:25:28.264571Z  INFO WASI OTel plugin started
2026-09-05T13:25:28.264737455Z 2026-09-05T13:25:28.264674Z  INFO Host started host_id="e2cfac0f-29bf-4058-8bd8-60ff6ed19810" friendly_name="sick-shape-9480" host_name="10.244.1.5" labels={"hostgroup": "default"} version="2.8.0"
2026-09-05T13:25:28.265254661Z 2026-09-05T13:25:28.265189Z  INFO Host provides interfaces count=10 interfaces=["wasi:cli/terminal-output,terminal-input,environment,exit,terminal-stdout,terminal-stderr,terminal-stdin,stderr,stdout,stdin@0.2.0", "wasi:clocks/wall-clock,monotonic-clock@0.2.0", "wasi:clocks/monotonic-clock,wall-time@0.2.0", "wasi:filesystem/preopens,types@0.2.0", "wasi:http/outgoing-handler,types,incoming-handler@0.2.0", "wasi:http/handler,types@0.3.0", "wasi:io/streams,poll,error@0.2.0", "wasi:random/insecure-seed,insecure,random@0.2.0", "wasi:random/random@0.2.0", "wasi:sockets/tcp-create-socket,udp-create-socket,ip-name-lookup,instance-network,tcp,network,udp@0.2.0"]
2026-09-05T13:25:28.265449167Z 2026-09-05T13:25:28.265307Z  INFO wamn-host runtime startup completed elapsed_ms=14617
