2026-09-10T04:32:56.671934Z  INFO connected to NATS
2026-09-10T04:32:56.672203Z  INFO host memory resolved max_guest_memory=4GiB guest_memory_mode="count" default_heap_memory=256MiB core_instances=512 memories=512 pool_reservation=128GiB
2026-09-10T04:32:56.690496Z  INFO wiring activation doorbell listening; dropped every cached pointer channel="wamn_wiring_activation" dropped=0
2026-09-10T04:32:56.783143Z  INFO release component pull completed component_digest=sha256:710586d8b7fa9ff054d84203d981832659ae9baa618ed03b14588d1168d68d2e component_bytes=466355 elapsed_ms=15
2026-09-10T04:32:56.785377Z  INFO release component pull completed component_digest=sha256:5326f1a794dfe01736dbf08a41a73593a908f4551c76e116c2e9a79f3b6795b3 component_bytes=669281 elapsed_ms=17
2026-09-10T04:32:57.220403Z  INFO release component compilation completed component_digest=sha256:710586d8b7fa9ff054d84203d981832659ae9baa618ed03b14588d1168d68d2e compile_ms=437 compile_wall_ms=437
2026-09-10T04:32:57.226922Z  INFO release component compilation completed component_digest=sha256:5326f1a794dfe01736dbf08a41a73593a908f4551c76e116c2e9a79f3b6795b3 compile_ms=441 compile_wall_ms=441
2026-09-10T04:32:57.227380Z  WARN wamn.component.linker_setup:wamn.linker.register: component imports wamn:postgres but sets no wamn.tenant; calls will be refused component="receiving#0"
2026-09-10T04:32:57.227683Z  INFO release component instantiation completed component_digest=sha256:5326f1a794dfe01736dbf08a41a73593a908f4551c76e116c2e9a79f3b6795b3 elapsed_ms=0 total_elapsed_ms=459
2026-09-10T04:32:57.227984Z  WARN wamn.component.linker_setup:wamn.linker.register: component imports wamn:postgres but sets no wamn.tenant; calls will be refused component="client_acme_receiving#1"
2026-09-10T04:32:57.228147Z  INFO release component instantiation completed component_digest=sha256:710586d8b7fa9ff054d84203d981832659ae9baa618ed03b14588d1168d68d2e elapsed_ms=0 total_elapsed_ms=460
2026-09-10T04:32:57.228166Z  INFO synchronous release preload completed synchronous_wirings=13 component_digests=2 elapsed_ms=542
2026-09-10T04:32:57.228231Z  INFO release preload completed; component cache warm
2026-09-10T04:32:57.236421Z  INFO wamn-host starting (base plugins: wasi:config, wamn:logging, wasi:otel, wamn:postgres, wamn:jetstream, wamn:flow-http-routing) router_delivery=true
2026-09-10T04:32:57.236439Z  INFO wamn-host welded to its release effective_release_id=2 manifest_digest=sha256:d802f9b44bf72c097c987dde0eebdfb66f526bea557f39d2efcdb13d98a25b34
2026-09-10T04:32:57.236459Z  INFO HTTP server listening addr=0.0.0.0:80 protocol="HTTP"
2026-09-10T04:32:57.236466Z  INFO probe server listening addr=0.0.0.0:8081
2026-09-10T04:32:57.236475Z  INFO Starting WASI OTel plugin endpoint=http://otel-collector.wamn-system.svc.cluster.local:4317 protocol="grpc"
2026-09-10T04:32:57.237148Z  INFO WASI OTel plugin started
2026-09-10T04:32:57.237257Z  INFO Host started host_id="850ae06b-9555-427b-932f-68e98093609f" friendly_name="selective-selection-3186" host_name="10.244.1.6" labels={"hostgroup": "default"} version="2.9.0" max_concurrent_starts=4
2026-09-10T04:32:57.237408Z  INFO Host provides interfaces count=10 interfaces=["wasi:cli/stdout,terminal-stdin,terminal-output,terminal-stdout,terminal-input,environment,exit,stderr,stdin,terminal-stderr@0.2.0", "wasi:clocks/monotonic-clock,wall-time@0.2.0", "wasi:clocks/monotonic-clock,wall-clock@0.2.0", "wasi:filesystem/preopens,types@0.2.0", "wasi:http/handler,types@0.3.0", "wasi:http/outgoing-handler,types,incoming-handler@0.2.0", "wasi:io/error,poll,streams@0.2.0", "wasi:random/random@0.2.0", "wasi:random/random,insecure,insecure-seed@0.2.0", "wasi:sockets/tcp,udp-create-socket,udp,instance-network,tcp-create-socket,ip-name-lookup,network@0.2.0"]
2026-09-10T04:32:57.237430Z  INFO wamn-host runtime startup completed elapsed_ms=658 cleanup_budget_secs=51
2026-09-10T04:33:02.499146Z  INFO workload_start{workload_id=f50da154-e5ca-418b-a16b-d19e24cccf64 workload.name="flow-http-session-a-6f488b85ff-bc9fcc458" workload.namespace="wamn-receiving-journey"}: Starting workload workload_id="f50da154-e5ca-418b-a16b-d19e24cccf64" namespace="wamn-receiving-journey" name="flow-http-session-a-6f488b85ff-bc9fcc458"
2026-09-10T04:33:04.394993Z  WARN handle_http_request{http.method=POST http.uri=/purchase_order/get http.host=receiving.localhost http.request.method=POST url.path=/purchase_order/get server.address="receiving.localhost"}:invoke_component_handler{workload.name="flow-http-session-a-6f488b85ff-bc9fcc458" workload.namespace="wamn-receiving-journey" workload.id="f50da154-e5ca-418b-a16b-d19e24cccf64"}:wamn.component.invoke{wamn.tenant=receiving-route-auth wamn.project=receiving wamn.environment=dev wamn.wiring_id=purchase_order_get wamn.wiring_version=1 wamn.component_digest=sha256:5326f1a794dfe01736dbf08a41a73593a908f4551c76e116c2e9a79f3b6795b3 wamn.node_id=operation wamn.operation=wamn-receiving:purchase-order/get@1.0.0 wamn.caller_principal_id="98bd3e4b-5471-486e-bdd8-da887a7c67db" wamn.caller_credential_kind="session"}:wamn.component.linker_setup:wamn.linker.register: component imports wamn:postgres but sets no wamn.tenant; calls will be refused component="receiving#2"
