{
  "summary": {
    "successRate": 1.0,
    "total": 10.002068312,
    "slowest": 0.006270726,
    "fastest": 0.000196706,
    "average": 0.00038304603379214416,
    "requestsPerSec": 2585.9651417265786,
    "totalData": 931104,
    "sizePerRequest": 36,
    "sizePerSec": 93091.14584659517
  },
  "metrics": {
    "success_rate": 1.0,
    "requests_per_sec": 2585.9651417265786,
    "latency_ms": {
      "min": 0.197,
      "mean": 0.383,
      "p50": 0.36,
      "p95": 0.524,
      "p99": 0.819,
      "max": 6.271
    }
  },
  "responseTimeHistogram": {
    "0.000196706": 1,
    "0.000804108": 25590,
    "0.0014115100000000002": 202,
    "0.0020189120000000003": 43,
    "0.0026263140000000003": 15,
    "0.003233716": 7,
    "0.0038411180000000006": 5,
    "0.00444852": 0,
    "0.005055922": 0,
    "0.005663324": 0,
    "0.006270726": 1
  },
  "latencyPercentiles": {
    "p10": 0.00030122,
    "p25": 0.000326861,
    "p50": 0.000359885,
    "p75": 0.000404733,
    "p90": 0.000467526,
    "p95": 0.000523506,
    "p99": 0.000818934,
    "p99.9": 0.002073896,
    "p99.99": 0.003637018
  },
  "firstByteHistogram": {
    "0.000194651": 1,
    "0.0008012067": 25595,
    "0.0014077624": 198,
    "0.0020143181": 43,
    "0.0026208738": 14,
    "0.0032274294999999997": 7,
    "0.0038339852": 5,
    "0.0044405409": 0,
    "0.005047096599999999": 0,
    "0.005653652299999999": 0,
    "0.006260207999999999": 1
  },
  "firstBytePercentiles": {
    "p10": 0.00029796,
    "p25": 0.000323164,
    "p50": 0.000355871,
    "p75": 0.000400143,
    "p90": 0.000462582,
    "p95": 0.000517501,
    "p99": 0.000814447,
    "p99.9": 0.002060287,
    "p99.99": 0.003629937
  },
  "rps": {
    "mean": 2584.0482497539683,
    "stddev": 449.9052522091932,
    "max": 3794.331248604686,
    "min": 419.28013583838367,
    "percentiles": {
      "p10": 1978.9671208153204,
      "p25": 2411.6077601763122,
      "p50": 2684.733685260619,
      "p75": 2877.2205720449824,
      "p90": 3001.415736753751,
      "p95": 3080.547380410381,
      "p99": 3346.744651902112,
      "p99.9": 3619.5248026429035,
      "p99.99": 3794.331248604686
    }
  },
  "details": {
    "DNSDialup": {
      "average": 0.000315563,
      "fastest": 0.000315563,
      "slowest": 0.000315563
    },
    "DNSLookup": {
      "average": 0.000064518,
      "fastest": 0.000064518,
      "slowest": 0.000064518
    },
    "firstByte": {
      "average": 0.0003787914568125583,
      "fastest": 0.000194651,
      "slowest": 0.006260208
    }
  },
  "statusCodeDistribution": {
    "404": 25864
  },
  "errorDistribution": {
    "aborted due to deadline": 1
  }
}