{
  "summary": {
    "successRate": 1.0,
    "total": 10.003577423,
    "slowest": 0.140425146,
    "fastest": 0.012475668,
    "average": 0.061456370085427973,
    "requestsPerSec": 1044.3264002716162,
    "totalData": 2990304,
    "sizePerRequest": 288,
    "sizePerSec": 298923.46243302524
  },
  "metrics": {
    "success_rate": 1.0,
    "requests_per_sec": 1044.3264002716162,
    "latency_ms": {
      "min": 12.476,
      "mean": 61.456,
      "p50": 59.8,
      "p95": 82.412,
      "p99": 100.799,
      "max": 140.425
    }
  },
  "responseTimeHistogram": {
    "0.012475668": 1,
    "0.0252706158": 19,
    "0.038065563600000005": 218,
    "0.05086051140000001": 1363,
    "0.0636554592": 4973,
    "0.076450407": 2767,
    "0.08924535480000001": 788,
    "0.10204030260000001": 160,
    "0.1148352504": 61,
    "0.12763019820000002": 30,
    "0.140425146": 3
  },
  "latencyPercentiles": {
    "p10": 0.048638345,
    "p25": 0.053936673,
    "p50": 0.059799798,
    "p75": 0.068057395,
    "p90": 0.076483224,
    "p95": 0.082411842,
    "p99": 0.100799468,
    "p99.9": 0.122676062,
    "p99.99": 0.131053399
  },
  "firstByteHistogram": {
    "0.012467361": 1,
    "0.025262588199999998": 19,
    "0.0380578154": 219,
    "0.050853042599999995": 1364,
    "0.06364826979999999": 4974,
    "0.07644349699999999": 2764,
    "0.0892387242": 788,
    "0.10203395139999999": 160,
    "0.11482917859999998": 61,
    "0.12762440579999998": 30,
    "0.140419633": 3
  },
  "firstBytePercentiles": {
    "p10": 0.048630254,
    "p25": 0.053925742,
    "p50": 0.059784907,
    "p75": 0.068050811,
    "p90": 0.07646857,
    "p95": 0.082373535,
    "p99": 0.100790262,
    "p99.9": 0.122669865,
    "p99.99": 0.131045906
  },
  "rps": {
    "mean": 1030.0672438851661,
    "stddev": 477.2568352320175,
    "max": 3548.018827680169,
    "min": 73.11728831960093,
    "percentiles": {
      "p10": 455.2940510937807,
      "p25": 671.4544352139453,
      "p50": 981.3263410560342,
      "p75": 1335.1758760422558,
      "p90": 1666.4408292167893,
      "p95": 1855.7225899949162,
      "p99": 2226.5945116449193,
      "p99.9": 2834.2618611379185,
      "p99.99": 3548.018827680169
    }
  },
  "details": {
    "DNSDialup": {
      "average": 0.0030622930000000002,
      "fastest": 0.000432882,
      "slowest": 0.004776024
    },
    "DNSLookup": {
      "average": 0.00003204621874999999,
      "fastest": 0.000019427,
      "slowest": 0.000102477
    },
    "firstByte": {
      "average": 0.0614424006697486,
      "fastest": 0.012467361,
      "slowest": 0.140419633
    }
  },
  "statusCodeDistribution": {
    "200": 10383
  },
  "errorDistribution": {
    "aborted due to deadline": 64
  }
}