{
  "summary": {
    "successRate": 1.0,
    "total": 10.004218986,
    "slowest": 0.051003691,
    "fastest": 0.004054025,
    "average": 0.011286157486226899,
    "requestsPerSec": 1416.8022531129347,
    "totalData": 4077504,
    "sizePerRequest": 288,
    "sizePerSec": 407578.44322541304
  },
  "metrics": {
    "success_rate": 1.0,
    "requests_per_sec": 1416.8022531129347,
    "latency_ms": {
      "min": 4.054,
      "mean": 11.286,
      "p50": 10.649,
      "p95": 17.151,
      "p99": 24.434,
      "max": 51.004
    }
  },
  "responseTimeHistogram": {
    "0.004054025": 1,
    "0.008748991599999999": 2955,
    "0.013443958199999998": 8531,
    "0.018138924799999998": 2145,
    "0.022833891399999997": 341,
    "0.027528857999999996": 83,
    "0.0322238246": 39,
    "0.036918791199999995": 40,
    "0.0416137578": 17,
    "0.0463087244": 5,
    "0.051003691": 1
  },
  "latencyPercentiles": {
    "p10": 0.007855831,
    "p25": 0.009036295,
    "p50": 0.010649166,
    "p75": 0.012710974,
    "p90": 0.015081554,
    "p95": 0.017151055,
    "p99": 0.024434207,
    "p99.9": 0.038679256,
    "p99.99": 0.046285373
  },
  "firstByteHistogram": {
    "0.004047973": 1,
    "0.0087429212": 2969,
    "0.0134378694": 8527,
    "0.0181328176": 2138,
    "0.0228277658": 339,
    "0.027522714": 82,
    "0.0322176622": 39,
    "0.036912610400000004": 40,
    "0.0416075586": 17,
    "0.046302506800000004": 5,
    "0.050997455": 1
  },
  "firstBytePercentiles": {
    "p10": 0.007847439,
    "p25": 0.009024506,
    "p50": 0.010638091,
    "p75": 0.012695119,
    "p90": 0.015059895,
    "p95": 0.017112673,
    "p99": 0.024426893,
    "p99.9": 0.03867149,
    "p99.99": 0.046263259
  },
  "rps": {
    "mean": 1410.9269915120233,
    "stddev": 390.16525025318776,
    "max": 3265.668678318771,
    "min": 67.03481292125306,
    "percentiles": {
      "p10": 910.6552123779668,
      "p25": 1172.1629208424526,
      "p50": 1436.3348976125123,
      "p75": 1680.0528105215785,
      "p90": 1855.3991984144768,
      "p95": 1990.5084177555016,
      "p99": 2187.998681366119,
      "p99.9": 2434.931774733505,
      "p99.99": 3265.668678318771
    }
  },
  "details": {
    "DNSDialup": {
      "average": 0.0006018114374999999,
      "fastest": 0.000337232,
      "slowest": 0.000860829
    },
    "DNSLookup": {
      "average": 0.0000341688125,
      "fastest": 0.000014968,
      "slowest": 0.000070925
    },
    "firstByte": {
      "average": 0.011272440034044366,
      "fastest": 0.004047973,
      "slowest": 0.050997455
    }
  },
  "statusCodeDistribution": {
    "200": 14158
  },
  "errorDistribution": {
    "aborted due to deadline": 16
  }
}