{
  "summary": {
    "successRate": 1.0,
    "total": 10.005691609,
    "slowest": 0.015058947,
    "fastest": 0.001575428,
    "average": 0.0027921475107933733,
    "requestsPerSec": 356.59703890839756,
    "totalData": 1027296,
    "sizePerRequest": 288,
    "sizePerSec": 102671.16358812814
  },
  "metrics": {
    "success_rate": 1.0,
    "requests_per_sec": 356.59703890839756,
    "latency_ms": {
      "min": 1.575,
      "mean": 2.792,
      "p50": 2.623,
      "p95": 4.368,
      "p99": 6.514,
      "max": 15.059
    }
  },
  "responseTimeHistogram": {
    "0.001575428": 1,
    "0.0029237799": 2484,
    "0.0042721318": 890,
    "0.0056204837": 113,
    "0.0069688356": 53,
    "0.0083171875": 13,
    "0.0096655394": 5,
    "0.0110138913": 1,
    "0.0123622432": 2,
    "0.013710595099999999": 2,
    "0.015058947": 3
  },
  "latencyPercentiles": {
    "p10": 0.001949955,
    "p25": 0.002261831,
    "p50": 0.00262296,
    "p75": 0.003023641,
    "p90": 0.00360839,
    "p95": 0.004367535,
    "p99": 0.006513967,
    "p99.9": 0.013487688,
    "p99.99": 0.015058947
  },
  "firstByteHistogram": {
    "0.001570463": 1,
    "0.0029175188000000003": 2495,
    "0.0042645746": 880,
    "0.0056116304": 113,
    "0.0069586862000000005": 52,
    "0.008305742": 13,
    "0.0096527978": 5,
    "0.0109998536": 1,
    "0.0123469094": 2,
    "0.0136939652": 2,
    "0.015041021": 3
  },
  "firstBytePercentiles": {
    "p10": 0.00194287,
    "p25": 0.002252415,
    "p50": 0.002614401,
    "p75": 0.003012404,
    "p90": 0.003599741,
    "p95": 0.004349573,
    "p99": 0.006503992,
    "p99.9": 0.013478595,
    "p99.99": 0.015041021
  },
  "rps": {
    "mean": 353.4314996864243,
    "stddev": 94.00578170154235,
    "max": 572.1503963686345,
    "min": 66.33114164185785,
    "percentiles": {
      "p10": 221.91154605773772,
      "p25": 306.00017380809624,
      "p50": 354.6842199098791,
      "p75": 411.0301868789894,
      "p90": 478.4731920442034,
      "p95": 509.874068243384,
      "p99": 550.2344824246941,
      "p99.9": 569.0595278376533,
      "p99.99": 572.1503963686345
    }
  },
  "details": {
    "DNSDialup": {
      "average": 0.000357376,
      "fastest": 0.000357376,
      "slowest": 0.000357376
    },
    "DNSLookup": {
      "average": 0.00007732,
      "fastest": 0.00007732,
      "slowest": 0.00007732
    },
    "firstByte": {
      "average": 0.0027831083919259898,
      "fastest": 0.001570463,
      "slowest": 0.015041021
    }
  },
  "statusCodeDistribution": {
    "200": 3567
  },
  "errorDistribution": {
    "aborted due to deadline": 1
  }
}