2026-09-05T22:00:49Z env CARGO_TARGET_DIR=/home/kaalin/.cache/wamn-lanes/perf2/target RUSTC_WRAPPER= /home/kaalin/.cache/wamn-lanes/perf2/tools/build-components m1 
2026-09-05T22:00:52Z env CARGO_TARGET_DIR=/home/kaalin/.cache/wamn-lanes/perf2/target RUSTC_WRAPPER= cargo build --locked -p wamn-host -p wamn-ctl -p wamn-cdc-reader 
2026-09-05T22:01:03Z docker build --platform=linux/amd64 --provenance=false --file /tmp/tmp.dS3cEEjubi/host-image/Dockerfile --tag wamn-host:receiving-94c30a8a2600-803168-debug /tmp/tmp.dS3cEEjubi/host-image 
2026-09-05T22:01:07Z kind create cluster --name wamn-receiving-journey --config /tmp/tmp.dS3cEEjubi/kind-config.yaml --kubeconfig /tmp/tmp.dS3cEEjubi/kubeconfig 
2026-09-05T22:01:31Z kubectl --kubeconfig /tmp/tmp.dS3cEEjubi/kubeconfig --context kind-wamn-receiving-journey wait --for=condition=Ready nodes --all --timeout=180s 
2026-09-05T22:01:45Z kubectl --kubeconfig /tmp/tmp.dS3cEEjubi/kubeconfig --context kind-wamn-receiving-journey create namespace wamn-receiving-journey 
2026-09-05T22:01:45Z kind load docker-image wamn-host:receiving-94c30a8a2600-803168-debug --name wamn-receiving-journey 
2026-09-05T22:01:59Z htpasswd \<credential-bearing\ arguments\ redacted\> 
2026-09-05T22:02:00Z postgres \<credential-bearing\ arguments\ redacted\> 
2026-09-05T22:02:01Z docker run --detach --name wamn-receiving-registry-94c30a8a2600-803168 --network kind --env REGISTRY_AUTH=htpasswd --env REGISTRY_AUTH_HTPASSWD_REALM=WAMN\ Receiving\ cluster\ journey --env REGISTRY_AUTH_HTPASSWD_PATH=/auth/htpasswd --volume /tmp/tmp.dS3cEEjubi/htpasswd:/auth/htpasswd:ro registry:2 
2026-09-05T22:02:01Z docker run --detach --name wamn-receiving-nats-94c30a8a2600-803168 --network kind nats:2.10-alpine --jetstream --store_dir /data --http_port 8222 
2026-09-05T22:02:04Z cargo test production_two_package_release_serves_all_thirteen_pat_routes \<journey\ document\ with\ disposable\ PostgreSQL\ and\ OCI\ inputs\ redacted\> 
2026-09-05T22:02:45Z kubectl --kubeconfig /tmp/tmp.dS3cEEjubi/kubeconfig --context kind-wamn-receiving-journey apply -f /tmp/tmp.dS3cEEjubi/route-caller-pat-kube.json 
2026-09-05T22:02:45Z env WASH_REG_USER=\<redacted\> WASH_REG_PASSWORD=\<redacted\> wash push --insecure --allow-latest --output json 172.28.0.9:5000/wamn/flow-http:receiving-94c30a8a2600-803168-debug /home/kaalin/.cache/wamn-lanes/perf2/target/wasm32-wasip2/release/http_route.wasm 
2026-09-05T22:02:45Z env WASH_REG_USER=\<redacted\> WASH_REG_PASSWORD=\<redacted\> wash push --insecure --allow-latest --output json 172.28.0.9:5000/wamn/materializer:receiving-94c30a8a2600-803168-debug /home/kaalin/.cache/wamn-lanes/perf2/target/wasm32-wasip2/release/materializer.wasm 
2026-09-05T22:02:46Z print-release-env \<credential-bearing\ arguments\ redacted\> 
2026-09-05T22:02:46Z kubectl --kubeconfig /tmp/tmp.dS3cEEjubi/kubeconfig --context kind-wamn-receiving-journey apply -f /tmp/tmp.dS3cEEjubi/host-secrets/guest-sql.json 
2026-09-05T22:02:46Z kubectl --kubeconfig /tmp/tmp.dS3cEEjubi/kubeconfig --context kind-wamn-receiving-journey apply -f /tmp/tmp.dS3cEEjubi/host-secrets/executor-platform.json 
2026-09-05T22:02:46Z kubectl --kubeconfig /tmp/tmp.dS3cEEjubi/kubeconfig --context kind-wamn-receiving-journey apply -f /tmp/tmp.dS3cEEjubi/host-secrets/identity-reader.json 
2026-09-05T22:02:46Z kubectl --kubeconfig /tmp/tmp.dS3cEEjubi/kubeconfig --context kind-wamn-receiving-journey apply -f /tmp/tmp.dS3cEEjubi/host-secrets/http-admitter.json 
2026-09-05T22:02:46Z kubectl --kubeconfig /tmp/tmp.dS3cEEjubi/kubeconfig --context kind-wamn-receiving-journey apply -f /tmp/tmp.dS3cEEjubi/host-secrets/event-materializer.json 
2026-09-05T22:02:46Z kubectl --kubeconfig /tmp/tmp.dS3cEEjubi/kubeconfig --context kind-wamn-receiving-journey -n wamn-receiving-journey create secret generic wamn-registry-pull --type=kubernetes.io/dockerconfigjson --from-file=.dockerconfigjson=\<redacted\> --dry-run=client -o yaml 
2026-09-05T22:02:46Z kubectl --kubeconfig /tmp/tmp.dS3cEEjubi/kubeconfig --context kind-wamn-receiving-journey apply -f /tmp/tmp.dS3cEEjubi/registry-pull.yaml 
2026-09-05T22:02:47Z kubectl --kubeconfig /tmp/tmp.dS3cEEjubi/kubeconfig --context kind-wamn-receiving-journey apply -f /home/kaalin/.cache/wamn-lanes/perf2/deploy/infra/cert-manager.yaml 
2026-09-05T22:02:48Z kubectl --kubeconfig /tmp/tmp.dS3cEEjubi/kubeconfig --context kind-wamn-receiving-journey -n cert-manager wait --for=condition=Available deployment --all --timeout=240s 
2026-09-05T22:03:27Z helm upgrade --install --create-namespace --kubeconfig /tmp/tmp.dS3cEEjubi/kubeconfig --kube-context kind-wamn-receiving-journey --namespace wamn-system wamn oci://ghcr.io/wasmcloud/charts/runtime-operator --version 2.8.0 -f /home/kaalin/.cache/wamn-lanes/perf2/deploy/infra/values-wamn.yaml -f /tmp/tmp.dS3cEEjubi/operator-values.yaml --wait --timeout 5m 
2026-09-05T22:04:04Z kubectl --kubeconfig /tmp/tmp.dS3cEEjubi/kubeconfig --context kind-wamn-receiving-journey -n wamn-system get deployment runtime-operator -o json 
2026-09-05T22:04:04Z kubectl --kubeconfig /tmp/tmp.dS3cEEjubi/kubeconfig --context kind-wamn-receiving-journey apply -f /tmp/tmp.dS3cEEjubi/runtime-operator-events-rbac.yaml 
2026-09-05T22:04:04Z kubectl --kubeconfig /tmp/tmp.dS3cEEjubi/kubeconfig --context kind-wamn-receiving-journey -n wamn-receiving-journey get role wamn-runtime-operator-events -o json 
2026-09-05T22:04:04Z kubectl --kubeconfig /tmp/tmp.dS3cEEjubi/kubeconfig --context kind-wamn-receiving-journey -n wamn-receiving-journey get rolebinding wamn-runtime-operator-events -o json 
2026-09-05T22:04:04Z kubectl --kubeconfig /tmp/tmp.dS3cEEjubi/kubeconfig --context kind-wamn-receiving-journey apply -f /home/kaalin/.cache/wamn-lanes/perf2/deploy/infra/tempo.yaml 
2026-09-05T22:04:05Z kubectl --kubeconfig /tmp/tmp.dS3cEEjubi/kubeconfig --context kind-wamn-receiving-journey apply -f /home/kaalin/.cache/wamn-lanes/perf2/deploy/infra/otel-collector.yaml 
2026-09-05T22:04:05Z kubectl --kubeconfig /tmp/tmp.dS3cEEjubi/kubeconfig --context kind-wamn-receiving-journey -n wamn-system wait --for=condition=Available deployment/tempo deployment/otel-collector --timeout=120s 
2026-09-05T22:04:12Z kubectl --kubeconfig /tmp/tmp.dS3cEEjubi/kubeconfig --context kind-wamn-receiving-journey apply -f /tmp/tmp.dS3cEEjubi/wasmcloud-ca-copy.json 
2026-09-05T22:04:12Z kubectl --kubeconfig /tmp/tmp.dS3cEEjubi/kubeconfig --context kind-wamn-receiving-journey apply -f /home/kaalin/.cache/wamn-lanes/perf2/deploy/infra/wasmcloud-ca-issuer.yaml 
2026-09-05T22:04:12Z kubectl --kubeconfig /tmp/tmp.dS3cEEjubi/kubeconfig --context kind-wamn-receiving-journey wait --for=condition=Ready clusterissuer/wasmcloud-ca --timeout=60s 
2026-09-05T22:04:13Z kubectl --kubeconfig /tmp/tmp.dS3cEEjubi/kubeconfig --context kind-wamn-receiving-journey apply -f /tmp/tmp.dS3cEEjubi/host-environment-certs.yaml 
2026-09-05T22:04:13Z kubectl --kubeconfig /tmp/tmp.dS3cEEjubi/kubeconfig --context kind-wamn-receiving-journey -n wamn-receiving-journey wait --for=condition=Ready certificate/wasmcloud-runtime-tls certificate/wasmcloud-data-tls --timeout=120s 
2026-09-05T22:04:13Z helm upgrade --install --kubeconfig /tmp/tmp.dS3cEEjubi/kubeconfig --kube-context kind-wamn-receiving-journey --namespace wamn-receiving-journey wamn-host oci://ghcr.io/wasmcloud/charts/runtime-operator --version 2.8.0 -f /tmp/tmp.dS3cEEjubi/host-base.yaml -f /tmp/tmp.dS3cEEjubi/host-overlay.yaml --wait --timeout 5m 
2026-09-05T22:04:14Z kubectl --kubeconfig /tmp/tmp.dS3cEEjubi/kubeconfig --context kind-wamn-receiving-journey -n wamn-receiving-journey scale deployment/hostgroup-default --replicas=1 
2026-09-05T22:04:14Z kubectl --kubeconfig /tmp/tmp.dS3cEEjubi/kubeconfig --context kind-wamn-receiving-journey -n wamn-receiving-journey wait --for=condition=Available deployment/hostgroup-default --timeout=120s 
2026-09-05T22:04:36Z kubectl --kubeconfig /tmp/tmp.dS3cEEjubi/kubeconfig --context kind-wamn-receiving-journey -n wamn-receiving-journey rollout status deployment/hostgroup-default --timeout=240s 
2026-09-05T22:04:37Z kubectl --kubeconfig /tmp/tmp.dS3cEEjubi/kubeconfig --context kind-wamn-receiving-journey apply -f /tmp/tmp.dS3cEEjubi/flow-http.yaml 
2026-09-05T22:04:37Z kubectl --kubeconfig /tmp/tmp.dS3cEEjubi/kubeconfig --context kind-wamn-receiving-journey -n wamn-receiving-journey wait --for=condition=Ready workloaddeployment/flow-http --timeout=240s 
2026-09-05T22:04:40Z kubectl --kubeconfig /tmp/tmp.dS3cEEjubi/kubeconfig --context kind-wamn-receiving-journey apply -f /tmp/tmp.dS3cEEjubi/startup-request-cold.yaml 
2026-09-05T22:04:40Z kubectl --kubeconfig /tmp/tmp.dS3cEEjubi/kubeconfig --context kind-wamn-receiving-journey -n wamn-receiving-journey wait --for=condition=Complete job/startup-request-cold --timeout=240s 
2026-09-05T22:04:43Z kubectl --kubeconfig /tmp/tmp.dS3cEEjubi/kubeconfig --context kind-wamn-receiving-journey -n wamn-receiving-journey exec hostgroup-default-74d44f4779-26ss7 -c host -- find /tmp/wamn-wasmtime-cache/modules -type f \! -name \*.stats -printf \<inode\>\ \<mtime\>\ \<size\>\ \<path\>\\n 
2026-09-05T22:04:44Z kubectl --kubeconfig /tmp/tmp.dS3cEEjubi/kubeconfig --context kind-wamn-receiving-journey -n wamn-receiving-journey exec hostgroup-default-74d44f4779-26ss7 -c host -- /bin/sh -c kill\ -TERM\ 1\;\ exit\ 0 
2026-09-05T22:04:44Z kubectl --kubeconfig /tmp/tmp.dS3cEEjubi/kubeconfig --context kind-wamn-receiving-journey -n wamn-receiving-journey wait --for=jsonpath=\{.status.containerStatuses\[0\].restartCount\}=1 pod/hostgroup-default-74d44f4779-26ss7 --timeout=120s 
2026-09-05T22:04:44Z kubectl --kubeconfig /tmp/tmp.dS3cEEjubi/kubeconfig --context kind-wamn-receiving-journey -n wamn-receiving-journey wait --for=condition=Ready pod/hostgroup-default-74d44f4779-26ss7 --timeout=120s 
2026-09-05T22:04:55Z kubectl --kubeconfig /tmp/tmp.dS3cEEjubi/kubeconfig --context kind-wamn-receiving-journey apply -f /tmp/tmp.dS3cEEjubi/startup-request-restart-first.yaml 
2026-09-05T22:04:55Z kubectl --kubeconfig /tmp/tmp.dS3cEEjubi/kubeconfig --context kind-wamn-receiving-journey -n wamn-receiving-journey wait --for=condition=Complete job/startup-request-restart-first --timeout=240s 
2026-09-05T22:06:13Z kubectl --kubeconfig /tmp/tmp.dS3cEEjubi/kubeconfig --context kind-wamn-receiving-journey apply -f /tmp/tmp.dS3cEEjubi/startup-request-steady.yaml 
2026-09-05T22:06:13Z kubectl --kubeconfig /tmp/tmp.dS3cEEjubi/kubeconfig --context kind-wamn-receiving-journey -n wamn-receiving-journey wait --for=condition=Complete job/startup-request-steady --timeout=240s 
2026-09-05T22:06:16Z kubectl --kubeconfig /tmp/tmp.dS3cEEjubi/kubeconfig --context kind-wamn-receiving-journey get --raw /api/v1/namespaces/wamn-system/services/http:tempo:3200/proxy/api/traces/22222222222222222222222222222222 
2026-09-05T22:06:16Z kubectl --kubeconfig /tmp/tmp.dS3cEEjubi/kubeconfig --context kind-wamn-receiving-journey get --raw /api/v1/namespaces/wamn-system/services/http:tempo:3200/proxy/api/traces/33333333333333333333333333333333 
2026-09-05T22:06:16Z cargo build --locked --offline -p wamn-proof-integration --bin wamn-throughput 
2026-09-05T22:06:27Z kubectl --kubeconfig /tmp/tmp.dS3cEEjubi/kubeconfig --context kind-wamn-receiving-journey apply -f /tmp/tmp.dS3cEEjubi/bench-route-c1.json 
2026-09-05T22:06:48Z kubectl --kubeconfig /tmp/tmp.dS3cEEjubi/kubeconfig --context kind-wamn-receiving-journey apply -f /tmp/tmp.dS3cEEjubi/bench-route-c4.json 
2026-09-05T22:07:04Z kubectl --kubeconfig /tmp/tmp.dS3cEEjubi/kubeconfig --context kind-wamn-receiving-journey apply -f /tmp/tmp.dS3cEEjubi/bench-route-c8.json 
2026-09-05T22:07:20Z kubectl --kubeconfig /tmp/tmp.dS3cEEjubi/kubeconfig --context kind-wamn-receiving-journey apply -f /tmp/tmp.dS3cEEjubi/bench-route-c16.json 
2026-09-05T22:07:36Z kubectl --kubeconfig /tmp/tmp.dS3cEEjubi/kubeconfig --context kind-wamn-receiving-journey apply -f /tmp/tmp.dS3cEEjubi/bench-route-c32.json 
2026-09-05T22:07:52Z kubectl --kubeconfig /tmp/tmp.dS3cEEjubi/kubeconfig --context kind-wamn-receiving-journey apply -f /tmp/tmp.dS3cEEjubi/bench-route-c64.json 
2026-09-05T22:08:08Z kubectl --kubeconfig /tmp/tmp.dS3cEEjubi/kubeconfig --context kind-wamn-receiving-journey apply -f /tmp/tmp.dS3cEEjubi/bench-nodb-c1.json 
2026-09-05T22:08:24Z kubectl --kubeconfig /tmp/tmp.dS3cEEjubi/kubeconfig --context kind-wamn-receiving-journey apply -f /tmp/tmp.dS3cEEjubi/bench-nodb-c4.json 
2026-09-05T22:08:40Z kubectl --kubeconfig /tmp/tmp.dS3cEEjubi/kubeconfig --context kind-wamn-receiving-journey apply -f /tmp/tmp.dS3cEEjubi/bench-nodb-c8.json 
2026-09-05T22:08:56Z kubectl --kubeconfig /tmp/tmp.dS3cEEjubi/kubeconfig --context kind-wamn-receiving-journey apply -f /tmp/tmp.dS3cEEjubi/bench-nodb-c16.json 
2026-09-05T22:09:12Z kubectl --kubeconfig /tmp/tmp.dS3cEEjubi/kubeconfig --context kind-wamn-receiving-journey apply -f /tmp/tmp.dS3cEEjubi/bench-nodb-c32.json 
2026-09-05T22:09:28Z kubectl --kubeconfig /tmp/tmp.dS3cEEjubi/kubeconfig --context kind-wamn-receiving-journey apply -f /tmp/tmp.dS3cEEjubi/bench-nodb-c64.json 
2026-09-05T22:09:44Z kubectl --kubeconfig /tmp/tmp.dS3cEEjubi/kubeconfig --context kind-wamn-receiving-journey apply -f /tmp/tmp.dS3cEEjubi/bench-pg-c1.json 
2026-09-05T22:10:08Z kubectl --kubeconfig /tmp/tmp.dS3cEEjubi/kubeconfig --context kind-wamn-receiving-journey apply -f /tmp/tmp.dS3cEEjubi/bench-pg-c4.json 
2026-09-05T22:10:24Z kubectl --kubeconfig /tmp/tmp.dS3cEEjubi/kubeconfig --context kind-wamn-receiving-journey apply -f /tmp/tmp.dS3cEEjubi/bench-pg-c8.json 
2026-09-05T22:10:42Z kubectl --kubeconfig /tmp/tmp.dS3cEEjubi/kubeconfig --context kind-wamn-receiving-journey apply -f /tmp/tmp.dS3cEEjubi/bench-pg-c16.json 
2026-09-05T22:10:58Z kubectl --kubeconfig /tmp/tmp.dS3cEEjubi/kubeconfig --context kind-wamn-receiving-journey apply -f /tmp/tmp.dS3cEEjubi/bench-pg-c32.json 
2026-09-05T22:11:16Z kubectl --kubeconfig /tmp/tmp.dS3cEEjubi/kubeconfig --context kind-wamn-receiving-journey apply -f /tmp/tmp.dS3cEEjubi/bench-pg-c64.json 
2026-09-05T22:11:32Z /home/kaalin/.cache/wamn-lanes/perf2/target/debug/wamn-throughput report --evidence-dir /home/kaalin/dev/wamn/docs/perf/2026.09/6-throughput/journey/throughput 
2026-09-05T22:11:34Z kind delete cluster --name wamn-receiving-journey 
2026-09-05T22:11:36Z docker rm --force --volumes wamn-receiving-pg18-94c30a8a2600-803168 
2026-09-05T22:11:36Z docker rm --force --volumes wamn-receiving-registry-94c30a8a2600-803168 
2026-09-05T22:11:36Z docker rm --force --volumes wamn-receiving-nats-94c30a8a2600-803168 
2026-09-05T22:11:36Z docker image rm wamn-host:receiving-94c30a8a2600-803168-debug 
2026-09-05T22:11:36Z rm -rf -- /tmp/tmp.dS3cEEjubi 
