{
  "summary": {
    "successRate": 1.0,
    "total": 10.003419987,
    "slowest": 0.028631727,
    "fastest": 0.000244889,
    "average": 0.0013248319524185369,
    "requestsPerSec": 12033.684495546315,
    "totalData": 4333032,
    "sizePerRequest": 36,
    "sizePerSec": 433155.06153205765
  },
  "metrics": {
    "success_rate": 1.0,
    "requests_per_sec": 12033.684495546315,
    "latency_ms": {
      "min": 0.245,
      "mean": 1.325,
      "p50": 1.229,
      "p95": 2.394,
      "p99": 3.668,
      "max": 28.632
    }
  },
  "responseTimeHistogram": {
    "0.000244889": 1,
    "0.0030835727999999995": 118042,
    "0.005922256599999999": 2124,
    "0.008760940399999998": 138,
    "0.011599624199999999": 39,
    "0.014438307999999999": 12,
    "0.0172769918": 5,
    "0.0201156756": 0,
    "0.0229543594": 0,
    "0.025793043199999997": 0,
    "0.028631727": 1
  },
  "latencyPercentiles": {
    "p10": 0.000642369,
    "p25": 0.000934154,
    "p50": 0.001229294,
    "p75": 0.001575733,
    "p90": 0.002002183,
    "p95": 0.002393675,
    "p99": 0.003668157,
    "p99.9": 0.00694101,
    "p99.99": 0.012170872
  },
  "firstByteHistogram": {
    "0.000242258": 1,
    "0.0030801019000000003": 118113,
    "0.005917945800000001": 2063,
    "0.0087557897": 129,
    "0.011593633600000002": 38,
    "0.014431477500000003": 14,
    "0.0172693214": 3,
    "0.0201071653": 0,
    "0.0229450092": 0,
    "0.025782853100000003": 0,
    "0.028620697000000004": 1
  },
  "firstBytePercentiles": {
    "p10": 0.000634771,
    "p25": 0.000926295,
    "p50": 0.001220927,
    "p75": 0.001565867,
    "p90": 0.001989369,
    "p95": 0.002376369,
    "p99": 0.003628418,
    "p99.9": 0.006860865,
    "p99.99": 0.012164341
  },
  "rps": {
    "mean": 12029.90638962595,
    "stddev": 2463.826988086507,
    "max": 18039.540869632197,
    "min": 2846.1815729665827,
    "percentiles": {
      "p10": 8632.9303126775,
      "p25": 10345.689669286792,
      "p50": 12368.271622529679,
      "p75": 13556.008002663963,
      "p90": 15093.85643574679,
      "p95": 16083.492626924857,
      "p99": 17393.755822635143,
      "p99.9": 17968.789735009075,
      "p99.99": 18039.540869632197
    }
  },
  "details": {
    "DNSDialup": {
      "average": 0.000750346375,
      "fastest": 0.000539718,
      "slowest": 0.000942949
    },
    "DNSLookup": {
      "average": 0.000052747062499999996,
      "fastest": 0.000017007,
      "slowest": 0.000136522
    },
    "firstByte": {
      "average": 0.0013145276814692432,
      "fastest": 0.000242258,
      "slowest": 0.028620697
    }
  },
  "statusCodeDistribution": {
    "404": 120362
  },
  "errorDistribution": {
    "aborted due to deadline": 16
  }
}