{
  "summary": {
    "successRate": 1.0,
    "total": 10.002038595,
    "slowest": 0.007062362,
    "fastest": 0.000215424,
    "average": 0.0005028444949268166,
    "requestsPerSec": 7883.392895466027,
    "totalData": 2838456,
    "sizePerRequest": 36,
    "sizePerSec": 283787.7471717554
  },
  "metrics": {
    "success_rate": 1.0,
    "requests_per_sec": 7883.392895466027,
    "latency_ms": {
      "min": 0.215,
      "mean": 0.503,
      "p50": 0.461,
      "p95": 0.788,
      "p99": 1.236,
      "max": 7.062
    }
  },
  "responseTimeHistogram": {
    "0.000215424": 1,
    "0.0009001178": 76429,
    "0.0015848116000000002": 2079,
    "0.0022695054000000004": 224,
    "0.0029541992000000003": 62,
    "0.0036388930000000002": 30,
    "0.0043235868": 9,
    "0.0050082806": 8,
    "0.0056929744": 2,
    "0.0063776682000000005": 1,
    "0.007062362": 1
  },
  "latencyPercentiles": {
    "p10": 0.000373501,
    "p25": 0.000416209,
    "p50": 0.000461247,
    "p75": 0.00052541,
    "p90": 0.000657117,
    "p95": 0.000787959,
    "p99": 0.00123638,
    "p99.9": 0.002639751,
    "p99.99": 0.004668517
  },
  "firstByteHistogram": {
    "0.000213171": 1,
    "0.0008974704": 76469,
    "0.0015817698": 2040,
    "0.0022660692": 223,
    "0.0029503686": 64,
    "0.0036346679999999998": 28,
    "0.0043189674": 9,
    "0.0050032667999999995": 8,
    "0.0056875662": 2,
    "0.0063718656": 1,
    "0.007056165": 1
  },
  "firstBytePercentiles": {
    "p10": 0.000368975,
    "p25": 0.000411266,
    "p50": 0.000455964,
    "p75": 0.000519635,
    "p90": 0.000651058,
    "p95": 0.000780573,
    "p99": 0.001227882,
    "p99.9": 0.002618401,
    "p99.99": 0.004662773
  },
  "rps": {
    "mean": 7880.171961351665,
    "stddev": 1213.9503783398127,
    "max": 11403.961736307187,
    "min": 2690.1033992973644,
    "percentiles": {
      "p10": 6343.708138676125,
      "p25": 7300.019710053059,
      "p50": 7944.064012045748,
      "p75": 8482.420388141161,
      "p90": 9308.972696175497,
      "p95": 10037.632086455378,
      "p99": 10646.992117233252,
      "p99.9": 10897.79386894187,
      "p99.99": 11403.961736307187
    }
  },
  "details": {
    "DNSDialup": {
      "average": 0.0004797505,
      "fastest": 0.000374231,
      "slowest": 0.000560577
    },
    "DNSLookup": {
      "average": 0.0000953645,
      "fastest": 0.000085612,
      "slowest": 0.000112809
    },
    "firstByte": {
      "average": 0.0004974691264617055,
      "fastest": 0.000213171,
      "slowest": 0.007056165
    }
  },
  "statusCodeDistribution": {
    "404": 78846
  },
  "errorDistribution": {
    "aborted due to deadline": 4
  }
}