{
  "summary": {
    "successRate": 1.0,
    "total": 10.001114723,
    "slowest": 0.004777608,
    "fastest": 0.000186687,
    "average": 0.00036401219237275605,
    "requestsPerSec": 2718.996907161066,
    "totalData": 978912,
    "sizePerRequest": 36,
    "sizePerSec": 97880.28905905392
  },
  "metrics": {
    "success_rate": 1.0,
    "requests_per_sec": 2718.996907161066,
    "latency_ms": {
      "min": 0.187,
      "mean": 0.364,
      "p50": 0.35,
      "p95": 0.469,
      "p99": 0.644,
      "max": 4.778
    }
  },
  "responseTimeHistogram": {
    "0.000186687": 1,
    "0.0006457791": 26925,
    "0.0011048712000000002": 189,
    "0.0015639633000000003": 35,
    "0.0020230554000000003": 20,
    "0.0024821475000000003": 8,
    "0.0029412396000000006": 5,
    "0.0034003317000000006": 4,
    "0.0038594238000000006": 1,
    "0.0043185159": 2,
    "0.004777608": 2
  },
  "latencyPercentiles": {
    "p10": 0.000293985,
    "p25": 0.000318653,
    "p50": 0.000349668,
    "p75": 0.000387321,
    "p90": 0.000431967,
    "p95": 0.000468958,
    "p99": 0.00064401,
    "p99.9": 0.001773776,
    "p99.99": 0.004101219
  },
  "firstByteHistogram": {
    "0.000185325": 1,
    "0.0006436734999999999": 26933,
    "0.001102022": 181,
    "0.0015603705": 35,
    "0.002018719": 20,
    "0.0024770675": 8,
    "0.0029354159999999997": 5,
    "0.0033937645": 4,
    "0.003852113": 1,
    "0.0043104614999999995": 2,
    "0.00476881": 2
  },
  "firstBytePercentiles": {
    "p10": 0.000290581,
    "p25": 0.00031479,
    "p50": 0.000345397,
    "p75": 0.000382531,
    "p90": 0.000426407,
    "p95": 0.000463509,
    "p99": 0.000637749,
    "p99.9": 0.001766279,
    "p99.99": 0.004093198
  },
  "rps": {
    "mean": 2717.913913315969,
    "stddev": 352.24627382919925,
    "max": 3690.0278228097936,
    "min": 522.0547238643989,
    "percentiles": {
      "p10": 2341.5417606847595,
      "p25": 2588.9332217813217,
      "p50": 2772.6802678614417,
      "p75": 2922.0380106765665,
      "p90": 3035.7345420144347,
      "p95": 3122.650142810871,
      "p99": 3477.5162719634554,
      "p99.9": 3633.2053166711794,
      "p99.99": 3690.0278228097936
    }
  },
  "details": {
    "DNSDialup": {
      "average": 0.000399043,
      "fastest": 0.000399043,
      "slowest": 0.000399043
    },
    "DNSLookup": {
      "average": 0.00009785,
      "fastest": 0.00009785,
      "slowest": 0.00009785
    },
    "firstByte": {
      "average": 0.000359657990144157,
      "fastest": 0.000185325,
      "slowest": 0.00476881
    }
  },
  "statusCodeDistribution": {
    "404": 27192
  },
  "errorDistribution": {
    "aborted due to deadline": 1
  }
}