{
  "summary": {
    "successRate": 1.0,
    "total": 10.004975389,
    "slowest": 0.053982475,
    "fastest": 0.000364735,
    "average": 0.003007571280926294,
    "requestsPerSec": 10616.717769919143,
    "totalData": 3822768,
    "sizePerRequest": 36,
    "sizePerSec": 382086.6970050675
  },
  "metrics": {
    "success_rate": 1.0,
    "requests_per_sec": 10616.717769919143,
    "latency_ms": {
      "min": 0.365,
      "mean": 3.008,
      "p50": 2.773,
      "p95": 5.497,
      "p99": 8.396,
      "max": 53.982
    }
  },
  "responseTimeHistogram": {
    "0.000364735": 1,
    "0.005726509": 101733,
    "0.011088283": 3986,
    "0.016450057000000004": 265,
    "0.021811831000000004": 97,
    "0.027173605000000003": 14,
    "0.032535379": 37,
    "0.037897153": 9,
    "0.043258927": 20,
    "0.048620701": 0,
    "0.053982475": 26
  },
  "latencyPercentiles": {
    "p10": 0.001402525,
    "p25": 0.002034985,
    "p50": 0.002773252,
    "p75": 0.003639565,
    "p90": 0.004651043,
    "p95": 0.005497354,
    "p99": 0.008396182,
    "p99.9": 0.021703192,
    "p99.99": 0.051702966
  },
  "firstByteHistogram": {
    "0.000360517": 1,
    "0.0056492085": 101593,
    "0.010937899999999999": 4145,
    "0.016226591500000002": 253,
    "0.021515283": 94,
    "0.026803974499999998": 16,
    "0.032092666": 37,
    "0.0373813575": 8,
    "0.042670048999999995": 13,
    "0.04795874049999999": 8,
    "0.05324743199999999": 20
  },
  "firstBytePercentiles": {
    "p10": 0.001392349,
    "p25": 0.002023054,
    "p50": 0.002759168,
    "p75": 0.003623302,
    "p90": 0.004625708,
    "p95": 0.005458655,
    "p99": 0.008285547,
    "p99.9": 0.021124306,
    "p99.99": 0.051108601
  },
  "rps": {
    "mean": 10610.07858805198,
    "stddev": 2304.096206428737,
    "max": 15375.312895154324,
    "min": 77.7593729981825,
    "percentiles": {
      "p10": 7427.971512324136,
      "p25": 9171.51488733414,
      "p50": 10828.040496061889,
      "p75": 12259.821484840593,
      "p90": 13445.28911184452,
      "p95": 13906.638745114264,
      "p99": 14809.202826739789,
      "p99.9": 15220.229206638549,
      "p99.99": 15375.312895154324
    }
  },
  "details": {
    "DNSDialup": {
      "average": 0.0026118858750000004,
      "fastest": 0.000774369,
      "slowest": 0.005130138
    },
    "DNSLookup": {
      "average": 0.00005750603125,
      "fastest": 0.000019957,
      "slowest": 0.000538432
    },
    "firstByte": {
      "average": 0.00298640040317175,
      "fastest": 0.000360517,
      "slowest": 0.053247432
    }
  },
  "statusCodeDistribution": {
    "404": 106188
  },
  "errorDistribution": {
    "aborted due to deadline": 32
  }
}