{
  "summary": {
    "successRate": 1.0,
    "total": 10.001048507,
    "slowest": 0.011992983,
    "fastest": 0.001697025,
    "average": 0.0027120503297930272,
    "requestsPerSec": 367.2614923754414,
    "totalData": 1057536,
    "sizePerRequest": 288,
    "sizePerSec": 105742.5128235107
  },
  "metrics": {
    "success_rate": 1.0,
    "requests_per_sec": 367.2614923754414,
    "latency_ms": {
      "min": 1.697,
      "mean": 2.712,
      "p50": 2.587,
      "p95": 3.514,
      "p99": 5.412,
      "max": 11.993
    }
  },
  "responseTimeHistogram": {
    "0.001697025": 1,
    "0.0027266208": 2381,
    "0.0037562166000000004": 1152,
    "0.0047858124000000005": 82,
    "0.0058154082": 27,
    "0.006845004": 16,
    "0.007874599800000001": 3,
    "0.008904195600000001": 5,
    "0.009933791400000001": 2,
    "0.0109633872": 2,
    "0.011992983": 1
  },
  "latencyPercentiles": {
    "p10": 0.002269914,
    "p25": 0.002406958,
    "p50": 0.002586581,
    "p75": 0.002851104,
    "p90": 0.003162829,
    "p95": 0.003513683,
    "p99": 0.005412258,
    "p99.9": 0.009491089,
    "p99.99": 0.011992983
  },
  "firstByteHistogram": {
    "0.00169205": 1,
    "0.0027211172": 2392,
    "0.0037501844": 1143,
    "0.004779251599999999": 80,
    "0.0058083188": 27,
    "0.006837385999999999": 16,
    "0.0078664532": 3,
    "0.008895520399999999": 5,
    "0.0099245876": 2,
    "0.0109536548": 2,
    "0.011982722": 1
  },
  "firstBytePercentiles": {
    "p10": 0.002263302,
    "p25": 0.002399198,
    "p50": 0.002578807,
    "p75": 0.002842679,
    "p90": 0.003152173,
    "p95": 0.003501142,
    "p99": 0.005402584,
    "p99.9": 0.009482004,
    "p99.99": 0.011982722
  },
  "rps": {
    "mean": 365.99186827063426,
    "stddev": 60.13549873384733,
    "max": 552.6507006616127,
    "min": 83.27702418547752,
    "percentiles": {
      "p10": 302.8756987531656,
      "p25": 342.35292546851076,
      "p50": 373.36433750792435,
      "p75": 402.882341133205,
      "p90": 423.1492246319334,
      "p95": 440.5834646822914,
      "p99": 495.53485926686244,
      "p99.9": 523.7271440237079,
      "p99.99": 552.6507006616127
    }
  },
  "details": {
    "DNSDialup": {
      "average": 0.000292253,
      "fastest": 0.000292253,
      "slowest": 0.000292253
    },
    "DNSLookup": {
      "average": 0.00005987,
      "fastest": 0.00005987,
      "slowest": 0.00005987
    },
    "firstByte": {
      "average": 0.002703435245098035,
      "fastest": 0.00169205,
      "slowest": 0.011982722
    }
  },
  "statusCodeDistribution": {
    "200": 3672
  },
  "errorDistribution": {
    "aborted due to deadline": 1
  }
}