{
  "summary": {
    "successRate": 1.0,
    "total": 10.001954596,
    "slowest": 0.075296708,
    "fastest": 0.009503773,
    "average": 0.024907369665029315,
    "requestsPerSec": 1285.4487467021493,
    "totalData": 3693600,
    "sizePerRequest": 288,
    "sizePerSec": 369287.819150584
  },
  "metrics": {
    "success_rate": 1.0,
    "requests_per_sec": 1285.4487467021493,
    "latency_ms": {
      "min": 9.504,
      "mean": 24.907,
      "p50": 23.951,
      "p95": 32.866,
      "p99": 46.699,
      "max": 75.297
    }
  },
  "responseTimeHistogram": {
    "0.009503773": 1,
    "0.0160830665": 34,
    "0.02266236": 4108,
    "0.0292416535": 7262,
    "0.035820947": 1026,
    "0.0424002405": 228,
    "0.048979534": 49,
    "0.0555588275": 37,
    "0.062138121": 41,
    "0.06871741449999999": 23,
    "0.07529670799999999": 16
  },
  "latencyPercentiles": {
    "p10": 0.020569162,
    "p25": 0.022079656,
    "p50": 0.023950876,
    "p75": 0.02629445,
    "p90": 0.029673283,
    "p95": 0.032866132,
    "p99": 0.04669915,
    "p99.9": 0.070049552,
    "p99.99": 0.075092657
  },
  "firstByteHistogram": {
    "0.009488941": 1,
    "0.0160687361": 35,
    "0.0226485312": 4104,
    "0.029228326299999996": 7263,
    "0.0358081214": 1029,
    "0.0423879165": 227,
    "0.04896771159999999": 49,
    "0.05554750669999999": 37,
    "0.06212730179999999": 41,
    "0.06870709689999999": 23,
    "0.075286892": 16
  },
  "firstBytePercentiles": {
    "p10": 0.02055403,
    "p25": 0.022070753,
    "p50": 0.023938338,
    "p75": 0.02628173,
    "p90": 0.029663865,
    "p95": 0.03285554,
    "p99": 0.046659917,
    "p99.9": 0.070040532,
    "p99.99": 0.075084355
  },
  "rps": {
    "mean": 1279.3170630949323,
    "stddev": 449.72689064909827,
    "max": 2638.3569611728994,
    "min": 100.86952557128213,
    "percentiles": {
      "p10": 730.9444606470289,
      "p25": 968.2290171459289,
      "p50": 1232.7233818040645,
      "p75": 1595.669262440661,
      "p90": 1886.847110665536,
      "p95": 2064.4410100174573,
      "p99": 2362.6583867115864,
      "p99.9": 2575.6693005462066,
      "p99.99": 2638.3569611728994
    }
  },
  "details": {
    "DNSDialup": {
      "average": 0.0032366870000000002,
      "fastest": 0.000504868,
      "slowest": 0.005740973
    },
    "DNSLookup": {
      "average": 0.00004091040625,
      "fastest": 0.000019174,
      "slowest": 0.000130369
    },
    "firstByte": {
      "average": 0.024895532600779702,
      "fastest": 0.009488941,
      "slowest": 0.075286892
    }
  },
  "statusCodeDistribution": {
    "200": 12825
  },
  "errorDistribution": {
    "aborted due to deadline": 32
  }
}