{
  "summary": {
    "successRate": 1.0,
    "total": 10.002519833,
    "slowest": 0.043168167,
    "fastest": 0.002445786,
    "average": 0.007965368655224023,
    "requestsPerSec": 1002.6473496121085,
    "totalData": 2886048,
    "sizePerRequest": 288,
    "sizePerSec": 288532.09473061387
  },
  "metrics": {
    "success_rate": 1.0,
    "requests_per_sec": 1002.6473496121085,
    "latency_ms": {
      "min": 2.446,
      "mean": 7.965,
      "p50": 7.246,
      "p95": 14.259,
      "p99": 20.452,
      "max": 43.168
    }
  },
  "responseTimeHistogram": {
    "0.002445786": 1,
    "0.0065180241": 3843,
    "0.0105902622": 4563,
    "0.0146625003": 1178,
    "0.0187347384": 284,
    "0.0228069765": 93,
    "0.0268792146": 33,
    "0.0309514527": 18,
    "0.0350236908": 4,
    "0.0390959289": 3,
    "0.043168167": 1
  },
  "latencyPercentiles": {
    "p10": 0.004615827,
    "p25": 0.005683094,
    "p50": 0.007245819,
    "p75": 0.009374618,
    "p90": 0.012017487,
    "p95": 0.014258762,
    "p99": 0.020452168,
    "p99.9": 0.030300938,
    "p99.99": 0.036991417
  },
  "firstByteHistogram": {
    "0.002439446": 1,
    "0.0065116202": 3854,
    "0.0105837944": 4561,
    "0.014655968600000001": 1175,
    "0.018728142800000003": 280,
    "0.022800317000000004": 92,
    "0.026872491200000004": 32,
    "0.030944665400000005": 18,
    "0.0350168396": 5,
    "0.0390890138": 2,
    "0.043161188": 1
  },
  "firstBytePercentiles": {
    "p10": 0.004601828,
    "p25": 0.005667205,
    "p50": 0.007225269,
    "p75": 0.00935534,
    "p90": 0.011999824,
    "p95": 0.014236385,
    "p99": 0.020440183,
    "p99.9": 0.03029361,
    "p99.99": 0.036980036
  },
  "rps": {
    "mean": 1000.4206477569849,
    "stddev": 356.52817081430095,
    "max": 2126.569594435533,
    "min": 77.1722840372157,
    "percentiles": {
      "p10": 571.4066130887479,
      "p25": 760.7208938947675,
      "p50": 999.497807879232,
      "p75": 1205.9139224671712,
      "p90": 1457.4958338042682,
      "p95": 1657.756684972908,
      "p99": 1893.5873349304693,
      "p99.9": 2097.22746529088,
      "p99.99": 2126.569594435533
    }
  },
  "details": {
    "DNSDialup": {
      "average": 0.0011183825,
      "fastest": 0.000677068,
      "slowest": 0.001491475
    },
    "DNSLookup": {
      "average": 0.00009014725,
      "fastest": 0.000038647,
      "slowest": 0.000166379
    },
    "firstByte": {
      "average": 0.00794742667637957,
      "fastest": 0.002439446,
      "slowest": 0.043161188
    }
  },
  "statusCodeDistribution": {
    "200": 10021
  },
  "errorDistribution": {
    "aborted due to deadline": 8
  }
}