2026-09-09T21:41:51.299897Z  INFO connected to NATS
2026-09-09T21:41:51.300230Z  INFO host memory resolved max_guest_memory=4GiB guest_memory_mode="count" default_heap_memory=256MiB core_instances=512 memories=512 pool_reservation=128GiB
2026-09-09T21:41:51.334320Z  INFO wiring activation doorbell listening; dropped every cached pointer channel="wamn_wiring_activation" dropped=0
2026-09-09T21:41:51.539436Z  INFO release component pull completed component_digest=sha256:1f481deceaea9e217fb19819c750ce39fec8e9a1e19686e43dc2ebf65b1d9fef component_bytes=669281 elapsed_ms=39
2026-09-09T21:41:51.546373Z  INFO release component pull completed component_digest=sha256:710586d8b7fa9ff054d84203d981832659ae9baa618ed03b14588d1168d68d2e component_bytes=466355 elapsed_ms=46
2026-09-09T21:41:52.679671Z  INFO release component compilation completed component_digest=sha256:710586d8b7fa9ff054d84203d981832659ae9baa618ed03b14588d1168d68d2e compile_ms=1133 compile_wall_ms=1133
2026-09-09T21:41:52.688247Z  INFO release component compilation completed component_digest=sha256:1f481deceaea9e217fb19819c750ce39fec8e9a1e19686e43dc2ebf65b1d9fef compile_ms=1148 compile_wall_ms=1148
2026-09-09T21:41:52.688708Z  WARN wamn.component.linker_setup:wamn.linker.register: component imports wamn:postgres but sets no wamn.tenant; calls will be refused component="receiving#0"
2026-09-09T21:41:52.689087Z  INFO release component instantiation completed component_digest=sha256:1f481deceaea9e217fb19819c750ce39fec8e9a1e19686e43dc2ebf65b1d9fef elapsed_ms=0 total_elapsed_ms=1189
2026-09-09T21:41:52.689431Z  WARN wamn.component.linker_setup:wamn.linker.register: component imports wamn:postgres but sets no wamn.tenant; calls will be refused component="client_acme_receiving#1"
2026-09-09T21:41:52.689708Z  INFO release component instantiation completed component_digest=sha256:710586d8b7fa9ff054d84203d981832659ae9baa618ed03b14588d1168d68d2e elapsed_ms=0 total_elapsed_ms=1189
2026-09-09T21:41:52.689738Z  INFO synchronous release preload completed synchronous_wirings=13 component_digests=2 elapsed_ms=1363
2026-09-09T21:41:52.689820Z  INFO release preload completed; component cache warm
2026-09-09T21:41:52.698513Z  INFO wamn-host starting (base plugins: wasi:config, wamn:logging, wasi:otel, wamn:postgres, wamn:jetstream, wamn:flow-http-routing) router_delivery=true
2026-09-09T21:41:52.698528Z  INFO wamn-host welded to its release effective_release_id=1 manifest_digest=sha256:e633957452b28418875cdc69a5574d078da95daf94aa9fda76c5ad84cc3dee94
2026-09-09T21:41:52.698544Z  INFO HTTP server listening addr=0.0.0.0:80 protocol="HTTP"
2026-09-09T21:41:52.698557Z  INFO probe server listening addr=0.0.0.0:8081
2026-09-09T21:41:52.698565Z  INFO Starting WASI OTel plugin endpoint=http://otel-collector.wamn-system.svc.cluster.local:4317 protocol="grpc"
2026-09-09T21:41:52.699164Z  INFO WASI OTel plugin started
2026-09-09T21:41:52.699183Z  INFO Host started host_id="6292d01e-36b9-4eff-a802-58682c75ba2b" friendly_name="sharp-quiet-3826" host_name="10.244.2.6" labels={"hostgroup": "default"} version="2.9.0" max_concurrent_starts=4
2026-09-09T21:41:52.699309Z  INFO Host provides interfaces count=10 interfaces=["wasi:cli/terminal-input,exit,terminal-stderr,terminal-stdin,stderr,stdout,terminal-output,environment,stdin,terminal-stdout@0.2.0", "wasi:clocks/monotonic-clock,wall-time@0.2.0", "wasi:clocks/monotonic-clock,wall-clock@0.2.0", "wasi:filesystem/types,preopens@0.2.0", "wasi:http/handler,types@0.3.0", "wasi:http/incoming-handler,types,outgoing-handler@0.2.0", "wasi:io/poll,error,streams@0.2.0", "wasi:random/random@0.2.0", "wasi:random/random,insecure-seed,insecure@0.2.0", "wasi:sockets/udp,tcp,tcp-create-socket,ip-name-lookup,udp-create-socket,instance-network,network@0.2.0"]
2026-09-09T21:41:52.699339Z  INFO wamn-host runtime startup completed elapsed_ms=1517 cleanup_budget_secs=51
2026-09-09T21:42:02.173245Z  INFO workload_start{workload_id=dda89bf0-ffb5-4a9c-b279-f1aa05c32c07 workload.name="receiving-materializer-5b4d7c4f4b-659dd45bb5" workload.namespace="wamn-receiving-journey"}: Starting workload workload_id="dda89bf0-ffb5-4a9c-b279-f1aa05c32c07" namespace="wamn-receiving-journey" name="receiving-materializer-5b4d7c4f4b-659dd45bb5"
wamn::materializer up: stream=EVT_acme_dev filter=evt.acme.receiving.dev.*.* tenant=receiving-route-auth batch=64 fetch_ms=500 max_deliver=5 max_sweeps=0
2026-09-09T21:42:03.624960Z  WARN wamn.component.invoke{wamn.tenant=receiving-route-auth wamn.project=receiving wamn.environment=dev wamn.wiring_id=quality_create_inspection wamn.wiring_version=1 wamn.component_digest=sha256:710586d8b7fa9ff054d84203d981832659ae9baa618ed03b14588d1168d68d2e wamn.node_id=operation wamn.operation=client-acme-receiving:quality/create-inspection@3.0.0}:wamn.component.linker_setup:wamn.linker.register: component imports wamn:postgres but sets no wamn.tenant; calls will be refused component="client_acme_receiving#2"
2026-09-09T21:41:51.279322Z  INFO connected to NATS
2026-09-09T21:41:51.279726Z  INFO host memory resolved max_guest_memory=4GiB guest_memory_mode="count" default_heap_memory=256MiB core_instances=512 memories=512 pool_reservation=128GiB
2026-09-09T21:41:51.310970Z  INFO wiring activation doorbell listening; dropped every cached pointer channel="wamn_wiring_activation" dropped=0
2026-09-09T21:41:51.496964Z  INFO release component pull completed component_digest=sha256:710586d8b7fa9ff054d84203d981832659ae9baa618ed03b14588d1168d68d2e component_bytes=466355 elapsed_ms=35
2026-09-09T21:41:51.508420Z  INFO release component pull completed component_digest=sha256:1f481deceaea9e217fb19819c750ce39fec8e9a1e19686e43dc2ebf65b1d9fef component_bytes=669281 elapsed_ms=46
2026-09-09T21:41:52.686964Z  INFO release component compilation completed component_digest=sha256:710586d8b7fa9ff054d84203d981832659ae9baa618ed03b14588d1168d68d2e compile_ms=1189 compile_wall_ms=1189
2026-09-09T21:41:52.689468Z  INFO release component compilation completed component_digest=sha256:1f481deceaea9e217fb19819c750ce39fec8e9a1e19686e43dc2ebf65b1d9fef compile_ms=1180 compile_wall_ms=1181
2026-09-09T21:41:52.690004Z  WARN wamn.component.linker_setup:wamn.linker.register: component imports wamn:postgres but sets no wamn.tenant; calls will be refused component="receiving#0"
2026-09-09T21:41:52.690329Z  INFO release component instantiation completed component_digest=sha256:1f481deceaea9e217fb19819c750ce39fec8e9a1e19686e43dc2ebf65b1d9fef elapsed_ms=0 total_elapsed_ms=1228
2026-09-09T21:41:52.690861Z  WARN wamn.component.linker_setup:wamn.linker.register: component imports wamn:postgres but sets no wamn.tenant; calls will be refused component="client_acme_receiving#1"
2026-09-09T21:41:52.691188Z  INFO release component instantiation completed component_digest=sha256:710586d8b7fa9ff054d84203d981832659ae9baa618ed03b14588d1168d68d2e elapsed_ms=0 total_elapsed_ms=1229
2026-09-09T21:41:52.691229Z  INFO synchronous release preload completed synchronous_wirings=13 component_digests=2 elapsed_ms=1387
2026-09-09T21:41:52.691318Z  INFO release preload completed; component cache warm
2026-09-09T21:41:52.699217Z  INFO wamn-host starting (base plugins: wasi:config, wamn:logging, wasi:otel, wamn:postgres, wamn:jetstream, wamn:flow-http-routing) router_delivery=true
2026-09-09T21:41:52.699233Z  INFO wamn-host welded to its release effective_release_id=1 manifest_digest=sha256:e633957452b28418875cdc69a5574d078da95daf94aa9fda76c5ad84cc3dee94
2026-09-09T21:41:52.699252Z  INFO HTTP server listening addr=0.0.0.0:80 protocol="HTTP"
2026-09-09T21:41:52.699269Z  INFO Starting WASI OTel plugin endpoint=http://otel-collector.wamn-system.svc.cluster.local:4317 protocol="grpc"
2026-09-09T21:41:52.699264Z  INFO probe server listening addr=0.0.0.0:8081
2026-09-09T21:41:52.699889Z  INFO WASI OTel plugin started
2026-09-09T21:41:52.699920Z  INFO Host started host_id="b019e33d-d424-478f-97b7-907a8fdd2a95" friendly_name="marvelous-giants-7343" host_name="10.244.2.5" labels={"hostgroup": "default"} version="2.9.0" max_concurrent_starts=4
2026-09-09T21:41:52.700029Z  INFO Host provides interfaces count=10 interfaces=["wasi:cli/stdout,stdin,exit,terminal-input,terminal-stdout,terminal-stderr,environment,stderr,terminal-output,terminal-stdin@0.2.0", "wasi:clocks/wall-time,monotonic-clock@0.2.0", "wasi:clocks/monotonic-clock,wall-clock@0.2.0", "wasi:filesystem/preopens,types@0.2.0", "wasi:http/types,incoming-handler,outgoing-handler@0.2.0", "wasi:http/types,handler@0.3.0", "wasi:io/poll,error,streams@0.2.0", "wasi:random/random,insecure-seed,insecure@0.2.0", "wasi:random/random@0.2.0", "wasi:sockets/instance-network,udp-create-socket,udp,tcp-create-socket,tcp,ip-name-lookup,network@0.2.0"]
2026-09-09T21:41:52.700054Z  INFO wamn-host runtime startup completed elapsed_ms=1546 cleanup_budget_secs=51
2026-09-09T21:41:57.717694Z  INFO workload_start{workload_id=ef877acf-3497-4a70-8c56-d0a76e0bb94f workload.name="flow-http-585df8f78b-54889465c4" workload.namespace="wamn-receiving-journey"}: Starting workload workload_id="ef877acf-3497-4a70-8c56-d0a76e0bb94f" namespace="wamn-receiving-journey" name="flow-http-585df8f78b-54889465c4"
2026-09-09T21:42:01.762712Z  INFO workload_start{workload_id=ec9ce6b3-ab7a-4375-80fe-1a30032e8763 workload.name="receiving-materializer-6945f78dfc-9dd65b765" workload.namespace="wamn-receiving-journey"}: Starting workload workload_id="ec9ce6b3-ab7a-4375-80fe-1a30032e8763" namespace="wamn-receiving-journey" name="receiving-materializer-6945f78dfc-9dd65b765"
wamn::materializer up: stream=EVT_acme_dev filter=evt.acme.receiving.dev.*.* tenant=receiving-route-auth batch=64 fetch_ms=500 max_deliver=5 max_sweeps=0
2026-09-09T21:42:02.071014Z  INFO workload_stop{workload_id=ec9ce6b3-ab7a-4375-80fe-1a30032e8763}: Stopping workload workload_id="ec9ce6b3-ab7a-4375-80fe-1a30032e8763"
2026-09-09T21:42:03.379562Z  WARN handle_http_request{http.method=POST http.uri=/acme/purchase_order/update http.host=receiving.localhost http.request.method=POST url.path=/acme/purchase_order/update server.address="receiving.localhost"}:invoke_component_handler{workload.name="flow-http-585df8f78b-54889465c4" workload.namespace="wamn-receiving-journey" workload.id="ef877acf-3497-4a70-8c56-d0a76e0bb94f"}:wamn.component.invoke{wamn.tenant=receiving-route-auth wamn.project=receiving wamn.environment=dev wamn.wiring_id=purchase_order_update wamn.wiring_version=1 wamn.component_digest=sha256:710586d8b7fa9ff054d84203d981832659ae9baa618ed03b14588d1168d68d2e wamn.node_id=operation wamn.operation=client-acme-receiving:purchase-order/update@3.0.0 wamn.caller_principal_id="789ac7b0-c1b4-47b6-a24a-20a3ff9a3a50" wamn.caller_credential_kind="pat"}:wamn.component.linker_setup:wamn.linker.register: component imports wamn:postgres but sets no wamn.tenant; calls will be refused component="client_acme_receiving#2"
2026-09-09T21:42:03.403527Z  WARN handle_http_request{http.method=POST http.uri=/acme/receiving/record_receipt http.host=receiving.localhost http.request.method=POST url.path=/acme/receiving/record_receipt server.address="receiving.localhost"}:invoke_component_handler{workload.name="flow-http-585df8f78b-54889465c4" workload.namespace="wamn-receiving-journey" workload.id="ef877acf-3497-4a70-8c56-d0a76e0bb94f"}:wamn.component.invoke{wamn.tenant=receiving-route-auth wamn.project=receiving wamn.environment=dev wamn.wiring_id=receiving_record_receipt wamn.wiring_version=1 wamn.component_digest=sha256:710586d8b7fa9ff054d84203d981832659ae9baa618ed03b14588d1168d68d2e wamn.node_id=operation wamn.operation=client-acme-receiving:receiving/record-receipt@3.0.0 wamn.caller_principal_id="789ac7b0-c1b4-47b6-a24a-20a3ff9a3a50" wamn.caller_credential_kind="pat"}:wamn.component.linker_setup:wamn.linker.register: component imports wamn:postgres but sets no wamn.tenant; calls will be refused component="client_acme_receiving#3"
2026-09-09T21:42:03.404052Z  WARN handle_http_request{http.method=POST http.uri=/acme/receiving/record_receipt http.host=receiving.localhost http.request.method=POST url.path=/acme/receiving/record_receipt server.address="receiving.localhost"}:invoke_component_handler{workload.name="flow-http-585df8f78b-54889465c4" workload.namespace="wamn-receiving-journey" workload.id="ef877acf-3497-4a70-8c56-d0a76e0bb94f"}:wamn.component.invoke{wamn.tenant=receiving-route-auth wamn.project=receiving wamn.environment=dev wamn.wiring_id=receiving_record_receipt wamn.wiring_version=1 wamn.component_digest=sha256:710586d8b7fa9ff054d84203d981832659ae9baa618ed03b14588d1168d68d2e wamn.node_id=operation wamn.operation=client-acme-receiving:receiving/record-receipt@3.0.0 wamn.caller_principal_id="789ac7b0-c1b4-47b6-a24a-20a3ff9a3a50" wamn.caller_credential_kind="pat"}:wamn.component.linker_setup:wamn.linker.register: component imports wamn:postgres but sets no wamn.tenant; calls will be refused component="receiving#4"
2026-09-09T21:41:51.176789Z  INFO connected to NATS
2026-09-09T21:41:51.177029Z  INFO host memory resolved max_guest_memory=4GiB guest_memory_mode="count" default_heap_memory=256MiB core_instances=512 memories=512 pool_reservation=128GiB
2026-09-09T21:41:51.213749Z  INFO wiring activation doorbell listening; dropped every cached pointer channel="wamn_wiring_activation" dropped=0
2026-09-09T21:41:51.335098Z  INFO release component pull completed component_digest=sha256:710586d8b7fa9ff054d84203d981832659ae9baa618ed03b14588d1168d68d2e component_bytes=466355 elapsed_ms=18
2026-09-09T21:41:51.338731Z  INFO release component pull completed component_digest=sha256:1f481deceaea9e217fb19819c750ce39fec8e9a1e19686e43dc2ebf65b1d9fef component_bytes=669281 elapsed_ms=22
2026-09-09T21:41:52.324642Z  INFO release component compilation completed component_digest=sha256:710586d8b7fa9ff054d84203d981832659ae9baa618ed03b14588d1168d68d2e compile_ms=987 compile_wall_ms=989
2026-09-09T21:41:52.333979Z  INFO release component compilation completed component_digest=sha256:1f481deceaea9e217fb19819c750ce39fec8e9a1e19686e43dc2ebf65b1d9fef compile_ms=994 compile_wall_ms=995
2026-09-09T21:41:52.334865Z  WARN wamn.component.linker_setup:wamn.linker.register: component imports wamn:postgres but sets no wamn.tenant; calls will be refused component="receiving#0"
2026-09-09T21:41:52.335391Z  INFO release component instantiation completed component_digest=sha256:1f481deceaea9e217fb19819c750ce39fec8e9a1e19686e43dc2ebf65b1d9fef elapsed_ms=1 total_elapsed_ms=1019
2026-09-09T21:41:52.335936Z  WARN wamn.component.linker_setup:wamn.linker.register: component imports wamn:postgres but sets no wamn.tenant; calls will be refused component="client_acme_receiving#1"
2026-09-09T21:41:52.336307Z  INFO release component instantiation completed component_digest=sha256:710586d8b7fa9ff054d84203d981832659ae9baa618ed03b14588d1168d68d2e elapsed_ms=0 total_elapsed_ms=1019
2026-09-09T21:41:52.336369Z  INFO synchronous release preload completed synchronous_wirings=13 component_digests=2 elapsed_ms=1138
2026-09-09T21:41:52.336478Z  INFO release preload completed; component cache warm
2026-09-09T21:41:52.347259Z  INFO wamn-host starting (base plugins: wasi:config, wamn:logging, wasi:otel, wamn:postgres, wamn:jetstream, wamn:flow-http-routing) router_delivery=true
2026-09-09T21:41:52.347383Z  INFO wamn-host welded to its release effective_release_id=1 manifest_digest=sha256:e633957452b28418875cdc69a5574d078da95daf94aa9fda76c5ad84cc3dee94
2026-09-09T21:41:52.347441Z  INFO probe server listening addr=0.0.0.0:8081
2026-09-09T21:41:52.347493Z  INFO HTTP server listening addr=0.0.0.0:80 protocol="HTTP"
2026-09-09T21:41:52.347569Z  INFO Starting WASI OTel plugin endpoint=http://otel-collector.wamn-system.svc.cluster.local:4317 protocol="grpc"
2026-09-09T21:41:52.348370Z  INFO WASI OTel plugin started
2026-09-09T21:41:52.348546Z  INFO Host started host_id="aaa99131-2a89-4cf2-a59d-94602dc1e794" friendly_name="good-woman-0318" host_name="10.244.1.6" labels={"hostgroup": "default"} version="2.9.0" max_concurrent_starts=4
2026-09-09T21:41:52.348788Z  INFO Host provides interfaces count=10 interfaces=["wasi:cli/terminal-input,stdout,terminal-stdout,environment,stdin,stderr,terminal-stderr,terminal-output,terminal-stdin,exit@0.2.0", "wasi:clocks/wall-clock,monotonic-clock@0.2.0", "wasi:clocks/wall-time,monotonic-clock@0.2.0", "wasi:filesystem/types,preopens@0.2.0", "wasi:http/types,handler@0.3.0", "wasi:http/outgoing-handler,types,incoming-handler@0.2.0", "wasi:io/streams,error,poll@0.2.0", "wasi:random/insecure-seed,random,insecure@0.2.0", "wasi:random/random@0.2.0", "wasi:sockets/instance-network,ip-name-lookup,udp-create-socket,udp,network,tcp-create-socket,tcp@0.2.0"]
2026-09-09T21:41:52.348969Z  INFO wamn-host runtime startup completed elapsed_ms=1282 cleanup_budget_secs=51
2026-09-09T21:41:57.472574Z  INFO workload_start{workload_id=95126e24-3d05-46cb-b37e-f0f69f1272cf workload.name="flow-http-84578f6659-9c758d475" workload.namespace="wamn-receiving-journey"}: Starting workload workload_id="95126e24-3d05-46cb-b37e-f0f69f1272cf" namespace="wamn-receiving-journey" name="flow-http-84578f6659-9c758d475"
2026-09-09T21:41:57.627128Z  INFO workload_stop{workload_id=95126e24-3d05-46cb-b37e-f0f69f1272cf}: Stopping workload workload_id="95126e24-3d05-46cb-b37e-f0f69f1272cf"
