{
  "summary": {
    "successRate": 1.0,
    "total": 10.002698435,
    "slowest": 0.032412482,
    "fastest": 0.004455557,
    "average": 0.010141742101187035,
    "requestsPerSec": 1576.474598576659,
    "totalData": 4536864,
    "sizePerRequest": 288,
    "sizePerSec": 453564.0087004183
  },
  "metrics": {
    "success_rate": 1.0,
    "requests_per_sec": 1576.474598576659,
    "latency_ms": {
      "min": 4.456,
      "mean": 10.142,
      "p50": 9.676,
      "p95": 14.809,
      "p99": 19.097,
      "max": 32.412
    }
  },
  "responseTimeHistogram": {
    "0.004455557": 1,
    "0.007251249499999999": 932,
    "0.010046942": 8100,
    "0.012842634499999998": 4947,
    "0.015638327": 1176,
    "0.0184340195": 400,
    "0.021229711999999998": 136,
    "0.0240254045": 41,
    "0.026821097": 12,
    "0.029616789499999997": 6,
    "0.032412482": 2
  },
  "latencyPercentiles": {
    "p10": 0.007616834,
    "p25": 0.008496292,
    "p50": 0.009675897,
    "p75": 0.011176721,
    "p90": 0.013128937,
    "p95": 0.014809393,
    "p99": 0.019096777,
    "p99.9": 0.024750229,
    "p99.99": 0.031760538
  },
  "firstByteHistogram": {
    "0.004449789": 1,
    "0.0072433051": 936,
    "0.0100368212": 8112,
    "0.012830337300000001": 4937,
    "0.015623853400000002": 1172,
    "0.018417369500000003": 397,
    "0.0212108856": 137,
    "0.0240044017": 41,
    "0.0267979178": 12,
    "0.029591433900000002": 6,
    "0.03238495": 2
  },
  "firstBytePercentiles": {
    "p10": 0.007607053,
    "p25": 0.008486741,
    "p50": 0.009664302,
    "p75": 0.0111659,
    "p90": 0.013110212,
    "p95": 0.014770849,
    "p99": 0.019066238,
    "p99.9": 0.024736413,
    "p99.99": 0.031713716
  },
  "rps": {
    "mean": 1572.4586499961404,
    "stddev": 311.7093112351908,
    "max": 2357.4222958785654,
    "min": 405.99455013215703,
    "percentiles": {
      "p10": 1141.4100128429334,
      "p25": 1401.8613915556682,
      "p50": 1629.4840473002894,
      "p75": 1791.3233670072332,
      "p90": 1921.0555371088703,
      "p95": 2014.4273285269405,
      "p99": 2173.265788232632,
      "p99.9": 2246.52462640295,
      "p99.99": 2357.4222958785654
    }
  },
  "details": {
    "DNSDialup": {
      "average": 0.0012276243125000001,
      "fastest": 0.000685551,
      "slowest": 0.001989212
    },
    "DNSLookup": {
      "average": 0.000054560062499999994,
      "fastest": 0.00002675,
      "slowest": 0.000129973
    },
    "firstByte": {
      "average": 0.010128286264330566,
      "fastest": 0.004449789,
      "slowest": 0.03238495
    }
  },
  "statusCodeDistribution": {
    "200": 15753
  },
  "errorDistribution": {
    "aborted due to deadline": 16
  }
}