{
  "summary": {
    "successRate": 1.0,
    "total": 10.002323471,
    "slowest": 0.029072403,
    "fastest": 0.002672564,
    "average": 0.006011567125075297,
    "requestsPerSec": 1328.4913288923567,
    "totalData": 3824640,
    "sizePerRequest": 288,
    "sizePerSec": 382375.15624133527
  },
  "metrics": {
    "success_rate": 1.0,
    "requests_per_sec": 1328.4913288923567,
    "latency_ms": {
      "min": 2.673,
      "mean": 6.012,
      "p50": 5.589,
      "p95": 9.604,
      "p99": 12.66,
      "max": 29.072
    }
  },
  "responseTimeHistogram": {
    "0.002672564": 1,
    "0.005312547900000001": 5643,
    "0.0079525318": 5915,
    "0.010592515700000001": 1337,
    "0.013232499600000001": 280,
    "0.0158724835": 68,
    "0.0185124674": 24,
    "0.0211524513": 7,
    "0.0237924352": 1,
    "0.0264324191": 3,
    "0.029072403": 1
  },
  "latencyPercentiles": {
    "p10": 0.004085603,
    "p25": 0.004693061,
    "p50": 0.005589485,
    "p75": 0.006823921,
    "p90": 0.008413438,
    "p95": 0.009604289,
    "p99": 0.012659532,
    "p99.9": 0.018346035,
    "p99.99": 0.026288172
  },
  "firstByteHistogram": {
    "0.002667105": 1,
    "0.0052948102": 5624,
    "0.0079225154": 5924,
    "0.0105502206": 1343,
    "0.0131779258": 285,
    "0.015805631": 67,
    "0.0184333362": 23,
    "0.0210610414": 8,
    "0.0236887466": 1,
    "0.0263164518": 3,
    "0.028944157": 1
  },
  "firstBytePercentiles": {
    "p10": 0.004075381,
    "p25": 0.004683178,
    "p50": 0.005576244,
    "p75": 0.00680735,
    "p90": 0.008399772,
    "p95": 0.009587218,
    "p99": 0.012645818,
    "p99.9": 0.018338438,
    "p99.99": 0.026274197
  },
  "rps": {
    "mean": 1326.3544694498787,
    "stddev": 304.14376311205604,
    "max": 2067.2907740946816,
    "min": 303.71101451523447,
    "percentiles": {
      "p10": 926.5082105999599,
      "p25": 1123.8010728254578,
      "p50": 1348.7886529108284,
      "p75": 1533.232664683755,
      "p90": 1709.1672467152762,
      "p95": 1786.7454179964093,
      "p99": 1940.2411842333743,
      "p99.9": 2062.887586493722,
      "p99.99": 2067.2907740946816
    }
  },
  "details": {
    "DNSDialup": {
      "average": 0.000315649875,
      "fastest": 0.000170745,
      "slowest": 0.00046221
    },
    "DNSLookup": {
      "average": 0.000058004874999999996,
      "fastest": 0.000025471,
      "slowest": 0.000095276
    },
    "firstByte": {
      "average": 0.005998299938403631,
      "fastest": 0.002667105,
      "slowest": 0.028944157
    }
  },
  "statusCodeDistribution": {
    "200": 13280
  },
  "errorDistribution": {
    "aborted due to deadline": 8
  }
}