{
  "summary": {
    "successRate": 1.0,
    "total": 10.002459135,
    "slowest": 0.008867099,
    "fastest": 0.00026021,
    "average": 0.0006458771899434078,
    "requestsPerSec": 6148.088102136495,
    "totalData": 2213712,
    "sizePerRequest": 36,
    "sizePerSec": 221316.7752171976
  },
  "metrics": {
    "success_rate": 1.0,
    "requests_per_sec": 6148.088102136495,
    "latency_ms": {
      "min": 0.26,
      "mean": 0.646,
      "p50": 0.539,
      "p95": 1.228,
      "p99": 2.241,
      "max": 8.867
    }
  },
  "responseTimeHistogram": {
    "0.00026021": 1,
    "0.0011208988999999998": 57663,
    "0.0019815877999999998": 2931,
    "0.0028422766999999997": 602,
    "0.0037029655999999997": 178,
    "0.0045636545": 81,
    "0.0054243434": 21,
    "0.0062850323": 12,
    "0.0071457212": 1,
    "0.0080064101": 0,
    "0.008867099": 2
  },
  "latencyPercentiles": {
    "p10": 0.000440156,
    "p25": 0.000481694,
    "p50": 0.000539379,
    "p75": 0.000657382,
    "p90": 0.000935919,
    "p95": 0.001228151,
    "p99": 0.002240726,
    "p99.9": 0.004264698,
    "p99.99": 0.006021557
  },
  "firstByteHistogram": {
    "0.000257383": 1,
    "0.0011176746000000001": 57696,
    "0.0019779662": 2904,
    "0.0028382577999999997": 597,
    "0.0036985494": 177,
    "0.004558841": 81,
    "0.0054191325999999995": 21,
    "0.0062794242": 12,
    "0.0071397158": 1,
    "0.0080000074": 0,
    "0.008860299": 2
  },
  "firstBytePercentiles": {
    "p10": 0.000435178,
    "p25": 0.000476393,
    "p50": 0.000533683,
    "p75": 0.000651156,
    "p90": 0.000929522,
    "p95": 0.001220344,
    "p99": 0.00223111,
    "p99.9": 0.004258106,
    "p99.99": 0.006013808
  },
  "rps": {
    "mean": 6139.957338613914,
    "stddev": 1557.9931325455593,
    "max": 9316.924079969114,
    "min": 1331.501733205583,
    "percentiles": {
      "p10": 3844.7634271534125,
      "p25": 5340.867786213349,
      "p50": 6400.227208065921,
      "p75": 7243.342714132887,
      "p90": 7907.934030213137,
      "p95": 8252.899434796751,
      "p99": 8850.600654059388,
      "p99.9": 9314.956093503708,
      "p99.99": 9316.924079969114
    }
  },
  "details": {
    "DNSDialup": {
      "average": 0.00046511750000000003,
      "fastest": 0.000398048,
      "slowest": 0.000515437
    },
    "DNSLookup": {
      "average": 0.00009278875,
      "fastest": 0.000063196,
      "slowest": 0.000104382
    },
    "firstByte": {
      "average": 0.0006400801873089122,
      "fastest": 0.000257383,
      "slowest": 0.008860299
    }
  },
  "statusCodeDistribution": {
    "404": 61492
  },
  "errorDistribution": {
    "aborted due to deadline": 4
  }
}