{
  "summary": {
    "successRate": 1.0,
    "total": 10.001420079,
    "slowest": 0.017324713,
    "fastest": 0.001927292,
    "average": 0.0026108373874180768,
    "requestsPerSec": 381.5458174797059,
    "totalData": 1098720,
    "sizePerRequest": 288,
    "sizePerSec": 109856.39952340211
  },
  "metrics": {
    "success_rate": 1.0,
    "requests_per_sec": 381.5458174797059,
    "latency_ms": {
      "min": 1.927,
      "mean": 2.611,
      "p50": 2.432,
      "p95": 3.444,
      "p99": 5.997,
      "max": 17.325
    }
  },
  "responseTimeHistogram": {
    "0.001927292": 1,
    "0.0034670340999999995": 3627,
    "0.005006776199999999": 122,
    "0.006546518299999999": 36,
    "0.0080862604": 15,
    "0.0096260025": 6,
    "0.0111657446": 2,
    "0.0127054867": 5,
    "0.014245228799999999": 0,
    "0.015784970899999997": 0,
    "0.017324713": 1
  },
  "latencyPercentiles": {
    "p10": 0.002197124,
    "p25": 0.002287417,
    "p50": 0.002432013,
    "p75": 0.002674731,
    "p90": 0.003029398,
    "p95": 0.003443983,
    "p99": 0.005997498,
    "p99.9": 0.012161642,
    "p99.99": 0.017324713
  },
  "firstByteHistogram": {
    "0.001922609": 1,
    "0.0034612534": 3630,
    "0.0049998978": 119,
    "0.0065385422000000006": 36,
    "0.008077186600000001": 15,
    "0.009615831000000002": 6,
    "0.0111544754": 2,
    "0.012693119800000001": 5,
    "0.014231764200000002": 0,
    "0.0157704086": 0,
    "0.017309053": 1
  },
  "firstBytePercentiles": {
    "p10": 0.002190547,
    "p25": 0.002280756,
    "p50": 0.002424559,
    "p75": 0.002666135,
    "p90": 0.003019912,
    "p95": 0.003426095,
    "p99": 0.005978705,
    "p99.9": 0.012153109,
    "p99.99": 0.017309053
  },
  "rps": {
    "mean": 378.86549438581454,
    "stddev": 72.5607821717564,
    "max": 478.0282672455507,
    "min": 57.680016302679974,
    "percentiles": {
      "p10": 300.3827777737263,
      "p25": 357.2901968145238,
      "p50": 400.6772647806544,
      "p75": 425.8408760398502,
      "p90": 442.417679895356,
      "p95": 451.77652648232225,
      "p99": 469.1710627017063,
      "p99.9": 475.32459322318215,
      "p99.99": 478.0282672455507
    }
  },
  "details": {
    "DNSDialup": {
      "average": 0.000323183,
      "fastest": 0.000323183,
      "slowest": 0.000323183
    },
    "DNSLookup": {
      "average": 0.00006911,
      "fastest": 0.00006911,
      "slowest": 0.00006911
    },
    "firstByte": {
      "average": 0.0026023048542594992,
      "fastest": 0.001922609,
      "slowest": 0.017309053
    }
  },
  "statusCodeDistribution": {
    "200": 3815
  },
  "errorDistribution": {
    "aborted due to deadline": 1
  }
}