   Compiling wamn-catalog v0.1.0 (/home/kaalin/.cache/wamn-lanes/consolidation-sql-package-20260912/crates/catalog/model)
warning: function `canonical_serialized` is never used
   --> crates/catalog/model/src/lib.rs:800:4
    |
800 | fn canonical_serialized(value: &impl Serialize) -> Vec<u8> {
    |    ^^^^^^^^^^^^^^^^^^^^
    |
    = note: `#[warn(dead_code)]` (part of `#[warn(unused)]`) on by default

   Compiling wamn-schema-generator v0.1.0 (/home/kaalin/.cache/wamn-lanes/consolidation-sql-package-20260912/crates/schema/generator)
warning: `wamn-catalog` (lib) generated 1 warning
   Compiling wamn-schema-control v0.1.0 (/home/kaalin/.cache/wamn-lanes/consolidation-sql-package-20260912/crates/schema/control)
    Finished `test` profile [unoptimized + debuginfo] target(s) in 3.28s
     Running unittests src/lib.rs (target/debug/deps/wamn_schema_control-9ed332fd56e655c0)

running 75 tests
test run_plane::tests::bare_schema_rejects_syntax_that_the_unquoted_rewrite_cannot_represent ... ok
test run_plane::tests::bare_schema_measures_utf8_bytes_before_checking_bare_syntax ... ok
test run_plane::tests::bare_schema_delegates_postgresql_identifier_boundaries_to_pg_core ... ok
test run_plane::tests::dispatch_reader_observation_sql_is_pinned ... ok
test run_plane::tests::broad_app_run_grants_are_removed_without_regranting_writes ... ok
test run_plane::tests::disabled_environment_policy_rls_mutant_plans_repair ... ok
test run_plane::tests::current_populated_single_target_creates_missing_peer_without_frame_refusal ... ok
test run_plane::tests::dispatch_ledger_reconciles_to_a_parked_writer ... ok
test run_plane::tests::dispatch_type_and_index_drift_is_replaced_by_empty_cutover ... ok
test run_plane::tests::cutover_owned_columns_are_not_named_by_later_acl_repair ... ok
test run_plane::tests::effect_writer_surface_uses_acl_not_insert_authorization_triggers ... ok
test run_plane::tests::a_pin_carrier_added_without_its_inline_check_does_not_converge ... ok
test run_plane::tests::drifted_occurrence_key_is_replaced_by_frame_identity_cutover ... ok
test run_plane::tests::environment_policy_row_security_observation_reads_the_exact_contract ... ok
test run_plane::tests::effect_writer_run_reads_reconcile_to_exact_columns_without_table_authority ... ok
test run_plane::tests::effect_writer_acl_repair_removes_schema_table_and_column_drift ... ok
test run_plane::tests::execution_bundle_retirement_locks_and_drops_direct_carriers_before_the_table ... ok
test run_plane::tests::child_run_cutover_is_atomic_exact_and_idempotent ... ok
test run_plane::tests::drifted_and_missing_checks_plan_exact_repairs ... ok
test run_plane::tests::effect_lineage_and_temporal_fks_are_repaired_on_existing_ledgers ... ok
test run_plane::tests::effective_indirect_or_owner_authority_never_plans_false_clean ... ok
test run_plane::tests::empty_incompatible_effect_writer_shape_is_physically_retired ... ok
test run_plane::tests::environment_policy_writer_grants_are_revoked_and_refused_effectively ... ok
test run_plane::tests::extra_live_columns_are_surfaced_not_dropped ... ok
test run_plane::tests::exact_environment_policy_row_security_plans_no_repair ... ok
test run_plane::tests::extra_record_check_is_removed_but_floor_check_is_untouched ... ok
test run_plane::tests::fresh_schema_omits_execution_bundle_carriers ... ok
test run_plane::tests::failure_detail_cutover_leads_without_poisoning_following_acl_repairs ... ok
test run_plane::tests::extra_record_trigger_is_removed_but_floor_trigger_is_untouched ... ok
test run_plane::tests::index_statements_are_pinned ... ok
test run_plane::tests::from_zero_plans_the_full_set_in_order ... ok
test run_plane::tests::frame_cutover_defers_dispatch_fk_to_concurrent_writer_cutover ... ok
test run_plane::tests::frame_identity_cutover_is_empty_only_and_precedes_ddl ... ok
test run_plane::tests::multi_line_column_definitions_parse_whole ... ok
test run_plane::tests::frame_identity_cutover_is_idempotent_at_record_shape ... ok
test run_plane::tests::legacy_partition_plane_plans_one_leading_cutover ... ok
test run_plane::tests::observation_sql_is_pinned ... ok
test run_plane::tests::operator_action_helper_and_acl_pin_admin_only_append_and_immutability ... ok
test run_plane::tests::missing_environment_policy_tenant_policy_mutant_plans_repair ... ok
test run_plane::tests::operator_action_record_is_exact_immutable_and_history_independent ... ok
test run_plane::tests::overlong_schema_inputs_cannot_alias_after_postgresql_truncation ... ok
test run_plane::tests::missing_helpers_and_record_triggers_are_repaired ... ok
test run_plane::tests::guest_column_authority_alone_never_plans_false_clean ... ok
test run_plane::tests::observation_at_record_plans_a_noop ... ok
test run_plane::tests::outcome_ledger_reconciles_to_a_parked_writer ... ok
test run_plane::tests::partial_partition_plane_defers_claim_index_until_columns_exist ... ok
test run_plane::tests::partial_dispatch_cutover_repairs_attempt_fk_after_creating_peer ... ok
test run_plane::tests::populated_writer_cutover_refusal_precedes_role_verification ... ok
test run_plane::tests::failure_detail_cutover_handles_each_partial_shape_exactly_once ... ok
test run_plane::tests::partial_partition_plane_requires_unobservable_lease_tables_to_be_empty ... ok
test run_plane::tests::orphaned_publish_gate_audit_independently_plans_the_cutover ... ok
test run_plane::tests::queue_missing_plans_only_the_queue_creates ... ok
test run_plane::tests::populated_legacy_runs_gain_fail_closed_capture_mode_additively ... ok
test run_plane::tests::run_queue_record_columns_pin_the_global_fifo_shape ... ok
test run_plane::tests::runs_failure_and_outcome_check_mirrors_are_exact_and_frozen ... ok
test run_plane::tests::run_plane_record_tables_are_pinned ... ok
test run_plane::tests::schema_rewrite_is_dot_anchored ... ok
test run_plane::tests::rerun_lineage_cutover_refuses_an_unknown_same_name_index_before_ddl ... ok
test run_plane::tests::table_sections_carry_indexes_rls_and_grants ... ok
test run_plane::tests::the_author_grant_scan_sees_every_shape_a_grant_can_take ... ok
test run_plane::tests::the_authoring_test_set_store_is_absent_from_the_record ... ok
test run_plane::tests::the_catalog_ddl_and_the_authoring_specs_agree_on_the_author ... ok
test run_plane::tests::frame_identity_contract_drift_uses_cutover_not_generic_repairs ... ok
test run_plane::tests::persisted_retired_flow_ordering_is_a_leading_reprovision_refusal ... ok
test run_plane::tests::rerun_lineage_cutover_is_row_preserving_exact_and_idempotent ... ok
test run_plane::tests::retired_effect_disposition_cutover_is_locked_empty_only_and_idempotent ... ok
test run_plane::tests::stale_scenario_author_reads_are_revoked_without_regrant ... ok
test run_plane::tests::stored_suite_cutover_is_child_first_exact_and_idempotent ... ok
test run_plane::tests::trusted_cdc_lineage_is_unchanged_by_attempt_retirement ... ok
test run_plane::tests::retired_legacy_admission_surface_is_dropped_exactly_once ... ok
test run_plane::tests::the_test_set_cutover_drops_its_fk_columns_before_the_parent_table ... ok
test run_plane::tests::unsafe_legacy_attempt_upgrade_refuses ... ok
test run_plane::tests::unforced_environment_policy_rls_mutant_plans_repair ... ok
test run_plane::tests::widened_environment_policy_tenant_policy_mutant_plans_exact_replacement ... ok
test run_plane::tests::writer_role_verification_precedes_empty_structural_cutover ... ok

test result: ok. 75 passed; 0 failed; 0 ignored; 0 measured; 34 filtered out; finished in 0.93s

