   Compiling serde_core v1.0.229
   Compiling serde_json v1.0.151
   Compiling futures-io v0.3.34
   Compiling futures-util v0.3.34
   Compiling serde v1.0.229
   Compiling stable_deref_trait v1.2.1
   Compiling semver v1.0.28
   Compiling yoke v0.8.3
   Compiling zerovec v0.11.8
   Compiling tinystr v0.8.4
   Compiling icu_locale_core v2.3.0
   Compiling potential_utf v0.1.6
   Compiling zerotrie v0.2.5
   Compiling icu_collections v2.3.0
   Compiling icu_provider v2.3.1
   Compiling hashbrown v0.16.1
   Compiling tokio-util v0.7.19
   Compiling icu_normalizer v2.3.0
   Compiling icu_properties v2.3.0
   Compiling either v1.18.0
   Compiling indexmap v2.14.0
   Compiling wasmtime-internal-core v47.0.4
   Compiling idna_adapter v1.2.2
   Compiling idna v1.1.0
   Compiling cranelift-bitset v0.134.4
   Compiling url v2.5.8
   Compiling wasmparser v0.252.0
   Compiling smallvec v1.15.2
   Compiling thiserror v2.0.20
   Compiling h2 v0.4.19
   Compiling wasm-encoder v0.252.0
   Compiling gimli v0.33.0
   Compiling hyper v1.11.0
   Compiling pulley-interpreter v47.0.4
   Compiling itertools v0.14.0
   Compiling crypto-common v0.1.7
   Compiling winnow v0.7.15
   Compiling cranelift-codegen-meta v0.134.4
   Compiling digest v0.10.7
   Compiling prost-derive v0.14.4
   Compiling cranelift-codegen v0.134.4
   Compiling sha2 v0.10.9
   Compiling tower v0.5.3
   Compiling hyper-util v0.1.20
   Compiling id-arena v2.3.0
   Compiling wasmprinter v0.252.0
   Compiling toml v0.9.12+spec-1.1.0
   Compiling schemars v0.8.22
   Compiling wasmtime-environ v47.0.4
   Compiling tokio-stream v0.1.19
   Compiling wit-parser v0.252.0
   Compiling wamn-execution-contract v0.1.0 (/home/kaalin/.cache/wamn-lanes/consolidation-sql-package-20260912/apps/platform/execution/contract)
   Compiling cobs v0.3.0
   Compiling cranelift-entity v0.134.4
   Compiling boon v0.6.1
   Compiling cranelift-bforest v0.134.4
   Compiling postcard v1.1.3
   Compiling postgres-types v0.2.14
   Compiling cranelift-frontend v0.134.4
   Compiling wasmtime-internal-unwinder v47.0.4
   Compiling cranelift-native v0.134.4
   Compiling wasmtime-internal-wit-bindgen v47.0.4
   Compiling object v0.39.1
   Compiling prost v0.14.4
   Compiling prost-types v0.14.4
   Compiling wasmtime-internal-component-macro v47.0.4
   Compiling wasmtime-internal-cranelift v47.0.4
   Compiling tokio-postgres v0.7.18
   Compiling wasmtime-internal-cache v47.0.4
   Compiling rayon v1.12.0
   Compiling wasmtime-internal-fiber v47.0.4
   Compiling hyper-rustls v0.27.9
   Compiling tower-http v0.6.11
   Compiling addr2line v0.26.1
   Compiling wamn-event-wire v0.1.0 (/home/kaalin/.cache/wamn-lanes/consolidation-sql-package-20260912/apps/platform/events/wire)
   Compiling futures v0.3.34
   Compiling wasmparser v0.253.0
   Compiling petgraph v0.8.3
   Compiling axum v0.8.9
   Compiling wasmtime v47.0.4
   Compiling reqwest v0.13.4
   Compiling wiggle-generate v47.0.4
   Compiling tempfile v3.27.0
   Compiling hyper-timeout v0.5.2
   Compiling wasmparser v0.254.0
   Compiling prost-build v0.14.4
   Compiling tonic v0.14.6
   Compiling wiggle-macro v47.0.4
   Compiling wasm-encoder v0.253.0
   Compiling pbjson-build v0.8.0
   Compiling unicode-truncate v2.0.1
   Compiling kasuari v0.4.12
   Compiling futures-executor v0.3.34
   Compiling rust_decimal v1.43.0
   Compiling wamn-catalog v0.1.0 (/home/kaalin/.cache/wamn-lanes/consolidation-sql-package-20260912/crates/catalog/model)
   Compiling tracing-subscriber v0.3.23
warning: function `canonical_serialized` is never used
   --> crates/catalog/model/src/lib.rs:800:4
    |
800 | fn canonical_serialized(value: &impl Serialize) -> Vec<u8> {
    |    ^^^^^^^^^^^^^^^^^^^^
    |
    = note: `#[warn(dead_code)]` (part of `#[warn(unused)]`) on by default

   Compiling oci-spec v0.9.0
warning: `wamn-catalog` (lib) generated 1 warning
   Compiling opentelemetry_sdk v0.31.0
   Compiling ratatui-core v0.1.2
   Compiling pbjson-types v0.8.0
   Compiling wasm-metadata v0.253.0
   Compiling wiggle v47.0.4
   Compiling tonic-prost v0.14.6
   Compiling wasm-encoder v0.254.0
   Compiling wasmtime-wasi-io v47.0.4
   Compiling wit-parser v0.253.0
   Compiling wamn-schema-introspection v0.1.0 (/home/kaalin/.cache/wamn-lanes/consolidation-sql-package-20260912/crates/schema/introspection)
   Compiling jsonwebtoken v10.4.0
   Compiling olpc-cjson v0.1.4
   Compiling digest v0.11.3
   Compiling arrayvec v0.7.8
   Compiling crossbeam-utils v0.8.22
   Compiling parking v2.2.1
   Compiling crc-catalog v2.5.0
   Compiling crc v3.4.0
   Compiling event-listener v5.4.2
   Compiling oci-client v0.17.0
   Compiling async-nats v0.49.1
   Compiling wit-component v0.253.0
   Compiling wamn-schema-generator v0.1.0 (/home/kaalin/.cache/wamn-lanes/consolidation-sql-package-20260912/crates/schema/generator)
   Compiling wasm-metadata v0.254.0
   Compiling wasmtime-wasi v47.0.4
   Compiling opentelemetry-proto v0.31.0
   Compiling jmespath v0.3.0
   Compiling wit-parser v0.254.0
   Compiling parking_lot_core v0.9.12
   Compiling itertools v0.13.0
   Compiling combine v4.6.8
   Compiling wamn-control-registry v0.1.0 (/home/kaalin/.cache/wamn-lanes/consolidation-sql-package-20260912/crates/control/registry)
   Compiling futures-sink v0.3.34
   Compiling tokio v1.53.1
   Compiling wasmtime-wasi-http v47.0.4
   Compiling redis v0.27.6
   Compiling parking_lot v0.12.5
   Compiling opentelemetry-otlp v0.31.1
   Compiling wit-component v0.254.0
   Compiling oci-wasm v0.6.0
   Compiling wamn-run-state v0.1.0 (/home/kaalin/.cache/wamn-lanes/consolidation-sql-package-20260912/crates/execution/run-state)
   Compiling opentelemetry-appender-tracing v0.31.1
   Compiling tracing-opentelemetry v0.32.1
   Compiling itertools v0.15.0
   Compiling terminal_size v0.4.4
   Compiling docker_credential v1.4.0
   Compiling object_store v0.14.1
   Compiling wash-runtime v2.9.0 (https://github.com/wasmCloud/wasmCloud?rev=68ebece9c537f8bb4b5c9999f274ec68d60f35a9#68ebece9)
   Compiling clap_builder v4.6.6
   Compiling hashlink v0.11.1
   Compiling ratatui-widgets v0.3.2
   Compiling tracing v0.1.44
   Compiling wamn-control-provision v0.1.0 (/home/kaalin/.cache/wamn-lanes/consolidation-sql-package-20260912/crates/control/provision)
   Compiling crossbeam-queue v0.3.13
   Compiling ratatui-crossterm v0.1.2
   Compiling futures-intrusive v0.5.0
   Compiling deadpool-postgres v0.14.2
   Compiling hmac v0.13.0
   Compiling wamn-router v0.1.0 (/home/kaalin/.cache/wamn-lanes/consolidation-sql-package-20260912/crates/execution/router)
   Compiling wamn-platform-identity v0.1.0 (/home/kaalin/.cache/wamn-lanes/consolidation-sql-package-20260912/crates/identity/platform)
   Compiling wamn-client v0.1.0 (/home/kaalin/.cache/wamn-lanes/consolidation-sql-package-20260912/crates/client/core)
   Compiling chrono v0.4.45
   Compiling atoi v2.0.0
   Compiling uuid v1.26.0
   Compiling proc-macro2 v1.0.107
   Compiling dotenvy v0.15.7
   Compiling base64 v0.22.1
   Compiling sqlx-core v0.9.0
   Compiling clap v4.6.6
   Compiling wamn-client-tui v0.1.0 (/home/kaalin/.cache/wamn-lanes/consolidation-sql-package-20260912/crates/client/tui)
   Compiling hkdf v0.13.0
   Compiling wamn-event-reg v0.1.0 (/home/kaalin/.cache/wamn-lanes/consolidation-sql-package-20260912/apps/platform/events/registration)
   Compiling ratatui v0.30.2
   Compiling futures-channel v0.3.34
   Compiling sha2 v0.11.0
   Compiling md-5 v0.11.0
   Compiling rand v0.10.2
   Compiling wasm-encoder v0.247.0
   Compiling wasmparser v0.247.0
   Compiling wamn-runtime v0.1.0 (/home/kaalin/.cache/wamn-lanes/consolidation-sql-package-20260912/crates/platform/runtime)
warning: the item `Future` is imported redundantly
 --> crates/platform/runtime/src/connection_authority.rs:3:5
  |
3 | use std::future::Future;
  |     ^^^^^^^^^^^^^^^^^^^
  |
 --> /rustc/88d9e12ae178fab0fb5cc050a94da85685d449ea/library/std/src/prelude/mod.rs:166:12
  |
  = note: the item `Future` is already defined here
  |
  = note: requested on the command line with `-W redundant-imports`

warning: constant `HTTP_CONTRACT` is never used
  --> crates/platform/runtime/src/plugins/connection_http.rs:56:7
   |
56 | const HTTP_CONTRACT: &str = "wamn:connection/http@0.1.0";
   |       ^^^^^^^^^^^^^
   |
   = note: `#[warn(dead_code)]` (part of `#[warn(unused)]`) on by default

warning: type does not implement `std::fmt::Debug`; consider adding `#[derive(Debug)]` or a manual implementation
   --> crates/platform/runtime/src/plugins/connection_http.rs:131:1
    |
131 | / pub struct ConnectionHttp {
132 | |     postgres: Arc<WamnPostgres>,
133 | |     transport: Arc<HttpTransport>,
134 | |     vault: Arc<WamnCredentials>,
...   |
151 | |     invocations: std::sync::RwLock<HashMap<String, ConnectionInvocation>>,
152 | | }
    | |_^
    |
    = note: requested on the command line with `-W missing-debug-implementations`

warning: type does not implement `std::fmt::Debug`; consider adding `#[derive(Debug)]` or a manual implementation
  --> crates/platform/runtime/src/plugins/wamn_credentials.rs:27:1
   |
27 | / pub struct WamnCredentials {
28 | |     /// Whether ANY backing source was configured. Distinguishes `unavailable`
29 | |     /// (no source — retryable) from `not-found` (source present, name absent —
30 | |     /// config-shaped).
...  |
33 | |     projects: HashMap<String, HashMap<String, String>>,
34 | | }
   | |_^

warning: type does not implement `std::fmt::Debug`; consider adding `#[derive(Debug)]` or a manual implementation
   --> crates/platform/runtime/src/plugins/wamn_jetstream.rs:507:1
    |
507 | / pub struct WamnJetstream {
508 | |     nats_url: Option<String>,
509 | |     stream_replicas: Option<usize>,
510 | |     dup_window_secs: Option<u64>,
...   |
536 | |     release: Option<Arc<ReleaseManifestWeld>>,
537 | | }
    | |_^

warning: type does not implement `std::fmt::Debug`; consider adding `#[derive(Debug)]` or a manual implementation
   --> crates/platform/runtime/src/plugins/wamn_logging.rs:213:1
    |
213 | / pub struct Capture {
214 | |     records: std::sync::Mutex<Vec<CapturedRec>>,
215 | | }
    | |_^

warning: type does not implement `std::fmt::Debug`; consider adding `#[derive(Debug)]` or a manual implementation
   --> crates/platform/runtime/src/plugins/wamn_logging.rs:235:1
    |
235 | / pub struct WamnLogging {
236 | |     /// component id → host-trusted {tenant, project}.
237 | |     claims: std::sync::RwLock<HashMap<String, Claim>>,
238 | |     /// Bounded front queue; `try_send` keeps `log()` non-blocking.
...   |
243 | |     _drain: tokio::task::JoinHandle<()>,
244 | | }
    | |_^

warning: type does not implement `std::fmt::Debug`; consider adding `#[derive(Debug)]` or a manual implementation
   --> crates/platform/runtime/src/plugins/wamn_postgres/claims.rs:54:1
    |
 54 | / pub struct WamnPostgres {
 55 | |     /// Resolves a project id → its database connection + policy.
 56 | |     provider: Arc<dyn CredentialProvider>,
 57 | |     /// Guest-visible project pools, built lazily and never shared with host-owned
...   |
117 | |     pub(super) bind_counters: super::BindCounters,
118 | | }
    | |_^

warning: type does not implement `std::fmt::Debug`; consider adding `#[derive(Debug)]` or a manual implementation
   --> crates/platform/runtime/src/plugins/wamn_postgres/pool.rs:248:1
    |
248 | / pub struct StaticCredentialProvider {
249 | |     projects: HashMap<String, ProjectConfig>,
250 | | }
    | |_^

warning: type does not implement `std::fmt::Debug`; consider adding `#[derive(Debug)]` or a manual implementation
   --> crates/platform/runtime/src/plugins/wamn_postgres/pool.rs:423:1
    |
423 | / pub struct K8sSecretProvider {
424 | |     pub namespace: String,
425 | | }
    | |_^

warning: type does not implement `std::fmt::Debug`; consider adding `#[derive(Debug)]` or a manual implementation
   --> crates/platform/runtime/src/plugins/wamn_postgres/resources.rs:99:1
    |
 99 | / pub struct PgTransaction {
100 | |     state: SharedTxnState,
101 | |     destroyed: Arc<AtomicU64>,
102 | |     cursor_seq: u32,
103 | |     /// Row limit of the project this transaction's connection belongs to.
104 | |     row_limit: u64,
105 | | }
    | |_^

warning: type does not implement `std::fmt::Debug`; consider adding `#[derive(Debug)]` or a manual implementation
   --> crates/platform/runtime/src/plugins/wamn_postgres/resources.rs:145:1
    |
145 | / pub struct PgCursor {
146 | |     state: SharedTxnState,
147 | |     destroyed: Arc<AtomicU64>,
148 | |     name: String,
149 | | }
    | |_^

warning: `wamn-runtime` (lib) generated 12 warnings
   Compiling byteorder v1.5.0
   Compiling quote v1.0.47
   Compiling whoami v2.1.3
   Compiling topological-sort v0.2.2
   Compiling auditable-serde v0.9.0
   Compiling sqlx-postgres v0.9.0
   Compiling wamn-client-terminal v0.1.0 (/home/kaalin/.cache/wamn-lanes/consolidation-sql-package-20260912/crates/client/terminal)
   Compiling wamn-schema-control v0.1.0 (/home/kaalin/.cache/wamn-lanes/consolidation-sql-package-20260912/crates/schema/control)
   Compiling wamn-authoring-model v0.1.0 (/home/kaalin/.cache/wamn-lanes/consolidation-sql-package-20260912/crates/authoring/model)
   Compiling spdx v0.13.5
   Compiling serde_spanned v0.6.9
   Compiling toml_datetime v0.6.11
   Compiling fixedbitset v0.4.2
   Compiling fallible-iterator v0.3.0
   Compiling petgraph v0.6.5
   Compiling gimli v0.32.3
   Compiling toml_edit v0.22.27
   Compiling wasm-metadata v0.247.0
   Compiling wamn-ctl v0.1.0 (/home/kaalin/.cache/wamn-lanes/consolidation-sql-package-20260912/services/ctl)
   Compiling sqlx-macros-core v0.9.0
   Compiling wac-types v0.10.1
warning: function `run_once_stages` is never used
   --> services/ctl/src/dev.rs:604:10
    |
604 | async fn run_once_stages<R>(
    |          ^^^^^^^^^^^^^^^
    |
    = note: `#[warn(dead_code)]` (part of `#[warn(unused)]`) on by default

warning: function `verify_source_package_with_client` is never used
    --> services/ctl/src/push_component.rs:1300:10
     |
1300 | async fn verify_source_package_with_client(
     |          ^^^^^^^^^^^^^^^^^^^^^^^^^^^^^^^^^

   Compiling wasm-metadata v0.252.0
   Compiling wasmparser v0.245.1
   Compiling wasm-encoder v0.245.1
   Compiling walrus-macro v0.26.0
   Compiling walrus v0.26.5
warning: `wamn-ctl` (lib) generated 2 warnings
   Compiling wamn-gate-harness v0.1.0 (/home/kaalin/.cache/wamn-lanes/consolidation-sql-package-20260912/test-support/harness)
warning: type does not implement `std::fmt::Debug`; consider adding `#[derive(Debug)]` or a manual implementation
  --> test-support/harness/src/ceiling.rs:72:1
   |
72 | / pub struct Ramp {
73 | |     tolerance: f64,
74 | |     max_levels: usize,
75 | |     levels: Vec<LevelStats>,
...  |
82 | |     retrying: bool,
83 | | }
   | |_^
   |
   = note: requested on the command line with `-W missing-debug-implementations`

warning: `wamn-gate-harness` (lib) generated 1 warning
   Compiling wit-component v0.252.0
   Compiling wac-graph v0.10.1
   Compiling sqlx-macros v0.9.0
   Compiling syn v2.0.119
   Compiling toml v0.8.23
   Compiling wast v252.0.0
   Compiling wasm-encoder v0.251.0
   Compiling wamn-proof-conformance v0.1.0 (/home/kaalin/.cache/wamn-lanes/consolidation-sql-package-20260912/tests/conformance)
   Compiling wat v1.252.0
   Compiling wasi-virt v0.2.0 (https://github.com/bytecodealliance/WASI-Virt.git?rev=448f6df8f688cee5d6995e96b1ffc31f9bf00742#448f6df8)
   Compiling sqlx v0.9.0
   Compiling wamn-execution-host v0.1.0 (/home/kaalin/.cache/wamn-lanes/consolidation-sql-package-20260912/crates/execution/host)
    Finished `test` profile [unoptimized + debuginfo] target(s) in 5m 48s
     Running tests/state_ownership.rs (target/debug/deps/state_ownership-8edf73594286dc8a)

running 31 tests
test english_prose_context_is_not_an_update ... ok
test effect_ledger_lifecycle_is_run_state_owned ... ok
test control_authoring_state_ownership_is_explicit_and_bounded ... ok
test an_active_relation_cannot_hold_a_forwarding_address ... ok
test external_authority_classes_are_excluded ... ok
test interpolated_set_clause_still_inventories_the_update ... ok
test hyphenated_error_message_literal_is_not_an_update ... ok
test grant_privilege_list_is_not_a_write ... ok
test durability_policy_projection_ownership_is_explicit_and_bounded ... ok
test a_retired_relation_may_have_no_static_writer_when_it_names_its_successor ... ok
test lowercase_undeclared_writer_is_rejected ... ok
test plpgsql_trigger_operation_literal_is_not_an_update ... ok
test conflicting_second_migration_owner_is_rejected ... ok
test quoted_privilege_name_probe_is_not_a_write ... ok
test missing_scan_exclusion_path_is_rejected ... ok
test host_owned_production_claim_authority_is_explicit_and_bounded ... ok
test retired_relation_cannot_forward_across_planes ... ok
test producer_side_direct_run_admission_is_rejected ... ok
test retired_relation_without_a_successor_is_rejected ... ok
test row_lock_clause_is_not_an_update ... ok
test trigger_event_declarations_are_not_inventoried_as_writes ... ok
test retired_relation_cannot_regain_a_static_writer ... ok
test the_retired_population_is_pinned_by_the_decay_clause ... ok
test unregistered_canonical_table_is_rejected ... ok
test undeclared_writer_is_rejected ... ok
test retired_relation_with_an_unregistered_successor_is_rejected ... ok
test retired_relation_cannot_supersede_itself ... ok
test the_generic_copy_channel_declares_why_it_authors_nothing ... ok
test unqualified_writer_requires_declared_source_context ... ok
test app_role_and_app_user_id_have_no_production_reader_while_the_claim_escape_is_open ... ok
SR28 inventoried 90 static production PostgreSQL write operations

thread 'repository_state_ownership_manifest_is_complete' (1636061) panicked at tests/conformance/tests/state_ownership.rs:1664:10:
all production PostgreSQL writers are declared: "services/ctl/src/apply_package/registration_tests.rs:166: insert targets unregistered PostgreSQL object or family `catalog.registration_rollback`"
note: run with `RUST_BACKTRACE=1` environment variable to display a backtrace
test repository_state_ownership_manifest_is_complete ... FAILED

failures:

failures:
    repository_state_ownership_manifest_is_complete

test result: FAILED. 30 passed; 1 failed; 0 ignored; 0 measured; 0 filtered out; finished in 0.53s

error: test failed, to rerun pass `-p wamn-proof-conformance --test state_ownership`
