build-components: m1 selects 9 component packages across 2 workspaces
   Compiling proc-macro2 v1.0.107
   Compiling unicode-ident v1.0.24
   Compiling quote v1.0.47
   Compiling zmij v1.0.23
   Compiling serde_core v1.0.229
   Compiling serde_json v1.0.151
   Compiling memchr v2.8.3
   Compiling itoa v1.0.18
   Compiling foldhash v0.2.0
   Compiling hashbrown v0.17.1
   Compiling syn v3.0.4
   Compiling equivalent v1.0.2
   Compiling anyhow v1.0.104
   Compiling semver v1.0.28
   Compiling bitflags v2.13.1
   Compiling syn v2.0.119
   Compiling serde_derive v1.0.229
   Compiling indexmap v2.14.0
   Compiling serde v1.0.229
   Compiling wasmparser v0.258.0
   Compiling prettyplease v0.2.37
   Compiling leb128fmt v0.1.0
   Compiling id-arena v2.3.0
   Compiling log v0.4.34
   Compiling typenum v1.20.1
   Compiling heck v0.5.0
   Compiling wit-bindgen-rust v0.61.1
   Compiling hybrid-array v0.4.14
   Compiling wit-bindgen-rust-macro v0.61.1
   Compiling wit-bindgen v0.61.1
   Compiling autocfg v1.5.1
   Compiling block-buffer v0.12.1
   Compiling crypto-common v0.2.2
   Compiling num-traits v0.2.19
   Compiling const-oid v0.10.2
   Compiling cfg-if v1.0.4
   Compiling digest v0.11.3
   Compiling sha2 v0.11.0
   Compiling chrono v0.4.45
   Compiling serde_derive_internals v0.29.1
   Compiling wit-parser v0.258.0
   Compiling wasm-encoder v0.258.0
   Compiling deunicode v1.6.2
   Compiling schemars v0.8.22
   Compiling slug v0.1.6
   Compiling schemars_derive v0.8.22
   Compiling wasm-metadata v0.258.0
   Compiling dyn-clone v1.0.20
   Compiling uuid v1.26.0
   Compiling jmespath v0.3.0
   Compiling wit-component v0.258.0
   Compiling wit-bindgen-core v0.61.1
   Compiling futures-task v0.3.34
   Compiling pin-project-lite v0.2.17
   Compiling slab v0.4.12
   Compiling futures-core v0.3.34
   Compiling futures-util v0.3.34
   Compiling wamn-execution-contract v0.1.0 (/home/kaalin/.cache/wamn-lanes/wasmcloud-2-8-baseline-20260909/components/execution/contract)
   Compiling lazy_static v1.5.0
   Compiling base64 v0.22.1
   Compiling futures-executor v0.3.34
   Compiling wamn-event-wire v0.1.0 (/home/kaalin/.cache/wamn-lanes/wasmcloud-2-8-baseline-20260909/components/events/wire)
   Compiling wamn-event-reg v0.1.0 (/home/kaalin/.cache/wamn-lanes/wasmcloud-2-8-baseline-20260909/components/events/registration)
   Compiling wamn-materializer v0.1.0 (/home/kaalin/.cache/wamn-lanes/wasmcloud-2-8-baseline-20260909/components/events/materializer)
   Compiling wamn-postgres-statements v0.1.0 (/home/kaalin/.cache/wamn-lanes/wasmcloud-2-8-baseline-20260909/components/data/postgres-statements)
   Compiling http-route v0.1.0 (/home/kaalin/.cache/wamn-lanes/wasmcloud-2-8-baseline-20260909/components/ingress/http-route)
   Compiling blob-put v0.1.0 (/home/kaalin/.cache/wamn-lanes/wasmcloud-2-8-baseline-20260909/components/execution/blob-put)
   Compiling materializer v0.1.0 (/home/kaalin/.cache/wamn-lanes/wasmcloud-2-8-baseline-20260909/components/execution/materializer)
   Compiling wamn-wms-data-access v0.1.0 (/home/kaalin/.cache/wamn-lanes/wasmcloud-2-8-baseline-20260909/components/data/wms-data)
   Compiling wamn-client-acme-receiving-data-access v0.1.0 (/home/kaalin/.cache/wamn-lanes/wasmcloud-2-8-baseline-20260909/components/data/client-acme-receiving-data)
warning: field `adjusted_quantity` is never read
  --> /wamn/components/data/wms-data/../../../packages/wms/generated/wamn/inventory_adjust.rs:12:9
   |
11 | pub(crate) struct FinalizeCommandRow {
   |                   ------------------ field in this struct
12 |     pub adjusted_quantity: Option<wamn_postgres_statements::Numeric>,
   |         ^^^^^^^^^^^^^^^^^
   |
   = note: `FinalizeCommandRow` has a derived impl for the trait `Debug`, but this is intentionally ignored during dead code analysis
   = note: `#[warn(dead_code)]` (part of `#[warn(unused)]`) on by default

warning: field `id` is never read
  --> /wamn/components/data/wms-data/../../../packages/wms/generated/wamn/inventory_adjust.rs:27:9
   |
26 | pub(crate) struct InsertMovementRow {
   |                   ----------------- field in this struct
27 |     pub id: wamn_postgres_statements::Uuid,
   |         ^^
   |
   = note: `InsertMovementRow` has a derived impl for the trait `Debug`, but this is intentionally ignored during dead code analysis

warning: field `location_id` is never read
  --> /wamn/components/data/wms-data/../../../packages/wms/generated/wamn/inventory_adjust.rs:32:9
   |
31 | pub(crate) struct LockPalletRow {
   |                   ------------- field in this struct
32 |     pub location_id: wamn_postgres_statements::Uuid,
   |         ^^^^^^^^^^^
   |
   = note: `LockPalletRow` has a derived impl for the trait `Debug`, but this is intentionally ignored during dead code analysis

warning: field `id` is never read
  --> /wamn/components/data/wms-data/../../../packages/wms/generated/wamn/inventory_adjust.rs:39:9
   |
38 | pub(crate) struct SetQuantityRow {
   |                   -------------- field in this struct
39 |     pub id: wamn_postgres_statements::Uuid,
   |         ^^
   |
   = note: `SetQuantityRow` has a derived impl for the trait `Debug`, but this is intentionally ignored during dead code analysis

warning: fields `id` and `quantity` are never read
 --> /wamn/components/data/wms-data/../../../packages/wms/generated/wamn/inventory_merge.rs:7:9
  |
6 | pub(crate) struct AddToTargetRow {
  |                   -------------- fields in this struct
7 |     pub id: wamn_postgres_statements::Uuid,
  |         ^^
8 |     pub quantity: wamn_postgres_statements::Numeric,
  |         ^^^^^^^^
  |
  = note: `AddToTargetRow` has a derived impl for the trait `Debug`, but this is intentionally ignored during dead code analysis

warning: field `row_version` is never read
  --> /wamn/components/data/wms-data/../../../packages/wms/generated/wamn/inventory_merge.rs:18:9
   |
17 | pub(crate) struct ConsumeSourceRow {
   |                   ---------------- field in this struct
18 |     pub row_version: i64,
   |         ^^^^^^^^^^^
   |
   = note: `ConsumeSourceRow` has a derived impl for the trait `Debug`, but this is intentionally ignored during dead code analysis

warning: field `id` is never read
  --> /wamn/components/data/wms-data/../../../packages/wms/generated/wamn/inventory_merge.rs:37:9
   |
36 | pub(crate) struct InsertMovementRow {
   |                   ----------------- field in this struct
37 |     pub id: wamn_postgres_statements::Uuid,
   |         ^^
   |
   = note: `InsertMovementRow` has a derived impl for the trait `Debug`, but this is intentionally ignored during dead code analysis

warning: field `location_id` is never read
  --> /wamn/components/data/wms-data/../../../packages/wms/generated/wamn/inventory_merge.rs:43:9
   |
41 | pub(crate) struct LockBothPalletsRow {
   |                   ------------------ field in this struct
42 |     pub id: wamn_postgres_statements::Uuid,
43 |     pub location_id: wamn_postgres_statements::Uuid,
   |         ^^^^^^^^^^^
   |
   = note: `LockBothPalletsRow` has a derived impl for the trait `Debug`, but this is intentionally ignored during dead code analysis

warning: fields `id` and `quantity` are never read
  --> /wamn/components/data/wms-data/../../../packages/wms/generated/wamn/inventory_merge.rs:50:9
   |
49 | pub(crate) struct PlaceOnTargetRow {
   |                   ---------------- fields in this struct
50 |     pub id: wamn_postgres_statements::Uuid,
   |         ^^
51 |     pub quantity: wamn_postgres_statements::Numeric,
   |         ^^^^^^^^
   |
   = note: `PlaceOnTargetRow` has a derived impl for the trait `Debug`, but this is intentionally ignored during dead code analysis

warning: field `pallet_status` is never read
  --> /wamn/components/data/wms-data/../../../packages/wms/generated/wamn/inventory_move.rs:12:9
   |
11 | pub(crate) struct FinalizeCommandRow {
   |                   ------------------ field in this struct
12 |     pub pallet_status: Option<String>,
   |         ^^^^^^^^^^^^^
   |
   = note: `FinalizeCommandRow` has a derived impl for the trait `Debug`, but this is intentionally ignored during dead code analysis

warning: field `id` is never read
  --> /wamn/components/data/wms-data/../../../packages/wms/generated/wamn/inventory_move.rs:27:9
   |
26 | pub(crate) struct InsertMovementRow {
   |                   ----------------- field in this struct
27 |     pub id: wamn_postgres_statements::Uuid,
   |         ^^
   |
   = note: `InsertMovementRow` has a derived impl for the trait `Debug`, but this is intentionally ignored during dead code analysis

warning: field `status` is never read
  --> /wamn/components/data/wms-data/../../../packages/wms/generated/wamn/inventory_move.rs:34:9
   |
31 | pub(crate) struct LockPalletRow {
   |                   ------------- field in this struct
...
34 |     pub status: String,
   |         ^^^^^^
   |
   = note: `LockPalletRow` has a derived impl for the trait `Debug`, but this is intentionally ignored during dead code analysis

warning: field `status` is never read
  --> /wamn/components/data/wms-data/../../../packages/wms/generated/wamn/inventory_move.rs:48:9
   |
45 | pub(crate) struct SelectPalletQuantityRow {
   |                   ----------------------- field in this struct
...
48 |     pub status: String,
   |         ^^^^^^
   |
   = note: `SelectPalletQuantityRow` has a derived impl for the trait `Debug`, but this is intentionally ignored during dead code analysis

warning: field `id` is never read
  --> /wamn/components/data/wms-data/../../../packages/wms/generated/wamn/inventory_move.rs:53:9
   |
52 | pub(crate) struct ValidateLocationRow {
   |                   ------------------- field in this struct
53 |     pub id: wamn_postgres_statements::Uuid,
   |         ^^
   |
   = note: `ValidateLocationRow` has a derived impl for the trait `Debug`, but this is intentionally ignored during dead code analysis

warning: fields `id`, `row_version`, and `status` are never read
  --> /wamn/components/data/wms-data/../../../packages/wms/generated/wamn/inventory_split.rs:13:9
   |
12 | pub(crate) struct CreatePalletRow {
   |                   --------------- fields in this struct
13 |     pub id: wamn_postgres_statements::Uuid,
   |         ^^
14 |     pub row_version: i64,
   |         ^^^^^^^^^^^
15 |     pub status: String,
   |         ^^^^^^
   |
   = note: `CreatePalletRow` has a derived impl for the trait `Debug`, but this is intentionally ignored during dead code analysis

warning: field `id` is never read
  --> /wamn/components/data/wms-data/../../../packages/wms/generated/wamn/inventory_split.rs:34:9
   |
33 | pub(crate) struct InsertMovementRow {
   |                   ----------------- field in this struct
34 |     pub id: wamn_postgres_statements::Uuid,
   |         ^^
   |
   = note: `InsertMovementRow` has a derived impl for the trait `Debug`, but this is intentionally ignored during dead code analysis

warning: field `location_id` is never read
  --> /wamn/components/data/wms-data/../../../packages/wms/generated/wamn/inventory_split.rs:39:9
   |
38 | pub(crate) struct LockPalletRow {
   |                   ------------- field in this struct
39 |     pub location_id: wamn_postgres_statements::Uuid,
   |         ^^^^^^^^^^^
   |
   = note: `LockPalletRow` has a derived impl for the trait `Debug`, but this is intentionally ignored during dead code analysis

warning: fields `id` and `quantity` are never read
  --> /wamn/components/data/wms-data/../../../packages/wms/generated/wamn/inventory_split.rs:46:9
   |
45 | pub(crate) struct PlaceQuantityRow {
   |                   ---------------- fields in this struct
46 |     pub id: wamn_postgres_statements::Uuid,
   |         ^^
47 |     pub quantity: wamn_postgres_statements::Numeric,
   |         ^^^^^^^^
   |
   = note: `PlaceQuantityRow` has a derived impl for the trait `Debug`, but this is intentionally ignored during dead code analysis

warning: fields `id` and `quantity` are never read
  --> /wamn/components/data/wms-data/../../../packages/wms/generated/wamn/inventory_split.rs:57:9
   |
56 | pub(crate) struct TakeFromSourceRow {
   |                   ----------------- fields in this struct
57 |     pub id: wamn_postgres_statements::Uuid,
   |         ^^
58 |     pub quantity: wamn_postgres_statements::Numeric,
   |         ^^^^^^^^
   |
   = note: `TakeFromSourceRow` has a derived impl for the trait `Debug`, but this is intentionally ignored during dead code analysis

warning: field `id` is never read
  --> /wamn/components/data/wms-data/../../../packages/wms/generated/wamn/inventory_split.rs:69:9
   |
68 | pub(crate) struct ValidateLocationRow {
   |                   ------------------- field in this struct
69 |     pub id: wamn_postgres_statements::Uuid,
   |         ^^
   |
   = note: `ValidateLocationRow` has a derived impl for the trait `Debug`, but this is intentionally ignored during dead code analysis

warning: constant `REFUSALS` is never used
  --> data/wms-data/src/inventory_adjust.rs:28:18
   |
28 | pub(crate) const REFUSALS: &[AccessErrorKind] = &[
   |                  ^^^^^^^^

warning: constant `REFUSALS` is never used
  --> data/wms-data/src/inventory_aggregate.rs:14:18
   |
14 | pub(crate) const REFUSALS: &[AccessErrorKind] = &[
   |                  ^^^^^^^^

warning: constant `REFUSALS` is never used
  --> data/wms-data/src/inventory_merge.rs:30:18
   |
30 | pub(crate) const REFUSALS: &[AccessErrorKind] = &[
   |                  ^^^^^^^^

warning: constant `REFUSALS` is never used
  --> data/wms-data/src/inventory_move.rs:33:18
   |
33 | pub(crate) const REFUSALS: &[AccessErrorKind] = &[
   |                  ^^^^^^^^

warning: constant `REFUSALS` is never used
  --> data/wms-data/src/inventory_split.rs:29:18
   |
29 | pub(crate) const REFUSALS: &[AccessErrorKind] = &[
   |                  ^^^^^^^^

warning: constant `GET_REFUSALS` is never used
  --> data/wms-data/src/pallet.rs:16:18
   |
16 | pub(crate) const GET_REFUSALS: &[AccessErrorKind] = &[
   |                  ^^^^^^^^^^^^

warning: constant `QUERY_REFUSALS` is never used
  --> data/wms-data/src/pallet.rs:25:18
   |
25 | pub(crate) const QUERY_REFUSALS: &[AccessErrorKind] = &[
   |                  ^^^^^^^^^^^^^^

   Compiling wamn-receiving-data-access v0.1.0 (/home/kaalin/.cache/wamn-lanes/wasmcloud-2-8-baseline-20260909/components/data/receiving-data)
   Compiling client-acme-receiving v0.1.0 (/home/kaalin/.cache/wamn-lanes/wasmcloud-2-8-baseline-20260909/components/application/client-acme-receiving)
warning: `wamn-wms-data-access` (lib) generated 27 warnings
   Compiling wms v0.1.0 (/home/kaalin/.cache/wamn-lanes/wasmcloud-2-8-baseline-20260909/components/application/wms)
   Compiling receiving v0.1.0 (/home/kaalin/.cache/wamn-lanes/wasmcloud-2-8-baseline-20260909/components/application/receiving)
    Finished `release` profile [optimized] target(s) in 28.32s
   Compiling wasmparser v0.236.1
   Compiling hashbrown v0.17.1
   Compiling foldhash v0.1.5
   Compiling semver v1.0.28
   Compiling hashbrown v0.15.5
   Compiling wasm-encoder v0.236.1
   Compiling id-arena v2.3.0
   Compiling unicode-xid v0.2.6
   Compiling syn v2.0.119
   Compiling wit-bindgen-rust v0.44.0
   Compiling serde_core v1.0.229
   Compiling indexmap v2.14.0
   Compiling serde_json v1.0.151
   Compiling wit-bindgen-rt v0.44.0
   Compiling wit-bindgen-rust-macro v0.44.0
   Compiling memchr v2.8.3
   Compiling bitflags v2.13.1
   Compiling dlmalloc v0.2.14
   Compiling prettyplease v0.2.37
   Compiling label-template v0.1.0 (/home/kaalin/.cache/wamn-lanes/wasmcloud-2-8-baseline-20260909/components/no-std/label-template)
   Compiling wit-parser v0.236.1
   Compiling wasm-metadata v0.236.1
   Compiling wit-bindgen-core v0.44.0
   Compiling wit-component v0.236.1
   Compiling wit-bindgen v0.44.0
   Compiling transform v0.1.0 (/home/kaalin/.cache/wamn-lanes/wasmcloud-2-8-baseline-20260909/components/no-std/transform)
   Compiling http-request v0.1.0 (/home/kaalin/.cache/wamn-lanes/wasmcloud-2-8-baseline-20260909/components/no-std/http-request)
   Compiling label-render v0.1.0 (/home/kaalin/.cache/wamn-lanes/wasmcloud-2-8-baseline-20260909/components/no-std/label-render)
warning: unused variable: `record`
  --> label-render/src/lib.rs:86:22
   |
86 |             let Some(record) = fields.as_object_mut() else {
   |                      ^^^^^^ help: if this is intentional, prefix it with an underscore: `_record`
   |
   = note: `#[warn(unused_variables)]` (part of `#[warn(unused)]`) on by default

warning: suspicious definition of the runtime `memcmp` symbol used by the standard library
  --> transform/src/../../guest_runtime.rs:60:1
   |
60 | unsafe extern "C" fn memcmp(left: *const u8, right: *const u8, length: usize) -> i32 {
   | ^^^^^^^^^^^^^^^^^^^^^^^^^^^^^^^^^^^^^^^^^^^^^^^^^^^^^^^^^^^^^^^^^^^^^^^^^^^^^^^^^^^^
   |
   = note: expected `unsafe extern "C" fn(*const c_void, *const c_void, usize) -> i32`
           found    `unsafe extern "C" fn(*const u8, *const u8, usize) -> i32`
   = help: either fix the signature or remove any attributes like `#[unsafe(no_mangle)]`, `#[unsafe(export_name = "memcmp")]`, or `#[link_name = "memcmp"]`
   = help: allow this lint if the signature is compatible
   = note: `#[warn(suspicious_runtime_symbol_definitions)]` on by default

warning: suspicious definition of the runtime `memcmp` symbol used by the standard library
  --> label-render/src/../../guest_runtime.rs:60:1
   |
60 | unsafe extern "C" fn memcmp(left: *const u8, right: *const u8, length: usize) -> i32 {
   | ^^^^^^^^^^^^^^^^^^^^^^^^^^^^^^^^^^^^^^^^^^^^^^^^^^^^^^^^^^^^^^^^^^^^^^^^^^^^^^^^^^^^
   |
   = note: expected `unsafe extern "C" fn(*const c_void, *const c_void, usize) -> i32`
           found    `unsafe extern "C" fn(*const u8, *const u8, usize) -> i32`
   = help: either fix the signature or remove any attributes like `#[unsafe(no_mangle)]`, `#[unsafe(export_name = "memcmp")]`, or `#[link_name = "memcmp"]`
   = help: allow this lint if the signature is compatible
   = note: `#[warn(suspicious_runtime_symbol_definitions)]` on by default

warning: suspicious definition of the runtime `memcmp` symbol used by the standard library
  --> http-request/src/../../guest_runtime.rs:60:1
   |
60 | unsafe extern "C" fn memcmp(left: *const u8, right: *const u8, length: usize) -> i32 {
   | ^^^^^^^^^^^^^^^^^^^^^^^^^^^^^^^^^^^^^^^^^^^^^^^^^^^^^^^^^^^^^^^^^^^^^^^^^^^^^^^^^^^^
   |
   = note: expected `unsafe extern "C" fn(*const c_void, *const c_void, usize) -> i32`
           found    `unsafe extern "C" fn(*const u8, *const u8, usize) -> i32`
   = help: either fix the signature or remove any attributes like `#[unsafe(no_mangle)]`, `#[unsafe(export_name = "memcmp")]`, or `#[link_name = "memcmp"]`
   = help: allow this lint if the signature is compatible
   = note: `#[warn(suspicious_runtime_symbol_definitions)]` on by default

warning: `transform` (lib) generated 1 warning
warning: `label-render` (lib) generated 2 warnings (run `cargo fix --lib -p label-render` to apply 1 suggestion)
warning: `http-request` (lib) generated 1 warning
    Finished `release` profile [optimized] target(s) in 13.55s
build-components: m1 normalizes 4 declared artifacts with profile std-empty-environment
   Compiling proc-macro2 v1.0.107
   Compiling unicode-ident v1.0.24
   Compiling quote v1.0.47
   Compiling serde_core v1.0.229
   Compiling foldhash v0.2.0
   Compiling stable_deref_trait v1.2.1
   Compiling equivalent v1.0.2
   Compiling bitflags v2.13.1
   Compiling serde v1.0.229
   Compiling litemap v0.8.3
   Compiling anyhow v1.0.104
   Compiling writeable v0.6.4
   Compiling leb128fmt v0.1.0
   Compiling utf8_iter v1.0.4
   Compiling syn v3.0.4
   Compiling syn v2.0.119
   Compiling icu_normalizer_data v2.3.0
   Compiling zmij v1.0.23
   Compiling icu_properties_data v2.3.0
   Compiling serde_json v1.0.151
   Compiling smallvec v1.15.2
   Compiling hashbrown v0.17.1
   Compiling semver v1.0.28
   Compiling memchr v2.8.3
   Compiling synstructure v0.13.2
   Compiling indexmap v2.14.0
   Compiling itoa v1.0.18
   Compiling id-arena v2.3.0
   Compiling rustix v1.1.4
   Compiling zerofrom-derive v0.1.7
   Compiling yoke-derive v0.8.2
   Compiling crc32fast v1.5.1
   Compiling wasmparser v0.252.0
   Compiling zerofrom v0.1.8
   Compiling percent-encoding v2.3.2
   Compiling yoke v0.8.3
   Compiling simd-adler32 v0.3.10
   Compiling adler2 v2.0.1
   Compiling log v0.4.34
   Compiling linux-raw-sys v0.12.1
   Compiling heck v0.5.0
   Compiling utf8parse v0.2.2
   Compiling cfg-if v1.0.4
   Compiling anstyle-parse v1.0.0
   Compiling miniz_oxide v0.8.9
   Compiling serde_derive v1.0.229
   Compiling zerovec-derive v0.11.6
   Compiling displaydoc v0.2.7
   Compiling zerotrie v0.2.5
   Compiling form_urlencoded v1.2.2
   Compiling zerovec v0.11.8
   Compiling wasm-encoder v0.247.0
   Compiling tinystr v0.8.4
   Compiling icu_locale_core v2.3.0
   Compiling potential_utf v0.1.6
   Compiling icu_collections v2.3.0
   Compiling icu_provider v2.3.1
   Compiling thiserror v1.0.69
   Compiling icu_properties v2.3.0
   Compiling icu_normalizer v2.3.0
   Compiling wasmparser v0.247.0
   Compiling anstyle v1.0.14
   Compiling anstyle-query v1.1.5
   Compiling topological-sort v0.2.2
   Compiling is_terminal_polyfill v1.70.2
   Compiling colorchoice v1.0.5
   Compiling idna_adapter v1.2.2
   Compiling idna v1.1.0
   Compiling wasm-encoder v0.252.0
   Compiling url v2.5.8
   Compiling anstream v1.0.0
   Compiling auditable-serde v0.9.0
   Compiling toml_datetime v0.6.11
   Compiling serde_spanned v0.6.9
   Compiling terminal_size v0.4.4
   Compiling flate2 v1.1.9
   Compiling thiserror-impl v1.0.69
   Compiling hashbrown v0.16.1
   Compiling spdx v0.13.5
   Compiling fixedbitset v0.4.2
   Compiling strsim v0.11.1
   Compiling clap_lex v1.1.0
   Compiling fallible-iterator v0.3.0
   Compiling winnow v0.7.15
   Compiling clap_builder v4.6.6
   Compiling gimli v0.32.3
   Compiling toml_edit v0.22.27
   Compiling wac-types v0.10.1
   Compiling wasm-metadata v0.247.0
   Compiling petgraph v0.6.5
   Compiling wasmparser v0.245.1
   Compiling wasm-metadata v0.252.0
   Compiling wit-parser v0.252.0
   Compiling clap_derive v4.6.4
   Compiling walrus-macro v0.26.0
   Compiling wasm-encoder v0.245.1
   Compiling leb128 v0.2.7
   Compiling clap v4.6.6
   Compiling wac-graph v0.10.1
   Compiling wit-component v0.252.0
   Compiling toml v0.8.23
   Compiling walrus v0.26.5
   Compiling wasi-virt v0.2.0 (https://github.com/bytecodealliance/WASI-Virt.git?rev=448f6df8f688cee5d6995e96b1ffc31f9bf00742#448f6df8)
   Compiling wamn-component-virtualizer v0.1.0 (/home/kaalin/.cache/wamn-lanes/wasmcloud-2-8-baseline-20260909/crates/platform/component-virtualizer)
    Finished `dev` profile [unoptimized + debuginfo] target(s) in 33.29s
     Running `target/debug/wamn-component-virtualizer --input /home/kaalin/.cache/wamn-lanes/wasmcloud-2-8-baseline-20260909/target/wasm32-wasip2/release/blob_put.wasm --output /home/kaalin/.cache/wamn-lanes/wasmcloud-2-8-baseline-20260909/target/virtualized/std-empty-environment/blob_put.wasm.partial.3277176`
wasi-virt-source-rev=448f6df8f688cee5d6995e96b1ffc31f9bf00742 wasi-virt-adapter-sha256=sha256:28eff8a2255812b440fbad2784a5a87660321e667331c17fb9a95f29caa85632
build-components: normalized blob-put -> /home/kaalin/.cache/wamn-lanes/wasmcloud-2-8-baseline-20260909/target/virtualized/std-empty-environment/blob_put.wasm
    Finished `dev` profile [unoptimized + debuginfo] target(s) in 0.25s
     Running `target/debug/wamn-component-virtualizer --input /home/kaalin/.cache/wamn-lanes/wasmcloud-2-8-baseline-20260909/target/wasm32-wasip2/release/client_acme_receiving.wasm --output /home/kaalin/.cache/wamn-lanes/wasmcloud-2-8-baseline-20260909/target/virtualized/std-empty-environment/client_acme_receiving.wasm.partial.3277176`
wasi-virt-source-rev=448f6df8f688cee5d6995e96b1ffc31f9bf00742 wasi-virt-adapter-sha256=sha256:28eff8a2255812b440fbad2784a5a87660321e667331c17fb9a95f29caa85632
build-components: normalized client-acme-receiving -> /home/kaalin/.cache/wamn-lanes/wasmcloud-2-8-baseline-20260909/target/virtualized/std-empty-environment/client_acme_receiving.wasm
    Finished `dev` profile [unoptimized + debuginfo] target(s) in 0.22s
     Running `target/debug/wamn-component-virtualizer --input /home/kaalin/.cache/wamn-lanes/wasmcloud-2-8-baseline-20260909/target/wasm32-wasip2/release/receiving.wasm --output /home/kaalin/.cache/wamn-lanes/wasmcloud-2-8-baseline-20260909/target/virtualized/std-empty-environment/receiving.wasm.partial.3277176`
wasi-virt-source-rev=448f6df8f688cee5d6995e96b1ffc31f9bf00742 wasi-virt-adapter-sha256=sha256:28eff8a2255812b440fbad2784a5a87660321e667331c17fb9a95f29caa85632
build-components: normalized receiving -> /home/kaalin/.cache/wamn-lanes/wasmcloud-2-8-baseline-20260909/target/virtualized/std-empty-environment/receiving.wasm
    Finished `dev` profile [unoptimized + debuginfo] target(s) in 0.21s
     Running `target/debug/wamn-component-virtualizer --input /home/kaalin/.cache/wamn-lanes/wasmcloud-2-8-baseline-20260909/target/wasm32-wasip2/release/wms.wasm --output /home/kaalin/.cache/wamn-lanes/wasmcloud-2-8-baseline-20260909/target/virtualized/std-empty-environment/wms.wasm.partial.3277176`
wasi-virt-source-rev=448f6df8f688cee5d6995e96b1ffc31f9bf00742 wasi-virt-adapter-sha256=sha256:28eff8a2255812b440fbad2784a5a87660321e667331c17fb9a95f29caa85632
build-components: normalized wms -> /home/kaalin/.cache/wamn-lanes/wasmcloud-2-8-baseline-20260909/target/virtualized/std-empty-environment/wms.wasm
