build-components: m1 selects 9 component packages across 2 workspaces
warning: field `adjusted_quantity` is never read
  --> /wamn/components/data/wms-data/../../../packages/wms/generated/wamn/inventory_adjust.rs:12:9
   |
11 | pub(crate) struct FinalizeCommandRow {
   |                   ------------------ field in this struct
12 |     pub adjusted_quantity: Option<wamn_postgres_statements::Numeric>,
   |         ^^^^^^^^^^^^^^^^^
   |
   = note: `FinalizeCommandRow` has a derived impl for the trait `Debug`, but this is intentionally ignored during dead code analysis
   = note: `#[warn(dead_code)]` (part of `#[warn(unused)]`) on by default

warning: field `id` is never read
  --> /wamn/components/data/wms-data/../../../packages/wms/generated/wamn/inventory_adjust.rs:27:9
   |
26 | pub(crate) struct InsertMovementRow {
   |                   ----------------- field in this struct
27 |     pub id: wamn_postgres_statements::Uuid,
   |         ^^
   |
   = note: `InsertMovementRow` has a derived impl for the trait `Debug`, but this is intentionally ignored during dead code analysis

warning: field `location_id` is never read
  --> /wamn/components/data/wms-data/../../../packages/wms/generated/wamn/inventory_adjust.rs:32:9
   |
31 | pub(crate) struct LockPalletRow {
   |                   ------------- field in this struct
32 |     pub location_id: wamn_postgres_statements::Uuid,
   |         ^^^^^^^^^^^
   |
   = note: `LockPalletRow` has a derived impl for the trait `Debug`, but this is intentionally ignored during dead code analysis

warning: field `id` is never read
  --> /wamn/components/data/wms-data/../../../packages/wms/generated/wamn/inventory_adjust.rs:39:9
   |
38 | pub(crate) struct SetQuantityRow {
   |                   -------------- field in this struct
39 |     pub id: wamn_postgres_statements::Uuid,
   |         ^^
   |
   = note: `SetQuantityRow` has a derived impl for the trait `Debug`, but this is intentionally ignored during dead code analysis

warning: fields `id` and `quantity` are never read
 --> /wamn/components/data/wms-data/../../../packages/wms/generated/wamn/inventory_merge.rs:7:9
  |
6 | pub(crate) struct AddToTargetRow {
  |                   -------------- fields in this struct
7 |     pub id: wamn_postgres_statements::Uuid,
  |         ^^
8 |     pub quantity: wamn_postgres_statements::Numeric,
  |         ^^^^^^^^
  |
  = note: `AddToTargetRow` has a derived impl for the trait `Debug`, but this is intentionally ignored during dead code analysis

warning: field `row_version` is never read
  --> /wamn/components/data/wms-data/../../../packages/wms/generated/wamn/inventory_merge.rs:18:9
   |
17 | pub(crate) struct ConsumeSourceRow {
   |                   ---------------- field in this struct
18 |     pub row_version: i64,
   |         ^^^^^^^^^^^
   |
   = note: `ConsumeSourceRow` has a derived impl for the trait `Debug`, but this is intentionally ignored during dead code analysis

warning: field `id` is never read
  --> /wamn/components/data/wms-data/../../../packages/wms/generated/wamn/inventory_merge.rs:37:9
   |
36 | pub(crate) struct InsertMovementRow {
   |                   ----------------- field in this struct
37 |     pub id: wamn_postgres_statements::Uuid,
   |         ^^
   |
   = note: `InsertMovementRow` has a derived impl for the trait `Debug`, but this is intentionally ignored during dead code analysis

warning: field `location_id` is never read
  --> /wamn/components/data/wms-data/../../../packages/wms/generated/wamn/inventory_merge.rs:43:9
   |
41 | pub(crate) struct LockBothPalletsRow {
   |                   ------------------ field in this struct
42 |     pub id: wamn_postgres_statements::Uuid,
43 |     pub location_id: wamn_postgres_statements::Uuid,
   |         ^^^^^^^^^^^
   |
   = note: `LockBothPalletsRow` has a derived impl for the trait `Debug`, but this is intentionally ignored during dead code analysis

warning: fields `id` and `quantity` are never read
  --> /wamn/components/data/wms-data/../../../packages/wms/generated/wamn/inventory_merge.rs:50:9
   |
49 | pub(crate) struct PlaceOnTargetRow {
   |                   ---------------- fields in this struct
50 |     pub id: wamn_postgres_statements::Uuid,
   |         ^^
51 |     pub quantity: wamn_postgres_statements::Numeric,
   |         ^^^^^^^^
   |
   = note: `PlaceOnTargetRow` has a derived impl for the trait `Debug`, but this is intentionally ignored during dead code analysis

warning: field `pallet_status` is never read
  --> /wamn/components/data/wms-data/../../../packages/wms/generated/wamn/inventory_move.rs:12:9
   |
11 | pub(crate) struct FinalizeCommandRow {
   |                   ------------------ field in this struct
12 |     pub pallet_status: Option<String>,
   |         ^^^^^^^^^^^^^
   |
   = note: `FinalizeCommandRow` has a derived impl for the trait `Debug`, but this is intentionally ignored during dead code analysis

warning: field `id` is never read
  --> /wamn/components/data/wms-data/../../../packages/wms/generated/wamn/inventory_move.rs:27:9
   |
26 | pub(crate) struct InsertMovementRow {
   |                   ----------------- field in this struct
27 |     pub id: wamn_postgres_statements::Uuid,
   |         ^^
   |
   = note: `InsertMovementRow` has a derived impl for the trait `Debug`, but this is intentionally ignored during dead code analysis

warning: field `status` is never read
  --> /wamn/components/data/wms-data/../../../packages/wms/generated/wamn/inventory_move.rs:34:9
   |
31 | pub(crate) struct LockPalletRow {
   |                   ------------- field in this struct
...
34 |     pub status: String,
   |         ^^^^^^
   |
   = note: `LockPalletRow` has a derived impl for the trait `Debug`, but this is intentionally ignored during dead code analysis

warning: field `status` is never read
  --> /wamn/components/data/wms-data/../../../packages/wms/generated/wamn/inventory_move.rs:48:9
   |
45 | pub(crate) struct SelectPalletQuantityRow {
   |                   ----------------------- field in this struct
...
48 |     pub status: String,
   |         ^^^^^^
   |
   = note: `SelectPalletQuantityRow` has a derived impl for the trait `Debug`, but this is intentionally ignored during dead code analysis

warning: field `id` is never read
  --> /wamn/components/data/wms-data/../../../packages/wms/generated/wamn/inventory_move.rs:53:9
   |
52 | pub(crate) struct ValidateLocationRow {
   |                   ------------------- field in this struct
53 |     pub id: wamn_postgres_statements::Uuid,
   |         ^^
   |
   = note: `ValidateLocationRow` has a derived impl for the trait `Debug`, but this is intentionally ignored during dead code analysis

warning: fields `id`, `row_version`, and `status` are never read
  --> /wamn/components/data/wms-data/../../../packages/wms/generated/wamn/inventory_split.rs:13:9
   |
12 | pub(crate) struct CreatePalletRow {
   |                   --------------- fields in this struct
13 |     pub id: wamn_postgres_statements::Uuid,
   |         ^^
14 |     pub row_version: i64,
   |         ^^^^^^^^^^^
15 |     pub status: String,
   |         ^^^^^^
   |
   = note: `CreatePalletRow` has a derived impl for the trait `Debug`, but this is intentionally ignored during dead code analysis

warning: field `id` is never read
  --> /wamn/components/data/wms-data/../../../packages/wms/generated/wamn/inventory_split.rs:34:9
   |
33 | pub(crate) struct InsertMovementRow {
   |                   ----------------- field in this struct
34 |     pub id: wamn_postgres_statements::Uuid,
   |         ^^
   |
   = note: `InsertMovementRow` has a derived impl for the trait `Debug`, but this is intentionally ignored during dead code analysis

warning: field `location_id` is never read
  --> /wamn/components/data/wms-data/../../../packages/wms/generated/wamn/inventory_split.rs:39:9
   |
38 | pub(crate) struct LockPalletRow {
   |                   ------------- field in this struct
39 |     pub location_id: wamn_postgres_statements::Uuid,
   |         ^^^^^^^^^^^
   |
   = note: `LockPalletRow` has a derived impl for the trait `Debug`, but this is intentionally ignored during dead code analysis

warning: fields `id` and `quantity` are never read
  --> /wamn/components/data/wms-data/../../../packages/wms/generated/wamn/inventory_split.rs:46:9
   |
45 | pub(crate) struct PlaceQuantityRow {
   |                   ---------------- fields in this struct
46 |     pub id: wamn_postgres_statements::Uuid,
   |         ^^
47 |     pub quantity: wamn_postgres_statements::Numeric,
   |         ^^^^^^^^
   |
   = note: `PlaceQuantityRow` has a derived impl for the trait `Debug`, but this is intentionally ignored during dead code analysis

warning: fields `id` and `quantity` are never read
  --> /wamn/components/data/wms-data/../../../packages/wms/generated/wamn/inventory_split.rs:57:9
   |
56 | pub(crate) struct TakeFromSourceRow {
   |                   ----------------- fields in this struct
57 |     pub id: wamn_postgres_statements::Uuid,
   |         ^^
58 |     pub quantity: wamn_postgres_statements::Numeric,
   |         ^^^^^^^^
   |
   = note: `TakeFromSourceRow` has a derived impl for the trait `Debug`, but this is intentionally ignored during dead code analysis

warning: field `id` is never read
  --> /wamn/components/data/wms-data/../../../packages/wms/generated/wamn/inventory_split.rs:69:9
   |
68 | pub(crate) struct ValidateLocationRow {
   |                   ------------------- field in this struct
69 |     pub id: wamn_postgres_statements::Uuid,
   |         ^^
   |
   = note: `ValidateLocationRow` has a derived impl for the trait `Debug`, but this is intentionally ignored during dead code analysis

warning: constant `REFUSALS` is never used
  --> data/wms-data/src/inventory_adjust.rs:28:18
   |
28 | pub(crate) const REFUSALS: &[AccessErrorKind] = &[
   |                  ^^^^^^^^

warning: constant `REFUSALS` is never used
  --> data/wms-data/src/inventory_aggregate.rs:14:18
   |
14 | pub(crate) const REFUSALS: &[AccessErrorKind] = &[
   |                  ^^^^^^^^

warning: constant `REFUSALS` is never used
  --> data/wms-data/src/inventory_merge.rs:30:18
   |
30 | pub(crate) const REFUSALS: &[AccessErrorKind] = &[
   |                  ^^^^^^^^

warning: constant `REFUSALS` is never used
  --> data/wms-data/src/inventory_move.rs:33:18
   |
33 | pub(crate) const REFUSALS: &[AccessErrorKind] = &[
   |                  ^^^^^^^^

warning: constant `REFUSALS` is never used
  --> data/wms-data/src/inventory_split.rs:29:18
   |
29 | pub(crate) const REFUSALS: &[AccessErrorKind] = &[
   |                  ^^^^^^^^

warning: constant `GET_REFUSALS` is never used
  --> data/wms-data/src/pallet.rs:16:18
   |
16 | pub(crate) const GET_REFUSALS: &[AccessErrorKind] = &[
   |                  ^^^^^^^^^^^^

warning: constant `QUERY_REFUSALS` is never used
  --> data/wms-data/src/pallet.rs:25:18
   |
25 | pub(crate) const QUERY_REFUSALS: &[AccessErrorKind] = &[
   |                  ^^^^^^^^^^^^^^

warning: `wamn-wms-data-access` (lib) generated 27 warnings
    Finished `release` profile [optimized] target(s) in 0.12s
warning: suspicious definition of the runtime `memcmp` symbol used by the standard library
  --> http-request/src/../../guest_runtime.rs:60:1
   |
60 | unsafe extern "C" fn memcmp(left: *const u8, right: *const u8, length: usize) -> i32 {
   | ^^^^^^^^^^^^^^^^^^^^^^^^^^^^^^^^^^^^^^^^^^^^^^^^^^^^^^^^^^^^^^^^^^^^^^^^^^^^^^^^^^^^
   |
   = note: expected `unsafe extern "C" fn(*const c_void, *const c_void, usize) -> i32`
           found    `unsafe extern "C" fn(*const u8, *const u8, usize) -> i32`
   = help: either fix the signature or remove any attributes like `#[unsafe(no_mangle)]`, `#[unsafe(export_name = "memcmp")]`, or `#[link_name = "memcmp"]`
   = help: allow this lint if the signature is compatible
   = note: `#[warn(suspicious_runtime_symbol_definitions)]` on by default

warning: suspicious definition of the runtime `memcmp` symbol used by the standard library
  --> transform/src/../../guest_runtime.rs:60:1
   |
60 | unsafe extern "C" fn memcmp(left: *const u8, right: *const u8, length: usize) -> i32 {
   | ^^^^^^^^^^^^^^^^^^^^^^^^^^^^^^^^^^^^^^^^^^^^^^^^^^^^^^^^^^^^^^^^^^^^^^^^^^^^^^^^^^^^
   |
   = note: expected `unsafe extern "C" fn(*const c_void, *const c_void, usize) -> i32`
           found    `unsafe extern "C" fn(*const u8, *const u8, usize) -> i32`
   = help: either fix the signature or remove any attributes like `#[unsafe(no_mangle)]`, `#[unsafe(export_name = "memcmp")]`, or `#[link_name = "memcmp"]`
   = help: allow this lint if the signature is compatible
   = note: `#[warn(suspicious_runtime_symbol_definitions)]` on by default

warning: unused variable: `record`
  --> label-render/src/lib.rs:86:22
   |
86 |             let Some(record) = fields.as_object_mut() else {
   |                      ^^^^^^ help: if this is intentional, prefix it with an underscore: `_record`
   |
   = note: `#[warn(unused_variables)]` (part of `#[warn(unused)]`) on by default

warning: suspicious definition of the runtime `memcmp` symbol used by the standard library
  --> label-render/src/../../guest_runtime.rs:60:1
   |
60 | unsafe extern "C" fn memcmp(left: *const u8, right: *const u8, length: usize) -> i32 {
   | ^^^^^^^^^^^^^^^^^^^^^^^^^^^^^^^^^^^^^^^^^^^^^^^^^^^^^^^^^^^^^^^^^^^^^^^^^^^^^^^^^^^^
   |
   = note: expected `unsafe extern "C" fn(*const c_void, *const c_void, usize) -> i32`
           found    `unsafe extern "C" fn(*const u8, *const u8, usize) -> i32`
   = help: either fix the signature or remove any attributes like `#[unsafe(no_mangle)]`, `#[unsafe(export_name = "memcmp")]`, or `#[link_name = "memcmp"]`
   = help: allow this lint if the signature is compatible
   = note: `#[warn(suspicious_runtime_symbol_definitions)]` on by default

warning: `http-request` (lib) generated 1 warning
warning: `transform` (lib) generated 1 warning
warning: `label-render` (lib) generated 2 warnings (run `cargo fix --lib -p label-render` to apply 1 suggestion)
    Finished `release` profile [optimized] target(s) in 0.07s
build-components: m1 normalizes 4 declared artifacts with profile std-empty-environment
    Finished `dev` profile [unoptimized + debuginfo] target(s) in 0.21s
     Running `target/debug/wamn-component-virtualizer --input /home/kaalin/.cache/wamn-lanes/ctc8-15-3-host-sessions-20260908/target/wasm32-wasip2/release/blob_put.wasm --output /home/kaalin/.cache/wamn-lanes/ctc8-15-3-host-sessions-20260908/target/virtualized/std-empty-environment/blob_put.wasm.partial.1448402`
wasi-virt-source-rev=448f6df8f688cee5d6995e96b1ffc31f9bf00742 wasi-virt-adapter-sha256=sha256:28eff8a2255812b440fbad2784a5a87660321e667331c17fb9a95f29caa85632
build-components: normalized blob-put -> /home/kaalin/.cache/wamn-lanes/ctc8-15-3-host-sessions-20260908/target/virtualized/std-empty-environment/blob_put.wasm
    Finished `dev` profile [unoptimized + debuginfo] target(s) in 0.16s
     Running `target/debug/wamn-component-virtualizer --input /home/kaalin/.cache/wamn-lanes/ctc8-15-3-host-sessions-20260908/target/wasm32-wasip2/release/client_acme_receiving.wasm --output /home/kaalin/.cache/wamn-lanes/ctc8-15-3-host-sessions-20260908/target/virtualized/std-empty-environment/client_acme_receiving.wasm.partial.1448402`
wasi-virt-source-rev=448f6df8f688cee5d6995e96b1ffc31f9bf00742 wasi-virt-adapter-sha256=sha256:28eff8a2255812b440fbad2784a5a87660321e667331c17fb9a95f29caa85632
build-components: normalized client-acme-receiving -> /home/kaalin/.cache/wamn-lanes/ctc8-15-3-host-sessions-20260908/target/virtualized/std-empty-environment/client_acme_receiving.wasm
    Finished `dev` profile [unoptimized + debuginfo] target(s) in 0.19s
     Running `target/debug/wamn-component-virtualizer --input /home/kaalin/.cache/wamn-lanes/ctc8-15-3-host-sessions-20260908/target/wasm32-wasip2/release/receiving.wasm --output /home/kaalin/.cache/wamn-lanes/ctc8-15-3-host-sessions-20260908/target/virtualized/std-empty-environment/receiving.wasm.partial.1448402`
wasi-virt-source-rev=448f6df8f688cee5d6995e96b1ffc31f9bf00742 wasi-virt-adapter-sha256=sha256:28eff8a2255812b440fbad2784a5a87660321e667331c17fb9a95f29caa85632
build-components: normalized receiving -> /home/kaalin/.cache/wamn-lanes/ctc8-15-3-host-sessions-20260908/target/virtualized/std-empty-environment/receiving.wasm
    Finished `dev` profile [unoptimized + debuginfo] target(s) in 0.17s
     Running `target/debug/wamn-component-virtualizer --input /home/kaalin/.cache/wamn-lanes/ctc8-15-3-host-sessions-20260908/target/wasm32-wasip2/release/wms.wasm --output /home/kaalin/.cache/wamn-lanes/ctc8-15-3-host-sessions-20260908/target/virtualized/std-empty-environment/wms.wasm.partial.1448402`
wasi-virt-source-rev=448f6df8f688cee5d6995e96b1ffc31f9bf00742 wasi-virt-adapter-sha256=sha256:28eff8a2255812b440fbad2784a5a87660321e667331c17fb9a95f29caa85632
build-components: normalized wms -> /home/kaalin/.cache/wamn-lanes/ctc8-15-3-host-sessions-20260908/target/virtualized/std-empty-environment/wms.wasm
warning: function `canonical_serialized` is never used
   --> crates/catalog/model/src/lib.rs:792:4
    |
792 | fn canonical_serialized(value: &impl Serialize) -> Vec<u8> {
    |    ^^^^^^^^^^^^^^^^^^^^
    |
    = note: `#[warn(dead_code)]` (part of `#[warn(unused)]`) on by default

warning: `wamn-catalog` (lib) generated 1 warning
warning: the item `Future` is imported redundantly
 --> crates/platform/runtime/src/connection_authority.rs:3:5
  |
3 | use std::future::Future;
  |     ^^^^^^^^^^^^^^^^^^^
  |
 --> /rustc/88d9e12ae178fab0fb5cc050a94da85685d449ea/library/std/src/prelude/mod.rs:166:12
  |
  = note: the item `Future` is already defined here
  |
  = note: requested on the command line with `-W redundant-imports`

warning: the item `Future` is imported redundantly
 --> crates/platform/runtime/src/plugins/wamn_postgres/pool.rs:7:5
  |
7 | use std::future::Future;
  |     ^^^^^^^^^^^^^^^^^^^
  |
 --> /rustc/88d9e12ae178fab0fb5cc050a94da85685d449ea/library/std/src/prelude/mod.rs:166:12
  |
  = note: the item `Future` is already defined here

warning: constant `HTTP_CONTRACT` is never used
  --> crates/platform/runtime/src/plugins/connection_http.rs:51:7
   |
51 | const HTTP_CONTRACT: &str = "wamn:connection/http@0.1.0";
   |       ^^^^^^^^^^^^^
   |
   = note: `#[warn(dead_code)]` (part of `#[warn(unused)]`) on by default

warning: type does not implement `std::fmt::Debug`; consider adding `#[derive(Debug)]` or a manual implementation
   --> crates/platform/runtime/src/plugins/connection_http.rs:111:1
    |
111 | / pub struct ConnectionHttp {
112 | |     postgres: Arc<WamnPostgres>,
113 | |     vault: Arc<WamnCredentials>,
114 | |     tenant: Box<str>,
...   |
130 | |     invocations: std::sync::RwLock<HashMap<String, ConnectionInvocation>>,
131 | | }
    | |_^
    |
    = note: requested on the command line with `-W missing-debug-implementations`

warning: type does not implement `std::fmt::Debug`; consider adding `#[derive(Debug)]` or a manual implementation
  --> crates/platform/runtime/src/plugins/wamn_credentials.rs:27:1
   |
27 | / pub struct WamnCredentials {
28 | |     /// Whether ANY backing source was configured. Distinguishes `unavailable`
29 | |     /// (no source — retryable) from `not-found` (source present, name absent —
30 | |     /// config-shaped).
...  |
33 | |     projects: HashMap<String, HashMap<String, String>>,
34 | | }
   | |_^

warning: type does not implement `std::fmt::Debug`; consider adding `#[derive(Debug)]` or a manual implementation
   --> crates/platform/runtime/src/plugins/wamn_jetstream.rs:544:1
    |
544 | / pub struct WamnJetstream {
545 | |     nats_url: Option<String>,
546 | |     /// Lazily-connected, memoized JetStream context. A `Mutex<Option<_>>` (not a
547 | |     /// `OnceCell`) so a transient connect failure is retried on the next call
...   |
569 | |     dlq_depth: Arc<DeadLetterDepth>,
570 | | }
    | |_^

warning: type does not implement `std::fmt::Debug`; consider adding `#[derive(Debug)]` or a manual implementation
    --> crates/platform/runtime/src/plugins/wamn_jetstream.rs:1209:1
     |
1209 | / pub struct JsConsumer {
1210 | |     consumer: Consumer<PullConfig>,
1211 | |     dead_letter: Option<DeadLetterIdentity>,
1212 | | }
     | |_^

warning: type does not implement `std::fmt::Debug`; consider adding `#[derive(Debug)]` or a manual implementation
    --> crates/platform/runtime/src/plugins/wamn_jetstream.rs:1216:1
     |
1216 | / pub struct JsMessage {
1217 | |     msg: async_nats::jetstream::Message,
1218 | |     dead_letter: Option<DeadLetterIdentity>,
1219 | | }
     | |_^

warning: type does not implement `std::fmt::Debug`; consider adding `#[derive(Debug)]` or a manual implementation
   --> crates/platform/runtime/src/plugins/wamn_logging.rs:213:1
    |
213 | / pub struct Capture {
214 | |     records: std::sync::Mutex<Vec<CapturedRec>>,
215 | | }
    | |_^

warning: type does not implement `std::fmt::Debug`; consider adding `#[derive(Debug)]` or a manual implementation
   --> crates/platform/runtime/src/plugins/wamn_logging.rs:235:1
    |
235 | / pub struct WamnLogging {
236 | |     /// component id → host-trusted {tenant, project}.
237 | |     claims: std::sync::RwLock<HashMap<String, Claim>>,
238 | |     /// Bounded front queue; `try_send` keeps `log()` non-blocking.
...   |
243 | |     _drain: tokio::task::JoinHandle<()>,
244 | | }
    | |_^

warning: type does not implement `std::fmt::Debug`; consider adding `#[derive(Debug)]` or a manual implementation
   --> crates/platform/runtime/src/plugins/wamn_postgres/claims.rs:55:1
    |
 55 | / pub struct WamnPostgres {
 56 | |     /// Resolves a project id → its database connection + policy.
 57 | |     provider: Arc<dyn CredentialProvider>,
 58 | |     /// Guest-visible project pools, built lazily and never shared with host-owned
...   |
121 | |     pub(super) bind_counters: super::BindCounters,
122 | | }
    | |_^

warning: type does not implement `std::fmt::Debug`; consider adding `#[derive(Debug)]` or a manual implementation
   --> crates/platform/runtime/src/plugins/wamn_postgres/pool.rs:339:1
    |
339 | / pub struct StaticCredentialProvider {
340 | |     projects: HashMap<String, ProjectConfig>,
341 | | }
    | |_^

warning: type does not implement `std::fmt::Debug`; consider adding `#[derive(Debug)]` or a manual implementation
   --> crates/platform/runtime/src/plugins/wamn_postgres/pool.rs:514:1
    |
514 | / pub struct K8sSecretProvider {
515 | |     pub namespace: String,
516 | | }
    | |_^

warning: type does not implement `std::fmt::Debug`; consider adding `#[derive(Debug)]` or a manual implementation
   --> crates/platform/runtime/src/plugins/wamn_postgres/resources.rs:99:1
    |
 99 | / pub struct PgTransaction {
100 | |     state: SharedTxnState,
101 | |     destroyed: Arc<AtomicU64>,
102 | |     cursor_seq: u32,
103 | |     /// Row limit of the project this transaction's connection belongs to.
104 | |     row_limit: u64,
105 | | }
    | |_^

warning: type does not implement `std::fmt::Debug`; consider adding `#[derive(Debug)]` or a manual implementation
   --> crates/platform/runtime/src/plugins/wamn_postgres/resources.rs:145:1
    |
145 | / pub struct PgCursor {
146 | |     state: SharedTxnState,
147 | |     destroyed: Arc<AtomicU64>,
148 | |     name: String,
149 | | }
    | |_^

warning: type does not implement `std::fmt::Debug`; consider adding `#[derive(Debug)]` or a manual implementation
   --> crates/platform/runtime/src/wiring_doorbell.rs:145:1
    |
145 | / pub struct WiringDoorbellListener {
146 | |     shutdown: tokio::sync::watch::Sender<bool>,
147 | |     task: tokio::task::JoinHandle<()>,
148 | | }
    | |_^

warning: `wamn-runtime` (lib) generated 16 warnings
warning: type does not implement `std::fmt::Debug`; consider adding `#[derive(Debug)]` or a manual implementation
   --> services/scenario-worker/src/authoring.rs:218:1
    |
218 | / pub struct InternalAuthoringBackend {
219 | |     authority: InternalDevAdmin,
220 | |     client: Client,
221 | |     connection_task: tokio::task::JoinHandle<()>,
222 | |     tenant_id: Box<str>,
223 | |     source_schema: BareSchemaName,
224 | | }
    | |_^
    |
    = note: requested on the command line with `-W missing-debug-implementations`

warning: type does not implement `std::fmt::Debug`; consider adding `#[derive(Debug)]` or a manual implementation
   --> services/scenario-worker/src/store/admission.rs:316:1
    |
316 | / pub struct AdmissionSurface {
317 | |     /// The explicit credential and exact server-side predicates are retained so
318 | |     /// every replacement physical connection is checked identically.
319 | |     probe: CredentialExactnessProbe,
...   |
322 | |     tenant_id: Box<str>,
323 | | }
    | |_^

warning: `wamn-scenario-worker` (lib) generated 2 warnings
warning: function `run_once_stages` is never used
   --> services/ctl/src/dev.rs:599:10
    |
599 | async fn run_once_stages<R>(
    |          ^^^^^^^^^^^^^^^
    |
    = note: `#[warn(dead_code)]` (part of `#[warn(unused)]`) on by default

warning: function `verify_source_package_with_client` is never used
    --> services/ctl/src/push_component.rs:1275:10
     |
1275 | async fn verify_source_package_with_client(
     |          ^^^^^^^^^^^^^^^^^^^^^^^^^^^^^^^^^

warning: `wamn-ctl` (lib) generated 2 warnings
    Finished `dev` profile [unoptimized + debuginfo] target(s) in 0.30s
#0 building with "default" instance using docker driver

#1 [internal] load build definition from Dockerfile
#1 transferring dockerfile: 18.95kB done
#1 DONE 0.0s

#2 [internal] load metadata for docker.io/library/debian:trixie-slim
#2 DONE 0.0s

#3 [internal] load metadata for docker.io/library/rust:1.98-trixie
#3 DONE 0.0s

#4 [internal] load .dockerignore
#4 transferring context: 245B done
#4 DONE 0.0s

#5 [host 1/3] FROM docker.io/library/debian:trixie-slim
#5 DONE 0.0s

#6 [chef 1/4] FROM docker.io/library/rust:1.98-trixie
#6 DONE 0.0s

#7 [internal] load build context
#7 transferring context: 57.99kB 0.0s done
#7 DONE 0.0s

#8 [root-planner 6/7] COPY tests ./tests
#8 CACHED

#9 [root-planner 1/7] COPY Cargo.toml Cargo.lock ./
#9 CACHED

#10 [chef 2/4] RUN apt-get update && apt-get install -y --no-install-recommends clang mold protobuf-compiler libprotobuf-dev git && rm -rf /var/lib/apt/lists/*
#10 CACHED

#11 [root-planner 3/7] COPY components ./components
#11 CACHED

#12 [root-planner 4/7] COPY services ./services
#12 CACHED

#13 [root-planner 2/7] COPY crates ./crates
#13 CACHED

#14 [root-source 2/2] COPY deploy ./deploy
#14 CACHED

#15 [root-recipe 3/3] COPY components ./components
#15 CACHED

#16 [root-recipe 2/3] COPY --from=root-planner /build/root-recipe.json ./root-recipe.json
#16 CACHED

#17 [chef 3/4] WORKDIR /build
#17 CACHED

#18 [cook-host 1/1] RUN --mount=type=cache,id=wamn-root-cargo-registry,target=/usr/local/cargo/registry,sharing=locked     --mount=type=cache,id=wamn-root-cargo-git,target=/usr/local/cargo/git,sharing=locked     --mount=type=cache,id=wamn-root-target,target=/build/target,sharing=locked     cargo chef cook --locked --release --recipe-path root-recipe.json -p wamn-host
#18 CACHED

#19 [build-host 1/2] COPY --from=root-source /build /build
#19 CACHED

#20 [root-source 1/2] COPY .cargo/config.toml ./.cargo/config.toml
#20 CACHED

#21 [host 2/3] RUN apt-get update && apt-get install -y --no-install-recommends ca-certificates && rm -rf /var/lib/apt/lists/*
#21 CACHED

#22 [chef 4/4] RUN --mount=type=cache,id=wamn-chef-cargo-registry,target=/usr/local/cargo/registry,sharing=locked     --mount=type=cache,id=wamn-chef-cargo-git,target=/usr/local/cargo/git,sharing=locked     cargo install cargo-chef --version 0.1.77 --locked
#22 CACHED

#23 [root-recipe 1/3] COPY .cargo/config.toml ./.cargo/config.toml
#23 CACHED

#24 [root-planner 7/7] RUN cargo chef prepare --recipe-path root-recipe.json
#24 CACHED

#25 [build-host 2/2] RUN --mount=type=cache,id=wamn-root-cargo-registry,target=/usr/local/cargo/registry,sharing=locked     --mount=type=cache,id=wamn-root-cargo-git,target=/usr/local/cargo/git,sharing=locked     --mount=type=cache,id=wamn-root-target,target=/build/target,sharing=locked     cargo build --locked --release -p wamn-host  && install -D -m 0755 target/release/wamn-host /native-output/wamn-host
#25 CACHED

#26 [root-planner 5/7] COPY test-support ./test-support
#26 CACHED

#27 [host 3/3] COPY --from=build-host /native-output/wamn-host /usr/local/bin/wamn-host
#27 CACHED

#28 exporting to image
#28 exporting layers done
#28 writing image sha256:50627618de9c1f42b99b240239c16804257da9fca75f7d325d61686b24992ed2 done
#28 naming to docker.io/library/wamn-host:receiving-90a02406dd26-1448271-release 0.0s done
#28 DONE 0.0s
#0 building with "default" instance using docker driver

#1 [internal] load build definition from Dockerfile
#1 transferring dockerfile: 18.95kB done
#1 DONE 0.0s

#2 [internal] load metadata for docker.io/library/debian:trixie-slim
#2 DONE 0.0s

#3 [internal] load metadata for docker.io/library/rust:1.98-trixie
#3 DONE 0.0s

#4 [internal] load .dockerignore
#4 transferring context: 245B done
#4 DONE 0.0s

#5 [host 1/3] FROM docker.io/library/debian:trixie-slim
#5 DONE 0.0s

#6 [chef 1/4] FROM docker.io/library/rust:1.98-trixie
#6 DONE 0.0s

#7 [internal] load build context
#7 transferring context: 57.99kB 0.0s done
#7 DONE 0.0s

#8 [gates  2/10] COPY --from=build-ctl /native-output/wamn-ctl /usr/local/bin/wamn-ctl
#8 CACHED

#9 [root-source 1/2] COPY .cargo/config.toml ./.cargo/config.toml
#9 CACHED

#10 [chef 2/4] RUN apt-get update && apt-get install -y --no-install-recommends clang mold protobuf-compiler libprotobuf-dev git && rm -rf /var/lib/apt/lists/*
#10 CACHED

#11 [chef 3/4] WORKDIR /build
#11 CACHED

#12 [chef 4/4] RUN --mount=type=cache,id=wamn-chef-cargo-registry,target=/usr/local/cargo/registry,sharing=locked     --mount=type=cache,id=wamn-chef-cargo-git,target=/usr/local/cargo/git,sharing=locked     cargo install cargo-chef --version 0.1.77 --locked
#12 CACHED

#13 [gates  6/10] COPY --from=component-builder /component-output/busyloop.wasm /bench/busyloop.wasm
#13 CACHED

#14 [root-recipe 2/3] COPY --from=root-planner /build/root-recipe.json ./root-recipe.json
#14 CACHED

#15 [cook-dispatcher 1/1] RUN --mount=type=cache,id=wamn-root-cargo-registry,target=/usr/local/cargo/registry,sharing=locked     --mount=type=cache,id=wamn-root-cargo-git,target=/usr/local/cargo/git,sharing=locked     --mount=type=cache,id=wamn-root-target,target=/build/target,sharing=locked     cargo chef cook --locked --release --recipe-path root-recipe.json -p wamn-dispatcher
#15 CACHED

#16 [build-dispatcher 1/2] COPY --from=root-source /build /build
#16 CACHED

#17 [component-toolchain 4/6] COPY crates /build/crates
#17 CACHED

#18 [component-toolchain 1/6] RUN rustup target add --toolchain 1.97.0 wasm32-wasip2
#18 CACHED

#19 [root-planner 7/7] RUN cargo chef prepare --recipe-path root-recipe.json
#19 CACHED

#20 [root-recipe 3/3] COPY components ./components
#20 CACHED

#21 [build-host 1/2] COPY --from=root-source /build /build
#21 CACHED

#22 [gates  1/10] COPY --from=build-gates /native-output/wamn-gates /usr/local/bin/wamn-gates
#22 CACHED

#23 [component-builder 1/1] RUN --mount=type=cache,id=wamn-component-cargo-registry,target=/usr/local/cargo/registry,sharing=locked     --mount=type=cache,id=wamn-component-cargo-git,target=/usr/local/cargo/git,sharing=locked     --mount=type=cache,id=wamn-component-target,target=/build/components/target,sharing=locked     cargo +1.97.0 build --locked --release --target wasm32-wasip2       -p http-route -p materializer       -p busyloop -p connection-http-standard -p sockprobe  && install -d /component-output  && for artifact in       http_route materializer       busyloop connection_http_standard sockprobe; do       install -m 0644 "target/wasm32-wasip2/release/${artifact}.wasm"         "/component-output/${artifact}.wasm";     done
#23 CACHED

#24 [gates  8/10] COPY --from=component-builder /component-output/http_route.wasm /bench/http-route.wasm
#24 CACHED

#25 [build-cdc-reader 1/2] COPY --from=root-source /build /build
#25 CACHED

#26 [gates  3/10] COPY --from=build-ctl /native-output/wamn-ctl-ops /usr/local/bin/wamn-ctl-ops
#26 CACHED

#27 [root-planner 5/7] COPY test-support ./test-support
#27 CACHED

#28 [cook-host 1/1] RUN --mount=type=cache,id=wamn-root-cargo-registry,target=/usr/local/cargo/registry,sharing=locked     --mount=type=cache,id=wamn-root-cargo-git,target=/usr/local/cargo/git,sharing=locked     --mount=type=cache,id=wamn-root-target,target=/build/target,sharing=locked     cargo chef cook --locked --release --recipe-path root-recipe.json -p wamn-host
#28 CACHED

#29 [build-gates 1/1] RUN --mount=type=cache,id=wamn-root-cargo-registry,target=/usr/local/cargo/registry,sharing=locked     --mount=type=cache,id=wamn-root-cargo-git,target=/usr/local/cargo/git,sharing=locked     --mount=type=cache,id=wamn-root-target,target=/build/target,sharing=locked     cargo build --locked --release -p wamn-gates  && install -D -m 0755 target/release/wamn-gates /native-output/wamn-gates
#29 CACHED

#30 [component-toolchain 5/6] COPY components /build/components
#30 CACHED

#31 [cook-cdc-reader 1/1] RUN --mount=type=cache,id=wamn-root-cargo-registry,target=/usr/local/cargo/registry,sharing=locked     --mount=type=cache,id=wamn-root-cargo-git,target=/usr/local/cargo/git,sharing=locked     --mount=type=cache,id=wamn-root-target,target=/build/target,sharing=locked     cargo chef cook --locked --release --recipe-path root-recipe.json -p wamn-cdc-reader
#31 CACHED

#32 [component-toolchain 2/6] COPY .cargo/config.toml /build/.cargo/config.toml
#32 CACHED

#33 [root-recipe 1/3] COPY .cargo/config.toml ./.cargo/config.toml
#33 CACHED

#34 [root-planner 2/7] COPY crates ./crates
#34 CACHED

#35 [build-dispatcher 2/2] RUN --mount=type=cache,id=wamn-root-cargo-registry,target=/usr/local/cargo/registry,sharing=locked     --mount=type=cache,id=wamn-root-cargo-git,target=/usr/local/cargo/git,sharing=locked     --mount=type=cache,id=wamn-root-target,target=/build/target,sharing=locked     cargo build --locked --release -p wamn-dispatcher  && install -D -m 0755 target/release/wamn-dispatcher /native-output/wamn-dispatcher
#35 CACHED

#36 [gates  5/10] COPY --from=build-dispatcher /native-output/wamn-dispatcher /usr/local/bin/wamn-dispatcher
#36 CACHED

#37 [root-planner 6/7] COPY tests ./tests
#37 CACHED

#38 [build-cdc-reader 2/2] RUN --mount=type=cache,id=wamn-root-cargo-registry,target=/usr/local/cargo/registry,sharing=locked     --mount=type=cache,id=wamn-root-cargo-git,target=/usr/local/cargo/git,sharing=locked     --mount=type=cache,id=wamn-root-target,target=/build/target,sharing=locked     cargo build --locked --release -p wamn-cdc-reader  && install -D -m 0755 target/release/wamn-cdc-reader /native-output/wamn-cdc-reader
#38 CACHED

#39 [root-planner 3/7] COPY components ./components
#39 CACHED

#40 [cook-ctl 1/1] RUN --mount=type=cache,id=wamn-root-cargo-registry,target=/usr/local/cargo/registry,sharing=locked     --mount=type=cache,id=wamn-root-cargo-git,target=/usr/local/cargo/git,sharing=locked     --mount=type=cache,id=wamn-root-target,target=/build/target,sharing=locked     cargo chef cook --locked --release --recipe-path root-recipe.json -p wamn-ctl
#40 CACHED

#41 [component-toolchain 3/6] COPY Cargo.toml /build/Cargo.toml
#41 CACHED

#42 [gates  7/10] COPY --from=component-builder /component-output/sockprobe.wasm /bench/sockprobe.wasm
#42 CACHED

#43 [component-toolchain 6/6] WORKDIR /build/components
#43 CACHED

#44 [host 3/3] COPY --from=build-host /native-output/wamn-host /usr/local/bin/wamn-host
#44 CACHED

#45 [build-ctl 1/2] COPY --from=root-source /build /build
#45 CACHED

#46 [gates  4/10] COPY --from=build-cdc-reader /native-output/wamn-cdc-reader /usr/local/bin/wamn-cdc-reader
#46 CACHED

#47 [root-planner 1/7] COPY Cargo.toml Cargo.lock ./
#47 CACHED

#48 [root-source 2/2] COPY deploy ./deploy
#48 CACHED

#49 [build-host 2/2] RUN --mount=type=cache,id=wamn-root-cargo-registry,target=/usr/local/cargo/registry,sharing=locked     --mount=type=cache,id=wamn-root-cargo-git,target=/usr/local/cargo/git,sharing=locked     --mount=type=cache,id=wamn-root-target,target=/build/target,sharing=locked     cargo build --locked --release -p wamn-host  && install -D -m 0755 target/release/wamn-host /native-output/wamn-host
#49 CACHED

#50 [gates  9/10] COPY --from=component-builder /component-output/materializer.wasm /bench/materializer.wasm
#50 CACHED

#51 [host 2/3] RUN apt-get update && apt-get install -y --no-install-recommends ca-certificates && rm -rf /var/lib/apt/lists/*
#51 CACHED

#52 [build-ctl 2/2] RUN --mount=type=cache,id=wamn-root-cargo-registry,target=/usr/local/cargo/registry,sharing=locked     --mount=type=cache,id=wamn-root-cargo-git,target=/usr/local/cargo/git,sharing=locked     --mount=type=cache,id=wamn-root-target,target=/build/target,sharing=locked     cargo build --locked --release -p wamn-ctl  && cargo build --locked --release -p wamn-ctl --features ops --bin wamn-ctl-ops  && install -D -m 0755 target/release/wamn-ctl /native-output/wamn-ctl  && install -D -m 0755 target/release/wamn-ctl-ops /native-output/wamn-ctl-ops
#52 CACHED

#53 [root-planner 4/7] COPY services ./services
#53 CACHED

#54 [gates 10/10] COPY --from=component-builder /component-output/connection_http_standard.wasm /bench/connection-http-standard.wasm
#54 CACHED

#55 exporting to image
#55 exporting layers done
#55 writing image sha256:19d21d93c1f8cae92f3adc957d070e4bf63dacc833494b5f6f39c7bdf976093a done
#55 naming to docker.io/library/wamn-gates:receiving-90a02406dd26-1448271-release 0.0s done
#55 DONE 0.0s
#0 building with "default" instance using docker driver

#1 [internal] load build definition from Dockerfile
#1 transferring dockerfile: 18.95kB done
#1 DONE 0.0s

#2 [internal] load metadata for docker.io/library/debian:trixie-slim
#2 DONE 0.0s

#3 [internal] load metadata for docker.io/library/rust:1.98-trixie
#3 DONE 0.0s

#4 [internal] load .dockerignore
#4 transferring context: 245B done
#4 DONE 0.0s

#5 [identity 1/3] FROM docker.io/library/debian:trixie-slim
#5 DONE 0.0s

#6 [chef 1/4] FROM docker.io/library/rust:1.98-trixie
#6 DONE 0.0s

#7 [internal] load build context
#7 transferring context: 57.99kB 0.0s done
#7 DONE 0.0s

#8 [root-planner 2/7] COPY crates ./crates
#8 CACHED

#9 [root-planner 1/7] COPY Cargo.toml Cargo.lock ./
#9 CACHED

#10 [cook-identity 1/1] RUN --mount=type=cache,id=wamn-root-cargo-registry,target=/usr/local/cargo/registry,sharing=locked     --mount=type=cache,id=wamn-root-cargo-git,target=/usr/local/cargo/git,sharing=locked     --mount=type=cache,id=wamn-root-target,target=/build/target,sharing=locked     cargo chef cook --locked --release --recipe-path root-recipe.json -p wamn-identity
#10 CACHED

#11 [chef 3/4] WORKDIR /build
#11 CACHED

#12 [root-planner 3/7] COPY components ./components
#12 CACHED

#13 [root-source 2/2] COPY deploy ./deploy
#13 CACHED

#14 [root-planner 5/7] COPY test-support ./test-support
#14 CACHED

#15 [chef 2/4] RUN apt-get update && apt-get install -y --no-install-recommends clang mold protobuf-compiler libprotobuf-dev git && rm -rf /var/lib/apt/lists/*
#15 CACHED

#16 [root-recipe 2/3] COPY --from=root-planner /build/root-recipe.json ./root-recipe.json
#16 CACHED

#17 [chef 4/4] RUN --mount=type=cache,id=wamn-chef-cargo-registry,target=/usr/local/cargo/registry,sharing=locked     --mount=type=cache,id=wamn-chef-cargo-git,target=/usr/local/cargo/git,sharing=locked     cargo install cargo-chef --version 0.1.77 --locked
#17 CACHED

#18 [root-recipe 3/3] COPY components ./components
#18 CACHED

#19 [root-planner 4/7] COPY services ./services
#19 CACHED

#20 [root-recipe 1/3] COPY .cargo/config.toml ./.cargo/config.toml
#20 CACHED

#21 [build-identity 2/2] RUN --mount=type=cache,id=wamn-root-cargo-registry,target=/usr/local/cargo/registry,sharing=locked     --mount=type=cache,id=wamn-root-cargo-git,target=/usr/local/cargo/git,sharing=locked     --mount=type=cache,id=wamn-root-target,target=/build/target,sharing=locked     cargo build --locked --release -p wamn-identity  && install -D -m 0755 target/release/wamn-identity /native-output/wamn-identity
#21 CACHED

#22 [identity 2/3] RUN apt-get update && apt-get install -y --no-install-recommends ca-certificates && rm -rf /var/lib/apt/lists/*
#22 CACHED

#23 [root-planner 7/7] RUN cargo chef prepare --recipe-path root-recipe.json
#23 CACHED

#24 [root-source 1/2] COPY .cargo/config.toml ./.cargo/config.toml
#24 CACHED

#25 [build-identity 1/2] COPY --from=root-source /build /build
#25 CACHED

#26 [root-planner 6/7] COPY tests ./tests
#26 CACHED

#27 [identity 3/3] COPY --from=build-identity /native-output/wamn-identity /usr/local/bin/wamn-identity
#27 CACHED

#28 exporting to image
#28 exporting layers done
#28 writing image sha256:ee5024c443256eb552b4b0ef32d4d73574ba39bf6fea03b455a1e1794e3f833a done
#28 naming to docker.io/library/wamn-identity:receiving-90a02406dd26-1448271-release 0.0s done
#28 DONE 0.0s
Creating cluster "wamn-receiving-journey" ...
 • Ensuring node image (kindest/node:v1.36.1) 🖼  ...
 ✓ Ensuring node image (kindest/node:v1.36.1) 🖼
 • Preparing nodes 📦 📦 📦   ...
 ✓ Preparing nodes 📦 📦 📦 
 • Writing configuration 📜  ...
 ✓ Writing configuration 📜
 • Starting control-plane 🕹️  ...
 ✓ Starting control-plane 🕹️
 • Installing CNI 🔌  ...
 ✓ Installing CNI 🔌
 • Installing StorageClass 💾  ...
 ✓ Installing StorageClass 💾
 • Joining worker nodes 🚜  ...
 ✓ Joining worker nodes 🚜
Set kubectl context to "kind-wamn-receiving-journey"
You can now use your cluster with:

kubectl cluster-info --context kind-wamn-receiving-journey --kubeconfig /tmp/tmp.I2AzHMuzmT/kubeconfig

Thanks for using kind! 😊
node/wamn-receiving-journey-control-plane condition met
node/wamn-receiving-journey-worker condition met
node/wamn-receiving-journey-worker2 condition met
namespace/wamn-receiving-journey created
Image: "wamn-host:receiving-90a02406dd26-1448271-release" with ID "sha256:50627618de9c1f42b99b240239c16804257da9fca75f7d325d61686b24992ed2" not yet present on node "wamn-receiving-journey-control-plane", loading...
Image: "wamn-host:receiving-90a02406dd26-1448271-release" with ID "sha256:50627618de9c1f42b99b240239c16804257da9fca75f7d325d61686b24992ed2" not yet present on node "wamn-receiving-journey-worker2", loading...
Image: "wamn-host:receiving-90a02406dd26-1448271-release" with ID "sha256:50627618de9c1f42b99b240239c16804257da9fca75f7d325d61686b24992ed2" not yet present on node "wamn-receiving-journey-worker", loading...
Image: "wamn-gates:receiving-90a02406dd26-1448271-release" with ID "sha256:19d21d93c1f8cae92f3adc957d070e4bf63dacc833494b5f6f39c7bdf976093a" not yet present on node "wamn-receiving-journey-control-plane", loading...
Image: "wamn-gates:receiving-90a02406dd26-1448271-release" with ID "sha256:19d21d93c1f8cae92f3adc957d070e4bf63dacc833494b5f6f39c7bdf976093a" not yet present on node "wamn-receiving-journey-worker2", loading...
Image: "wamn-gates:receiving-90a02406dd26-1448271-release" with ID "sha256:19d21d93c1f8cae92f3adc957d070e4bf63dacc833494b5f6f39c7bdf976093a" not yet present on node "wamn-receiving-journey-worker", loading...
Image: "wamn-identity:receiving-90a02406dd26-1448271-release" with ID "sha256:ee5024c443256eb552b4b0ef32d4d73574ba39bf6fea03b455a1e1794e3f833a" not yet present on node "wamn-receiving-journey-control-plane", loading...
Image: "wamn-identity:receiving-90a02406dd26-1448271-release" with ID "sha256:ee5024c443256eb552b4b0ef32d4d73574ba39bf6fea03b455a1e1794e3f833a" not yet present on node "wamn-receiving-journey-worker2", loading...
Image: "wamn-identity:receiving-90a02406dd26-1448271-release" with ID "sha256:ee5024c443256eb552b4b0ef32d4d73574ba39bf6fea03b455a1e1794e3f833a" not yet present on node "wamn-receiving-journey-worker", loading...
f9155badf4bb519407976238cfaa5c3a2a81ac8f95764112d47bfe1b470de50b
069bc78fdbcbc6e5c5cf9dd696e92d4cf26b18d7b08c994ebc773b2cb9d43c92
6b10612eb75956a55914d12ab8403d46eb80219e5bbfe39eaca43a93c76fbd17
warning: function `canonical_serialized` is never used
   --> crates/catalog/model/src/lib.rs:792:4
    |
792 | fn canonical_serialized(value: &impl Serialize) -> Vec<u8> {
    |    ^^^^^^^^^^^^^^^^^^^^
    |
    = note: `#[warn(dead_code)]` (part of `#[warn(unused)]`) on by default

warning: `wamn-catalog` (lib) generated 1 warning
warning: the item `Future` is imported redundantly
 --> crates/platform/runtime/src/connection_authority.rs:3:5
  |
3 | use std::future::Future;
  |     ^^^^^^^^^^^^^^^^^^^
  |
 --> /rustc/88d9e12ae178fab0fb5cc050a94da85685d449ea/library/std/src/prelude/mod.rs:166:12
  |
  = note: the item `Future` is already defined here
  |
  = note: requested on the command line with `-W redundant-imports`

warning: the item `Future` is imported redundantly
 --> crates/platform/runtime/src/plugins/wamn_postgres/pool.rs:7:5
  |
7 | use std::future::Future;
  |     ^^^^^^^^^^^^^^^^^^^
  |
 --> /rustc/88d9e12ae178fab0fb5cc050a94da85685d449ea/library/std/src/prelude/mod.rs:166:12
  |
  = note: the item `Future` is already defined here

warning: constant `HTTP_CONTRACT` is never used
  --> crates/platform/runtime/src/plugins/connection_http.rs:51:7
   |
51 | const HTTP_CONTRACT: &str = "wamn:connection/http@0.1.0";
   |       ^^^^^^^^^^^^^
   |
   = note: `#[warn(dead_code)]` (part of `#[warn(unused)]`) on by default

warning: type does not implement `std::fmt::Debug`; consider adding `#[derive(Debug)]` or a manual implementation
   --> crates/platform/runtime/src/plugins/connection_http.rs:111:1
    |
111 | / pub struct ConnectionHttp {
112 | |     postgres: Arc<WamnPostgres>,
113 | |     vault: Arc<WamnCredentials>,
114 | |     tenant: Box<str>,
...   |
130 | |     invocations: std::sync::RwLock<HashMap<String, ConnectionInvocation>>,
131 | | }
    | |_^
    |
    = note: requested on the command line with `-W missing-debug-implementations`

warning: type does not implement `std::fmt::Debug`; consider adding `#[derive(Debug)]` or a manual implementation
  --> crates/platform/runtime/src/plugins/wamn_credentials.rs:27:1
   |
27 | / pub struct WamnCredentials {
28 | |     /// Whether ANY backing source was configured. Distinguishes `unavailable`
29 | |     /// (no source — retryable) from `not-found` (source present, name absent —
30 | |     /// config-shaped).
...  |
33 | |     projects: HashMap<String, HashMap<String, String>>,
34 | | }
   | |_^

warning: type does not implement `std::fmt::Debug`; consider adding `#[derive(Debug)]` or a manual implementation
   --> crates/platform/runtime/src/plugins/wamn_jetstream.rs:544:1
    |
544 | / pub struct WamnJetstream {
545 | |     nats_url: Option<String>,
546 | |     /// Lazily-connected, memoized JetStream context. A `Mutex<Option<_>>` (not a
547 | |     /// `OnceCell`) so a transient connect failure is retried on the next call
...   |
569 | |     dlq_depth: Arc<DeadLetterDepth>,
570 | | }
    | |_^

warning: type does not implement `std::fmt::Debug`; consider adding `#[derive(Debug)]` or a manual implementation
    --> crates/platform/runtime/src/plugins/wamn_jetstream.rs:1209:1
     |
1209 | / pub struct JsConsumer {
1210 | |     consumer: Consumer<PullConfig>,
1211 | |     dead_letter: Option<DeadLetterIdentity>,
1212 | | }
     | |_^

warning: type does not implement `std::fmt::Debug`; consider adding `#[derive(Debug)]` or a manual implementation
    --> crates/platform/runtime/src/plugins/wamn_jetstream.rs:1216:1
     |
1216 | / pub struct JsMessage {
1217 | |     msg: async_nats::jetstream::Message,
1218 | |     dead_letter: Option<DeadLetterIdentity>,
1219 | | }
     | |_^

warning: type does not implement `std::fmt::Debug`; consider adding `#[derive(Debug)]` or a manual implementation
   --> crates/platform/runtime/src/plugins/wamn_logging.rs:213:1
    |
213 | / pub struct Capture {
214 | |     records: std::sync::Mutex<Vec<CapturedRec>>,
215 | | }
    | |_^

warning: type does not implement `std::fmt::Debug`; consider adding `#[derive(Debug)]` or a manual implementation
   --> crates/platform/runtime/src/plugins/wamn_logging.rs:235:1
    |
235 | / pub struct WamnLogging {
236 | |     /// component id → host-trusted {tenant, project}.
237 | |     claims: std::sync::RwLock<HashMap<String, Claim>>,
238 | |     /// Bounded front queue; `try_send` keeps `log()` non-blocking.
...   |
243 | |     _drain: tokio::task::JoinHandle<()>,
244 | | }
    | |_^

warning: type does not implement `std::fmt::Debug`; consider adding `#[derive(Debug)]` or a manual implementation
   --> crates/platform/runtime/src/plugins/wamn_postgres/claims.rs:55:1
    |
 55 | / pub struct WamnPostgres {
 56 | |     /// Resolves a project id → its database connection + policy.
 57 | |     provider: Arc<dyn CredentialProvider>,
 58 | |     /// Guest-visible project pools, built lazily and never shared with host-owned
...   |
121 | |     pub(super) bind_counters: super::BindCounters,
122 | | }
    | |_^

warning: type does not implement `std::fmt::Debug`; consider adding `#[derive(Debug)]` or a manual implementation
   --> crates/platform/runtime/src/plugins/wamn_postgres/pool.rs:339:1
    |
339 | / pub struct StaticCredentialProvider {
340 | |     projects: HashMap<String, ProjectConfig>,
341 | | }
    | |_^

warning: type does not implement `std::fmt::Debug`; consider adding `#[derive(Debug)]` or a manual implementation
   --> crates/platform/runtime/src/plugins/wamn_postgres/pool.rs:514:1
    |
514 | / pub struct K8sSecretProvider {
515 | |     pub namespace: String,
516 | | }
    | |_^

warning: type does not implement `std::fmt::Debug`; consider adding `#[derive(Debug)]` or a manual implementation
   --> crates/platform/runtime/src/plugins/wamn_postgres/resources.rs:99:1
    |
 99 | / pub struct PgTransaction {
100 | |     state: SharedTxnState,
101 | |     destroyed: Arc<AtomicU64>,
102 | |     cursor_seq: u32,
103 | |     /// Row limit of the project this transaction's connection belongs to.
104 | |     row_limit: u64,
105 | | }
    | |_^

warning: type does not implement `std::fmt::Debug`; consider adding `#[derive(Debug)]` or a manual implementation
   --> crates/platform/runtime/src/plugins/wamn_postgres/resources.rs:145:1
    |
145 | / pub struct PgCursor {
146 | |     state: SharedTxnState,
147 | |     destroyed: Arc<AtomicU64>,
148 | |     name: String,
149 | | }
    | |_^

warning: type does not implement `std::fmt::Debug`; consider adding `#[derive(Debug)]` or a manual implementation
   --> crates/platform/runtime/src/wiring_doorbell.rs:145:1
    |
145 | / pub struct WiringDoorbellListener {
146 | |     shutdown: tokio::sync::watch::Sender<bool>,
147 | |     task: tokio::task::JoinHandle<()>,
148 | | }
    | |_^

warning: `wamn-runtime` (lib) generated 16 warnings
warning: function `run_once_stages` is never used
   --> services/ctl/src/dev.rs:599:10
    |
599 | async fn run_once_stages<R>(
    |          ^^^^^^^^^^^^^^^
    |
    = note: `#[warn(dead_code)]` (part of `#[warn(unused)]`) on by default

warning: function `verify_source_package_with_client` is never used
    --> services/ctl/src/push_component.rs:1275:10
     |
1275 | async fn verify_source_package_with_client(
     |          ^^^^^^^^^^^^^^^^^^^^^^^^^^^^^^^^^

warning: type does not implement `std::fmt::Debug`; consider adding `#[derive(Debug)]` or a manual implementation
   --> services/scenario-worker/src/authoring.rs:218:1
    |
218 | / pub struct InternalAuthoringBackend {
219 | |     authority: InternalDevAdmin,
220 | |     client: Client,
221 | |     connection_task: tokio::task::JoinHandle<()>,
222 | |     tenant_id: Box<str>,
223 | |     source_schema: BareSchemaName,
224 | | }
    | |_^
    |
    = note: requested on the command line with `-W missing-debug-implementations`

warning: type does not implement `std::fmt::Debug`; consider adding `#[derive(Debug)]` or a manual implementation
   --> services/scenario-worker/src/store/admission.rs:316:1
    |
316 | / pub struct AdmissionSurface {
317 | |     /// The explicit credential and exact server-side predicates are retained so
318 | |     /// every replacement physical connection is checked identically.
319 | |     probe: CredentialExactnessProbe,
...   |
322 | |     tenant_id: Box<str>,
323 | | }
    | |_^

warning: type does not implement `std::fmt::Debug`; consider adding `#[derive(Debug)]` or a manual implementation
  --> test-support/harness/src/ceiling.rs:72:1
   |
72 | / pub struct Ramp {
73 | |     tolerance: f64,
74 | |     max_levels: usize,
75 | |     levels: Vec<LevelStats>,
...  |
82 | |     retrying: bool,
83 | | }
   | |_^
   |
   = note: requested on the command line with `-W missing-debug-implementations`

warning: `wamn-ctl` (lib) generated 2 warnings
warning: `wamn-scenario-worker` (lib) generated 2 warnings
warning: `wamn-gate-harness` (lib) generated 1 warning
warning: function `models` is never used
  --> tests/integration/src/measurement_schema.rs:25:8
   |
25 | pub fn models(schema: &str) -> Vec<ManagedModel> {
   |        ^^^^^^
   |
   = note: `#[warn(dead_code)]` (part of `#[warn(unused)]`) on by default

warning: type does not implement `std::fmt::Debug`; consider adding `#[derive(Debug)]` or a manual implementation
   --> tests/integration/src/trusted_http_route.rs:104:1
    |
104 | / pub struct TrustedHttpRoute {
105 | |     pub driver: Arc<RouterDriver>,
106 | |     /// The same welded release the driver authorizes. Callers that exercise a
107 | |     /// release-owned ingress plugin must share this exact weld rather than mint
...   |
115 | |     pub wiring_hash: String,
116 | | }
    | |_^
    |
    = note: requested on the command line with `-W missing-debug-implementations`

warning: `wamn-proof-integration` (lib test) generated 2 warnings
    Finished `test` profile [unoptimized + debuginfo] target(s) in 0.33s
     Running unittests src/lib.rs (target/debug/deps/wamn_proof_integration-4153981f243d3e62)

running 1 test
test route_authentication_live::production_two_package_release_serves_all_thirteen_pat_routes ... recorded org "acme" (template "trials") in registry.orgs + 2 env policy row(s) stamped insert-if-absent (wamn_system)
org "acme" (template "trials", pooled): placed on the shared pool "route-auth-pg18" (owns no clusters)
project-env acme/receiving/dev: database "wamn-db-acme--receiving--dev--78csxi9q" on cluster "route-auth-pg18" (owner wamn_db_owner)
wrote /tmp/route-authentication-live-1458022/database.json (Database CR (kubectl apply))
wrote /tmp/route-authentication-live-1458022/roles.sql (role SQL (psql the TARGET cluster BEFORE the Database CR))
wrote /tmp/route-authentication-live-1458022/privileges.sql (privilege SQL (psql the TARGET cluster AFTER the Database is ready))
wrote /tmp/route-authentication-live-1458022/database-secret.json (database credential Secret; kubectl apply)
recorded project "receiving" + project-env acme/receiving/dev in the registry (wamn_system)
environment namespace "wamn-acme--receiving--dev--78csxi9q" (instance suffix "78csxi9q")
wrote /tmp/route-authentication-live-1458022/management-author-pat.json (management-author PAT Secret; kubectl apply)
wrote /tmp/route-authentication-live-1458022/route-caller-pat.json (route-caller PAT Secret; kubectl apply)
applied wamn_receiving@1.0.0: 1 migration(s)
applied client_acme_receiving@3.0.0: 2 migration(s)
applied EnsureSchema: wamn_run
applied RepairHelperFunction: require_executor_platform_authority
applied RepairHelperFunction: require_management_admission_authority
applied RepairHelperFunction: pin_run_durability_class
applied RepairHelperFunction: guard_event_lineage_immutable
applied RepairHelperFunction: guard_run_admission_pins_immutable
applied RepairHelperFunction: guard_terminal_run_delete
applied RepairHelperFunction: reject_immutable_effect_fact_change
applied RepairHelperFunction: reject_immutable_operator_run_action_change
applied CreateTable: environment_policies
applied CreateTable: runs
applied CreateTable: effect_attempts
applied CreateTable: effect_attempt_dispatches
applied CreateTable: effect_attempt_outcomes
applied CreateTable: operator_run_actions
applied CreateTable: run_queue
applied RepairEffectWriterPrivilege: wamn_run.usage
applied RepairAuthoringPrivilege: wamn_run.usage
applied RepairDispatchReaderPrivilege: wamn_run.dispatch-reader-read-surface
  converged environment policy tenant="receiving-route-auth" environment="dev" durability_class=standard
prepared and authenticated app credential generation a for acme/receiving/dev; wrote /tmp/tmp.I2AzHMuzmT/host-secrets/guest-sql.json
prepared and authenticated executor-platform credential generation a for acme/receiving/dev; wrote /tmp/tmp.I2AzHMuzmT/host-secrets/executor-platform.json
prepared and authenticated event-materializer credential generation a for acme/receiving/dev; wrote /tmp/tmp.I2AzHMuzmT/host-secrets/event-materializer.json
prepared and authenticated http-admitter credential generation a for acme/receiving/dev; wrote /tmp/tmp.I2AzHMuzmT/host-secrets/http-admitter.json
prepared and authenticated identity-reader credential generation a for acme/receiving/dev; wrote /tmp/tmp.I2AzHMuzmT/host-secrets/identity-reader.json
prepared and authenticated control-author credential generation a for acme/receiving/dev; wrote /tmp/route-authentication-live-1458022/control-author.json
prepared and authenticated management-admitter credential generation a for acme/receiving/dev; wrote /tmp/route-authentication-live-1458022/management-admitter.json
projected sha256:0d03e48ca79b13b6fbdace12977a4ed1c91a7208d22d62fd242542f1b0695229 (source-project: already converged; control: changed)
sha256:0d03e48ca79b13b6fbdace12977a4ed1c91a7208d22d62fd242542f1b0695229
projected sha256:49f05bdc5ad9063ea219ece441076aa7601e2f299932fe5573f9a712b2f0383e (source-project: already converged; control: changed)
sha256:49f05bdc5ad9063ea219ece441076aa7601e2f299932fe5573f9a712b2f0383e
2026-09-09T02:49:16.632689Z  INFO control authoring credential accepted database="wamn_system" role="wamn_control_author_8af1646575ff2081d34e71ba59848f0734b2e1f8_a" generation="a"
2026-09-09T02:49:16.682243Z  INFO management admission credential accepted database="wamn-db-acme--receiving--dev--78csxi9q" role="wamn_mgmt_admitter_9c7fd8224b370ea56a9a531341c0ec93b2c5e895_a" generation="a"
2026-09-09T02:49:16.728392Z  INFO project admission database connection ready endpoint=postgresql://172.28.0.8:5432/wamn-db-acme--receiving--dev--78csxi9q attempt=1
2026-09-09T02:49:16.728466Z  INFO management authoring surface listening address=127.0.0.1:18089
sha256:506e8a5861568ef66f0d944006c9e0535ead4d5006413ed667bf966a116cd8f4
sha256:682009a5c03a16c1093d13cf449046a197cbafb163b5c4bbc1a0b5542464b8f7
sha256:13b2e3972739106d9b35588201c732d3fc7cdb9b2900dae135ea0bf699c431f3
sha256:a6e70070435b43837194f2f8386cf54c0742a5a8f9d5f885789499e009b1751d
sha256:4cc692f557f2ed5d4dddd1a446e263c1358b229cfa48c8530be76caa42828073
sha256:c2f685cc1ca3a3a083b3fec01e5b6d6ebf6a0045f4fb74067718215a675b14b2
sha256:c8ce4012c813225ce4cc05b48637fbcf134f567b2f868bb6935d710936bc8e00
sha256:03f035ffb64b1f8fc0a6b6f175e4d7910a30af99bc247bc655d351143f73a7be
sha256:c5d614478655eebefb81cbb907796c381efe1fea951480cc8ce68a33d0208a4a
sha256:25379650819aa4282b572ea497f64bf9ca78e5e28dc32a92cb3783164ce2787d
sha256:003fea6dc6ed14076bc69528c8230384490b7a035c5f98d582f025bb75c84792
sha256:400cd2538d296fb24910be7a244241d801b75ba26f75176cc783e401d631d340
sha256:3e8ab8e57d877e66f22b432d929b3d98c53d11edfc184cdb6616b7304225fb61
sha256:2d8ec8d81933ef57c75b1c4760850eb1f77f3200d1ba87f6afb7a80ea59c52e8
run plane already at the schema of record — no actions (7 tables at target)
sha256:2d4a2f6f9e95665fdf2b4dc7845cb0025ffe46fd1337b31c38504e6babd6d141
sha256:2d4a2f6f9e95665fdf2b4dc7845cb0025ffe46fd1337b31c38504e6babd6d141
RECEIVING_COLD_NESTED_PHASES wamn.component.pull=187ms wamn.component.compile=13597ms wamn.component.linker_setup=0ms wamn.component.link=4ms wamn.component.instantiate=2ms
applied wamn_receiving@1.0.0: 0 migration(s)
ok

test result: ok. 1 passed; 0 failed; 0 ignored; 0 measured; 64 filtered out; finished in 26.97s

warning: function `canonical_serialized` is never used
   --> crates/catalog/model/src/lib.rs:792:4
    |
792 | fn canonical_serialized(value: &impl Serialize) -> Vec<u8> {
    |    ^^^^^^^^^^^^^^^^^^^^
    |
    = note: `#[warn(dead_code)]` (part of `#[warn(unused)]`) on by default

warning: `wamn-catalog` (lib) generated 1 warning
warning: the item `Future` is imported redundantly
 --> crates/platform/runtime/src/connection_authority.rs:3:5
  |
3 | use std::future::Future;
  |     ^^^^^^^^^^^^^^^^^^^
  |
 --> /rustc/88d9e12ae178fab0fb5cc050a94da85685d449ea/library/std/src/prelude/mod.rs:166:12
  |
  = note: the item `Future` is already defined here
  |
  = note: requested on the command line with `-W redundant-imports`

warning: the item `Future` is imported redundantly
 --> crates/platform/runtime/src/plugins/wamn_postgres/pool.rs:7:5
  |
7 | use std::future::Future;
  |     ^^^^^^^^^^^^^^^^^^^
  |
 --> /rustc/88d9e12ae178fab0fb5cc050a94da85685d449ea/library/std/src/prelude/mod.rs:166:12
  |
  = note: the item `Future` is already defined here

warning: constant `HTTP_CONTRACT` is never used
  --> crates/platform/runtime/src/plugins/connection_http.rs:51:7
   |
51 | const HTTP_CONTRACT: &str = "wamn:connection/http@0.1.0";
   |       ^^^^^^^^^^^^^
   |
   = note: `#[warn(dead_code)]` (part of `#[warn(unused)]`) on by default

warning: type does not implement `std::fmt::Debug`; consider adding `#[derive(Debug)]` or a manual implementation
   --> crates/platform/runtime/src/plugins/connection_http.rs:111:1
    |
111 | / pub struct ConnectionHttp {
112 | |     postgres: Arc<WamnPostgres>,
113 | |     vault: Arc<WamnCredentials>,
114 | |     tenant: Box<str>,
...   |
130 | |     invocations: std::sync::RwLock<HashMap<String, ConnectionInvocation>>,
131 | | }
    | |_^
    |
    = note: requested on the command line with `-W missing-debug-implementations`

warning: type does not implement `std::fmt::Debug`; consider adding `#[derive(Debug)]` or a manual implementation
  --> crates/platform/runtime/src/plugins/wamn_credentials.rs:27:1
   |
27 | / pub struct WamnCredentials {
28 | |     /// Whether ANY backing source was configured. Distinguishes `unavailable`
29 | |     /// (no source — retryable) from `not-found` (source present, name absent —
30 | |     /// config-shaped).
...  |
33 | |     projects: HashMap<String, HashMap<String, String>>,
34 | | }
   | |_^

warning: type does not implement `std::fmt::Debug`; consider adding `#[derive(Debug)]` or a manual implementation
   --> crates/platform/runtime/src/plugins/wamn_jetstream.rs:544:1
    |
544 | / pub struct WamnJetstream {
545 | |     nats_url: Option<String>,
546 | |     /// Lazily-connected, memoized JetStream context. A `Mutex<Option<_>>` (not a
547 | |     /// `OnceCell`) so a transient connect failure is retried on the next call
...   |
569 | |     dlq_depth: Arc<DeadLetterDepth>,
570 | | }
    | |_^

warning: type does not implement `std::fmt::Debug`; consider adding `#[derive(Debug)]` or a manual implementation
    --> crates/platform/runtime/src/plugins/wamn_jetstream.rs:1209:1
     |
1209 | / pub struct JsConsumer {
1210 | |     consumer: Consumer<PullConfig>,
1211 | |     dead_letter: Option<DeadLetterIdentity>,
1212 | | }
     | |_^

warning: type does not implement `std::fmt::Debug`; consider adding `#[derive(Debug)]` or a manual implementation
    --> crates/platform/runtime/src/plugins/wamn_jetstream.rs:1216:1
     |
1216 | / pub struct JsMessage {
1217 | |     msg: async_nats::jetstream::Message,
1218 | |     dead_letter: Option<DeadLetterIdentity>,
1219 | | }
     | |_^

warning: type does not implement `std::fmt::Debug`; consider adding `#[derive(Debug)]` or a manual implementation
   --> crates/platform/runtime/src/plugins/wamn_logging.rs:213:1
    |
213 | / pub struct Capture {
214 | |     records: std::sync::Mutex<Vec<CapturedRec>>,
215 | | }
    | |_^

warning: type does not implement `std::fmt::Debug`; consider adding `#[derive(Debug)]` or a manual implementation
   --> crates/platform/runtime/src/plugins/wamn_logging.rs:235:1
    |
235 | / pub struct WamnLogging {
236 | |     /// component id → host-trusted {tenant, project}.
237 | |     claims: std::sync::RwLock<HashMap<String, Claim>>,
238 | |     /// Bounded front queue; `try_send` keeps `log()` non-blocking.
...   |
243 | |     _drain: tokio::task::JoinHandle<()>,
244 | | }
    | |_^

warning: type does not implement `std::fmt::Debug`; consider adding `#[derive(Debug)]` or a manual implementation
   --> crates/platform/runtime/src/plugins/wamn_postgres/claims.rs:55:1
    |
 55 | / pub struct WamnPostgres {
 56 | |     /// Resolves a project id → its database connection + policy.
 57 | |     provider: Arc<dyn CredentialProvider>,
 58 | |     /// Guest-visible project pools, built lazily and never shared with host-owned
...   |
121 | |     pub(super) bind_counters: super::BindCounters,
122 | | }
    | |_^

warning: type does not implement `std::fmt::Debug`; consider adding `#[derive(Debug)]` or a manual implementation
   --> crates/platform/runtime/src/plugins/wamn_postgres/pool.rs:339:1
    |
339 | / pub struct StaticCredentialProvider {
340 | |     projects: HashMap<String, ProjectConfig>,
341 | | }
    | |_^

warning: type does not implement `std::fmt::Debug`; consider adding `#[derive(Debug)]` or a manual implementation
   --> crates/platform/runtime/src/plugins/wamn_postgres/pool.rs:514:1
    |
514 | / pub struct K8sSecretProvider {
515 | |     pub namespace: String,
516 | | }
    | |_^

warning: type does not implement `std::fmt::Debug`; consider adding `#[derive(Debug)]` or a manual implementation
   --> crates/platform/runtime/src/plugins/wamn_postgres/resources.rs:99:1
    |
 99 | / pub struct PgTransaction {
100 | |     state: SharedTxnState,
101 | |     destroyed: Arc<AtomicU64>,
102 | |     cursor_seq: u32,
103 | |     /// Row limit of the project this transaction's connection belongs to.
104 | |     row_limit: u64,
105 | | }
    | |_^

warning: type does not implement `std::fmt::Debug`; consider adding `#[derive(Debug)]` or a manual implementation
   --> crates/platform/runtime/src/plugins/wamn_postgres/resources.rs:145:1
    |
145 | / pub struct PgCursor {
146 | |     state: SharedTxnState,
147 | |     destroyed: Arc<AtomicU64>,
148 | |     name: String,
149 | | }
    | |_^

warning: type does not implement `std::fmt::Debug`; consider adding `#[derive(Debug)]` or a manual implementation
   --> crates/platform/runtime/src/wiring_doorbell.rs:145:1
    |
145 | / pub struct WiringDoorbellListener {
146 | |     shutdown: tokio::sync::watch::Sender<bool>,
147 | |     task: tokio::task::JoinHandle<()>,
148 | | }
    | |_^

warning: `wamn-runtime` (lib) generated 16 warnings
warning: function `run_once_stages` is never used
   --> services/ctl/src/dev.rs:599:10
    |
599 | async fn run_once_stages<R>(
    |          ^^^^^^^^^^^^^^^
    |
    = note: `#[warn(dead_code)]` (part of `#[warn(unused)]`) on by default

warning: function `verify_source_package_with_client` is never used
    --> services/ctl/src/push_component.rs:1275:10
     |
1275 | async fn verify_source_package_with_client(
     |          ^^^^^^^^^^^^^^^^^^^^^^^^^^^^^^^^^

warning: type does not implement `std::fmt::Debug`; consider adding `#[derive(Debug)]` or a manual implementation
   --> services/scenario-worker/src/authoring.rs:218:1
    |
218 | / pub struct InternalAuthoringBackend {
219 | |     authority: InternalDevAdmin,
220 | |     client: Client,
221 | |     connection_task: tokio::task::JoinHandle<()>,
222 | |     tenant_id: Box<str>,
223 | |     source_schema: BareSchemaName,
224 | | }
    | |_^
    |
    = note: requested on the command line with `-W missing-debug-implementations`

warning: type does not implement `std::fmt::Debug`; consider adding `#[derive(Debug)]` or a manual implementation
   --> services/scenario-worker/src/store/admission.rs:316:1
    |
316 | / pub struct AdmissionSurface {
317 | |     /// The explicit credential and exact server-side predicates are retained so
318 | |     /// every replacement physical connection is checked identically.
319 | |     probe: CredentialExactnessProbe,
...   |
322 | |     tenant_id: Box<str>,
323 | | }
    | |_^

warning: type does not implement `std::fmt::Debug`; consider adding `#[derive(Debug)]` or a manual implementation
  --> test-support/harness/src/ceiling.rs:72:1
   |
72 | / pub struct Ramp {
73 | |     tolerance: f64,
74 | |     max_levels: usize,
75 | |     levels: Vec<LevelStats>,
...  |
82 | |     retrying: bool,
83 | | }
   | |_^
   |
   = note: requested on the command line with `-W missing-debug-implementations`

warning: `wamn-ctl` (lib) generated 2 warnings
warning: `wamn-scenario-worker` (lib) generated 2 warnings
warning: `wamn-gate-harness` (lib) generated 1 warning
warning: function `models` is never used
  --> tests/integration/src/measurement_schema.rs:25:8
   |
25 | pub fn models(schema: &str) -> Vec<ManagedModel> {
   |        ^^^^^^
   |
   = note: `#[warn(dead_code)]` (part of `#[warn(unused)]`) on by default

warning: type does not implement `std::fmt::Debug`; consider adding `#[derive(Debug)]` or a manual implementation
   --> tests/integration/src/trusted_http_route.rs:104:1
    |
104 | / pub struct TrustedHttpRoute {
105 | |     pub driver: Arc<RouterDriver>,
106 | |     /// The same welded release the driver authorizes. Callers that exercise a
107 | |     /// release-owned ingress plugin must share this exact weld rather than mint
...   |
115 | |     pub wiring_hash: String,
116 | | }
    | |_^
    |
    = note: requested on the command line with `-W missing-debug-implementations`

warning: `wamn-proof-integration` (lib test) generated 2 warnings
    Finished `test` profile [unoptimized + debuginfo] target(s) in 0.36s
     Running unittests src/lib.rs (target/debug/deps/wamn_proof_integration-4153981f243d3e62)

running 1 test
test route_authentication_live::production_receiving_session_host_fixture ... sha256:2f80318b589dd384adb36e595ce8318fa5e084f5d2263cc326dfeaeefb1b1263
sha256:2f80318b589dd384adb36e595ce8318fa5e084f5d2263cc326dfeaeefb1b1263
membership granted principal_id=253e81d3-88ee-4885-a392-98b71cc36a45 org=acme project=receiving env=dev
HOST_SESSION_FIXTURE result=pass manifest_digest=sha256:2f80318b589dd384adb36e595ce8318fa5e084f5d2263cc326dfeaeefb1b1263
ok

test result: ok. 1 passed; 0 failed; 0 ignored; 0 measured; 64 filtered out; finished in 0.81s

secret/wamn-pat-route-caller-acme--receiving--dev created
secret/host-session-identity-db created
secret/wamn-session-role-reader-acme--receiving--dev created
secret/host-session-identity-tls created
configmap/host-session-public-ca created
secret/host-session-fixture created
secret/wamn-guest-acme--receiving--dev created
secret/wamn-executor-platform-acme--receiving--dev created
secret/wamn-identity-reader-acme--receiving--dev created
secret/wamn-http-admitter-acme--receiving--dev created
secret/wamn-event-materializer-acme--receiving--dev created
secret/wamn-registry-pull created
namespace/cert-manager created
customresourcedefinition.apiextensions.k8s.io/challenges.acme.cert-manager.io created
customresourcedefinition.apiextensions.k8s.io/orders.acme.cert-manager.io created
customresourcedefinition.apiextensions.k8s.io/certificaterequests.cert-manager.io created
customresourcedefinition.apiextensions.k8s.io/certificates.cert-manager.io created
customresourcedefinition.apiextensions.k8s.io/clusterissuers.cert-manager.io created
customresourcedefinition.apiextensions.k8s.io/issuers.cert-manager.io created
serviceaccount/cert-manager-cainjector created
serviceaccount/cert-manager created
serviceaccount/cert-manager-webhook created
clusterrole.rbac.authorization.k8s.io/cert-manager-cainjector created
clusterrole.rbac.authorization.k8s.io/cert-manager-controller-issuers created
clusterrole.rbac.authorization.k8s.io/cert-manager-controller-clusterissuers created
clusterrole.rbac.authorization.k8s.io/cert-manager-controller-certificates created
clusterrole.rbac.authorization.k8s.io/cert-manager-controller-orders created
clusterrole.rbac.authorization.k8s.io/cert-manager-controller-challenges created
clusterrole.rbac.authorization.k8s.io/cert-manager-controller-ingress-shim created
clusterrole.rbac.authorization.k8s.io/cert-manager-cluster-view created
clusterrole.rbac.authorization.k8s.io/cert-manager-view created
clusterrole.rbac.authorization.k8s.io/cert-manager-edit created
clusterrole.rbac.authorization.k8s.io/cert-manager-controller-approve:cert-manager-io created
clusterrole.rbac.authorization.k8s.io/cert-manager-controller-certificatesigningrequests created
clusterrole.rbac.authorization.k8s.io/cert-manager-webhook:subjectaccessreviews created
clusterrolebinding.rbac.authorization.k8s.io/cert-manager-cainjector created
clusterrolebinding.rbac.authorization.k8s.io/cert-manager-controller-issuers created
clusterrolebinding.rbac.authorization.k8s.io/cert-manager-controller-clusterissuers created
clusterrolebinding.rbac.authorization.k8s.io/cert-manager-controller-certificates created
clusterrolebinding.rbac.authorization.k8s.io/cert-manager-controller-orders created
clusterrolebinding.rbac.authorization.k8s.io/cert-manager-controller-challenges created
clusterrolebinding.rbac.authorization.k8s.io/cert-manager-controller-ingress-shim created
clusterrolebinding.rbac.authorization.k8s.io/cert-manager-controller-approve:cert-manager-io created
clusterrolebinding.rbac.authorization.k8s.io/cert-manager-controller-certificatesigningrequests created
clusterrolebinding.rbac.authorization.k8s.io/cert-manager-webhook:subjectaccessreviews created
role.rbac.authorization.k8s.io/cert-manager-cainjector:leaderelection created
role.rbac.authorization.k8s.io/cert-manager:leaderelection created
role.rbac.authorization.k8s.io/cert-manager-webhook:dynamic-serving created
rolebinding.rbac.authorization.k8s.io/cert-manager-cainjector:leaderelection created
rolebinding.rbac.authorization.k8s.io/cert-manager:leaderelection created
rolebinding.rbac.authorization.k8s.io/cert-manager-webhook:dynamic-serving created
service/cert-manager-cainjector created
service/cert-manager created
service/cert-manager-webhook created
deployment.apps/cert-manager-cainjector created
deployment.apps/cert-manager created
deployment.apps/cert-manager-webhook created
mutatingwebhookconfiguration.admissionregistration.k8s.io/cert-manager-webhook created
validatingwebhookconfiguration.admissionregistration.k8s.io/cert-manager-webhook created
deployment.apps/cert-manager condition met
deployment.apps/cert-manager-cainjector condition met
deployment.apps/cert-manager-webhook condition met
Release "wamn" does not exist. Installing it now.
Pulled: ghcr.io/wasmcloud/charts/runtime-operator:2.8.0
Digest: sha256:63e87326539df1146bf2fe9f12982d4eb5cfb4704252067d4a6932478bb34912
NAME: wamn
LAST DEPLOYED: Tue Sep  8 22:49:47 2026
NAMESPACE: wamn-system
STATUS: deployed
REVISION: 1
DESCRIPTION: Install complete
TEST SUITE: None
NOTES:
The wasmCloud runtime-operator is installed.

To verify your deployment:
  kubectl get pods -l app.kubernetes.io/instance=wamn -n wamn-system
role.rbac.authorization.k8s.io/wamn-runtime-operator-events created
rolebinding.rbac.authorization.k8s.io/wamn-runtime-operator-events created
configmap/tempo-config created
deployment.apps/tempo created
service/tempo created
configmap/otel-collector-config created
deployment.apps/otel-collector created
service/otel-collector created
deployment.apps/tempo condition met
deployment.apps/otel-collector condition met
secret/wasmcloud-ca created
clusterissuer.cert-manager.io/wasmcloud-ca created
clusterissuer.cert-manager.io/wasmcloud-ca condition met
certificate.cert-manager.io/wasmcloud-runtime-tls created
certificate.cert-manager.io/wasmcloud-data-tls created
certificate.cert-manager.io/wasmcloud-runtime-tls condition met
certificate.cert-manager.io/wasmcloud-data-tls condition met
Release "wamn-host" does not exist. Installing it now.
Pulled: ghcr.io/wasmcloud/charts/runtime-operator:2.8.0
Digest: sha256:63e87326539df1146bf2fe9f12982d4eb5cfb4704252067d4a6932478bb34912
NAME: wamn-host
LAST DEPLOYED: Tue Sep  8 22:50:30 2026
NAMESPACE: wamn-receiving-journey
STATUS: deployed
REVISION: 1
DESCRIPTION: Install complete
TEST SUITE: None
NOTES:
The wasmCloud runtime-operator is installed.

To verify your deployment:
  kubectl get pods -l app.kubernetes.io/instance=wamn-host -n wamn-receiving-journey
deployment "hostgroup-default" successfully rolled out
warning: function `canonical_serialized` is never used
   --> crates/catalog/model/src/lib.rs:792:4
    |
792 | fn canonical_serialized(value: &impl Serialize) -> Vec<u8> {
    |    ^^^^^^^^^^^^^^^^^^^^
    |
    = note: `#[warn(dead_code)]` (part of `#[warn(unused)]`) on by default

warning: `wamn-catalog` (lib) generated 1 warning
warning: the item `Future` is imported redundantly
 --> crates/platform/runtime/src/connection_authority.rs:3:5
  |
3 | use std::future::Future;
  |     ^^^^^^^^^^^^^^^^^^^
  |
 --> /rustc/88d9e12ae178fab0fb5cc050a94da85685d449ea/library/std/src/prelude/mod.rs:166:12
  |
  = note: the item `Future` is already defined here
  |
  = note: requested on the command line with `-W redundant-imports`

warning: the item `Future` is imported redundantly
 --> crates/platform/runtime/src/plugins/wamn_postgres/pool.rs:7:5
  |
7 | use std::future::Future;
  |     ^^^^^^^^^^^^^^^^^^^
  |
 --> /rustc/88d9e12ae178fab0fb5cc050a94da85685d449ea/library/std/src/prelude/mod.rs:166:12
  |
  = note: the item `Future` is already defined here

warning: constant `HTTP_CONTRACT` is never used
  --> crates/platform/runtime/src/plugins/connection_http.rs:51:7
   |
51 | const HTTP_CONTRACT: &str = "wamn:connection/http@0.1.0";
   |       ^^^^^^^^^^^^^
   |
   = note: `#[warn(dead_code)]` (part of `#[warn(unused)]`) on by default

warning: type does not implement `std::fmt::Debug`; consider adding `#[derive(Debug)]` or a manual implementation
   --> crates/platform/runtime/src/plugins/connection_http.rs:111:1
    |
111 | / pub struct ConnectionHttp {
112 | |     postgres: Arc<WamnPostgres>,
113 | |     vault: Arc<WamnCredentials>,
114 | |     tenant: Box<str>,
...   |
130 | |     invocations: std::sync::RwLock<HashMap<String, ConnectionInvocation>>,
131 | | }
    | |_^
    |
    = note: requested on the command line with `-W missing-debug-implementations`

warning: type does not implement `std::fmt::Debug`; consider adding `#[derive(Debug)]` or a manual implementation
  --> crates/platform/runtime/src/plugins/wamn_credentials.rs:27:1
   |
27 | / pub struct WamnCredentials {
28 | |     /// Whether ANY backing source was configured. Distinguishes `unavailable`
29 | |     /// (no source — retryable) from `not-found` (source present, name absent —
30 | |     /// config-shaped).
...  |
33 | |     projects: HashMap<String, HashMap<String, String>>,
34 | | }
   | |_^

warning: type does not implement `std::fmt::Debug`; consider adding `#[derive(Debug)]` or a manual implementation
   --> crates/platform/runtime/src/plugins/wamn_jetstream.rs:544:1
    |
544 | / pub struct WamnJetstream {
545 | |     nats_url: Option<String>,
546 | |     /// Lazily-connected, memoized JetStream context. A `Mutex<Option<_>>` (not a
547 | |     /// `OnceCell`) so a transient connect failure is retried on the next call
...   |
569 | |     dlq_depth: Arc<DeadLetterDepth>,
570 | | }
    | |_^

warning: type does not implement `std::fmt::Debug`; consider adding `#[derive(Debug)]` or a manual implementation
    --> crates/platform/runtime/src/plugins/wamn_jetstream.rs:1209:1
     |
1209 | / pub struct JsConsumer {
1210 | |     consumer: Consumer<PullConfig>,
1211 | |     dead_letter: Option<DeadLetterIdentity>,
1212 | | }
     | |_^

warning: type does not implement `std::fmt::Debug`; consider adding `#[derive(Debug)]` or a manual implementation
    --> crates/platform/runtime/src/plugins/wamn_jetstream.rs:1216:1
     |
1216 | / pub struct JsMessage {
1217 | |     msg: async_nats::jetstream::Message,
1218 | |     dead_letter: Option<DeadLetterIdentity>,
1219 | | }
     | |_^

warning: type does not implement `std::fmt::Debug`; consider adding `#[derive(Debug)]` or a manual implementation
   --> crates/platform/runtime/src/plugins/wamn_logging.rs:213:1
    |
213 | / pub struct Capture {
214 | |     records: std::sync::Mutex<Vec<CapturedRec>>,
215 | | }
    | |_^

warning: type does not implement `std::fmt::Debug`; consider adding `#[derive(Debug)]` or a manual implementation
   --> crates/platform/runtime/src/plugins/wamn_logging.rs:235:1
    |
235 | / pub struct WamnLogging {
236 | |     /// component id → host-trusted {tenant, project}.
237 | |     claims: std::sync::RwLock<HashMap<String, Claim>>,
238 | |     /// Bounded front queue; `try_send` keeps `log()` non-blocking.
...   |
243 | |     _drain: tokio::task::JoinHandle<()>,
244 | | }
    | |_^

warning: type does not implement `std::fmt::Debug`; consider adding `#[derive(Debug)]` or a manual implementation
   --> crates/platform/runtime/src/plugins/wamn_postgres/claims.rs:55:1
    |
 55 | / pub struct WamnPostgres {
 56 | |     /// Resolves a project id → its database connection + policy.
 57 | |     provider: Arc<dyn CredentialProvider>,
 58 | |     /// Guest-visible project pools, built lazily and never shared with host-owned
...   |
121 | |     pub(super) bind_counters: super::BindCounters,
122 | | }
    | |_^

warning: type does not implement `std::fmt::Debug`; consider adding `#[derive(Debug)]` or a manual implementation
   --> crates/platform/runtime/src/plugins/wamn_postgres/pool.rs:339:1
    |
339 | / pub struct StaticCredentialProvider {
340 | |     projects: HashMap<String, ProjectConfig>,
341 | | }
    | |_^

warning: type does not implement `std::fmt::Debug`; consider adding `#[derive(Debug)]` or a manual implementation
   --> crates/platform/runtime/src/plugins/wamn_postgres/pool.rs:514:1
    |
514 | / pub struct K8sSecretProvider {
515 | |     pub namespace: String,
516 | | }
    | |_^

warning: type does not implement `std::fmt::Debug`; consider adding `#[derive(Debug)]` or a manual implementation
   --> crates/platform/runtime/src/plugins/wamn_postgres/resources.rs:99:1
    |
 99 | / pub struct PgTransaction {
100 | |     state: SharedTxnState,
101 | |     destroyed: Arc<AtomicU64>,
102 | |     cursor_seq: u32,
103 | |     /// Row limit of the project this transaction's connection belongs to.
104 | |     row_limit: u64,
105 | | }
    | |_^

warning: type does not implement `std::fmt::Debug`; consider adding `#[derive(Debug)]` or a manual implementation
   --> crates/platform/runtime/src/plugins/wamn_postgres/resources.rs:145:1
    |
145 | / pub struct PgCursor {
146 | |     state: SharedTxnState,
147 | |     destroyed: Arc<AtomicU64>,
148 | |     name: String,
149 | | }
    | |_^

warning: type does not implement `std::fmt::Debug`; consider adding `#[derive(Debug)]` or a manual implementation
   --> crates/platform/runtime/src/wiring_doorbell.rs:145:1
    |
145 | / pub struct WiringDoorbellListener {
146 | |     shutdown: tokio::sync::watch::Sender<bool>,
147 | |     task: tokio::task::JoinHandle<()>,
148 | | }
    | |_^

warning: `wamn-runtime` (lib) generated 16 warnings
warning: type does not implement `std::fmt::Debug`; consider adding `#[derive(Debug)]` or a manual implementation
   --> services/scenario-worker/src/authoring.rs:218:1
    |
218 | / pub struct InternalAuthoringBackend {
219 | |     authority: InternalDevAdmin,
220 | |     client: Client,
221 | |     connection_task: tokio::task::JoinHandle<()>,
222 | |     tenant_id: Box<str>,
223 | |     source_schema: BareSchemaName,
224 | | }
    | |_^
    |
    = note: requested on the command line with `-W missing-debug-implementations`

warning: type does not implement `std::fmt::Debug`; consider adding `#[derive(Debug)]` or a manual implementation
   --> services/scenario-worker/src/store/admission.rs:316:1
    |
316 | / pub struct AdmissionSurface {
317 | |     /// The explicit credential and exact server-side predicates are retained so
318 | |     /// every replacement physical connection is checked identically.
319 | |     probe: CredentialExactnessProbe,
...   |
322 | |     tenant_id: Box<str>,
323 | | }
    | |_^

warning: function `run_once_stages` is never used
   --> services/ctl/src/dev.rs:599:10
    |
599 | async fn run_once_stages<R>(
    |          ^^^^^^^^^^^^^^^
    |
    = note: `#[warn(dead_code)]` (part of `#[warn(unused)]`) on by default

warning: function `verify_source_package_with_client` is never used
    --> services/ctl/src/push_component.rs:1275:10
     |
1275 | async fn verify_source_package_with_client(
     |          ^^^^^^^^^^^^^^^^^^^^^^^^^^^^^^^^^

warning: type does not implement `std::fmt::Debug`; consider adding `#[derive(Debug)]` or a manual implementation
  --> test-support/harness/src/ceiling.rs:72:1
   |
72 | / pub struct Ramp {
73 | |     tolerance: f64,
74 | |     max_levels: usize,
75 | |     levels: Vec<LevelStats>,
...  |
82 | |     retrying: bool,
83 | | }
   | |_^
   |
   = note: requested on the command line with `-W missing-debug-implementations`

warning: `wamn-scenario-worker` (lib) generated 2 warnings
warning: `wamn-ctl` (lib) generated 2 warnings
warning: `wamn-gate-harness` (lib) generated 1 warning
warning: function `models` is never used
  --> tests/integration/src/measurement_schema.rs:25:8
   |
25 | pub fn models(schema: &str) -> Vec<ManagedModel> {
   |        ^^^^^^
   |
   = note: `#[warn(dead_code)]` (part of `#[warn(unused)]`) on by default

warning: type does not implement `std::fmt::Debug`; consider adding `#[derive(Debug)]` or a manual implementation
   --> tests/integration/src/trusted_http_route.rs:104:1
    |
104 | / pub struct TrustedHttpRoute {
105 | |     pub driver: Arc<RouterDriver>,
106 | |     /// The same welded release the driver authorizes. Callers that exercise a
107 | |     /// release-owned ingress plugin must share this exact weld rather than mint
...   |
115 | |     pub wiring_hash: String,
116 | | }
    | |_^
    |
    = note: requested on the command line with `-W missing-debug-implementations`

warning: `wamn-proof-integration` (lib test) generated 2 warnings
    Finished `test` profile [unoptimized + debuginfo] target(s) in 0.38s
     Running unittests src/lib.rs (target/debug/deps/wamn_proof_integration-4153981f243d3e62)

running 1 test
test route_authentication_live::production_nested_session_call_preserves_original_caller ... sha256:f776f20bc4e4d5bbf5a95670741cfa11057ffa0c437a577c0f3e3b6fae73c8a2
sha256:f776f20bc4e4d5bbf5a95670741cfa11057ffa0c437a577c0f3e3b6fae73c8a2
membership granted principal_id=2bcb7d7c-7438-4749-b037-b6ca486f5a7d org=acme project=receiving env=dev
Error: nested session replay returned the wrong operation result
FAILED

failures:

failures:
    route_authentication_live::production_nested_session_call_preserves_original_caller

test result: FAILED. 0 passed; 1 failed; 0 ignored; 0 measured; 64 filtered out; finished in 10.38s

error: test failed, to rerun pass `-p wamn-proof-integration --lib`
SESSION_RUN_EXIT=101
