   Compiling serde_core v1.0.229
   Compiling serde_json v1.0.151
   Compiling futures-io v0.3.34
   Compiling futures-util v0.3.34
   Compiling either v1.18.0
   Compiling serde v1.0.229
   Compiling itertools v0.14.0
   Compiling tokio-util v0.7.19
   Compiling wasmtime-internal-core v47.0.4
   Compiling memchr v2.8.3
   Compiling cranelift-bitset v0.134.4
   Compiling wasmparser v0.252.0
   Compiling indexmap v2.14.0
   Compiling h2 v0.4.19
   Compiling hyper v1.11.0
   Compiling wasm-encoder v0.252.0
   Compiling pulley-interpreter v47.0.4
   Compiling tower v0.5.3
   Compiling cranelift-codegen-meta v0.134.4
   Compiling hyper-util v0.1.20
   Compiling cranelift-codegen v0.134.4
   Compiling prost-derive v0.14.4
   Compiling typenum v1.20.1
   Compiling generic-array v0.14.7
   Compiling schemars v0.8.22
   Compiling wasmprinter v0.252.0
   Compiling thiserror v2.0.20
   Compiling wasmtime-environ v47.0.4
   Compiling wamn-execution-contract v0.1.0 (/home/kaalin/.cache/wamn-lanes/consolidation-generator-20260912/apps/platform/execution/contract)
   Compiling crypto-common v0.1.7
   Compiling block-buffer v0.10.4
   Compiling boon v0.6.1
   Compiling digest v0.10.7
   Compiling cobs v0.3.0
   Compiling postgres-types v0.2.14
   Compiling wit-parser v0.252.0
   Compiling cranelift-entity v0.134.4
   Compiling opentelemetry v0.31.0
   Compiling tokio-stream v0.1.19
   Compiling bytes v1.12.1
   Compiling prost v0.14.4
   Compiling wasmtime-internal-unwinder v47.0.4
   Compiling cranelift-native v0.134.4
   Compiling cranelift-frontend v0.134.4
   Compiling tokio-postgres v0.7.18
   Compiling cranelift-bforest v0.134.4
   Compiling wasmtime-internal-wit-bindgen v47.0.4
   Compiling postcard v1.1.3
   Compiling sha2 v0.10.9
   Compiling object v0.39.1
   Compiling hyper-rustls v0.27.9
   Compiling tower-http v0.6.11
   Compiling wamn-event-wire v0.1.0 (/home/kaalin/.cache/wamn-lanes/consolidation-generator-20260912/apps/platform/events/wire)
   Compiling smallvec v1.15.2
   Compiling reqwest v0.13.4
   Compiling wasmtime-internal-cache v47.0.4
   Compiling rayon v1.12.0
   Compiling wasmtime-internal-component-macro v47.0.4
   Compiling wasmtime-internal-fiber v47.0.4
   Compiling wasmtime-internal-cranelift v47.0.4
   Compiling prost-types v0.14.4
   Compiling futures v0.3.34
   Compiling once_cell v1.21.4
   Compiling axum v0.8.9
   Compiling wasmtime v47.0.4
   Compiling petgraph v0.8.3
   Compiling tempfile v3.27.0
   Compiling wiggle-generate v47.0.4
   Compiling unicode-truncate v2.0.1
   Compiling hyper-timeout v0.5.2
   Compiling prost-build v0.14.4
   Compiling wamn-catalog v0.1.0 (/home/kaalin/.cache/wamn-lanes/consolidation-generator-20260912/crates/catalog/model)
warning: function `canonical_serialized` is never used
   --> crates/catalog/model/src/lib.rs:793:4
    |
793 | fn canonical_serialized(value: &impl Serialize) -> Vec<u8> {
    |    ^^^^^^^^^^^^^^^^^^^^
    |
    = note: `#[warn(dead_code)]` (part of `#[warn(unused)]`) on by default

warning: `wamn-catalog` (lib) generated 1 warning
   Compiling ratatui-core v0.1.2
   Compiling tonic v0.14.6
   Compiling wiggle-macro v47.0.4
   Compiling pbjson-build v0.8.0
   Compiling wamn-schema-introspection v0.1.0 (/home/kaalin/.cache/wamn-lanes/consolidation-generator-20260912/crates/schema/introspection)
   Compiling futures-executor v0.3.34
   Compiling oci-spec v0.9.0
   Compiling tracing-subscriber v0.3.23
   Compiling async-nats v0.49.1
   Compiling opentelemetry_sdk v0.31.0
   Compiling wamn-schema-generator v0.1.0 (/home/kaalin/.cache/wamn-lanes/consolidation-generator-20260912/crates/schema/generator)
   Compiling pbjson-types v0.8.0
   Compiling wiggle v47.0.4
   Compiling tonic-prost v0.14.6
   Compiling wasmtime-wasi-io v47.0.4
   Compiling jmespath v0.3.0
   Compiling wit-parser v0.253.0
   Compiling jsonwebtoken v10.4.0
   Compiling olpc-cjson v0.1.4
   Compiling wamn-control-registry v0.1.0 (/home/kaalin/.cache/wamn-lanes/consolidation-generator-20260912/crates/control/registry)
   Compiling oci-client v0.17.0
   Compiling wit-component v0.253.0
   Compiling wasmtime-wasi v47.0.4
   Compiling opentelemetry-proto v0.31.0
   Compiling wamn-run-state v0.1.0 (/home/kaalin/.cache/wamn-lanes/consolidation-generator-20260912/crates/execution/run-state)
   Compiling wit-parser v0.254.0
   Compiling opentelemetry-http v0.31.0
   Compiling combine v4.6.8
   Compiling itertools v0.13.0
   Compiling ratatui-widgets v0.3.2
   Compiling wasmtime-wasi-http v47.0.4
   Compiling redis v0.27.6
   Compiling opentelemetry-otlp v0.31.1
   Compiling wit-component v0.254.0
   Compiling wamn-control-provision v0.1.0 (/home/kaalin/.cache/wamn-lanes/consolidation-generator-20260912/crates/control/provision)
   Compiling ratatui-crossterm v0.1.2
   Compiling oci-wasm v0.6.0
   Compiling opentelemetry-appender-tracing v0.31.1
   Compiling tracing-opentelemetry v0.32.1
   Compiling wamn-client v0.1.0 (/home/kaalin/.cache/wamn-lanes/consolidation-generator-20260912/crates/client/core)
   Compiling wast v252.0.0
   Compiling itertools v0.15.0
   Compiling docker_credential v1.4.0
   Compiling wash-runtime v2.9.0 (https://github.com/wasmCloud/wasmCloud?rev=68ebece9c537f8bb4b5c9999f274ec68d60f35a9#68ebece9)
   Compiling wat v1.252.0
   Compiling object_store v0.14.1
   Compiling wamn-client-tui v0.1.0 (/home/kaalin/.cache/wamn-lanes/consolidation-generator-20260912/crates/client/tui)
   Compiling wamn-event-reg v0.1.0 (/home/kaalin/.cache/wamn-lanes/consolidation-generator-20260912/apps/platform/events/registration)
   Compiling ratatui v0.30.2
   Compiling deadpool-postgres v0.14.2
   Compiling wamn-router v0.1.0 (/home/kaalin/.cache/wamn-lanes/consolidation-generator-20260912/crates/execution/router)
   Compiling wamn-platform-identity v0.1.0 (/home/kaalin/.cache/wamn-lanes/consolidation-generator-20260912/crates/identity/platform)
   Compiling wamn-authoring-model v0.1.0 (/home/kaalin/.cache/wamn-lanes/consolidation-generator-20260912/crates/authoring/model)
   Compiling wasm-metadata v0.252.0
   Compiling wit-component v0.252.0
   Compiling wamn-test-infrastructure v0.1.0 (/home/kaalin/.cache/wamn-lanes/consolidation-generator-20260912/test-support/infrastructure)
   Compiling wamn-runtime v0.1.0 (/home/kaalin/.cache/wamn-lanes/consolidation-generator-20260912/crates/platform/runtime)
warning: the item `Future` is imported redundantly
 --> crates/platform/runtime/src/connection_authority.rs:3:5
  |
3 | use std::future::Future;
  |     ^^^^^^^^^^^^^^^^^^^
  |
 --> /rustc/88d9e12ae178fab0fb5cc050a94da85685d449ea/library/std/src/prelude/mod.rs:166:12
  |
  = note: the item `Future` is already defined here
  |
  = note: requested on the command line with `-W redundant-imports`

warning: constant `HTTP_CONTRACT` is never used
  --> crates/platform/runtime/src/plugins/connection_http.rs:56:7
   |
56 | const HTTP_CONTRACT: &str = "wamn:connection/http@0.1.0";
   |       ^^^^^^^^^^^^^
   |
   = note: `#[warn(dead_code)]` (part of `#[warn(unused)]`) on by default

warning: type does not implement `std::fmt::Debug`; consider adding `#[derive(Debug)]` or a manual implementation
   --> crates/platform/runtime/src/plugins/connection_http.rs:131:1
    |
131 | / pub struct ConnectionHttp {
132 | |     postgres: Arc<WamnPostgres>,
133 | |     transport: Arc<HttpTransport>,
134 | |     vault: Arc<WamnCredentials>,
...   |
151 | |     invocations: std::sync::RwLock<HashMap<String, ConnectionInvocation>>,
152 | | }
    | |_^
    |
    = note: requested on the command line with `-W missing-debug-implementations`

warning: type does not implement `std::fmt::Debug`; consider adding `#[derive(Debug)]` or a manual implementation
  --> crates/platform/runtime/src/plugins/wamn_credentials.rs:27:1
   |
27 | / pub struct WamnCredentials {
28 | |     /// Whether ANY backing source was configured. Distinguishes `unavailable`
29 | |     /// (no source — retryable) from `not-found` (source present, name absent —
30 | |     /// config-shaped).
...  |
33 | |     projects: HashMap<String, HashMap<String, String>>,
34 | | }
   | |_^

warning: type does not implement `std::fmt::Debug`; consider adding `#[derive(Debug)]` or a manual implementation
   --> crates/platform/runtime/src/plugins/wamn_jetstream.rs:507:1
    |
507 | / pub struct WamnJetstream {
508 | |     nats_url: Option<String>,
509 | |     stream_replicas: Option<usize>,
510 | |     dup_window_secs: Option<u64>,
...   |
536 | |     release: Option<Arc<ReleaseManifestWeld>>,
537 | | }
    | |_^

warning: type does not implement `std::fmt::Debug`; consider adding `#[derive(Debug)]` or a manual implementation
   --> crates/platform/runtime/src/plugins/wamn_logging.rs:213:1
    |
213 | / pub struct Capture {
214 | |     records: std::sync::Mutex<Vec<CapturedRec>>,
215 | | }
    | |_^

warning: type does not implement `std::fmt::Debug`; consider adding `#[derive(Debug)]` or a manual implementation
   --> crates/platform/runtime/src/plugins/wamn_logging.rs:235:1
    |
235 | / pub struct WamnLogging {
236 | |     /// component id → host-trusted {tenant, project}.
237 | |     claims: std::sync::RwLock<HashMap<String, Claim>>,
238 | |     /// Bounded front queue; `try_send` keeps `log()` non-blocking.
...   |
243 | |     _drain: tokio::task::JoinHandle<()>,
244 | | }
    | |_^

warning: type does not implement `std::fmt::Debug`; consider adding `#[derive(Debug)]` or a manual implementation
   --> crates/platform/runtime/src/plugins/wamn_postgres/claims.rs:54:1
    |
 54 | / pub struct WamnPostgres {
 55 | |     /// Resolves a project id → its database connection + policy.
 56 | |     provider: Arc<dyn CredentialProvider>,
 57 | |     /// Guest-visible project pools, built lazily and never shared with host-owned
...   |
117 | |     pub(super) bind_counters: super::BindCounters,
118 | | }
    | |_^

warning: type does not implement `std::fmt::Debug`; consider adding `#[derive(Debug)]` or a manual implementation
   --> crates/platform/runtime/src/plugins/wamn_postgres/pool.rs:248:1
    |
248 | / pub struct StaticCredentialProvider {
249 | |     projects: HashMap<String, ProjectConfig>,
250 | | }
    | |_^

warning: type does not implement `std::fmt::Debug`; consider adding `#[derive(Debug)]` or a manual implementation
   --> crates/platform/runtime/src/plugins/wamn_postgres/pool.rs:423:1
    |
423 | / pub struct K8sSecretProvider {
424 | |     pub namespace: String,
425 | | }
    | |_^

warning: type does not implement `std::fmt::Debug`; consider adding `#[derive(Debug)]` or a manual implementation
   --> crates/platform/runtime/src/plugins/wamn_postgres/resources.rs:99:1
    |
 99 | / pub struct PgTransaction {
100 | |     state: SharedTxnState,
101 | |     destroyed: Arc<AtomicU64>,
102 | |     cursor_seq: u32,
103 | |     /// Row limit of the project this transaction's connection belongs to.
104 | |     row_limit: u64,
105 | | }
    | |_^

warning: type does not implement `std::fmt::Debug`; consider adding `#[derive(Debug)]` or a manual implementation
   --> crates/platform/runtime/src/plugins/wamn_postgres/resources.rs:145:1
    |
145 | / pub struct PgCursor {
146 | |     state: SharedTxnState,
147 | |     destroyed: Arc<AtomicU64>,
148 | |     name: String,
149 | | }
    | |_^

warning: `wamn-runtime` (lib) generated 12 warnings
   Compiling wamn-client-terminal v0.1.0 (/home/kaalin/.cache/wamn-lanes/consolidation-generator-20260912/crates/client/terminal)
   Compiling wamn-schema-control v0.1.0 (/home/kaalin/.cache/wamn-lanes/consolidation-generator-20260912/crates/schema/control)
   Compiling wamn-ctl v0.1.0 (/home/kaalin/.cache/wamn-lanes/consolidation-generator-20260912/services/ctl)
    Finished `test` profile [unoptimized + debuginfo] target(s) in 3m 25s
     Running unittests src/lib.rs (target/debug/deps/wamn_ctl-2529f5b20a18a95c)
