   Compiling serde_core v1.0.229
   Compiling serde v1.0.229
   Compiling smallvec v1.15.2
   Compiling icu_normalizer v2.3.0
   Compiling tokio v1.53.1
   Compiling parking_lot_core v0.9.12
   Compiling idna_adapter v1.2.2
   Compiling idna v1.1.0
   Compiling url v2.5.8
   Compiling serde_json v1.0.151
   Compiling chrono v0.4.45
   Compiling futures-task v0.3.34
   Compiling schemars v0.8.22
   Compiling tokio-util v0.7.19
   Compiling wamn-event-wire v0.1.0 (/home/kaalin/.cache/wamn-lanes/ctc8-20-pat-service-20260910/components/events/wire)
   Compiling postgres-types v0.2.14
   Compiling wamn-execution-contract v0.1.0 (/home/kaalin/.cache/wamn-lanes/ctc8-20-pat-service-20260910/components/execution/contract)
   Compiling futures-util v0.3.34
   Compiling parking_lot v0.12.5
   Compiling boon v0.6.1
   Compiling jmespath v0.3.0
   Compiling wamn-control-registry v0.1.0 (/home/kaalin/.cache/wamn-lanes/ctc8-20-pat-service-20260910/crates/control/registry)
   Compiling tokio-postgres v0.7.18
   Compiling wamn-catalog v0.1.0 (/home/kaalin/.cache/wamn-lanes/ctc8-20-pat-service-20260910/crates/catalog/model)
   Compiling wamn-event-reg v0.1.0 (/home/kaalin/.cache/wamn-lanes/ctc8-20-pat-service-20260910/components/events/registration)
   Compiling wamn-run-state v0.1.0 (/home/kaalin/.cache/wamn-lanes/ctc8-20-pat-service-20260910/crates/execution/run-state)
   Compiling wamn-schema-introspection v0.1.0 (/home/kaalin/.cache/wamn-lanes/ctc8-20-pat-service-20260910/crates/schema/introspection)
warning: function `canonical_serialized` is never used
   --> crates/catalog/model/src/lib.rs:792:4
    |
792 | fn canonical_serialized(value: &impl Serialize) -> Vec<u8> {
    |    ^^^^^^^^^^^^^^^^^^^^
    |
    = note: `#[warn(dead_code)]` (part of `#[warn(unused)]`) on by default

   Compiling wamn-schema-generator v0.1.0 (/home/kaalin/.cache/wamn-lanes/ctc8-20-pat-service-20260910/crates/schema/generator)
warning: `wamn-catalog` (lib) generated 1 warning
   Compiling wamn-control-provision v0.1.0 (/home/kaalin/.cache/wamn-lanes/ctc8-20-pat-service-20260910/crates/control/provision)
   Compiling wamn-schema-control v0.1.0 (/home/kaalin/.cache/wamn-lanes/ctc8-20-pat-service-20260910/crates/schema/control)
    Finished `test` profile [unoptimized + debuginfo] target(s) in 26.84s
     Running tests/identity_issuer_live.rs (target/debug/deps/identity_issuer_live-04560f50ded60005)

running 1 test
test scoped_issuer_grants_and_generation_retirement_execute_on_postgres ... ok

test result: ok. 1 passed; 0 failed; 0 ignored; 0 measured; 0 filtered out; finished in 3.67s

