The files belonging to this database system will be owned by user "postgres".
This user must also own the server process.

The database cluster will be initialized with locale "en_US.utf8".
The default database encoding has accordingly been set to "UTF8".
The default text search configuration will be set to "english".

Data page checksums are enabled.

fixing permissions on existing directory /var/lib/postgresql/18/docker ... ok
creating subdirectories ... ok
selecting dynamic shared memory implementation ... posix
selecting default "max_connections" ... 100
selecting default "shared_buffers" ... 128MB
selecting default time zone ... Etc/UTC
creating configuration files ... ok
running bootstrap script ... ok
performing post-bootstrap initialization ... ok
syncing data to disk ... ok


Success. You can now start the database server using:

    pg_ctl -D /var/lib/postgresql/18/docker -l logfile start

initdb: warning: enabling "trust" authentication for local connections
initdb: hint: You can change this by editing pg_hba.conf or using the option -A, or --auth-local and --auth-host, the next time you run initdb.
waiting for server to start....2026-09-10 15:28:02.853 UTC [53] LOG:  starting PostgreSQL 18.6 (Debian 18.6-1.pgdg13+2) on x86_64-pc-linux-gnu, compiled by gcc (Debian 14.2.0-19) 14.2.0, 64-bit
2026-09-10 15:28:02.864 UTC [53] LOG:  listening on Unix socket "/var/run/postgresql/.s.PGSQL.5432"
2026-09-10 15:28:02.901 UTC [59] LOG:  database system was shut down at 2026-09-10 15:28:01 UTC
2026-09-10 15:28:02.916 UTC [53] LOG:  database system is ready to accept connections
 done
server started
CREATE DATABASE


/usr/local/bin/docker-entrypoint.sh: ignoring /docker-entrypoint-initdb.d/*

waiting for server to shut down....2026-09-10 15:28:03.324 UTC [53] LOG:  received fast shutdown request
2026-09-10 15:28:03.335 UTC [53] LOG:  aborting any active transactions
2026-09-10 15:28:03.340 UTC [53] LOG:  background worker "logical replication launcher" (PID 62) exited with exit code 1
2026-09-10 15:28:03.341 UTC [57] LOG:  shutting down
2026-09-10 15:28:03.351 UTC [57] LOG:  checkpoint starting: shutdown immediate
2026-09-10 15:28:03.907 UTC [57] LOG:  checkpoint complete: wrote 943 buffers (5.8%), wrote 3 SLRU buffers; 0 WAL file(s) added, 0 removed, 0 recycled; write=0.041 s, sync=0.467 s, total=0.567 s; sync files=303, longest=0.012 s, average=0.002 s; distance=4352 kB, estimate=4352 kB; lsn=0/1BA1BE8, redo lsn=0/1BA1BE8
2026-09-10 15:28:03.952 UTC [53] LOG:  database system is shut down
 done
server stopped

PostgreSQL init process complete; ready for start up.

2026-09-10 15:28:04.083 UTC [1] LOG:  starting PostgreSQL 18.6 (Debian 18.6-1.pgdg13+2) on x86_64-pc-linux-gnu, compiled by gcc (Debian 14.2.0-19) 14.2.0, 64-bit
2026-09-10 15:28:04.084 UTC [1] LOG:  listening on IPv4 address "0.0.0.0", port 5432
2026-09-10 15:28:04.084 UTC [1] LOG:  listening on IPv6 address "::", port 5432
2026-09-10 15:28:04.110 UTC [1] LOG:  listening on Unix socket "/var/run/postgresql/.s.PGSQL.5432"
2026-09-10 15:28:04.144 UTC [75] LOG:  database system was shut down at 2026-09-10 15:28:03 UTC
2026-09-10 15:28:04.164 UTC [1] LOG:  database system is ready to accept connections
2026-09-10 15:28:09.922 UTC [92] WARNING:  role "wamn_identity_issuer_a499d82f3199aafa89ab05747a66a0dddfc62b90_b" has not been granted membership in role "wamn_identity_issuer" by role "postgres"
2026-09-10 15:28:10.779 UTC [84] ERROR:  permission denied for table pats
2026-09-10 15:28:10.779 UTC [84] STATEMENT:  UPDATE identity.pats SET revoked_at = now()
2026-09-10 15:28:10.780 UTC [84] ERROR:  permission denied for table pats
2026-09-10 15:28:10.780 UTC [84] STATEMENT:  UPDATE identity.pats SET token_hash = repeat('0', 64)
2026-09-10 15:28:10.780 UTC [84] ERROR:  permission denied for table pats
2026-09-10 15:28:10.780 UTC [84] STATEMENT:  DELETE FROM identity.pats
2026-09-10 15:28:10.780 UTC [84] ERROR:  permission denied for table pats
2026-09-10 15:28:10.780 UTC [84] STATEMENT:  INSERT INTO identity.pats (id) VALUES (DEFAULT)
2026-09-10 15:28:10.780 UTC [84] ERROR:  permission denied for table pats
2026-09-10 15:28:10.780 UTC [84] STATEMENT:  INSERT INTO identity.pats (created_at) VALUES (DEFAULT)
2026-09-10 15:28:10.781 UTC [84] ERROR:  permission denied for table pats
2026-09-10 15:28:10.781 UTC [84] STATEMENT:  INSERT INTO identity.pats (revoked_at) VALUES (NULL)
2026-09-10 15:28:10.781 UTC [84] ERROR:  permission denied for table principals
2026-09-10 15:28:10.781 UTC [84] STATEMENT:  UPDATE identity.principals SET display_name = 'Escape'
2026-09-10 15:28:10.781 UTC [84] ERROR:  permission denied for table principals
2026-09-10 15:28:10.781 UTC [84] STATEMENT:  INSERT INTO identity.principals (kind,subject,display_name) VALUES ('human','escape','Escape')
2026-09-10 15:28:10.781 UTC [84] ERROR:  permission denied for table project_env_memberships
2026-09-10 15:28:10.781 UTC [84] STATEMENT:  DELETE FROM identity.project_env_memberships
2026-09-10 15:28:10.782 UTC [84] ERROR:  permission denied for table project_env_memberships
2026-09-10 15:28:10.782 UTC [84] STATEMENT:  INSERT INTO identity.project_env_memberships (principal_id,org,project,env) VALUES ('00000000-0000-0000-0000-000000000001','acme','receiving','dev')
2026-09-10 15:28:10.782 UTC [84] ERROR:  permission denied for table project_roles
2026-09-10 15:28:10.782 UTC [84] STATEMENT:  INSERT INTO identity.project_roles (principal_id,org,project,role) VALUES ('00000000-0000-0000-0000-000000000001','acme','receiving','owner')
2026-09-10 15:28:10.790 UTC [99] ERROR:  permission denied for table pats
2026-09-10 15:28:10.790 UTC [99] STATEMENT:  UPDATE identity.pats SET revoked_at = now()
2026-09-10 15:28:10.791 UTC [99] ERROR:  permission denied for table pats
2026-09-10 15:28:10.791 UTC [99] STATEMENT:  UPDATE identity.pats SET token_hash = repeat('0', 64)
2026-09-10 15:28:10.791 UTC [99] ERROR:  permission denied for table pats
2026-09-10 15:28:10.791 UTC [99] STATEMENT:  DELETE FROM identity.pats
2026-09-10 15:28:10.791 UTC [99] ERROR:  permission denied for table pats
2026-09-10 15:28:10.791 UTC [99] STATEMENT:  INSERT INTO identity.pats (id) VALUES (DEFAULT)
2026-09-10 15:28:10.791 UTC [99] ERROR:  permission denied for table pats
2026-09-10 15:28:10.791 UTC [99] STATEMENT:  INSERT INTO identity.pats (created_at) VALUES (DEFAULT)
2026-09-10 15:28:10.791 UTC [99] ERROR:  permission denied for table pats
2026-09-10 15:28:10.791 UTC [99] STATEMENT:  INSERT INTO identity.pats (revoked_at) VALUES (NULL)
2026-09-10 15:28:10.792 UTC [99] ERROR:  permission denied for table principals
2026-09-10 15:28:10.792 UTC [99] STATEMENT:  UPDATE identity.principals SET display_name = 'Escape'
2026-09-10 15:28:10.792 UTC [99] ERROR:  permission denied for table principals
2026-09-10 15:28:10.792 UTC [99] STATEMENT:  INSERT INTO identity.principals (kind,subject,display_name) VALUES ('human','escape','Escape')
2026-09-10 15:28:10.792 UTC [99] ERROR:  permission denied for table project_env_memberships
2026-09-10 15:28:10.792 UTC [99] STATEMENT:  DELETE FROM identity.project_env_memberships
2026-09-10 15:28:10.793 UTC [99] ERROR:  permission denied for table project_env_memberships
2026-09-10 15:28:10.793 UTC [99] STATEMENT:  INSERT INTO identity.project_env_memberships (principal_id,org,project,env) VALUES ('00000000-0000-0000-0000-000000000001','acme','receiving','dev')
2026-09-10 15:28:10.793 UTC [99] ERROR:  permission denied for table project_roles
2026-09-10 15:28:10.793 UTC [99] STATEMENT:  INSERT INTO identity.project_roles (principal_id,org,project,role) VALUES ('00000000-0000-0000-0000-000000000001','acme','receiving','owner')
2026-09-10 15:28:10.803 UTC [99] ERROR:  permission denied for table project_roles
2026-09-10 15:28:10.803 UTC [99] STATEMENT:  SELECT * FROM identity.project_roles
2026-09-10 15:28:11.036 UTC [101] WARNING:  role "wamn_identity_issuer_a499d82f3199aafa89ab05747a66a0dddfc62b90_a" has not been granted membership in role "wamn_identity_issuer" by role "postgres"
2026-09-10 15:28:11.040 UTC [84] FATAL:  terminating connection due to administrator command
2026-09-10 15:28:11.102 UTC [102] FATAL:  password authentication failed for user "wamn_identity_issuer_a499d82f3199aafa89ab05747a66a0dddfc62b90_a"
2026-09-10 15:28:11.102 UTC [102] DETAIL:  User "wamn_identity_issuer_a499d82f3199aafa89ab05747a66a0dddfc62b90_a" has no password assigned.
	Connection matched file "/var/lib/postgresql/18/docker/pg_hba.conf" line 128: "host all all all scram-sha-256"
2026-09-10 15:28:11.402 UTC [105] FATAL:  password authentication failed for user "wamn_identity_issuer_a499d82f3199aafa89ab05747a66a0dddfc62b90_a"
2026-09-10 15:28:11.402 UTC [105] DETAIL:  Connection matched file "/var/lib/postgresql/18/docker/pg_hba.conf" line 128: "host all all all scram-sha-256"
2026-09-10 15:28:11.518 UTC [106] WARNING:  role "wamn_identity_issuer_a499d82f3199aafa89ab05747a66a0dddfc62b90_a" has not been granted membership in role "wamn_identity_issuer" by role "postgres"
