{
  "summary": {
    "successRate": 1.0,
    "total": 10.001137643,
    "slowest": 0.03810061,
    "fastest": 0.000306961,
    "average": 0.0009408252920627124,
    "requestsPerSec": 8458.637709002081,
    "totalData": 3045168,
    "sizePerRequest": 36,
    "sizePerSec": 304482.1608001141
  },
  "metrics": {
    "success_rate": 1.0,
    "requests_per_sec": 8458.637709002081,
    "latency_ms": {
      "min": 0.307,
      "mean": 0.941,
      "p50": 0.784,
      "p95": 1.889,
      "p99": 3.624,
      "max": 38.101
    }
  },
  "responseTimeHistogram": {
    "0.000306961": 1,
    "0.0040863259": 84017,
    "0.0078656908": 489,
    "0.011645055699999999": 51,
    "0.015424420599999999": 14,
    "0.0192037855": 11,
    "0.0229831504": 1,
    "0.0267625153": 2,
    "0.0305418802": 1,
    "0.0343212451": 0,
    "0.03810061": 1
  },
  "latencyPercentiles": {
    "p10": 0.000530693,
    "p25": 0.000611971,
    "p50": 0.000783588,
    "p75": 0.001023815,
    "p90": 0.001413282,
    "p95": 0.001889195,
    "p99": 0.003624402,
    "p99.9": 0.007787909,
    "p99.99": 0.018167007
  },
  "firstByteHistogram": {
    "0.000305283": 1,
    "0.0040841024": 84025,
    "0.0078629218": 482,
    "0.0116417412": 51,
    "0.0154205606": 13,
    "0.01919938": 11,
    "0.0229781994": 1,
    "0.026757018799999997": 2,
    "0.0305358382": 1,
    "0.0343146576": 0,
    "0.038093477": 1
  },
  "firstBytePercentiles": {
    "p10": 0.000523945,
    "p25": 0.000604349,
    "p50": 0.00077582,
    "p75": 0.001014687,
    "p90": 0.001401889,
    "p95": 0.001874996,
    "p99": 0.003606028,
    "p99.9": 0.007730514,
    "p99.99": 0.017409597
  },
  "rps": {
    "mean": 8448.812372896038,
    "stddev": 2044.5237099763247,
    "max": 14125.191572910664,
    "min": 1073.5351157092978,
    "percentiles": {
      "p10": 5915.506316708079,
      "p25": 7113.658223788955,
      "p50": 8534.646031280332,
      "p75": 10064.282299255525,
      "p90": 10968.922125281693,
      "p95": 11415.138757019247,
      "p99": 12306.569681245353,
      "p99.9": 13571.193152771844,
      "p99.99": 14125.191572910664
    }
  },
  "details": {
    "DNSDialup": {
      "average": 0.0005208112499999999,
      "fastest": 0.000419442,
      "slowest": 0.000664594
    },
    "DNSLookup": {
      "average": 0.000059736125,
      "fastest": 0.000028938,
      "slowest": 0.000102782
    },
    "firstByte": {
      "average": 0.000931904514682934,
      "fastest": 0.000305283,
      "slowest": 0.038093477
    }
  },
  "statusCodeDistribution": {
    "404": 84588
  },
  "errorDistribution": {
    "aborted due to deadline": 8
  }
}