{
  "summary": {
    "successRate": 1.0,
    "total": 10.003585934,
    "slowest": 0.057202281,
    "fastest": 0.005221862,
    "average": 0.011889704390932093,
    "requestsPerSec": 1344.3179364604837,
    "totalData": 3868416,
    "sizePerRequest": 288,
    "sizePerSec": 386702.93088122533
  },
  "metrics": {
    "success_rate": 1.0,
    "requests_per_sec": 1344.3179364604837,
    "latency_ms": {
      "min": 5.222,
      "mean": 11.89,
      "p50": 11.232,
      "p95": 17.888,
      "p99": 23.754,
      "max": 57.202
    }
  },
  "responseTimeHistogram": {
    "0.005221862": 1,
    "0.0104199039": 4978,
    "0.015617945800000001": 7017,
    "0.0208159877": 1134,
    "0.026014029600000002": 218,
    "0.0312120715": 61,
    "0.0364101134": 16,
    "0.041608155300000005": 2,
    "0.0468061972": 1,
    "0.0520042391": 2,
    "0.057202281": 2
  },
  "latencyPercentiles": {
    "p10": 0.008595813,
    "p25": 0.009711433,
    "p50": 0.011231579,
    "p75": 0.013273077,
    "p90": 0.015828157,
    "p95": 0.017888021,
    "p99": 0.023754229,
    "p99.9": 0.033514052,
    "p99.99": 0.057180216
  },
  "firstByteHistogram": {
    "0.005215638": 1,
    "0.0104094947": 4986,
    "0.0156033514": 7008,
    "0.0207972081": 1138,
    "0.025991064799999998": 215,
    "0.031184921499999997": 61,
    "0.0363787782": 16,
    "0.0415726349": 2,
    "0.0467664916": 1,
    "0.0519603483": 2,
    "0.057154205": 2
  },
  "firstBytePercentiles": {
    "p10": 0.008587871,
    "p25": 0.009703364,
    "p50": 0.011217556,
    "p75": 0.013258358,
    "p90": 0.015814109,
    "p95": 0.017860896,
    "p99": 0.023743081,
    "p99.9": 0.033505534,
    "p99.99": 0.057145265
  },
  "rps": {
    "mean": 1340.9644450416574,
    "stddev": 323.9706296825166,
    "max": 2071.814142617685,
    "min": 200.16884241858048,
    "percentiles": {
      "p10": 903.1198792296652,
      "p25": 1153.6046363626813,
      "p50": 1390.113852463064,
      "p75": 1557.3582842893197,
      "p90": 1729.6982266726775,
      "p95": 1812.9935541680215,
      "p99": 1937.4534947428838,
      "p99.9": 2050.538482797587,
      "p99.99": 2071.814142617685
    }
  },
  "details": {
    "DNSDialup": {
      "average": 0.0013063821250000002,
      "fastest": 0.000694419,
      "slowest": 0.002954526
    },
    "DNSLookup": {
      "average": 0.0000430135,
      "fastest": 0.000014963,
      "slowest": 0.000110135
    },
    "firstByte": {
      "average": 0.011875023437537156,
      "fastest": 0.005215638,
      "slowest": 0.057154205
    }
  },
  "statusCodeDistribution": {
    "200": 13432
  },
  "errorDistribution": {
    "aborted due to deadline": 16
  }
}