{
  "summary": {
    "successRate": 1.0,
    "total": 10.00182749,
    "slowest": 0.059481013,
    "fastest": 0.005883798,
    "average": 0.02731966792043805,
    "requestsPerSec": 1171.8858390348023,
    "totalData": 3366432,
    "sizePerRequest": 288,
    "sizePerSec": 336581.6900327282
  },
  "metrics": {
    "success_rate": 1.0,
    "requests_per_sec": 1171.8858390348023,
    "latency_ms": {
      "min": 5.884,
      "mean": 27.32,
      "p50": 26.477,
      "p95": 37.093,
      "p99": 43.125,
      "max": 59.481
    }
  },
  "responseTimeHistogram": {
    "0.005883798": 1,
    "0.0112435195": 11,
    "0.016603240999999998": 47,
    "0.0219629625": 1359,
    "0.027322683999999996": 5266,
    "0.0326824055": 3355,
    "0.038042127": 1194,
    "0.0434018485": 351,
    "0.04876157": 74,
    "0.054121291499999995": 26,
    "0.05948101299999999": 5
  },
  "latencyPercentiles": {
    "p10": 0.02160069,
    "p25": 0.0238174,
    "p50": 0.026477389,
    "p75": 0.030122259,
    "p90": 0.034198696,
    "p95": 0.037092725,
    "p99": 0.043125258,
    "p99.9": 0.052602678,
    "p99.99": 0.057056794
  },
  "firstByteHistogram": {
    "0.005875178": 1,
    "0.011234698": 11,
    "0.016594218": 47,
    "0.021953738": 1359,
    "0.027313258": 5269,
    "0.032672778": 3354,
    "0.038032298": 1194,
    "0.043391818": 349,
    "0.048751338": 74,
    "0.054110858": 26,
    "0.059470378": 5
  },
  "firstBytePercentiles": {
    "p10": 0.021589738,
    "p25": 0.023805465,
    "p50": 0.026464227,
    "p75": 0.030098684,
    "p90": 0.034186351,
    "p95": 0.037080465,
    "p99": 0.043038101,
    "p99.9": 0.052594716,
    "p99.99": 0.057046586
  },
  "rps": {
    "mean": 1167.7472624565805,
    "stddev": 516.7630835552703,
    "max": 3174.219446741161,
    "min": 101.72339780562253,
    "percentiles": {
      "p10": 540.0895511682859,
      "p25": 777.8102729625259,
      "p50": 1114.1289149655145,
      "p75": 1508.4846226083187,
      "p90": 1852.0038276289717,
      "p95": 2126.4390803049646,
      "p99": 2594.700371667317,
      "p99.9": 2982.899781279074,
      "p99.99": 3174.219446741161
    }
  },
  "details": {
    "DNSDialup": {
      "average": 0.00150000259375,
      "fastest": 0.000443063,
      "slowest": 0.00271564
    },
    "DNSLookup": {
      "average": 0.00002806884375,
      "fastest": 0.000012908,
      "slowest": 0.000100748
    },
    "firstByte": {
      "average": 0.027305618004790894,
      "fastest": 0.005875178,
      "slowest": 0.059470378
    }
  },
  "statusCodeDistribution": {
    "200": 11689
  },
  "errorDistribution": {
    "aborted due to deadline": 32
  }
}