2026-09-11T20:55:10.803858Z  INFO native descriptor limits initialized descriptor_soft_limit=Some(524288) default_max_connections=32768 default_max_http_ingress_connections=32768
2026-09-11T20:55:10.979186Z  INFO host memory resolved max_guest_memory=45.7GiB guest_memory_mode="count" default_heap_memory=256MiB core_instances=512 memories=512 pool_reservation=128GiB
2026-09-11T20:55:11.012036Z  INFO executor router queue driver ready runner=cutover-sigint tenant=receiving-route-auth package_count=2 environment=dev effective_release_id=1 manifest_digest=sha256:52feceaa7255c21a354995ea59ad6056edef22c929467fe4adad2c90c4cf5bb3 wiring_cache_capacity=1024 lease_ttl_ms=30000
2026-09-11T20:55:11.012357Z  INFO probe server listening addr=127.0.0.1:43515
2026-09-11T20:55:11.128012Z  WARN executor queue turn failed; retrying error=production claim prepare exhausted candidate failed: db error: ERROR: function require_executor_platform_authority() does not exist
HINT: No function matches the given name and argument types. You might need to add explicit type casts.
2026-09-11T20:55:11.381069Z  WARN executor queue turn failed; retrying error=production claim prepare exhausted candidate failed: db error: ERROR: function require_executor_platform_authority() does not exist
HINT: No function matches the given name and argument types. You might need to add explicit type casts.
2026-09-11T20:55:11.638988Z  WARN executor queue turn failed; retrying error=production claim prepare exhausted candidate failed: db error: ERROR: function require_executor_platform_authority() does not exist
HINT: No function matches the given name and argument types. You might need to add explicit type casts.
2026-09-11T20:55:11.897735Z  WARN executor queue turn failed; retrying error=production claim prepare exhausted candidate failed: db error: ERROR: function require_executor_platform_authority() does not exist
HINT: No function matches the given name and argument types. You might need to add explicit type casts.
2026-09-11T20:55:12.151854Z  WARN executor queue turn failed; retrying error=production claim prepare exhausted candidate failed: db error: ERROR: function require_executor_platform_authority() does not exist
HINT: No function matches the given name and argument types. You might need to add explicit type casts.
2026-09-11T20:55:12.406159Z  WARN executor queue turn failed; retrying error=production claim prepare exhausted candidate failed: db error: ERROR: function require_executor_platform_authority() does not exist
HINT: No function matches the given name and argument types. You might need to add explicit type casts.
2026-09-11T20:55:12.659330Z  WARN executor queue turn failed; retrying error=production claim prepare exhausted candidate failed: db error: ERROR: function require_executor_platform_authority() does not exist
HINT: No function matches the given name and argument types. You might need to add explicit type casts.
2026-09-11T20:55:12.922018Z  WARN executor queue turn failed; retrying error=production claim prepare exhausted candidate failed: db error: ERROR: function require_executor_platform_authority() does not exist
HINT: No function matches the given name and argument types. You might need to add explicit type casts.
2026-09-11T20:55:13.175929Z  WARN executor queue turn failed; retrying error=production claim prepare exhausted candidate failed: db error: ERROR: function require_executor_platform_authority() does not exist
HINT: No function matches the given name and argument types. You might need to add explicit type casts.
2026-09-11T20:55:13.430252Z  WARN executor queue turn failed; retrying error=production claim prepare exhausted candidate failed: db error: ERROR: function require_executor_platform_authority() does not exist
HINT: No function matches the given name and argument types. You might need to add explicit type casts.
2026-09-11T20:55:13.686790Z  WARN executor queue turn failed; retrying error=production claim prepare exhausted candidate failed: db error: ERROR: function require_executor_platform_authority() does not exist
HINT: No function matches the given name and argument types. You might need to add explicit type casts.
2026-09-11T20:55:13.949147Z  WARN executor queue turn failed; retrying error=production claim prepare exhausted candidate failed: db error: ERROR: function require_executor_platform_authority() does not exist
HINT: No function matches the given name and argument types. You might need to add explicit type casts.
2026-09-11T20:55:14.208011Z  WARN executor queue turn failed; retrying error=production claim prepare exhausted candidate failed: db error: ERROR: function require_executor_platform_authority() does not exist
HINT: No function matches the given name and argument types. You might need to add explicit type casts.
2026-09-11T20:55:14.462467Z  WARN executor queue turn failed; retrying error=production claim prepare exhausted candidate failed: db error: ERROR: function require_executor_platform_authority() does not exist
HINT: No function matches the given name and argument types. You might need to add explicit type casts.
2026-09-11T20:55:14.718421Z  WARN executor queue turn failed; retrying error=production claim prepare exhausted candidate failed: db error: ERROR: function require_executor_platform_authority() does not exist
HINT: No function matches the given name and argument types. You might need to add explicit type casts.
2026-09-11T20:55:14.972236Z  WARN executor queue turn failed; retrying error=production claim prepare exhausted candidate failed: db error: ERROR: function require_executor_platform_authority() does not exist
HINT: No function matches the given name and argument types. You might need to add explicit type casts.
2026-09-11T20:55:15.226029Z  WARN executor queue turn failed; retrying error=production claim prepare exhausted candidate failed: db error: ERROR: function require_executor_platform_authority() does not exist
HINT: No function matches the given name and argument types. You might need to add explicit type casts.
2026-09-11T20:55:15.481640Z  WARN executor queue turn failed; retrying error=production claim prepare exhausted candidate failed: db error: ERROR: function require_executor_platform_authority() does not exist
HINT: No function matches the given name and argument types. You might need to add explicit type casts.
2026-09-11T20:55:15.736176Z  WARN executor queue turn failed; retrying error=production claim prepare exhausted candidate failed: db error: ERROR: function require_executor_platform_authority() does not exist
HINT: No function matches the given name and argument types. You might need to add explicit type casts.
2026-09-11T20:55:15.991921Z  WARN executor queue turn failed; retrying error=production claim prepare exhausted candidate failed: db error: ERROR: function require_executor_platform_authority() does not exist
HINT: No function matches the given name and argument types. You might need to add explicit type casts.
2026-09-11T20:55:16.250870Z  WARN executor queue turn failed; retrying error=production claim prepare exhausted candidate failed: db error: ERROR: function require_executor_platform_authority() does not exist
HINT: No function matches the given name and argument types. You might need to add explicit type casts.
2026-09-11T20:55:16.511248Z  WARN executor queue turn failed; retrying error=production claim prepare exhausted candidate failed: db error: ERROR: function require_executor_platform_authority() does not exist
HINT: No function matches the given name and argument types. You might need to add explicit type casts.
2026-09-11T20:55:16.765194Z  WARN executor queue turn failed; retrying error=production claim prepare exhausted candidate failed: db error: ERROR: function require_executor_platform_authority() does not exist
HINT: No function matches the given name and argument types. You might need to add explicit type casts.
2026-09-11T20:55:17.022252Z  WARN executor queue turn failed; retrying error=production claim prepare exhausted candidate failed: db error: ERROR: function require_executor_platform_authority() does not exist
HINT: No function matches the given name and argument types. You might need to add explicit type casts.
2026-09-11T20:55:17.277590Z  WARN executor queue turn failed; retrying error=production claim prepare exhausted candidate failed: db error: ERROR: function require_executor_platform_authority() does not exist
HINT: No function matches the given name and argument types. You might need to add explicit type casts.
2026-09-11T20:55:17.532763Z  WARN executor queue turn failed; retrying error=production claim prepare exhausted candidate failed: db error: ERROR: function require_executor_platform_authority() does not exist
HINT: No function matches the given name and argument types. You might need to add explicit type casts.
2026-09-11T20:55:17.792778Z  WARN executor queue turn failed; retrying error=production claim prepare exhausted candidate failed: db error: ERROR: function require_executor_platform_authority() does not exist
HINT: No function matches the given name and argument types. You might need to add explicit type casts.
2026-09-11T20:55:18.052507Z  WARN executor queue turn failed; retrying error=production claim prepare exhausted candidate failed: db error: ERROR: function require_executor_platform_authority() does not exist
HINT: No function matches the given name and argument types. You might need to add explicit type casts.
2026-09-11T20:55:18.306412Z  WARN executor queue turn failed; retrying error=production claim prepare exhausted candidate failed: db error: ERROR: function require_executor_platform_authority() does not exist
HINT: No function matches the given name and argument types. You might need to add explicit type casts.
2026-09-11T20:55:18.561294Z  WARN executor queue turn failed; retrying error=production claim prepare exhausted candidate failed: db error: ERROR: function require_executor_platform_authority() does not exist
HINT: No function matches the given name and argument types. You might need to add explicit type casts.
2026-09-11T20:55:18.817264Z  WARN executor queue turn failed; retrying error=production claim prepare exhausted candidate failed: db error: ERROR: function require_executor_platform_authority() does not exist
HINT: No function matches the given name and argument types. You might need to add explicit type casts.
2026-09-11T20:55:19.073848Z  WARN executor queue turn failed; retrying error=production claim prepare exhausted candidate failed: db error: ERROR: function require_executor_platform_authority() does not exist
HINT: No function matches the given name and argument types. You might need to add explicit type casts.
2026-09-11T20:55:19.331056Z  WARN executor queue turn failed; retrying error=production claim prepare exhausted candidate failed: db error: ERROR: function require_executor_platform_authority() does not exist
HINT: No function matches the given name and argument types. You might need to add explicit type casts.
2026-09-11T20:55:19.585133Z  WARN executor queue turn failed; retrying error=production claim prepare exhausted candidate failed: db error: ERROR: function require_executor_platform_authority() does not exist
HINT: No function matches the given name and argument types. You might need to add explicit type casts.
2026-09-11T20:55:19.839278Z  WARN executor queue turn failed; retrying error=production claim prepare exhausted candidate failed: db error: ERROR: function require_executor_platform_authority() does not exist
HINT: No function matches the given name and argument types. You might need to add explicit type casts.
2026-09-11T20:55:20.095466Z  WARN executor queue turn failed; retrying error=production claim prepare exhausted candidate failed: db error: ERROR: function require_executor_platform_authority() does not exist
HINT: No function matches the given name and argument types. You might need to add explicit type casts.
2026-09-11T20:55:20.352497Z  WARN executor queue turn failed; retrying error=production claim prepare exhausted candidate failed: db error: ERROR: function require_executor_platform_authority() does not exist
HINT: No function matches the given name and argument types. You might need to add explicit type casts.
2026-09-11T20:55:20.612654Z  WARN executor queue turn failed; retrying error=production claim prepare exhausted candidate failed: db error: ERROR: function require_executor_platform_authority() does not exist
HINT: No function matches the given name and argument types. You might need to add explicit type casts.
2026-09-11T20:55:20.887773Z  WARN executor queue turn failed; retrying error=production claim prepare exhausted candidate failed: db error: ERROR: function require_executor_platform_authority() does not exist
HINT: No function matches the given name and argument types. You might need to add explicit type casts.
2026-09-11T20:55:21.145750Z  WARN executor queue turn failed; retrying error=production claim prepare exhausted candidate failed: db error: ERROR: function require_executor_platform_authority() does not exist
HINT: No function matches the given name and argument types. You might need to add explicit type casts.
2026-09-11T20:55:21.398988Z  WARN executor queue turn failed; retrying error=production claim prepare exhausted candidate failed: db error: ERROR: function require_executor_platform_authority() does not exist
HINT: No function matches the given name and argument types. You might need to add explicit type casts.
2026-09-11T20:55:21.494183Z  INFO synchronous release preload completed synchronous_wirings=13 component_digests=2 elapsed_ms=10481
2026-09-11T20:55:21.534490Z  INFO executor router driver stopping cache_hits=0 cache_evictions=0
