2026-09-10T12:18:06.542535Z  INFO native descriptor limits initialized descriptor_soft_limit=Some(524288) default_max_connections=32768 default_max_http_ingress_connections=32768
2026-09-10T12:18:06.544362Z  INFO connected to NATS
2026-09-10T12:18:06.545060Z  INFO host memory resolved max_guest_memory=45.7GiB guest_memory_mode="count" default_heap_memory=256MiB core_instances=512 memories=512 pool_reservation=128GiB
2026-09-10T12:18:06.546860Z  INFO wamn-host starting (base plugins: wasi:config, wamn:logging, wasi:otel, wamn:postgres, wamn:jetstream, wamn:flow-http-routing) router_delivery=false
2026-09-10T12:18:06.546876Z  INFO wamn-host carries no release; no release-gated interface is served
2026-09-10T12:18:06.546935Z  INFO HTTP server listening addr=127.0.0.1:35959 protocol="HTTP"
2026-09-10T12:18:06.546949Z  INFO probe server listening addr=127.0.0.1:43751
2026-09-10T12:18:06.546970Z  INFO Starting WASI OTel plugin endpoint=http://localhost:4317 protocol="grpc"
2026-09-10T12:18:06.547584Z  INFO WASI OTel plugin started
2026-09-10T12:18:06.547638Z  INFO Host started host_id="93e80d15-ecfb-4e97-b22e-f302f5619a4b" friendly_name="bouncy-anger-9341" host_name="host-term" labels={"hostgroup": "lifecycle-proof"} version="2.9.0" max_concurrent_starts=1
2026-09-10T12:18:06.547907Z  INFO Host provides interfaces count=10 interfaces=["wasi:cli/exit,terminal-stderr,environment,stdin,terminal-stdout,terminal-input,stderr,terminal-output,terminal-stdin,stdout@0.2.0", "wasi:clocks/monotonic-clock,wall-clock@0.2.0", "wasi:clocks/monotonic-clock,wall-time@0.2.0", "wasi:filesystem/preopens,types@0.2.0", "wasi:http/types,outgoing-handler,incoming-handler@0.2.0", "wasi:http/types,handler@0.3.0", "wasi:io/poll,error,streams@0.2.0", "wasi:random/random@0.2.0", "wasi:random/random,insecure-seed,insecure@0.2.0", "wasi:sockets/instance-network,network,tcp,udp,udp-create-socket,tcp-create-socket,ip-name-lookup@0.2.0"]
2026-09-10T12:18:06.547941Z  INFO wamn-host runtime startup completed elapsed_ms=5 cleanup_budget_secs=45
2026-09-10T12:18:06.564056Z  WARN disconnected from NATS; buffered operations will be retried
2026-09-10T12:18:06.565579Z  WARN NATS client error err=nats: IO error
2026-09-10T12:18:06.568780Z  WARN NATS client error err=nats: IO error
2026-09-10T12:18:06.573966Z  WARN NATS client error err=nats: IO error
2026-09-10T12:18:06.583155Z  WARN NATS client error err=nats: IO error
2026-09-10T12:18:06.600396Z  WARN NATS client error err=nats: IO error
2026-09-10T12:18:06.633864Z  WARN NATS client error err=nats: IO error
2026-09-10T12:18:06.698506Z  WARN NATS client error err=nats: IO error
2026-09-10T12:18:06.827902Z  WARN NATS client error err=nats: IO error
2026-09-10T12:18:07.084944Z  WARN NATS client error err=nats: IO error
2026-09-10T12:18:07.598083Z  WARN NATS client error err=nats: IO error
2026-09-10T12:18:08.623832Z  WARN NATS client error err=nats: IO error
2026-09-10T12:18:10.672387Z  WARN NATS client error err=nats: IO error
2026-09-10T12:18:14.673899Z  WARN NATS client error err=nats: IO error
2026-09-10T12:18:18.675107Z  WARN NATS client error err=nats: IO error
2026-09-10T12:18:22.676502Z  WARN NATS client error err=nats: IO error
2026-09-10T12:18:26.678253Z  WARN NATS client error err=nats: IO error
2026-09-10T12:18:30.679535Z  WARN NATS client error err=nats: IO error
2026-09-10T12:18:34.680686Z  WARN NATS client error err=nats: IO error
2026-09-10T12:18:38.682252Z  WARN NATS client error err=nats: IO error
2026-09-10T12:18:42.683997Z  WARN NATS client error err=nats: IO error
2026-09-10T12:18:46.685954Z  WARN NATS client error err=nats: IO error
2026-09-10T12:18:50.686800Z  WARN NATS client error err=nats: IO error
2026-09-10T12:18:54.687429Z  WARN NATS client error err=nats: IO error
2026-09-10T12:18:58.689014Z  INFO connected to NATS
2026-09-10T12:19:03.799152Z  INFO shutting down wamn-host
2026-09-10T12:19:03.799319Z  INFO HTTP server stopping addr=127.0.0.1:35959
2026-09-10T12:19:03.799379Z  INFO Stopping WASI OTel plugin
2026-09-10T12:19:03.799902Z  INFO WASI OTel plugin stopped
2026-09-10T12:19:03.799977Z  INFO HTTP server received shutdown signal
