   Compiling proc-macro2 v1.0.107
   Compiling quote v1.0.47
   Compiling unicode-ident v1.0.24
   Compiling serde_core v1.0.229
   Compiling serde v1.0.229
   Compiling libc v0.2.189
    Checking cfg-if v1.0.4
    Checking memchr v2.8.3
   Compiling syn v3.0.4
   Compiling syn v2.0.119
    Checking log v0.4.34
    Checking itoa v1.0.18
    Checking allocator-api2 v0.2.21
    Checking equivalent v1.0.2
    Checking foldhash v0.2.0
    Checking typenum v1.20.1
    Checking hashbrown v0.17.1
    Checking pin-project-lite v0.2.17
   Compiling zmij v1.0.23
   Compiling anyhow v1.0.104
    Checking futures-core v0.3.34
   Compiling version_check v0.9.5
    Checking once_cell v1.21.4
   Compiling shlex v2.0.1
   Compiling find-msvc-tools v0.1.11
   Compiling parking_lot_core v0.9.12
    Checking errno v0.3.14
    Checking scopeguard v1.2.0
    Checking bitflags v2.13.1
    Checking lock_api v0.4.14
   Compiling jobserver v0.1.35
    Checking signal-hook-registry v1.4.8
   Compiling cc v1.4.4
    Checking futures-sink v0.3.34
    Checking mio v1.2.2
    Checking indexmap v2.14.0
   Compiling serde_json v1.0.151
   Compiling generic-array v0.14.7
   Compiling serde_derive v1.0.229
   Compiling thiserror-impl v2.0.20
   Compiling tokio-macros v2.7.2
    Checking socket2 v0.6.5
    Checking base64 v0.22.1
   Compiling futures-macro v0.3.34
    Checking futures-channel v0.3.34
    Checking futures-task v0.3.34
    Checking futures-io v0.3.34
    Checking slab v0.4.12
   Compiling thiserror v2.0.20
    Checking futures-util v0.3.34
   Compiling heck v0.5.0
   Compiling pkg-config v0.3.34
   Compiling synstructure v0.13.2
    Checking percent-encoding v2.3.2
   Compiling libm v0.2.16
   Compiling zerofrom-derive v0.1.7
   Compiling yoke-derive v0.8.2
    Checking smallvec v1.15.2
    Checking bytes v1.12.1
    Checking stable_deref_trait v1.2.1
    Checking zerofrom v0.1.8
   Compiling zeroize_derive v1.5.0
    Checking parking_lot v0.12.5
    Checking tracing-core v0.1.36
    Checking yoke v0.8.3
    Checking tokio v1.53.1
    Checking zeroize v1.9.0
   Compiling zerovec-derive v0.11.6
   Compiling tracing-attributes v0.1.31
   Compiling displaydoc v0.2.7
    Checking zerovec v0.11.8
    Checking hybrid-array v0.4.14
    Checking fnv v1.0.7
    Checking cpufeatures v0.3.0
   Compiling autocfg v1.5.1
    Checking tracing v0.1.44
    Checking crypto-common v0.1.7
    Checking block-buffer v0.10.4
    Checking cmov v0.5.4
    Checking digest v0.10.7
    Checking ctutils v0.4.2
   Compiling num-traits v0.2.19
    Checking block-buffer v0.12.1
    Checking crypto-common v0.2.2
    Checking getrandom v0.2.17
    Checking const-oid v0.10.2
    Checking tinystr v0.8.4
    Checking litemap v0.8.3
    Checking digest v0.11.3
    Checking writeable v0.6.4
    Checking potential_utf v0.1.6
    Checking zerotrie v0.2.5
   Compiling cmake v0.1.58
    Checking icu_locale_core v2.3.0
    Checking utf8_iter v1.0.4
   Compiling icu_properties_data v2.3.0
   Compiling icu_normalizer_data v2.3.0
   Compiling dunce v1.0.5
   Compiling fs_extra v1.3.0
    Checking tokio-util v0.7.19
    Checking icu_collections v2.3.0
   Compiling aws-lc-sys v0.44.0
    Checking icu_provider v2.3.1
   Compiling async-trait v0.1.92
   Compiling ring v0.17.14
    Checking semver v1.0.28
   Compiling rustix v1.1.4
    Checking rand_core v0.10.1
   Compiling getrandom v0.4.3
   Compiling zerocopy v0.8.56
    Checking iana-time-zone v0.1.65
    Checking chrono v0.4.45
    Checking icu_normalizer v2.3.0
    Checking icu_properties v2.3.0
    Checking sha2 v0.11.0
    Checking rustls-pki-types v1.15.1
    Checking hashbrown v0.16.1
    Checking linux-raw-sys v0.12.1
   Compiling aws-lc-rs v1.18.0
   Compiling wasmtime-internal-core v47.0.4
    Checking idna_adapter v1.2.2
    Checking http v1.5.0
    Checking form_urlencoded v1.2.2
    Checking untrusted v0.9.0
    Checking subtle v2.6.1
    Checking idna v1.1.0
    Checking untrusted v0.7.1
    Checking ipnet v2.12.1
   Compiling cranelift-bitset v0.134.4
    Checking url v2.5.8
    Checking aho-corasick v1.1.5
    Checking regex-syntax v0.8.11
   Compiling strsim v0.11.1
    Checking either v1.18.0
   Compiling target-lexicon v0.13.5
   Compiling ident_case v1.0.1
    Checking cpufeatures v0.2.17
    Checking http-body v1.1.0
    Checking leb128fmt v0.1.0
   Compiling rustls v0.23.43
    Checking regex-automata v0.4.18
   Compiling getrandom v0.3.4
   Compiling crc32fast v1.5.1
    Checking sha2 v0.10.9
   Compiling cranelift-srcgen v0.134.4
    Checking tinyvec_macros v0.1.1
    Checking tinyvec v1.12.0
   Compiling cranelift-assembler-x64-meta v0.134.4
    Checking chacha20 v0.10.1
   Compiling httparse v1.10.1
    Checking tower-service v0.3.3
    Checking rand v0.10.2
    Checking unicode-normalization v0.1.25
   Compiling pulley-macros v47.0.4
    Checking try-lock v0.2.5
    Checking atomic-waker v1.1.2
    Checking want v0.3.1
    Checking h2 v0.4.19
    Checking cranelift-entity v0.134.4
    Checking gimli v0.33.0
    Checking cobs v0.3.0
   Compiling cranelift-isle v0.134.4
    Checking httpdate v1.0.3
    Checking postcard v1.1.3
    Checking cranelift-bforest v0.134.4
   Compiling pulley-interpreter v47.0.4
    Checking regex v1.13.1
    Checking hyper v1.11.0
    Checking itertools v0.14.0
    Checking sync_wrapper v1.0.2
   Compiling cranelift-codegen-shared v0.134.4
   Compiling crossbeam-utils v0.8.22
    Checking openssl-probe v0.2.1
    Checking ryu v1.0.23
    Checking tower-layer v0.3.3
    Checking rustls-native-certs v0.8.4
   Compiling cranelift-codegen-meta v0.134.4
   Compiling cranelift-assembler-x64 v0.134.4
    Checking http-body-util v0.1.5
   Compiling serde_derive_internals v0.29.1
   Compiling rustversion v1.0.23
   Compiling cpp_demangle v0.5.1
   Compiling io-lifetimes v2.0.4
   Compiling schemars v0.8.22
   Compiling object v0.39.1
   Compiling schemars_derive v0.8.22
   Compiling cranelift-codegen v0.134.4
   Compiling prost-derive v0.14.4
    Checking tower v0.5.3
    Checking hyper-util v0.1.20
   Compiling wasmparser v0.252.0
    Checking ppv-lite86 v0.2.21
    Checking md-5 v0.11.0
   Compiling zstd-sys v2.0.16+zstd.1.5.7
   Compiling wasmtime-internal-versioned-export-macros v47.0.4
    Checking bumpalo v3.20.3
    Checking termcolor v1.4.1
    Checking unicode-bidi v0.3.18
   Compiling crossbeam-epoch v0.9.20
    Checking rustc-hash v2.1.3
   Compiling ref-cast v1.0.27
    Checking arbitrary v1.4.2
    Checking dyn-clone v1.0.20
    Checking unicode-properties v0.1.4
    Checking stringprep v0.1.5
    Checking cranelift-control v0.134.4
    Checking wasmprinter v0.252.0
    Checking regalloc2 v0.15.2
    Checking wasm-encoder v0.252.0
    Checking hmac v0.13.0
   Compiling ref-cast-impl v1.0.27
   Compiling ahash v0.8.12
    Checking lazy_static v1.5.0
    Checking rustc-demangle v0.1.28
    Checking byteorder v1.5.0
    Checking wasmtime-internal-component-util v47.0.4
    Checking fallible-iterator v0.2.0
    Checking wasmtime-environ v47.0.4
    Checking postgres-protocol v0.6.12
   Compiling darling_core v0.24.1
    Checking signature v2.2.0
   Compiling crossbeam-deque v0.8.7
    Checking borrow-or-share v0.2.4
    Checking siphasher v1.0.3
   Compiling zstd-safe v7.2.4
    Checking phf_shared v0.13.1
   Compiling darling_core v0.20.11
    Checking fluent-uri v0.3.2
   Compiling darling_macro v0.24.1
    Checking fs-set-times v0.20.3
    Checking wamn-execution-contract v0.1.0 (/home/kaalin/.cache/wamn-lanes/native-c-advisories-20260910/components/execution/contract)
    Checking rustix-linux-procfs v0.1.1
    Checking deranged v0.5.8
    Checking num-conv v0.2.2
    Checking ambient-authority v0.0.2
    Checking time-core v0.1.9
   Compiling io-lifetimes v3.0.1
    Checking maybe-owned v0.3.4
    Checking appendlist v1.4.0
   Compiling id-arena v2.3.0
   Compiling wasmtime-internal-unwinder v47.0.4
    Checking powerfmt v0.2.0
    Checking winnow v1.0.4
   Compiling thiserror v1.0.69
   Compiling rayon-core v1.13.0
    Checking base64ct v1.8.3
    Checking hex v0.4.3
    Checking pem-rfc7468 v0.7.0
    Checking toml_parser v1.1.3+spec-1.1.0
    Checking time v0.3.55
   Compiling wit-parser v0.252.0
    Checking boon v0.6.1
   Compiling darling_macro v0.20.11
   Compiling darling v0.24.1
    Checking phf v0.13.1
    Checking postgres-types v0.2.14
   Compiling wasmtime-internal-fiber v47.0.4
   Compiling rustc_version v0.4.1
    Checking rand_core v0.6.4
    Checking opentelemetry v0.31.0
   Compiling thiserror-impl v1.0.69
   Compiling pin-project-internal v1.1.13
    Checking serde_spanned v1.1.1
    Checking toml_datetime v0.7.5+spec-1.1.0
    Checking dirs-sys-next v0.1.2
    Checking whoami v2.1.3
   Compiling wasmtime-internal-cache v47.0.4
   Compiling leb128 v0.2.7
   Compiling wasmtime-internal-component-macro v47.0.4
    Checking winnow v0.7.15
   Compiling wasmtime-internal-cranelift v47.0.4
    Checking const-oid v0.9.6
   Compiling io-extras v0.19.0
    Checking toml_writer v1.1.2+spec-1.1.0
    Checking der v0.7.10
    Checking toml v0.9.12+spec-1.1.0
   Compiling prost v0.14.4
   Compiling wast v35.0.2
    Checking cranelift-native v0.134.4
    Checking cranelift-frontend v0.134.4
    Checking tokio-postgres v0.7.18
    Checking pin-project v1.1.13
    Checking directories-next v2.0.0
   Compiling curve25519-dalek v4.1.3
   Compiling darling v0.20.11
   Compiling wasmtime-internal-wit-bindgen v47.0.4
    Checking zstd v0.13.3
   Compiling wasmtime v47.0.4
    Checking wamn-event-wire v0.1.0 (/home/kaalin/.cache/wamn-lanes/native-c-advisories-20260910/components/events/wire)
    Checking tokio-stream v0.1.19
    Checking simd-adler32 v0.3.10
   Compiling cap-primitives v4.0.3
    Checking adler2 v2.0.1
   Compiling prettyplease v0.2.37
    Checking mime v0.3.17
   Compiling foldhash v0.1.5
   Compiling hashbrown v0.15.5
    Checking axum-core v0.5.6
    Checking miniz_oxide v0.8.9
    Checking rayon v1.12.0
   Compiling derive_builder_core v0.20.2
   Compiling witx v0.9.1
   Compiling prost-types v0.14.4
    Checking spki v0.7.3
    Checking rand_chacha v0.3.1
    Checking castaway v0.2.4
    Checking tower-http v0.6.11
    Checking serde_urlencoded v0.7.1
    Checking addr2line v0.26.1
    Checking rand_core v0.9.5
    Checking wasmtime-internal-jit-icache-coherence v47.0.4
    Checking memfd v0.6.5
    Checking wasmparser v0.253.0
    Checking futures v0.3.34
   Compiling strum_macros v0.28.0
   Compiling curve25519-dalek-derive v0.1.1
    Checking encoding_rs v0.8.35
   Compiling fixedbitset v0.5.7
    Checking matchit v0.8.4
   Compiling io-extras v0.18.4
    Checking unicode-width v0.2.2
   Compiling portable-atomic v1.15.0
    Checking konst_macro_rules v0.2.19
   Compiling wiggle-macro v47.0.4
   Compiling fastrand v2.5.0
   Compiling unicode-segmentation v1.13.3
   Compiling signal-hook v0.3.18
   Compiling cap-std v4.0.3
    Checking static_assertions v1.1.0
   Compiling unicode-xid v0.2.6
    Checking rustls-webpki v0.103.15
   Compiling const_format_proc_macros v0.2.34
    Checking unicode-truncate v2.0.1
    Checking compact_str v0.9.1
   Compiling convert_case v0.10.0
   Compiling tempfile v3.27.0
    Checking konst v0.2.20
    Checking strum v0.28.0
    Checking axum v0.8.9
   Compiling petgraph v0.8.3
    Checking tokio-rustls v0.26.4
    Checking rustls-platform-verifier v0.7.0
    Checking hyper-rustls v0.27.9
    Checking rand_chacha v0.9.0
    Checking reqwest v0.13.4
    Checking rand v0.8.8
    Checking pkcs8 v0.10.2
   Compiling wiggle-generate v47.0.4
   Compiling derive_builder_macro v0.20.2
    Checking flate2 v1.1.9
    Checking ed25519 v2.2.3
    Checking sharded-slab v0.1.7
    Checking hyper-timeout v0.5.2
    Checking matchers v0.2.0
    Checking uuid v1.26.0
    Checking kasuari v0.4.12
    Checking webpki-roots v1.0.9
    Checking wasmparser v0.254.0
    Checking tracing-log v0.2.0
    Checking tracing-serde v0.2.0
    Checking lru v0.18.4
    Checking thread_local v1.1.10
   Compiling prettyplease v0.3.0
    Checking wamn-component-policy v0.1.0 (/home/kaalin/.cache/wamn-lanes/native-c-advisories-20260910/crates/platform/component-policy)
   Compiling cap-fs-ext v4.0.3
   Compiling multimap v0.10.1
   Compiling cap-primitives v3.4.6
    Checking nu-ansi-term v0.50.3
   Compiling instability v0.3.13
   Compiling deunicode v1.6.2
    Checking tracing-subscriber v0.3.23
   Compiling slug v0.1.6
   Compiling prost-build v0.14.4
    Checking wamn-catalog v0.1.0 (/home/kaalin/.cache/wamn-lanes/native-c-advisories-20260910/crates/catalog/model)
    Checking ratatui-core v0.1.2
warning: function `canonical_serialized` is never used
   --> crates/catalog/model/src/lib.rs:792:4
    |
792 | fn canonical_serialized(value: &impl Serialize) -> Vec<u8> {
    |    ^^^^^^^^^^^^^^^^^^^^
    |
    = note: `#[warn(dead_code)]` (part of `#[warn(unused)]`) on by default

warning: `wamn-catalog` (lib) generated 1 warning
    Checking tonic v0.14.6
    Checking ed25519-dalek v2.2.0
    Checking derive_builder v0.20.2
    Checking signatory v0.27.1
    Checking rand v0.9.5
    Checking wasm-encoder v0.253.0
    Checking const_format v0.2.36
   Compiling derive_more-impl v2.1.1
   Compiling pbjson-build v0.8.0
    Checking futures-executor v0.3.34
   Compiling strum_macros v0.27.2
   Compiling getset v0.1.7
   Compiling indoc v2.0.7
    Checking utf8parse v0.2.2
    Checking wamn-pg-core v0.1.0 (/home/kaalin/.cache/wamn-lanes/native-c-advisories-20260910/crates/platform/pg-core)
    Checking data-encoding v2.11.0
   Compiling litrs v1.0.0
   Compiling cap-std v3.4.6
    Checking strum v0.27.2
    Checking nkeys v0.4.5
   Compiling pbjson-types v0.8.0
    Checking anstyle-parse v1.0.0
   Compiling document-features v0.2.12
    Checking wasm-metadata v0.253.0
    Checking derive_more v2.1.1
    Checking opentelemetry_sdk v0.31.0
    Checking wasmtime-wasi-io v47.0.4
    Checking wiggle v47.0.4
    Checking signal-hook-mio v0.2.5
    Checking tonic-prost v0.14.6
    Checking oci-spec v0.9.0
    Checking wasm-encoder v0.254.0
   Compiling jmespath v0.3.0
    Checking wit-parser v0.253.0
    Checking jsonwebtoken v10.4.0
    Checking wamn-schema-introspection v0.1.0 (/home/kaalin/.cache/wamn-lanes/native-c-advisories-20260910/crates/schema/introspection)
    Checking olpc-cjson v0.1.4
    Checking tryhard v0.5.2
    Checking num-integer v0.1.47
    Checking serde_nanos v0.1.4
    Checking wamn-control-registry v0.1.0 (/home/kaalin/.cache/wamn-lanes/native-c-advisories-20260910/crates/control/registry)
   Compiling serde_repr v0.1.21
    Checking http-auth v0.1.10
    Checking anstyle v1.0.14
    Checking anstyle-query v1.1.5
    Checking is_terminal_polyfill v1.70.2
   Compiling names v0.14.0
    Checking unicase v2.9.0
    Checking colorchoice v1.0.5
    Checking anstream v1.0.0
    Checking wit-component v0.253.0
    Checking async-nats v0.49.1
    Checking num-bigint v0.4.8
    Checking oci-client v0.17.0
    Checking wamn-schema-generator v0.1.0 (/home/kaalin/.cache/wamn-lanes/native-c-advisories-20260910/crates/schema/generator)
    Checking wasm-metadata v0.254.0
   Compiling bon-macros v3.10.0
    Checking wasmtime-wasi v47.0.4
    Checking opentelemetry-proto v0.31.0
    Checking crossterm v0.29.0
    Checking wamn-run-state v0.1.0 (/home/kaalin/.cache/wamn-lanes/native-c-advisories-20260910/crates/execution/run-state)
    Checking wit-parser v0.254.0
    Checking opentelemetry-http v0.31.0
    Checking arc-swap v1.9.2
    Checking crossbeam-channel v0.5.16
    Checking itertools v0.13.0
    Checking combine v4.6.8
    Checking deadpool-runtime v0.3.1
    Checking pbjson v0.8.0
    Checking line-clipping v0.3.8
    Checking home v0.5.12
    Checking spin v0.10.1
    Checking tagptr v0.2.0
    Checking clap_lex v1.1.0
    Checking humantime v2.4.0
    Checking clap_builder v4.6.6
    Checking crc-fast v1.10.0
    Checking moka v0.12.16
    Checking ratatui-widgets v0.3.2
    Checking etcetera v0.10.0
    Checking wit-component v0.254.0
    Checking redis v0.27.6
    Checking deadpool v0.13.1
    Checking opentelemetry-otlp v0.31.1
    Checking bon v3.10.0
    Checking ratatui-crossterm v0.1.2
    Checking cap-net-ext v3.4.6
    Checking oci-wasm v0.6.0
    Checking tracing-opentelemetry v0.32.1
    Checking opentelemetry-appender-tracing v0.31.1
    Checking wamn-client v0.1.0 (/home/kaalin/.cache/wamn-lanes/native-c-advisories-20260910/crates/client/core)
    Checking webpki-roots v0.26.11
    Checking itertools v0.15.0
    Checking docker_credential v1.4.0
    Checking quick-xml v0.41.0
   Compiling clap_derive v4.6.4
    Checking sysinfo v0.32.1
    Checking hostname v0.4.2
    Checking opentelemetry-semantic-conventions v0.31.0
    Checking object_store v0.14.1
    Checking wamn-client-tui v0.1.0 (/home/kaalin/.cache/wamn-lanes/native-c-advisories-20260910/crates/client/tui)
    Checking wamn-event-reg v0.1.0 (/home/kaalin/.cache/wamn-lanes/native-c-advisories-20260910/components/events/registration)
    Checking ratatui v0.30.2
    Checking clap v4.6.6
    Checking deadpool-postgres v0.14.2
    Checking wamn-control-provision v0.1.0 (/home/kaalin/.cache/wamn-lanes/native-c-advisories-20260910/crates/control/provision)
    Checking wamn-router v0.1.0 (/home/kaalin/.cache/wamn-lanes/native-c-advisories-20260910/crates/execution/router)
    Checking wamn-platform-identity v0.1.0 (/home/kaalin/.cache/wamn-lanes/native-c-advisories-20260910/crates/identity/platform)
    Checking yasna v0.6.0
    Checking pem v3.0.6
    Checking rcgen v0.14.8
    Checking wamn-client-terminal v0.1.0 (/home/kaalin/.cache/wamn-lanes/native-c-advisories-20260910/crates/client/terminal)
    Checking wamn-schema-control v0.1.0 (/home/kaalin/.cache/wamn-lanes/native-c-advisories-20260910/crates/schema/control)
    Checking pg_walstream v0.8.0 (https://github.com/dkkloimwieder/pg-walstream?rev=0b007cd627bb913d4b159c705a106b6d4152c91a#0b007cd6)
    Checking wamn-authoring-model v0.1.0 (/home/kaalin/.cache/wamn-lanes/native-c-advisories-20260910/crates/authoring/model)
    Checking wamn-cdc-reader v0.1.0 (/home/kaalin/.cache/wamn-lanes/native-c-advisories-20260910/services/cdc-reader)
    Checking wasmtime-wasi-http v47.0.4
    Checking wash-runtime v2.9.0 (https://github.com/wasmCloud/wasmCloud?rev=68ebece9c537f8bb4b5c9999f274ec68d60f35a9#68ebece9)
    Checking wamn-runtime v0.1.0 (/home/kaalin/.cache/wamn-lanes/native-c-advisories-20260910/crates/platform/runtime)
error: failed to resolve directory while parsing WIT for path [/home/kaalin/.cache/wamn-lanes/native-c-advisories-20260910/crates/platform/runtime/wit]
       
       Caused by:
           interface not found in package
  --> crates/platform/runtime/src/plugins/connection_http.rs:46:5
   |
46 | /     wash_runtime::wasmtime::component::bindgen!({
47 | |         world: "connection-http-plugin",
48 | |         imports: { default: async | trappable | tracing },
49 | |         wasmtime_crate: wash_runtime::wasmtime,
50 | |     });
   | |______^
   |
   = note: this error originates in the macro `wash_runtime::wasmtime::component::bindgen` (in Nightly builds, run with -Z macro-backtrace for more info)

error: failed to resolve directory while parsing WIT for path [/home/kaalin/.cache/wamn-lanes/native-c-advisories-20260910/crates/platform/runtime/wit]
       
       Caused by:
           interface not found in package
  --> crates/platform/runtime/src/plugins/flow_http_routing.rs:48:5
   |
48 | /     wash_runtime::wasmtime::component::bindgen!({
49 | |         world: "flow-http-routing-plugin",
50 | |         imports: { default: async | trappable | tracing },
51 | |         with: {
...  |
55 | |         wasmtime_crate: wash_runtime::wasmtime,
56 | |     });
   | |______^
   |
   = note: this error originates in the macro `wash_runtime::wasmtime::component::bindgen` (in Nightly builds, run with -Z macro-backtrace for more info)

error: failed to resolve directory while parsing WIT for path [/home/kaalin/.cache/wamn-lanes/native-c-advisories-20260910/crates/platform/runtime/wit]
       
       Caused by:
           interface not found in package
  --> crates/platform/runtime/src/plugins/wamn_blobstore/bindings.rs:35:1
   |
35 | / wash_runtime::wasmtime::component::bindgen!({
36 | |     world: "blobstore-plugin",
37 | |     imports: { default: async | trappable | tracing },
38 | |     with: {
...  |
41 | |     wasmtime_crate: wash_runtime::wasmtime,
42 | | });
   | |__^
   |
   = note: this error originates in the macro `wash_runtime::wasmtime::component::bindgen` (in Nightly builds, run with -Z macro-backtrace for more info)

error: failed to resolve directory while parsing WIT for path [/home/kaalin/.cache/wamn-lanes/native-c-advisories-20260910/crates/platform/runtime/wit]
       
       Caused by:
           interface not found in package
  --> crates/platform/runtime/src/plugins/wamn_jetstream.rs:80:5
   |
80 | /     wash_runtime::wasmtime::component::bindgen!({
81 | |         world: "jetstream-plugin",
82 | |         imports: { default: async | trappable | tracing },
83 | |         wasmtime_crate: wash_runtime::wasmtime,
84 | |     });
   | |______^
   |
   = note: this error originates in the macro `wash_runtime::wasmtime::component::bindgen` (in Nightly builds, run with -Z macro-backtrace for more info)

error: failed to resolve directory while parsing WIT for path [/home/kaalin/.cache/wamn-lanes/native-c-advisories-20260910/crates/platform/runtime/wit]
       
       Caused by:
           interface not found in package
  --> crates/platform/runtime/src/plugins/wamn_logging.rs:71:5
   |
71 | /     wash_runtime::wasmtime::component::bindgen!({
72 | |         world: "logging-plugin",
73 | |         imports: { default: async },
74 | |         wasmtime_crate: wash_runtime::wasmtime,
75 | |     });
   | |______^
   |
   = note: this error originates in the macro `wash_runtime::wasmtime::component::bindgen` (in Nightly builds, run with -Z macro-backtrace for more info)

error: failed to resolve directory while parsing WIT for path [/home/kaalin/.cache/wamn-lanes/native-c-advisories-20260910/crates/platform/runtime/wit]
       
       Caused by:
           interface not found in package
   --> crates/platform/runtime/src/plugins/wamn_postgres/mod.rs:109:5
    |
109 | /     wash_runtime::wasmtime::component::bindgen!({
110 | |         world: "postgres-plugin",
111 | |         imports: { default: async | trappable | tracing },
112 | |         with: {
...   |
117 | |         wasmtime_crate: wash_runtime::wasmtime,
118 | |     });
    | |______^
    |
    = note: this error originates in the macro `wash_runtime::wasmtime::component::bindgen` (in Nightly builds, run with -Z macro-backtrace for more info)

error[E0433]: cannot find `wamn` in `bindings`
  --> crates/platform/runtime/src/plugins/connection_http.rs:53:15
   |
53 | use bindings::wamn::connection::http::{self, ConnectionError, Header, Request, Response};
   |               ^^^^ could not find `wamn` in `bindings`

error[E0433]: cannot find `wamn` in `bindings`
  --> crates/platform/runtime/src/plugins/flow_http_routing.rs:59:15
   |
59 | use bindings::wamn::flow_http_routing::routing::{
   |               ^^^^ could not find `wamn` in `bindings`

error[E0433]: cannot find `wasmcloud` in `bindings`
  --> crates/platform/runtime/src/plugins/wamn_blobstore/host.rs:42:22
   |
42 | use super::bindings::wasmcloud::blobstore::blobstore::HostWithStore;
   |                      ^^^^^^^^^ could not find `wasmcloud` in `bindings`

error[E0433]: cannot find `wasmcloud` in `bindings`
  --> crates/platform/runtime/src/plugins/wamn_blobstore/host.rs:43:22
   |
43 | use super::bindings::wasmcloud::blobstore::container::{
   |                      ^^^^^^^^^ could not find `wasmcloud` in `bindings`

error[E0433]: cannot find `wasmcloud` in `bindings`
  --> crates/platform/runtime/src/plugins/wamn_blobstore/host.rs:46:22
   |
46 | use super::bindings::wasmcloud::blobstore::types::{
   |                      ^^^^^^^^^ could not find `wasmcloud` in `bindings`

error[E0433]: cannot find `wasmcloud` in `bindings`
  --> crates/platform/runtime/src/plugins/wamn_blobstore/wit_error.rs:25:22
   |
25 | use super::bindings::wasmcloud::blobstore::types::Error as WitError;
   |                      ^^^^^^^^^ could not find `wasmcloud` in `bindings`

error[E0433]: cannot find `wamn` in `bindings`
  --> crates/platform/runtime/src/plugins/wamn_jetstream.rs:87:15
   |
87 | use bindings::wamn::jetstream::doorbell;
   |               ^^^^ could not find `wamn` in `bindings`

error[E0433]: cannot find `wamn` in `bindings`
  --> crates/platform/runtime/src/plugins/wamn_jetstream.rs:88:15
   |
88 | use bindings::wamn::jetstream::producer;
   |               ^^^^ could not find `wamn` in `bindings`

error[E0433]: cannot find `wamn` in `bindings`
  --> crates/platform/runtime/src/plugins/wamn_jetstream.rs:89:15
   |
89 | use bindings::wamn::jetstream::registration;
   |               ^^^^ could not find `wamn` in `bindings`

error[E0433]: cannot find `wamn` in `bindings`
  --> crates/platform/runtime/src/plugins/wamn_jetstream.rs:90:15
   |
90 | use bindings::wamn::jetstream::types::{Header, JsError};
   |               ^^^^ could not find `wamn` in `bindings`

error[E0433]: cannot find `wasi` in `bindings`
  --> crates/platform/runtime/src/plugins/wamn_logging.rs:78:15
   |
78 | use bindings::wasi::logging::logging::{self, Level};
   |               ^^^^ could not find `wasi` in `bindings`

error[E0433]: cannot find `wamn` in `bindings`
   --> crates/platform/runtime/src/plugins/wamn_postgres/mod.rs:176:15
    |
176 | use bindings::wamn::postgres::client;
    |               ^^^^ could not find `wamn` in `bindings`

error[E0433]: cannot find `wamn` in `bindings`
   --> crates/platform/runtime/src/plugins/wamn_postgres/mod.rs:177:15
    |
177 | use bindings::wamn::postgres::statements as statement_wit;
    |               ^^^^ could not find `wamn` in `bindings`

error[E0433]: cannot find `wamn` in `bindings`
   --> crates/platform/runtime/src/plugins/wamn_postgres/mod.rs:178:15
    |
178 | use bindings::wamn::postgres::types::{Column, PgError, RowSet, SqlValue};
    |               ^^^^ could not find `wamn` in `bindings`

error[E0432]: unresolved import `super::StatementError`
  --> crates/platform/runtime/src/plugins/wamn_postgres/claims.rs:33:57
   |
33 | use super::{DEFAULT_PROJECT, PgError, RowSet, SqlValue, StatementError};
   |                                                         ^^^^^^^^^^^^^^ no `StatementError` in `plugins::wamn_postgres`

error[E0432]: unresolved import `super::StatementError`
  --> crates/platform/runtime/src/plugins/wamn_postgres/resources.rs:27:32
   |
27 |     PgError, RowSet, SqlValue, StatementError, WAMN_POSTGRES_ID, WamnPostgres, client,
   |                                ^^^^^^^^^^^^^^ no `StatementError` in `plugins::wamn_postgres`

error[E0432]: unresolved imports `super::ContractMismatch`, `super::ContractPart`, `super::StatementError`, `super::ValueShape`
 --> crates/platform/runtime/src/plugins/wamn_postgres/statements.rs:9:5
  |
9 |     ContractMismatch, ContractPart, RowSet, SqlValue, StatementError, ValueShape, WamnPostgres,
  |     ^^^^^^^^^^^^^^^^  ^^^^^^^^^^^^                    ^^^^^^^^^^^^^^  ^^^^^^^^^^ no `ValueShape` in `plugins::wamn_postgres`
  |     |                 |                               |
  |     |                 |                               no `StatementError` in `plugins::wamn_postgres`
  |     |                 no `ContractPart` in `plugins::wamn_postgres`
  |     no `ContractMismatch` in `plugins::wamn_postgres`

warning: the item `Future` is imported redundantly
 --> crates/platform/runtime/src/connection_authority.rs:3:5
  |
3 | use std::future::Future;
  |     ^^^^^^^^^^^^^^^^^^^
  |
 --> /rustc/88d9e12ae178fab0fb5cc050a94da85685d449ea/library/std/src/prelude/mod.rs:166:12
  |
  = note: the item `Future` is already defined here
  |
  = note: requested on the command line with `-W redundant-imports`

warning: the item `Future` is imported redundantly
 --> crates/platform/runtime/src/plugins/wamn_postgres/pool.rs:7:5
  |
7 | use std::future::Future;
  |     ^^^^^^^^^^^^^^^^^^^
  |
 --> /rustc/88d9e12ae178fab0fb5cc050a94da85685d449ea/library/std/src/prelude/mod.rs:166:12
  |
  = note: the item `Future` is already defined here

Some errors have detailed explanations: E0432, E0433.
For more information about an error, try `rustc --explain E0432`.
warning: `wamn-runtime` (lib) generated 2 warnings
error: could not compile `wamn-runtime` (lib) due to 23 previous errors; 2 warnings emitted
