2026-09-10T04:24:01Z env CARGO_TARGET_DIR=/home/kaalin/.cache/wamn-lanes/ctc8-15-4-fresh-only-20260909/target RUSTC_WRAPPER= /home/kaalin/.cache/wamn-lanes/ctc8-15-4-fresh-only-20260909/tools/build-components m1 
2026-09-10T04:24:05Z env CARGO_TARGET_DIR=/home/kaalin/.cache/wamn-lanes/ctc8-15-4-fresh-only-20260909/target RUSTC_WRAPPER= cargo build --locked -p wamn-ctl -p wamn-cdc-reader -p wamn-scenario-worker -p wamn-executor 
2026-09-10T04:24:05Z docker build --platform=linux/amd64 --provenance=false --file /home/kaalin/.cache/wamn-lanes/ctc8-15-4-fresh-only-20260909/Dockerfile --target host --tag wamn-host:receiving-e13fd2f391a6-571592-release --label wamn.dev/source-head=e13fd2f391a6cf0c4db797803a1f6c4c2cd846ea --label wamn.dev/build-profile=release /home/kaalin/.cache/wamn-lanes/ctc8-15-4-fresh-only-20260909 
2026-09-10T04:24:09Z docker build --platform=linux/amd64 --provenance=false --file /home/kaalin/.cache/wamn-lanes/ctc8-15-4-fresh-only-20260909/Dockerfile --target gates --tag wamn-gates:receiving-e13fd2f391a6-571592-release --label wamn.dev/source-head=e13fd2f391a6cf0c4db797803a1f6c4c2cd846ea --label wamn.dev/build-profile=release /home/kaalin/.cache/wamn-lanes/ctc8-15-4-fresh-only-20260909 
2026-09-10T04:24:14Z docker build --platform=linux/amd64 --provenance=false --file /home/kaalin/.cache/wamn-lanes/ctc8-15-4-fresh-only-20260909/Dockerfile --target identity --tag wamn-identity:receiving-e13fd2f391a6-571592-release --label wamn.dev/source-head=e13fd2f391a6cf0c4db797803a1f6c4c2cd846ea --label wamn.dev/build-profile=release /home/kaalin/.cache/wamn-lanes/ctc8-15-4-fresh-only-20260909 
2026-09-10T04:24:16Z docker image inspect wamn-identity:receiving-e13fd2f391a6-571592-release 
2026-09-10T04:24:16Z kind create cluster --name wamn-receiving-journey --config /tmp/tmp.SxXxvXhu0c/kind-config.yaml --kubeconfig /tmp/tmp.SxXxvXhu0c/kubeconfig 
2026-09-10T04:24:38Z kubectl --kubeconfig /tmp/tmp.SxXxvXhu0c/kubeconfig --context kind-wamn-receiving-journey wait --for=condition=Ready nodes --all --timeout=180s 
2026-09-10T04:24:53Z kubectl --kubeconfig /tmp/tmp.SxXxvXhu0c/kubeconfig --context kind-wamn-receiving-journey create namespace wamn-receiving-journey 
2026-09-10T04:24:54Z kind load docker-image wamn-host:receiving-e13fd2f391a6-571592-release --name wamn-receiving-journey 
2026-09-10T04:25:04Z kind load docker-image wamn-gates:receiving-e13fd2f391a6-571592-release --name wamn-receiving-journey 
2026-09-10T04:25:19Z kind load docker-image wamn-identity:receiving-e13fd2f391a6-571592-release --name wamn-receiving-journey 
2026-09-10T04:25:26Z docker exec wamn-receiving-journey-control-plane crictl inspecti -o json wamn-identity:receiving-e13fd2f391a6-571592-release 
2026-09-10T04:25:26Z docker exec wamn-receiving-journey-worker crictl inspecti -o json wamn-identity:receiving-e13fd2f391a6-571592-release 
2026-09-10T04:25:26Z docker exec wamn-receiving-journey-worker2 crictl inspecti -o json wamn-identity:receiving-e13fd2f391a6-571592-release 
2026-09-10T04:25:26Z htpasswd \<credential-bearing\ arguments\ redacted\> 
2026-09-10T04:25:28Z postgres \<credential-bearing\ arguments\ redacted\> 
2026-09-10T04:25:28Z docker run --detach --name wamn-receiving-registry-e13fd2f391a6-571592 --network kind --env REGISTRY_AUTH=htpasswd --env REGISTRY_AUTH_HTPASSWD_REALM=WAMN\ Receiving\ cluster\ journey --env REGISTRY_AUTH_HTPASSWD_PATH=/auth/htpasswd --volume /tmp/tmp.SxXxvXhu0c/htpasswd:/auth/htpasswd:ro registry:2 
2026-09-10T04:25:29Z docker run --detach --name wamn-receiving-nats-e13fd2f391a6-571592 --network kind nats:2.10-alpine --jetstream --store_dir /data --http_port 8222 
2026-09-10T04:25:33Z psql \<owned\ PostgreSQL\ administrator\> CREATE\ DATABASE\ wamn_system 
2026-09-10T04:25:33Z cargo test production_two_package_fresh_only_fixture_serves_all_thirteen_pat_routes \<journey\ document\ with\ disposable\ PostgreSQL\ and\ OCI\ inputs\ redacted\> 
2026-09-10T04:26:19Z cargo test route_authentication_live::production_receiving_session_host_fixture \<private\ journey\ document\ and\ fixture\ output\> 
2026-09-10T04:26:21Z kubectl --kubeconfig /tmp/tmp.SxXxvXhu0c/kubeconfig --context kind-wamn-receiving-journey apply -f /tmp/tmp.SxXxvXhu0c/route-caller-pat-kube.json 
2026-09-10T04:26:22Z env DOCKER_CONFIG=\<private-registry-directory\> /home/kaalin/.cache/wamn-lanes/ctc8-15-4-fresh-only-20260909/.tools/wash/2.9.0/wash -o json oci push --insecure 172.28.0.15:5000/wamn/flow-http:receiving-e13fd2f391a6-571592-release /home/kaalin/.cache/wamn-lanes/ctc8-15-4-fresh-only-20260909/target/wasm32-wasip2/release/http_route.wasm 
2026-09-10T04:26:22Z env DOCKER_CONFIG=\<private-registry-directory\> /home/kaalin/.cache/wamn-lanes/ctc8-15-4-fresh-only-20260909/.tools/wash/2.9.0/wash -o json oci push --insecure 172.28.0.15:5000/wamn/materializer:receiving-e13fd2f391a6-571592-release /home/kaalin/.cache/wamn-lanes/ctc8-15-4-fresh-only-20260909/target/wasm32-wasip2/release/materializer.wasm 
2026-09-10T04:26:22Z print-release-env \<credential-bearing\ arguments\ redacted\> 
2026-09-10T04:26:22Z /home/kaalin/.cache/wamn-lanes/ctc8-15-4-fresh-only-20260909/target/debug/wamn-ctl provision-identity-issuer --issuer https://host-session-identity.wamn-receiving-journey.svc.cluster.local --prepare-generation a --namespace wamn-receiving-journey --secret-name host-session-identity-db --emit-secret /tmp/tmp.SxXxvXhu0c/session-identity-db.json 
2026-09-10T04:26:23Z /home/kaalin/.cache/wamn-lanes/ctc8-15-4-fresh-only-20260909/target/debug/wamn-ctl provision-project-env --org acme --project receiving --env dev --tenant receiving-route-auth --namespace wamn-receiving-journey --prepare-session-role-reader-generation a --emit-session-role-reader-secret /tmp/tmp.SxXxvXhu0c/session-target.json 
2026-09-10T04:26:24Z kubectl --kubeconfig /tmp/tmp.SxXxvXhu0c/kubeconfig --context kind-wamn-receiving-journey apply -f /tmp/tmp.SxXxvXhu0c/session-identity-db.json -f /tmp/tmp.SxXxvXhu0c/session-target.json 
2026-09-10T04:26:24Z openssl req -x509 -newkey rsa:2048 -nodes -days 1 -subj /CN=HOST-SESSION\ disposable\ CA -addext basicConstraints=critical\,CA:TRUE -addext keyUsage=critical\,keyCertSign\,cRLSign -keyout /tmp/tmp.SxXxvXhu0c/session-ca.key -out /tmp/tmp.SxXxvXhu0c/session-ca.crt 
2026-09-10T04:26:24Z openssl req -new -newkey rsa:2048 -nodes -subj /CN=host-session-identity.wamn-receiving-journey.svc.cluster.local -keyout /tmp/tmp.SxXxvXhu0c/session-tls.key -out /tmp/tmp.SxXxvXhu0c/session-tls.csr 
2026-09-10T04:26:24Z openssl x509 -req -days 1 -in /tmp/tmp.SxXxvXhu0c/session-tls.csr -CA /tmp/tmp.SxXxvXhu0c/session-ca.crt -CAkey /tmp/tmp.SxXxvXhu0c/session-ca.key -CAcreateserial -extfile /tmp/tmp.SxXxvXhu0c/session-tls.ext -out /tmp/tmp.SxXxvXhu0c/session-tls.crt 
2026-09-10T04:26:24Z kubectl --kubeconfig /tmp/tmp.SxXxvXhu0c/kubeconfig --context kind-wamn-receiving-journey -n wamn-receiving-journey create secret tls host-session-identity-tls --cert=/tmp/tmp.SxXxvXhu0c/session-tls.crt --key=/tmp/tmp.SxXxvXhu0c/session-tls.key 
2026-09-10T04:26:24Z kubectl --kubeconfig /tmp/tmp.SxXxvXhu0c/kubeconfig --context kind-wamn-receiving-journey -n wamn-receiving-journey create configmap host-session-public-ca --from-file=ca.crt=/tmp/tmp.SxXxvXhu0c/session-ca.crt 
2026-09-10T04:26:24Z kubectl --kubeconfig /tmp/tmp.SxXxvXhu0c/kubeconfig --context kind-wamn-receiving-journey -n wamn-receiving-journey create secret generic host-session-fixture --from-file=fixture.json=/tmp/tmp.SxXxvXhu0c/session-host-fixture.json 
2026-09-10T04:26:24Z helm template host-session-identity /home/kaalin/.cache/wamn-lanes/ctc8-15-4-fresh-only-20260909/deploy/platform/identity --kubeconfig /tmp/tmp.SxXxvXhu0c/kubeconfig --kube-context kind-wamn-receiving-journey --namespace wamn-receiving-journey --set-string issuer=https://host-session-identity.wamn-receiving-journey.svc.cluster.local --set-string databaseSecret=host-session-identity-db --set-string tlsSecret=host-session-identity-tls --set-string image.repository=wamn-identity --set-string image.tag=receiving-e13fd2f391a6-571592-release --set-string image.pullPolicy=Never --set-string sessionTargetSecrets\[0\]=wamn-session-role-reader-acme--receiving--dev 
2026-09-10T04:26:24Z helm upgrade --install host-session-identity /home/kaalin/.cache/wamn-lanes/ctc8-15-4-fresh-only-20260909/deploy/platform/identity --kubeconfig /tmp/tmp.SxXxvXhu0c/kubeconfig --kube-context kind-wamn-receiving-journey --namespace wamn-receiving-journey --set-string issuer=https://host-session-identity.wamn-receiving-journey.svc.cluster.local --set-string databaseSecret=host-session-identity-db --set-string tlsSecret=host-session-identity-tls --set-string image.repository=wamn-identity --set-string image.tag=receiving-e13fd2f391a6-571592-release --set-string image.pullPolicy=Never --set-string sessionTargetSecrets\[0\]=wamn-session-role-reader-acme--receiving--dev --wait --timeout 180s 
2026-09-10T04:26:25Z kubectl --kubeconfig /tmp/tmp.SxXxvXhu0c/kubeconfig --context kind-wamn-receiving-journey -n wamn-receiving-journey get deployment host-session-identity -o json 
2026-09-10T04:26:25Z kubectl --kubeconfig /tmp/tmp.SxXxvXhu0c/kubeconfig --context kind-wamn-receiving-journey -n wamn-receiving-journey get pods -l app.kubernetes.io/instance=host-session-identity -o json 
2026-09-10T04:26:25Z kubectl --kubeconfig /tmp/tmp.SxXxvXhu0c/kubeconfig --context kind-wamn-receiving-journey apply -f /tmp/tmp.SxXxvXhu0c/host-secrets/guest-sql.json 
2026-09-10T04:26:25Z kubectl --kubeconfig /tmp/tmp.SxXxvXhu0c/kubeconfig --context kind-wamn-receiving-journey apply -f /tmp/tmp.SxXxvXhu0c/host-secrets/executor-platform.json 
2026-09-10T04:26:25Z kubectl --kubeconfig /tmp/tmp.SxXxvXhu0c/kubeconfig --context kind-wamn-receiving-journey apply -f /tmp/tmp.SxXxvXhu0c/host-secrets/identity-reader.json 
2026-09-10T04:26:26Z kubectl --kubeconfig /tmp/tmp.SxXxvXhu0c/kubeconfig --context kind-wamn-receiving-journey apply -f /tmp/tmp.SxXxvXhu0c/host-secrets/http-admitter.json 
2026-09-10T04:26:26Z kubectl --kubeconfig /tmp/tmp.SxXxvXhu0c/kubeconfig --context kind-wamn-receiving-journey apply -f /tmp/tmp.SxXxvXhu0c/host-secrets/event-materializer.json 
2026-09-10T04:26:26Z kubectl --kubeconfig /tmp/tmp.SxXxvXhu0c/kubeconfig --context kind-wamn-receiving-journey -n wamn-receiving-journey create secret generic wamn-registry-pull --type=kubernetes.io/dockerconfigjson --from-file=.dockerconfigjson=\<redacted\> --dry-run=client -o yaml 
2026-09-10T04:26:26Z kubectl --kubeconfig /tmp/tmp.SxXxvXhu0c/kubeconfig --context kind-wamn-receiving-journey apply -f /tmp/tmp.SxXxvXhu0c/registry-pull.yaml 
2026-09-10T04:26:26Z kubectl --kubeconfig /tmp/tmp.SxXxvXhu0c/kubeconfig --context kind-wamn-receiving-journey apply -f /home/kaalin/.cache/wamn-lanes/ctc8-15-4-fresh-only-20260909/deploy/infra/cert-manager.yaml 
2026-09-10T04:26:27Z kubectl --kubeconfig /tmp/tmp.SxXxvXhu0c/kubeconfig --context kind-wamn-receiving-journey -n cert-manager wait --for=condition=Available deployment --all --timeout=240s 
2026-09-10T04:26:40Z helm upgrade --install --create-namespace --kubeconfig /tmp/tmp.SxXxvXhu0c/kubeconfig --kube-context kind-wamn-receiving-journey --namespace wamn-system wamn oci://ghcr.io/wasmcloud/charts/runtime-operator --version 2.9.0 -f /home/kaalin/.cache/wamn-lanes/ctc8-15-4-fresh-only-20260909/deploy/infra/values-wamn.yaml -f /tmp/tmp.SxXxvXhu0c/operator-values.yaml --wait --timeout 5m 
2026-09-10T04:26:58Z kubectl --kubeconfig /tmp/tmp.SxXxvXhu0c/kubeconfig --context kind-wamn-receiving-journey -n wamn-system get deployment runtime-operator -o json 
2026-09-10T04:26:58Z kubectl --kubeconfig /tmp/tmp.SxXxvXhu0c/kubeconfig --context kind-wamn-receiving-journey apply -f /tmp/tmp.SxXxvXhu0c/runtime-operator-events-rbac.yaml 
2026-09-10T04:26:58Z kubectl --kubeconfig /tmp/tmp.SxXxvXhu0c/kubeconfig --context kind-wamn-receiving-journey -n wamn-receiving-journey get role wamn-runtime-operator-events -o json 
2026-09-10T04:26:58Z kubectl --kubeconfig /tmp/tmp.SxXxvXhu0c/kubeconfig --context kind-wamn-receiving-journey -n wamn-receiving-journey get rolebinding wamn-runtime-operator-events -o json 
2026-09-10T04:26:58Z kubectl --kubeconfig /tmp/tmp.SxXxvXhu0c/kubeconfig --context kind-wamn-receiving-journey apply -f /home/kaalin/.cache/wamn-lanes/ctc8-15-4-fresh-only-20260909/deploy/infra/tempo.yaml 
2026-09-10T04:26:58Z kubectl --kubeconfig /tmp/tmp.SxXxvXhu0c/kubeconfig --context kind-wamn-receiving-journey apply -f /home/kaalin/.cache/wamn-lanes/ctc8-15-4-fresh-only-20260909/deploy/infra/otel-collector.yaml 
2026-09-10T04:26:58Z kubectl --kubeconfig /tmp/tmp.SxXxvXhu0c/kubeconfig --context kind-wamn-receiving-journey -n wamn-system wait --for=condition=Available deployment/tempo deployment/otel-collector --timeout=120s 
2026-09-10T04:27:07Z kubectl --kubeconfig /tmp/tmp.SxXxvXhu0c/kubeconfig --context kind-wamn-receiving-journey apply -f /tmp/tmp.SxXxvXhu0c/wasmcloud-ca-copy.json 
2026-09-10T04:27:07Z kubectl --kubeconfig /tmp/tmp.SxXxvXhu0c/kubeconfig --context kind-wamn-receiving-journey apply -f /home/kaalin/.cache/wamn-lanes/ctc8-15-4-fresh-only-20260909/deploy/infra/wasmcloud-ca-issuer.yaml 
2026-09-10T04:27:07Z kubectl --kubeconfig /tmp/tmp.SxXxvXhu0c/kubeconfig --context kind-wamn-receiving-journey wait --for=condition=Ready clusterissuer/wasmcloud-ca --timeout=60s 
2026-09-10T04:27:07Z kubectl --kubeconfig /tmp/tmp.SxXxvXhu0c/kubeconfig --context kind-wamn-receiving-journey apply -f /tmp/tmp.SxXxvXhu0c/host-environment-certs.yaml 
2026-09-10T04:27:07Z kubectl --kubeconfig /tmp/tmp.SxXxvXhu0c/kubeconfig --context kind-wamn-receiving-journey -n wamn-receiving-journey wait --for=condition=Ready certificate/wasmcloud-runtime-tls certificate/wasmcloud-data-tls --timeout=120s 
2026-09-10T04:27:08Z helm upgrade --install --kubeconfig /tmp/tmp.SxXxvXhu0c/kubeconfig --kube-context kind-wamn-receiving-journey --namespace wamn-receiving-journey wamn-host oci://ghcr.io/wasmcloud/charts/runtime-operator --version 2.9.0 -f /tmp/tmp.SxXxvXhu0c/host-base.yaml -f /tmp/tmp.SxXxvXhu0c/session-host-overlay.yaml --wait --timeout 5m 
2026-09-10T04:27:15Z kubectl --kubeconfig /tmp/tmp.SxXxvXhu0c/kubeconfig --context kind-wamn-receiving-journey -n wamn-receiving-journey rollout status deployment/hostgroup-default --timeout=240s 
2026-09-10T04:27:15Z kubectl --kubeconfig /tmp/tmp.SxXxvXhu0c/kubeconfig --context kind-wamn-receiving-journey create --dry-run=client -f /tmp/tmp.SxXxvXhu0c/flow-http.yaml -o json 
2026-09-10T04:27:16Z timeout 30s kubectl --kubeconfig /tmp/tmp.SxXxvXhu0c/kubeconfig --context kind-wamn-receiving-journey -n wamn-receiving-journey exec deployment/host-session-identity -c identity -- /usr/local/bin/wamn-identity publish 
2026-09-10T04:27:16Z timeout 30s kubectl --kubeconfig /tmp/tmp.SxXxvXhu0c/kubeconfig --context kind-wamn-receiving-journey -n wamn-receiving-journey exec deployment/host-session-identity -c identity -- /usr/local/bin/wamn-identity activate --kid 84fd3149-6995-4b43-ba7a-3befc37abc7e 
2026-09-10T04:27:16Z timeout 240s kubectl --kubeconfig /tmp/tmp.SxXxvXhu0c/kubeconfig --context kind-wamn-receiving-journey -n wamn-receiving-journey port-forward --address=127.0.0.1 service/host-session-identity :443 
2026-09-10T04:27:17Z timeout 240s cargo test route_authentication_live::production_nested_fresh_only_requires_pat_and_observes_revocation \<private\ journey\ document\;\ original\ issuer\ and\ explicit\ fixture\ HTTPS\ endpoint\> 
2026-09-10T04:27:41Z kubectl --kubeconfig /tmp/tmp.SxXxvXhu0c/kubeconfig --context kind-wamn-receiving-journey -n wamn-receiving-journey get pods -l wasmcloud.com/hostgroup=default\,wasmcloud.com/name=hostgroup -o json 
2026-09-10T04:27:41Z kubectl --kubeconfig /tmp/tmp.SxXxvXhu0c/kubeconfig --context kind-wamn-receiving-journey -n wamn-system get hosts -l hostgroup=default -o json 
2026-09-10T04:27:41Z kubectl --kubeconfig /tmp/tmp.SxXxvXhu0c/kubeconfig --context kind-wamn-receiving-journey apply -f /home/kaalin/dev/wamn/docs/perf/2026.09/ctc8-15-4-fresh-only/deployed-006/host-session-reachable-workload.json 
2026-09-10T04:27:42Z kubectl --kubeconfig /tmp/tmp.SxXxvXhu0c/kubeconfig --context kind-wamn-receiving-journey -n wamn-receiving-journey wait --for=condition=Ready workloaddeployment/flow-http-session-a workloaddeployment/flow-http-session-b --timeout=240s 
2026-09-10T04:27:43Z kubectl --kubeconfig /tmp/tmp.SxXxvXhu0c/kubeconfig --context kind-wamn-receiving-journey -n wamn-receiving-journey get workloaddeployment flow-http-session-a flow-http-session-b -o json 
2026-09-10T04:27:43Z kubectl --kubeconfig /tmp/tmp.SxXxvXhu0c/kubeconfig --context kind-wamn-receiving-journey -n wamn-receiving-journey get workloadreplicaset flow-http-session-a-66f6d765b7 flow-http-session-b-6d774c9b59 -o json 
2026-09-10T04:27:43Z kubectl --kubeconfig /tmp/tmp.SxXxvXhu0c/kubeconfig --context kind-wamn-receiving-journey -n wamn-receiving-journey get workloads -o json 
2026-09-10T04:27:43Z kubectl --kubeconfig /tmp/tmp.SxXxvXhu0c/kubeconfig --context kind-wamn-receiving-journey -n wamn-receiving-journey get pods -l wasmcloud.com/hostgroup=default\,wasmcloud.com/name=hostgroup -o json 
2026-09-10T04:27:43Z kubectl --kubeconfig /tmp/tmp.SxXxvXhu0c/kubeconfig --context kind-wamn-receiving-journey -n wamn-system get hosts -l hostgroup=default -o json 
2026-09-10T04:27:43Z kubectl --kubeconfig /tmp/tmp.SxXxvXhu0c/kubeconfig --context kind-wamn-receiving-journey -n wamn-receiving-journey get service flow-http -o json 
2026-09-10T04:27:43Z kubectl --kubeconfig /tmp/tmp.SxXxvXhu0c/kubeconfig --context kind-wamn-receiving-journey -n wamn-receiving-journey get endpointslices -l kubernetes.io/service-name=flow-http\,wasmcloud.dev/route-manager=true -o json 
2026-09-10T04:27:43Z env KUBECTL=/tmp/tmp.SxXxvXhu0c/session-kubectl /home/kaalin/.cache/wamn-lanes/ctc8-15-4-fresh-only-20260909/tools/kubernetes-gate-run --namespace wamn-receiving-journey --timeout-secs 480 --manifest /home/kaalin/dev/wamn/docs/perf/2026.09/ctc8-15-4-fresh-only/deployed-006/host-session-reachable-job.json --verdict-record /home/kaalin/dev/wamn/docs/perf/2026.09/ctc8-15-4-fresh-only/deployed-006/host-session-reachable-verdict.json --job \{\"name\":\"host-session-reachable\"\,\"container\":\"host-session\"\,\"expectation\":\"positive\"\,\"exit_code\":0\,\"image\":\"wamn-gates:receiving-e13fd2f391a6-571592-release\"\,\"log_contains\":\"HOST_SESSION_PROOF\ result=pass\ hosts=2\ jwks_available=true\"\} 
2026-09-10T04:27:43Z kubectl --kubeconfig /tmp/tmp.SxXxvXhu0c/kubeconfig --context kind-wamn-receiving-journey -n wamn-receiving-journey wait --for=create job/host-session-reachable --timeout=60s 
2026-09-10T04:27:44Z timeout 480s kubectl --kubeconfig /tmp/tmp.SxXxvXhu0c/kubeconfig --context kind-wamn-receiving-journey -n wamn-receiving-journey logs -f job/host-session-reachable -c host-session --pod-running-timeout=120s 
2026-09-10T04:27:45Z timeout 30s kubectl --kubeconfig /tmp/tmp.SxXxvXhu0c/kubeconfig --context kind-wamn-receiving-journey -n wamn-receiving-journey exec deployment/host-session-identity -c identity -- /usr/local/bin/wamn-identity remove --kid 84fd3149-6995-4b43-ba7a-3befc37abc7e 
2026-09-10T04:32:48Z kubectl --kubeconfig /tmp/tmp.SxXxvXhu0c/kubeconfig --context kind-wamn-receiving-journey -n wamn-receiving-journey get job host-session-reachable -o json 
2026-09-10T04:32:48Z kubectl --kubeconfig /tmp/tmp.SxXxvXhu0c/kubeconfig --context kind-wamn-receiving-journey -n wamn-receiving-journey get pods -l job-name=host-session-reachable -o json 
2026-09-10T04:32:48Z kubectl --kubeconfig /tmp/tmp.SxXxvXhu0c/kubeconfig --context kind-wamn-receiving-journey -n wamn-receiving-journey logs job/host-session-reachable -c host-session 
2026-09-10T04:32:48Z kubectl --kubeconfig /tmp/tmp.SxXxvXhu0c/kubeconfig --context kind-wamn-receiving-journey --request-timeout=30s -n wamn-receiving-journey logs hostgroup-default-66c7c6d84-4rkjs --all-containers 
2026-09-10T04:32:48Z kubectl --kubeconfig /tmp/tmp.SxXxvXhu0c/kubeconfig --context kind-wamn-receiving-journey --request-timeout=30s -n wamn-receiving-journey logs hostgroup-default-66c7c6d84-4zbfm --all-containers 
2026-09-10T04:32:48Z kubectl --kubeconfig /tmp/tmp.SxXxvXhu0c/kubeconfig --context kind-wamn-receiving-journey --request-timeout=30s -n wamn-receiving-journey get pods -l wasmcloud.com/hostgroup=default\,wasmcloud.com/name=hostgroup -o json 
2026-09-10T04:32:48Z kubectl --kubeconfig /tmp/tmp.SxXxvXhu0c/kubeconfig --context kind-wamn-receiving-journey --request-timeout=30s -n wamn-system get hosts -l hostgroup=default -o json 
2026-09-10T04:32:48Z kubectl --kubeconfig /tmp/tmp.SxXxvXhu0c/kubeconfig --context kind-wamn-receiving-journey -n wamn-receiving-journey delete workloaddeployment flow-http-session-a flow-http-session-b --cascade=foreground --wait=true --timeout=120s 
2026-09-10T04:32:49Z kubectl --kubeconfig /tmp/tmp.SxXxvXhu0c/kubeconfig --context kind-wamn-receiving-journey -n wamn-receiving-journey rollout restart deployment/hostgroup-default 
2026-09-10T04:32:49Z kubectl --kubeconfig /tmp/tmp.SxXxvXhu0c/kubeconfig --context kind-wamn-receiving-journey -n wamn-receiving-journey rollout status deployment/hostgroup-default --timeout=240s 
2026-09-10T04:33:01Z timeout 30s kubectl --kubeconfig /tmp/tmp.SxXxvXhu0c/kubeconfig --context kind-wamn-receiving-journey -n wamn-receiving-journey exec deployment/host-session-identity -c identity -- /usr/local/bin/wamn-identity publish 
2026-09-10T04:33:01Z timeout 30s kubectl --kubeconfig /tmp/tmp.SxXxvXhu0c/kubeconfig --context kind-wamn-receiving-journey -n wamn-receiving-journey exec deployment/host-session-identity -c identity -- /usr/local/bin/wamn-identity activate --kid bc9ccf5f-2b65-4b95-a616-a91e8aec0e84 
2026-09-10T04:33:02Z kubectl --kubeconfig /tmp/tmp.SxXxvXhu0c/kubeconfig --context kind-wamn-receiving-journey -n wamn-receiving-journey get pods -l wasmcloud.com/hostgroup=default\,wasmcloud.com/name=hostgroup -o json 
2026-09-10T04:33:02Z kubectl --kubeconfig /tmp/tmp.SxXxvXhu0c/kubeconfig --context kind-wamn-receiving-journey -n wamn-system get hosts -l hostgroup=default -o json 
2026-09-10T04:33:02Z kubectl --kubeconfig /tmp/tmp.SxXxvXhu0c/kubeconfig --context kind-wamn-receiving-journey apply -f /home/kaalin/dev/wamn/docs/perf/2026.09/ctc8-15-4-fresh-only/deployed-006/host-session-unreachable-workload.json 
2026-09-10T04:33:02Z kubectl --kubeconfig /tmp/tmp.SxXxvXhu0c/kubeconfig --context kind-wamn-receiving-journey -n wamn-receiving-journey wait --for=condition=Ready workloaddeployment/flow-http-session-a workloaddeployment/flow-http-session-b --timeout=240s 
2026-09-10T04:33:03Z kubectl --kubeconfig /tmp/tmp.SxXxvXhu0c/kubeconfig --context kind-wamn-receiving-journey -n wamn-receiving-journey get workloaddeployment flow-http-session-a flow-http-session-b -o json 
2026-09-10T04:33:03Z kubectl --kubeconfig /tmp/tmp.SxXxvXhu0c/kubeconfig --context kind-wamn-receiving-journey -n wamn-receiving-journey get workloadreplicaset flow-http-session-a-6f488b85ff flow-http-session-b-66c4bfd586 -o json 
2026-09-10T04:33:03Z kubectl --kubeconfig /tmp/tmp.SxXxvXhu0c/kubeconfig --context kind-wamn-receiving-journey -n wamn-receiving-journey get workloads -o json 
2026-09-10T04:33:03Z kubectl --kubeconfig /tmp/tmp.SxXxvXhu0c/kubeconfig --context kind-wamn-receiving-journey -n wamn-receiving-journey get pods -l wasmcloud.com/hostgroup=default\,wasmcloud.com/name=hostgroup -o json 
2026-09-10T04:33:03Z kubectl --kubeconfig /tmp/tmp.SxXxvXhu0c/kubeconfig --context kind-wamn-receiving-journey -n wamn-system get hosts -l hostgroup=default -o json 
2026-09-10T04:33:03Z kubectl --kubeconfig /tmp/tmp.SxXxvXhu0c/kubeconfig --context kind-wamn-receiving-journey -n wamn-receiving-journey get service flow-http -o json 
2026-09-10T04:33:03Z kubectl --kubeconfig /tmp/tmp.SxXxvXhu0c/kubeconfig --context kind-wamn-receiving-journey -n wamn-receiving-journey get endpointslices -l kubernetes.io/service-name=flow-http\,wasmcloud.dev/route-manager=true -o json 
2026-09-10T04:33:03Z env KUBECTL=/tmp/tmp.SxXxvXhu0c/session-kubectl /home/kaalin/.cache/wamn-lanes/ctc8-15-4-fresh-only-20260909/tools/kubernetes-gate-run --namespace wamn-receiving-journey --timeout-secs 480 --manifest /home/kaalin/dev/wamn/docs/perf/2026.09/ctc8-15-4-fresh-only/deployed-006/host-session-unreachable-job.json --verdict-record /home/kaalin/dev/wamn/docs/perf/2026.09/ctc8-15-4-fresh-only/deployed-006/host-session-unreachable-verdict.json --job \{\"name\":\"host-session-unreachable\"\,\"container\":\"host-session\"\,\"expectation\":\"positive\"\,\"exit_code\":0\,\"image\":\"wamn-gates:receiving-e13fd2f391a6-571592-release\"\,\"log_contains\":\"HOST_SESSION_PROOF\ result=pass\ hosts=2\ jwks_available=false\"\} 
2026-09-10T04:33:03Z kubectl --kubeconfig /tmp/tmp.SxXxvXhu0c/kubeconfig --context kind-wamn-receiving-journey -n wamn-receiving-journey wait --for=create job/host-session-unreachable --timeout=60s 
2026-09-10T04:33:03Z timeout 480s kubectl --kubeconfig /tmp/tmp.SxXxvXhu0c/kubeconfig --context kind-wamn-receiving-journey -n wamn-receiving-journey logs -f job/host-session-unreachable -c host-session --pod-running-timeout=120s 
2026-09-10T04:33:05Z timeout 30s kubectl --kubeconfig /tmp/tmp.SxXxvXhu0c/kubeconfig --context kind-wamn-receiving-journey -n wamn-receiving-journey exec deployment/host-session-identity -c identity -- /usr/local/bin/wamn-identity remove --kid bc9ccf5f-2b65-4b95-a616-a91e8aec0e84 
2026-09-10T04:33:05Z kubectl --kubeconfig /tmp/tmp.SxXxvXhu0c/kubeconfig --context kind-wamn-receiving-journey -n wamn-receiving-journey scale deployment/host-session-identity --replicas=0 
2026-09-10T04:38:27Z kubectl --kubeconfig /tmp/tmp.SxXxvXhu0c/kubeconfig --context kind-wamn-receiving-journey -n wamn-receiving-journey get job host-session-unreachable -o json 
2026-09-10T04:38:28Z kubectl --kubeconfig /tmp/tmp.SxXxvXhu0c/kubeconfig --context kind-wamn-receiving-journey -n wamn-receiving-journey get pods -l job-name=host-session-unreachable -o json 
2026-09-10T04:38:28Z kubectl --kubeconfig /tmp/tmp.SxXxvXhu0c/kubeconfig --context kind-wamn-receiving-journey -n wamn-receiving-journey logs job/host-session-unreachable -c host-session 
2026-09-10T04:38:28Z kubectl --kubeconfig /tmp/tmp.SxXxvXhu0c/kubeconfig --context kind-wamn-receiving-journey --request-timeout=30s -n wamn-receiving-journey logs hostgroup-default-6d9f6f4df6-t8vrc --all-containers 
2026-09-10T04:38:28Z kubectl --kubeconfig /tmp/tmp.SxXxvXhu0c/kubeconfig --context kind-wamn-receiving-journey --request-timeout=30s -n wamn-receiving-journey logs hostgroup-default-6d9f6f4df6-zrjzv --all-containers 
2026-09-10T04:38:28Z kubectl --kubeconfig /tmp/tmp.SxXxvXhu0c/kubeconfig --context kind-wamn-receiving-journey --request-timeout=30s -n wamn-receiving-journey get pods -l wasmcloud.com/hostgroup=default\,wasmcloud.com/name=hostgroup -o json 
2026-09-10T04:38:28Z kubectl --kubeconfig /tmp/tmp.SxXxvXhu0c/kubeconfig --context kind-wamn-receiving-journey --request-timeout=30s -n wamn-system get hosts -l hostgroup=default -o json 
2026-09-10T04:38:28Z kind delete cluster --name wamn-receiving-journey 
2026-09-10T04:38:29Z docker rm --force --volumes wamn-receiving-pg18-e13fd2f391a6-571592 
2026-09-10T04:38:30Z docker rm --force --volumes wamn-receiving-registry-e13fd2f391a6-571592 
2026-09-10T04:38:30Z docker rm --force --volumes wamn-receiving-nats-e13fd2f391a6-571592 
2026-09-10T04:38:30Z docker image rm wamn-gates:receiving-e13fd2f391a6-571592-release 
2026-09-10T04:38:30Z docker image rm wamn-host:receiving-e13fd2f391a6-571592-release 
2026-09-10T04:38:30Z docker image rm wamn-identity:receiving-e13fd2f391a6-571592-release 
2026-09-10T04:38:30Z rm -rf -- /tmp/tmp.SxXxvXhu0c 
