2026-09-10T04:27:11.172654Z  INFO host memory resolved max_guest_memory=4GiB guest_memory_mode="count" default_heap_memory=256MiB core_instances=512 memories=512 pool_reservation=128GiB
2026-09-10T04:27:11.172750Z  INFO connected to NATS
2026-09-10T04:27:11.226745Z  INFO wiring activation doorbell listening; dropped every cached pointer channel="wamn_wiring_activation" dropped=0
2026-09-10T04:27:11.508728Z  INFO release component pull completed component_digest=sha256:5326f1a794dfe01736dbf08a41a73593a908f4551c76e116c2e9a79f3b6795b3 component_bytes=669281 elapsed_ms=51
2026-09-10T04:27:11.514952Z  INFO release component pull completed component_digest=sha256:710586d8b7fa9ff054d84203d981832659ae9baa618ed03b14588d1168d68d2e component_bytes=466355 elapsed_ms=57
2026-09-10T04:27:12.236072Z  INFO release component compilation completed component_digest=sha256:710586d8b7fa9ff054d84203d981832659ae9baa618ed03b14588d1168d68d2e compile_ms=719 compile_wall_ms=720
2026-09-10T04:27:12.239483Z  INFO release component compilation completed component_digest=sha256:5326f1a794dfe01736dbf08a41a73593a908f4551c76e116c2e9a79f3b6795b3 compile_ms=730 compile_wall_ms=730
2026-09-10T04:27:12.240141Z  WARN wamn.component.linker_setup:wamn.linker.register: component imports wamn:postgres but sets no wamn.tenant; calls will be refused component="receiving#0"
2026-09-10T04:27:12.240639Z  INFO release component instantiation completed component_digest=sha256:5326f1a794dfe01736dbf08a41a73593a908f4551c76e116c2e9a79f3b6795b3 elapsed_ms=1 total_elapsed_ms=783
2026-09-10T04:27:12.241197Z  WARN wamn.component.linker_setup:wamn.linker.register: component imports wamn:postgres but sets no wamn.tenant; calls will be refused component="client_acme_receiving#1"
2026-09-10T04:27:12.241540Z  INFO release component instantiation completed component_digest=sha256:710586d8b7fa9ff054d84203d981832659ae9baa618ed03b14588d1168d68d2e elapsed_ms=0 total_elapsed_ms=783
2026-09-10T04:27:12.241583Z  INFO synchronous release preload completed synchronous_wirings=13 component_digests=2 elapsed_ms=1024
2026-09-10T04:27:12.241696Z  INFO release preload completed; component cache warm
2026-09-10T04:27:12.253365Z  INFO wamn-host starting (base plugins: wasi:config, wamn:logging, wasi:otel, wamn:postgres, wamn:jetstream, wamn:flow-http-routing) router_delivery=true
2026-09-10T04:27:12.253385Z  INFO wamn-host welded to its release effective_release_id=2 manifest_digest=sha256:d802f9b44bf72c097c987dde0eebdfb66f526bea557f39d2efcdb13d98a25b34
2026-09-10T04:27:12.253404Z  INFO HTTP server listening addr=0.0.0.0:80 protocol="HTTP"
2026-09-10T04:27:12.253432Z  INFO Starting WASI OTel plugin endpoint=http://otel-collector.wamn-system.svc.cluster.local:4317 protocol="grpc"
2026-09-10T04:27:12.254289Z  INFO probe server listening addr=0.0.0.0:8081
2026-09-10T04:27:12.254516Z  INFO WASI OTel plugin started
2026-09-10T04:27:12.254543Z  INFO Host started host_id="eecec0d2-b41c-4024-b6b7-159f252e0caf" friendly_name="wiry-grandfather-0480" host_name="10.244.1.5" labels={"hostgroup": "default"} version="2.9.0" max_concurrent_starts=4
2026-09-10T04:27:12.254686Z  INFO Host provides interfaces count=10 interfaces=["wasi:cli/stdin,terminal-output,terminal-stderr,terminal-stdin,terminal-input,stdout,stderr,terminal-stdout,exit,environment@0.2.0", "wasi:clocks/wall-clock,monotonic-clock@0.2.0", "wasi:clocks/wall-time,monotonic-clock@0.2.0", "wasi:filesystem/preopens,types@0.2.0", "wasi:http/handler,types@0.3.0", "wasi:http/outgoing-handler,incoming-handler,types@0.2.0", "wasi:io/error,streams,poll@0.2.0", "wasi:random/random@0.2.0", "wasi:random/insecure-seed,random,insecure@0.2.0", "wasi:sockets/udp,network,ip-name-lookup,instance-network,tcp-create-socket,udp-create-socket,tcp@0.2.0"]
2026-09-10T04:27:12.254714Z  INFO wamn-host runtime startup completed elapsed_ms=1363 cleanup_budget_secs=51
2026-09-10T04:27:42.832191Z  INFO workload_start{workload_id=c8275dd7-82a0-43f9-b072-bae215dfc595 workload.name="flow-http-session-b-6d774c9b59-7c964fd7c6" workload.namespace="wamn-receiving-journey"}: Starting workload workload_id="c8275dd7-82a0-43f9-b072-bae215dfc595" namespace="wamn-receiving-journey" name="flow-http-session-b-6d774c9b59-7c964fd7c6"
2026-09-10T04:27:44.852123Z  WARN handle_http_request{http.method=POST http.uri=/purchase_order/get http.host=receiving.localhost http.request.method=POST url.path=/purchase_order/get server.address="receiving.localhost"}:invoke_component_handler{workload.name="flow-http-session-b-6d774c9b59-7c964fd7c6" workload.namespace="wamn-receiving-journey" workload.id="c8275dd7-82a0-43f9-b072-bae215dfc595"}:wamn.component.invoke{wamn.tenant=receiving-route-auth wamn.project=receiving wamn.environment=dev wamn.wiring_id=purchase_order_get wamn.wiring_version=1 wamn.component_digest=sha256:5326f1a794dfe01736dbf08a41a73593a908f4551c76e116c2e9a79f3b6795b3 wamn.node_id=operation wamn.operation=wamn-receiving:purchase-order/get@1.0.0 wamn.caller_principal_id="98bd3e4b-5471-486e-bdd8-da887a7c67db" wamn.caller_credential_kind="session"}:wamn.component.linker_setup:wamn.linker.register: component imports wamn:postgres but sets no wamn.tenant; calls will be refused component="receiving#2"
