2026-09-05T23:28:07.174473420Z 2026-09-05T23:28:07.174418Z  INFO connected to NATS
2026-09-05T23:28:07.194642212Z 2026-09-05T23:28:07.194555Z  INFO wiring activation doorbell listening; dropped every cached pointer channel="wamn_wiring_activation" dropped=0
2026-09-05T23:28:07.275552716Z 2026-09-05T23:28:07.275473Z  INFO release component pull completed component_digest=sha256:ae12741669b22abbc09b72f4243c83e996c15c46a5b3d925cbd1cf11d4355715 component_bytes=466014 elapsed_ms=14
2026-09-05T23:28:07.277896858Z 2026-09-05T23:28:07.277790Z  INFO release component pull completed component_digest=sha256:43fcb1f18e8e9d6be3ea0a84b838a400e5a179665dc4019914a5076d14e03b7d component_bytes=669593 elapsed_ms=16
2026-09-05T23:28:07.733873069Z 2026-09-05T23:28:07.733784Z  INFO release component compilation completed component_digest=sha256:ae12741669b22abbc09b72f4243c83e996c15c46a5b3d925cbd1cf11d4355715 compile_ms=458 compile_wall_ms=458
2026-09-05T23:28:07.739747776Z 2026-09-05T23:28:07.739672Z  INFO release component compilation completed component_digest=sha256:43fcb1f18e8e9d6be3ea0a84b838a400e5a179665dc4019914a5076d14e03b7d compile_ms=461 compile_wall_ms=461
2026-09-05T23:28:07.740137730Z 2026-09-05T23:28:07.740102Z  WARN wamn.component.linker_setup:wamn.linker.register: component imports wamn:postgres but sets no wamn.tenant; calls will be refused component="receiving#0"
2026-09-05T23:28:07.740406496Z 2026-09-05T23:28:07.740379Z  INFO release component instantiation completed component_digest=sha256:43fcb1f18e8e9d6be3ea0a84b838a400e5a179665dc4019914a5076d14e03b7d elapsed_ms=0 total_elapsed_ms=479
2026-09-05T23:28:07.740710128Z 2026-09-05T23:28:07.740681Z  WARN wamn.component.linker_setup:wamn.linker.register: component imports wamn:postgres but sets no wamn.tenant; calls will be refused component="client_acme_receiving#1"
2026-09-05T23:28:07.740900488Z 2026-09-05T23:28:07.740873Z  INFO release component instantiation completed component_digest=sha256:ae12741669b22abbc09b72f4243c83e996c15c46a5b3d925cbd1cf11d4355715 elapsed_ms=0 total_elapsed_ms=479
2026-09-05T23:28:07.740908302Z 2026-09-05T23:28:07.740894Z  INFO synchronous release preload completed synchronous_wirings=13 component_digests=2 elapsed_ms=552
2026-09-05T23:28:07.740960197Z 2026-09-05T23:28:07.740948Z  INFO release preload completed; component cache warm
2026-09-05T23:28:07.747467916Z 2026-09-05T23:28:07.747403Z  INFO wamn-host starting (base plugins: wasi:config, wamn:logging, wasi:otel, wamn:postgres, wamn:jetstream, wamn:flow-http-routing) router_delivery=true
2026-09-05T23:28:07.747481979Z 2026-09-05T23:28:07.747418Z  INFO wamn-host welded to its release effective_release_id=1 manifest_digest=sha256:117166d61dfa9792bcf8ac73d5079672be54e4007f43534cfe6dd487ce384911
2026-09-05T23:28:07.747483467Z 2026-09-05T23:28:07.747429Z  INFO HTTP server listening addr=0.0.0.0:80 protocol="HTTP"
2026-09-05T23:28:07.747488184Z 2026-09-05T23:28:07.747455Z  INFO Starting WASI OTel plugin endpoint=http://otel-collector.wamn-system.svc.cluster.local:4317 protocol="grpc"
2026-09-05T23:28:07.748035478Z 2026-09-05T23:28:07.747988Z  INFO WASI OTel plugin started
2026-09-05T23:28:07.748047457Z 2026-09-05T23:28:07.748005Z  INFO Host started host_id="22bef1e2-0e3d-4c5b-9923-99138975befe" friendly_name="berserk-glass-9841" host_name="10.244.2.5" labels={"hostgroup": "default"} version="2.8.0"
2026-09-05T23:28:07.748124086Z 2026-09-05T23:28:07.748086Z  INFO Host provides interfaces count=10 interfaces=["wasi:cli/stdout,terminal-output,stderr,terminal-stdin,terminal-stdout,stdin,terminal-input,environment,exit,terminal-stderr@0.2.0", "wasi:clocks/wall-time,monotonic-clock@0.2.0", "wasi:clocks/wall-clock,monotonic-clock@0.2.0", "wasi:filesystem/preopens,types@0.2.0", "wasi:http/types,handler@0.3.0", "wasi:http/incoming-handler,outgoing-handler,types@0.2.0", "wasi:io/poll,error,streams@0.2.0", "wasi:random/insecure,insecure-seed,random@0.2.0", "wasi:random/random@0.2.0", "wasi:sockets/network,tcp-create-socket,tcp,ip-name-lookup,udp,udp-create-socket,instance-network@0.2.0"]
2026-09-05T23:28:07.748157956Z 2026-09-05T23:28:07.748121Z  INFO wamn-host runtime startup completed elapsed_ms=652
2026-09-05T23:28:18.269939358Z 2026-09-05T23:28:18.269764Z  INFO workload_start{workload_id=5792d1be-df85-4bed-86ce-a69ceb0f95f7 workload.name="flow-http-55cf696656-85ccbff86" workload.namespace="wamn-receiving-journey"}: Starting workload workload_id="5792d1be-df85-4bed-86ce-a69ceb0f95f7" namespace="wamn-receiving-journey" name="flow-http-55cf696656-85ccbff86"
2026-09-05T23:28:18.413357693Z 2026-09-05T23:28:18.413267Z  INFO workload_stop{workload_id=5792d1be-df85-4bed-86ce-a69ceb0f95f7}: Stopping workload workload_id="5792d1be-df85-4bed-86ce-a69ceb0f95f7"
2026-09-05T23:28:18.472213299Z 2026-09-05T23:28:18.472120Z  INFO workload_start{workload_id=8216f1d8-016a-4ce6-b002-ee121158cfa8 workload.name="flow-http-8559cbd445-b8959ddf9" workload.namespace="wamn-receiving-journey"}: Starting workload workload_id="8216f1d8-016a-4ce6-b002-ee121158cfa8" namespace="wamn-receiving-journey" name="flow-http-8559cbd445-b8959ddf9"
2026-09-05T23:28:20.497242949Z 2026-09-05T23:28:20.497159Z  WARN handle_http_request{http.method=POST http.uri=/purchase_order/get http.host=receiving.localhost http.request.method=POST url.path=/purchase_order/get server.address="receiving.localhost"}:invoke_component_handler{workload.name="flow-http-8559cbd445-b8959ddf9" workload.namespace="wamn-receiving-journey" workload.id="8216f1d8-016a-4ce6-b002-ee121158cfa8"}:http.handle:wamn.component.invoke{wamn.tenant=receiving-route-auth wamn.project=receiving wamn.environment=dev wamn.wiring_id=purchase_order_get wamn.wiring_version=1 wamn.component_digest=sha256:43fcb1f18e8e9d6be3ea0a84b838a400e5a179665dc4019914a5076d14e03b7d wamn.node_id=operation wamn.operation=wamn-receiving:purchase-order/get@1.0.0 wamn.caller_principal_id="bb6be7a8-5c4e-4505-912b-7889d0be6f67"}:wamn.component.linker_setup:wamn.linker.register: component imports wamn:postgres but sets no wamn.tenant; calls will be refused component="receiving#2"
2026-09-05T23:28:23.703598734Z 2026-09-05T23:28:23.703555Z  INFO shutting down wamn-host
2026-09-05T23:28:23.703627637Z 2026-09-05T23:28:23.703599Z  INFO HTTP server stopping addr=0.0.0.0:80
2026-09-05T23:28:23.703639255Z 2026-09-05T23:28:23.703623Z  INFO Stopping WASI OTel plugin
2026-09-05T23:28:23.703928023Z 2026-09-05T23:28:23.703882Z  INFO WASI OTel plugin stopped
2026-09-05T23:28:23.703983569Z 2026-09-05T23:28:23.703957Z  INFO HTTP server received shutdown signal
