#0 building with "default" instance using docker driver

#1 [internal] load build definition from Dockerfile
#1 transferring dockerfile: 379B done
#1 DONE 0.0s

#2 [internal] load metadata for docker.io/library/debian:trixie-slim
#2 DONE 0.0s

#3 [internal] load .dockerignore
#3 transferring context: 2B done
#3 DONE 0.0s

#4 [1/3] FROM docker.io/library/debian:trixie-slim
#4 DONE 0.0s

#5 [internal] load build context
#5 transferring context: 107.35MB 0.4s done
#5 DONE 0.4s

#6 [2/3] RUN apt-get update && apt-get install -y --no-install-recommends ca-certificates curl && rm -rf /var/lib/apt/lists/*
#6 CACHED

#7 [3/3] COPY wamn-host /usr/local/bin/wamn-host
#7 CACHED

#8 exporting to image
#8 exporting layers done
#8 writing image sha256:fe2a787d4379902b50e7cdfb9dd0a2e3ae61024452a9ab29fb3f5eddbadace98 done
#8 naming to docker.io/library/wamn-host:wamn-receiving-daab1f529cd24f3391208b0500e2b342 0.0s done
#8 DONE 0.1s
