{
    "apiVersion": "v1",
    "kind": "Service",
    "metadata": {
        "annotations": {
            "meta.helm.sh/release-name": "wamn",
            "meta.helm.sh/release-namespace": "wamn-system"
        },
        "creationTimestamp": "2026-09-12T00:46:24Z",
        "labels": {
            "app.kubernetes.io/instance": "wamn",
            "app.kubernetes.io/managed-by": "Helm",
            "app.kubernetes.io/name": "runtime-operator",
            "app.kubernetes.io/version": "2.9.0",
            "helm.sh/chart": "runtime-operator-2.9.0",
            "wasmcloud.com/name": "nats"
        },
        "name": "nats",
        "namespace": "wamn-system",
        "resourceVersion": "892",
        "uid": "2a4ff333-b64f-4427-b0c6-14e1f905fa6b"
    },
    "spec": {
        "clusterIP": "10.96.230.134",
        "clusterIPs": [
            "10.96.230.134"
        ],
        "internalTrafficPolicy": "Cluster",
        "ipFamilies": [
            "IPv4"
        ],
        "ipFamilyPolicy": "SingleStack",
        "ports": [
            {
                "name": "tcp-nats",
                "port": 4222,
                "protocol": "TCP",
                "targetPort": "tcp-nats"
            }
        ],
        "selector": {
            "wasmcloud.com/name": "nats"
        },
        "sessionAffinity": "None",
        "type": "ClusterIP"
    },
    "status": {
        "loadBalancer": {}
    }
}
