{
  "summary": {
    "successRate": 1.0,
    "total": 10.004163559,
    "slowest": 0.054955209,
    "fastest": 0.000380275,
    "average": 0.003072301424049241,
    "requestsPerSec": 10398.370577059855,
    "totalData": 3743820,
    "sizePerRequest": 36,
    "sizePerSec": 374226.1887183926
  },
  "metrics": {
    "success_rate": 1.0,
    "requests_per_sec": 10398.370577059855,
    "latency_ms": {
      "min": 0.38,
      "mean": 3.072,
      "p50": 2.872,
      "p95": 5.53,
      "p99": 8.042,
      "max": 54.955
    }
  },
  "responseTimeHistogram": {
    "0.000380275": 1,
    "0.0058377684": 99930,
    "0.0112952618": 3718,
    "0.0167527552": 198,
    "0.0222102486": 57,
    "0.027667742": 52,
    "0.0331252354": 21,
    "0.0385827288": 7,
    "0.0440402222": 1,
    "0.0494977156": 0,
    "0.054955209": 10
  },
  "latencyPercentiles": {
    "p10": 0.001483168,
    "p25": 0.002125939,
    "p50": 0.002871771,
    "p75": 0.003732093,
    "p90": 0.004730426,
    "p95": 0.005530265,
    "p99": 0.008042023,
    "p99.9": 0.020675843,
    "p99.99": 0.039512413
  },
  "firstByteHistogram": {
    "0.0003757": 1,
    "0.005833050899999999": 99998,
    "0.011290401799999999": 3654,
    "0.0167477527": 198,
    "0.022205103599999998": 55,
    "0.027662454499999996": 50,
    "0.0331198054": 21,
    "0.0385771563": 7,
    "0.044034507199999996": 1,
    "0.049491858099999994": 0,
    "0.05494920899999999": 10
  },
  "firstBytePercentiles": {
    "p10": 0.001473794,
    "p25": 0.002117005,
    "p50": 0.002861573,
    "p75": 0.003720491,
    "p90": 0.004712269,
    "p95": 0.005507922,
    "p99": 0.008001684,
    "p99.9": 0.020632618,
    "p99.99": 0.039497087
  },
  "rps": {
    "mean": 10391.324358417587,
    "stddev": 2171.374781155838,
    "max": 15799.890064968746,
    "min": 4161.247918828465,
    "percentiles": {
      "p10": 7431.093926316032,
      "p25": 8721.667237918811,
      "p50": 10521.70100832955,
      "p75": 12178.117141308165,
      "p90": 13230.157105061637,
      "p95": 13541.800830804312,
      "p99": 14214.537207201794,
      "p99.9": 14582.523263968435,
      "p99.99": 15799.890064968746
    }
  },
  "details": {
    "DNSDialup": {
      "average": 0.0013385023125000001,
      "fastest": 0.000578536,
      "slowest": 0.00231582
    },
    "DNSLookup": {
      "average": 0.00003632696875000001,
      "fastest": 0.000015591,
      "slowest": 0.0001013
    },
    "firstByte": {
      "average": 0.003059255948651393,
      "fastest": 0.0003757,
      "slowest": 0.054949209
    }
  },
  "statusCodeDistribution": {
    "404": 103995
  },
  "errorDistribution": {
    "aborted due to deadline": 32
  }
}