{
  "summary": {
    "successRate": 1.0,
    "total": 10.000707782,
    "slowest": 0.005201915,
    "fastest": 0.000202073,
    "average": 0.000386983273913214,
    "requestsPerSec": 2560.2187923222737,
    "totalData": 921708,
    "sizePerRequest": 36,
    "sizePerSec": 92164.27677838533
  },
  "metrics": {
    "success_rate": 1.0,
    "requests_per_sec": 2560.2187923222737,
    "latency_ms": {
      "min": 0.202,
      "mean": 0.387,
      "p50": 0.364,
      "p95": 0.53,
      "p99": 0.842,
      "max": 5.202
    }
  },
  "responseTimeHistogram": {
    "0.000202073": 1,
    "0.0007020572": 25177,
    "0.0012020414000000002": 318,
    "0.0017020256": 62,
    "0.0022020098000000003": 17,
    "0.0027019940000000005": 9,
    "0.0032019782000000004": 6,
    "0.0037019624": 4,
    "0.0042019466": 6,
    "0.0047019308": 2,
    "0.0052019150000000005": 1
  },
  "latencyPercentiles": {
    "p10": 0.000299503,
    "p25": 0.000328533,
    "p50": 0.000364439,
    "p75": 0.000411408,
    "p90": 0.000473736,
    "p95": 0.000530442,
    "p99": 0.000841968,
    "p99.9": 0.002266191,
    "p99.99": 0.004398003
  },
  "firstByteHistogram": {
    "0.000200602": 1,
    "0.000698437": 25181,
    "0.001196272": 315,
    "0.001694107": 61,
    "0.0021919419999999997": 17,
    "0.0026897769999999995": 9,
    "0.003187612": 6,
    "0.0036854469999999997": 4,
    "0.004183282": 6,
    "0.004681117": 2,
    "0.005178952": 1
  },
  "firstBytePercentiles": {
    "p10": 0.000296087,
    "p25": 0.000324757,
    "p50": 0.000360278,
    "p75": 0.00040674,
    "p90": 0.000468441,
    "p95": 0.000524584,
    "p99": 0.000832246,
    "p99.9": 0.002259635,
    "p99.99": 0.00438877
  },
  "rps": {
    "mean": 2556.6651659053005,
    "stddev": 466.01618046001147,
    "max": 3828.089371380369,
    "min": 725.4603953033719,
    "percentiles": {
      "p10": 1983.5076558174703,
      "p25": 2338.2799815782164,
      "p50": 2637.040664282573,
      "p75": 2834.165869557608,
      "p90": 2994.6578402052673,
      "p95": 3244.599288439098,
      "p99": 3596.2382115311507,
      "p99.9": 3818.167988740829,
      "p99.99": 3828.089371380369
    }
  },
  "details": {
    "DNSDialup": {
      "average": 0.00028332,
      "fastest": 0.00028332,
      "slowest": 0.00028332
    },
    "DNSLookup": {
      "average": 0.00005795,
      "fastest": 0.00005795,
      "slowest": 0.00005795
    },
    "firstByte": {
      "average": 0.0003826811411553315,
      "fastest": 0.000200602,
      "slowest": 0.005178952
    }
  },
  "statusCodeDistribution": {
    "404": 25603
  },
  "errorDistribution": {
    "aborted due to deadline": 1
  }
}