
running 31 tests
test english_prose_context_is_not_an_update ... ok
test control_authoring_state_ownership_is_explicit_and_bounded ... ok
test external_authority_classes_are_excluded ... ok
test grant_privilege_list_is_not_a_write ... ok
test conflicting_second_migration_owner_is_rejected ... ok
test hyphenated_error_message_literal_is_not_an_update ... ok
test durability_policy_projection_ownership_is_explicit_and_bounded ... ok
test effect_ledger_lifecycle_is_run_state_owned ... ok
test an_active_relation_cannot_hold_a_forwarding_address ... ok
test interpolated_set_clause_still_inventories_the_update ... ok
test host_owned_production_claim_authority_is_explicit_and_bounded ... ok
test plpgsql_trigger_operation_literal_is_not_an_update ... ok
test lowercase_undeclared_writer_is_rejected ... ok
test missing_scan_exclusion_path_is_rejected ... ok
test a_retired_relation_may_have_no_static_writer_when_it_names_its_successor ... ok
test quoted_privilege_name_probe_is_not_a_write ... ok
test producer_side_direct_run_admission_is_rejected ... ok
test row_lock_clause_is_not_an_update ... ok
test retired_relation_cannot_forward_across_planes ... ok
test retired_relation_cannot_regain_a_static_writer ... ok
test trigger_event_declarations_are_not_inventoried_as_writes ... ok
test retired_relation_cannot_supersede_itself ... ok
test the_generic_copy_channel_declares_why_it_authors_nothing ... ok
test retired_relation_with_an_unregistered_successor_is_rejected ... ok
test the_retired_population_is_pinned_by_the_decay_clause ... ok
test undeclared_writer_is_rejected ... ok
test retired_relation_without_a_successor_is_rejected ... ok
test unregistered_canonical_table_is_rejected ... ok
test unqualified_writer_requires_declared_source_context ... ok
test app_role_and_app_user_id_have_no_production_reader_while_the_claim_escape_is_open ... ok
test repository_state_ownership_manifest_is_complete ... ok

test result: ok. 31 passed; 0 failed; 0 ignored; 0 measured; 0 filtered out; finished in 0.38s

