aed88333f441c09d5052c1a53a8046f9ea114495
83336fdb5a31da215bc1406ffacdd1be9a8b32fe40eee2a9c4fe818e4e3dcfbc  /home/kaalin/.cache/wamn-lanes/ctc8-15-4-fresh-only-20260909/tools/receiving-cluster-journey-run
ff95d95b05ec8c1d73c6d8109f78170ae838161a914f2031269cf7c53aa0bdf9  -
455b2cd7d59917f1e29e09e398bc7fc50fb3c36dd2dec18617d96d38a3f8e185  /home/kaalin/.cache/wamn-lanes/ctc8-15-4-fresh-only-20260909/docs/perf/2026.09/ctc8-15-3-host-sessions/deployed-007/production-route.log
positive name=production_two_package_release_serves_all_thirteen_pat_routes result=pass
89a3b9b211262c33203d62e2cbc759fb248455ffb30a91c3c769d94b6015922f  /home/kaalin/.cache/wamn-lanes/ctc8-15-4-fresh-only-20260909/docs/perf/2026.09/ctc8-15-3-host-sessions/deployed-007/session-host-fixture.log
positive name=production_receiving_session_host_fixture result=pass
5fc30432937227a094dd00bff21f13b27b939fe8c1302735c9a527301f050233  /home/kaalin/.cache/wamn-lanes/ctc8-15-4-fresh-only-20260909/docs/perf/2026.09/ctc8-15-3-host-sessions/deployed-007/session-nested.log
positive name=production_nested_session_call_preserves_original_caller result=pass
2391f252ad27b72d1d3201f83f6e67ad8e50bc62ea6b64707e4334425a17111e  /home/kaalin/.cache/wamn-lanes/ctc8-15-4-fresh-only-20260909/docs/perf/2026.09/wasmcloud-2-9-cutover/live-receiving-009/journey/production-route.log
positive name=production_two_package_release_serves_all_thirteen_pat_routes result=pass
negative name=wrong-name expected_exit=1 actual_exit=1 result=pass
negative name=duplicate expected_exit=1 actual_exit=1 result=pass
negative name=missing-summary expected_exit=1 actual_exit=1 result=pass
negative name=zero-test expected_exit=1 actual_exit=1 result=pass
negative name=failed-test expected_exit=1 actual_exit=1 result=pass
syntax result=pass
conflict mode=session-host-proof expected_exit=2 actual_exit=2 result=pass
conflict mode=membershipproof expected_exit=2 actual_exit=2 result=pass
conflict mode=throughput expected_exit=2 actual_exit=2 result=pass
bd4b9246261ca88a851d05a8cb12383e83b8d306e1f9271a611f21c442348645  /home/kaalin/.cache/wamn-lanes/ctc8-15-4-fresh-only-20260909/docs/perf/2026.09/ctc8-15-3-host-sessions/deployed-007/host-session-reachable.log
3ca6bee0f482acf9c62432eab8737c354ce3c9cbba9b24dad824d798724543be  /home/kaalin/.cache/wamn-lanes/ctc8-15-4-fresh-only-20260909/docs/perf/2026.09/ctc8-15-3-host-sessions/deployed-007/host-session-reachable-process-continuity.json
04a6be5edbf2dc0c5563440605ce70d53bbc42c1ce6001dbc5c45bdfc1dc2ee2  /home/kaalin/.cache/wamn-lanes/ctc8-15-4-fresh-only-20260909/docs/perf/2026.09/ctc8-15-3-host-sessions/deployed-007/host-session-unreachable.log
d0bf3eb73e0df35627f7341c217bb1f84da60548164e23cf32ad25c4d8100cba  /home/kaalin/.cache/wamn-lanes/ctc8-15-4-fresh-only-20260909/docs/perf/2026.09/ctc8-15-3-host-sessions/deployed-007/host-session-unreachable-process-continuity.json
54160b69539b20d3b0c11dcfaa2783ba3735771af2b8c8b7f71997c7829e4ee3  /home/kaalin/.cache/wamn-lanes/ctc8-15-4-fresh-only-20260909/docs/perf/2026.09/wasmcloud-2-9-cutover/live-receiving-009/journey/flow-http-push.json
fea7345c71bbe3432ea5bad7d74179e2ea941c2a702eb6b8783eec1102f3db91  /home/kaalin/.cache/wamn-lanes/ctc8-15-4-fresh-only-20260909/docs/perf/2026.09/wasmcloud-2-9-cutover/live-receiving-009/journey/materializer-push.json
83336fdb5a31da215bc1406ffacdd1be9a8b32fe40eee2a9c4fe818e4e3dcfbc  /home/kaalin/.cache/wamn-lanes/ctc8-15-4-fresh-only-20260909/tools/receiving-cluster-journey-run
RUNNER_CONTROLS result=pass positive=4 negative=5 dry_modes=7 conflicts=3 session_receipts=3 continuity_records=2 upstream_publications=2
