1. the happy path, and a second application through it
  ok    the App family resolves by its own file stem
  ok    each declared family resolves its name
  ok    each declared family resolves its path
  ok    five families yield five path/name pairs
  ok    a two-family application yields three pairs, not five
2. the declared set is the assertion
  ok    control: an undeclared Secret in the directory is refused
  ok    control: a declared family with no Secret is refused
3. each Secret's shape
  ok    control: a Secret for another namespace is refused
  ok    control: a url pointing at another database host is refused
  ok    control: a Secret with an empty name is refused
4. the spec contract
  ok    control: a missing required key is refused before any work
  ok    control: an empty family declaration is refused, naming that cause
5. nameref binding, both directions
  ok    a caller array named 'spec' binds to the caller
  ok    a caller array named 'out' binds to the caller
  ok    a caller array named 'config' binds to the caller
  ok    a caller array named 'params' binds to the caller
  ok    a caller array named 'secrets' binds to the caller
  ok    a caller array named 'host_secrets' binds to the caller
  ok    control: colliding on the internal IN name is detected
  ok    control: colliding on the internal OUT name is detected

journey-host-secrets: all properties hold
