{
  "summary": {
    "successRate": 1.0,
    "total": 10.002623171,
    "slowest": 0.040917338,
    "fastest": 0.000366494,
    "average": 0.0010871810180929308,
    "requestsPerSec": 7322.179267168956,
    "totalData": 2636388,
    "sizePerRequest": 36,
    "sizePerSec": 263569.6611708337
  },
  "metrics": {
    "success_rate": 1.0,
    "requests_per_sec": 7322.179267168956,
    "latency_ms": {
      "min": 0.366,
      "mean": 1.087,
      "p50": 0.911,
      "p95": 2.216,
      "p99": 4.253,
      "max": 40.917
    }
  },
  "responseTimeHistogram": {
    "0.000366494": 1,
    "0.0044215784": 72574,
    "0.0084766628": 539,
    "0.0125317472": 74,
    "0.016586831599999997": 23,
    "0.020641915999999996": 9,
    "0.0246970004": 6,
    "0.028752084799999997": 2,
    "0.0328071692": 1,
    "0.0368622536": 1,
    "0.040917338": 3
  },
  "latencyPercentiles": {
    "p10": 0.000569782,
    "p25": 0.000691551,
    "p50": 0.000910735,
    "p75": 0.001171225,
    "p90": 0.001664471,
    "p95": 0.002216495,
    "p99": 0.00425288,
    "p99.9": 0.010418786,
    "p99.99": 0.02351343
  },
  "firstByteHistogram": {
    "0.000361094": 1,
    "0.00441621": 72585,
    "0.008471326": 530,
    "0.012526441999999999": 73,
    "0.016581558": 22,
    "0.020636674": 11,
    "0.024691789999999998": 4,
    "0.028746906": 2,
    "0.032802022": 1,
    "0.036857138": 1,
    "0.040912254": 3
  },
  "firstBytePercentiles": {
    "p10": 0.000562606,
    "p25": 0.00068343,
    "p50": 0.0009025,
    "p75": 0.001161432,
    "p90": 0.001652677,
    "p95": 0.002199745,
    "p99": 0.004226257,
    "p99.9": 0.010411964,
    "p99.99": 0.023500897
  },
  "rps": {
    "mean": 7315.727734351146,
    "stddev": 1796.3103491033246,
    "max": 11429.334530004422,
    "min": 1425.142651689639,
    "percentiles": {
      "p10": 4826.430540897019,
      "p25": 6202.234665149791,
      "p50": 7476.783576619199,
      "p75": 8645.906883582122,
      "p90": 9514.427678131015,
      "p95": 9926.852135025374,
      "p99": 10695.434290631956,
      "p99.9": 11404.172554617197,
      "p99.99": 11429.334530004422
    }
  },
  "details": {
    "DNSDialup": {
      "average": 0.002331058625,
      "fastest": 0.000477494,
      "slowest": 0.005684514
    },
    "DNSLookup": {
      "average": 0.0008654355000000001,
      "fastest": 0.000042497,
      "slowest": 0.003447872
    },
    "firstByte": {
      "average": 0.0010775183381399069,
      "fastest": 0.000361094,
      "slowest": 0.040912254
    }
  },
  "statusCodeDistribution": {
    "404": 73233
  },
  "errorDistribution": {
    "aborted due to deadline": 8
  }
}