{
  "summary": {
    "successRate": 1.0,
    "total": 10.005029933,
    "slowest": 0.070309245,
    "fastest": 0.004898925,
    "average": 0.015572560264281563,
    "requestsPerSec": 1026.8834844874223,
    "totalData": 3056884,
    "sizePerRequest": 298,
    "sizePerSec": 305534.71808388643
  },
  "metrics": {
    "success_rate": 1.0,
    "requests_per_sec": 1026.8834844874223,
    "latency_ms": {
      "min": 4.899,
      "mean": 15.573,
      "p50": 14.131,
      "p95": 26.239,
      "p99": 35.344,
      "max": 70.309
    }
  },
  "responseTimeHistogram": {
    "0.004898925": 1,
    "0.011439957": 2222,
    "0.017980989000000003": 5477,
    "0.024522020999999998": 1834,
    "0.031063053": 504,
    "0.037604085": 151,
    "0.044145117": 50,
    "0.050686149": 14,
    "0.057227181": 4,
    "0.063768213": 0,
    "0.070309245": 1
  },
  "latencyPercentiles": {
    "p10": 0.010232256,
    "p25": 0.011742201,
    "p50": 0.014130594,
    "p75": 0.017970851,
    "p90": 0.022778664,
    "p95": 0.026239315,
    "p99": 0.035343738,
    "p99.9": 0.046587339,
    "p99.99": 0.05549271
  },
  "firstByteHistogram": {
    "0.004891955": 1,
    "0.0114330428": 2231,
    "0.0179741306": 5476,
    "0.0245152184": 1828,
    "0.031056306199999998": 502,
    "0.03759739399999999": 151,
    "0.044138481800000004": 50,
    "0.0506795696": 14,
    "0.0572206574": 4,
    "0.0637617452": 0,
    "0.070302833": 1
  },
  "firstBytePercentiles": {
    "p10": 0.010220906,
    "p25": 0.011732813,
    "p50": 0.01411872,
    "p75": 0.017952035,
    "p90": 0.022752019,
    "p95": 0.026220271,
    "p99": 0.035314808,
    "p99.9": 0.046579655,
    "p99.99": 0.055143413
  },
  "rps": {
    "mean": 1020.0383560827635,
    "stddev": 344.12593342129946,
    "max": 1851.8728568912059,
    "min": 70.60710815879261,
    "percentiles": {
      "p10": 539.1112255464375,
      "p25": 773.6115358299363,
      "p50": 1035.9535064066354,
      "p75": 1281.1496866467808,
      "p90": 1465.066943792224,
      "p95": 1537.314127741164,
      "p99": 1702.4462343538537,
      "p99.9": 1810.9114659468105,
      "p99.99": 1851.8728568912059
    }
  },
  "details": {
    "DNSDialup": {
      "average": 0.0018903228124999998,
      "fastest": 0.001083999,
      "slowest": 0.002807234
    },
    "DNSLookup": {
      "average": 0.000055817500000000006,
      "fastest": 0.000028228,
      "slowest": 0.000132904
    },
    "firstByte": {
      "average": 0.015556912675375324,
      "fastest": 0.004891955,
      "slowest": 0.070302833
    }
  },
  "statusCodeDistribution": {
    "200": 10258
  },
  "errorDistribution": {
    "aborted due to deadline": 16
  }
}