   Compiling serde_core v1.0.229
   Compiling proc-macro2 v1.0.107
   Compiling zmij v1.0.23
   Compiling quote v1.0.47
   Compiling unicode-ident v1.0.24
   Compiling wasmparser v0.236.1
   Compiling hashbrown v0.17.1
   Compiling equivalent v1.0.2
   Compiling foldhash v0.1.5
   Compiling hashbrown v0.15.5
   Compiling anyhow v1.0.104
   Compiling semver v1.0.28
   Compiling bitflags v2.13.1
   Compiling serde v1.0.229
   Compiling serde_json v1.0.151
   Compiling syn v3.0.4
   Compiling prettyplease v0.2.37
   Compiling itoa v1.0.18
   Compiling memchr v2.8.3
   Compiling wasm-encoder v0.236.1
   Compiling unicode-xid v0.2.6
   Compiling leb128fmt v0.1.0
   Compiling indexmap v2.14.0
   Compiling id-arena v2.3.0
   Compiling log v0.4.34
   Compiling syn v2.0.119
   Compiling wit-bindgen-rust v0.44.0
   Compiling heck v0.5.0
   Compiling wit-bindgen-rt v0.44.0
   Compiling wit-bindgen-rust-macro v0.44.0
   Compiling serde_derive v1.0.229
   Compiling cfg-if v1.0.4
   Compiling dlmalloc v0.2.14
   Compiling wit-parser v0.236.1
   Compiling wasm-metadata v0.236.1
   Compiling wit-bindgen-core v0.44.0
   Compiling wit-component v0.236.1
   Compiling wit-bindgen v0.44.0
   Compiling http-request v0.1.0 (/home/kaalin/.cache/wamn-lanes/native-b-adoption-20260910/components/no-std/http-request)
warning: suspicious definition of the runtime `memcmp` symbol used by the standard library
  --> http-request/src/../../guest_runtime.rs:60:1
   |
60 | unsafe extern "C" fn memcmp(left: *const u8, right: *const u8, length: usize) -> i32 {
   | ^^^^^^^^^^^^^^^^^^^^^^^^^^^^^^^^^^^^^^^^^^^^^^^^^^^^^^^^^^^^^^^^^^^^^^^^^^^^^^^^^^^^
   |
   = note: expected `unsafe extern "C" fn(*const c_void, *const c_void, usize) -> i32`
           found    `unsafe extern "C" fn(*const u8, *const u8, usize) -> i32`
   = help: either fix the signature or remove any attributes like `#[unsafe(no_mangle)]`, `#[unsafe(export_name = "memcmp")]`, or `#[link_name = "memcmp"]`
   = help: allow this lint if the signature is compatible
   = note: `#[warn(suspicious_runtime_symbol_definitions)]` on by default

warning: `http-request` (lib) generated 1 warning
    Finished `dev` profile [unoptimized + debuginfo] target(s) in 19.21s
