2026-09-09T16:02:37.790492Z  INFO wamn_cdc_reader: registration loaded publication="wamn_cdc_acme__receiving__dev__urf9uho5" slot="wamn_cdc_acme__receiving__dev__urf9uho5" stream="EVT_acme_dev"
2026-09-09T16:02:37.792842Z  INFO async_nats::connector: connected successfully server=4222 max_payload=1048576
2026-09-09T16:02:37.792977Z  INFO async_nats: event: connected
2026-09-09T16:02:37.845350Z  INFO wamn_cdc_reader: preflight: slot healthy (resume position = confirmed LSN) slot="wamn_cdc_acme__receiving__dev__urf9uho5" active=false confirmed_flush_lsn="0/3039E68" wal_status="reserved"
2026-09-09T16:02:37.845458Z  INFO pg_walstream::stream: Creating logical replication stream with retry support
2026-09-09T16:02:37.845488Z  INFO pg_walstream::retry: Attempting to connect to PostgreSQL with retry logic
2026-09-09T16:02:37.892701Z  INFO pg_walstream::retry: Successfully connected to PostgreSQL on attempt 1 after 47.197811ms
2026-09-09T16:02:37.892754Z  INFO pg_walstream::stream: Starting logical replication stream
2026-09-09T16:02:37.892761Z  INFO pg_walstream::stream: Initializing replication stream
2026-09-09T16:02:37.892900Z  INFO pg_walstream::stream: System identification successful
2026-09-09T16:02:37.892912Z  INFO pg_walstream::stream: Creating replication slot: wamn_cdc_acme__receiving__dev__urf9uho5
2026-09-09T16:02:37.893456Z  WARN pg_walstream::stream: Replication slot already exists, continuing
2026-09-09T16:02:37.893479Z  INFO pg_walstream::stream: Replication stream initialized
2026-09-09T16:02:37.894030Z  INFO pg_walstream::stream: Logical replication started with LSN: 0/0
2026-09-09T16:02:37.894057Z  INFO wamn_cdc_reader: walsender session open; draining reopens=0
2026-09-09T16:03:07.895855Z  INFO pg_walstream::connection::native::connection: Sent standby status update: received=0/34E18F8, flushed=0/0, applied=0/0, reply_requested=false
2026-09-09T16:03:37.896993Z  INFO pg_walstream::connection::native::connection: Sent standby status update: received=0/3529E18, flushed=0/0, applied=0/0, reply_requested=false
2026-09-09T16:04:07.898801Z  INFO pg_walstream::connection::native::connection: Sent standby status update: received=0/352A040, flushed=0/0, applied=0/0, reply_requested=false
2026-09-09T16:04:29.274485Z  INFO wamn_cdc_reader: entity resolved table=purchase_order relation_oid=18610 package_id="wamn_receiving" entity="purchase_order"
2026-09-09T16:04:29.321027Z  INFO wamn_cdc_reader: CDC exclusion resolved table=record_receipt_command relation_oid=18661 package_id="wamn_receiving" relation="record_receipt_command"
2026-09-09T16:04:29.367100Z  INFO wamn_cdc_reader: entity resolved table=receipt relation_oid=18679 package_id="wamn_receiving" entity="receipt"
2026-09-09T16:04:29.412627Z  INFO wamn_cdc_reader: entity resolved table=receipt_line relation_oid=18708 package_id="wamn_receiving" entity="receipt_line"
2026-09-09T16:04:29.461883Z  INFO wamn_cdc_reader: entity resolved table=purchase_order_line relation_oid=18632 package_id="wamn_receiving" entity="purchase_order_line"
2026-09-09T16:04:29.462800Z  INFO wamn::event_reader: CDC exclusions committed excluded_by_relation={"wamn_receiving::record_receipt_command": 2}
2026-09-09T16:04:29.527448Z  INFO wamn_cdc_reader: entity resolved table=quality_inspection relation_oid=18764 package_id="client_acme_receiving" entity="quality_inspection"
2026-09-09T16:04:37.903857Z  INFO pg_walstream::connection::native::connection: Sent standby status update: received=0/352AED0, flushed=0/352AE98, applied=0/352AE98, reply_requested=false
2026-09-09T16:05:07.905831Z  INFO pg_walstream::connection::native::connection: Sent standby status update: received=0/352B108, flushed=0/352AE98, applied=0/352AE98, reply_requested=false
2026-09-09T16:05:29.452171Z  INFO wamn::event_reader: drain summary commits=4 events_published=6 deduped=0 excluded_by_relation={"wamn_receiving::record_receipt_command": 2} ending="shutdown"
2026-09-09T16:05:29.452283Z  INFO pg_walstream::connection::native::connection: Sent standby status update: received=0/352B298, flushed=0/352AE98, applied=0/352AE98, reply_requested=false
2026-09-09T16:05:29.452309Z  INFO pg_walstream::stream: Stopping logical replication stream (last received LSN: 0/352B298)
2026-09-09T16:05:29.452317Z  INFO wamn_cdc_reader: shutdown requested; exiting cleanly reopens=0 commits=4
