2026-09-09T16:01:07Z env CARGO_TARGET_DIR=/home/kaalin/.cache/wamn-lanes/wasmcloud-2-9-20260909/target RUSTC_WRAPPER= /home/kaalin/.cache/wamn-lanes/wasmcloud-2-9-20260909/tools/build-components m1 
2026-09-09T16:01:11Z env CARGO_TARGET_DIR=/home/kaalin/.cache/wamn-lanes/wasmcloud-2-9-20260909/target RUSTC_WRAPPER= cargo build --locked --release -p wamn-host 
2026-09-09T16:01:12Z env CARGO_TARGET_DIR=/home/kaalin/.cache/wamn-lanes/wasmcloud-2-9-20260909/target RUSTC_WRAPPER= cargo build --locked -p wamn-ctl -p wamn-cdc-reader -p wamn-scenario-worker -p wamn-executor 
2026-09-09T16:01:16Z env CARGO_TARGET_DIR=/home/kaalin/.cache/wamn-lanes/wasmcloud-2-9-20260909/target RUSTC_WRAPPER= cargo test --locked --offline -p wamn-proof-integration --test startup_burst_live --no-run 
2026-09-09T16:01:17Z docker build --platform=linux/amd64 --provenance=false --file /tmp/tmp.RFBCOefH7w/host-image/Dockerfile --tag wamn-host:receiving-a40d1c18729f-3383115-release /tmp/tmp.RFBCOefH7w/host-image 
2026-09-09T16:01:18Z kind create cluster --name wamn-receiving-journey --config /tmp/tmp.RFBCOefH7w/kind-config.yaml --kubeconfig /tmp/tmp.RFBCOefH7w/kubeconfig 
2026-09-09T16:01:42Z kubectl --kubeconfig /tmp/tmp.RFBCOefH7w/kubeconfig --context kind-wamn-receiving-journey wait --for=condition=Ready nodes --all --timeout=180s 
2026-09-09T16:01:55Z kubectl --kubeconfig /tmp/tmp.RFBCOefH7w/kubeconfig --context kind-wamn-receiving-journey create namespace wamn-receiving-journey 
2026-09-09T16:01:55Z kind load docker-image wamn-host:receiving-a40d1c18729f-3383115-release --name wamn-receiving-journey 
2026-09-09T16:02:02Z htpasswd \<credential-bearing\ arguments\ redacted\> 
2026-09-09T16:02:03Z postgres \<credential-bearing\ arguments\ redacted\> 
2026-09-09T16:02:03Z docker run --detach --name wamn-receiving-registry-a40d1c18729f-3383115 --network kind --env REGISTRY_AUTH=htpasswd --env REGISTRY_AUTH_HTPASSWD_REALM=WAMN\ Receiving\ cluster\ journey --env REGISTRY_AUTH_HTPASSWD_PATH=/auth/htpasswd --volume /tmp/tmp.RFBCOefH7w/htpasswd:/auth/htpasswd:ro registry:2 
2026-09-09T16:02:03Z docker run --detach --name wamn-receiving-nats-a40d1c18729f-3383115 --network kind nats:2.10-alpine --jetstream --store_dir /data --http_port 8222 
2026-09-09T16:02:06Z cargo test production_two_package_release_serves_all_thirteen_pat_routes \<journey\ document\ with\ disposable\ PostgreSQL\ and\ OCI\ inputs\ redacted\> 
2026-09-09T16:02:35Z kubectl --kubeconfig /tmp/tmp.RFBCOefH7w/kubeconfig --context kind-wamn-receiving-journey apply -f /tmp/tmp.RFBCOefH7w/route-caller-pat-kube.json 
2026-09-09T16:02:36Z env DOCKER_CONFIG=\<private-registry-directory\> /home/kaalin/.cache/wamn-lanes/wasmcloud-2-9-20260909/.tools/wash/2.9.0/wash -o json oci push --insecure 172.28.0.9:5000/wamn/flow-http:receiving-a40d1c18729f-3383115-release /home/kaalin/.cache/wamn-lanes/wasmcloud-2-9-20260909/target/wasm32-wasip2/release/http_route.wasm 
2026-09-09T16:02:36Z env DOCKER_CONFIG=\<private-registry-directory\> /home/kaalin/.cache/wamn-lanes/wasmcloud-2-9-20260909/.tools/wash/2.9.0/wash -o json oci push --insecure 172.28.0.9:5000/wamn/materializer:receiving-a40d1c18729f-3383115-release /home/kaalin/.cache/wamn-lanes/wasmcloud-2-9-20260909/target/wasm32-wasip2/release/materializer.wasm 
2026-09-09T16:02:36Z enable-cdc-project-env \<credential-bearing\ arguments\ redacted\> 
2026-09-09T16:02:36Z apply-cdc-role \<credential-bearing\ arguments\ redacted\> 
2026-09-09T16:02:36Z apply-cdc-stream \<credential-bearing\ arguments\ redacted\> 
2026-09-09T16:02:36Z prepare-registry-reader \<credential-bearing\ arguments\ redacted\> 
2026-09-09T16:02:37Z env WAMN_SYSTEM_URL=\<registry-reader\ credential\ redacted\> WAMN_CDC_URL=\<replication\ credential\ redacted\> /home/kaalin/.cache/wamn-lanes/wasmcloud-2-9-20260909/target/debug/wamn-cdc-reader --log-level info --org acme --project receiving --env dev --nats-url nats://172.28.0.10:4222 --sslmode disable --stream-replicas 1 --dup-window-secs 120 --feedback-secs 1 --stall-threshold-secs 30 --slot-poll-secs 0 --slot-safe-wal-warn-bytes 268435456 
2026-09-09T16:02:38Z print-release-env \<credential-bearing\ arguments\ redacted\> 
2026-09-09T16:02:38Z executor-native-lifecycle /home/kaalin/.cache/wamn-lanes/wasmcloud-2-9-20260909/target/debug/wamn-run-worker \<private\ fixture\ credentials\> sha256:e633957452b28418875cdc69a5574d078da95daf94aa9fda76c5ad84cc3dee94 SIGTERM SIGINT 
2026-09-09T16:02:55Z kubectl --kubeconfig /tmp/tmp.RFBCOefH7w/kubeconfig --context kind-wamn-receiving-journey apply -f /tmp/tmp.RFBCOefH7w/host-secrets/guest-sql.json 
2026-09-09T16:02:55Z kubectl --kubeconfig /tmp/tmp.RFBCOefH7w/kubeconfig --context kind-wamn-receiving-journey apply -f /tmp/tmp.RFBCOefH7w/host-secrets/executor-platform.json 
2026-09-09T16:02:55Z kubectl --kubeconfig /tmp/tmp.RFBCOefH7w/kubeconfig --context kind-wamn-receiving-journey apply -f /tmp/tmp.RFBCOefH7w/host-secrets/identity-reader.json 
2026-09-09T16:02:55Z kubectl --kubeconfig /tmp/tmp.RFBCOefH7w/kubeconfig --context kind-wamn-receiving-journey apply -f /tmp/tmp.RFBCOefH7w/host-secrets/http-admitter.json 
2026-09-09T16:02:55Z kubectl --kubeconfig /tmp/tmp.RFBCOefH7w/kubeconfig --context kind-wamn-receiving-journey apply -f /tmp/tmp.RFBCOefH7w/host-secrets/event-materializer.json 
2026-09-09T16:02:55Z kubectl --kubeconfig /tmp/tmp.RFBCOefH7w/kubeconfig --context kind-wamn-receiving-journey -n wamn-receiving-journey create secret generic wamn-registry-pull --type=kubernetes.io/dockerconfigjson --from-file=.dockerconfigjson=\<redacted\> --dry-run=client -o yaml 
2026-09-09T16:02:55Z kubectl --kubeconfig /tmp/tmp.RFBCOefH7w/kubeconfig --context kind-wamn-receiving-journey apply -f /tmp/tmp.RFBCOefH7w/registry-pull.yaml 
2026-09-09T16:02:55Z kubectl --kubeconfig /tmp/tmp.RFBCOefH7w/kubeconfig --context kind-wamn-receiving-journey apply -f /home/kaalin/.cache/wamn-lanes/wasmcloud-2-9-20260909/deploy/infra/cert-manager.yaml 
2026-09-09T16:02:57Z kubectl --kubeconfig /tmp/tmp.RFBCOefH7w/kubeconfig --context kind-wamn-receiving-journey -n cert-manager wait --for=condition=Available deployment --all --timeout=240s 
2026-09-09T16:03:11Z helm upgrade --install --create-namespace --kubeconfig /tmp/tmp.RFBCOefH7w/kubeconfig --kube-context kind-wamn-receiving-journey --namespace wamn-system wamn oci://ghcr.io/wasmcloud/charts/runtime-operator --version 2.9.0 -f /home/kaalin/.cache/wamn-lanes/wasmcloud-2-9-20260909/deploy/infra/values-wamn.yaml -f /tmp/tmp.RFBCOefH7w/operator-values.yaml --wait --timeout 5m 
2026-09-09T16:03:44Z kubectl --kubeconfig /tmp/tmp.RFBCOefH7w/kubeconfig --context kind-wamn-receiving-journey -n wamn-system get deployment runtime-operator -o json 
2026-09-09T16:03:44Z kubectl --kubeconfig /tmp/tmp.RFBCOefH7w/kubeconfig --context kind-wamn-receiving-journey apply -f /tmp/tmp.RFBCOefH7w/runtime-operator-events-rbac.yaml 
2026-09-09T16:03:44Z kubectl --kubeconfig /tmp/tmp.RFBCOefH7w/kubeconfig --context kind-wamn-receiving-journey -n wamn-receiving-journey get role wamn-runtime-operator-events -o json 
2026-09-09T16:03:44Z kubectl --kubeconfig /tmp/tmp.RFBCOefH7w/kubeconfig --context kind-wamn-receiving-journey -n wamn-receiving-journey get rolebinding wamn-runtime-operator-events -o json 
2026-09-09T16:03:44Z kubectl --kubeconfig /tmp/tmp.RFBCOefH7w/kubeconfig --context kind-wamn-receiving-journey apply -f /home/kaalin/.cache/wamn-lanes/wasmcloud-2-9-20260909/deploy/infra/tempo.yaml 
2026-09-09T16:03:44Z kubectl --kubeconfig /tmp/tmp.RFBCOefH7w/kubeconfig --context kind-wamn-receiving-journey apply -f /home/kaalin/.cache/wamn-lanes/wasmcloud-2-9-20260909/deploy/infra/otel-collector.yaml 
2026-09-09T16:03:44Z kubectl --kubeconfig /tmp/tmp.RFBCOefH7w/kubeconfig --context kind-wamn-receiving-journey -n wamn-system wait --for=condition=Available deployment/tempo deployment/otel-collector --timeout=120s 
2026-09-09T16:04:14Z kubectl --kubeconfig /tmp/tmp.RFBCOefH7w/kubeconfig --context kind-wamn-receiving-journey apply -f /tmp/tmp.RFBCOefH7w/wasmcloud-ca-copy.json 
2026-09-09T16:04:14Z kubectl --kubeconfig /tmp/tmp.RFBCOefH7w/kubeconfig --context kind-wamn-receiving-journey apply -f /home/kaalin/.cache/wamn-lanes/wasmcloud-2-9-20260909/deploy/infra/wasmcloud-ca-issuer.yaml 
2026-09-09T16:04:14Z kubectl --kubeconfig /tmp/tmp.RFBCOefH7w/kubeconfig --context kind-wamn-receiving-journey wait --for=condition=Ready clusterissuer/wasmcloud-ca --timeout=60s 
2026-09-09T16:04:15Z kubectl --kubeconfig /tmp/tmp.RFBCOefH7w/kubeconfig --context kind-wamn-receiving-journey apply -f /tmp/tmp.RFBCOefH7w/host-environment-certs.yaml 
2026-09-09T16:04:15Z kubectl --kubeconfig /tmp/tmp.RFBCOefH7w/kubeconfig --context kind-wamn-receiving-journey -n wamn-receiving-journey wait --for=condition=Ready certificate/wasmcloud-runtime-tls certificate/wasmcloud-data-tls --timeout=120s 
2026-09-09T16:04:15Z helm upgrade --install --kubeconfig /tmp/tmp.RFBCOefH7w/kubeconfig --kube-context kind-wamn-receiving-journey --namespace wamn-receiving-journey wamn-host oci://ghcr.io/wasmcloud/charts/runtime-operator --version 2.9.0 -f /tmp/tmp.RFBCOefH7w/host-base.yaml -f /tmp/tmp.RFBCOefH7w/host-overlay.yaml --wait --timeout 5m 
2026-09-09T16:04:22Z kubectl --kubeconfig /tmp/tmp.RFBCOefH7w/kubeconfig --context kind-wamn-receiving-journey -n wamn-receiving-journey rollout status deployment/hostgroup-default --timeout=240s 
2026-09-09T16:04:22Z kubectl --kubeconfig /tmp/tmp.RFBCOefH7w/kubeconfig --context kind-wamn-receiving-journey apply -f /tmp/tmp.RFBCOefH7w/flow-http.yaml 
2026-09-09T16:04:22Z kubectl --kubeconfig /tmp/tmp.RFBCOefH7w/kubeconfig --context kind-wamn-receiving-journey -n wamn-receiving-journey wait --for=condition=Ready workloaddeployment/flow-http --timeout=240s 
2026-09-09T16:04:24Z kubectl --kubeconfig /tmp/tmp.RFBCOefH7w/kubeconfig --context kind-wamn-receiving-journey apply -f /tmp/tmp.RFBCOefH7w/flow-http-reachability.yaml 
2026-09-09T16:04:24Z kubectl --kubeconfig /tmp/tmp.RFBCOefH7w/kubeconfig --context kind-wamn-receiving-journey -n wamn-receiving-journey wait --for=condition=Complete job/flow-http-reachability --timeout=90s 
2026-09-09T16:04:27Z kubectl --kubeconfig /tmp/tmp.RFBCOefH7w/kubeconfig --context kind-wamn-receiving-journey apply -f /tmp/tmp.RFBCOefH7w/materializer.yaml 
2026-09-09T16:04:27Z kubectl --kubeconfig /tmp/tmp.RFBCOefH7w/kubeconfig --context kind-wamn-receiving-journey -n wamn-receiving-journey wait --for=condition=Ready workloaddeployment/receiving-materializer --timeout=240s 
2026-09-09T16:04:28Z kubectl --kubeconfig /tmp/tmp.RFBCOefH7w/kubeconfig --context kind-wamn-receiving-journey apply -f /tmp/tmp.RFBCOefH7w/materializer-trigger.yaml 
2026-09-09T16:04:28Z kubectl --kubeconfig /tmp/tmp.RFBCOefH7w/kubeconfig --context kind-wamn-receiving-journey -n wamn-receiving-journey wait --for=condition=Complete job/receiving-materializer-trigger --timeout=120s 
2026-09-09T16:04:31Z cargo test production_materializer_consumes_the_causal_receipt_exactly_once \<journey\ document\ amended\ with\ the\ project\ database\ and\ receipt\,\ redacted\> 
2026-09-09T16:04:32Z python3 /home/kaalin/.cache/wamn-lanes/wasmcloud-2-9-20260909/tools/journey-telemetry-proof --kubeconfig /tmp/tmp.RFBCOefH7w/kubeconfig --context kind-wamn-receiving-journey --evidence-dir /home/kaalin/dev/wamn/docs/perf/2026.09/wasmcloud-2-9-cutover/live-receiving-003/journey/telemetry --source a40d1c18729fa6194c49380a807c0e683da7ff8f --tenant receiving-route-auth --project receiving --environment dev --namespace wamn-receiving-journey --system-namespace wamn-system --update-trace 97522498c17f3909f51cc647f929f10d --receipt-trace 4ce081f63c83c7112f12cbc3604aecbb 
2026-09-09T16:05:19Z python3 /home/kaalin/.cache/wamn-lanes/wasmcloud-2-9-20260909/tools/journey-startup-burst.py \<private-fixture-path\> 
2026-09-09T16:05:29Z kill -TERM 3391616 
2026-09-09T16:05:29Z kubectl --kubeconfig /tmp/tmp.RFBCOefH7w/kubeconfig --context kind-wamn-receiving-journey -n wamn-receiving-journey get deployment hostgroup-default -o json 
2026-09-09T16:05:29Z kubectl --kubeconfig /tmp/tmp.RFBCOefH7w/kubeconfig --context kind-wamn-receiving-journey -n wamn-receiving-journey get pods -o json 
2026-09-09T16:05:29Z kubectl --kubeconfig /tmp/tmp.RFBCOefH7w/kubeconfig --context kind-wamn-receiving-journey -n wamn-receiving-journey get events -o json 
2026-09-09T16:05:29Z kubectl --kubeconfig /tmp/tmp.RFBCOefH7w/kubeconfig --context kind-wamn-receiving-journey -n wamn-receiving-journey get secrets -o name 
2026-09-09T16:05:29Z kubectl --kubeconfig /tmp/tmp.RFBCOefH7w/kubeconfig --context kind-wamn-receiving-journey -n wamn-receiving-journey get jobs -o json 
2026-09-09T16:05:29Z kind delete cluster --name wamn-receiving-journey 
2026-09-09T16:05:31Z docker rm --force --volumes wamn-receiving-pg18-a40d1c18729f-3383115 
2026-09-09T16:05:31Z docker rm --force --volumes wamn-receiving-registry-a40d1c18729f-3383115 
2026-09-09T16:05:31Z docker rm --force --volumes wamn-receiving-nats-a40d1c18729f-3383115 
2026-09-09T16:05:31Z docker image rm wamn-host:receiving-a40d1c18729f-3383115-release 
2026-09-09T16:05:31Z rm -rf -- /tmp/tmp.RFBCOefH7w 
