{
  "summary": {
    "successRate": 1.0,
    "total": 10.005011757,
    "slowest": 0.040005592,
    "fastest": 0.000317433,
    "average": 0.004851264937557352,
    "requestsPerSec": 13176.696160078285,
    "totalData": 4743684,
    "sizePerRequest": 36,
    "sizePerSec": 474130.77717585734
  },
  "metrics": {
    "success_rate": 1.0,
    "requests_per_sec": 13176.696160078285,
    "latency_ms": {
      "min": 0.317,
      "mean": 4.851,
      "p50": 4.737,
      "p95": 8.23,
      "p99": 10.259,
      "max": 40.006
    }
  },
  "responseTimeHistogram": {
    "0.000317433": 1,
    "0.0042862489": 52915,
    "0.008255064800000001": 72409,
    "0.012223880700000002": 6146,
    "0.0161926966": 247,
    "0.0201615125": 16,
    "0.0241303284": 3,
    "0.028099144300000004": 0,
    "0.0320679602": 4,
    "0.0360367761": 17,
    "0.040005592": 11
  },
  "latencyPercentiles": {
    "p10": 0.002444858,
    "p25": 0.003517539,
    "p50": 0.004737314,
    "p75": 0.006050404,
    "p90": 0.007362998,
    "p95": 0.008230172,
    "p99": 0.010259309,
    "p99.9": 0.01385343,
    "p99.99": 0.035591722
  },
  "firstByteHistogram": {
    "0.000313761": 1,
    "0.0042363749": 51755,
    "0.0081589888": 73125,
    "0.0120816027": 6558,
    "0.0160042166": 275,
    "0.0199268305": 20,
    "0.0238494444": 2,
    "0.0277720583": 1,
    "0.0316946722": 4,
    "0.0356172861": 15,
    "0.0395399": 13
  },
  "firstBytePercentiles": {
    "p10": 0.002437543,
    "p25": 0.003509229,
    "p50": 0.004727961,
    "p75": 0.006037857,
    "p90": 0.00734812,
    "p95": 0.008212141,
    "p99": 0.010220243,
    "p99.9": 0.013686423,
    "p99.99": 0.035507696
  },
  "rps": {
    "mean": 13171.71193920825,
    "stddev": 1878.5665562027864,
    "max": 17943.192853838118,
    "min": 2245.1749404594916,
    "percentiles": {
      "p10": 10986.36823524427,
      "p25": 12153.478994128947,
      "p50": 13155.14267670036,
      "p75": 14205.552950648904,
      "p90": 15823.528003788688,
      "p95": 16407.330191178575,
      "p99": 17210.37785784825,
      "p99.9": 17850.105245423376,
      "p99.99": 17943.192853838118
    }
  },
  "details": {
    "DNSDialup": {
      "average": 0.0041968438906249995,
      "fastest": 0.000435513,
      "slowest": 0.006225687
    },
    "DNSLookup": {
      "average": 0.00002311004687500001,
      "fastest": 9.557e-6,
      "slowest": 0.000122794
    },
    "firstByte": {
      "average": 0.0048401024316721475,
      "fastest": 0.000313761,
      "slowest": 0.0395399
    }
  },
  "statusCodeDistribution": {
    "404": 131769
  },
  "errorDistribution": {
    "aborted due to deadline": 64
  }
}