{
  "summary": {
    "successRate": 1.0,
    "total": 10.003142722,
    "slowest": 0.012436719,
    "fastest": 0.000248502,
    "average": 0.0006945313913780025,
    "requestsPerSec": 11449.301802733991,
    "totalData": 4122756,
    "sizePerRequest": 36,
    "sizePerSec": 412146.07394661946
  },
  "metrics": {
    "success_rate": 1.0,
    "requests_per_sec": 11449.301802733991,
    "latency_ms": {
      "min": 0.249,
      "mean": 0.695,
      "p50": 0.634,
      "p95": 1.105,
      "p99": 1.805,
      "max": 12.437
    }
  },
  "responseTimeHistogram": {
    "0.000248502": 1,
    "0.0014673237000000002": 112257,
    "0.0026861454": 1928,
    "0.0039049671000000005": 246,
    "0.005123788800000001": 59,
    "0.006342610500000001": 14,
    "0.007561432200000002": 9,
    "0.0087802539": 4,
    "0.0099990756": 1,
    "0.011217897300000002": 0,
    "0.012436719": 2
  },
  "latencyPercentiles": {
    "p10": 0.000466135,
    "p25": 0.000530483,
    "p50": 0.000633817,
    "p75": 0.00077935,
    "p90": 0.000940553,
    "p95": 0.001104994,
    "p99": 0.001804799,
    "p99.9": 0.003736449,
    "p99.99": 0.007069349
  },
  "firstByteHistogram": {
    "0.000246735": 1,
    "0.0013221821": 111480,
    "0.0023976292": 2591,
    "0.0034730763000000004": 304,
    "0.0045485234": 98,
    "0.0056239705": 24,
    "0.0066994176": 8,
    "0.0077748647": 9,
    "0.0088503118": 4,
    "0.0099257589": 0,
    "0.011001206": 2
  },
  "firstBytePercentiles": {
    "p10": 0.000459989,
    "p25": 0.000523749,
    "p50": 0.000626695,
    "p75": 0.000771932,
    "p90": 0.000931396,
    "p95": 0.001093108,
    "p99": 0.001787812,
    "p99.9": 0.003726556,
    "p99.99": 0.007063314
  },
  "rps": {
    "mean": 11446.61955530777,
    "stddev": 1746.7935086567086,
    "max": 15328.537137589119,
    "min": 3070.8412364846595,
    "percentiles": {
      "p10": 9328.214774457256,
      "p25": 10506.558193624207,
      "p50": 11419.855703110967,
      "p75": 12334.034534896497,
      "p90": 13934.607992409821,
      "p95": 14513.969695832084,
      "p99": 15041.446706399405,
      "p99.9": 15251.35129982631,
      "p99.99": 15328.537137589119
    }
  },
  "details": {
    "DNSDialup": {
      "average": 0.00066524775,
      "fastest": 0.000392783,
      "slowest": 0.001558055
    },
    "DNSLookup": {
      "average": 0.00006115700000000001,
      "fastest": 0.000024118,
      "slowest": 0.000123878
    },
    "firstByte": {
      "average": 0.0006869523369076404,
      "fastest": 0.000246735,
      "slowest": 0.011001206
    }
  },
  "statusCodeDistribution": {
    "404": 114521
  },
  "errorDistribution": {
    "aborted due to deadline": 8
  }
}