{
  "summary": {
    "successRate": 1.0,
    "total": 10.001430394,
    "slowest": 0.013666078,
    "fastest": 0.001639453,
    "average": 0.0027782545896792186,
    "requestsPerSec": 358.54871340716346,
    "totalData": 1032480,
    "sizePerRequest": 288,
    "sizePerSec": 103233.23358020863
  },
  "metrics": {
    "success_rate": 1.0,
    "requests_per_sec": 358.54871340716346,
    "latency_ms": {
      "min": 1.639,
      "mean": 2.778,
      "p50": 2.581,
      "p95": 3.939,
      "p99": 7.126,
      "max": 13.666
    }
  },
  "responseTimeHistogram": {
    "0.001639453": 1,
    "0.0028421155": 2552,
    "0.004044778": 864,
    "0.0052474405": 79,
    "0.0064501029999999996": 36,
    "0.0076527654999999995": 24,
    "0.008855427999999999": 16,
    "0.010058090499999998": 5,
    "0.011260752999999998": 2,
    "0.012463415499999998": 1,
    "0.013666077999999998": 5
  },
  "latencyPercentiles": {
    "p10": 0.002180763,
    "p25": 0.002341708,
    "p50": 0.002581204,
    "p75": 0.002905206,
    "p90": 0.003384088,
    "p95": 0.003939389,
    "p99": 0.007125893,
    "p99.9": 0.0126537,
    "p99.99": 0.013666078
  },
  "firstByteHistogram": {
    "0.001633999": 1,
    "0.0028361923999999997": 2560,
    "0.0040383858": 857,
    "0.0052405792": 78,
    "0.0064427726": 37,
    "0.007644966": 23,
    "0.0088471594": 16,
    "0.010049352800000001": 5,
    "0.0112515462": 2,
    "0.0124537396": 1,
    "0.013655933": 5
  },
  "firstBytePercentiles": {
    "p10": 0.002174589,
    "p25": 0.002334574,
    "p50": 0.002573156,
    "p75": 0.002895676,
    "p90": 0.003373158,
    "p95": 0.0039279,
    "p99": 0.007109374,
    "p99.9": 0.012643908,
    "p99.99": 0.013655933
  },
  "rps": {
    "mean": 355.6436125350496,
    "stddev": 82.80286538990138,
    "max": 557.7218090309212,
    "min": 73.10401092466321,
    "percentiles": {
      "p10": 251.04506924260693,
      "p25": 321.00375734898,
      "p50": 366.4686555083483,
      "p75": 409.4249626399747,
      "p90": 439.10165071482004,
      "p95": 466.0501677372845,
      "p99": 516.0816193402565,
      "p99.9": 554.9644567464023,
      "p99.99": 557.7218090309212
    }
  },
  "details": {
    "DNSDialup": {
      "average": 0.000285259,
      "fastest": 0.000285259,
      "slowest": 0.000285259
    },
    "DNSLookup": {
      "average": 0.000061112,
      "fastest": 0.000061112,
      "slowest": 0.000061112
    },
    "firstByte": {
      "average": 0.0027691821277545255,
      "fastest": 0.001633999,
      "slowest": 0.013655933
    }
  },
  "statusCodeDistribution": {
    "200": 3585
  },
  "errorDistribution": {
    "aborted due to deadline": 1
  }
}