{
  "source": "bead5288fca0ad4c642aecf12d7fe3e0d3d00f5f",
  "exit_code": 101,
  "counts": {
    "test_targets": 193,
    "test_nonempty_targets": 174,
    "test_empty_targets": 19,
    "test_failed_targets": 47,
    "test_reported_passed": 2279,
    "test_failed": 160,
    "test_ignored": 0,
    "test_measured": 0,
    "test_filtered_out": 2,
    "test_explicit_self_skip_count": 84,
    "test_reported_passes_after_excluding_explicit_self_skips": 2195,
    "doctest_targets": 39,
    "doctest_nonempty_targets": 6,
    "doctest_empty_targets": 33,
    "doctest_failed_targets": 0,
    "doctest_reported_passed": 6,
    "doctest_failed": 0,
    "doctest_ignored": 0,
    "doctest_measured": 0,
    "doctest_filtered_out": 0,
    "doctest_explicit_self_skip_count": 0,
    "doctest_reported_passes_after_excluding_explicit_self_skips": 6
  },
  "review_entries": 151,
  "unresolved": [],
  "output": "/home/kaalin/.cache/wamn-lanes/consolidation-stage3-sweep002-results-20260911/docs/perf/2026.09/consolidation-step3/sweep-001/run-002/reduction-001"
}
