{
  "summary": {
    "successRate": 1.0,
    "total": 10.002070331,
    "slowest": 0.004148537,
    "fastest": 0.000185551,
    "average": 0.00043301099523163615,
    "requestsPerSec": 2285.5268202972607,
    "totalData": 822924,
    "sizePerRequest": 36,
    "sizePerSec": 82275.36627586627
  },
  "metrics": {
    "success_rate": 1.0,
    "requests_per_sec": 2285.5268202972607,
    "latency_ms": {
      "min": 0.186,
      "mean": 0.433,
      "p50": 0.4,
      "p95": 0.658,
      "p99": 1.218,
      "max": 4.149
    }
  },
  "responseTimeHistogram": {
    "0.000185551": 1,
    "0.0005818495999999999": 20929,
    "0.0009781482": 1554,
    "0.0013744468": 216,
    "0.0017707454": 72,
    "0.002167044": 37,
    "0.0025633426": 20,
    "0.0029596412": 11,
    "0.0033559398": 6,
    "0.0037522384": 3,
    "0.004148537": 10
  },
  "latencyPercentiles": {
    "p10": 0.000295221,
    "p25": 0.000340056,
    "p50": 0.000399646,
    "p75": 0.000473762,
    "p90": 0.000561263,
    "p95": 0.000658274,
    "p99": 0.001218125,
    "p99.9": 0.002851411,
    "p99.99": 0.004068354
  },
  "firstByteHistogram": {
    "0.000183545": 1,
    "0.0005792799": 21010,
    "0.0009750148": 1481,
    "0.0013707497000000001": 209,
    "0.0017664846": 72,
    "0.0021622194999999997": 36,
    "0.0025579544": 20,
    "0.0029536893": 11,
    "0.0033494242": 6,
    "0.0037451590999999997": 3,
    "0.004140894": 10
  },
  "firstBytePercentiles": {
    "p10": 0.000291686,
    "p25": 0.000335729,
    "p50": 0.00039452,
    "p75": 0.000467885,
    "p90": 0.000554089,
    "p95": 0.000650188,
    "p99": 0.0012091,
    "p99.9": 0.002813716,
    "p99.99": 0.004056903
  },
  "rps": {
    "mean": 2281.6384855896135,
    "stddev": 567.0329134644581,
    "max": 3987.335404839343,
    "min": 606.125320652892,
    "percentiles": {
      "p10": 1552.0378101243432,
      "p25": 1917.2908962183783,
      "p50": 2273.0360581008895,
      "p75": 2657.6711992567025,
      "p90": 3006.768235297645,
      "p95": 3252.7471991305415,
      "p99": 3610.0909261567695,
      "p99.9": 3930.2364883760642,
      "p99.99": 3987.335404839343
    }
  },
  "details": {
    "DNSDialup": {
      "average": 0.000334023,
      "fastest": 0.000334023,
      "slowest": 0.000334023
    },
    "DNSLookup": {
      "average": 0.000083095,
      "fastest": 0.000083095,
      "slowest": 0.000083095
    },
    "firstByte": {
      "average": 0.0004276832326873454,
      "fastest": 0.000183545,
      "slowest": 0.004140894
    }
  },
  "statusCodeDistribution": {
    "404": 22859
  },
  "errorDistribution": {
    "aborted due to deadline": 1
  }
}