{
  "summary": {
    "successRate": 1.0,
    "total": 10.004416221,
    "slowest": 0.166764094,
    "fastest": 0.011822027,
    "average": 0.054146940842909205,
    "requestsPerSec": 1184.1770412482722,
    "totalData": 3393504,
    "sizePerRequest": 288,
    "sizePerSec": 339200.60151803633
  },
  "metrics": {
    "success_rate": 1.0,
    "requests_per_sec": 1184.1770412482722,
    "latency_ms": {
      "min": 11.822,
      "mean": 54.147,
      "p50": 48.497,
      "p95": 100.802,
      "p99": 143.952,
      "max": 166.764
    }
  },
  "responseTimeHistogram": {
    "0.011822027": 1,
    "0.027316233699999998": 14,
    "0.0428104404": 2089,
    "0.058304647099999996": 7360,
    "0.0737988538": 1282,
    "0.0892930605": 237,
    "0.10478726719999999": 272,
    "0.12028147389999999": 229,
    "0.1357756806": 121,
    "0.15126988730000002": 122,
    "0.166764094": 56
  },
  "latencyPercentiles": {
    "p10": 0.040138265,
    "p25": 0.044529755,
    "p50": 0.048497128,
    "p75": 0.055155844,
    "p90": 0.067984179,
    "p95": 0.100802396,
    "p99": 0.143952236,
    "p99.9": 0.157705681,
    "p99.99": 0.165570115
  },
  "firstByteHistogram": {
    "0.011815578": 1,
    "0.0273093621": 14,
    "0.0428031462": 2088,
    "0.0582969303": 7363,
    "0.07379071440000001": 1280,
    "0.0892844985": 238,
    "0.1047782826": 271,
    "0.12027206670000001": 229,
    "0.1357658508": 121,
    "0.1512596349": 122,
    "0.166753419": 56
  },
  "firstBytePercentiles": {
    "p10": 0.040129265,
    "p25": 0.044519021,
    "p50": 0.048486955,
    "p75": 0.055139091,
    "p90": 0.06797477,
    "p95": 0.100783253,
    "p99": 0.143943946,
    "p99.9": 0.157696374,
    "p99.99": 0.165563047
  },
  "rps": {
    "mean": 1165.4444337411462,
    "stddev": 571.1464717863292,
    "max": 3253.356388085933,
    "min": 79.71910177299654,
    "percentiles": {
      "p10": 455.4669469913979,
      "p25": 771.9704158880634,
      "p50": 1106.2550203236997,
      "p75": 1492.8038710848468,
      "p90": 1973.1903783986481,
      "p95": 2241.9071635210735,
      "p99": 2769.76980904751,
      "p99.9": 3228.751906578001,
      "p99.99": 3253.356388085933
    }
  },
  "details": {
    "DNSDialup": {
      "average": 0.003002445875,
      "fastest": 0.000402182,
      "slowest": 0.00442094
    },
    "DNSLookup": {
      "average": 0.000027988593749999993,
      "fastest": 0.000014659,
      "slowest": 0.000096112
    },
    "firstByte": {
      "average": 0.05413362898166829,
      "fastest": 0.011815578,
      "slowest": 0.166753419
    }
  },
  "statusCodeDistribution": {
    "200": 11783
  },
  "errorDistribution": {
    "aborted due to deadline": 64
  }
}