{
  "summary": {
    "successRate": 1.0,
    "total": 10.003510683,
    "slowest": 0.022439541,
    "fastest": 0.002409588,
    "average": 0.0053443907937432795,
    "requestsPerSec": 1493.07582840715,
    "totalData": 4299264,
    "sizePerRequest": 288,
    "sizePerSec": 429775.5194390089
  },
  "metrics": {
    "success_rate": 1.0,
    "requests_per_sec": 1493.07582840715,
    "latency_ms": {
      "min": 2.41,
      "mean": 5.344,
      "p50": 5.016,
      "p95": 8.204,
      "p99": 11.027,
      "max": 22.44
    }
  },
  "responseTimeHistogram": {
    "0.002409588": 1,
    "0.0044125833": 4359,
    "0.0064155786": 7824,
    "0.0084185739": 2089,
    "0.010421569200000001": 444,
    "0.012424564500000002": 148,
    "0.0144275598": 39,
    "0.0164305551": 14,
    "0.018433550400000002": 5,
    "0.020436545700000003": 2,
    "0.022439541000000004": 3
  },
  "latencyPercentiles": {
    "p10": 0.003780114,
    "p25": 0.004298171,
    "p50": 0.005016094,
    "p75": 0.006013452,
    "p90": 0.007250151,
    "p95": 0.008204283,
    "p99": 0.011027271,
    "p99.9": 0.015272798,
    "p99.99": 0.022162338
  },
  "firstByteHistogram": {
    "0.002403586": 1,
    "0.004404122700000001": 4367,
    "0.0064046594": 7827,
    "0.008405196100000002": 2082,
    "0.010405732800000001": 441,
    "0.0124062695": 148,
    "0.0144068062": 39,
    "0.0164073429": 13,
    "0.0184078796": 5,
    "0.0204084163": 2,
    "0.022408953": 3
  },
  "firstBytePercentiles": {
    "p10": 0.003771365,
    "p25": 0.004287405,
    "p50": 0.005004821,
    "p75": 0.005999323,
    "p90": 0.007234094,
    "p95": 0.008192533,
    "p99": 0.011013912,
    "p99.9": 0.01526347,
    "p99.99": 0.022145847
  },
  "rps": {
    "mean": 1489.3366026861215,
    "stddev": 312.03607332709225,
    "max": 2371.2770949609107,
    "min": 202.73748313986064,
    "percentiles": {
      "p10": 1072.3153379160697,
      "p25": 1312.261523806826,
      "p50": 1512.9636779784357,
      "p75": 1704.8318343849392,
      "p90": 1859.425262589119,
      "p95": 1966.46331366041,
      "p99": 2166.910155137768,
      "p99.9": 2343.5768948884293,
      "p99.99": 2371.2770949609107
    }
  },
  "details": {
    "DNSDialup": {
      "average": 0.00134636825,
      "fastest": 0.000546538,
      "slowest": 0.003591099
    },
    "DNSLookup": {
      "average": 0.0008430854999999999,
      "fastest": 0.000036494,
      "slowest": 0.00312584
    },
    "firstByte": {
      "average": 0.005331967203175245,
      "fastest": 0.002403586,
      "slowest": 0.022408953
    }
  },
  "statusCodeDistribution": {
    "200": 14928
  },
  "errorDistribution": {
    "aborted due to deadline": 8
  }
}