warning: function `canonical_serialized` is never used
   --> crates/catalog/model/src/lib.rs:792:4
    |
792 | fn canonical_serialized(value: &impl Serialize) -> Vec<u8> {
    |    ^^^^^^^^^^^^^^^^^^^^
    |
    = note: `#[warn(dead_code)]` (part of `#[warn(unused)]`) on by default

warning: `wamn-catalog` (lib) generated 1 warning
   Compiling wamn-identity v0.1.0 (/home/kaalin/.cache/wamn-lanes/ctc8-20-pat-service-20260910/services/identity)
    Finished `test` profile [unoptimized + debuginfo] target(s) in 5.21s
     Running tests/pat_issuance.rs (target/debug/deps/pat_issuance-a64073f3a0a82aee)

running 1 test
test operator_pat_issuance_over_https ... 
thread 'operator_pat_issuance_over_https' (1821253) panicked at services/identity/tests/pat_issuance.rs:662:5:
assertion `left == right` failed
  left: 201
 right: 403
note: run with `RUST_BACKTRACE=1` environment variable to display a backtrace
FAILED

failures:

failures:
    operator_pat_issuance_over_https

test result: FAILED. 0 passed; 1 failed; 0 ignored; 0 measured; 1 filtered out; finished in 0.80s

error: test failed, to rerun pass `-p wamn-identity --test pat_issuance`
