{
    "apiVersion": "v1",
    "items": [
        {
            "apiVersion": "runtime.wasmcloud.dev/v1alpha1",
            "environment": "wamn-receiving-journey",
            "hostId": "4d9414d8-c7cd-45dd-8b73-8d8687005ddf",
            "hostname": "10.244.2.5",
            "httpPort": 80,
            "kind": "Host",
            "metadata": {
                "creationTimestamp": "2026-09-09T22:00:31Z",
                "finalizers": [
                    "runtime.wasmcloud.dev/host-finalizer"
                ],
                "generation": 1,
                "labels": {
                    "hostgroup": "default"
                },
                "name": "cute-history-9794",
                "namespace": "wamn-system",
                "resourceVersion": "2009",
                "uid": "208a659f-d667-46e7-bdc1-478099658f76"
            },
            "status": {
                "conditions": [
                    {
                        "lastTransitionTime": "2026-09-09T22:04:39Z",
                        "message": "context deadline exceeded",
                        "reason": "Reconcile",
                        "status": "False",
                        "type": "Reporting"
                    },
                    {
                        "lastTransitionTime": "2026-09-09T22:00:32Z",
                        "reason": "Available",
                        "status": "True",
                        "type": "Ready"
                    }
                ],
                "lastSeen": "2026-09-09T22:03:33Z",
                "osArch": "x86_64",
                "osKernel": "unix",
                "osName": "linux",
                "systemCPUUsage": "9.286998",
                "systemMemoryFree": 1669378048,
                "systemMemoryTotal": 65437421568,
                "version": "2.9.0"
            }
        },
        {
            "apiVersion": "runtime.wasmcloud.dev/v1alpha1",
            "environment": "wamn-receiving-journey",
            "hostId": "05451065-d366-44ad-93eb-094c4a90f9fe",
            "hostname": "10.244.1.6",
            "httpPort": 80,
            "kind": "Host",
            "metadata": {
                "creationTimestamp": "2026-09-09T22:00:31Z",
                "finalizers": [
                    "runtime.wasmcloud.dev/host-finalizer"
                ],
                "generation": 1,
                "labels": {
                    "hostgroup": "default"
                },
                "name": "educated-quiet-4555",
                "namespace": "wamn-system",
                "resourceVersion": "2026",
                "uid": "5b52b1e4-0d6a-4b11-9bca-6e5ff3f57549"
            },
            "status": {
                "componentCount": 1,
                "conditions": [
                    {
                        "lastTransitionTime": "2026-09-09T22:04:46Z",
                        "message": "context deadline exceeded",
                        "reason": "Reconcile",
                        "status": "False",
                        "type": "Reporting"
                    },
                    {
                        "lastTransitionTime": "2026-09-09T22:00:32Z",
                        "reason": "Available",
                        "status": "True",
                        "type": "Ready"
                    }
                ],
                "lastSeen": "2026-09-09T22:03:33Z",
                "osArch": "x86_64",
                "osKernel": "unix",
                "osName": "linux",
                "systemCPUUsage": "9.299517",
                "systemMemoryFree": 1669378048,
                "systemMemoryTotal": 65437421568,
                "version": "2.9.0",
                "workloadCount": 1
            }
        },
        {
            "apiVersion": "runtime.wasmcloud.dev/v1alpha1",
            "environment": "wamn-receiving-journey",
            "hostId": "5c386165-5385-456b-9669-ca78a2b85fdc",
            "hostname": "10.244.2.6",
            "httpPort": 80,
            "kind": "Host",
            "metadata": {
                "creationTimestamp": "2026-09-09T22:00:31Z",
                "finalizers": [
                    "runtime.wasmcloud.dev/host-finalizer"
                ],
                "generation": 1,
                "labels": {
                    "hostgroup": "default"
                },
                "name": "onerous-twist-6923",
                "namespace": "wamn-system",
                "resourceVersion": "2041",
                "uid": "f1e5734b-22b7-4d21-8312-7f5a7d4ba645"
            },
            "status": {
                "conditions": [
                    {
                        "lastTransitionTime": "2026-09-09T22:04:52Z",
                        "message": "context deadline exceeded",
                        "reason": "Reconcile",
                        "status": "False",
                        "type": "Reporting"
                    },
                    {
                        "lastTransitionTime": "2026-09-09T22:00:32Z",
                        "reason": "Available",
                        "status": "True",
                        "type": "Ready"
                    }
                ],
                "lastSeen": "2026-09-09T22:03:33Z",
                "osArch": "x86_64",
                "osKernel": "unix",
                "osName": "linux",
                "systemCPUUsage": "8.019741",
                "systemMemoryFree": 1669378048,
                "systemMemoryTotal": 65437421568,
                "version": "2.9.0",
                "workloadCount": 1
            }
        }
    ],
    "kind": "List",
    "metadata": {
        "resourceVersion": ""
    }
}
