2026-09-09T22:00:19Z	INFO	setup	starting manager
2026-09-09T22:00:19Z	INFO	controller-runtime.metrics	Starting metrics server
2026-09-09T22:00:19Z	INFO	starting server	{"name": "health probe", "addr": "[::]:8082"}
2026-09-09T22:00:19Z	INFO	controller-runtime.metrics	Serving metrics server	{"bindAddress": ":8081", "secure": false}
I0909 22:00:19.856805       1 leaderelection.go:258] "Attempting to acquire leader lease..." lock="wamn-system/d34db3ef.wasmcloud.dev"
I0909 22:00:19.872878       1 leaderelection.go:272] "Successfully acquired lease" lock="wamn-system/d34db3ef.wasmcloud.dev"
2026-09-09T22:00:19Z	DEBUG	events	runtime-operator-5bc6494bdb-x78w6_97b0d82b-4af7-4a05-ae7c-fda11e79b5e5 became leader	{"type": "Normal", "object": {"kind":"Lease","namespace":"wamn-system","name":"d34db3ef.wasmcloud.dev","uid":"6d129a18-2bd2-44f1-863f-14626b82a029","apiVersion":"coordination.k8s.io/v1","resourceVersion":"1029"}, "reason": "LeaderElection"}
2026-09-09T22:00:19Z	INFO	Starting EventSource	{"controller": "runtime-artifact", "controllerGroup": "runtime.wasmcloud.dev", "controllerKind": "Artifact", "source": "kind source: *v1alpha1.Artifact"}
2026-09-09T22:00:19Z	INFO	Starting EventSource	{"controller": "workload-host", "controllerGroup": "runtime.wasmcloud.dev", "controllerKind": "Host", "source": "kind source: *v1alpha1.Host"}
2026-09-09T22:00:19Z	INFO	Starting EventSource	{"controller": "workload-replicaset", "controllerGroup": "runtime.wasmcloud.dev", "controllerKind": "WorkloadReplicaSet", "source": "kind source: *v1alpha1.WorkloadReplicaSet"}
2026-09-09T22:00:19Z	INFO	Starting EventSource	{"controller": "workload-replica", "controllerGroup": "runtime.wasmcloud.dev", "controllerKind": "Workload", "source": "kind source: *v1alpha1.Workload"}
2026-09-09T22:00:19Z	INFO	Starting EventSource	{"controller": "workload-deployment", "controllerGroup": "runtime.wasmcloud.dev", "controllerKind": "WorkloadDeployment", "source": "kind source: *v1alpha1.WorkloadReplicaSet"}
2026-09-09T22:00:19Z	INFO	Starting EventSource	{"controller": "workload-replicaset", "controllerGroup": "runtime.wasmcloud.dev", "controllerKind": "WorkloadReplicaSet", "source": "kind source: *v1alpha1.Workload"}
2026-09-09T22:00:19Z	INFO	Starting EventSource	{"controller": "workload-route", "source": "kind source: *v1alpha1.Workload"}
2026-09-09T22:00:19Z	INFO	Starting EventSource	{"controller": "host-pod", "controllerGroup": "", "controllerKind": "Pod", "source": "kind source: *v1.Pod"}
2026-09-09T22:00:19Z	INFO	Starting EventSource	{"controller": "workload-deployment", "controllerGroup": "runtime.wasmcloud.dev", "controllerKind": "WorkloadDeployment", "source": "kind source: *v1alpha1.WorkloadDeployment"}
2026-09-09T22:00:19Z	INFO	Starting Controller	{"controller": "workload-replica", "controllerGroup": "runtime.wasmcloud.dev", "controllerKind": "Workload"}
2026-09-09T22:00:19Z	INFO	Starting Controller	{"controller": "workload-replicaset", "controllerGroup": "runtime.wasmcloud.dev", "controllerKind": "WorkloadReplicaSet"}
2026-09-09T22:00:19Z	INFO	Starting workers	{"controller": "workload-replica", "controllerGroup": "runtime.wasmcloud.dev", "controllerKind": "Workload", "worker count": 1}
2026-09-09T22:00:19Z	INFO	Starting Controller	{"controller": "workload-route"}
2026-09-09T22:00:19Z	INFO	Starting workers	{"controller": "workload-route", "worker count": 1}
2026-09-09T22:00:19Z	INFO	Starting workers	{"controller": "workload-replicaset", "controllerGroup": "runtime.wasmcloud.dev", "controllerKind": "WorkloadReplicaSet", "worker count": 1}
2026-09-09T22:00:20Z	INFO	Starting Controller	{"controller": "workload-deployment", "controllerGroup": "runtime.wasmcloud.dev", "controllerKind": "WorkloadDeployment"}
2026-09-09T22:00:20Z	INFO	Starting workers	{"controller": "workload-deployment", "controllerGroup": "runtime.wasmcloud.dev", "controllerKind": "WorkloadDeployment", "worker count": 1}
2026-09-09T22:00:20Z	INFO	Starting Controller	{"controller": "workload-host", "controllerGroup": "runtime.wasmcloud.dev", "controllerKind": "Host"}
2026-09-09T22:00:20Z	INFO	Starting Controller	{"controller": "runtime-artifact", "controllerGroup": "runtime.wasmcloud.dev", "controllerKind": "Artifact"}
2026-09-09T22:00:20Z	INFO	Starting workers	{"controller": "runtime-artifact", "controllerGroup": "runtime.wasmcloud.dev", "controllerKind": "Artifact", "worker count": 1}
2026-09-09T22:00:20Z	INFO	Starting workers	{"controller": "workload-host", "controllerGroup": "runtime.wasmcloud.dev", "controllerKind": "Host", "worker count": 1}
2026-09-09T22:00:20Z	INFO	Starting Controller	{"controller": "host-pod", "controllerGroup": "", "controllerKind": "Pod"}
2026-09-09T22:00:20Z	INFO	Starting workers	{"controller": "host-pod", "controllerGroup": "", "controllerKind": "Pod", "worker count": 1}
2026-09-09T22:00:36Z	INFO	deleted EndpointSlice (no ready endpoints)	{"controller": "workload-route", "namespace": "wamn-receiving-journey", "name": "flow-http", "reconcileID": "de8d376f-eac5-4134-8900-e8b31b59894b", "service": {"name":"flow-http","namespace":"wamn-receiving-journey"}, "endpointSlice": "flow-http-98924a98"}
2026-09-09T22:00:36Z	INFO	deleted EndpointSlice (no ready endpoints)	{"controller": "workload-route", "namespace": "wamn-receiving-journey", "name": "flow-http", "reconcileID": "e135902e-639a-462b-a423-1775f8186df4", "service": {"name":"flow-http","namespace":"wamn-receiving-journey"}, "endpointSlice": "flow-http-98924a98"}
2026-09-09T22:00:36Z	INFO	deleted EndpointSlice (no ready endpoints)	{"controller": "workload-route", "namespace": "wamn-receiving-journey", "name": "flow-http", "reconcileID": "717bb4f0-1162-4fbd-9048-7b8fdc66ebf5", "service": {"name":"flow-http","namespace":"wamn-receiving-journey"}, "endpointSlice": "flow-http-98924a98"}
2026-09-09T22:00:36Z	INFO	deleted EndpointSlice (no ready endpoints)	{"controller": "workload-route", "namespace": "wamn-receiving-journey", "name": "flow-http", "reconcileID": "99111aee-bcf2-4d5f-aead-6931b4c2c9d4", "service": {"name":"flow-http","namespace":"wamn-receiving-journey"}, "endpointSlice": "flow-http-98924a98"}
2026-09-09T22:00:36Z	INFO	created EndpointSlice	{"controller": "workload-route", "namespace": "wamn-receiving-journey", "name": "flow-http", "reconcileID": "90026919-6355-480c-bc77-171782d9c886", "service": {"name":"flow-http","namespace":"wamn-receiving-journey"}, "endpointSlice": "flow-http-98924a98", "endpoints": 1}
2026-09-09T22:01:39Z	DEBUG	events	Event occurred	{"object": {"name":"flow-http-cross-environment","namespace":"wamn-receiving-journey"}, "kind": "Workload", "apiVersion": "runtime.wasmcloud.dev/v1alpha1", "type": "Warning", "reason": "CrossEnvironmentSchedulingDenied", "action": "Reject", "note": "Environment \"wamn-receiving-journey-denied\" is outside \"wamn-receiving-journey\" and operator has allowSharedHosts=false"}
2026-09-09T22:01:39Z	DEBUG	events	Event occurred	{"object": {"name":"flow-http-cross-environment","namespace":"wamn-receiving-journey"}, "kind": "Workload", "apiVersion": "runtime.wasmcloud.dev/v1alpha1", "type": "Warning", "reason": "CrossEnvironmentSchedulingDenied", "action": "Reject", "note": "Environment \"wamn-receiving-journey-denied\" is outside \"wamn-receiving-journey\" and operator has allowSharedHosts=false"}
2026-09-09T22:01:39Z	DEBUG	events	Event occurred	{"object": {"name":"flow-http-cross-environment","namespace":"wamn-receiving-journey"}, "kind": "Workload", "apiVersion": "runtime.wasmcloud.dev/v1alpha1", "type": "Warning", "reason": "CrossEnvironmentSchedulingDenied", "action": "Reject", "note": "Environment \"wamn-receiving-journey-denied\" is outside \"wamn-receiving-journey\" and operator has allowSharedHosts=false"}
2026-09-09T22:01:39Z	DEBUG	events	Event occurred	{"object": {"name":"flow-http-cross-environment","namespace":"wamn-receiving-journey"}, "kind": "Workload", "apiVersion": "runtime.wasmcloud.dev/v1alpha1", "type": "Warning", "reason": "CrossEnvironmentSchedulingDenied", "action": "Reject", "note": "Environment \"wamn-receiving-journey-denied\" is outside \"wamn-receiving-journey\" and operator has allowSharedHosts=false"}
2026-09-09T22:01:39Z	DEBUG	events	Event occurred	{"object": {"name":"flow-http-cross-environment","namespace":"wamn-receiving-journey"}, "kind": "Workload", "apiVersion": "runtime.wasmcloud.dev/v1alpha1", "type": "Warning", "reason": "CrossEnvironmentSchedulingDenied", "action": "Reject", "note": "Environment \"wamn-receiving-journey-denied\" is outside \"wamn-receiving-journey\" and operator has allowSharedHosts=false"}
2026-09-09T22:02:09Z	DEBUG	events	Event occurred	{"object": {"name":"flow-http-cross-environment","namespace":"wamn-receiving-journey"}, "kind": "Workload", "apiVersion": "runtime.wasmcloud.dev/v1alpha1", "type": "Warning", "reason": "CrossEnvironmentSchedulingDenied", "action": "Reject", "note": "Environment \"wamn-receiving-journey-denied\" is outside \"wamn-receiving-journey\" and operator has allowSharedHosts=false"}
2026-09-09T22:02:39Z	DEBUG	events	Event occurred	{"object": {"name":"flow-http-cross-environment","namespace":"wamn-receiving-journey"}, "kind": "Workload", "apiVersion": "runtime.wasmcloud.dev/v1alpha1", "type": "Warning", "reason": "CrossEnvironmentSchedulingDenied", "action": "Reject", "note": "Environment \"wamn-receiving-journey-denied\" is outside \"wamn-receiving-journey\" and operator has allowSharedHosts=false"}
2026-09-09T22:03:09Z	DEBUG	events	Event occurred	{"object": {"name":"flow-http-cross-environment","namespace":"wamn-receiving-journey"}, "kind": "Workload", "apiVersion": "runtime.wasmcloud.dev/v1alpha1", "type": "Warning", "reason": "CrossEnvironmentSchedulingDenied", "action": "Reject", "note": "Environment \"wamn-receiving-journey-denied\" is outside \"wamn-receiving-journey\" and operator has allowSharedHosts=false"}
2026-09-09T22:03:39Z	DEBUG	events	Event occurred	{"object": {"name":"flow-http-cross-environment","namespace":"wamn-receiving-journey"}, "kind": "Workload", "apiVersion": "runtime.wasmcloud.dev/v1alpha1", "type": "Warning", "reason": "CrossEnvironmentSchedulingDenied", "action": "Reject", "note": "Environment \"wamn-receiving-journey-denied\" is outside \"wamn-receiving-journey\" and operator has allowSharedHosts=false"}
2026-09-09T22:03:46Z	ERROR	setup	nats disconnected	{"error": "EOF"}
main.main.func1
	/workspace/runtime-operator/cmd/main.go:198
github.com/nats-io/nats%2ego.(*Conn).doReconnect.func1
	/go/pkg/mod/github.com/nats-io/nats.go@v1.53.1/nats.go:3292
github.com/nats-io/nats%2ego.(*asyncCallbacksHandler).asyncCBDispatcher
	/go/pkg/mod/github.com/nats-io/nats.go@v1.53.1/nats.go:3610
2026-09-09T22:04:13Z	DEBUG	events	Event occurred	{"object": {"name":"flow-http-cross-environment","namespace":"wamn-receiving-journey"}, "kind": "Workload", "apiVersion": "runtime.wasmcloud.dev/v1alpha1", "type": "Warning", "reason": "CrossEnvironmentSchedulingDenied", "action": "Reject", "note": "Environment \"wamn-receiving-journey-denied\" is outside \"wamn-receiving-journey\" and operator has allowSharedHosts=false"}
2026-09-09T22:04:26Z	INFO	deleted EndpointSlice (no ready endpoints)	{"controller": "workload-route", "namespace": "wamn-receiving-journey", "name": "flow-http", "reconcileID": "c7761158-a499-45f3-9423-3a956429258e", "service": {"name":"flow-http","namespace":"wamn-receiving-journey"}, "endpointSlice": "flow-http-98924a98"}
2026-09-09T22:04:46Z	DEBUG	events	Event occurred	{"object": {"name":"flow-http-cross-environment","namespace":"wamn-receiving-journey"}, "kind": "Workload", "apiVersion": "runtime.wasmcloud.dev/v1alpha1", "type": "Warning", "reason": "CrossEnvironmentSchedulingDenied", "action": "Reject", "note": "Environment \"wamn-receiving-journey-denied\" is outside \"wamn-receiving-journey\" and operator has allowSharedHosts=false"}
2026-09-09T22:05:25Z	DEBUG	events	Event occurred	{"object": {"name":"flow-http-cross-environment","namespace":"wamn-receiving-journey"}, "kind": "Workload", "apiVersion": "runtime.wasmcloud.dev/v1alpha1", "type": "Warning", "reason": "CrossEnvironmentSchedulingDenied", "action": "Reject", "note": "Environment \"wamn-receiving-journey-denied\" is outside \"wamn-receiving-journey\" and operator has allowSharedHosts=false"}
2026-09-09T22:05:26Z	INFO	deleted EndpointSlice (no ready endpoints)	{"controller": "workload-route", "namespace": "wamn-receiving-journey", "name": "flow-http", "reconcileID": "3cdff3d6-4390-4d34-86d1-d6829f9321f3", "service": {"name":"flow-http","namespace":"wamn-receiving-journey"}, "endpointSlice": "flow-http-98924a98"}
2026-09-09T22:05:57Z	ERROR	failed to stop workload on host	{"controller": "workload-replica", "controllerGroup": "runtime.wasmcloud.dev", "controllerKind": "Workload", "Workload": {"name":"flow-http-694dc467bd-74c6c6bbfd","namespace":"wamn-receiving-journey"}, "namespace": "wamn-receiving-journey", "name": "flow-http-694dc467bd-74c6c6bbfd", "reconcileID": "d98e2111-44a2-4142-a4fb-4106de3a6d3a", "hostID": "05451065-d366-44ad-93eb-094c4a90f9fe", "workloadID": "2c784de9-5e60-4dce-8ef8-5d2b0f242271", "error": "context deadline exceeded"}
go.wasmcloud.dev/runtime-operator/v2/internal/controller/runtime.(*WorkloadReconciler).finalize
	/workspace/runtime-operator/internal/controller/runtime/workload_controller.go:463
go.wasmcloud.dev/runtime-operator/v2/api/condition.HandleFinalizer[...]
	/workspace/runtime-operator/api/condition/conditioned_reconciler.go:87
go.wasmcloud.dev/runtime-operator/v2/api/condition.(*ConditionedReconciler[...]).Reconcile
	/workspace/runtime-operator/api/condition/conditioned_reconciler.go:212
go.wasmcloud.dev/runtime-operator/v2/internal/controller/runtime.(*WorkloadReconciler).Reconcile
	/workspace/runtime-operator/internal/controller/runtime/workload_controller.go:57
sigs.k8s.io/controller-runtime/pkg/internal/controller.(*Controller[...]).Reconcile
	/go/pkg/mod/sigs.k8s.io/controller-runtime@v0.24.1/pkg/internal/controller/controller.go:221
sigs.k8s.io/controller-runtime/pkg/internal/controller.(*Controller[...]).reconcileHandler
	/go/pkg/mod/sigs.k8s.io/controller-runtime@v0.24.1/pkg/internal/controller/controller.go:478
sigs.k8s.io/controller-runtime/pkg/internal/controller.(*Controller[...]).processNextWorkItem
	/go/pkg/mod/sigs.k8s.io/controller-runtime@v0.24.1/pkg/internal/controller/controller.go:437
sigs.k8s.io/controller-runtime/pkg/internal/controller.(*Controller[...]).Start.func1.1
	/go/pkg/mod/sigs.k8s.io/controller-runtime@v0.24.1/pkg/internal/controller/controller.go:312
2026-09-09T22:05:57Z	INFO	deleted EndpointSlice (no ready endpoints)	{"controller": "workload-route", "namespace": "wamn-receiving-journey", "name": "flow-http", "reconcileID": "e58cc252-e4cf-4c04-8208-d8ba729677c6", "service": {"name":"flow-http","namespace":"wamn-receiving-journey"}, "endpointSlice": "flow-http-98924a98"}
2026-09-09T22:05:57Z	INFO	deleted EndpointSlice (no ready endpoints)	{"controller": "workload-route", "namespace": "wamn-receiving-journey", "name": "flow-http", "reconcileID": "0aaa174e-0119-48a3-a32d-9ed3bb67236b", "service": {"name":"flow-http","namespace":"wamn-receiving-journey"}, "endpointSlice": "flow-http-98924a98"}
2026-09-09T22:06:30Z	ERROR	failed to stop workload on host	{"controller": "workload-replica", "controllerGroup": "runtime.wasmcloud.dev", "controllerKind": "Workload", "Workload": {"name":"receiving-materializer-84f4897859-66556757b7","namespace":"wamn-receiving-journey"}, "namespace": "wamn-receiving-journey", "name": "receiving-materializer-84f4897859-66556757b7", "reconcileID": "e50b24f0-533c-4016-9315-7b0eb66f6518", "hostID": "5c386165-5385-456b-9669-ca78a2b85fdc", "workloadID": "fa4ba212-333b-4eff-b5b9-5d0a81f30e08", "error": "context deadline exceeded"}
go.wasmcloud.dev/runtime-operator/v2/internal/controller/runtime.(*WorkloadReconciler).finalize
	/workspace/runtime-operator/internal/controller/runtime/workload_controller.go:463
go.wasmcloud.dev/runtime-operator/v2/api/condition.HandleFinalizer[...]
	/workspace/runtime-operator/api/condition/conditioned_reconciler.go:87
go.wasmcloud.dev/runtime-operator/v2/api/condition.(*ConditionedReconciler[...]).Reconcile
	/workspace/runtime-operator/api/condition/conditioned_reconciler.go:212
go.wasmcloud.dev/runtime-operator/v2/internal/controller/runtime.(*WorkloadReconciler).Reconcile
	/workspace/runtime-operator/internal/controller/runtime/workload_controller.go:57
sigs.k8s.io/controller-runtime/pkg/internal/controller.(*Controller[...]).Reconcile
	/go/pkg/mod/sigs.k8s.io/controller-runtime@v0.24.1/pkg/internal/controller/controller.go:221
sigs.k8s.io/controller-runtime/pkg/internal/controller.(*Controller[...]).reconcileHandler
	/go/pkg/mod/sigs.k8s.io/controller-runtime@v0.24.1/pkg/internal/controller/controller.go:478
sigs.k8s.io/controller-runtime/pkg/internal/controller.(*Controller[...]).processNextWorkItem
	/go/pkg/mod/sigs.k8s.io/controller-runtime@v0.24.1/pkg/internal/controller/controller.go:437
sigs.k8s.io/controller-runtime/pkg/internal/controller.(*Controller[...]).Start.func1.1
	/go/pkg/mod/sigs.k8s.io/controller-runtime@v0.24.1/pkg/internal/controller/controller.go:312
2026-09-09T22:06:30Z	DEBUG	events	Event occurred	{"object": {"name":"flow-http-cross-environment","namespace":"wamn-receiving-journey"}, "kind": "Workload", "apiVersion": "runtime.wasmcloud.dev/v1alpha1", "type": "Warning", "reason": "CrossEnvironmentSchedulingDenied", "action": "Reject", "note": "Environment \"wamn-receiving-journey-denied\" is outside \"wamn-receiving-journey\" and operator has allowSharedHosts=false"}
2026-09-09T22:06:30Z	INFO	deleted EndpointSlice (no ready endpoints)	{"controller": "workload-route", "namespace": "wamn-receiving-journey", "name": "flow-http", "reconcileID": "feb9d0ed-421b-4211-a397-30f8f2cbb7ee", "service": {"name":"flow-http","namespace":"wamn-receiving-journey"}, "endpointSlice": "flow-http-98924a98"}
2026-09-09T22:06:30Z	INFO	deleted EndpointSlice (no ready endpoints)	{"controller": "workload-route", "namespace": "wamn-receiving-journey", "name": "flow-http", "reconcileID": "ee076dc0-58ce-46c8-8f74-b7ff17678b6d", "service": {"name":"flow-http","namespace":"wamn-receiving-journey"}, "endpointSlice": "flow-http-98924a98"}
2026-09-09T22:06:30Z	INFO	deleted EndpointSlice (no ready endpoints)	{"controller": "workload-route", "namespace": "wamn-receiving-journey", "name": "flow-http", "reconcileID": "6a534585-cdfb-481d-8976-acf311403c5a", "service": {"name":"flow-http","namespace":"wamn-receiving-journey"}, "endpointSlice": "flow-http-98924a98"}
2026-09-09T22:06:30Z	INFO	deleted EndpointSlice (no ready endpoints)	{"controller": "workload-route", "namespace": "wamn-receiving-journey", "name": "flow-http", "reconcileID": "d27805bf-bc6f-41a8-8579-8c09d6b8a68c", "service": {"name":"flow-http","namespace":"wamn-receiving-journey"}, "endpointSlice": "flow-http-98924a98"}
2026-09-09T22:06:30Z	INFO	deleted EndpointSlice (no ready endpoints)	{"controller": "workload-route", "namespace": "wamn-receiving-journey", "name": "flow-http", "reconcileID": "aee4d901-d4e7-4ba3-bd49-2bde868bed1c", "service": {"name":"flow-http","namespace":"wamn-receiving-journey"}, "endpointSlice": "flow-http-98924a98"}
2026-09-09T22:06:30Z	INFO	deleted EndpointSlice (no ready endpoints)	{"controller": "workload-route", "namespace": "wamn-receiving-journey", "name": "flow-http", "reconcileID": "b4814ef2-f5c5-46cc-8129-7e3e2b25ab0a", "service": {"name":"flow-http","namespace":"wamn-receiving-journey"}, "endpointSlice": "flow-http-98924a98"}
2026-09-09T22:06:35Z	INFO	setup	nats reconnected	{"url": "nats://nats.wamn-system.svc.cluster.local:4222"}
2026-09-09T22:07:00Z	DEBUG	events	Event occurred	{"object": {"name":"flow-http-cross-environment","namespace":"wamn-receiving-journey"}, "kind": "Workload", "apiVersion": "runtime.wasmcloud.dev/v1alpha1", "type": "Warning", "reason": "CrossEnvironmentSchedulingDenied", "action": "Reject", "note": "Environment \"wamn-receiving-journey-denied\" is outside \"wamn-receiving-journey\" and operator has allowSharedHosts=false"}
2026-09-09T22:07:30Z	DEBUG	events	Event occurred	{"object": {"name":"flow-http-cross-environment","namespace":"wamn-receiving-journey"}, "kind": "Workload", "apiVersion": "runtime.wasmcloud.dev/v1alpha1", "type": "Warning", "reason": "CrossEnvironmentSchedulingDenied", "action": "Reject", "note": "Environment \"wamn-receiving-journey-denied\" is outside \"wamn-receiving-journey\" and operator has allowSharedHosts=false"}
2026-09-09T22:07:30Z	INFO	deleted EndpointSlice (no ready endpoints)	{"controller": "workload-route", "namespace": "wamn-receiving-journey", "name": "flow-http", "reconcileID": "3245019a-1d03-4932-b273-b85aacd6b0bd", "service": {"name":"flow-http","namespace":"wamn-receiving-journey"}, "endpointSlice": "flow-http-98924a98"}
2026-09-09T22:07:30Z	INFO	deleted EndpointSlice (no ready endpoints)	{"controller": "workload-route", "namespace": "wamn-receiving-journey", "name": "flow-http", "reconcileID": "4e473ff4-e0c0-4df0-b6b5-a106c4eb342b", "service": {"name":"flow-http","namespace":"wamn-receiving-journey"}, "endpointSlice": "flow-http-98924a98"}
2026-09-09T22:07:30Z	INFO	deleted EndpointSlice (no ready endpoints)	{"controller": "workload-route", "namespace": "wamn-receiving-journey", "name": "flow-http", "reconcileID": "eba89e12-dd37-4ce0-860c-59245a5e7624", "service": {"name":"flow-http","namespace":"wamn-receiving-journey"}, "endpointSlice": "flow-http-98924a98"}
2026-09-09T22:07:30Z	INFO	deleted EndpointSlice (no ready endpoints)	{"controller": "workload-route", "namespace": "wamn-receiving-journey", "name": "flow-http", "reconcileID": "e14ec17f-d335-4ce0-a770-20f147bdb8ef", "service": {"name":"flow-http","namespace":"wamn-receiving-journey"}, "endpointSlice": "flow-http-98924a98"}
2026-09-09T22:07:30Z	INFO	deleted EndpointSlice (no ready endpoints)	{"controller": "workload-route", "namespace": "wamn-receiving-journey", "name": "flow-http", "reconcileID": "b502806d-fe22-405a-8b6c-a26083330aac", "service": {"name":"flow-http","namespace":"wamn-receiving-journey"}, "endpointSlice": "flow-http-98924a98"}
2026-09-09T22:07:30Z	INFO	deleted EndpointSlice (no ready endpoints)	{"controller": "workload-route", "namespace": "wamn-receiving-journey", "name": "flow-http", "reconcileID": "c475c317-7750-43c2-990c-a62b59457aec", "service": {"name":"flow-http","namespace":"wamn-receiving-journey"}, "endpointSlice": "flow-http-98924a98"}
2026-09-09T22:07:30Z	INFO	deleted EndpointSlice (no ready endpoints)	{"controller": "workload-route", "namespace": "wamn-receiving-journey", "name": "flow-http", "reconcileID": "a06a42c7-e9d6-4dad-b7b8-c443ba403b49", "service": {"name":"flow-http","namespace":"wamn-receiving-journey"}, "endpointSlice": "flow-http-98924a98"}
2026-09-09T22:07:31Z	INFO	deleted EndpointSlice (no ready endpoints)	{"controller": "workload-route", "namespace": "wamn-receiving-journey", "name": "flow-http", "reconcileID": "63c28634-e075-46ac-a239-e445c0a61bee", "service": {"name":"flow-http","namespace":"wamn-receiving-journey"}, "endpointSlice": "flow-http-98924a98"}
2026-09-09T22:07:31Z	INFO	created EndpointSlice	{"controller": "workload-route", "namespace": "wamn-receiving-journey", "name": "flow-http", "reconcileID": "128b2486-099a-4171-8ea1-e9a2ce4c711c", "service": {"name":"flow-http","namespace":"wamn-receiving-journey"}, "endpointSlice": "flow-http-98924a98", "endpoints": 1}
