{
    "apiVersion": "v1",
    "items": [
        {
            "apiVersion": "v1",
            "kind": "Pod",
            "metadata": {
                "annotations": {
                    "kubectl.kubernetes.io/restartedAt": "2026-09-09T18:07:48-04:00"
                },
                "creationTimestamp": "2026-09-09T22:07:48Z",
                "generateName": "runtime-operator-5bbc5f959d-",
                "generation": 1,
                "labels": {
                    "app.kubernetes.io/instance": "wamn",
                    "app.kubernetes.io/managed-by": "Helm",
                    "app.kubernetes.io/name": "runtime-operator",
                    "app.kubernetes.io/version": "2.9.0",
                    "helm.sh/chart": "runtime-operator-2.9.0",
                    "pod-template-hash": "5bbc5f959d",
                    "wasmcloud.com/name": "runtime-operator"
                },
                "name": "runtime-operator-5bbc5f959d-kjshq",
                "namespace": "wamn-system",
                "ownerReferences": [
                    {
                        "apiVersion": "apps/v1",
                        "blockOwnerDeletion": true,
                        "controller": true,
                        "kind": "ReplicaSet",
                        "name": "runtime-operator-5bbc5f959d",
                        "uid": "4710688e-1bc3-411f-aafc-95ae38947f5f"
                    }
                ],
                "resourceVersion": "2577",
                "uid": "72dc3d44-bde8-4cae-a464-1901cd626049"
            },
            "spec": {
                "automountServiceAccountToken": true,
                "containers": [
                    {
                        "args": [
                            "-nats-url=nats://nats.wamn-system.svc.cluster.local:4222",
                            "-nats-ca=/operator-cert/ca.crt",
                            "-nats-client-cert=/operator-cert/tls.crt",
                            "-nats-client-key=/operator-cert/tls.key",
                            "-watch-namespaces=wamn-receiving-journey",
                            "-host-namespaces=wamn-receiving-journey",
                            "-allow-shared-hosts=false",
                            "-leader-elect"
                        ],
                        "env": [
                            {
                                "name": "OPERATOR_NAMESPACE",
                                "valueFrom": {
                                    "fieldRef": {
                                        "apiVersion": "v1",
                                        "fieldPath": "metadata.namespace"
                                    }
                                }
                            }
                        ],
                        "image": "ghcr.io/wasmcloud/runtime-operator:2.9.0",
                        "imagePullPolicy": "Always",
                        "livenessProbe": {
                            "failureThreshold": 3,
                            "httpGet": {
                                "path": "/healthz",
                                "port": "health",
                                "scheme": "HTTP"
                            },
                            "initialDelaySeconds": 15,
                            "periodSeconds": 20,
                            "successThreshold": 1,
                            "timeoutSeconds": 1
                        },
                        "name": "runtime-operator",
                        "ports": [
                            {
                                "containerPort": 8082,
                                "name": "health",
                                "protocol": "TCP"
                            }
                        ],
                        "readinessProbe": {
                            "failureThreshold": 3,
                            "httpGet": {
                                "path": "/readyz",
                                "port": "health",
                                "scheme": "HTTP"
                            },
                            "initialDelaySeconds": 5,
                            "periodSeconds": 10,
                            "successThreshold": 1,
                            "timeoutSeconds": 1
                        },
                        "resources": {
                            "limits": {
                                "memory": "192Mi"
                            },
                            "requests": {
                                "cpu": "100m",
                                "memory": "64Mi"
                            }
                        },
                        "securityContext": {
                            "allowPrivilegeEscalation": false,
                            "capabilities": {
                                "drop": [
                                    "ALL"
                                ]
                            },
                            "readOnlyRootFilesystem": true,
                            "runAsNonRoot": true
                        },
                        "startupProbe": {
                            "failureThreshold": 24,
                            "httpGet": {
                                "path": "/healthz",
                                "port": "health",
                                "scheme": "HTTP"
                            },
                            "periodSeconds": 5,
                            "successThreshold": 1,
                            "timeoutSeconds": 1
                        },
                        "terminationMessagePath": "/dev/termination-log",
                        "terminationMessagePolicy": "File",
                        "volumeMounts": [
                            {
                                "mountPath": "/operator-cert",
                                "name": "operator-cert",
                                "readOnly": true
                            },
                            {
                                "mountPath": "/var/run/secrets/kubernetes.io/serviceaccount",
                                "name": "kube-api-access-fhp7w",
                                "readOnly": true
                            }
                        ]
                    }
                ],
                "dnsPolicy": "ClusterFirst",
                "enableServiceLinks": true,
                "nodeName": "wamn-receiving-journey-worker",
                "preemptionPolicy": "PreemptLowerPriority",
                "priority": 0,
                "restartPolicy": "Always",
                "schedulerName": "default-scheduler",
                "securityContext": {
                    "fsGroup": 65532,
                    "runAsGroup": 65532,
                    "runAsNonRoot": true,
                    "runAsUser": 65532,
                    "seccompProfile": {
                        "type": "RuntimeDefault"
                    }
                },
                "serviceAccount": "wamn-runtime-operator",
                "serviceAccountName": "wamn-runtime-operator",
                "terminationGracePeriodSeconds": 45,
                "tolerations": [
                    {
                        "effect": "NoExecute",
                        "key": "node.kubernetes.io/not-ready",
                        "operator": "Exists",
                        "tolerationSeconds": 300
                    },
                    {
                        "effect": "NoExecute",
                        "key": "node.kubernetes.io/unreachable",
                        "operator": "Exists",
                        "tolerationSeconds": 300
                    }
                ],
                "volumes": [
                    {
                        "name": "operator-cert",
                        "secret": {
                            "defaultMode": 420,
                            "secretName": "wasmcloud-operator-tls"
                        }
                    },
                    {
                        "name": "kube-api-access-fhp7w",
                        "projected": {
                            "defaultMode": 420,
                            "sources": [
                                {
                                    "serviceAccountToken": {
                                        "expirationSeconds": 3607,
                                        "path": "token"
                                    }
                                },
                                {
                                    "configMap": {
                                        "items": [
                                            {
                                                "key": "ca.crt",
                                                "path": "ca.crt"
                                            }
                                        ],
                                        "name": "kube-root-ca.crt"
                                    }
                                },
                                {
                                    "downwardAPI": {
                                        "items": [
                                            {
                                                "fieldRef": {
                                                    "apiVersion": "v1",
                                                    "fieldPath": "metadata.namespace"
                                                },
                                                "path": "namespace"
                                            }
                                        ]
                                    }
                                }
                            ]
                        }
                    }
                ]
            },
            "status": {
                "allocatedResources": {
                    "cpu": "100m",
                    "memory": "64Mi"
                },
                "conditions": [
                    {
                        "lastProbeTime": null,
                        "lastTransitionTime": "2026-09-09T22:07:49Z",
                        "observedGeneration": 1,
                        "status": "True",
                        "type": "PodReadyToStartContainers"
                    },
                    {
                        "lastProbeTime": null,
                        "lastTransitionTime": "2026-09-09T22:07:48Z",
                        "observedGeneration": 1,
                        "status": "True",
                        "type": "Initialized"
                    },
                    {
                        "lastProbeTime": null,
                        "lastTransitionTime": "2026-09-09T22:07:54Z",
                        "observedGeneration": 1,
                        "status": "True",
                        "type": "Ready"
                    },
                    {
                        "lastProbeTime": null,
                        "lastTransitionTime": "2026-09-09T22:07:54Z",
                        "observedGeneration": 1,
                        "status": "True",
                        "type": "ContainersReady"
                    },
                    {
                        "lastProbeTime": null,
                        "lastTransitionTime": "2026-09-09T22:07:48Z",
                        "observedGeneration": 1,
                        "status": "True",
                        "type": "PodScheduled"
                    }
                ],
                "containerStatuses": [
                    {
                        "allocatedResources": {
                            "cpu": "100m",
                            "memory": "64Mi"
                        },
                        "containerID": "containerd://43595d3e8ccaeea38e750883e117c03a44cedd9cacddebe864901eb20b1aa37f",
                        "image": "ghcr.io/wasmcloud/runtime-operator:2.9.0",
                        "imageID": "ghcr.io/wasmcloud/runtime-operator@sha256:71b681e70e593720819d8f13c08292df16aac712f5591fc0a4175f7558804f50",
                        "lastState": {},
                        "name": "runtime-operator",
                        "ready": true,
                        "resources": {
                            "limits": {
                                "memory": "192Mi"
                            },
                            "requests": {
                                "cpu": "100m",
                                "memory": "64Mi"
                            }
                        },
                        "restartCount": 0,
                        "started": true,
                        "state": {
                            "running": {
                                "startedAt": "2026-09-09T22:07:49Z"
                            }
                        },
                        "user": {
                            "linux": {
                                "gid": 65532,
                                "supplementalGroups": [
                                    65532
                                ],
                                "uid": 65532
                            }
                        },
                        "volumeMounts": [
                            {
                                "mountPath": "/operator-cert",
                                "name": "operator-cert",
                                "readOnly": true,
                                "recursiveReadOnly": "Disabled"
                            },
                            {
                                "mountPath": "/var/run/secrets/kubernetes.io/serviceaccount",
                                "name": "kube-api-access-fhp7w",
                                "readOnly": true,
                                "recursiveReadOnly": "Disabled"
                            }
                        ]
                    }
                ],
                "hostIP": "172.28.0.6",
                "hostIPs": [
                    {
                        "ip": "172.28.0.6"
                    }
                ],
                "observedGeneration": 1,
                "phase": "Running",
                "podIP": "10.244.1.11",
                "podIPs": [
                    {
                        "ip": "10.244.1.11"
                    }
                ],
                "qosClass": "Burstable",
                "resources": {
                    "limits": {
                        "memory": "192Mi"
                    },
                    "requests": {
                        "cpu": "79m",
                        "memory": "64Mi"
                    }
                },
                "startTime": "2026-09-09T22:07:48Z"
            }
        },
        {
            "apiVersion": "v1",
            "kind": "Pod",
            "metadata": {
                "creationTimestamp": "2026-09-09T22:00:05Z",
                "deletionGracePeriodSeconds": 45,
                "deletionTimestamp": "2026-09-09T22:08:39Z",
                "generateName": "runtime-operator-5bc6494bdb-",
                "generation": 2,
                "labels": {
                    "app.kubernetes.io/instance": "wamn",
                    "app.kubernetes.io/managed-by": "Helm",
                    "app.kubernetes.io/name": "runtime-operator",
                    "app.kubernetes.io/version": "2.9.0",
                    "helm.sh/chart": "runtime-operator-2.9.0",
                    "pod-template-hash": "5bc6494bdb",
                    "wasmcloud.com/name": "runtime-operator"
                },
                "name": "runtime-operator-5bc6494bdb-x78w6",
                "namespace": "wamn-system",
                "ownerReferences": [
                    {
                        "apiVersion": "apps/v1",
                        "blockOwnerDeletion": true,
                        "controller": true,
                        "kind": "ReplicaSet",
                        "name": "runtime-operator-5bc6494bdb",
                        "uid": "2d2bd640-e2b7-4e96-8f95-45a148262042"
                    }
                ],
                "resourceVersion": "2591",
                "uid": "6d75c05b-42b6-41f4-8222-1c7fb803ece8"
            },
            "spec": {
                "automountServiceAccountToken": true,
                "containers": [
                    {
                        "args": [
                            "-nats-url=nats://nats.wamn-system.svc.cluster.local:4222",
                            "-nats-ca=/operator-cert/ca.crt",
                            "-nats-client-cert=/operator-cert/tls.crt",
                            "-nats-client-key=/operator-cert/tls.key",
                            "-watch-namespaces=wamn-receiving-journey",
                            "-host-namespaces=wamn-receiving-journey",
                            "-allow-shared-hosts=false",
                            "-leader-elect"
                        ],
                        "env": [
                            {
                                "name": "OPERATOR_NAMESPACE",
                                "valueFrom": {
                                    "fieldRef": {
                                        "apiVersion": "v1",
                                        "fieldPath": "metadata.namespace"
                                    }
                                }
                            }
                        ],
                        "image": "ghcr.io/wasmcloud/runtime-operator:2.9.0",
                        "imagePullPolicy": "Always",
                        "livenessProbe": {
                            "failureThreshold": 3,
                            "httpGet": {
                                "path": "/healthz",
                                "port": "health",
                                "scheme": "HTTP"
                            },
                            "initialDelaySeconds": 15,
                            "periodSeconds": 20,
                            "successThreshold": 1,
                            "timeoutSeconds": 1
                        },
                        "name": "runtime-operator",
                        "ports": [
                            {
                                "containerPort": 8082,
                                "name": "health",
                                "protocol": "TCP"
                            }
                        ],
                        "readinessProbe": {
                            "failureThreshold": 3,
                            "httpGet": {
                                "path": "/readyz",
                                "port": "health",
                                "scheme": "HTTP"
                            },
                            "initialDelaySeconds": 5,
                            "periodSeconds": 10,
                            "successThreshold": 1,
                            "timeoutSeconds": 1
                        },
                        "resources": {
                            "limits": {
                                "memory": "192Mi"
                            },
                            "requests": {
                                "cpu": "100m",
                                "memory": "64Mi"
                            }
                        },
                        "securityContext": {
                            "allowPrivilegeEscalation": false,
                            "capabilities": {
                                "drop": [
                                    "ALL"
                                ]
                            },
                            "readOnlyRootFilesystem": true,
                            "runAsNonRoot": true
                        },
                        "startupProbe": {
                            "failureThreshold": 24,
                            "httpGet": {
                                "path": "/healthz",
                                "port": "health",
                                "scheme": "HTTP"
                            },
                            "periodSeconds": 5,
                            "successThreshold": 1,
                            "timeoutSeconds": 1
                        },
                        "terminationMessagePath": "/dev/termination-log",
                        "terminationMessagePolicy": "File",
                        "volumeMounts": [
                            {
                                "mountPath": "/operator-cert",
                                "name": "operator-cert",
                                "readOnly": true
                            },
                            {
                                "mountPath": "/var/run/secrets/kubernetes.io/serviceaccount",
                                "name": "kube-api-access-t7gch",
                                "readOnly": true
                            }
                        ]
                    }
                ],
                "dnsPolicy": "ClusterFirst",
                "enableServiceLinks": true,
                "nodeName": "wamn-receiving-journey-worker",
                "preemptionPolicy": "PreemptLowerPriority",
                "priority": 0,
                "restartPolicy": "Always",
                "schedulerName": "default-scheduler",
                "securityContext": {
                    "fsGroup": 65532,
                    "runAsGroup": 65532,
                    "runAsNonRoot": true,
                    "runAsUser": 65532,
                    "seccompProfile": {
                        "type": "RuntimeDefault"
                    }
                },
                "serviceAccount": "wamn-runtime-operator",
                "serviceAccountName": "wamn-runtime-operator",
                "terminationGracePeriodSeconds": 45,
                "tolerations": [
                    {
                        "effect": "NoExecute",
                        "key": "node.kubernetes.io/not-ready",
                        "operator": "Exists",
                        "tolerationSeconds": 300
                    },
                    {
                        "effect": "NoExecute",
                        "key": "node.kubernetes.io/unreachable",
                        "operator": "Exists",
                        "tolerationSeconds": 300
                    }
                ],
                "volumes": [
                    {
                        "name": "operator-cert",
                        "secret": {
                            "defaultMode": 420,
                            "secretName": "wasmcloud-operator-tls"
                        }
                    },
                    {
                        "name": "kube-api-access-t7gch",
                        "projected": {
                            "defaultMode": 420,
                            "sources": [
                                {
                                    "serviceAccountToken": {
                                        "expirationSeconds": 3607,
                                        "path": "token"
                                    }
                                },
                                {
                                    "configMap": {
                                        "items": [
                                            {
                                                "key": "ca.crt",
                                                "path": "ca.crt"
                                            }
                                        ],
                                        "name": "kube-root-ca.crt"
                                    }
                                },
                                {
                                    "downwardAPI": {
                                        "items": [
                                            {
                                                "fieldRef": {
                                                    "apiVersion": "v1",
                                                    "fieldPath": "metadata.namespace"
                                                },
                                                "path": "namespace"
                                            }
                                        ]
                                    }
                                }
                            ]
                        }
                    }
                ]
            },
            "status": {
                "allocatedResources": {
                    "cpu": "100m",
                    "memory": "64Mi"
                },
                "conditions": [
                    {
                        "lastProbeTime": null,
                        "lastTransitionTime": "2026-09-09T22:07:54Z",
                        "observedGeneration": 2,
                        "status": "False",
                        "type": "PodReadyToStartContainers"
                    },
                    {
                        "lastProbeTime": null,
                        "lastTransitionTime": "2026-09-09T22:00:05Z",
                        "observedGeneration": 2,
                        "reason": "PodCompleted",
                        "status": "True",
                        "type": "Initialized"
                    },
                    {
                        "lastProbeTime": null,
                        "lastTransitionTime": "2026-09-09T22:07:54Z",
                        "observedGeneration": 2,
                        "reason": "PodCompleted",
                        "status": "False",
                        "type": "Ready"
                    },
                    {
                        "lastProbeTime": null,
                        "lastTransitionTime": "2026-09-09T22:07:54Z",
                        "observedGeneration": 2,
                        "reason": "PodCompleted",
                        "status": "False",
                        "type": "ContainersReady"
                    },
                    {
                        "lastProbeTime": null,
                        "lastTransitionTime": "2026-09-09T22:00:05Z",
                        "observedGeneration": 2,
                        "status": "True",
                        "type": "PodScheduled"
                    }
                ],
                "containerStatuses": [
                    {
                        "allocatedResources": {
                            "cpu": "100m",
                            "memory": "64Mi"
                        },
                        "containerID": "containerd://1af2685c5223aa0b85f3fd6da04900aa16c6f166171e6000bac6fc452a97e806",
                        "image": "ghcr.io/wasmcloud/runtime-operator:2.9.0",
                        "imageID": "ghcr.io/wasmcloud/runtime-operator@sha256:71b681e70e593720819d8f13c08292df16aac712f5591fc0a4175f7558804f50",
                        "lastState": {},
                        "name": "runtime-operator",
                        "ready": false,
                        "resources": {
                            "limits": {
                                "memory": "192Mi"
                            },
                            "requests": {
                                "cpu": "100m",
                                "memory": "64Mi"
                            }
                        },
                        "restartCount": 0,
                        "started": false,
                        "state": {
                            "terminated": {
                                "containerID": "containerd://1af2685c5223aa0b85f3fd6da04900aa16c6f166171e6000bac6fc452a97e806",
                                "exitCode": 0,
                                "finishedAt": "2026-09-09T22:07:54Z",
                                "reason": "Completed",
                                "startedAt": "2026-09-09T22:00:15Z"
                            }
                        },
                        "user": {
                            "linux": {
                                "gid": 65532,
                                "supplementalGroups": [
                                    65532
                                ],
                                "uid": 65532
                            }
                        },
                        "volumeMounts": [
                            {
                                "mountPath": "/operator-cert",
                                "name": "operator-cert",
                                "readOnly": true,
                                "recursiveReadOnly": "Disabled"
                            },
                            {
                                "mountPath": "/var/run/secrets/kubernetes.io/serviceaccount",
                                "name": "kube-api-access-t7gch",
                                "readOnly": true,
                                "recursiveReadOnly": "Disabled"
                            }
                        ]
                    }
                ],
                "hostIP": "172.28.0.6",
                "hostIPs": [
                    {
                        "ip": "172.28.0.6"
                    }
                ],
                "observedGeneration": 2,
                "phase": "Succeeded",
                "podIP": "10.244.1.4",
                "podIPs": [
                    {
                        "ip": "10.244.1.4"
                    }
                ],
                "qosClass": "Burstable",
                "resources": {
                    "limits": {
                        "memory": "192Mi"
                    },
                    "requests": {
                        "cpu": "79m",
                        "memory": "64Mi"
                    }
                },
                "startTime": "2026-09-09T22:00:05Z"
            }
        }
    ],
    "kind": "List",
    "metadata": {
        "resourceVersion": ""
    }
}
