2026-09-10T21:43:51.679206Z  INFO wamn_cdc_reader: registration loaded publication="wamn_cdc_acme__receiving__dev__4pzlcxa6" slot="wamn_cdc_acme__receiving__dev__4pzlcxa6" stream="EVT_acme_dev"
2026-09-10T21:43:51.681159Z  INFO async_nats::connector: connected successfully server=4222 max_payload=1048576
2026-09-10T21:43:51.681255Z  INFO async_nats: event: connected
2026-09-10T21:43:51.724061Z  INFO wamn_cdc_reader: preflight: slot healthy (resume position = confirmed LSN) slot="wamn_cdc_acme__receiving__dev__4pzlcxa6" active=false confirmed_flush_lsn="0/3AB0FB0" wal_status="reserved"
2026-09-10T21:43:51.724129Z  INFO pg_walstream::stream: Creating logical replication stream with retry support
2026-09-10T21:43:51.724150Z  INFO pg_walstream::retry: Attempting to connect to PostgreSQL with retry logic
2026-09-10T21:43:51.763043Z  INFO pg_walstream::retry: Successfully connected to PostgreSQL on attempt 1 after 38.881395ms
2026-09-10T21:43:51.763088Z  INFO pg_walstream::stream: Starting logical replication stream
2026-09-10T21:43:51.763095Z  INFO pg_walstream::stream: Initializing replication stream
2026-09-10T21:43:51.763206Z  INFO pg_walstream::stream: System identification successful
2026-09-10T21:43:51.763218Z  INFO pg_walstream::stream: Creating replication slot: wamn_cdc_acme__receiving__dev__4pzlcxa6
2026-09-10T21:43:51.763335Z  WARN pg_walstream::stream: Replication slot already exists, continuing
2026-09-10T21:43:51.763345Z  INFO pg_walstream::stream: Replication stream initialized
2026-09-10T21:43:51.763880Z  INFO pg_walstream::stream: Logical replication started with LSN: 0/0
2026-09-10T21:43:51.763905Z  INFO wamn_cdc_reader: walsender session open; draining reopens=0
2026-09-10T21:44:21.766339Z  INFO pg_walstream::connection::native::connection: Sent standby status update: received=0/40EF078, flushed=0/0, applied=0/0, reply_requested=false
2026-09-10T21:44:43.686337Z  INFO wamn_cdc_reader: entity resolved table=purchase_order relation_oid=18614 package_id="wamn_receiving" entity="purchase_order"
2026-09-10T21:44:43.733905Z  INFO wamn_cdc_reader: CDC exclusion resolved table=record_receipt_command relation_oid=18665 package_id="wamn_receiving" relation="record_receipt_command"
2026-09-10T21:44:43.782683Z  INFO wamn_cdc_reader: entity resolved table=receipt relation_oid=18683 package_id="wamn_receiving" entity="receipt"
2026-09-10T21:44:43.831180Z  INFO wamn_cdc_reader: entity resolved table=receipt_line relation_oid=18712 package_id="wamn_receiving" entity="receipt_line"
2026-09-10T21:44:43.885072Z  INFO wamn_cdc_reader: entity resolved table=purchase_order_line relation_oid=18636 package_id="wamn_receiving" entity="purchase_order_line"
2026-09-10T21:44:43.885919Z  INFO wamn::event_reader: CDC exclusions committed excluded_by_relation={"wamn_receiving::record_receipt_command": 2}
2026-09-10T21:44:43.951763Z  INFO wamn_cdc_reader: entity resolved table=quality_inspection relation_oid=18768 package_id="client_acme_receiving" entity="quality_inspection"
2026-09-10T21:44:51.767235Z  INFO pg_walstream::connection::native::connection: Sent standby status update: received=0/40F24C0, flushed=0/40F2220, applied=0/40F2220, reply_requested=false
2026-09-10T21:45:21.779804Z  INFO pg_walstream::connection::native::connection: Sent standby status update: received=0/40F7390, flushed=0/40F2220, applied=0/40F2220, reply_requested=false
2026-09-10T21:45:39.378424Z  INFO pg_walstream::connection::native::connection: Sent standby status update: received=0/40F76D8, flushed=0/40F76D8, applied=0/40F76D8, reply_requested=false
2026-09-10T21:46:09.400780Z  INFO pg_walstream::connection::native::connection: Sent standby status update: received=0/40F77A8, flushed=0/40F76D8, applied=0/40F76D8, reply_requested=false
2026-09-10T21:46:39.430769Z  INFO pg_walstream::connection::native::connection: Sent standby status update: received=0/40F77A8, flushed=0/40F76D8, applied=0/40F76D8, reply_requested=false
2026-09-10T21:47:09.460824Z  INFO pg_walstream::connection::native::connection: Sent standby status update: received=0/40F77A8, flushed=0/40F76D8, applied=0/40F76D8, reply_requested=false
2026-09-10T21:47:38.520192Z  INFO wamn::event_reader: CDC exclusions committed excluded_by_relation={"wamn_receiving::record_receipt_command": 4}
2026-09-10T21:47:38.620009Z  INFO wamn::event_reader: CDC exclusions committed excluded_by_relation={"wamn_receiving::record_receipt_command": 6}
2026-09-10T21:47:39.461808Z  INFO pg_walstream::connection::native::connection: Sent standby status update: received=0/40F9A48, flushed=0/40F9A48, applied=0/40F9A48, reply_requested=false
2026-09-10T21:47:54.401599Z  INFO wamn::event_reader: drain summary commits=15 events_published=21 deduped=0 excluded_by_relation={"wamn_receiving::record_receipt_command": 6} ending="shutdown"
2026-09-10T21:47:54.401716Z  INFO pg_walstream::connection::native::connection: Sent standby status update: received=0/40FA228, flushed=0/40FA200, applied=0/40FA200, reply_requested=false
2026-09-10T21:47:54.401730Z  INFO pg_walstream::stream: Stopping logical replication stream (last received LSN: 0/40FA228)
2026-09-10T21:47:54.401737Z  INFO wamn_cdc_reader: shutdown requested; exiting cleanly reopens=0 commits=15
