2026-09-05T22:04:15.721810361Z 2026-09-05T22:04:15.721686Z  INFO connected to NATS
2026-09-05T22:04:15.860244458Z 2026-09-05T22:04:15.860122Z  INFO wiring activation doorbell listening; dropped every cached pointer channel="wamn_wiring_activation" dropped=0
2026-09-05T22:04:16.113994889Z 2026-09-05T22:04:16.113877Z  INFO release component pull completed component_digest=sha256:43fcb1f18e8e9d6be3ea0a84b838a400e5a179665dc4019914a5076d14e03b7d component_bytes=669593 elapsed_ms=79
2026-09-05T22:04:16.118125072Z 2026-09-05T22:04:16.118022Z  INFO release component pull completed component_digest=sha256:ae12741669b22abbc09b72f4243c83e996c15c46a5b3d925cbd1cf11d4355715 component_bytes=466014 elapsed_ms=83
2026-09-05T22:04:28.681288982Z 2026-09-05T22:04:28.681164Z  INFO release component compilation completed component_digest=sha256:ae12741669b22abbc09b72f4243c83e996c15c46a5b3d925cbd1cf11d4355715 compile_ms=12562 compile_wall_ms=12563
2026-09-05T22:04:28.723877383Z 2026-09-05T22:04:28.723670Z  INFO release component compilation completed component_digest=sha256:43fcb1f18e8e9d6be3ea0a84b838a400e5a179665dc4019914a5076d14e03b7d compile_ms=12609 compile_wall_ms=12609
2026-09-05T22:04:28.728819845Z 2026-09-05T22:04:28.728152Z  WARN wamn.component.linker_setup:wamn.linker.register: component imports wamn:postgres but sets no wamn.tenant; calls will be refused component="receiving#0"
2026-09-05T22:04:28.736318383Z 2026-09-05T22:04:28.735990Z  INFO release component instantiation completed component_digest=sha256:43fcb1f18e8e9d6be3ea0a84b838a400e5a179665dc4019914a5076d14e03b7d elapsed_ms=12 total_elapsed_ms=12701
2026-09-05T22:04:28.739673471Z 2026-09-05T22:04:28.739561Z  WARN wamn.component.linker_setup:wamn.linker.register: component imports wamn:postgres but sets no wamn.tenant; calls will be refused component="client_acme_receiving#1"
2026-09-05T22:04:28.742526637Z 2026-09-05T22:04:28.742442Z  INFO release component instantiation completed component_digest=sha256:ae12741669b22abbc09b72f4243c83e996c15c46a5b3d925cbd1cf11d4355715 elapsed_ms=6 total_elapsed_ms=12707
2026-09-05T22:04:28.742602342Z 2026-09-05T22:04:28.742569Z  INFO synchronous release preload completed synchronous_wirings=13 component_digests=2 elapsed_ms=12934
2026-09-05T22:04:28.742868190Z 2026-09-05T22:04:28.742816Z  INFO release preload completed; component cache warm
2026-09-05T22:04:28.777959342Z 2026-09-05T22:04:28.777848Z  INFO wamn-host starting (base plugins: wasi:config, wamn:logging, wasi:otel, wamn:postgres, wamn:jetstream, wamn:flow-http-routing) router_delivery=true
2026-09-05T22:04:28.777989569Z 2026-09-05T22:04:28.777942Z  INFO wamn-host welded to its release effective_release_id=1 manifest_digest=sha256:117166d61dfa9792bcf8ac73d5079672be54e4007f43534cfe6dd487ce384911
2026-09-05T22:04:28.778067455Z 2026-09-05T22:04:28.778027Z  INFO HTTP server listening addr=0.0.0.0:80 protocol="HTTP"
2026-09-05T22:04:28.778169961Z 2026-09-05T22:04:28.778124Z  INFO Starting WASI OTel plugin endpoint=http://otel-collector.wamn-system.svc.cluster.local:4317 protocol="grpc"
2026-09-05T22:04:28.779346120Z 2026-09-05T22:04:28.779264Z  INFO WASI OTel plugin started
2026-09-05T22:04:28.779453754Z 2026-09-05T22:04:28.779381Z  INFO Host started host_id="8fd6cef3-c2b0-479f-bec1-5c8f3605878f" friendly_name="organic-office-1376" host_name="10.244.2.5" labels={"hostgroup": "default"} version="2.8.0"
2026-09-05T22:04:28.780174908Z 2026-09-05T22:04:28.780089Z  INFO Host provides interfaces count=10 interfaces=["wasi:cli/terminal-stderr,terminal-output,stdin,stdout,terminal-stdout,exit,stderr,terminal-input,environment,terminal-stdin@0.2.0", "wasi:clocks/monotonic-clock,wall-time@0.2.0", "wasi:clocks/monotonic-clock,wall-clock@0.2.0", "wasi:filesystem/types,preopens@0.2.0", "wasi:http/types,outgoing-handler,incoming-handler@0.2.0", "wasi:http/handler,types@0.3.0", "wasi:io/poll,streams,error@0.2.0", "wasi:random/random,insecure-seed,insecure@0.2.0", "wasi:random/random@0.2.0", "wasi:sockets/ip-name-lookup,tcp-create-socket,udp,network,tcp,udp-create-socket,instance-network@0.2.0"]
2026-09-05T22:04:28.780359631Z 2026-09-05T22:04:28.780225Z  INFO wamn-host runtime startup completed elapsed_ms=13319
2026-09-05T22:04:37.707087779Z 2026-09-05T22:04:37.706964Z  INFO workload_start{workload_id=5c6c6ac1-71da-4f18-aaa0-661379a1470c workload.name="flow-http-fb58c759c-78d6bcb5c" workload.namespace="wamn-receiving-journey"}: Starting workload workload_id="5c6c6ac1-71da-4f18-aaa0-661379a1470c" namespace="wamn-receiving-journey" name="flow-http-fb58c759c-78d6bcb5c"
2026-09-05T22:04:41.348148707Z 2026-09-05T22:04:41.348030Z  WARN handle_http_request{http.method=POST http.uri=/purchase_order/get http.host=receiving.localhost http.request.method=POST url.path=/purchase_order/get server.address="receiving.localhost"}:invoke_component_handler{workload.name="flow-http-fb58c759c-78d6bcb5c" workload.namespace="wamn-receiving-journey" workload.id="5c6c6ac1-71da-4f18-aaa0-661379a1470c"}:http.handle:wamn.component.invoke{wamn.tenant=receiving-route-auth wamn.project=receiving wamn.environment=dev wamn.wiring_id=purchase_order_get wamn.wiring_version=1 wamn.component_digest=sha256:43fcb1f18e8e9d6be3ea0a84b838a400e5a179665dc4019914a5076d14e03b7d wamn.node_id=operation wamn.operation=wamn-receiving:purchase-order/get@1.0.0 wamn.caller_principal_id="98a61c3d-bf16-4d47-88bc-9880851e9141"}:wamn.component.linker_setup:wamn.linker.register: component imports wamn:postgres but sets no wamn.tenant; calls will be refused component="receiving#2"
2026-09-05T22:04:44.129240500Z 2026-09-05T22:04:44.129109Z  INFO shutting down wamn-host
2026-09-05T22:04:44.129325152Z 2026-09-05T22:04:44.129286Z  INFO HTTP server stopping addr=0.0.0.0:80
2026-09-05T22:04:44.129394753Z 2026-09-05T22:04:44.129371Z  INFO Stopping WASI OTel plugin
2026-09-05T22:04:44.129931365Z 2026-09-05T22:04:44.129898Z  INFO WASI OTel plugin stopped
2026-09-05T22:04:44.130157107Z 2026-09-05T22:04:44.130043Z  INFO HTTP server received shutdown signal
