{
  "summary": {
    "successRate": 1.0,
    "total": 10.002853787,
    "slowest": 0.058996584,
    "fastest": 0.000322734,
    "average": 0.001683210810451785,
    "requestsPerSec": 9476.695552942805,
    "totalData": 3412008,
    "sizePerRequest": 36,
    "sizePerSec": 341103.45633906446
  },
  "metrics": {
    "success_rate": 1.0,
    "requests_per_sec": 9476.695552942805,
    "latency_ms": {
      "min": 0.323,
      "mean": 1.683,
      "p50": 1.504,
      "p95": 3.215,
      "p99": 5.467,
      "max": 58.997
    }
  },
  "responseTimeHistogram": {
    "0.000322734": 1,
    "0.006190119": 94113,
    "0.012057504": 550,
    "0.017924889000000003": 82,
    "0.023792274000000002": 17,
    "0.029659659": 7,
    "0.035527044": 2,
    "0.041394428999999996": 3,
    "0.047261814": 1,
    "0.053129199": 1,
    "0.058996584": 1
  },
  "latencyPercentiles": {
    "p10": 0.000788751,
    "p25": 0.001134095,
    "p50": 0.00150415,
    "p75": 0.001954204,
    "p90": 0.002573885,
    "p95": 0.003215032,
    "p99": 0.00546694,
    "p99.9": 0.012651074,
    "p99.99": 0.027001527
  },
  "firstByteHistogram": {
    "0.000319437": 1,
    "0.0061864749999999994": 94123,
    "0.012053513": 544,
    "0.017920551": 78,
    "0.023787588999999998": 17,
    "0.029654626999999996": 7,
    "0.035521665": 2,
    "0.041388703": 3,
    "0.047255741": 1,
    "0.053122778999999995": 1,
    "0.05898981699999999": 1
  },
  "firstBytePercentiles": {
    "p10": 0.000779761,
    "p25": 0.001125275,
    "p50": 0.00149438,
    "p75": 0.0019427,
    "p90": 0.002558197,
    "p95": 0.003194165,
    "p99": 0.005429405,
    "p99.9": 0.01250233,
    "p99.99": 0.026987243
  },
  "rps": {
    "mean": 9466.204578074981,
    "stddev": 2306.189729839236,
    "max": 15563.771340305419,
    "min": 1044.9546974819173,
    "percentiles": {
      "p10": 6305.319798313394,
      "p25": 7933.358164066543,
      "p50": 9924.028523683166,
      "p75": 11224.387540282694,
      "p90": 11926.1432987255,
      "p95": 12393.88623814309,
      "p99": 13446.412227270603,
      "p99.9": 15367.909254203429,
      "p99.99": 15563.771340305419
    }
  },
  "details": {
    "DNSDialup": {
      "average": 0.000991755375,
      "fastest": 0.000345728,
      "slowest": 0.001743535
    },
    "DNSLookup": {
      "average": 0.0000332173125,
      "fastest": 0.000014728,
      "slowest": 0.000077746
    },
    "firstByte": {
      "average": 0.0016716539112979676,
      "fastest": 0.000319437,
      "slowest": 0.058989817
    }
  },
  "statusCodeDistribution": {
    "404": 94778
  },
  "errorDistribution": {
    "aborted due to deadline": 16
  }
}