{
  "summary": {
    "successRate": 1.0,
    "total": 10.001169949,
    "slowest": 0.06296403,
    "fastest": 0.004078896,
    "average": 0.01134556950156246,
    "requestsPerSec": 1409.4351032810353,
    "totalData": 4055040,
    "sizePerRequest": 288,
    "sizePerSec": 405456.56364988146
  },
  "metrics": {
    "success_rate": 1.0,
    "requests_per_sec": 1409.4351032810353,
    "latency_ms": {
      "min": 4.079,
      "mean": 11.346,
      "p50": 10.663,
      "p95": 16.866,
      "p99": 26.277,
      "max": 62.964
    }
  },
  "responseTimeHistogram": {
    "0.004078896": 1,
    "0.009967409400000002": 5346,
    "0.0158559228": 7731,
    "0.0217444362": 727,
    "0.027632949600000005": 162,
    "0.033521463": 80,
    "0.039409976400000005": 22,
    "0.0452984898": 6,
    "0.051187003200000004": 2,
    "0.05707551660000001": 2,
    "0.06296403": 1
  },
  "latencyPercentiles": {
    "p10": 0.008167369,
    "p25": 0.009225331,
    "p50": 0.010662753,
    "p75": 0.012558554,
    "p90": 0.01483627,
    "p95": 0.016866408,
    "p99": 0.026276765,
    "p99.9": 0.03763488,
    "p99.99": 0.056827402
  },
  "firstByteHistogram": {
    "0.004062495": 1,
    "0.0099520571": 5339,
    "0.0158416192": 7738,
    "0.0217311813": 727,
    "0.027620743399999998": 163,
    "0.0335103055": 79,
    "0.0393998676": 22,
    "0.045289429699999995": 6,
    "0.0511789918": 2,
    "0.0570685539": 2,
    "0.062958116": 1
  },
  "firstBytePercentiles": {
    "p10": 0.008153759,
    "p25": 0.009212333,
    "p50": 0.01065012,
    "p75": 0.012541852,
    "p90": 0.014821011,
    "p95": 0.016853698,
    "p99": 0.026265767,
    "p99.9": 0.03762448,
    "p99.99": 0.056820089
  },
  "rps": {
    "mean": 1403.4245707901975,
    "stddev": 357.15808173273,
    "max": 2354.29017814802,
    "min": 52.01446834451428,
    "percentiles": {
      "p10": 926.2504947721477,
      "p25": 1202.901277591407,
      "p50": 1450.1792588892263,
      "p75": 1648.40933135676,
      "p90": 1804.6306823308462,
      "p95": 1900.2027516335384,
      "p99": 2085.060151532444,
      "p99.9": 2284.1587083722075,
      "p99.99": 2354.29017814802
    }
  },
  "details": {
    "DNSDialup": {
      "average": 0.0008445003749999999,
      "fastest": 0.000403336,
      "slowest": 0.002163972
    },
    "DNSLookup": {
      "average": 0.00003934731249999999,
      "fastest": 0.000018137,
      "slowest": 0.000094492
    },
    "firstByte": {
      "average": 0.011332891419531267,
      "fastest": 0.004062495,
      "slowest": 0.062958116
    }
  },
  "statusCodeDistribution": {
    "200": 14080
  },
  "errorDistribution": {
    "aborted due to deadline": 16
  }
}