{
  "summary": {
    "successRate": 1.0,
    "total": 10.007069412,
    "slowest": 0.105230236,
    "fastest": 0.010934313,
    "average": 0.0296781259413296,
    "requestsPerSec": 1077.9379612441526,
    "totalData": 3097440,
    "sizePerRequest": 288,
    "sizePerSec": 309525.183895067
  },
  "metrics": {
    "success_rate": 1.0,
    "requests_per_sec": 1077.9379612441526,
    "latency_ms": {
      "min": 10.934,
      "mean": 29.678,
      "p50": 27.344,
      "p95": 45.881,
      "p99": 66.037,
      "max": 105.23
    }
  },
  "responseTimeHistogram": {
    "0.010934313": 1,
    "0.0203639053": 973,
    "0.029793497600000003": 5545,
    "0.0392230899": 2872,
    "0.048652682200000005": 989,
    "0.0580822745": 189,
    "0.0675118668": 88,
    "0.07694145910000001": 45,
    "0.08637105140000001": 15,
    "0.09580064370000001": 24,
    "0.105230236": 14
  },
  "latencyPercentiles": {
    "p10": 0.020609496,
    "p25": 0.02315226,
    "p50": 0.027344197,
    "p75": 0.034148283,
    "p90": 0.041019665,
    "p95": 0.045881195,
    "p99": 0.066037142,
    "p99.9": 0.097333605,
    "p99.99": 0.104690996
  },
  "firstByteHistogram": {
    "0.010925536": 1,
    "0.020354871599999998": 980,
    "0.0297842072": 5540,
    "0.0392135428": 2871,
    "0.0486428784": 989,
    "0.058072214": 189,
    "0.0675015496": 87,
    "0.0769308852": 45,
    "0.0863602208": 15,
    "0.0957895564": 24,
    "0.105218892": 14
  },
  "firstBytePercentiles": {
    "p10": 0.020589064,
    "p25": 0.023129714,
    "p50": 0.027321149,
    "p75": 0.034125156,
    "p90": 0.04100341,
    "p95": 0.045863013,
    "p99": 0.066025118,
    "p99.9": 0.097326597,
    "p99.99": 0.104682766
  },
  "rps": {
    "mean": 1073.1689994171259,
    "stddev": 388.3387992269089,
    "max": 2330.0047920431257,
    "min": 34.244546470364746,
    "percentiles": {
      "p10": 546.2414708490921,
      "p25": 810.5911022833302,
      "p50": 1107.1611292556831,
      "p75": 1369.3624773228003,
      "p90": 1522.049496179859,
      "p95": 1652.1959997910642,
      "p99": 1902.6284027949341,
      "p99.9": 2203.27633065789,
      "p99.99": 2330.0047920431257
    }
  },
  "details": {
    "DNSDialup": {
      "average": 0.0038267678437500004,
      "fastest": 0.003262717,
      "slowest": 0.00492267
    },
    "DNSLookup": {
      "average": 0.00004027015625,
      "fastest": 0.000020251,
      "slowest": 0.000116078
    },
    "firstByte": {
      "average": 0.029660769968107827,
      "fastest": 0.010925536,
      "slowest": 0.105218892
    }
  },
  "statusCodeDistribution": {
    "200": 10755
  },
  "errorDistribution": {
    "aborted due to deadline": 32
  }
}