{
  "summary": {
    "successRate": 1.0,
    "total": 10.001805153,
    "slowest": 0.021791776,
    "fastest": 0.002335897,
    "average": 0.004234335582846816,
    "requestsPerSec": 942.3298950362986,
    "totalData": 2713248,
    "sizePerRequest": 288,
    "sizePerSec": 271275.8305620634
  },
  "metrics": {
    "success_rate": 1.0,
    "requests_per_sec": 942.3298950362986,
    "latency_ms": {
      "min": 2.336,
      "mean": 4.234,
      "p50": 3.919,
      "p95": 6.528,
      "p99": 9.183,
      "max": 21.792
    }
  },
  "responseTimeHistogram": {
    "0.002335897": 1,
    "0.0042814849": 6137,
    "0.0062270728": 2702,
    "0.008172660699999999": 434,
    "0.0101182486": 82,
    "0.0120638365": 35,
    "0.014009424399999998": 17,
    "0.015955012299999998": 2,
    "0.0179006002": 8,
    "0.0198461881": 2,
    "0.021791776": 1
  },
  "latencyPercentiles": {
    "p10": 0.003160152,
    "p25": 0.003450595,
    "p50": 0.003919325,
    "p75": 0.004613672,
    "p90": 0.005569692,
    "p95": 0.006528015,
    "p99": 0.009182704,
    "p99.9": 0.016178315,
    "p99.99": 0.021791776
  },
  "firstByteHistogram": {
    "0.002330872": 1,
    "0.0042755788": 6157,
    "0.0062202856": 2684,
    "0.0081649924": 432,
    "0.010109699199999999": 82,
    "0.012054405999999998": 35,
    "0.0139991128": 17,
    "0.0159438196": 2,
    "0.0178885264": 8,
    "0.0198332332": 2,
    "0.02177794": 1
  },
  "firstBytePercentiles": {
    "p10": 0.003150879,
    "p25": 0.003441387,
    "p50": 0.003909641,
    "p75": 0.004603782,
    "p90": 0.005553861,
    "p95": 0.006512643,
    "p99": 0.009176634,
    "p99.9": 0.01616962,
    "p99.99": 0.02177794
  },
  "rps": {
    "mean": 946.0146687498575,
    "stddev": 207.3377381995093,
    "max": 1485.0818799897042,
    "min": 83.46921425838008,
    "percentiles": {
      "p10": 668.0319011954095,
      "p25": 838.1014320638837,
      "p50": 962.330302073013,
      "p75": 1085.0303569792957,
      "p90": 1193.283674435348,
      "p95": 1242.833792108504,
      "p99": 1399.1795211288058,
      "p99.9": 1473.4881308522104,
      "p99.99": 1485.0818799897042
    }
  },
  "details": {
    "DNSDialup": {
      "average": 0.000401483,
      "fastest": 0.000335011,
      "slowest": 0.00044421
    },
    "DNSLookup": {
      "average": 0.000069579,
      "fastest": 0.000063163,
      "slowest": 0.000084256
    },
    "firstByte": {
      "average": 0.0042242990732406435,
      "fastest": 0.002330872,
      "slowest": 0.02177794
    }
  },
  "statusCodeDistribution": {
    "200": 9421
  },
  "errorDistribution": {
    "aborted due to deadline": 4
  }
}