2026-09-12T00:29:32.889499Z  INFO native descriptor limits initialized descriptor_soft_limit=Some(524288) default_max_connections=32768 default_max_http_ingress_connections=32768
2026-09-12T00:29:32.961983Z  INFO connected to NATS
2026-09-12T00:29:32.962190Z  INFO host memory resolved max_guest_memory=4GiB guest_memory_mode="count" default_heap_memory=256MiB core_instances=512 memories=512 pool_reservation=128GiB
2026-09-12T00:29:33.586111Z  INFO synchronous release preload completed synchronous_wirings=13 component_digests=2 elapsed_ms=606
2026-09-12T00:29:33.586144Z  INFO release preload completed; component cache warm
2026-09-12T00:29:33.596288Z  INFO wamn-host starting (base plugins: wasi:config, wamn:logging, wasi:otel, wamn:postgres, wamn:jetstream, wamn:flow-http-routing) router_delivery=true
2026-09-12T00:29:33.596305Z  INFO wamn-host welded to its release effective_release_id=1 manifest_digest=sha256:52feceaa7255c21a354995ea59ad6056edef22c929467fe4adad2c90c4cf5bb3
2026-09-12T00:29:33.596321Z  INFO HTTP server listening addr=127.0.0.1:34605 protocol="HTTP"
2026-09-12T00:29:33.596328Z  INFO probe server listening addr=127.0.0.1:45723
2026-09-12T00:29:33.596341Z  INFO Starting WASI OTel plugin endpoint=http://127.0.0.1:40425 protocol="grpc"
2026-09-12T00:29:33.596850Z  INFO WASI OTel plugin started
2026-09-12T00:29:33.596868Z  INFO Host started host_id="6441d4d9-58db-408d-9358-60d6decd67e8" friendly_name="tame-town-6619" host_name="startup-0e4e2a551e6646a0afab925041b99b51" labels={"hostgroup": "startup-0e4e2a551e6646a0afab925041b99b51"} version="2.9.0" max_concurrent_starts=4
2026-09-12T00:29:33.596962Z  INFO Host provides interfaces count=10 interfaces=["wasi:cli/terminal-input,exit,environment,terminal-stderr,stderr,terminal-stdin,terminal-stdout,terminal-output,stdin,stdout@0.2.0", "wasi:clocks/monotonic-clock,wall-time@0.2.0", "wasi:clocks/wall-clock,monotonic-clock@0.2.0", "wasi:filesystem/types,preopens@0.2.0", "wasi:http/types,outgoing-handler,incoming-handler@0.2.0", "wasi:http/types,handler@0.3.0", "wasi:io/poll,streams,error@0.2.0", "wasi:random/random@0.2.0", "wasi:random/insecure,random,insecure-seed@0.2.0", "wasi:sockets/udp,instance-network,network,tcp,ip-name-lookup,tcp-create-socket,udp-create-socket@0.2.0"]
2026-09-12T00:29:33.596980Z  INFO wamn-host runtime startup completed elapsed_ms=707 cleanup_budget_secs=51
2026-09-12T00:29:33.642882Z  WARN handle_http_request{http.method=POST http.uri=/purchase_order/get http.host=receiving.localhost http.request.method=POST url.path=/purchase_order/get server.address="receiving.localhost"}: failed to route incoming request err=router is temporarily unavailable
2026-09-12T00:29:33.689508Z  WARN handle_http_request{http.method=POST http.uri=/purchase_order/get http.host=receiving.localhost http.request.method=POST url.path=/purchase_order/get server.address="receiving.localhost"}: failed to route incoming request err=router is temporarily unavailable
2026-09-12T00:29:33.725969Z  INFO workload_start{workload_id=startup-0e4e2a551e6646a0afab925041b99b51-cold-0 workload.name="startup-0e4e2a551e6646a0afab925041b99b51-cold-0" workload.namespace="wamn-receiving-e4936f123dae46b2875b4fa7a1e8711a"}: Starting workload workload_id="startup-0e4e2a551e6646a0afab925041b99b51-cold-0" namespace="wamn-receiving-e4936f123dae46b2875b4fa7a1e8711a" name="startup-0e4e2a551e6646a0afab925041b99b51-cold-0"
2026-09-12T00:29:33.731811Z  INFO workload_start{workload_id=startup-0e4e2a551e6646a0afab925041b99b51-cold-2 workload.name="startup-0e4e2a551e6646a0afab925041b99b51-cold-2" workload.namespace="wamn-receiving-e4936f123dae46b2875b4fa7a1e8711a"}: Starting workload workload_id="startup-0e4e2a551e6646a0afab925041b99b51-cold-2" namespace="wamn-receiving-e4936f123dae46b2875b4fa7a1e8711a" name="startup-0e4e2a551e6646a0afab925041b99b51-cold-2"
2026-09-12T00:29:33.748973Z  WARN handle_http_request{http.method=POST http.uri=/purchase_order/get http.host=receiving.localhost http.request.method=POST url.path=/purchase_order/get server.address="receiving.localhost"}: failed to route incoming request err=router is temporarily unavailable
2026-09-12T00:29:33.752800Z  INFO workload_start{workload_id=startup-0e4e2a551e6646a0afab925041b99b51-cold-1 workload.name="startup-0e4e2a551e6646a0afab925041b99b51-cold-1" workload.namespace="wamn-receiving-e4936f123dae46b2875b4fa7a1e8711a"}: Starting workload workload_id="startup-0e4e2a551e6646a0afab925041b99b51-cold-1" namespace="wamn-receiving-e4936f123dae46b2875b4fa7a1e8711a" name="startup-0e4e2a551e6646a0afab925041b99b51-cold-1"
2026-09-12T00:29:33.756292Z  INFO workload_start{workload_id=startup-0e4e2a551e6646a0afab925041b99b51-cold-3 workload.name="startup-0e4e2a551e6646a0afab925041b99b51-cold-3" workload.namespace="wamn-receiving-e4936f123dae46b2875b4fa7a1e8711a"}: Starting workload workload_id="startup-0e4e2a551e6646a0afab925041b99b51-cold-3" namespace="wamn-receiving-e4936f123dae46b2875b4fa7a1e8711a" name="startup-0e4e2a551e6646a0afab925041b99b51-cold-3"
2026-09-12T00:29:33.802643Z  WARN handle_http_request{http.method=POST http.uri=/purchase_order/get http.host=receiving.localhost http.request.method=POST url.path=/purchase_order/get server.address="receiving.localhost"}: failed to route incoming request err=router is temporarily unavailable
2026-09-12T00:29:33.858355Z  WARN handle_http_request{http.method=POST http.uri=/purchase_order/get http.host=receiving.localhost http.request.method=POST url.path=/purchase_order/get server.address="receiving.localhost"}: failed to route incoming request err=router is temporarily unavailable
2026-09-12T00:29:33.925082Z  INFO workload_start{workload_id=startup-0e4e2a551e6646a0afab925041b99b51-cold-6 workload.name="startup-0e4e2a551e6646a0afab925041b99b51-cold-6" workload.namespace="wamn-receiving-e4936f123dae46b2875b4fa7a1e8711a"}: Starting workload workload_id="startup-0e4e2a551e6646a0afab925041b99b51-cold-6" namespace="wamn-receiving-e4936f123dae46b2875b4fa7a1e8711a" name="startup-0e4e2a551e6646a0afab925041b99b51-cold-6"
2026-09-12T00:29:33.934299Z  INFO workload_start{workload_id=startup-0e4e2a551e6646a0afab925041b99b51-cold-7 workload.name="startup-0e4e2a551e6646a0afab925041b99b51-cold-7" workload.namespace="wamn-receiving-e4936f123dae46b2875b4fa7a1e8711a"}: Starting workload workload_id="startup-0e4e2a551e6646a0afab925041b99b51-cold-7" namespace="wamn-receiving-e4936f123dae46b2875b4fa7a1e8711a" name="startup-0e4e2a551e6646a0afab925041b99b51-cold-7"
2026-09-12T00:29:33.934359Z  INFO workload_start{workload_id=startup-0e4e2a551e6646a0afab925041b99b51-cold-4 workload.name="startup-0e4e2a551e6646a0afab925041b99b51-cold-4" workload.namespace="wamn-receiving-e4936f123dae46b2875b4fa7a1e8711a"}: Starting workload workload_id="startup-0e4e2a551e6646a0afab925041b99b51-cold-4" namespace="wamn-receiving-e4936f123dae46b2875b4fa7a1e8711a" name="startup-0e4e2a551e6646a0afab925041b99b51-cold-4"
2026-09-12T00:29:33.936471Z  INFO workload_start{workload_id=startup-0e4e2a551e6646a0afab925041b99b51-cold-5 workload.name="startup-0e4e2a551e6646a0afab925041b99b51-cold-5" workload.namespace="wamn-receiving-e4936f123dae46b2875b4fa7a1e8711a"}: Starting workload workload_id="startup-0e4e2a551e6646a0afab925041b99b51-cold-5" namespace="wamn-receiving-e4936f123dae46b2875b4fa7a1e8711a" name="startup-0e4e2a551e6646a0afab925041b99b51-cold-5"
2026-09-12T00:29:34.027215Z  INFO workload_start{workload_id=startup-0e4e2a551e6646a0afab925041b99b51-warm-0 workload.name="startup-0e4e2a551e6646a0afab925041b99b51-warm-0" workload.namespace="wamn-receiving-e4936f123dae46b2875b4fa7a1e8711a"}: Starting workload workload_id="startup-0e4e2a551e6646a0afab925041b99b51-warm-0" namespace="wamn-receiving-e4936f123dae46b2875b4fa7a1e8711a" name="startup-0e4e2a551e6646a0afab925041b99b51-warm-0"
2026-09-12T00:29:34.028153Z  INFO workload_start{workload_id=startup-0e4e2a551e6646a0afab925041b99b51-warm-2 workload.name="startup-0e4e2a551e6646a0afab925041b99b51-warm-2" workload.namespace="wamn-receiving-e4936f123dae46b2875b4fa7a1e8711a"}: Starting workload workload_id="startup-0e4e2a551e6646a0afab925041b99b51-warm-2" namespace="wamn-receiving-e4936f123dae46b2875b4fa7a1e8711a" name="startup-0e4e2a551e6646a0afab925041b99b51-warm-2"
2026-09-12T00:29:34.032125Z  INFO workload_start{workload_id=startup-0e4e2a551e6646a0afab925041b99b51-warm-1 workload.name="startup-0e4e2a551e6646a0afab925041b99b51-warm-1" workload.namespace="wamn-receiving-e4936f123dae46b2875b4fa7a1e8711a"}: Starting workload workload_id="startup-0e4e2a551e6646a0afab925041b99b51-warm-1" namespace="wamn-receiving-e4936f123dae46b2875b4fa7a1e8711a" name="startup-0e4e2a551e6646a0afab925041b99b51-warm-1"
2026-09-12T00:29:34.038411Z  INFO workload_start{workload_id=startup-0e4e2a551e6646a0afab925041b99b51-warm-5 workload.name="startup-0e4e2a551e6646a0afab925041b99b51-warm-5" workload.namespace="wamn-receiving-e4936f123dae46b2875b4fa7a1e8711a"}: Starting workload workload_id="startup-0e4e2a551e6646a0afab925041b99b51-warm-5" namespace="wamn-receiving-e4936f123dae46b2875b4fa7a1e8711a" name="startup-0e4e2a551e6646a0afab925041b99b51-warm-5"
2026-09-12T00:29:34.079571Z  INFO workload_start{workload_id=startup-0e4e2a551e6646a0afab925041b99b51-warm-4 workload.name="startup-0e4e2a551e6646a0afab925041b99b51-warm-4" workload.namespace="wamn-receiving-e4936f123dae46b2875b4fa7a1e8711a"}: Starting workload workload_id="startup-0e4e2a551e6646a0afab925041b99b51-warm-4" namespace="wamn-receiving-e4936f123dae46b2875b4fa7a1e8711a" name="startup-0e4e2a551e6646a0afab925041b99b51-warm-4"
2026-09-12T00:29:34.083879Z  INFO workload_start{workload_id=startup-0e4e2a551e6646a0afab925041b99b51-warm-3 workload.name="startup-0e4e2a551e6646a0afab925041b99b51-warm-3" workload.namespace="wamn-receiving-e4936f123dae46b2875b4fa7a1e8711a"}: Starting workload workload_id="startup-0e4e2a551e6646a0afab925041b99b51-warm-3" namespace="wamn-receiving-e4936f123dae46b2875b4fa7a1e8711a" name="startup-0e4e2a551e6646a0afab925041b99b51-warm-3"
2026-09-12T00:29:34.096726Z  INFO workload_start{workload_id=startup-0e4e2a551e6646a0afab925041b99b51-warm-6 workload.name="startup-0e4e2a551e6646a0afab925041b99b51-warm-6" workload.namespace="wamn-receiving-e4936f123dae46b2875b4fa7a1e8711a"}: Starting workload workload_id="startup-0e4e2a551e6646a0afab925041b99b51-warm-6" namespace="wamn-receiving-e4936f123dae46b2875b4fa7a1e8711a" name="startup-0e4e2a551e6646a0afab925041b99b51-warm-6"
2026-09-12T00:29:34.102025Z  INFO workload_start{workload_id=startup-0e4e2a551e6646a0afab925041b99b51-warm-7 workload.name="startup-0e4e2a551e6646a0afab925041b99b51-warm-7" workload.namespace="wamn-receiving-e4936f123dae46b2875b4fa7a1e8711a"}: Starting workload workload_id="startup-0e4e2a551e6646a0afab925041b99b51-warm-7" namespace="wamn-receiving-e4936f123dae46b2875b4fa7a1e8711a" name="startup-0e4e2a551e6646a0afab925041b99b51-warm-7"
2026-09-12T00:29:34.112604Z  INFO workload_stop{workload_id=startup-0e4e2a551e6646a0afab925041b99b51-cold-0}: Stopping workload workload_id="startup-0e4e2a551e6646a0afab925041b99b51-cold-0"
2026-09-12T00:29:34.115187Z  INFO workload_stop{workload_id=startup-0e4e2a551e6646a0afab925041b99b51-cold-1}: Stopping workload workload_id="startup-0e4e2a551e6646a0afab925041b99b51-cold-1"
2026-09-12T00:29:34.117273Z  INFO workload_stop{workload_id=startup-0e4e2a551e6646a0afab925041b99b51-cold-2}: Stopping workload workload_id="startup-0e4e2a551e6646a0afab925041b99b51-cold-2"
2026-09-12T00:29:34.119268Z  INFO workload_stop{workload_id=startup-0e4e2a551e6646a0afab925041b99b51-cold-3}: Stopping workload workload_id="startup-0e4e2a551e6646a0afab925041b99b51-cold-3"
2026-09-12T00:29:34.121658Z  INFO workload_stop{workload_id=startup-0e4e2a551e6646a0afab925041b99b51-cold-4}: Stopping workload workload_id="startup-0e4e2a551e6646a0afab925041b99b51-cold-4"
2026-09-12T00:29:34.123961Z  INFO workload_stop{workload_id=startup-0e4e2a551e6646a0afab925041b99b51-cold-5}: Stopping workload workload_id="startup-0e4e2a551e6646a0afab925041b99b51-cold-5"
2026-09-12T00:29:34.126169Z  INFO workload_stop{workload_id=startup-0e4e2a551e6646a0afab925041b99b51-cold-6}: Stopping workload workload_id="startup-0e4e2a551e6646a0afab925041b99b51-cold-6"
2026-09-12T00:29:34.128229Z  INFO workload_stop{workload_id=startup-0e4e2a551e6646a0afab925041b99b51-cold-7}: Stopping workload workload_id="startup-0e4e2a551e6646a0afab925041b99b51-cold-7"
2026-09-12T00:29:34.130462Z  INFO workload_stop{workload_id=startup-0e4e2a551e6646a0afab925041b99b51-warm-0}: Stopping workload workload_id="startup-0e4e2a551e6646a0afab925041b99b51-warm-0"
2026-09-12T00:29:34.133072Z  INFO workload_stop{workload_id=startup-0e4e2a551e6646a0afab925041b99b51-warm-1}: Stopping workload workload_id="startup-0e4e2a551e6646a0afab925041b99b51-warm-1"
2026-09-12T00:29:34.135377Z  INFO workload_stop{workload_id=startup-0e4e2a551e6646a0afab925041b99b51-warm-2}: Stopping workload workload_id="startup-0e4e2a551e6646a0afab925041b99b51-warm-2"
2026-09-12T00:29:34.137734Z  INFO workload_stop{workload_id=startup-0e4e2a551e6646a0afab925041b99b51-warm-3}: Stopping workload workload_id="startup-0e4e2a551e6646a0afab925041b99b51-warm-3"
2026-09-12T00:29:34.139804Z  INFO workload_stop{workload_id=startup-0e4e2a551e6646a0afab925041b99b51-warm-4}: Stopping workload workload_id="startup-0e4e2a551e6646a0afab925041b99b51-warm-4"
2026-09-12T00:29:34.141917Z  INFO workload_stop{workload_id=startup-0e4e2a551e6646a0afab925041b99b51-warm-5}: Stopping workload workload_id="startup-0e4e2a551e6646a0afab925041b99b51-warm-5"
2026-09-12T00:29:34.144537Z  INFO workload_stop{workload_id=startup-0e4e2a551e6646a0afab925041b99b51-warm-6}: Stopping workload workload_id="startup-0e4e2a551e6646a0afab925041b99b51-warm-6"
2026-09-12T00:29:34.146770Z  INFO workload_stop{workload_id=startup-0e4e2a551e6646a0afab925041b99b51-warm-7}: Stopping workload workload_id="startup-0e4e2a551e6646a0afab925041b99b51-warm-7"
2026-09-12T00:29:34.152698Z  INFO shutting down wamn-host
2026-09-12T00:29:34.152736Z  INFO HTTP server stopping addr=127.0.0.1:34605
2026-09-12T00:29:34.152770Z  INFO Stopping WASI OTel plugin
2026-09-12T00:29:34.153156Z  INFO WASI OTel plugin stopped
2026-09-12T00:29:34.153407Z  INFO HTTP server received shutdown signal
