[1] 2026/09/11 03:59:28.203130 [INF] Starting nats-server
[1] 2026/09/11 03:59:28.203190 [INF]   Version:  2.10.29
[1] 2026/09/11 03:59:28.203192 [INF]   Git:      [f91ddd8]
[1] 2026/09/11 03:59:28.203194 [INF]   Name:     NBKXNGN76UAWQPAB2NODQ5FRKGQ6QFGN3LPJFMIXFWPAQ4RVBYBV4U7J
[1] 2026/09/11 03:59:28.203195 [INF]   Node:     QMWtjSZX
[1] 2026/09/11 03:59:28.203196 [INF]   ID:       NBKXNGN76UAWQPAB2NODQ5FRKGQ6QFGN3LPJFMIXFWPAQ4RVBYBV4U7J
[1] 2026/09/11 03:59:28.203391 [INF] Starting JetStream
[1] 2026/09/11 03:59:28.203546 [INF]     _ ___ _____ ___ _____ ___ ___   _   __  __
[1] 2026/09/11 03:59:28.203551 [INF]  _ | | __|_   _/ __|_   _| _ \ __| /_\ |  \/  |
[1] 2026/09/11 03:59:28.203552 [INF] | || | _|  | | \__ \ | | |   / _| / _ \| |\/| |
[1] 2026/09/11 03:59:28.203553 [INF]  \__/|___| |_| |___/ |_| |_|_\___/_/ \_\_|  |_|
[1] 2026/09/11 03:59:28.203554 [INF] 
[1] 2026/09/11 03:59:28.203555 [INF]          https://docs.nats.io/jetstream
[1] 2026/09/11 03:59:28.203556 [INF] 
[1] 2026/09/11 03:59:28.203557 [INF] ---------------- JETSTREAM ----------------
[1] 2026/09/11 03:59:28.203559 [INF]   Max Memory:      45.71 GB
[1] 2026/09/11 03:59:28.203562 [INF]   Max Storage:     249.49 GB
[1] 2026/09/11 03:59:28.203563 [INF]   Store Directory: "/data/jetstream"
[1] 2026/09/11 03:59:28.203564 [INF] -------------------------------------------
[1] 2026/09/11 03:59:28.203787 [INF] Listening for client connections on 0.0.0.0:4222
[1] 2026/09/11 03:59:28.203876 [INF] Server is ready
