{
  "summary": {
    "successRate": 1.0,
    "total": 10.003057135,
    "slowest": 0.01618905,
    "fastest": 0.002125144,
    "average": 0.0036577044302091044,
    "requestsPerSec": 1090.4666296300225,
    "totalData": 3140352,
    "sizePerRequest": 288,
    "sizePerSec": 313939.2245408783
  },
  "metrics": {
    "success_rate": 1.0,
    "requests_per_sec": 1090.4666296300225,
    "latency_ms": {
      "min": 2.125,
      "mean": 3.658,
      "p50": 3.41,
      "p95": 5.306,
      "p99": 7.525,
      "max": 16.189
    }
  },
  "responseTimeHistogram": {
    "0.002125144": 1,
    "0.0035315346": 6226,
    "0.0049379252": 3861,
    "0.006344315800000001": 581,
    "0.007750706400000001": 142,
    "0.009157097": 61,
    "0.010563487600000001": 16,
    "0.011969878200000002": 9,
    "0.0133762688": 2,
    "0.014782659400000002": 3,
    "0.01618905": 2
  },
  "latencyPercentiles": {
    "p10": 0.002867635,
    "p25": 0.003080315,
    "p50": 0.003410175,
    "p75": 0.003940389,
    "p90": 0.00467101,
    "p95": 0.005305816,
    "p99": 0.00752493,
    "p99.9": 0.011098486,
    "p99.99": 0.01485599
  },
  "firstByteHistogram": {
    "0.002119295": 1,
    "0.0035253701000000004": 6243,
    "0.0049314452000000005": 3846,
    "0.0063375203": 580,
    "0.0077435954": 141,
    "0.0091496705": 62,
    "0.0105557456": 15,
    "0.0119618207": 9,
    "0.0133678958": 2,
    "0.014773970899999999": 3,
    "0.016180046": 2
  },
  "firstBytePercentiles": {
    "p10": 0.002858245,
    "p25": 0.003070464,
    "p50": 0.003400807,
    "p75": 0.003931454,
    "p90": 0.004661901,
    "p95": 0.005293607,
    "p99": 0.007504755,
    "p99.9": 0.011090936,
    "p99.99": 0.014835169
  },
  "rps": {
    "mean": 1091.3426127773091,
    "stddev": 216.86558988405724,
    "max": 3096.2628107955734,
    "min": 222.11462002851954,
    "percentiles": {
      "p10": 831.3967850509945,
      "p25": 967.1736429708061,
      "p50": 1109.9988698193183,
      "p75": 1235.1866382450096,
      "p90": 1330.4619008930226,
      "p95": 1386.1488753748142,
      "p99": 1470.5233592633772,
      "p99.9": 1546.0088726853546,
      "p99.99": 3096.2628107955734
    }
  },
  "details": {
    "DNSDialup": {
      "average": 0.0003912215,
      "fastest": 0.000306171,
      "slowest": 0.000429395
    },
    "DNSLookup": {
      "average": 0.00006934250000000001,
      "fastest": 0.00006218,
      "slowest": 0.000086051
    },
    "firstByte": {
      "average": 0.0036479247830154054,
      "fastest": 0.002119295,
      "slowest": 0.016180046
    }
  },
  "statusCodeDistribution": {
    "200": 10904
  },
  "errorDistribution": {
    "aborted due to deadline": 4
  }
}