{
  "summary": {
    "successRate": 1.0,
    "total": 10.004125919,
    "slowest": 0.107045147,
    "fastest": 0.007407688,
    "average": 0.02738348245833334,
    "requestsPerSec": 1169.1176315350815,
    "totalData": 3359232,
    "sizePerRequest": 288,
    "sizePerSec": 335784.6579699773
  },
  "metrics": {
    "success_rate": 1.0,
    "requests_per_sec": 1169.1176315350815,
    "latency_ms": {
      "min": 7.408,
      "mean": 27.383,
      "p50": 25.236,
      "p95": 42.349,
      "p99": 66.324,
      "max": 107.045
    }
  },
  "responseTimeHistogram": {
    "0.007407688": 1,
    "0.0173714339": 359,
    "0.027335179799999998": 7142,
    "0.0372989257": 3084,
    "0.0472626716": 673,
    "0.0572264175": 166,
    "0.06719016339999999": 129,
    "0.07715390929999999": 59,
    "0.08711765519999999": 21,
    "0.09708140109999999": 17,
    "0.107045147": 13
  },
  "latencyPercentiles": {
    "p10": 0.01976872,
    "p25": 0.022345,
    "p50": 0.025235785,
    "p75": 0.029546123,
    "p90": 0.036615093,
    "p95": 0.042349042,
    "p99": 0.066323719,
    "p99.9": 0.097716439,
    "p99.99": 0.103762111
  },
  "firstByteHistogram": {
    "0.007397166": 1,
    "0.0173611812": 358,
    "0.0273251964": 7143,
    "0.0372892116": 3087,
    "0.047253226800000006": 670,
    "0.057217242": 166,
    "0.0671812572": 129,
    "0.0771452724": 59,
    "0.0871092876": 21,
    "0.0970733028": 17,
    "0.107037318": 13
  },
  "firstBytePercentiles": {
    "p10": 0.019759147,
    "p25": 0.022330818,
    "p50": 0.025223008,
    "p75": 0.029535064,
    "p90": 0.036607692,
    "p95": 0.04232677,
    "p99": 0.066313143,
    "p99.9": 0.0977119,
    "p99.99": 0.103746696
  },
  "rps": {
    "mean": 1164.695693111371,
    "stddev": 552.9402773906919,
    "max": 6298.736473464257,
    "min": 52.980609626682394,
    "percentiles": {
      "p10": 504.7799633852889,
      "p25": 766.952414875719,
      "p50": 1133.4835576875435,
      "p75": 1515.326007237192,
      "p90": 1835.856667326559,
      "p95": 2024.0184193772138,
      "p99": 2386.3241929884352,
      "p99.9": 4521.53153315986,
      "p99.99": 6298.736473464257
    }
  },
  "details": {
    "DNSDialup": {
      "average": 0.0009650293125000001,
      "fastest": 0.000399196,
      "slowest": 0.00209516
    },
    "DNSLookup": {
      "average": 0.00007722100000000001,
      "fastest": 0.000017278,
      "slowest": 0.001257538
    },
    "firstByte": {
      "average": 0.027370342387345672,
      "fastest": 0.007397166,
      "slowest": 0.107037318
    }
  },
  "statusCodeDistribution": {
    "200": 11664
  },
  "errorDistribution": {
    "aborted due to deadline": 32
  }
}