{
  "summary": {
    "successRate": 1.0,
    "total": 10.003346907,
    "slowest": 0.014806692,
    "fastest": 0.000282481,
    "average": 0.0007345990358432247,
    "requestsPerSec": 10827.676077514245,
    "totalData": 3898980,
    "sizePerRequest": 36,
    "sizePerSec": 389767.5484263799
  },
  "metrics": {
    "success_rate": 1.0,
    "requests_per_sec": 10827.676077514245,
    "latency_ms": {
      "min": 0.282,
      "mean": 0.735,
      "p50": 0.65,
      "p95": 1.258,
      "p99": 2.25,
      "max": 14.807
    }
  },
  "responseTimeHistogram": {
    "0.000282481": 1,
    "0.0017349021": 106140,
    "0.0031873232": 1766,
    "0.0046397443": 283,
    "0.0060921654": 69,
    "0.0075445865": 24,
    "0.008997007599999999": 4,
    "0.010449428699999999": 5,
    "0.0119018498": 3,
    "0.0133542709": 6,
    "0.014806692": 4
  },
  "latencyPercentiles": {
    "p10": 0.000471851,
    "p25": 0.000534832,
    "p50": 0.0006498,
    "p75": 0.000814327,
    "p90": 0.00102253,
    "p95": 0.001257543,
    "p99": 0.002250075,
    "p99.9": 0.004745503,
    "p99.99": 0.011657904
  },
  "firstByteHistogram": {
    "0.000280443": 1,
    "0.0017323172": 106176,
    "0.0031841914": 1734,
    "0.0046360656": 281,
    "0.0060879398": 68,
    "0.007539814": 23,
    "0.0089916882": 4,
    "0.0104435624": 5,
    "0.0118954366": 4,
    "0.0133473108": 5,
    "0.014799185": 4
  },
  "firstBytePercentiles": {
    "p10": 0.000465429,
    "p25": 0.000528023,
    "p50": 0.000642892,
    "p75": 0.000806531,
    "p90": 0.001012882,
    "p95": 0.001245193,
    "p99": 0.002231842,
    "p99.9": 0.004704551,
    "p99.99": 0.011645973
  },
  "rps": {
    "mean": 10825.463065784657,
    "stddev": 2070.331139394605,
    "max": 15382.144588718438,
    "min": 2951.664759280579,
    "percentiles": {
      "p10": 8034.127366226528,
      "p25": 9826.52867947529,
      "p50": 11037.543837444102,
      "p75": 11994.164989921434,
      "p90": 13572.715825032637,
      "p95": 14042.447061246083,
      "p99": 14706.35340656553,
      "p99.9": 15101.501089208386,
      "p99.99": 15382.144588718438
    }
  },
  "details": {
    "DNSDialup": {
      "average": 0.000644848375,
      "fastest": 0.000358919,
      "slowest": 0.00099279
    },
    "DNSLookup": {
      "average": 0.000050872125,
      "fastest": 0.000022553,
      "slowest": 0.000082521
    },
    "firstByte": {
      "average": 0.0007270072997368578,
      "fastest": 0.000280443,
      "slowest": 0.014799185
    }
  },
  "statusCodeDistribution": {
    "404": 108305
  },
  "errorDistribution": {
    "aborted due to deadline": 8
  }
}