{
  "summary": {
    "successRate": 1.0,
    "total": 10.002127764,
    "slowest": 0.026767883,
    "fastest": 0.000311196,
    "average": 0.0013268323479968256,
    "requestsPerSec": 12019.84246119254,
    "totalData": 4327488,
    "sizePerRequest": 36,
    "sizePerSec": 432656.74085624487
  },
  "metrics": {
    "success_rate": 1.0,
    "requests_per_sec": 12019.84246119254,
    "latency_ms": {
      "min": 0.311,
      "mean": 1.327,
      "p50": 1.268,
      "p95": 2.209,
      "p99": 3.283,
      "max": 26.768
    }
  },
  "responseTimeHistogram": {
    "0.000311196": 1,
    "0.0029568647000000003": 118409,
    "0.0056025334": 1625,
    "0.008248202100000001": 124,
    "0.0108938708": 40,
    "0.0135395395": 6,
    "0.016185208200000002": 1,
    "0.0188308769": 1,
    "0.0214765456": 0,
    "0.0241222143": 0,
    "0.026767883": 1
  },
  "latencyPercentiles": {
    "p10": 0.000683695,
    "p25": 0.000982036,
    "p50": 0.001268048,
    "p75": 0.001576572,
    "p90": 0.001924045,
    "p95": 0.002208888,
    "p99": 0.003283077,
    "p99.9": 0.006343532,
    "p99.99": 0.010540399
  },
  "firstByteHistogram": {
    "0.000308312": 1,
    "0.0029538844999999997": 118461,
    "0.0055994569999999995": 1577,
    "0.008245029499999999": 122,
    "0.010890602": 38,
    "0.0135361745": 6,
    "0.016181747": 1,
    "0.018827319500000002": 1,
    "0.021472892": 0,
    "0.0241184645": 0,
    "0.026764037": 1
  },
  "firstBytePercentiles": {
    "p10": 0.000675705,
    "p25": 0.000974568,
    "p50": 0.001260023,
    "p75": 0.001568295,
    "p90": 0.001912654,
    "p95": 0.002193112,
    "p99": 0.003258968,
    "p99.9": 0.006317318,
    "p99.99": 0.010511851
  },
  "rps": {
    "mean": 12016.078706179736,
    "stddev": 1925.6334971626968,
    "max": 16623.921823504428,
    "min": 2507.3832406905462,
    "percentiles": {
      "p10": 9664.158166491849,
      "p25": 11072.86387343211,
      "p50": 12171.4586336381,
      "p75": 13051.64929174193,
      "p90": 14573.56736807381,
      "p95": 15166.658830559725,
      "p99": 15780.000892177128,
      "p99.9": 16079.510042160007,
      "p99.99": 16623.921823504428
    }
  },
  "details": {
    "DNSDialup": {
      "average": 0.0011323208124999998,
      "fastest": 0.000500955,
      "slowest": 0.001707067
    },
    "DNSLookup": {
      "average": 0.00004939525,
      "fastest": 0.000018377,
      "slowest": 0.000150592
    },
    "firstByte": {
      "average": 0.0013180975750948353,
      "fastest": 0.000308312,
      "slowest": 0.026764037
    }
  },
  "statusCodeDistribution": {
    "404": 120208
  },
  "errorDistribution": {
    "aborted due to deadline": 16
  }
}