{
  "summary": {
    "successRate": 1.0,
    "total": 10.003898392,
    "slowest": 0.064695551,
    "fastest": 0.006275663,
    "average": 0.02318878139006828,
    "requestsPerSec": 1378.0627771094219,
    "totalData": 4098692,
    "sizePerRequest": 298,
    "sizePerSec": 409709.4791844023
  },
  "metrics": {
    "success_rate": 1.0,
    "requests_per_sec": 1378.0627771094219,
    "latency_ms": {
      "min": 6.276,
      "mean": 23.189,
      "p50": 22.605,
      "p95": 32.603,
      "p99": 40.635,
      "max": 64.696
    }
  },
  "responseTimeHistogram": {
    "0.006275663": 1,
    "0.0121176518": 24,
    "0.0179596406": 1583,
    "0.023801629400000003": 6902,
    "0.029643618200000003": 3944,
    "0.035485607": 908,
    "0.041327595800000005": 273,
    "0.0471695846": 85,
    "0.053011573400000005": 28,
    "0.05885356220000001": 5,
    "0.064695551": 1
  },
  "latencyPercentiles": {
    "p10": 0.017607786,
    "p25": 0.019942754,
    "p50": 0.022604759,
    "p75": 0.025476242,
    "p90": 0.029333706,
    "p95": 0.032603125,
    "p99": 0.040635067,
    "p99.9": 0.051423262,
    "p99.99": 0.055654701
  },
  "firstByteHistogram": {
    "0.006267365": 1,
    "0.012109499999999999": 24,
    "0.017951635": 1582,
    "0.023793770000000002": 6910,
    "0.029635905": 3940,
    "0.035478039999999995": 906,
    "0.041320175": 273,
    "0.04716231": 85,
    "0.053004445": 27,
    "0.058846579999999996": 5,
    "0.064688715": 1
  },
  "firstBytePercentiles": {
    "p10": 0.017597735,
    "p25": 0.019933355,
    "p50": 0.022595263,
    "p75": 0.025463921,
    "p90": 0.029321432,
    "p95": 0.032580564,
    "p99": 0.040625316,
    "p99.9": 0.051412463,
    "p99.99": 0.055638565
  },
  "rps": {
    "mean": 1373.115696005518,
    "stddev": 505.90517076642584,
    "max": 2958.4151431973305,
    "min": 93.38581865369146,
    "percentiles": {
      "p10": 726.6258981096023,
      "p25": 1019.4723032950167,
      "p50": 1346.6918256323274,
      "p75": 1697.7413701542273,
      "p90": 2054.709142222957,
      "p95": 2252.4518783366984,
      "p99": 2546.5263089272403,
      "p99.9": 2801.740127171913,
      "p99.99": 2958.4151431973305
    }
  },
  "details": {
    "DNSDialup": {
      "average": 0.00200404015625,
      "fastest": 0.000543965,
      "slowest": 0.00349923
    },
    "DNSLookup": {
      "average": 0.0000302971875,
      "fastest": 0.000013409,
      "slowest": 0.000097164
    },
    "firstByte": {
      "average": 0.023175525451214266,
      "fastest": 0.006267365,
      "slowest": 0.064688715
    }
  },
  "statusCodeDistribution": {
    "200": 13754
  },
  "errorDistribution": {
    "aborted due to deadline": 32
  }
}