[
    {
        "Id": "4172ec83a28a7576a562d552a597ea0fc4807e24078144547c722bb8a67332e1",
        "Created": "2026-09-11T03:46:53.95959615Z",
        "Path": "docker-entrypoint.sh",
        "Args": [
            "-js",
            "-sd",
            "/data"
        ],
        "State": {
            "Status": "running",
            "Running": true,
            "Paused": false,
            "Restarting": false,
            "OOMKilled": false,
            "Dead": false,
            "Pid": 3402142,
            "ExitCode": 0,
            "Error": "",
            "StartedAt": "2026-09-11T03:46:54.107869904Z",
            "FinishedAt": "0001-01-01T00:00:00Z"
        },
        "Image": "sha256:8b9f712ae2148dcbd9d7f3d16a942d515e290526e5d018500931eab62b18e045",
        "ResolvConfPath": "/var/lib/docker/containers/4172ec83a28a7576a562d552a597ea0fc4807e24078144547c722bb8a67332e1/resolv.conf",
        "HostnamePath": "/var/lib/docker/containers/4172ec83a28a7576a562d552a597ea0fc4807e24078144547c722bb8a67332e1/hostname",
        "HostsPath": "/var/lib/docker/containers/4172ec83a28a7576a562d552a597ea0fc4807e24078144547c722bb8a67332e1/hosts",
        "LogPath": "/var/lib/docker/containers/4172ec83a28a7576a562d552a597ea0fc4807e24078144547c722bb8a67332e1/4172ec83a28a7576a562d552a597ea0fc4807e24078144547c722bb8a67332e1-json.log",
        "Name": "/wamn-native-c-advisory-reader-001",
        "RestartCount": 0,
        "Driver": "overlay2",
        "Platform": "linux",
        "MountLabel": "",
        "ProcessLabel": "",
        "AppArmorProfile": "docker-default",
        "ExecIDs": null,
        "HostConfig": {
            "Binds": null,
            "ContainerIDFile": "",
            "LogConfig": {
                "Type": "json-file",
                "Config": {}
            },
            "NetworkMode": "bridge",
            "PortBindings": {
                "4222/tcp": [
                    {
                        "HostIp": "127.0.0.1",
                        "HostPort": ""
                    }
                ]
            },
            "RestartPolicy": {
                "Name": "no",
                "MaximumRetryCount": 0
            },
            "AutoRemove": false,
            "VolumeDriver": "",
            "VolumesFrom": null,
            "ConsoleSize": [
                0,
                0
            ],
            "CapAdd": null,
            "CapDrop": null,
            "CgroupnsMode": "private",
            "Dns": [],
            "DnsOptions": [],
            "DnsSearch": [],
            "ExtraHosts": null,
            "GroupAdd": null,
            "IpcMode": "private",
            "Cgroup": "",
            "Links": null,
            "OomScoreAdj": 0,
            "PidMode": "",
            "Privileged": false,
            "PublishAllPorts": false,
            "ReadonlyRootfs": false,
            "SecurityOpt": null,
            "UTSMode": "",
            "UsernsMode": "",
            "ShmSize": 67108864,
            "Runtime": "runc",
            "Isolation": "",
            "CpuShares": 0,
            "Memory": 0,
            "NanoCpus": 0,
            "CgroupParent": "",
            "BlkioWeight": 0,
            "BlkioWeightDevice": [],
            "BlkioDeviceReadBps": [],
            "BlkioDeviceWriteBps": [],
            "BlkioDeviceReadIOps": [],
            "BlkioDeviceWriteIOps": [],
            "CpuPeriod": 0,
            "CpuQuota": 0,
            "CpuRealtimePeriod": 0,
            "CpuRealtimeRuntime": 0,
            "CpusetCpus": "",
            "CpusetMems": "",
            "Devices": [],
            "DeviceCgroupRules": null,
            "DeviceRequests": null,
            "MemoryReservation": 0,
            "MemorySwap": 0,
            "MemorySwappiness": null,
            "OomKillDisable": null,
            "PidsLimit": null,
            "Ulimits": [],
            "CpuCount": 0,
            "CpuPercent": 0,
            "IOMaximumIOps": 0,
            "IOMaximumBandwidth": 0,
            "MaskedPaths": [
                "/proc/asound",
                "/proc/acpi",
                "/proc/interrupts",
                "/proc/kcore",
                "/proc/keys",
                "/proc/latency_stats",
                "/proc/timer_list",
                "/proc/timer_stats",
                "/proc/sched_debug",
                "/proc/scsi",
                "/sys/firmware",
                "/sys/devices/virtual/powercap",
                "/sys/devices/system/cpu/cpu0/thermal_throttle",
                "/sys/devices/system/cpu/cpu1/thermal_throttle",
                "/sys/devices/system/cpu/cpu2/thermal_throttle",
                "/sys/devices/system/cpu/cpu3/thermal_throttle",
                "/sys/devices/system/cpu/cpu4/thermal_throttle",
                "/sys/devices/system/cpu/cpu5/thermal_throttle",
                "/sys/devices/system/cpu/cpu6/thermal_throttle",
                "/sys/devices/system/cpu/cpu7/thermal_throttle"
            ],
            "ReadonlyPaths": [
                "/proc/bus",
                "/proc/fs",
                "/proc/irq",
                "/proc/sys",
                "/proc/sysrq-trigger"
            ]
        },
        "GraphDriver": {
            "Data": {
                "ID": "4172ec83a28a7576a562d552a597ea0fc4807e24078144547c722bb8a67332e1",
                "LowerDir": "/var/lib/docker/overlay2/ec208392e7ccb068c35082be341af6e28e92e49a530e3373d97f41971acf2b26-init/diff:/var/lib/docker/overlay2/be3876b53ada25ba31bd32fb794daa0685790ebaa634370ff05b6d3535ec49eb/diff:/var/lib/docker/overlay2/3492c592244cabbc989d8c6eb7e384501b1b3eaa0cff163320f8c8d2416e1b7c/diff:/var/lib/docker/overlay2/e6134d5a4ab8704e566b4059f47fa2344c0ebaabad7f835508bc33599a8c733d/diff:/var/lib/docker/overlay2/563e7a93ca1a55b07d11a35960ffcad62fabac777f45523723ebb4dc8472eae2/diff",
                "MergedDir": "/var/lib/docker/overlay2/ec208392e7ccb068c35082be341af6e28e92e49a530e3373d97f41971acf2b26/merged",
                "UpperDir": "/var/lib/docker/overlay2/ec208392e7ccb068c35082be341af6e28e92e49a530e3373d97f41971acf2b26/diff",
                "WorkDir": "/var/lib/docker/overlay2/ec208392e7ccb068c35082be341af6e28e92e49a530e3373d97f41971acf2b26/work"
            },
            "Name": "overlay2"
        },
        "Mounts": [],
        "Config": {
            "Hostname": "4172ec83a28a",
            "Domainname": "",
            "User": "",
            "AttachStdin": false,
            "AttachStdout": false,
            "AttachStderr": false,
            "ExposedPorts": {
                "4222/tcp": {},
                "6222/tcp": {},
                "8222/tcp": {}
            },
            "Tty": false,
            "OpenStdin": false,
            "StdinOnce": false,
            "Env": [
                "PATH=/usr/local/sbin:/usr/local/bin:/usr/sbin:/usr/bin:/sbin:/bin",
                "NATS_SERVER=2.10.29"
            ],
            "Cmd": [
                "-js",
                "-sd",
                "/data"
            ],
            "Image": "nats:2.10-alpine",
            "Volumes": null,
            "WorkingDir": "/",
            "Entrypoint": [
                "docker-entrypoint.sh"
            ],
            "OnBuild": null,
            "Labels": {
                "wamn.proof": "native-c-advisory-reader-001"
            }
        },
        "NetworkSettings": {
            "Bridge": "",
            "SandboxID": "ef20b4bbd7df6fbdad39bc55671710eb800922111db40d4989516d3a2e048444",
            "SandboxKey": "/var/run/docker/netns/ef20b4bbd7df",
            "Ports": {
                "4222/tcp": [
                    {
                        "HostIp": "127.0.0.1",
                        "HostPort": "32964"
                    }
                ],
                "6222/tcp": null,
                "8222/tcp": null
            },
            "HairpinMode": false,
            "LinkLocalIPv6Address": "",
            "LinkLocalIPv6PrefixLen": 0,
            "SecondaryIPAddresses": null,
            "SecondaryIPv6Addresses": null,
            "EndpointID": "76838d8d4cc0364fd0ba44d6992879bade99fd4aa947f6b3e5fb2f3ea91221a9",
            "Gateway": "172.17.0.1",
            "GlobalIPv6Address": "",
            "GlobalIPv6PrefixLen": 0,
            "IPAddress": "172.17.0.2",
            "IPPrefixLen": 16,
            "IPv6Gateway": "",
            "MacAddress": "92:05:9a:79:b0:35",
            "Networks": {
                "bridge": {
                    "IPAMConfig": null,
                    "Links": null,
                    "Aliases": null,
                    "MacAddress": "92:05:9a:79:b0:35",
                    "DriverOpts": null,
                    "GwPriority": 0,
                    "NetworkID": "29de753b47ff04037595aa0ad9a3064a2f384fa0ec7c5e87fe785b84d440f82c",
                    "EndpointID": "76838d8d4cc0364fd0ba44d6992879bade99fd4aa947f6b3e5fb2f3ea91221a9",
                    "Gateway": "172.17.0.1",
                    "IPAddress": "172.17.0.2",
                    "IPPrefixLen": 16,
                    "IPv6Gateway": "",
                    "GlobalIPv6Address": "",
                    "GlobalIPv6PrefixLen": 0,
                    "DNSNames": null
                }
            }
        }
    }
]
