2026-09-08T11:17:35.823806835Z 2026-09-08T11:17:35.823471Z  INFO connected to NATS
2026-09-08T11:17:35.886540841Z 2026-09-08T11:17:35.886360Z  INFO wiring activation doorbell listening; dropped every cached pointer channel="wamn_wiring_activation" dropped=0
2026-09-08T11:17:36.131813461Z 2026-09-08T11:17:36.131466Z  INFO release component pull completed component_digest=sha256:8057a076d949d21effa45dfff27812f995f5ac101c38f52ac6d66108f1b15b60 component_bytes=668618 elapsed_ms=58
2026-09-08T11:17:36.132717571Z 2026-09-08T11:17:36.132309Z  INFO release component pull completed component_digest=sha256:ae12741669b22abbc09b72f4243c83e996c15c46a5b3d925cbd1cf11d4355715 component_bytes=466014 elapsed_ms=58
2026-09-08T11:17:36.154740825Z 2026-09-08T11:17:36.154360Z  INFO release component compilation completed component_digest=sha256:ae12741669b22abbc09b72f4243c83e996c15c46a5b3d925cbd1cf11d4355715 compile_ms=21 compile_wall_ms=22
2026-09-08T11:17:36.157707289Z 2026-09-08T11:17:36.157485Z  INFO release component compilation completed component_digest=sha256:8057a076d949d21effa45dfff27812f995f5ac101c38f52ac6d66108f1b15b60 compile_ms=25 compile_wall_ms=25
2026-09-08T11:17:36.158602643Z 2026-09-08T11:17:36.158297Z  WARN wamn.component.linker_setup:wamn.linker.register: component imports wamn:postgres but sets no wamn.tenant; calls will be refused component="receiving#0"
2026-09-08T11:17:36.159668151Z 2026-09-08T11:17:36.158882Z  INFO release component instantiation completed component_digest=sha256:8057a076d949d21effa45dfff27812f995f5ac101c38f52ac6d66108f1b15b60 elapsed_ms=1 total_elapsed_ms=85
2026-09-08T11:17:36.159681707Z 2026-09-08T11:17:36.159563Z  WARN wamn.component.linker_setup:wamn.linker.register: component imports wamn:postgres but sets no wamn.tenant; calls will be refused component="client_acme_receiving#1"
2026-09-08T11:17:36.160261370Z 2026-09-08T11:17:36.159997Z  INFO release component instantiation completed component_digest=sha256:ae12741669b22abbc09b72f4243c83e996c15c46a5b3d925cbd1cf11d4355715 elapsed_ms=1 total_elapsed_ms=86
2026-09-08T11:17:36.160269797Z 2026-09-08T11:17:36.160050Z  INFO synchronous release preload completed synchronous_wirings=13 component_digests=2 elapsed_ms=302
2026-09-08T11:17:36.160272484Z 2026-09-08T11:17:36.160173Z  INFO release preload completed; component cache warm
2026-09-08T11:17:36.185463819Z 2026-09-08T11:17:36.185263Z  INFO wamn-host starting (base plugins: wasi:config, wamn:logging, wasi:otel, wamn:postgres, wamn:jetstream, wamn:flow-http-routing) router_delivery=true
2026-09-08T11:17:36.185488402Z 2026-09-08T11:17:36.185297Z  INFO wamn-host welded to its release effective_release_id=1 manifest_digest=sha256:e54e24c42c4c01728436575077f1f903a75fadc2d149efcc51fefb1bad0e2ea0
2026-09-08T11:17:36.185492017Z 2026-09-08T11:17:36.185323Z  INFO HTTP server listening addr=0.0.0.0:80 protocol="HTTP"
2026-09-08T11:17:36.185577191Z 2026-09-08T11:17:36.185410Z  INFO Starting WASI OTel plugin endpoint=http://otel-collector.wamn-system.svc.cluster.local:4317 protocol="grpc"
2026-09-08T11:17:36.186898700Z 2026-09-08T11:17:36.186491Z  INFO WASI OTel plugin started
2026-09-08T11:17:36.186912962Z 2026-09-08T11:17:36.186535Z  INFO Host started host_id="d470bde8-c741-4ef4-bd10-1a8c5ab1eef8" friendly_name="kindly-bears-9696" host_name="10.244.2.5" labels={"hostgroup": "default"} version="2.8.0"
2026-09-08T11:17:36.186919270Z 2026-09-08T11:17:36.186825Z  INFO Host provides interfaces count=10 interfaces=["wasi:cli/stdin,exit,terminal-output,environment,terminal-input,terminal-stderr,stdout,terminal-stdout,stderr,terminal-stdin@0.2.0", "wasi:clocks/wall-time,monotonic-clock@0.2.0", "wasi:clocks/monotonic-clock,wall-clock@0.2.0", "wasi:filesystem/types,preopens@0.2.0", "wasi:http/outgoing-handler,incoming-handler,types@0.2.0", "wasi:http/handler,types@0.3.0", "wasi:io/streams,poll,error@0.2.0", "wasi:random/random@0.2.0", "wasi:random/insecure,insecure-seed,random@0.2.0", "wasi:sockets/udp,tcp-create-socket,instance-network,network,ip-name-lookup,tcp,udp-create-socket@0.2.0"]
2026-09-08T11:17:36.187009304Z 2026-09-08T11:17:36.186966Z  INFO wamn-host runtime startup completed elapsed_ms=569
