
running 40 tests
test agent_pilot::runner::tests::allowed_path_matching_keeps_nested_application_paths ... ok
test agent_pilot::runner::tests::grading_root_on_walkup_path_is_refused ... ok
test agent_pilot::runner::tests::measurement_section_in_worktree_is_refused ... ok
test agent_pilot::runner::tests::grade_block_in_task_manifest_is_refused ... ok
test agent_pilot::runner::tests::grading_tool_in_worktree_is_refused ... ok
test agent_pilot::runner::tests::rubric_at_run_root_is_refused ... ok
test agent_pilot::runner::tests::moved_grading_source_remains_outside_the_measured_worktree ... ok
test agent_pilot::runner::tests::recorded_replay_steps_in_worktree_are_refused ... ok
test agent_pilot::runner::tests::task_must_steps_require_invariant_and_content_predicate ... ok
test agent_pilot::runner::tests::section_cut_preserves_both_neighbours_and_following_heading ... ok
test agent_pilot::runner::tests::rubric_in_task_directory_is_refused ... ok
test agent_pilot::runner::tests::rubric_outside_every_handed_path_is_accepted ... ok
test agent_pilot::runner::tests::recorded_replay_results_without_steps_in_worktree_are_refused ... ok
test agent_pilot::runner::tests::unrelated_performance_record_in_worktree_is_accepted ... ok
test agent_pilot::runner::tests::rubric_in_worktree_is_refused ... ok
{"declared":"value.name","evidence":"declared text, the brief says uuid, which the platform publishes as uuid","field":"name","ok":false,"operation":"carrier.create","side":"input","type":"uuid"}
{"declared":"carrier_id uuid","field":"carrier_id","ok":true,"operation":"carrier.create","side":"result","type":"uuid"}
{"declared":"value.name text","field":"name","ok":true,"operation":"carrier.create","side":"input","type":"text"}
{"declared":"carrier_id uuid","field":"carrier_id","ok":true,"operation":"carrier.create","side":"result","type":"uuid"}
{"declared":"carrier.create","form":"utc_rfc3339_six_fractional_digits","key":"timestamptz","ok":true,"scalar":"timestamp"}
test agent_pilot::tests::an_explicit_replay_key_keeps_its_exact_value ... ok
test agent_pilot::tests::a_brief_field_with_the_wrong_type_is_refused ... ok
test agent_pilot::tests::each_operation_uses_its_own_published_shape ... ok
{"declared":"value.name text","field":"name","ok":true,"operation":"carrier.create","side":"input","type":"text"}
{"declared":"carrier_id uuid","field":"carrier_id","ok":true,"operation":"carrier.create","side":"result","type":"uuid"}
{"evidence":"declared otherwise by carrier.create=utc_rfc3339_six_fractional_digits","form":"utc_rfc3339_three_fractional_digits","key":"timestamptz","ok":false,"scalar":"timestamp"}
test agent_pilot::tests::a_reused_value_follows_the_second_operation_contract ... ok
{"declared":"value.name text","field":"name","ok":true,"operation":"carrier.create","side":"input","type":"text"}
{"declared":"carrier_id uuid","field":"carrier_id","ok":true,"operation":"carrier.create","side":"result","type":"uuid"}
{"evidence":"no input contract publishes a canonicalization for timestamptz","form":"utc_rfc3339_six_fractional_digits","key":"timestamptz","ok":false,"scalar":"timestamp"}
{"evidence":"the package declares no input field named carrier_name. it declares request_id, value.idempotency_key, value.name","field":"carrier_name","ok":false,"operation":"carrier.create","side":"input","type":"text"}
{"declared":"carrier_id uuid","field":"carrier_id","ok":true,"operation":"carrier.create","side":"result","type":"uuid"}
test agent_pilot::tests::missing_input_contract_is_refused_without_guessing ... ok
test agent_pilot::tests::canonical_forms_must_match_an_actual_published_input ... ok
test agent_pilot::tests::flat_contract_keeps_the_same_fields_at_the_top_level ... ok
test agent_pilot::tests::missing_brief_field_reports_every_published_path ... ok
test agent_pilot::tests::nested_contract_places_each_field_at_its_published_path ... ok
test agent_pilot::tests::projection_without_a_declared_key_receives_none ... ok{"declared":"value.name text","field":"name","ok":true,"operation":"carrier.create","side":"input","type":"text"}

{"declared":"carrier_id uuid","field":"carrier_id","ok":true,"operation":"carrier.create","side":"result","type":"uuid"}
test agent_pilot::tests::a_run_without_a_served_release_does_not_grade_saved_responses ... ok
{"declared":"name text","field":"name","ok":true,"operation":"carrier.create","side":"input","type":"text"}
{"declared":"carrier_id uuid","field":"carrier_id","ok":true,"operation":"carrier.create","side":"result","type":"uuid"}
test agent_pilot::tests::changed_recorded_response_changes_the_step_and_named_check ... ok
test agent_pilot::tests::missing_recorded_response_reports_the_absent_step ... ok
test agent_pilot::tests::eleven_completed_stages_still_fail_with_a_served_release ... ok
{"declared":"name text","field":"name","ok":true,"operation":"carrier.create","side":"input","type":"text"}
{"declared":"carrier_id uuid","field":"carrier_id","ok":true,"operation":"carrier.create","side":"result","type":"uuid"}
test agent_pilot::tests::nested_flat_and_crud_contracts_satisfy_the_same_brief ... ok
{"declared":"dock_id uuid","field":"dock_id","ok":true,"operation":"appointment.query","side":"input","type":"uuid"}
{"declared":"appointments[].appointment_id","field":"appointments","ok":true,"operation":"appointment.query","side":"result","type":"list"}
{"declared":"appointments[].slot_start timestamptz","field":"slot_start","ok":true,"operation":"appointment.query","side":"result","type":"timestamp"}
test agent_pilot::tests::run_markers_change_only_marked_values_and_keep_explicit_keys ... ok
{"declared":"dock_id uuid","field":"dock_id","ok":true,"operation":"appointment.query","side":"input","type":"uuid"}
{"evidence":"no declared path begins with appointments[]","field":"appointments","ok":false,"operation":"appointment.query","side":"result","type":"list"}
{"evidence":"the package declares no result field named slot_start. it declares carrier_id","field":"slot_start","ok":false,"operation":"appointment.query","side":"result","type":"timestamp"}
test agent_pilot::tests::result_lists_must_exist_in_the_published_contract ... ok
{"evidence":"the entry a name in text is not a `name` type pair","ok":false,"operation":"carrier.create","side":"input"}
{"declared":"carrier_id uuid","field":"carrier_id","ok":true,"operation":"carrier.create","side":"result","type":"uuid"}
test agent_pilot::tests::unreadable_brief_cells_are_reported_without_guessing ... ok
test agent_pilot::tests::undeclared_input_reports_the_field_operation_and_all_declared_paths ... ok
test agent_pilot::tests::writable_fields_supply_only_declared_client_fields ... ok
test agent_pilot::tests::recorded_concurrent_arms_require_one_refusal ... ok
test agent_pilot::tests::contract_deviations_are_reported_while_steps_decide_the_result ... ok
test agent_pilot::tests::recorded_sql_count_decides_its_verdict ... ok
test agent_pilot::tests::recorded_run_grades_without_live_services ... ok
test agent_pilot::tests::replay_preserves_all_three_original_records ... ok

test result: ok. 40 passed; 0 failed; 0 ignored; 0 measured; 56 filtered out; finished in 0.01s

