2026-09-09T17:41:41.231842950Z 2026-09-09T17:41:41.231754Z  INFO connected to NATS
2026-09-09T17:41:41.232793451Z 2026-09-09T17:41:41.232713Z  INFO host memory resolved max_guest_memory=4GiB guest_memory_mode="count" default_heap_memory=256MiB core_instances=512 memories=512 pool_reservation=128GiB
2026-09-09T17:41:41.379714179Z 2026-09-09T17:41:41.379595Z  INFO wiring activation doorbell listening; dropped every cached pointer channel="wamn_wiring_activation" dropped=0
2026-09-09T17:41:41.492383007Z 2026-09-09T17:41:41.492288Z  INFO release component pull completed component_digest=sha256:65b61aa32d0a13070299685c97b0730a27dcb641629eccc4f3608dd33001445c component_bytes=326385 elapsed_ms=34
2026-09-09T17:41:41.532963298Z 2026-09-09T17:41:41.532882Z  INFO release component pull completed component_digest=sha256:2d97fe10d16f4f28e3a82cd84210a6c398d2c33ac6e872b2d86cd03b228087eb component_bytes=704608 elapsed_ms=75
2026-09-09T17:41:52.589277948Z 2026-09-09T17:41:52.589158Z  INFO release component compilation completed component_digest=sha256:65b61aa32d0a13070299685c97b0730a27dcb641629eccc4f3608dd33001445c compile_ms=11096 compile_wall_ms=11096
2026-09-09T17:41:52.646146325Z 2026-09-09T17:41:52.646046Z  INFO release component compilation completed component_digest=sha256:2d97fe10d16f4f28e3a82cd84210a6c398d2c33ac6e872b2d86cd03b228087eb compile_ms=11112 compile_wall_ms=11113
2026-09-09T17:41:52.649505261Z 2026-09-09T17:41:52.649398Z  WARN wamn.component.linker_setup:wamn.linker.register: component imports wamn:postgres but sets no wamn.tenant; calls will be refused component="wms#0"
2026-09-09T17:41:52.651966720Z 2026-09-09T17:41:52.651889Z  INFO release component instantiation completed component_digest=sha256:2d97fe10d16f4f28e3a82cd84210a6c398d2c33ac6e872b2d86cd03b228087eb elapsed_ms=5 total_elapsed_ms=11194
2026-09-09T17:41:52.656122829Z 2026-09-09T17:41:52.656000Z  INFO release component instantiation completed component_digest=sha256:65b61aa32d0a13070299685c97b0730a27dcb641629eccc4f3608dd33001445c elapsed_ms=3 total_elapsed_ms=11198
2026-09-09T17:41:52.677458279Z 2026-09-09T17:41:52.677346Z  INFO release component pull completed component_digest=sha256:ca30504d1d8f900f9435207203bb99843b9e453c510498193caeed6997658886 component_bytes=72514 elapsed_ms=21
2026-09-09T17:41:53.478801049Z 2026-09-09T17:41:53.478691Z  INFO release component compilation completed component_digest=sha256:ca30504d1d8f900f9435207203bb99843b9e453c510498193caeed6997658886 compile_ms=801 compile_wall_ms=801
2026-09-09T17:41:53.481451474Z 2026-09-09T17:41:53.481372Z  INFO release component instantiation completed component_digest=sha256:ca30504d1d8f900f9435207203bb99843b9e453c510498193caeed6997658886 elapsed_ms=2 total_elapsed_ms=825
2026-09-09T17:41:53.481473011Z 2026-09-09T17:41:53.481451Z  INFO synchronous release preload completed synchronous_wirings=7 component_digests=3 elapsed_ms=12161
2026-09-09T17:41:53.481666825Z 2026-09-09T17:41:53.481636Z  INFO release preload completed; component cache warm
2026-09-09T17:41:53.510641891Z 2026-09-09T17:41:53.510545Z  INFO wamn-host starting (base plugins: wasi:config, wamn:logging, wasi:otel, wamn:postgres, wamn:jetstream, wamn:flow-http-routing) router_delivery=true
2026-09-09T17:41:53.510663410Z 2026-09-09T17:41:53.510604Z  INFO wamn-host welded to its release effective_release_id=1 manifest_digest=sha256:815452e40e4e6da7ac9feb0788f7279bf3972bfc0891eb44b16904c6d52b53cf
2026-09-09T17:41:53.510744579Z 2026-09-09T17:41:53.510702Z  INFO HTTP server listening addr=0.0.0.0:80 protocol="HTTP"
2026-09-09T17:41:53.510753261Z 2026-09-09T17:41:53.510698Z  INFO probe server listening addr=0.0.0.0:8081
2026-09-09T17:41:53.510801127Z 2026-09-09T17:41:53.510773Z  INFO Starting WASI OTel plugin endpoint=http://otel-collector.wamn-system.svc.cluster.local:4317 protocol="grpc"
2026-09-09T17:41:53.511718990Z 2026-09-09T17:41:53.511684Z  INFO WASI OTel plugin started
2026-09-09T17:41:53.511797501Z 2026-09-09T17:41:53.511759Z  INFO Host started host_id="c9904b32-8a0c-4c69-9ef8-2291285a185c" friendly_name="measly-price-1406" host_name="10.244.2.5" labels={"hostgroup": "default"} version="2.9.0" max_concurrent_starts=1
2026-09-09T17:41:53.512222074Z 2026-09-09T17:41:53.512160Z  INFO Host provides interfaces count=10 interfaces=["wasi:cli/terminal-stdin,stderr,environment,exit,terminal-stdout,stdout,terminal-stderr,terminal-input,terminal-output,stdin@0.2.0", "wasi:clocks/wall-time,monotonic-clock@0.2.0", "wasi:clocks/wall-clock,monotonic-clock@0.2.0", "wasi:filesystem/preopens,types@0.2.0", "wasi:http/types,incoming-handler,outgoing-handler@0.2.0", "wasi:http/handler,types@0.3.0", "wasi:io/error,poll,streams@0.2.0", "wasi:random/random@0.2.0", "wasi:random/insecure,insecure-seed,random@0.2.0", "wasi:sockets/instance-network,network,tcp-create-socket,udp-create-socket,udp,ip-name-lookup,tcp@0.2.0"]
2026-09-09T17:41:53.512271952Z 2026-09-09T17:41:53.512233Z  INFO wamn-host runtime startup completed elapsed_ms=12561 cleanup_budget_secs=51
2026-09-09T17:41:56.800856899Z 2026-09-09T17:41:56.800675Z  INFO workload_start{workload_id=a2dbbb2d-040b-42b3-b7cd-c055ea90200b workload.name="flow-http-8c6f76fdd-65f499d467" workload.namespace="wamn-wms-journey"}: Starting workload workload_id="a2dbbb2d-040b-42b3-b7cd-c055ea90200b" namespace="wamn-wms-journey" name="flow-http-8c6f76fdd-65f499d467"
2026-09-09T17:41:59.242793630Z 2026-09-09T17:41:59.242688Z  INFO workload_stop{workload_id=a2dbbb2d-040b-42b3-b7cd-c055ea90200b}: Stopping workload workload_id="a2dbbb2d-040b-42b3-b7cd-c055ea90200b"
2026-09-09T17:41:59.386594618Z 2026-09-09T17:41:59.386424Z  INFO workload_start{workload_id=0dd2326e-156c-4df8-9add-11fad82efade workload.name="flow-http-74cdcbccfc-66f8f4d8f8" workload.namespace="wamn-wms-journey"}: Starting workload workload_id="0dd2326e-156c-4df8-9add-11fad82efade" namespace="wamn-wms-journey" name="flow-http-74cdcbccfc-66f8f4d8f8"
2026-09-09T17:42:00.623522234Z 2026-09-09T17:42:00.623410Z  WARN handle_http_request{http.method=POST http.uri=/pallet/get http.host=wms.localhost http.request.method=POST url.path=/pallet/get server.address="wms.localhost"}:invoke_component_handler{workload.name="flow-http-74cdcbccfc-66f8f4d8f8" workload.namespace="wamn-wms-journey" workload.id="0dd2326e-156c-4df8-9add-11fad82efade"}:wamn.component.invoke{wamn.tenant=wms-route-auth wamn.project=wms wamn.environment=dev wamn.wiring_id=pallet_get wamn.wiring_version=1 wamn.component_digest=sha256:2d97fe10d16f4f28e3a82cd84210a6c398d2c33ac6e872b2d86cd03b228087eb wamn.node_id=operation wamn.operation=wamn-wms:pallet/get@1.0.0 wamn.caller_principal_id="80c7087c-a6af-4e24-9cb3-62348d1812e2" wamn.caller_credential_kind="pat"}:wamn.component.linker_setup:wamn.linker.register: component imports wamn:postgres but sets no wamn.tenant; calls will be refused component="wms#3"
2026-09-09T17:42:08.325109739Z 2026-09-09T17:42:08.325018Z  INFO shutting down wamn-host
2026-09-09T17:42:08.325226234Z 2026-09-09T17:42:08.325195Z  INFO HTTP server stopping addr=0.0.0.0:80
2026-09-09T17:42:08.325298010Z 2026-09-09T17:42:08.325280Z  INFO Stopping WASI OTel plugin
2026-09-09T17:42:08.325657324Z 2026-09-09T17:42:08.325608Z  INFO WASI OTel plugin stopped
2026-09-09T17:42:08.325797741Z 2026-09-09T17:42:08.325764Z  INFO HTTP server received shutdown signal
