{
  "summary": {
    "successRate": 1.0,
    "total": 10.002183321,
    "slowest": 0.019308748,
    "fastest": 0.000309173,
    "average": 0.0024417722605950213,
    "requestsPerSec": 13081.943791739866,
    "totalData": 4709376,
    "sizePerRequest": 36,
    "sizePerSec": 470834.8016490029
  },
  "metrics": {
    "success_rate": 1.0,
    "requests_per_sec": 13081.943791739866,
    "latency_ms": {
      "min": 0.309,
      "mean": 2.442,
      "p50": 2.397,
      "p95": 4.041,
      "p99": 5.087,
      "max": 19.309
    }
  },
  "responseTimeHistogram": {
    "0.000309173": 1,
    "0.0022091305": 54265,
    "0.004109088": 70753,
    "0.0060090455": 5346,
    "0.007909003": 338,
    "0.0098089605": 70,
    "0.011708917999999999": 24,
    "0.0136088755": 8,
    "0.015508833": 5,
    "0.0174087905": 3,
    "0.019308748": 3
  },
  "latencyPercentiles": {
    "p10": 0.001263515,
    "p25": 0.001795174,
    "p50": 0.002396836,
    "p75": 0.003026199,
    "p90": 0.003641824,
    "p95": 0.004041128,
    "p99": 0.005086639,
    "p99.9": 0.007664992,
    "p99.99": 0.012173091
  },
  "firstByteHistogram": {
    "0.000304893": 1,
    "0.0022047106999999997": 54498,
    "0.0041045284": 70629,
    "0.006004346099999999": 5271,
    "0.007904163799999999": 325,
    "0.0098039815": 66,
    "0.0117037992": 15,
    "0.013603616899999999": 7,
    "0.0155034346": 2,
    "0.017403252299999998": 0,
    "0.01930307": 2
  },
  "firstBytePercentiles": {
    "p10": 0.001256425,
    "p25": 0.001787491,
    "p50": 0.002388969,
    "p75": 0.003017704,
    "p90": 0.003629977,
    "p95": 0.004028034,
    "p99": 0.005042888,
    "p99.9": 0.007466873,
    "p99.99": 0.010871319
  },
  "rps": {
    "mean": 13077.331145073354,
    "stddev": 1701.3331076101413,
    "max": 17751.457926236573,
    "min": 7105.597078819012,
    "percentiles": {
      "p10": 10895.068185977167,
      "p25": 12204.498578175573,
      "p50": 13049.135965118154,
      "p75": 13920.741905439147,
      "p90": 15482.31015370094,
      "p95": 16143.861256648162,
      "p99": 16936.722201076493,
      "p99.9": 17242.76144336993,
      "p99.99": 17751.457926236573
    }
  },
  "details": {
    "DNSDialup": {
      "average": 0.0016853662499999999,
      "fastest": 0.000448172,
      "slowest": 0.002801166
    },
    "DNSLookup": {
      "average": 0.00002951453125,
      "fastest": 0.000016193,
      "slowest": 0.000100082
    },
    "firstByte": {
      "average": 0.002431489899247792,
      "fastest": 0.000304893,
      "slowest": 0.01930307
    }
  },
  "statusCodeDistribution": {
    "404": 130816
  },
  "errorDistribution": {
    "aborted due to deadline": 32
  }
}