{
  "summary": {
    "successRate": 1.0,
    "total": 10.002264426,
    "slowest": 0.004751324,
    "fastest": 0.000195535,
    "average": 0.00035996868902372437,
    "requestsPerSec": 2751.7768804885623,
    "totalData": 990828,
    "sizePerRequest": 36,
    "sizePerSec": 99060.36851259705
  },
  "metrics": {
    "success_rate": 1.0,
    "requests_per_sec": 2751.7768804885623,
    "latency_ms": {
      "min": 0.196,
      "mean": 0.36,
      "p50": 0.348,
      "p95": 0.476,
      "p99": 0.64,
      "max": 4.751
    }
  },
  "responseTimeHistogram": {
    "0.000195535": 1,
    "0.0006511139": 27263,
    "0.0011066928": 192,
    "0.0015622717": 41,
    "0.0020178506": 10,
    "0.0024734295000000002": 10,
    "0.0029290084000000004": 1,
    "0.0033845873": 1,
    "0.0038401662000000004": 2,
    "0.004295745100000001": 0,
    "0.004751324": 2
  },
  "latencyPercentiles": {
    "p10": 0.000279228,
    "p25": 0.000312409,
    "p50": 0.000348131,
    "p75": 0.000388548,
    "p90": 0.000437156,
    "p95": 0.000475704,
    "p99": 0.00063972,
    "p99.9": 0.001483526,
    "p99.99": 0.003622394
  },
  "firstByteHistogram": {
    "0.000194247": 1,
    "0.0006492307": 27271,
    "0.0011042144": 186,
    "0.0015591981000000002": 39,
    "0.0020141818": 10,
    "0.0024691655": 10,
    "0.0029241492": 1,
    "0.0033791329": 1,
    "0.0038341166": 2,
    "0.0042891003": 0,
    "0.004744084": 2
  },
  "firstBytePercentiles": {
    "p10": 0.00027632,
    "p25": 0.00030885,
    "p50": 0.000344238,
    "p75": 0.000384087,
    "p90": 0.000432317,
    "p95": 0.000470516,
    "p99": 0.000633569,
    "p99.9": 0.00147346,
    "p99.99": 0.003614381
  },
  "rps": {
    "mean": 2750.181679627241,
    "stddev": 418.18353449705415,
    "max": 3887.036977178154,
    "min": 724.5871000792521,
    "percentiles": {
      "p10": 2265.2864619480415,
      "p25": 2543.258280086069,
      "p50": 2758.7573943639495,
      "p75": 2938.1054650180554,
      "p90": 3315.8027532560886,
      "p95": 3471.149894972188,
      "p99": 3673.4686380676344,
      "p99.9": 3880.054447374478,
      "p99.99": 3887.036977178154
    }
  },
  "details": {
    "DNSDialup": {
      "average": 0.000350043,
      "fastest": 0.000350043,
      "slowest": 0.000350043
    },
    "DNSLookup": {
      "average": 0.000097764,
      "fastest": 0.000097764,
      "slowest": 0.000097764
    },
    "firstByte": {
      "average": 0.0003560210108273074,
      "fastest": 0.000194247,
      "slowest": 0.004744084
    }
  },
  "statusCodeDistribution": {
    "404": 27523
  },
  "errorDistribution": {
    "aborted due to deadline": 1
  }
}