{
  "summary": {
    "successRate": 1.0,
    "total": 10.002327849,
    "slowest": 0.045400034,
    "fastest": 0.006981737,
    "average": 0.022510376102156022,
    "requestsPerSec": 1422.2689172723196,
    "totalData": 4087872,
    "sizePerRequest": 288,
    "sizePerSec": 408692.0626590631
  },
  "metrics": {
    "success_rate": 1.0,
    "requests_per_sec": 1422.2689172723196,
    "latency_ms": {
      "min": 6.982,
      "mean": 22.51,
      "p50": 22.476,
      "p95": 29.894,
      "p99": 35.678,
      "max": 45.4
    }
  },
  "responseTimeHistogram": {
    "0.006981737": 1,
    "0.010823566699999999": 3,
    "0.014665396399999999": 443,
    "0.018507226099999996": 2038,
    "0.022349055799999996": 4417,
    "0.026190885499999997": 4845,
    "0.030032715199999997": 1775,
    "0.0338745449": 461,
    "0.0377163746": 135,
    "0.0415582043": 55,
    "0.045400034": 21
  },
  "latencyPercentiles": {
    "p10": 0.016458025,
    "p25": 0.019867944,
    "p50": 0.022475815,
    "p75": 0.024951365,
    "p90": 0.027866228,
    "p95": 0.029894465,
    "p99": 0.035677647,
    "p99.9": 0.042655703,
    "p99.99": 0.044725041
  },
  "firstByteHistogram": {
    "0.006974031": 1,
    "0.0108159103": 3,
    "0.0146577896": 443,
    "0.018499668900000002": 2040,
    "0.0223415482": 4415,
    "0.026183427500000002": 4845,
    "0.0300253068": 1775,
    "0.0338671861": 461,
    "0.0377090654": 135,
    "0.0415509447": 55,
    "0.045392824": 21
  },
  "firstBytePercentiles": {
    "p10": 0.01645041,
    "p25": 0.019858381,
    "p50": 0.022467321,
    "p75": 0.024940988,
    "p90": 0.027850912,
    "p95": 0.029886122,
    "p99": 0.035667415,
    "p99.9": 0.04264839,
    "p99.99": 0.044719904
  },
  "rps": {
    "mean": 1415.5907081204268,
    "stddev": 451.5992552535573,
    "max": 2701.670924734963,
    "min": 330.9071953122363,
    "percentiles": {
      "p10": 847.5550420784948,
      "p25": 1089.6829664269735,
      "p50": 1404.22388383904,
      "p75": 1727.7876634334373,
      "p90": 2029.4618038198216,
      "p95": 2173.277596007369,
      "p99": 2426.7152225419736,
      "p99.9": 2607.7950331518537,
      "p99.99": 2701.670924734963
    }
  },
  "details": {
    "DNSDialup": {
      "average": 0.0018734774687500003,
      "fastest": 0.000614214,
      "slowest": 0.003053797
    },
    "DNSLookup": {
      "average": 0.00004311378124999999,
      "fastest": 0.000015886,
      "slowest": 0.000130185
    },
    "firstByte": {
      "average": 0.022498692964632975,
      "fastest": 0.006974031,
      "slowest": 0.045392824
    }
  },
  "statusCodeDistribution": {
    "200": 14194
  },
  "errorDistribution": {
    "aborted due to deadline": 32
  }
}