2026-09-11T00:24:17.139019Z  INFO wamn_cdc_reader: registration loaded publication="wamn_cdc_acme__receiving__dev__lb3gvqq6" slot="wamn_cdc_acme__receiving__dev__lb3gvqq6" stream="EVT_acme_dev"
2026-09-11T00:24:17.143996Z  INFO async_nats::connector: connected successfully server=4222 max_payload=1048576
2026-09-11T00:24:17.144610Z  INFO async_nats: event: connected
2026-09-11T00:24:17.205720Z  INFO wamn_cdc_reader: preflight: slot healthy (resume position = confirmed LSN) slot="wamn_cdc_acme__receiving__dev__lb3gvqq6" active=false confirmed_flush_lsn="0/3F9F980" wal_status="reserved"
2026-09-11T00:24:17.206162Z  INFO pg_walstream::stream: Creating logical replication stream with retry support
2026-09-11T00:24:17.206205Z  INFO pg_walstream::retry: Attempting to connect to PostgreSQL with retry logic
2026-09-11T00:24:17.256402Z  INFO pg_walstream::retry: Successfully connected to PostgreSQL on attempt 1 after 50.183665ms
2026-09-11T00:24:17.256455Z  INFO pg_walstream::stream: Starting logical replication stream
2026-09-11T00:24:17.256463Z  INFO pg_walstream::stream: Initializing replication stream
2026-09-11T00:24:17.256654Z  INFO pg_walstream::stream: System identification successful
2026-09-11T00:24:17.256818Z  INFO pg_walstream::stream: Creating replication slot: wamn_cdc_acme__receiving__dev__lb3gvqq6
2026-09-11T00:24:17.257572Z  WARN pg_walstream::stream: Replication slot already exists, continuing
2026-09-11T00:24:17.257589Z  INFO pg_walstream::stream: Replication stream initialized
2026-09-11T00:24:17.258226Z  INFO pg_walstream::stream: Logical replication started with LSN: 0/0
2026-09-11T00:24:17.258253Z  INFO wamn_cdc_reader: walsender session open; draining reopens=0
2026-09-11T00:24:47.275878Z  INFO pg_walstream::connection::native::connection: Sent standby status update: received=0/4017B30, flushed=0/0, applied=0/0, reply_requested=false
2026-09-11T00:25:17.276357Z  INFO pg_walstream::connection::native::connection: Sent standby status update: received=0/404B580, flushed=0/0, applied=0/0, reply_requested=false
2026-09-11T00:25:25.586013Z  INFO wamn_cdc_reader: entity resolved table=purchase_order relation_oid=18618 package_id="wamn_receiving" entity="purchase_order"
2026-09-11T00:25:25.634441Z  INFO wamn_cdc_reader: CDC exclusion resolved table=record_receipt_command relation_oid=18669 package_id="wamn_receiving" relation="record_receipt_command"
2026-09-11T00:25:25.691238Z  INFO wamn_cdc_reader: entity resolved table=receipt relation_oid=18687 package_id="wamn_receiving" entity="receipt"
2026-09-11T00:25:25.738201Z  INFO wamn_cdc_reader: entity resolved table=receipt_line relation_oid=18716 package_id="wamn_receiving" entity="receipt_line"
2026-09-11T00:25:25.783846Z  INFO wamn_cdc_reader: entity resolved table=purchase_order_line relation_oid=18640 package_id="wamn_receiving" entity="purchase_order_line"
2026-09-11T00:25:25.784630Z  INFO wamn::event_reader: CDC exclusions committed excluded_by_relation={"wamn_receiving::record_receipt_command": 2}
2026-09-11T00:25:25.849362Z  INFO wamn_cdc_reader: entity resolved table=quality_inspection relation_oid=18772 package_id="client_acme_receiving" entity="quality_inspection"
2026-09-11T00:25:47.296779Z  INFO pg_walstream::connection::native::connection: Sent standby status update: received=0/404E990, flushed=0/404E6F0, applied=0/404E6F0, reply_requested=false
2026-09-11T00:26:17.304834Z  INFO pg_walstream::connection::native::connection: Sent standby status update: received=0/404EAC0, flushed=0/404E6F0, applied=0/404E6F0, reply_requested=false
2026-09-11T00:26:47.324675Z  INFO pg_walstream::connection::native::connection: Sent standby status update: received=0/404ED78, flushed=0/404ED40, applied=0/404ED40, reply_requested=false
2026-09-11T00:27:17.354844Z  INFO pg_walstream::connection::native::connection: Sent standby status update: received=0/404ED78, flushed=0/404ED40, applied=0/404ED40, reply_requested=false
2026-09-11T00:27:47.384823Z  INFO pg_walstream::connection::native::connection: Sent standby status update: received=0/404ED78, flushed=0/404ED40, applied=0/404ED40, reply_requested=false
2026-09-11T00:28:17.414860Z  INFO pg_walstream::connection::native::connection: Sent standby status update: received=0/404ED78, flushed=0/404ED40, applied=0/404ED40, reply_requested=false
2026-09-11T00:28:20.689939Z  INFO wamn::event_reader: CDC exclusions committed excluded_by_relation={"wamn_receiving::record_receipt_command": 4}
2026-09-11T00:28:20.823591Z  INFO pg_walstream::connection::native::connection: Sent standby status update: received=0/4050C78, flushed=0/4050440, applied=0/4050440, reply_requested=false
2026-09-11T00:28:20.824661Z  INFO wamn::event_reader: CDC exclusions committed excluded_by_relation={"wamn_receiving::record_receipt_command": 6}
2026-09-11T00:28:36.707137Z  INFO wamn::event_reader: drain summary commits=15 events_published=21 deduped=0 excluded_by_relation={"wamn_receiving::record_receipt_command": 6} ending="shutdown"
2026-09-11T00:28:36.707245Z  INFO pg_walstream::connection::native::connection: Sent standby status update: received=0/40517D8, flushed=0/40517B0, applied=0/40517B0, reply_requested=false
2026-09-11T00:28:36.707263Z  INFO pg_walstream::stream: Stopping logical replication stream (last received LSN: 0/40517D8)
2026-09-11T00:28:36.707271Z  INFO wamn_cdc_reader: shutdown requested; exiting cleanly reopens=0 commits=15
