{
  "summary": {
    "successRate": 1.0,
    "total": 10.002639351,
    "slowest": 0.020496562,
    "fastest": 0.000243425,
    "average": 0.0006571582579860713,
    "requestsPerSec": 6043.704854154948,
    "totalData": 2176164,
    "sizePerRequest": 36,
    "sizePerSec": 217558.97854924074
  },
  "metrics": {
    "success_rate": 1.0,
    "requests_per_sec": 6043.704854154948,
    "latency_ms": {
      "min": 0.243,
      "mean": 0.657,
      "p50": 0.541,
      "p95": 1.314,
      "p99": 2.3,
      "max": 20.497
    }
  },
  "responseTimeHistogram": {
    "0.000243425": 1,
    "0.0022687387": 59816,
    "0.004294052400000001": 556,
    "0.006319366100000001": 58,
    "0.008344679800000001": 11,
    "0.0103699935": 2,
    "0.012395307200000002": 0,
    "0.014420620900000002": 0,
    "0.0164459346": 2,
    "0.0184712483": 2,
    "0.020496562": 1
  },
  "latencyPercentiles": {
    "p10": 0.000415798,
    "p25": 0.00047121,
    "p50": 0.000541026,
    "p75": 0.000678031,
    "p90": 0.001005214,
    "p95": 0.001313693,
    "p99": 0.002300142,
    "p99.9": 0.004655556,
    "p99.99": 0.008758529
  },
  "firstByteHistogram": {
    "0.000239952": 1,
    "0.0022644985999999995": 59821,
    "0.004289045199999999": 551,
    "0.006313591799999999": 58,
    "0.008338138399999999": 11,
    "0.010362684999999998": 2,
    "0.012387231599999998": 0,
    "0.014411778199999998": 0,
    "0.0164363248": 2,
    "0.0184608714": 2,
    "0.020485418": 1
  },
  "firstBytePercentiles": {
    "p10": 0.000411257,
    "p25": 0.000466162,
    "p50": 0.000535191,
    "p75": 0.000671861,
    "p90": 0.000997741,
    "p95": 0.001305166,
    "p99": 0.002286609,
    "p99.9": 0.004616601,
    "p99.99": 0.008747298
  },
  "rps": {
    "mean": 6037.51080735612,
    "stddev": 1786.1085716895261,
    "max": 10404.149174690869,
    "min": 65.10937202531595,
    "percentiles": {
      "p10": 3575.7391614749536,
      "p25": 4761.53232999406,
      "p50": 6159.136331573783,
      "p75": 7409.105049194989,
      "p90": 8243.707608514713,
      "p95": 8885.575238863668,
      "p99": 9464.650558928684,
      "p99.9": 10024.433554345234,
      "p99.99": 10404.149174690869
    }
  },
  "details": {
    "DNSDialup": {
      "average": 0.00043187425,
      "fastest": 0.00038694,
      "slowest": 0.000469393
    },
    "DNSLookup": {
      "average": 0.00008518474999999999,
      "fastest": 0.000065365,
      "slowest": 0.000098261
    },
    "firstByte": {
      "average": 0.0006512375749309312,
      "fastest": 0.000239952,
      "slowest": 0.020485418
    }
  },
  "statusCodeDistribution": {
    "404": 60449
  },
  "errorDistribution": {
    "aborted due to deadline": 4
  }
}