{
  "summary": {
    "successRate": 1.0,
    "total": 10.001597603,
    "slowest": 0.042132795,
    "fastest": 0.002705988,
    "average": 0.006168556165558795,
    "requestsPerSec": 647.1966036764377,
    "totalData": 1927762,
    "sizePerRequest": 298,
    "sizePerSec": 192745.40693596427
  },
  "metrics": {
    "success_rate": 1.0,
    "requests_per_sec": 647.1966036764377,
    "latency_ms": {
      "min": 2.706,
      "mean": 6.169,
      "p50": 5.429,
      "p95": 11.266,
      "p99": 16.21,
      "max": 42.133
    }
  },
  "responseTimeHistogram": {
    "0.002705988": 1,
    "0.006648668700000001": 4530,
    "0.0105913494": 1523,
    "0.014534030100000001": 307,
    "0.0184767108": 62,
    "0.0224193915": 22,
    "0.026362072200000003": 8,
    "0.030304752900000002": 8,
    "0.0342474336": 4,
    "0.0381901143": 1,
    "0.042132795": 3
  },
  "latencyPercentiles": {
    "p10": 0.003750435,
    "p25": 0.004362868,
    "p50": 0.005429133,
    "p75": 0.007049741,
    "p90": 0.009359462,
    "p95": 0.011265709,
    "p99": 0.016210019,
    "p99.9": 0.031516681,
    "p99.99": 0.042132795
  },
  "firstByteHistogram": {
    "0.002698693": 1,
    "0.006641103299999999": 4536,
    "0.010583513599999999": 1520,
    "0.014525923899999998": 304,
    "0.018468334199999995": 62,
    "0.022410744499999993": 22,
    "0.026353154799999993": 8,
    "0.030295565099999994": 8,
    "0.034237975399999995": 4,
    "0.03818038569999999": 1,
    "0.04212279599999999": 3
  },
  "firstBytePercentiles": {
    "p10": 0.003737809,
    "p25": 0.004350967,
    "p50": 0.005414524,
    "p75": 0.007030965,
    "p90": 0.009320619,
    "p95": 0.011253473,
    "p99": 0.016200964,
    "p99.9": 0.031505799,
    "p99.99": 0.042122796
  },
  "rps": {
    "mean": 653.1453874032804,
    "stddev": 239.29726695700904,
    "max": 1916.0562962887332,
    "min": 37.25958855950348,
    "percentiles": {
      "p10": 338.20197624942983,
      "p25": 501.86271364797557,
      "p50": 636.824152855118,
      "p75": 828.7926718151637,
      "p90": 949.9106193475625,
      "p95": 1031.8869275994678,
      "p99": 1169.3083681319697,
      "p99.9": 1677.8720555439165,
      "p99.99": 1916.0562962887332
    }
  },
  "details": {
    "DNSDialup": {
      "average": 0.00059573725,
      "fastest": 0.000422338,
      "slowest": 0.000879088
    },
    "DNSLookup": {
      "average": 0.00026500399999999994,
      "fastest": 0.00010486,
      "slowest": 0.000609629
    },
    "firstByte": {
      "average": 0.006153606138197573,
      "fastest": 0.002698693,
      "slowest": 0.042122796
    }
  },
  "statusCodeDistribution": {
    "200": 6469
  },
  "errorDistribution": {
    "aborted due to deadline": 4
  }
}