    Checking hashbrown v0.17.1
   Compiling serde_core v1.0.229
    Checking indexmap v2.14.0
    Checking log v0.4.34
    Checking semver v1.0.28
   Compiling serde_json v1.0.151
    Checking futures-io v0.3.34
    Checking futures-util v0.3.34
   Compiling serde v1.0.229
    Checking mio v1.2.2
    Checking stable_deref_trait v1.2.1
    Checking yoke v0.8.3
    Checking tokio v1.53.1
    Checking tracing v0.1.44
    Checking zerovec v0.11.8
    Checking tinystr v0.8.4
    Checking icu_locale_core v2.3.0
    Checking potential_utf v0.1.6
    Checking zerotrie v0.2.5
   Compiling rustix v1.1.4
    Checking icu_collections v2.3.0
    Checking icu_provider v2.3.1
    Checking hashbrown v0.16.1
    Checking tokio-util v0.7.19
   Compiling wasmtime-internal-core v47.0.4
    Checking icu_normalizer v2.3.0
    Checking icu_properties v2.3.0
    Checking idna_adapter v1.2.2
   Compiling cranelift-bitset v0.134.4
    Checking idna v1.1.0
   Compiling smallvec v1.15.2
   Compiling either v1.18.0
    Checking wasmparser v0.252.0
    Checking url v2.5.8
   Compiling thiserror v2.0.20
    Checking cranelift-entity v0.134.4
    Checking gimli v0.33.0
    Checking h2 v0.4.19
    Checking wasm-encoder v0.252.0
    Checking rustls v0.23.43
    Checking cranelift-bforest v0.134.4
   Compiling pulley-interpreter v47.0.4
   Compiling crypto-common v0.1.7
    Checking hyper v1.11.0
   Compiling cranelift-codegen-meta v0.134.4
   Compiling digest v0.10.7
   Compiling itertools v0.14.0
   Compiling sha2 v0.10.9
   Compiling prost-derive v0.14.4
   Compiling cranelift-codegen v0.134.4
    Checking tokio-rustls v0.26.4
    Checking id-arena v2.3.0
    Checking regalloc2 v0.15.2
    Checking wasmprinter v0.252.0
    Checking object v0.39.1
    Checking tower v0.5.3
    Checking hyper-util v0.1.20
    Checking winnow v0.7.15
    Checking wasmtime-environ v47.0.4
    Checking fs-set-times v0.20.3
    Checking rustix-linux-procfs v0.1.1
    Checking tokio-stream v0.1.19
   Compiling wit-parser v0.252.0
   Compiling cobs v0.3.0
    Checking opentelemetry v0.31.0
    Checking toml v0.9.12+spec-1.1.0
   Compiling postcard v1.1.3
    Checking cranelift-frontend v0.134.4
    Checking cranelift-native v0.134.4
    Checking wasmtime-internal-unwinder v47.0.4
   Compiling wasmtime-internal-wit-bindgen v47.0.4
   Compiling prost v0.14.4
   Compiling rust_decimal v1.43.0
   Compiling wasmtime-internal-component-macro v47.0.4
    Checking wasmtime-internal-cranelift v47.0.4
   Compiling prost-types v0.14.4
    Checking wasmtime-internal-cache v47.0.4
    Checking rayon v1.12.0
    Checking wasmtime-internal-fiber v47.0.4
    Checking addr2line v0.26.1
    Checking wasmtime-internal-jit-icache-coherence v47.0.4
    Checking memfd v0.6.5
    Checking futures v0.3.34
    Checking wasmparser v0.253.0
   Compiling petgraph v0.8.3
    Checking axum v0.8.9
   Compiling tempfile v3.27.0
    Checking wasmtime v47.0.4
   Compiling digest v0.11.3
    Checking cap-primitives v4.0.3
   Compiling wiggle-generate v47.0.4
    Checking hyper-rustls v0.27.9
    Checking hyper-timeout v0.5.2
    Checking tower-http v0.6.11
    Checking rustls-platform-verifier v0.7.0
    Checking wasmparser v0.254.0
   Compiling crossbeam-utils v0.8.22
   Compiling prost-build v0.14.4
    Checking reqwest v0.13.4
    Checking tonic v0.14.6
   Compiling wiggle-macro v47.0.4
    Checking cap-std v4.0.3
    Checking wasm-encoder v0.253.0
    Checking postgres-types v0.2.14
   Compiling pbjson-build v0.8.0
   Compiling parking_lot_core v0.9.12
    Checking futures-executor v0.3.34
   Compiling futures-sink v0.3.34
    Checking oci-spec v0.9.0
   Compiling pbjson-types v0.8.0
    Checking tracing-subscriber v0.3.23
    Checking schemars v0.8.22
    Checking opentelemetry_sdk v0.31.0
   Compiling parking_lot v0.12.5
    Checking wasm-metadata v0.253.0
    Checking cap-primitives v3.4.6
    Checking tokio-postgres v0.7.18
    Checking tonic-prost v0.14.6
    Checking cap-fs-ext v4.0.3
    Checking wiggle v47.0.4
    Checking wasmtime-wasi-io v47.0.4
    Checking wasm-encoder v0.254.0
    Checking wit-parser v0.253.0
    Checking jsonwebtoken v10.4.0
   Compiling tracing-core v0.1.36
    Checking olpc-cjson v0.1.4
   Compiling parking v2.2.1
   Compiling arrayvec v0.7.8
   Compiling crc-catalog v2.5.0
   Compiling slab v0.4.12
    Checking nkeys v0.4.5
   Compiling crc v3.4.0
   Compiling event-listener v5.4.2
   Compiling chrono v0.4.45
    Checking oci-client v0.17.0
    Checking wit-component v0.253.0
    Checking wasm-metadata v0.254.0
    Checking wasmtime-wasi v47.0.4
   Compiling crossbeam-queue v0.3.13
    Checking opentelemetry-proto v0.31.0
    Checking cap-std v3.4.6
   Compiling futures-intrusive v0.5.0
    Checking wamn-execution-contract v0.1.0 (/home/kaalin/.cache/wamn-lanes/receiving-update-projection-20260910/components/execution/contract)
   Compiling hashlink v0.11.1
    Checking wit-parser v0.254.0
   Compiling hmac v0.13.0
    Checking opentelemetry-http v0.31.0
    Checking itertools v0.13.0
    Checking wamn-event-wire v0.1.0 (/home/kaalin/.cache/wamn-lanes/receiving-update-projection-20260910/components/events/wire)
    Checking combine v4.6.8
    Checking tryhard v0.5.2
    Checking deadpool-runtime v0.3.1
   Compiling uuid v1.26.0
   Compiling base64 v0.22.1
   Compiling proc-macro2 v1.0.107
    Checking boon v0.6.1
   Compiling sqlx-core v0.9.0
    Checking async-nats v0.49.1
    Checking wasmtime-wasi-http v47.0.4
    Checking deadpool v0.13.1
    Checking redis v0.27.6
    Checking opentelemetry-otlp v0.31.1
   Compiling hkdf v0.13.0
    Checking wit-component v0.254.0
   Compiling rand v0.10.2
    Checking cap-net-ext v3.4.6
    Checking oci-wasm v0.6.0
    Checking opentelemetry-appender-tracing v0.31.1
    Checking tracing-opentelemetry v0.32.1
   Compiling futures-channel v0.3.34
   Compiling sha2 v0.11.0
   Compiling atoi v2.0.0
   Compiling md-5 v0.11.0
    Checking itertools v0.15.0
    Checking terminal_size v0.4.4
    Checking wasm-encoder v0.247.0
    Checking docker_credential v1.4.0
    Checking wasmparser v0.247.0
    Checking topological-sort v0.2.2
    Checking wamn-pg-core v0.1.0 (/home/kaalin/.cache/wamn-lanes/receiving-update-projection-20260910/crates/platform/pg-core)
   Compiling whoami v2.1.3
   Compiling dotenvy v0.15.7
   Compiling quote v1.0.47
    Checking wamn-component-policy v0.1.0 (/home/kaalin/.cache/wamn-lanes/receiving-update-projection-20260910/crates/platform/component-policy)
   Compiling byteorder v1.5.0
   Compiling sqlx-postgres v0.9.0
    Checking wamn-catalog v0.1.0 (/home/kaalin/.cache/wamn-lanes/receiving-update-projection-20260910/crates/catalog/model)
warning: function `canonical_serialized` is never used
   --> crates/catalog/model/src/lib.rs:792:4
    |
792 | fn canonical_serialized(value: &impl Serialize) -> Vec<u8> {
    |    ^^^^^^^^^^^^^^^^^^^^
    |
    = note: `#[warn(dead_code)]` (part of `#[warn(unused)]`) on by default

warning: `wamn-catalog` (lib) generated 1 warning
    Checking wash-runtime v2.9.0 (https://github.com/wasmCloud/wasmCloud?rev=68ebece9c537f8bb4b5c9999f274ec68d60f35a9#68ebece9)
    Checking clap_builder v4.6.6
    Checking wamn-run-state v0.1.0 (/home/kaalin/.cache/wamn-lanes/receiving-update-projection-20260910/crates/execution/run-state)
    Checking auditable-serde v0.9.0
    Checking object_store v0.14.1
    Checking deadpool-postgres v0.14.2
    Checking wamn-router v0.1.0 (/home/kaalin/.cache/wamn-lanes/receiving-update-projection-20260910/crates/execution/router)
    Checking wamn-platform-identity v0.1.0 (/home/kaalin/.cache/wamn-lanes/receiving-update-projection-20260910/crates/identity/platform)
    Checking wamn-control-registry v0.1.0 (/home/kaalin/.cache/wamn-lanes/receiving-update-projection-20260910/crates/control/registry)
    Checking spdx v0.13.5
    Checking serde_spanned v0.6.9
    Checking toml_datetime v0.6.11
    Checking fallible-iterator v0.3.0
    Checking fixedbitset v0.4.2
    Checking petgraph v0.6.5
    Checking gimli v0.32.3
    Checking toml_edit v0.22.27
    Checking wasm-metadata v0.247.0
    Checking clap v4.6.6
    Checking wamn-runtime v0.1.0 (/home/kaalin/.cache/wamn-lanes/receiving-update-projection-20260910/crates/platform/runtime)
   Compiling sqlx-macros-core v0.9.0
warning: the item `Future` is imported redundantly
 --> crates/platform/runtime/src/connection_authority.rs:3:5
  |
3 | use std::future::Future;
  |     ^^^^^^^^^^^^^^^^^^^
  |
 --> /rustc/88d9e12ae178fab0fb5cc050a94da85685d449ea/library/std/src/prelude/mod.rs:166:12
  |
  = note: the item `Future` is already defined here
  |
  = note: requested on the command line with `-W redundant-imports`

warning: the item `Future` is imported redundantly
 --> crates/platform/runtime/src/plugins/wamn_postgres/pool.rs:7:5
  |
7 | use std::future::Future;
  |     ^^^^^^^^^^^^^^^^^^^
  |
 --> /rustc/88d9e12ae178fab0fb5cc050a94da85685d449ea/library/std/src/prelude/mod.rs:166:12
  |
  = note: the item `Future` is already defined here

    Checking wac-types v0.10.1
    Checking thiserror v1.0.69
    Checking wasm-metadata v0.252.0
    Checking wasmparser v0.245.1
    Checking wasm-encoder v0.245.1
   Compiling walrus-macro v0.26.0
    Checking leb128 v0.2.7
    Checking walrus v0.26.5
warning: constant `HTTP_CONTRACT` is never used
  --> crates/platform/runtime/src/plugins/connection_http.rs:52:7
   |
52 | const HTTP_CONTRACT: &str = "wamn:connection/http@0.1.0";
   |       ^^^^^^^^^^^^^
   |
   = note: `#[warn(dead_code)]` (part of `#[warn(unused)]`) on by default

warning: type does not implement `std::fmt::Debug`; consider adding `#[derive(Debug)]` or a manual implementation
   --> crates/platform/runtime/src/plugins/connection_http.rs:114:1
    |
114 | / pub struct ConnectionHttp {
115 | |     postgres: Arc<WamnPostgres>,
116 | |     vault: Arc<WamnCredentials>,
117 | |     tenant: Box<str>,
...   |
133 | |     invocations: std::sync::RwLock<HashMap<String, ConnectionInvocation>>,
134 | | }
    | |_^
    |
    = note: requested on the command line with `-W missing-debug-implementations`

warning: type does not implement `std::fmt::Debug`; consider adding `#[derive(Debug)]` or a manual implementation
  --> crates/platform/runtime/src/plugins/wamn_credentials.rs:27:1
   |
27 | / pub struct WamnCredentials {
28 | |     /// Whether ANY backing source was configured. Distinguishes `unavailable`
29 | |     /// (no source — retryable) from `not-found` (source present, name absent —
30 | |     /// config-shaped).
...  |
33 | |     projects: HashMap<String, HashMap<String, String>>,
34 | | }
   | |_^

warning: type does not implement `std::fmt::Debug`; consider adding `#[derive(Debug)]` or a manual implementation
   --> crates/platform/runtime/src/plugins/wamn_jetstream.rs:544:1
    |
544 | / pub struct WamnJetstream {
545 | |     nats_url: Option<String>,
546 | |     /// Lazily-connected, memoized JetStream context. A `Mutex<Option<_>>` (not a
547 | |     /// `OnceCell`) so a transient connect failure is retried on the next call
...   |
569 | |     dlq_depth: Arc<DeadLetterDepth>,
570 | | }
    | |_^

warning: type does not implement `std::fmt::Debug`; consider adding `#[derive(Debug)]` or a manual implementation
    --> crates/platform/runtime/src/plugins/wamn_jetstream.rs:1209:1
     |
1209 | / pub struct JsConsumer {
1210 | |     consumer: Consumer<PullConfig>,
1211 | |     dead_letter: Option<DeadLetterIdentity>,
1212 | | }
     | |_^

warning: type does not implement `std::fmt::Debug`; consider adding `#[derive(Debug)]` or a manual implementation
    --> crates/platform/runtime/src/plugins/wamn_jetstream.rs:1216:1
     |
1216 | / pub struct JsMessage {
1217 | |     msg: async_nats::jetstream::Message,
1218 | |     dead_letter: Option<DeadLetterIdentity>,
1219 | | }
     | |_^

warning: type does not implement `std::fmt::Debug`; consider adding `#[derive(Debug)]` or a manual implementation
   --> crates/platform/runtime/src/plugins/wamn_logging.rs:213:1
    |
213 | / pub struct Capture {
214 | |     records: std::sync::Mutex<Vec<CapturedRec>>,
215 | | }
    | |_^

warning: type does not implement `std::fmt::Debug`; consider adding `#[derive(Debug)]` or a manual implementation
   --> crates/platform/runtime/src/plugins/wamn_logging.rs:235:1
    |
235 | / pub struct WamnLogging {
236 | |     /// component id → host-trusted {tenant, project}.
237 | |     claims: std::sync::RwLock<HashMap<String, Claim>>,
238 | |     /// Bounded front queue; `try_send` keeps `log()` non-blocking.
...   |
243 | |     _drain: tokio::task::JoinHandle<()>,
244 | | }
    | |_^

warning: type does not implement `std::fmt::Debug`; consider adding `#[derive(Debug)]` or a manual implementation
   --> crates/platform/runtime/src/plugins/wamn_postgres/claims.rs:55:1
    |
 55 | / pub struct WamnPostgres {
 56 | |     /// Resolves a project id → its database connection + policy.
 57 | |     provider: Arc<dyn CredentialProvider>,
 58 | |     /// Guest-visible project pools, built lazily and never shared with host-owned
...   |
121 | |     pub(super) bind_counters: super::BindCounters,
122 | | }
    | |_^

warning: type does not implement `std::fmt::Debug`; consider adding `#[derive(Debug)]` or a manual implementation
   --> crates/platform/runtime/src/plugins/wamn_postgres/pool.rs:339:1
    |
339 | / pub struct StaticCredentialProvider {
340 | |     projects: HashMap<String, ProjectConfig>,
341 | | }
    | |_^

warning: type does not implement `std::fmt::Debug`; consider adding `#[derive(Debug)]` or a manual implementation
   --> crates/platform/runtime/src/plugins/wamn_postgres/pool.rs:514:1
    |
514 | / pub struct K8sSecretProvider {
515 | |     pub namespace: String,
516 | | }
    | |_^

warning: type does not implement `std::fmt::Debug`; consider adding `#[derive(Debug)]` or a manual implementation
   --> crates/platform/runtime/src/plugins/wamn_postgres/resources.rs:99:1
    |
 99 | / pub struct PgTransaction {
100 | |     state: SharedTxnState,
101 | |     destroyed: Arc<AtomicU64>,
102 | |     cursor_seq: u32,
103 | |     /// Row limit of the project this transaction's connection belongs to.
104 | |     row_limit: u64,
105 | | }
    | |_^

warning: type does not implement `std::fmt::Debug`; consider adding `#[derive(Debug)]` or a manual implementation
   --> crates/platform/runtime/src/plugins/wamn_postgres/resources.rs:145:1
    |
145 | / pub struct PgCursor {
146 | |     state: SharedTxnState,
147 | |     destroyed: Arc<AtomicU64>,
148 | |     name: String,
149 | | }
    | |_^

warning: type does not implement `std::fmt::Debug`; consider adding `#[derive(Debug)]` or a manual implementation
   --> crates/platform/runtime/src/wiring_doorbell.rs:145:1
    |
145 | / pub struct WiringDoorbellListener {
146 | |     shutdown: tokio::sync::watch::Sender<bool>,
147 | |     task: tokio::task::JoinHandle<()>,
148 | | }
    | |_^

warning: `wamn-runtime` (lib) generated 16 warnings
    Checking wast v252.0.0
    Checking wit-component v0.252.0
    Checking wac-graph v0.10.1
   Compiling sqlx-macros v0.9.0
    Checking syn v2.0.119
    Checking toml v0.8.23
    Checking wamn-gate-harness v0.1.0 (/home/kaalin/.cache/wamn-lanes/receiving-update-projection-20260910/test-support/harness)
warning: type does not implement `std::fmt::Debug`; consider adding `#[derive(Debug)]` or a manual implementation
  --> test-support/harness/src/ceiling.rs:72:1
   |
72 | / pub struct Ramp {
73 | |     tolerance: f64,
74 | |     max_levels: usize,
75 | |     levels: Vec<LevelStats>,
...  |
82 | |     retrying: bool,
83 | | }
   | |_^
   |
   = note: requested on the command line with `-W missing-debug-implementations`

warning: `wamn-gate-harness` (lib) generated 1 warning
    Checking wasm-encoder v0.251.0
    Checking wasi-virt v0.2.0 (https://github.com/bytecodealliance/WASI-Virt.git?rev=448f6df8f688cee5d6995e96b1ffc31f9bf00742#448f6df8)
    Checking wamn-proof-conformance v0.1.0 (/home/kaalin/.cache/wamn-lanes/receiving-update-projection-20260910/tests/conformance)
    Checking sqlx v0.9.0
    Checking wat v1.252.0
warning: type does not implement `Debug`; consider adding `#[derive(Debug)]` or a manual implementation
  --> tests/conformance/src/socketguard.rs:26:1
   |
26 | pub struct SocketGuardArgs {}
   | ^^^^^^^^^^^^^^^^^^^^^^^^^^^^^
   |
   = note: requested on the command line with `-W missing-debug-implementations`

    Checking wamn-execution-host v0.1.0 (/home/kaalin/.cache/wamn-lanes/receiving-update-projection-20260910/crates/execution/host)
warning: `wamn-proof-conformance` (lib) generated 1 warning
    Finished `dev` profile [unoptimized + debuginfo] target(s) in 4m 12s
warning: function `canonical_serialized` is never used
   --> crates/catalog/model/src/lib.rs:792:4
    |
792 | fn canonical_serialized(value: &impl Serialize) -> Vec<u8> {
    |    ^^^^^^^^^^^^^^^^^^^^
    |
    = note: `#[warn(dead_code)]` (part of `#[warn(unused)]`) on by default

warning: `wamn-catalog` (lib) generated 1 warning
warning: the item `Future` is imported redundantly
 --> crates/platform/runtime/src/connection_authority.rs:3:5
  |
3 | use std::future::Future;
  |     ^^^^^^^^^^^^^^^^^^^
  |
 --> /rustc/88d9e12ae178fab0fb5cc050a94da85685d449ea/library/std/src/prelude/mod.rs:166:12
  |
  = note: the item `Future` is already defined here
  |
  = note: requested on the command line with `-W redundant-imports`

warning: the item `Future` is imported redundantly
 --> crates/platform/runtime/src/plugins/wamn_postgres/pool.rs:7:5
  |
7 | use std::future::Future;
  |     ^^^^^^^^^^^^^^^^^^^
  |
 --> /rustc/88d9e12ae178fab0fb5cc050a94da85685d449ea/library/std/src/prelude/mod.rs:166:12
  |
  = note: the item `Future` is already defined here

warning: constant `HTTP_CONTRACT` is never used
  --> crates/platform/runtime/src/plugins/connection_http.rs:52:7
   |
52 | const HTTP_CONTRACT: &str = "wamn:connection/http@0.1.0";
   |       ^^^^^^^^^^^^^
   |
   = note: `#[warn(dead_code)]` (part of `#[warn(unused)]`) on by default

warning: type does not implement `std::fmt::Debug`; consider adding `#[derive(Debug)]` or a manual implementation
   --> crates/platform/runtime/src/plugins/connection_http.rs:114:1
    |
114 | / pub struct ConnectionHttp {
115 | |     postgres: Arc<WamnPostgres>,
116 | |     vault: Arc<WamnCredentials>,
117 | |     tenant: Box<str>,
...   |
133 | |     invocations: std::sync::RwLock<HashMap<String, ConnectionInvocation>>,
134 | | }
    | |_^
    |
    = note: requested on the command line with `-W missing-debug-implementations`

warning: type does not implement `std::fmt::Debug`; consider adding `#[derive(Debug)]` or a manual implementation
  --> crates/platform/runtime/src/plugins/wamn_credentials.rs:27:1
   |
27 | / pub struct WamnCredentials {
28 | |     /// Whether ANY backing source was configured. Distinguishes `unavailable`
29 | |     /// (no source — retryable) from `not-found` (source present, name absent —
30 | |     /// config-shaped).
...  |
33 | |     projects: HashMap<String, HashMap<String, String>>,
34 | | }
   | |_^

warning: type does not implement `std::fmt::Debug`; consider adding `#[derive(Debug)]` or a manual implementation
   --> crates/platform/runtime/src/plugins/wamn_jetstream.rs:544:1
    |
544 | / pub struct WamnJetstream {
545 | |     nats_url: Option<String>,
546 | |     /// Lazily-connected, memoized JetStream context. A `Mutex<Option<_>>` (not a
547 | |     /// `OnceCell`) so a transient connect failure is retried on the next call
...   |
569 | |     dlq_depth: Arc<DeadLetterDepth>,
570 | | }
    | |_^

warning: type does not implement `std::fmt::Debug`; consider adding `#[derive(Debug)]` or a manual implementation
    --> crates/platform/runtime/src/plugins/wamn_jetstream.rs:1209:1
     |
1209 | / pub struct JsConsumer {
1210 | |     consumer: Consumer<PullConfig>,
1211 | |     dead_letter: Option<DeadLetterIdentity>,
1212 | | }
     | |_^

warning: type does not implement `std::fmt::Debug`; consider adding `#[derive(Debug)]` or a manual implementation
    --> crates/platform/runtime/src/plugins/wamn_jetstream.rs:1216:1
     |
1216 | / pub struct JsMessage {
1217 | |     msg: async_nats::jetstream::Message,
1218 | |     dead_letter: Option<DeadLetterIdentity>,
1219 | | }
     | |_^

warning: type does not implement `std::fmt::Debug`; consider adding `#[derive(Debug)]` or a manual implementation
   --> crates/platform/runtime/src/plugins/wamn_logging.rs:213:1
    |
213 | / pub struct Capture {
214 | |     records: std::sync::Mutex<Vec<CapturedRec>>,
215 | | }
    | |_^

warning: type does not implement `std::fmt::Debug`; consider adding `#[derive(Debug)]` or a manual implementation
   --> crates/platform/runtime/src/plugins/wamn_logging.rs:235:1
    |
235 | / pub struct WamnLogging {
236 | |     /// component id → host-trusted {tenant, project}.
237 | |     claims: std::sync::RwLock<HashMap<String, Claim>>,
238 | |     /// Bounded front queue; `try_send` keeps `log()` non-blocking.
...   |
243 | |     _drain: tokio::task::JoinHandle<()>,
244 | | }
    | |_^

warning: type does not implement `std::fmt::Debug`; consider adding `#[derive(Debug)]` or a manual implementation
   --> crates/platform/runtime/src/plugins/wamn_postgres/claims.rs:55:1
    |
 55 | / pub struct WamnPostgres {
 56 | |     /// Resolves a project id → its database connection + policy.
 57 | |     provider: Arc<dyn CredentialProvider>,
 58 | |     /// Guest-visible project pools, built lazily and never shared with host-owned
...   |
121 | |     pub(super) bind_counters: super::BindCounters,
122 | | }
    | |_^

warning: type does not implement `std::fmt::Debug`; consider adding `#[derive(Debug)]` or a manual implementation
   --> crates/platform/runtime/src/plugins/wamn_postgres/pool.rs:339:1
    |
339 | / pub struct StaticCredentialProvider {
340 | |     projects: HashMap<String, ProjectConfig>,
341 | | }
    | |_^

warning: type does not implement `std::fmt::Debug`; consider adding `#[derive(Debug)]` or a manual implementation
   --> crates/platform/runtime/src/plugins/wamn_postgres/pool.rs:514:1
    |
514 | / pub struct K8sSecretProvider {
515 | |     pub namespace: String,
516 | | }
    | |_^

warning: type does not implement `std::fmt::Debug`; consider adding `#[derive(Debug)]` or a manual implementation
   --> crates/platform/runtime/src/plugins/wamn_postgres/resources.rs:99:1
    |
 99 | / pub struct PgTransaction {
100 | |     state: SharedTxnState,
101 | |     destroyed: Arc<AtomicU64>,
102 | |     cursor_seq: u32,
103 | |     /// Row limit of the project this transaction's connection belongs to.
104 | |     row_limit: u64,
105 | | }
    | |_^

warning: type does not implement `std::fmt::Debug`; consider adding `#[derive(Debug)]` or a manual implementation
   --> crates/platform/runtime/src/plugins/wamn_postgres/resources.rs:145:1
    |
145 | / pub struct PgCursor {
146 | |     state: SharedTxnState,
147 | |     destroyed: Arc<AtomicU64>,
148 | |     name: String,
149 | | }
    | |_^

warning: type does not implement `std::fmt::Debug`; consider adding `#[derive(Debug)]` or a manual implementation
   --> crates/platform/runtime/src/wiring_doorbell.rs:145:1
    |
145 | / pub struct WiringDoorbellListener {
146 | |     shutdown: tokio::sync::watch::Sender<bool>,
147 | |     task: tokio::task::JoinHandle<()>,
148 | | }
    | |_^

warning: `wamn-runtime` (lib) generated 16 warnings
warning: type does not implement `std::fmt::Debug`; consider adding `#[derive(Debug)]` or a manual implementation
  --> test-support/harness/src/ceiling.rs:72:1
   |
72 | / pub struct Ramp {
73 | |     tolerance: f64,
74 | |     max_levels: usize,
75 | |     levels: Vec<LevelStats>,
...  |
82 | |     retrying: bool,
83 | | }
   | |_^
   |
   = note: requested on the command line with `-W missing-debug-implementations`

warning: `wamn-gate-harness` (lib) generated 1 warning
    Checking wamn-proof-conformance v0.1.0 (/home/kaalin/.cache/wamn-lanes/receiving-update-projection-20260910/tests/conformance)
warning: type does not implement `Debug`; consider adding `#[derive(Debug)]` or a manual implementation
  --> tests/conformance/src/socketguard.rs:26:1
   |
26 | pub struct SocketGuardArgs {}
   | ^^^^^^^^^^^^^^^^^^^^^^^^^^^^^
   |
   = note: requested on the command line with `-W missing-debug-implementations`

warning: `wamn-proof-conformance` (lib) generated 1 warning
    Finished `dev` profile [unoptimized + debuginfo] target(s) in 0.83s
