   Compiling tokio v1.53.1
warning: function `canonical_serialized` is never used
   --> crates/catalog/model/src/lib.rs:792:4
    |
792 | fn canonical_serialized(value: &impl Serialize) -> Vec<u8> {
    |    ^^^^^^^^^^^^^^^^^^^^
    |
    = note: `#[warn(dead_code)]` (part of `#[warn(unused)]`) on by default

warning: `wamn-catalog` (lib) generated 1 warning
   Compiling tokio-util v0.7.19
   Compiling hyper v1.11.0
   Compiling tokio-rustls v0.26.4
   Compiling tokio-postgres v0.7.18
   Compiling hyper-util v0.1.20
   Compiling wamn-schema-introspection v0.1.0 (/home/kaalin/.cache/wamn-lanes/ctc8-20-pat-service-20260910/crates/schema/introspection)
   Compiling wamn-platform-identity v0.1.0 (/home/kaalin/.cache/wamn-lanes/ctc8-20-pat-service-20260910/crates/identity/platform)
   Compiling wamn-schema-generator v0.1.0 (/home/kaalin/.cache/wamn-lanes/ctc8-20-pat-service-20260910/crates/schema/generator)
   Compiling wamn-control-provision v0.1.0 (/home/kaalin/.cache/wamn-lanes/ctc8-20-pat-service-20260910/crates/control/provision)
   Compiling wamn-identity v0.1.0 (/home/kaalin/.cache/wamn-lanes/ctc8-20-pat-service-20260910/services/identity)
    Finished `dev` profile [unoptimized + debuginfo] target(s) in 12.90s
