   Compiling syn v3.0.4
   Compiling serde_core v1.0.229
   Compiling cc v1.4.4
   Compiling smallvec v1.15.2
   Compiling parking_lot_core v0.9.12
   Compiling parking_lot v0.12.5
   Compiling postgres-types v0.2.14
   Compiling ring v0.17.14
   Compiling serde_json v1.0.151
   Compiling tokio-macros v2.7.2
   Compiling async-trait v0.1.92
   Compiling serde_derive v1.0.229
   Compiling tokio v1.53.1
   Compiling serde v1.0.229
   Compiling tokio-util v0.7.19
   Compiling tokio-postgres v0.7.18
   Compiling wamn-platform-identity v0.1.0 (/home/kaalin/.cache/wamn-lanes/ctc8-20-pat-service-20260910/crates/identity/platform)
    Finished `test` profile [unoptimized + debuginfo] target(s) in 10.84s
     Running tests/session_token.rs (target/debug/deps/session_token-337ed291f67066a3)

running 7 tests
test age_rules_cover_exact_boundaries_and_checked_arithmetic ... ok
test delayed_minting_keeps_original_deadline_and_refuses_late_results ... ok
test public_key_decoding_pins_every_algorithm_field_and_canonical_bytes ... ok
test public_jwk_wire_is_exact_and_rejects_private_or_missing_fields ... ok
test token_serialization_has_all_required_claims_and_rejects_duplicate_claims ... ok
test fixed_ed25519_token_verifies_exact_scope_and_signature ... ok
test authenticated_header_and_claim_variants_refuse_indistinguishably ... ok

test result: ok. 7 passed; 0 failed; 0 ignored; 0 measured; 0 filtered out; finished in 0.01s

