2026-09-10T21:44:35.301533Z  INFO native descriptor limits initialized descriptor_soft_limit=Some(2147483584) default_max_connections=32768 default_max_http_ingress_connections=32768
2026-09-10T21:44:35.419138Z  INFO connected to NATS
2026-09-10T21:44:35.419539Z  INFO host memory resolved max_guest_memory=4GiB guest_memory_mode="count" default_heap_memory=256MiB core_instances=512 memories=512 pool_reservation=128GiB
2026-09-10T21:44:35.450734Z  INFO wiring activation doorbell listening; dropped every cached pointer channel="wamn_wiring_activation" dropped=0
2026-09-10T21:44:35.632425Z  INFO release component pull completed component_digest=sha256:cbc8b844b3999acb7cd60c12936727545555c6385236b6e8e59c98043dd6a910 component_bytes=445469 elapsed_ms=52
2026-09-10T21:44:35.670168Z  INFO release component pull completed component_digest=sha256:bb2aa728d578c8a5181b5127b1238acccde844b9394561e25182106517e3177f component_bytes=672722 elapsed_ms=90
2026-09-10T21:44:36.838642Z  INFO release component compilation completed component_digest=sha256:cbc8b844b3999acb7cd60c12936727545555c6385236b6e8e59c98043dd6a910 compile_ms=1204 compile_wall_ms=1206
2026-09-10T21:44:36.857643Z  INFO release component compilation completed component_digest=sha256:bb2aa728d578c8a5181b5127b1238acccde844b9394561e25182106517e3177f compile_ms=1186 compile_wall_ms=1187
2026-09-10T21:44:36.858611Z  WARN wamn.component.linker_setup:wamn.linker.register: component imports wamn:postgres but sets no wamn.tenant; calls will be refused component="receiving#0"
2026-09-10T21:44:36.859366Z  INFO release component instantiation completed component_digest=sha256:bb2aa728d578c8a5181b5127b1238acccde844b9394561e25182106517e3177f elapsed_ms=1 total_elapsed_ms=1280
2026-09-10T21:44:36.860137Z  WARN wamn.component.linker_setup:wamn.linker.register: component imports wamn:postgres but sets no wamn.tenant; calls will be refused component="client_acme_receiving#1"
2026-09-10T21:44:36.860664Z  INFO release component instantiation completed component_digest=sha256:cbc8b844b3999acb7cd60c12936727545555c6385236b6e8e59c98043dd6a910 elapsed_ms=1 total_elapsed_ms=1281
2026-09-10T21:44:36.860817Z  INFO synchronous release preload completed synchronous_wirings=13 component_digests=2 elapsed_ms=1417
2026-09-10T21:44:36.860999Z  INFO release preload completed; component cache warm
2026-09-10T21:44:36.885104Z  INFO wamn-host starting (base plugins: wasi:config, wamn:logging, wasi:otel, wamn:postgres, wamn:jetstream, wamn:flow-http-routing) router_delivery=true
2026-09-10T21:44:36.885281Z  INFO wamn-host welded to its release effective_release_id=1 manifest_digest=sha256:8a2ccfde4c60f73adbce73e9df0a3172ce7ffc7a37a4c2d02a17fba70573005b
2026-09-10T21:44:36.885395Z  INFO HTTP server listening addr=0.0.0.0:80 protocol="HTTP"
2026-09-10T21:44:36.885514Z  INFO Starting WASI OTel plugin endpoint=http://otel-collector.wamn-system.svc.cluster.local:4317 protocol="grpc"
2026-09-10T21:44:36.885518Z  INFO probe server listening addr=0.0.0.0:8081
2026-09-10T21:44:36.888373Z  INFO WASI OTel plugin started
2026-09-10T21:44:36.888649Z  INFO Host started host_id="be2a8665-580f-47dc-9f7d-c87ae5f205ef" friendly_name="deeply-glass-9381" host_name="10.244.1.5" labels={"hostgroup": "default"} version="2.9.0" max_concurrent_starts=4
2026-09-10T21:44:36.888931Z  INFO Host provides interfaces count=10 interfaces=["wasi:cli/stdin,terminal-stdout,stderr,exit,stdout,terminal-output,terminal-stderr,terminal-stdin,terminal-input,environment@0.2.0", "wasi:clocks/wall-time,monotonic-clock@0.2.0", "wasi:clocks/monotonic-clock,wall-clock@0.2.0", "wasi:filesystem/preopens,types@0.2.0", "wasi:http/incoming-handler,outgoing-handler,types@0.2.0", "wasi:http/types,handler@0.3.0", "wasi:io/error,poll,streams@0.2.0", "wasi:random/random@0.2.0", "wasi:random/random,insecure-seed,insecure@0.2.0", "wasi:sockets/udp-create-socket,instance-network,udp,network,ip-name-lookup,tcp-create-socket,tcp@0.2.0"]
2026-09-10T21:44:36.889042Z  INFO wamn-host runtime startup completed elapsed_ms=1587 cleanup_budget_secs=51
2026-09-10T21:44:43.108452Z  INFO workload_start{workload_id=79a81455-11e2-493b-859f-355043c0527a workload.name="receiving-materializer-5b7df7cdc9-79f4c58744" workload.namespace="wamn-receiving-postcommit"}: Starting workload workload_id="79a81455-11e2-493b-859f-355043c0527a" namespace="wamn-receiving-postcommit" name="receiving-materializer-5b7df7cdc9-79f4c58744"
wamn::materializer up: stream=EVT_acme_dev filter=evt.acme.receiving.dev.*.* tenant=receiving-route-auth batch=64 fetch_ms=500 max_deliver=5 max_sweeps=0
2026-09-10T21:44:43.892285Z  WARN wamn.component.invoke{wamn.tenant=receiving-route-auth wamn.project=receiving wamn.environment=dev wamn.wiring_id=quality_create_inspection wamn.wiring_version=1 wamn.component_digest=sha256:cbc8b844b3999acb7cd60c12936727545555c6385236b6e8e59c98043dd6a910 wamn.node_id=operation wamn.operation=client-acme-receiving:quality/create-inspection@3.0.0}:wamn.component.linker_setup:wamn.linker.register: component imports wamn:postgres but sets no wamn.tenant; calls will be refused component="client_acme_receiving#2"
2026-09-10T21:44:35.232316Z  INFO native descriptor limits initialized descriptor_soft_limit=Some(2147483584) default_max_connections=32768 default_max_http_ingress_connections=32768
2026-09-10T21:44:35.347194Z  INFO connected to NATS
2026-09-10T21:44:35.347697Z  INFO host memory resolved max_guest_memory=4GiB guest_memory_mode="count" default_heap_memory=256MiB core_instances=512 memories=512 pool_reservation=128GiB
2026-09-10T21:44:35.387315Z  INFO wiring activation doorbell listening; dropped every cached pointer channel="wamn_wiring_activation" dropped=0
2026-09-10T21:44:35.514003Z  INFO release component pull completed component_digest=sha256:bb2aa728d578c8a5181b5127b1238acccde844b9394561e25182106517e3177f component_bytes=672722 elapsed_ms=19
2026-09-10T21:44:35.517819Z  INFO release component pull completed component_digest=sha256:cbc8b844b3999acb7cd60c12936727545555c6385236b6e8e59c98043dd6a910 component_bytes=445469 elapsed_ms=23
2026-09-10T21:44:36.439041Z  INFO release component compilation completed component_digest=sha256:cbc8b844b3999acb7cd60c12936727545555c6385236b6e8e59c98043dd6a910 compile_ms=920 compile_wall_ms=921
2026-09-10T21:44:36.471118Z  INFO release component compilation completed component_digest=sha256:bb2aa728d578c8a5181b5127b1238acccde844b9394561e25182106517e3177f compile_ms=956 compile_wall_ms=957
2026-09-10T21:44:36.472069Z  WARN wamn.component.linker_setup:wamn.linker.register: component imports wamn:postgres but sets no wamn.tenant; calls will be refused component="receiving#0"
2026-09-10T21:44:36.477023Z  INFO release component instantiation completed component_digest=sha256:bb2aa728d578c8a5181b5127b1238acccde844b9394561e25182106517e3177f elapsed_ms=5 total_elapsed_ms=982
2026-09-10T21:44:36.478444Z  WARN wamn.component.linker_setup:wamn.linker.register: component imports wamn:postgres but sets no wamn.tenant; calls will be refused component="client_acme_receiving#1"
2026-09-10T21:44:36.478934Z  INFO release component instantiation completed component_digest=sha256:cbc8b844b3999acb7cd60c12936727545555c6385236b6e8e59c98043dd6a910 elapsed_ms=1 total_elapsed_ms=984
2026-09-10T21:44:36.479023Z  INFO synchronous release preload completed synchronous_wirings=13 component_digests=2 elapsed_ms=1104
2026-09-10T21:44:36.479152Z  INFO release preload completed; component cache warm
2026-09-10T21:44:36.510176Z  INFO wamn-host starting (base plugins: wasi:config, wamn:logging, wasi:otel, wamn:postgres, wamn:jetstream, wamn:flow-http-routing) router_delivery=true
2026-09-10T21:44:36.510271Z  INFO wamn-host welded to its release effective_release_id=1 manifest_digest=sha256:8a2ccfde4c60f73adbce73e9df0a3172ce7ffc7a37a4c2d02a17fba70573005b
2026-09-10T21:44:36.510315Z  INFO HTTP server listening addr=0.0.0.0:80 protocol="HTTP"
2026-09-10T21:44:36.510392Z  INFO probe server listening addr=0.0.0.0:8081
2026-09-10T21:44:36.510499Z  INFO Starting WASI OTel plugin endpoint=http://otel-collector.wamn-system.svc.cluster.local:4317 protocol="grpc"
2026-09-10T21:44:36.511255Z  INFO WASI OTel plugin started
2026-09-10T21:44:36.511473Z  INFO Host started host_id="f1559148-2a9f-48c8-a7d9-7b828b5b929f" friendly_name="adventurous-pest-3520" host_name="10.244.2.6" labels={"hostgroup": "default"} version="2.9.0" max_concurrent_starts=4
2026-09-10T21:44:36.511748Z  INFO Host provides interfaces count=10 interfaces=["wasi:cli/stderr,terminal-stderr,exit,stdin,environment,terminal-output,stdout,terminal-stdin,terminal-stdout,terminal-input@0.2.0", "wasi:clocks/monotonic-clock,wall-clock@0.2.0", "wasi:clocks/wall-time,monotonic-clock@0.2.0", "wasi:filesystem/preopens,types@0.2.0", "wasi:http/incoming-handler,types,outgoing-handler@0.2.0", "wasi:http/types,handler@0.3.0", "wasi:io/streams,error,poll@0.2.0", "wasi:random/random@0.2.0", "wasi:random/insecure,random,insecure-seed@0.2.0", "wasi:sockets/tcp-create-socket,tcp,network,instance-network,udp-create-socket,udp,ip-name-lookup@0.2.0"]
2026-09-10T21:44:36.511892Z  INFO wamn-host runtime startup completed elapsed_ms=1279 cleanup_budget_secs=51
2026-09-10T21:44:41.156738Z  INFO workload_start{workload_id=68811b2c-324f-4210-b0d0-3488041d616e workload.name="flow-http-5d669597-5cd9fcddb4" workload.namespace="wamn-receiving-postcommit"}: Starting workload workload_id="68811b2c-324f-4210-b0d0-3488041d616e" namespace="wamn-receiving-postcommit" name="flow-http-5d669597-5cd9fcddb4"
2026-09-10T21:44:41.356197Z  INFO workload_stop{workload_id=68811b2c-324f-4210-b0d0-3488041d616e}: Stopping workload workload_id="68811b2c-324f-4210-b0d0-3488041d616e"
2026-09-10T21:44:41.417170Z  INFO workload_start{workload_id=b0d428ac-3949-4e07-8e2a-fea63fe0ed65 workload.name="flow-http-5f6c96c77c-7769b58847" workload.namespace="wamn-receiving-postcommit"}: Starting workload workload_id="b0d428ac-3949-4e07-8e2a-fea63fe0ed65" namespace="wamn-receiving-postcommit" name="flow-http-5f6c96c77c-7769b58847"
2026-09-10T21:44:43.624890Z  WARN handle_http_request{http.method=POST http.uri=/acme/purchase_order/update http.host=receiving.localhost http.request.method=POST url.path=/acme/purchase_order/update server.address="receiving.localhost"}:invoke_component_handler{workload.name="flow-http-5f6c96c77c-7769b58847" workload.namespace="wamn-receiving-postcommit" workload.id="b0d428ac-3949-4e07-8e2a-fea63fe0ed65"}:wamn.component.invoke{wamn.tenant=receiving-route-auth wamn.project=receiving wamn.environment=dev wamn.wiring_id=purchase_order_update wamn.wiring_version=1 wamn.component_digest=sha256:cbc8b844b3999acb7cd60c12936727545555c6385236b6e8e59c98043dd6a910 wamn.node_id=operation wamn.operation=client-acme-receiving:purchase-order/update@3.0.0 wamn.caller_principal_id="38d28ad1-52c2-45a6-8b3e-a656b91c5e4c" wamn.caller_credential_kind="pat"}:wamn.component.linker_setup:wamn.linker.register: component imports wamn:postgres but sets no wamn.tenant; calls will be refused component="client_acme_receiving#2"
2026-09-10T21:44:43.648927Z  WARN handle_http_request{http.method=POST http.uri=/acme/receiving/record_receipt http.host=receiving.localhost http.request.method=POST url.path=/acme/receiving/record_receipt server.address="receiving.localhost"}:invoke_component_handler{workload.name="flow-http-5f6c96c77c-7769b58847" workload.namespace="wamn-receiving-postcommit" workload.id="b0d428ac-3949-4e07-8e2a-fea63fe0ed65"}:wamn.component.invoke{wamn.tenant=receiving-route-auth wamn.project=receiving wamn.environment=dev wamn.wiring_id=receiving_record_receipt wamn.wiring_version=1 wamn.component_digest=sha256:cbc8b844b3999acb7cd60c12936727545555c6385236b6e8e59c98043dd6a910 wamn.node_id=operation wamn.operation=client-acme-receiving:receiving/record-receipt@3.0.0 wamn.caller_principal_id="38d28ad1-52c2-45a6-8b3e-a656b91c5e4c" wamn.caller_credential_kind="pat"}:wamn.component.linker_setup:wamn.linker.register: component imports wamn:postgres but sets no wamn.tenant; calls will be refused component="client_acme_receiving#3"
2026-09-10T21:44:43.649411Z  WARN handle_http_request{http.method=POST http.uri=/acme/receiving/record_receipt http.host=receiving.localhost http.request.method=POST url.path=/acme/receiving/record_receipt server.address="receiving.localhost"}:invoke_component_handler{workload.name="flow-http-5f6c96c77c-7769b58847" workload.namespace="wamn-receiving-postcommit" workload.id="b0d428ac-3949-4e07-8e2a-fea63fe0ed65"}:wamn.component.invoke{wamn.tenant=receiving-route-auth wamn.project=receiving wamn.environment=dev wamn.wiring_id=receiving_record_receipt wamn.wiring_version=1 wamn.component_digest=sha256:cbc8b844b3999acb7cd60c12936727545555c6385236b6e8e59c98043dd6a910 wamn.node_id=operation wamn.operation=client-acme-receiving:receiving/record-receipt@3.0.0 wamn.caller_principal_id="38d28ad1-52c2-45a6-8b3e-a656b91c5e4c" wamn.caller_credential_kind="pat"}:wamn.component.linker_setup:wamn.linker.register: component imports wamn:postgres but sets no wamn.tenant; calls will be refused component="receiving#4"
2026-09-10T21:44:35.329840Z  INFO native descriptor limits initialized descriptor_soft_limit=Some(2147483584) default_max_connections=32768 default_max_http_ingress_connections=32768
2026-09-10T21:44:35.441066Z  INFO connected to NATS
2026-09-10T21:44:35.441577Z  INFO host memory resolved max_guest_memory=4GiB guest_memory_mode="count" default_heap_memory=256MiB core_instances=512 memories=512 pool_reservation=128GiB
2026-09-10T21:44:35.470921Z  INFO wiring activation doorbell listening; dropped every cached pointer channel="wamn_wiring_activation" dropped=0
2026-09-10T21:44:35.683400Z  INFO release component pull completed component_digest=sha256:cbc8b844b3999acb7cd60c12936727545555c6385236b6e8e59c98043dd6a910 component_bytes=445469 elapsed_ms=72
2026-09-10T21:44:35.691149Z  INFO release component pull completed component_digest=sha256:bb2aa728d578c8a5181b5127b1238acccde844b9394561e25182106517e3177f component_bytes=672722 elapsed_ms=80
2026-09-10T21:44:36.913871Z  INFO release component compilation completed component_digest=sha256:cbc8b844b3999acb7cd60c12936727545555c6385236b6e8e59c98043dd6a910 compile_ms=1230 compile_wall_ms=1230
2026-09-10T21:44:36.922693Z  INFO release component compilation completed component_digest=sha256:bb2aa728d578c8a5181b5127b1238acccde844b9394561e25182106517e3177f compile_ms=1230 compile_wall_ms=1231
2026-09-10T21:44:36.923092Z  WARN wamn.component.linker_setup:wamn.linker.register: component imports wamn:postgres but sets no wamn.tenant; calls will be refused component="receiving#0"
2026-09-10T21:44:36.923404Z  INFO release component instantiation completed component_digest=sha256:bb2aa728d578c8a5181b5127b1238acccde844b9394561e25182106517e3177f elapsed_ms=0 total_elapsed_ms=1313
2026-09-10T21:44:36.923751Z  WARN wamn.component.linker_setup:wamn.linker.register: component imports wamn:postgres but sets no wamn.tenant; calls will be refused component="client_acme_receiving#1"
2026-09-10T21:44:36.923966Z  INFO release component instantiation completed component_digest=sha256:cbc8b844b3999acb7cd60c12936727545555c6385236b6e8e59c98043dd6a910 elapsed_ms=0 total_elapsed_ms=1313
2026-09-10T21:44:36.923998Z  INFO synchronous release preload completed synchronous_wirings=13 component_digests=2 elapsed_ms=1462
2026-09-10T21:44:36.924051Z  INFO release preload completed; component cache warm
2026-09-10T21:44:36.931435Z  INFO wamn-host starting (base plugins: wasi:config, wamn:logging, wasi:otel, wamn:postgres, wamn:jetstream, wamn:flow-http-routing) router_delivery=true
2026-09-10T21:44:36.931454Z  INFO wamn-host welded to its release effective_release_id=1 manifest_digest=sha256:8a2ccfde4c60f73adbce73e9df0a3172ce7ffc7a37a4c2d02a17fba70573005b
2026-09-10T21:44:36.931475Z  INFO HTTP server listening addr=0.0.0.0:80 protocol="HTTP"
2026-09-10T21:44:36.931503Z  INFO Starting WASI OTel plugin endpoint=http://otel-collector.wamn-system.svc.cluster.local:4317 protocol="grpc"
2026-09-10T21:44:36.931569Z  INFO probe server listening addr=0.0.0.0:8081
2026-09-10T21:44:36.932176Z  INFO WASI OTel plugin started
2026-09-10T21:44:36.932252Z  INFO Host started host_id="f227db6c-7cbe-4f3c-a340-f5c3a4895aac" friendly_name="spiffy-cap-1843" host_name="10.244.1.6" labels={"hostgroup": "default"} version="2.9.0" max_concurrent_starts=4
2026-09-10T21:44:36.932376Z  INFO Host provides interfaces count=10 interfaces=["wasi:cli/terminal-output,terminal-stdin,stdin,exit,stdout,stderr,terminal-stdout,terminal-input,terminal-stderr,environment@0.2.0", "wasi:clocks/monotonic-clock,wall-time@0.2.0", "wasi:clocks/monotonic-clock,wall-clock@0.2.0", "wasi:filesystem/preopens,types@0.2.0", "wasi:http/types,handler@0.3.0", "wasi:http/types,incoming-handler,outgoing-handler@0.2.0", "wasi:io/poll,error,streams@0.2.0", "wasi:random/random@0.2.0", "wasi:random/insecure-seed,random,insecure@0.2.0", "wasi:sockets/udp-create-socket,tcp-create-socket,ip-name-lookup,udp,tcp,instance-network,network@0.2.0"]
2026-09-10T21:44:36.932396Z  INFO wamn-host runtime startup completed elapsed_ms=1602 cleanup_budget_secs=51
2026-09-10T21:44:42.733727Z  INFO workload_start{workload_id=191920e8-0dfb-4022-b2df-bf8fc289bc2f workload.name="receiving-materializer-679845bb56-6bdbcdd959" workload.namespace="wamn-receiving-postcommit"}: Starting workload workload_id="191920e8-0dfb-4022-b2df-bf8fc289bc2f" namespace="wamn-receiving-postcommit" name="receiving-materializer-679845bb56-6bdbcdd959"
wamn::materializer up: stream=EVT_acme_dev filter=evt.acme.receiving.dev.*.* tenant=receiving-route-auth batch=64 fetch_ms=500 max_deliver=5 max_sweeps=0
2026-09-10T21:44:43.009069Z  INFO workload_stop{workload_id=191920e8-0dfb-4022-b2df-bf8fc289bc2f}: Stopping workload workload_id="191920e8-0dfb-4022-b2df-bf8fc289bc2f"
