{
  "summary": {
    "successRate": 1.0,
    "total": 10.003810565,
    "slowest": 0.038742476,
    "fastest": 0.000336275,
    "average": 0.00284432780113081,
    "requestsPerSec": 11229.920765697745,
    "totalData": 4043160,
    "sizePerRequest": 36,
    "sizePerSec": 404161.9914461065
  },
  "metrics": {
    "success_rate": 1.0,
    "requests_per_sec": 11229.920765697745,
    "latency_ms": {
      "min": 0.336,
      "mean": 2.844,
      "p50": 2.764,
      "p95": 4.758,
      "p99": 6.217,
      "max": 38.742
    }
  },
  "responseTimeHistogram": {
    "0.000336275": 1,
    "0.0041768950999999995": 99976,
    "0.0080175152": 12021,
    "0.0118581353": 221,
    "0.0156987554": 35,
    "0.0195393755": 38,
    "0.023379995599999998": 3,
    "0.0272206157": 7,
    "0.0310612358": 0,
    "0.034901855899999994": 1,
    "0.038742476": 7
  },
  "latencyPercentiles": {
    "p10": 0.001458131,
    "p25": 0.0020703,
    "p50": 0.002764497,
    "p75": 0.003510678,
    "p90": 0.00424539,
    "p95": 0.004757859,
    "p99": 0.006216909,
    "p99.9": 0.010449834,
    "p99.99": 0.024427466
  },
  "firstByteHistogram": {
    "0.000333442": 1,
    "0.0035538469": 85857,
    "0.0067742518": 25772,
    "0.0099946567": 556,
    "0.0132150616": 54,
    "0.0164354665": 20,
    "0.0196558714": 32,
    "0.022876276299999998": 10,
    "0.0260966812": 6,
    "0.0293170861": 1,
    "0.032537491": 1
  },
  "firstBytePercentiles": {
    "p10": 0.00144937,
    "p25": 0.002061376,
    "p50": 0.00275472,
    "p75": 0.00349918,
    "p90": 0.004230429,
    "p95": 0.004742529,
    "p99": 0.006176973,
    "p99.9": 0.010424762,
    "p99.99": 0.020595406
  },
  "rps": {
    "mean": 11226.64072902632,
    "stddev": 1577.9689341924022,
    "max": 16713.394955451684,
    "min": 4504.5769060786,
    "percentiles": {
      "p10": 9284.663129209921,
      "p25": 10416.827342889801,
      "p50": 11399.293546436451,
      "p75": 12159.45298674211,
      "p90": 12827.365902415826,
      "p95": 13408.259487844321,
      "p99": 15602.190547552878,
      "p99.9": 16140.083898361658,
      "p99.99": 16713.394955451684
    }
  },
  "details": {
    "DNSDialup": {
      "average": 0.0018947300312499998,
      "fastest": 0.000408868,
      "slowest": 0.004464102
    },
    "DNSLookup": {
      "average": 0.000023793781250000003,
      "fastest": 0.000011582,
      "slowest": 0.000071098
    },
    "firstByte": {
      "average": 0.002831965594506275,
      "fastest": 0.000333442,
      "slowest": 0.032537491
    }
  },
  "statusCodeDistribution": {
    "404": 112310
  },
  "errorDistribution": {
    "aborted due to deadline": 32
  }
}