{
  "summary": {
    "successRate": 1.0,
    "total": 10.003547321,
    "slowest": 0.036259596,
    "fastest": 0.000292793,
    "average": 0.0009816059727147163,
    "requestsPerSec": 8108.523646379021,
    "totalData": 2919816,
    "sizePerRequest": 36,
    "sizePerSec": 291878.06148230645
  },
  "metrics": {
    "success_rate": 1.0,
    "requests_per_sec": 8108.523646379021,
    "latency_ms": {
      "min": 0.293,
      "mean": 0.982,
      "p50": 0.802,
      "p95": 2.068,
      "p99": 3.788,
      "max": 36.26
    }
  },
  "responseTimeHistogram": {
    "0.000292793": 1,
    "0.0038894732999999997": 80366,
    "0.0074861536": 620,
    "0.011082833899999998": 81,
    "0.014679514199999999": 17,
    "0.0182761945": 9,
    "0.021872874799999997": 3,
    "0.0254695551": 3,
    "0.029066235399999998": 1,
    "0.032662915699999996": 4,
    "0.036259596": 1
  },
  "latencyPercentiles": {
    "p10": 0.000532401,
    "p25": 0.000617687,
    "p50": 0.000801941,
    "p75": 0.001070648,
    "p90": 0.001536526,
    "p95": 0.002068305,
    "p99": 0.003788071,
    "p99.9": 0.008427372,
    "p99.99": 0.022125928
  },
  "firstByteHistogram": {
    "0.000290636": 1,
    "0.0038867478999999997": 80374,
    "0.0074828598": 613,
    "0.011078971699999999": 80,
    "0.0146750836": 17,
    "0.0182711955": 9,
    "0.021867307399999997": 3,
    "0.025463419299999998": 3,
    "0.0290595312": 1,
    "0.03265564309999999": 4,
    "0.036251755": 1
  },
  "firstBytePercentiles": {
    "p10": 0.000525403,
    "p25": 0.000610307,
    "p50": 0.000794044,
    "p75": 0.001061913,
    "p90": 0.001526109,
    "p95": 0.002052683,
    "p99": 0.003775724,
    "p99.9": 0.008407647,
    "p99.99": 0.022110331
  },
  "rps": {
    "mean": 8099.533915671056,
    "stddev": 2127.3989456372833,
    "max": 13772.923498045122,
    "min": 1735.568568689845,
    "percentiles": {
      "p10": 5228.498453671525,
      "p25": 6560.144056725887,
      "p50": 8257.638315441664,
      "p75": 9610.68162157616,
      "p90": 10917.522765561935,
      "p95": 11359.184791218075,
      "p99": 12304.115726710423,
      "p99.9": 13749.56166999567,
      "p99.99": 13772.923498045122
    }
  },
  "details": {
    "DNSDialup": {
      "average": 0.000615531125,
      "fastest": 0.000391106,
      "slowest": 0.001074377
    },
    "DNSLookup": {
      "average": 0.00005947600000000001,
      "fastest": 0.000026585,
      "slowest": 0.000097934
    },
    "firstByte": {
      "average": 0.0009729231355879889,
      "fastest": 0.000290636,
      "slowest": 0.036251755
    }
  },
  "statusCodeDistribution": {
    "404": 81106
  },
  "errorDistribution": {
    "aborted due to deadline": 8
  }
}