{
  "summary": {
    "successRate": 1.0,
    "total": 10.001234353,
    "slowest": 0.007508858,
    "fastest": 0.000243328,
    "average": 0.00046573449092533287,
    "requestsPerSec": 2126.6374978624604,
    "totalData": 765648,
    "sizePerRequest": 36,
    "sizePerSec": 76555.3503673608
  },
  "metrics": {
    "success_rate": 1.0,
    "requests_per_sec": 2126.6374978624604,
    "latency_ms": {
      "min": 0.243,
      "mean": 0.466,
      "p50": 0.431,
      "p95": 0.678,
      "p99": 1.109,
      "max": 7.509
    }
  },
  "responseTimeHistogram": {
    "0.000243328": 1,
    "0.000969881": 20942,
    "0.0016964340000000001": 252,
    "0.002422987": 38,
    "0.00314954": 17,
    "0.003876093": 10,
    "0.004602646": 6,
    "0.005329199000000001": 0,
    "0.006055752": 1,
    "0.006782305": 0,
    "0.007508858": 1
  },
  "latencyPercentiles": {
    "p10": 0.00035004,
    "p25": 0.000383683,
    "p50": 0.00043053,
    "p75": 0.000495629,
    "p90": 0.000584544,
    "p95": 0.00067751,
    "p99": 0.001109129,
    "p99.9": 0.00294223,
    "p99.99": 0.004441928
  },
  "firstByteHistogram": {
    "0.000241079": 1,
    "0.0009667161000000001": 20949,
    "0.0016923532": 247,
    "0.0024179903": 36,
    "0.0031436274": 17,
    "0.0038692645": 10,
    "0.0045949016": 6,
    "0.0053205387": 0,
    "0.0060461758": 1,
    "0.0067718129": 0,
    "0.00749745": 1
  },
  "firstBytePercentiles": {
    "p10": 0.000346142,
    "p25": 0.000379106,
    "p50": 0.000425551,
    "p75": 0.000489773,
    "p90": 0.000578239,
    "p95": 0.000670505,
    "p99": 0.001099114,
    "p99.9": 0.002932946,
    "p99.99": 0.004434539
  },
  "rps": {
    "mean": 2123.3204710752625,
    "stddev": 417.89235734222666,
    "max": 3060.2758042965866,
    "min": 420.1264517600804,
    "percentiles": {
      "p10": 1542.6924714549923,
      "p25": 1914.1488137868948,
      "p50": 2195.750073453145,
      "p75": 2417.0454881919095,
      "p90": 2583.2765701360936,
      "p95": 2673.8957838832093,
      "p99": 2841.476752001288,
      "p99.9": 3007.358487709339,
      "p99.99": 3060.2758042965866
    }
  },
  "details": {
    "DNSDialup": {
      "average": 0.000345611,
      "fastest": 0.000345611,
      "slowest": 0.000345611
    },
    "DNSLookup": {
      "average": 0.000097337,
      "fastest": 0.000097337,
      "slowest": 0.000097337
    },
    "firstByte": {
      "average": 0.0004604749227948084,
      "fastest": 0.000241079,
      "slowest": 0.00749745
    }
  },
  "statusCodeDistribution": {
    "404": 21268
  },
  "errorDistribution": {
    "aborted due to deadline": 1
  }
}