{
  "summary": {
    "successRate": 1.0,
    "total": 10.002309325,
    "slowest": 0.014623377,
    "fastest": 0.002086966,
    "average": 0.0030321872960706662,
    "requestsPerSec": 328.32417927646924,
    "totalData": 945504,
    "sizePerRequest": 288,
    "sizePerSec": 94528.57028094359
  },
  "metrics": {
    "success_rate": 1.0,
    "requests_per_sec": 328.32417927646924,
    "latency_ms": {
      "min": 2.087,
      "mean": 3.032,
      "p50": 2.816,
      "p95": 4.51,
      "p99": 7.175,
      "max": 14.623
    }
  },
  "responseTimeHistogram": {
    "0.002086966": 1,
    "0.0033406071000000002": 2682,
    "0.0045942482": 450,
    "0.0058478893": 82,
    "0.0071015304": 35,
    "0.008355171500000001": 16,
    "0.009608812599999999": 9,
    "0.0108624537": 5,
    "0.012116094800000001": 2,
    "0.013369735899999999": 0,
    "0.014623377": 1
  },
  "latencyPercentiles": {
    "p10": 0.002378731,
    "p25": 0.002550863,
    "p50": 0.002816132,
    "p75": 0.003166627,
    "p90": 0.003772389,
    "p95": 0.00451036,
    "p99": 0.007175129,
    "p99.9": 0.010745798,
    "p99.99": 0.014623377
  },
  "firstByteHistogram": {
    "0.002076461": 1,
    "0.0033293847": 2683,
    "0.0045823084": 448,
    "0.0058352321": 83,
    "0.0070881558": 35,
    "0.008341079500000001": 16,
    "0.0095940032": 9,
    "0.0108469269": 5,
    "0.0120998506": 2,
    "0.0133527743": 0,
    "0.014605698": 1
  },
  "firstBytePercentiles": {
    "p10": 0.002371858,
    "p25": 0.002541645,
    "p50": 0.002807919,
    "p75": 0.003155249,
    "p90": 0.003760209,
    "p95": 0.004495021,
    "p99": 0.007161528,
    "p99.9": 0.010736791,
    "p99.99": 0.014605698
  },
  "rps": {
    "mean": 325.9773122941,
    "stddev": 71.06234725344054,
    "max": 458.85293648671535,
    "min": 68.32126187730336,
    "percentiles": {
      "p10": 234.32300043105298,
      "p25": 296.87734022841005,
      "p50": 338.0227606499161,
      "p75": 376.6637236674307,
      "p90": 404.4170429430076,
      "p95": 413.3140012598129,
      "p99": 430.82849288546856,
      "p99.9": 440.3881272682117,
      "p99.99": 458.85293648671535
    }
  },
  "details": {
    "DNSDialup": {
      "average": 0.000335011,
      "fastest": 0.000335011,
      "slowest": 0.000335011
    },
    "DNSLookup": {
      "average": 0.000081374,
      "fastest": 0.000081374,
      "slowest": 0.000081374
    },
    "firstByte": {
      "average": 0.0030222195342674433,
      "fastest": 0.002076461,
      "slowest": 0.014605698
    }
  },
  "statusCodeDistribution": {
    "200": 3283
  },
  "errorDistribution": {
    "aborted due to deadline": 1
  }
}