{
  "summary": {
    "successRate": 1.0,
    "total": 10.002495998,
    "slowest": 0.034582271,
    "fastest": 0.002410877,
    "average": 0.004995968610199205,
    "requestsPerSec": 798.3007442938843,
    "totalData": 2298528,
    "sizePerRequest": 288,
    "sizePerSec": 229795.44310336048
  },
  "metrics": {
    "success_rate": 1.0,
    "requests_per_sec": 798.3007442938843,
    "latency_ms": {
      "min": 2.411,
      "mean": 4.996,
      "p50": 4.407,
      "p95": 8.937,
      "p99": 13.13,
      "max": 34.582
    }
  },
  "responseTimeHistogram": {
    "0.002410877": 1,
    "0.0056280164": 6016,
    "0.0088451558": 1550,
    "0.012062295200000002": 301,
    "0.0152794346": 80,
    "0.018496574": 20,
    "0.0217137134": 7,
    "0.0249308528": 2,
    "0.0281479922": 0,
    "0.0313651316": 2,
    "0.034582271": 2
  },
  "latencyPercentiles": {
    "p10": 0.003267065,
    "p25": 0.003686938,
    "p50": 0.004407002,
    "p75": 0.005599842,
    "p90": 0.007342376,
    "p95": 0.008937195,
    "p99": 0.013130343,
    "p99.9": 0.021070771,
    "p99.99": 0.034582271
  },
  "firstByteHistogram": {
    "0.002402152": 1,
    "0.0056191244": 6023,
    "0.0088360968": 1546,
    "0.0120530692": 298,
    "0.015270041600000001": 80,
    "0.018487014000000003": 20,
    "0.021703986400000003": 7,
    "0.024920958800000004": 2,
    "0.028137931200000004": 0,
    "0.031354903600000004": 2,
    "0.034571876": 2
  },
  "firstBytePercentiles": {
    "p10": 0.003257467,
    "p25": 0.003676355,
    "p50": 0.004395127,
    "p75": 0.005588391,
    "p90": 0.00733,
    "p95": 0.00891469,
    "p99": 0.013124289,
    "p99.9": 0.021059341,
    "p99.99": 0.034571876
  },
  "rps": {
    "mean": 796.967404285252,
    "stddev": 251.7085089071313,
    "max": 1591.7002382776159,
    "min": 76.93438035896065,
    "percentiles": {
      "p10": 452.2032472715177,
      "p25": 618.7956709879944,
      "p50": 826.5626657968149,
      "p75": 978.6150590753113,
      "p90": 1106.4262156627767,
      "p95": 1179.7134754809272,
      "p99": 1291.115714416776,
      "p99.9": 1460.3934007742023,
      "p99.99": 1591.7002382776159
    }
  },
  "details": {
    "DNSDialup": {
      "average": 0.0005969845,
      "fastest": 0.000249264,
      "slowest": 0.001136242
    },
    "DNSLookup": {
      "average": 0.0001051255,
      "fastest": 0.000088942,
      "slowest": 0.000136708
    },
    "firstByte": {
      "average": 0.004983384500313232,
      "fastest": 0.002402152,
      "slowest": 0.034571876
    }
  },
  "statusCodeDistribution": {
    "200": 7981
  },
  "errorDistribution": {
    "aborted due to deadline": 4
  }
}