2026-09-07T22:44:26Z env CARGO_TARGET_DIR=/home/kaalin/.cache/wamn-lanes/identity-auth-plan-20260907/target RUSTC_WRAPPER= /home/kaalin/.cache/wamn-lanes/identity-auth-plan-20260907/tools/build-components m1 
2026-09-07T22:44:28Z env CARGO_TARGET_DIR=/home/kaalin/.cache/wamn-lanes/identity-auth-plan-20260907/target RUSTC_WRAPPER= cargo build --locked -p wamn-ctl -p wamn-cdc-reader -p wamn-scenario-worker 
2026-09-07T22:44:29Z docker build --platform=linux/amd64 --provenance=false --file /home/kaalin/.cache/wamn-lanes/identity-auth-plan-20260907/Dockerfile --target host --tag wamn-host:receiving-6c3b12f851b8-774777-release --label wamn.dev/source-head=6c3b12f851b86c417161d07cf18b1d4ed8109aa0 --label wamn.dev/build-profile=release /home/kaalin/.cache/wamn-lanes/identity-auth-plan-20260907 
2026-09-07T22:49:14Z docker build --platform=linux/amd64 --provenance=false --file /home/kaalin/.cache/wamn-lanes/identity-auth-plan-20260907/Dockerfile --target gates --tag wamn-gates:receiving-6c3b12f851b8-774777-release --label wamn.dev/source-head=6c3b12f851b86c417161d07cf18b1d4ed8109aa0 --label wamn.dev/build-profile=release /home/kaalin/.cache/wamn-lanes/identity-auth-plan-20260907 
2026-09-07T22:53:06Z kind create cluster --name wamn-receiving-journey --config /tmp/tmp.RbxR31diJf/kind-config.yaml --kubeconfig /tmp/tmp.RbxR31diJf/kubeconfig 
2026-09-07T22:53:24Z kubectl --kubeconfig /tmp/tmp.RbxR31diJf/kubeconfig --context kind-wamn-receiving-journey wait --for=condition=Ready nodes --all --timeout=180s 
2026-09-07T22:53:37Z kubectl --kubeconfig /tmp/tmp.RbxR31diJf/kubeconfig --context kind-wamn-receiving-journey create namespace wamn-receiving-journey 
2026-09-07T22:53:38Z kind load docker-image wamn-host:receiving-6c3b12f851b8-774777-release --name wamn-receiving-journey 
2026-09-07T22:53:49Z kind load docker-image wamn-gates:receiving-6c3b12f851b8-774777-release --name wamn-receiving-journey 
2026-09-07T22:54:01Z htpasswd \<credential-bearing\ arguments\ redacted\> 
2026-09-07T22:54:02Z postgres \<credential-bearing\ arguments\ redacted\> 
2026-09-07T22:54:02Z docker run --detach --name wamn-receiving-registry-6c3b12f851b8-774777 --network kind --env REGISTRY_AUTH=htpasswd --env REGISTRY_AUTH_HTPASSWD_REALM=WAMN\ Receiving\ cluster\ journey --env REGISTRY_AUTH_HTPASSWD_PATH=/auth/htpasswd --volume /tmp/tmp.RbxR31diJf/htpasswd:/auth/htpasswd:ro registry:2 
2026-09-07T22:54:02Z docker run --detach --name wamn-receiving-nats-6c3b12f851b8-774777 --network kind nats:2.10-alpine --jetstream --store_dir /data --http_port 8222 
2026-09-07T22:54:05Z cargo test production_two_package_release_serves_all_thirteen_pat_routes \<journey\ document\ with\ disposable\ PostgreSQL\ and\ OCI\ inputs\ redacted\> 
2026-09-07T22:54:31Z kubectl --kubeconfig /tmp/tmp.RbxR31diJf/kubeconfig --context kind-wamn-receiving-journey apply -f /tmp/tmp.RbxR31diJf/route-caller-pat-kube.json 
2026-09-07T22:54:31Z env WASH_REG_USER=\<redacted\> WASH_REG_PASSWORD=\<redacted\> wash push --insecure --allow-latest --output json 172.28.0.9:5000/wamn/flow-http:receiving-6c3b12f851b8-774777-release /home/kaalin/.cache/wamn-lanes/identity-auth-plan-20260907/target/wasm32-wasip2/release/http_route.wasm 
2026-09-07T22:54:31Z env WASH_REG_USER=\<redacted\> WASH_REG_PASSWORD=\<redacted\> wash push --insecure --allow-latest --output json 172.28.0.9:5000/wamn/materializer:receiving-6c3b12f851b8-774777-release /home/kaalin/.cache/wamn-lanes/identity-auth-plan-20260907/target/wasm32-wasip2/release/materializer.wasm 
2026-09-07T22:54:31Z print-release-env \<credential-bearing\ arguments\ redacted\> 
2026-09-07T22:54:31Z kubectl --kubeconfig /tmp/tmp.RbxR31diJf/kubeconfig --context kind-wamn-receiving-journey apply -f /tmp/tmp.RbxR31diJf/host-secrets/guest-sql.json 
2026-09-07T22:54:31Z kubectl --kubeconfig /tmp/tmp.RbxR31diJf/kubeconfig --context kind-wamn-receiving-journey apply -f /tmp/tmp.RbxR31diJf/host-secrets/executor-platform.json 
2026-09-07T22:54:31Z kubectl --kubeconfig /tmp/tmp.RbxR31diJf/kubeconfig --context kind-wamn-receiving-journey apply -f /tmp/tmp.RbxR31diJf/host-secrets/identity-reader.json 
2026-09-07T22:54:32Z kubectl --kubeconfig /tmp/tmp.RbxR31diJf/kubeconfig --context kind-wamn-receiving-journey apply -f /tmp/tmp.RbxR31diJf/host-secrets/http-admitter.json 
2026-09-07T22:54:32Z kubectl --kubeconfig /tmp/tmp.RbxR31diJf/kubeconfig --context kind-wamn-receiving-journey apply -f /tmp/tmp.RbxR31diJf/host-secrets/event-materializer.json 
2026-09-07T22:54:32Z kubectl --kubeconfig /tmp/tmp.RbxR31diJf/kubeconfig --context kind-wamn-receiving-journey -n wamn-receiving-journey create secret generic wamn-registry-pull --type=kubernetes.io/dockerconfigjson --from-file=.dockerconfigjson=\<redacted\> --dry-run=client -o yaml 
2026-09-07T22:54:32Z kubectl --kubeconfig /tmp/tmp.RbxR31diJf/kubeconfig --context kind-wamn-receiving-journey apply -f /tmp/tmp.RbxR31diJf/registry-pull.yaml 
2026-09-07T22:54:32Z kubectl --kubeconfig /tmp/tmp.RbxR31diJf/kubeconfig --context kind-wamn-receiving-journey apply -f /home/kaalin/.cache/wamn-lanes/identity-auth-plan-20260907/deploy/infra/cert-manager.yaml 
2026-09-07T22:54:33Z kubectl --kubeconfig /tmp/tmp.RbxR31diJf/kubeconfig --context kind-wamn-receiving-journey -n cert-manager wait --for=condition=Available deployment --all --timeout=240s 
2026-09-07T22:54:44Z helm upgrade --install --create-namespace --kubeconfig /tmp/tmp.RbxR31diJf/kubeconfig --kube-context kind-wamn-receiving-journey --namespace wamn-system wamn oci://ghcr.io/wasmcloud/charts/runtime-operator --version 2.8.0 -f /home/kaalin/.cache/wamn-lanes/identity-auth-plan-20260907/deploy/infra/values-wamn.yaml -f /tmp/tmp.RbxR31diJf/operator-values.yaml --wait --timeout 5m 
2026-09-07T22:55:22Z kubectl --kubeconfig /tmp/tmp.RbxR31diJf/kubeconfig --context kind-wamn-receiving-journey -n wamn-system get deployment runtime-operator -o json 
2026-09-07T22:55:22Z kubectl --kubeconfig /tmp/tmp.RbxR31diJf/kubeconfig --context kind-wamn-receiving-journey apply -f /tmp/tmp.RbxR31diJf/runtime-operator-events-rbac.yaml 
2026-09-07T22:55:22Z kubectl --kubeconfig /tmp/tmp.RbxR31diJf/kubeconfig --context kind-wamn-receiving-journey -n wamn-receiving-journey get role wamn-runtime-operator-events -o json 
2026-09-07T22:55:22Z kubectl --kubeconfig /tmp/tmp.RbxR31diJf/kubeconfig --context kind-wamn-receiving-journey -n wamn-receiving-journey get rolebinding wamn-runtime-operator-events -o json 
2026-09-07T22:55:22Z kubectl --kubeconfig /tmp/tmp.RbxR31diJf/kubeconfig --context kind-wamn-receiving-journey apply -f /home/kaalin/.cache/wamn-lanes/identity-auth-plan-20260907/deploy/infra/tempo.yaml 
2026-09-07T22:55:22Z kubectl --kubeconfig /tmp/tmp.RbxR31diJf/kubeconfig --context kind-wamn-receiving-journey apply -f /home/kaalin/.cache/wamn-lanes/identity-auth-plan-20260907/deploy/infra/otel-collector.yaml 
2026-09-07T22:55:22Z kubectl --kubeconfig /tmp/tmp.RbxR31diJf/kubeconfig --context kind-wamn-receiving-journey -n wamn-system wait --for=condition=Available deployment/tempo deployment/otel-collector --timeout=120s 
2026-09-07T22:55:28Z kubectl --kubeconfig /tmp/tmp.RbxR31diJf/kubeconfig --context kind-wamn-receiving-journey apply -f /tmp/tmp.RbxR31diJf/wasmcloud-ca-copy.json 
2026-09-07T22:55:28Z kubectl --kubeconfig /tmp/tmp.RbxR31diJf/kubeconfig --context kind-wamn-receiving-journey apply -f /home/kaalin/.cache/wamn-lanes/identity-auth-plan-20260907/deploy/infra/wasmcloud-ca-issuer.yaml 
2026-09-07T22:55:28Z kubectl --kubeconfig /tmp/tmp.RbxR31diJf/kubeconfig --context kind-wamn-receiving-journey wait --for=condition=Ready clusterissuer/wasmcloud-ca --timeout=60s 
2026-09-07T22:55:28Z kubectl --kubeconfig /tmp/tmp.RbxR31diJf/kubeconfig --context kind-wamn-receiving-journey apply -f /tmp/tmp.RbxR31diJf/host-environment-certs.yaml 
2026-09-07T22:55:28Z kubectl --kubeconfig /tmp/tmp.RbxR31diJf/kubeconfig --context kind-wamn-receiving-journey -n wamn-receiving-journey wait --for=condition=Ready certificate/wasmcloud-runtime-tls certificate/wasmcloud-data-tls --timeout=120s 
2026-09-07T22:55:28Z helm upgrade --install --kubeconfig /tmp/tmp.RbxR31diJf/kubeconfig --kube-context kind-wamn-receiving-journey --namespace wamn-receiving-journey wamn-host oci://ghcr.io/wasmcloud/charts/runtime-operator --version 2.8.0 -f /tmp/tmp.RbxR31diJf/host-base.yaml -f /tmp/tmp.RbxR31diJf/host-overlay.yaml --wait --timeout 5m 
2026-09-07T22:55:40Z kubectl --kubeconfig /tmp/tmp.RbxR31diJf/kubeconfig --context kind-wamn-receiving-journey -n wamn-receiving-journey rollout status deployment/hostgroup-default --timeout=240s 
2026-09-07T22:55:40Z kubectl --kubeconfig /tmp/tmp.RbxR31diJf/kubeconfig --context kind-wamn-receiving-journey apply -f /tmp/tmp.RbxR31diJf/flow-http.yaml 
2026-09-07T22:55:40Z kubectl --kubeconfig /tmp/tmp.RbxR31diJf/kubeconfig --context kind-wamn-receiving-journey -n wamn-receiving-journey wait --for=condition=Ready workloaddeployment/flow-http --timeout=240s 
2026-09-07T22:55:41Z kubectl --kubeconfig /tmp/tmp.RbxR31diJf/kubeconfig --context kind-wamn-receiving-journey create -f /tmp/tmp.RbxR31diJf/membershipproof-secret.json 
2026-09-07T22:55:41Z /usr/local/bin/wamn-gates membershipproof --endpoint-url http://flow-http.wamn-receiving-journey.svc.cluster.local --host receiving.localhost --org acme --project receiving --env dev --tenant receiving-route-auth \<admin\ URLs\ supplied\ by\ ephemeral\ Secret\;\ ctl=/usr/local/bin/wamn-ctl\> 
2026-09-07T22:55:41Z kubectl --kubeconfig /tmp/tmp.RbxR31diJf/kubeconfig --context kind-wamn-receiving-journey apply -f /tmp/tmp.RbxR31diJf/membershipproof-job.yaml 
2026-09-07T22:55:41Z kubectl --kubeconfig /tmp/tmp.RbxR31diJf/kubeconfig --context kind-wamn-receiving-journey -n wamn-receiving-journey wait --for=condition=Complete job/membershipproof --timeout=720s 
2026-09-07T22:55:44Z kubectl --kubeconfig /tmp/tmp.RbxR31diJf/kubeconfig --context kind-wamn-receiving-journey -n wamn-receiving-journey delete secret membershipproof-fixture 
2026-09-07T22:55:44Z kind delete cluster --name wamn-receiving-journey 
2026-09-07T22:55:45Z docker rm --force --volumes wamn-receiving-pg18-6c3b12f851b8-774777 
2026-09-07T22:55:45Z docker rm --force --volumes wamn-receiving-registry-6c3b12f851b8-774777 
2026-09-07T22:55:46Z docker rm --force --volumes wamn-receiving-nats-6c3b12f851b8-774777 
2026-09-07T22:55:46Z docker image rm wamn-gates:receiving-6c3b12f851b8-774777-release 
2026-09-07T22:55:46Z docker image rm wamn-host:receiving-6c3b12f851b8-774777-release 
2026-09-07T22:55:46Z rm -rf -- /tmp/tmp.RbxR31diJf 
