{
  "summary": {
    "successRate": 1.0,
    "total": 10.0033371,
    "slowest": 0.074617843,
    "fastest": 0.002572697,
    "average": 0.007994296494544034,
    "requestsPerSec": 999.3665014048163,
    "totalData": 2876832,
    "sizePerRequest": 288,
    "sizePerSec": 287587.22926572175
  },
  "metrics": {
    "success_rate": 1.0,
    "requests_per_sec": 999.3665014048163,
    "latency_ms": {
      "min": 2.573,
      "mean": 7.994,
      "p50": 6.663,
      "p95": 16.762,
      "p99": 26.202,
      "max": 74.618
    }
  },
  "responseTimeHistogram": {
    "0.002572697": 1,
    "0.0097772116": 7945,
    "0.016981726200000002": 1568,
    "0.0241862408": 337,
    "0.031390755400000005": 94,
    "0.03859527": 26,
    "0.045799784600000004": 14,
    "0.0530042992": 1,
    "0.060208813800000004": 1,
    "0.0674133284": 0,
    "0.074617843": 2
  },
  "latencyPercentiles": {
    "p10": 0.004378086,
    "p25": 0.00525852,
    "p50": 0.006662664,
    "p75": 0.009048686,
    "p90": 0.013018172,
    "p95": 0.016761955,
    "p99": 0.026202335,
    "p99.9": 0.041418761,
    "p99.99": 0.074617843
  },
  "firstByteHistogram": {
    "0.002566321": 1,
    "0.0097706536": 7950,
    "0.0169749862": 1565,
    "0.0241793188": 337,
    "0.031383651400000004": 92,
    "0.038587984000000006": 27,
    "0.045792316599999994": 13,
    "0.052996649199999996": 1,
    "0.0602009818": 1,
    "0.0674053144": 0,
    "0.074609647": 2
  },
  "firstBytePercentiles": {
    "p10": 0.004369078,
    "p25": 0.005247766,
    "p50": 0.006653008,
    "p75": 0.009033576,
    "p90": 0.012996635,
    "p95": 0.016734639,
    "p99": 0.026194447,
    "p99.9": 0.041401023,
    "p99.99": 0.074609647
  },
  "rps": {
    "mean": 996.9127733889412,
    "stddev": 444.69377028283014,
    "max": 3421.4821176216387,
    "min": 36.14287567898883,
    "percentiles": {
      "p10": 405.0659710693903,
      "p25": 666.3374959436828,
      "p50": 1009.5952946397642,
      "p75": 1301.4895005045853,
      "p90": 1552.4589863622625,
      "p95": 1735.041556104258,
      "p99": 2036.9719461433663,
      "p99.9": 2412.6042718946087,
      "p99.99": 3421.4821176216387
    }
  },
  "details": {
    "DNSDialup": {
      "average": 0.000542438125,
      "fastest": 0.000381135,
      "slowest": 0.000839455
    },
    "DNSLookup": {
      "average": 0.000047315374999999996,
      "fastest": 0.000021849,
      "slowest": 0.000081632
    },
    "firstByte": {
      "average": 0.007980832988687589,
      "fastest": 0.002566321,
      "slowest": 0.074609647
    }
  },
  "statusCodeDistribution": {
    "200": 9989
  },
  "errorDistribution": {
    "aborted due to deadline": 8
  }
}