2026-09-10T02:56:48Z env CARGO_TARGET_DIR=/home/kaalin/.cache/wamn-lanes/receiving-correctness-20260909/target RUSTC_WRAPPER= /home/kaalin/.cache/wamn-lanes/receiving-correctness-20260909/tools/build-components m1 
2026-09-10T02:56:55Z env CARGO_TARGET_DIR=/home/kaalin/.cache/wamn-lanes/receiving-correctness-20260909/target RUSTC_WRAPPER= cargo build --locked -p wamn-ctl -p wamn-cdc-reader -p wamn-scenario-worker -p wamn-executor 
2026-09-10T02:56:56Z env CARGO_TARGET_DIR=/home/kaalin/.cache/wamn-lanes/receiving-correctness-20260909/target RUSTC_WRAPPER= cargo test --locked --offline -p wamn-proof-integration --test receiving_command_histories_live --no-run 
2026-09-10T02:56:57Z docker build --platform=linux/amd64 --provenance=false --file /home/kaalin/.cache/wamn-lanes/receiving-correctness-20260909/Dockerfile --target host --tag wamn-host:receiving-9583520fec51-380341-release --label wamn.dev/source-head=9583520fec51c5c6a5e9f0de5114f6417ae07696 --label wamn.dev/build-profile=release /home/kaalin/.cache/wamn-lanes/receiving-correctness-20260909 
2026-09-10T02:56:58Z docker build --platform=linux/amd64 --provenance=false --file /home/kaalin/.cache/wamn-lanes/receiving-correctness-20260909/Dockerfile --target gates --tag wamn-gates:receiving-9583520fec51-380341-release --label wamn.dev/source-head=9583520fec51c5c6a5e9f0de5114f6417ae07696 --label wamn.dev/build-profile=release /home/kaalin/.cache/wamn-lanes/receiving-correctness-20260909 
2026-09-10T03:02:56Z kind create cluster --name wamn-receiving-correctness --config /tmp/tmp.bcXNU7KAwi/kind-config.yaml --kubeconfig /tmp/tmp.bcXNU7KAwi/kubeconfig 
2026-09-10T03:03:22Z kubectl --kubeconfig /tmp/tmp.bcXNU7KAwi/kubeconfig --context kind-wamn-receiving-correctness wait --for=condition=Ready nodes --all --timeout=180s 
2026-09-10T03:03:35Z kubectl --kubeconfig /tmp/tmp.bcXNU7KAwi/kubeconfig --context kind-wamn-receiving-correctness create namespace wamn-receiving-correctness 
2026-09-10T03:03:36Z kind load docker-image wamn-host:receiving-9583520fec51-380341-release --name wamn-receiving-correctness 
2026-09-10T03:03:47Z kind load docker-image wamn-gates:receiving-9583520fec51-380341-release --name wamn-receiving-correctness 
2026-09-10T03:04:03Z htpasswd \<credential-bearing\ arguments\ redacted\> 
2026-09-10T03:04:04Z postgres \<credential-bearing\ arguments\ redacted\> 
2026-09-10T03:04:04Z docker run --detach --name wamn-receiving-registry-9583520fec51-380341 --network kind --env REGISTRY_AUTH=htpasswd --env REGISTRY_AUTH_HTPASSWD_REALM=WAMN\ Receiving\ cluster\ journey --env REGISTRY_AUTH_HTPASSWD_PATH=/auth/htpasswd --volume /tmp/tmp.bcXNU7KAwi/htpasswd:/auth/htpasswd:ro registry:2 
2026-09-10T03:04:05Z docker run --detach --name wamn-receiving-nats-9583520fec51-380341 --network kind nats:2.10-alpine --jetstream --store_dir /data --http_port 8222 
2026-09-10T03:04:09Z cargo test production_two_package_release_serves_all_thirteen_pat_routes \<journey\ document\ with\ disposable\ PostgreSQL\ and\ OCI\ inputs\ redacted\> 
2026-09-10T03:05:06Z kubectl --kubeconfig /tmp/tmp.bcXNU7KAwi/kubeconfig --context kind-wamn-receiving-correctness apply -f /tmp/tmp.bcXNU7KAwi/route-caller-pat-kube.json 
2026-09-10T03:05:09Z env DOCKER_CONFIG=\<private-registry-directory\> /home/kaalin/.cache/wamn-lanes/receiving-correctness-20260909/.tools/wash/2.9.0/wash -o json oci push --insecure 172.28.0.12:5000/wamn/flow-http:receiving-9583520fec51-380341-release /home/kaalin/.cache/wamn-lanes/receiving-correctness-20260909/target/wasm32-wasip2/release/http_route.wasm 
2026-09-10T03:05:09Z env DOCKER_CONFIG=\<private-registry-directory\> /home/kaalin/.cache/wamn-lanes/receiving-correctness-20260909/.tools/wash/2.9.0/wash -o json oci push --insecure 172.28.0.12:5000/wamn/materializer:receiving-9583520fec51-380341-release /home/kaalin/.cache/wamn-lanes/receiving-correctness-20260909/target/wasm32-wasip2/release/materializer.wasm 
2026-09-10T03:05:10Z print-release-env \<credential-bearing\ arguments\ redacted\> 
2026-09-10T03:05:10Z kubectl --kubeconfig /tmp/tmp.bcXNU7KAwi/kubeconfig --context kind-wamn-receiving-correctness apply -f /tmp/tmp.bcXNU7KAwi/host-secrets/guest-sql.json 
2026-09-10T03:05:10Z kubectl --kubeconfig /tmp/tmp.bcXNU7KAwi/kubeconfig --context kind-wamn-receiving-correctness apply -f /tmp/tmp.bcXNU7KAwi/host-secrets/executor-platform.json 
2026-09-10T03:05:11Z kubectl --kubeconfig /tmp/tmp.bcXNU7KAwi/kubeconfig --context kind-wamn-receiving-correctness apply -f /tmp/tmp.bcXNU7KAwi/host-secrets/identity-reader.json 
2026-09-10T03:05:11Z kubectl --kubeconfig /tmp/tmp.bcXNU7KAwi/kubeconfig --context kind-wamn-receiving-correctness apply -f /tmp/tmp.bcXNU7KAwi/host-secrets/http-admitter.json 
2026-09-10T03:05:11Z kubectl --kubeconfig /tmp/tmp.bcXNU7KAwi/kubeconfig --context kind-wamn-receiving-correctness apply -f /tmp/tmp.bcXNU7KAwi/host-secrets/event-materializer.json 
2026-09-10T03:05:11Z kubectl --kubeconfig /tmp/tmp.bcXNU7KAwi/kubeconfig --context kind-wamn-receiving-correctness -n wamn-receiving-correctness create secret generic wamn-registry-pull --type=kubernetes.io/dockerconfigjson --from-file=.dockerconfigjson=\<redacted\> --dry-run=client -o yaml 
2026-09-10T03:05:11Z kubectl --kubeconfig /tmp/tmp.bcXNU7KAwi/kubeconfig --context kind-wamn-receiving-correctness apply -f /tmp/tmp.bcXNU7KAwi/registry-pull.yaml 
2026-09-10T03:05:11Z kubectl --kubeconfig /tmp/tmp.bcXNU7KAwi/kubeconfig --context kind-wamn-receiving-correctness apply -f /home/kaalin/.cache/wamn-lanes/receiving-correctness-20260909/deploy/infra/cert-manager.yaml 
2026-09-10T03:05:13Z kubectl --kubeconfig /tmp/tmp.bcXNU7KAwi/kubeconfig --context kind-wamn-receiving-correctness -n cert-manager wait --for=condition=Available deployment --all --timeout=240s 
2026-09-10T03:05:25Z helm upgrade --install --create-namespace --kubeconfig /tmp/tmp.bcXNU7KAwi/kubeconfig --kube-context kind-wamn-receiving-correctness --namespace wamn-system wamn oci://ghcr.io/wasmcloud/charts/runtime-operator --version 2.9.0 -f /home/kaalin/.cache/wamn-lanes/receiving-correctness-20260909/deploy/infra/values-wamn.yaml -f /tmp/tmp.bcXNU7KAwi/operator-values.yaml --wait --timeout 5m 
2026-09-10T03:06:08Z kubectl --kubeconfig /tmp/tmp.bcXNU7KAwi/kubeconfig --context kind-wamn-receiving-correctness -n wamn-system get deployment runtime-operator -o json 
2026-09-10T03:06:08Z kubectl --kubeconfig /tmp/tmp.bcXNU7KAwi/kubeconfig --context kind-wamn-receiving-correctness apply -f /tmp/tmp.bcXNU7KAwi/runtime-operator-events-rbac.yaml 
2026-09-10T03:06:08Z kubectl --kubeconfig /tmp/tmp.bcXNU7KAwi/kubeconfig --context kind-wamn-receiving-correctness -n wamn-receiving-correctness get role wamn-runtime-operator-events -o json 
2026-09-10T03:06:08Z kubectl --kubeconfig /tmp/tmp.bcXNU7KAwi/kubeconfig --context kind-wamn-receiving-correctness -n wamn-receiving-correctness get rolebinding wamn-runtime-operator-events -o json 
2026-09-10T03:06:08Z kubectl --kubeconfig /tmp/tmp.bcXNU7KAwi/kubeconfig --context kind-wamn-receiving-correctness apply -f /home/kaalin/.cache/wamn-lanes/receiving-correctness-20260909/deploy/infra/tempo.yaml 
2026-09-10T03:06:08Z kubectl --kubeconfig /tmp/tmp.bcXNU7KAwi/kubeconfig --context kind-wamn-receiving-correctness apply -f /home/kaalin/.cache/wamn-lanes/receiving-correctness-20260909/deploy/infra/otel-collector.yaml 
2026-09-10T03:06:08Z kubectl --kubeconfig /tmp/tmp.bcXNU7KAwi/kubeconfig --context kind-wamn-receiving-correctness -n wamn-system wait --for=condition=Available deployment/tempo deployment/otel-collector --timeout=120s 
2026-09-10T03:06:16Z kubectl --kubeconfig /tmp/tmp.bcXNU7KAwi/kubeconfig --context kind-wamn-receiving-correctness apply -f /tmp/tmp.bcXNU7KAwi/wasmcloud-ca-copy.json 
2026-09-10T03:06:16Z kubectl --kubeconfig /tmp/tmp.bcXNU7KAwi/kubeconfig --context kind-wamn-receiving-correctness apply -f /home/kaalin/.cache/wamn-lanes/receiving-correctness-20260909/deploy/infra/wasmcloud-ca-issuer.yaml 
2026-09-10T03:06:16Z kubectl --kubeconfig /tmp/tmp.bcXNU7KAwi/kubeconfig --context kind-wamn-receiving-correctness wait --for=condition=Ready clusterissuer/wasmcloud-ca --timeout=60s 
2026-09-10T03:06:16Z kubectl --kubeconfig /tmp/tmp.bcXNU7KAwi/kubeconfig --context kind-wamn-receiving-correctness apply -f /tmp/tmp.bcXNU7KAwi/host-environment-certs.yaml 
2026-09-10T03:06:16Z kubectl --kubeconfig /tmp/tmp.bcXNU7KAwi/kubeconfig --context kind-wamn-receiving-correctness -n wamn-receiving-correctness wait --for=condition=Ready certificate/wasmcloud-runtime-tls certificate/wasmcloud-data-tls --timeout=120s 
2026-09-10T03:06:17Z helm upgrade --install --kubeconfig /tmp/tmp.bcXNU7KAwi/kubeconfig --kube-context kind-wamn-receiving-correctness --namespace wamn-receiving-correctness wamn-host oci://ghcr.io/wasmcloud/charts/runtime-operator --version 2.9.0 -f /tmp/tmp.bcXNU7KAwi/host-base.yaml -f /tmp/tmp.bcXNU7KAwi/host-overlay.yaml --wait --timeout 5m 
2026-09-10T03:06:24Z kubectl --kubeconfig /tmp/tmp.bcXNU7KAwi/kubeconfig --context kind-wamn-receiving-correctness -n wamn-receiving-correctness rollout status deployment/hostgroup-default --timeout=240s 
2026-09-10T03:06:24Z kubectl --kubeconfig /tmp/tmp.bcXNU7KAwi/kubeconfig --context kind-wamn-receiving-correctness apply -f /tmp/tmp.bcXNU7KAwi/flow-http.yaml 
2026-09-10T03:06:24Z kubectl --kubeconfig /tmp/tmp.bcXNU7KAwi/kubeconfig --context kind-wamn-receiving-correctness -n wamn-receiving-correctness wait --for=condition=Ready workloaddeployment/flow-http --timeout=240s 
2026-09-10T03:06:25Z kubectl --kubeconfig /tmp/tmp.bcXNU7KAwi/kubeconfig --context kind-wamn-receiving-correctness apply -f /tmp/tmp.bcXNU7KAwi/receiving-correctness-nodeport.json 
2026-09-10T03:06:26Z kubectl --kubeconfig /tmp/tmp.bcXNU7KAwi/kubeconfig --context kind-wamn-receiving-correctness -n wamn-receiving-correctness get deployment hostgroup-default -o json 
2026-09-10T03:06:26Z kubectl --kubeconfig /tmp/tmp.bcXNU7KAwi/kubeconfig --context kind-wamn-receiving-correctness -n wamn-receiving-correctness get pods -o json 
2026-09-10T03:06:26Z kubectl --kubeconfig /tmp/tmp.bcXNU7KAwi/kubeconfig --context kind-wamn-receiving-correctness -n wamn-receiving-correctness get events -o json 
2026-09-10T03:06:26Z kubectl --kubeconfig /tmp/tmp.bcXNU7KAwi/kubeconfig --context kind-wamn-receiving-correctness -n wamn-receiving-correctness get secrets -o name 
2026-09-10T03:06:26Z kubectl --kubeconfig /tmp/tmp.bcXNU7KAwi/kubeconfig --context kind-wamn-receiving-correctness -n wamn-receiving-correctness get jobs -o json 
2026-09-10T03:06:26Z kind delete cluster --name wamn-receiving-correctness --kubeconfig /tmp/tmp.bcXNU7KAwi/kubeconfig 
2026-09-10T03:06:28Z docker rm --force --volumes wamn-receiving-pg18-9583520fec51-380341 
2026-09-10T03:06:28Z docker rm --force --volumes wamn-receiving-registry-9583520fec51-380341 
2026-09-10T03:06:29Z docker rm --force --volumes wamn-receiving-nats-9583520fec51-380341 
2026-09-10T03:06:29Z docker image rm wamn-gates:receiving-9583520fec51-380341-release 
2026-09-10T03:06:29Z docker image rm wamn-host:receiving-9583520fec51-380341-release 
2026-09-10T03:06:29Z rm -rf -- /tmp/tmp.bcXNU7KAwi 
