{
  "summary": {
    "successRate": 1.0,
    "total": 10.002794896,
    "slowest": 0.048617128,
    "fastest": 0.000277644,
    "average": 0.0013040536626733588,
    "requestsPerSec": 12226.982685500023,
    "totalData": 4402368,
    "sizePerRequest": 36,
    "sizePerSec": 440113.7927721037
  },
  "metrics": {
    "success_rate": 1.0,
    "requests_per_sec": 12226.982685500023,
    "latency_ms": {
      "min": 0.278,
      "mean": 1.304,
      "p50": 1.229,
      "p95": 2.228,
      "p99": 3.531,
      "max": 48.617
    }
  },
  "responseTimeHistogram": {
    "0.000277644": 1,
    "0.0051115924": 121944,
    "0.009945540800000001": 305,
    "0.014779489200000002": 30,
    "0.019613437600000002": 5,
    "0.024447386": 2,
    "0.029281334400000004": 0,
    "0.0341152828": 0,
    "0.038949231200000003": 0,
    "0.043783179600000006": 0,
    "0.048617128": 1
  },
  "latencyPercentiles": {
    "p10": 0.000652367,
    "p25": 0.000946036,
    "p50": 0.001229128,
    "p75": 0.001541927,
    "p90": 0.00189778,
    "p95": 0.002227576,
    "p99": 0.003531369,
    "p99.9": 0.006929381,
    "p99.99": 0.012841719
  },
  "firstByteHistogram": {
    "0.000274756": 1,
    "0.0051086076": 121958,
    "0.009942459199999998": 294,
    "0.014776310799999998": 29,
    "0.0196101624": 5,
    "0.024444014": 0,
    "0.029277865599999998": 0,
    "0.034111717199999995": 0,
    "0.0389455688": 0,
    "0.0437794204": 0,
    "0.048613272": 1
  },
  "firstBytePercentiles": {
    "p10": 0.00064253,
    "p25": 0.000938229,
    "p50": 0.001220445,
    "p75": 0.001532043,
    "p90": 0.001885511,
    "p95": 0.002208516,
    "p99": 0.003492105,
    "p99.9": 0.00676357,
    "p99.99": 0.012332382
  },
  "rps": {
    "mean": 12223.939857467043,
    "stddev": 1896.2634449374148,
    "max": 17913.913625383488,
    "min": 4810.909258779318,
    "percentiles": {
      "p10": 10028.339083416517,
      "p25": 11343.494360426357,
      "p50": 12510.18454123496,
      "p75": 13401.184664725066,
      "p90": 14099.106851794006,
      "p95": 14633.060473526466,
      "p99": 16281.64618567043,
      "p99.9": 17576.644716952876,
      "p99.99": 17913.913625383488
    }
  },
  "details": {
    "DNSDialup": {
      "average": 0.0009099278749999999,
      "fastest": 0.000359808,
      "slowest": 0.0015209
    },
    "DNSLookup": {
      "average": 0.000033178375,
      "fastest": 0.0000129,
      "slowest": 0.000074324
    },
    "firstByte": {
      "average": 0.0012935187911487782,
      "fastest": 0.000274756,
      "slowest": 0.048613272
    }
  },
  "statusCodeDistribution": {
    "404": 122288
  },
  "errorDistribution": {
    "aborted due to deadline": 16
  }
}