{
  "summary": {
    "successRate": 1.0,
    "total": 10.00404891,
    "slowest": 0.023468703,
    "fastest": 0.002348688,
    "average": 0.005648166640563122,
    "requestsPerSec": 1413.8275539478545,
    "totalData": 4071168,
    "sizePerRequest": 288,
    "sizePerSec": 406952.0287861128
  },
  "metrics": {
    "success_rate": 1.0,
    "requests_per_sec": 1413.8275539478545,
    "latency_ms": {
      "min": 2.349,
      "mean": 5.648,
      "p50": 5.175,
      "p95": 9.399,
      "p99": 13.046,
      "max": 23.469
    }
  },
  "responseTimeHistogram": {
    "0.002348688": 1,
    "0.0044606895": 3924,
    "0.006572690999999999": 7098,
    "0.008684692499999999": 2116,
    "0.010796693999999999": 638,
    "0.0129086955": 204,
    "0.015020696999999998": 106,
    "0.017132698499999998": 25,
    "0.019244699999999997": 13,
    "0.0213567015": 6,
    "0.023468703": 5
  },
  "latencyPercentiles": {
    "p10": 0.00382124,
    "p25": 0.004375032,
    "p50": 0.00517527,
    "p75": 0.006361522,
    "p90": 0.007964148,
    "p95": 0.009399236,
    "p99": 0.013046331,
    "p99.9": 0.018300242,
    "p99.99": 0.022825923
  },
  "firstByteHistogram": {
    "0.002342361": 1,
    "0.0044539616": 3939,
    "0.0065655622": 7101,
    "0.0086771628": 2099,
    "0.0107887634": 637,
    "0.012900364": 204,
    "0.0150119646": 106,
    "0.017123565200000003": 25,
    "0.019235165800000002": 13,
    "0.0213467664": 6,
    "0.023458367": 5
  },
  "firstBytePercentiles": {
    "p10": 0.003810977,
    "p25": 0.004363137,
    "p50": 0.005163851,
    "p75": 0.006349585,
    "p90": 0.007949092,
    "p95": 0.009376588,
    "p99": 0.013038741,
    "p99.9": 0.018282182,
    "p99.99": 0.022816513
  },
  "rps": {
    "mean": 1408.5789726902224,
    "stddev": 351.16750759428925,
    "max": 2403.68813546852,
    "min": 313.4249300278942,
    "percentiles": {
      "p10": 927.403952121587,
      "p25": 1203.8244298311045,
      "p50": 1439.5232627987293,
      "p75": 1653.209199365298,
      "p90": 1809.0009930351387,
      "p95": 1920.6237417663551,
      "p99": 2136.8584578536697,
      "p99.9": 2400.7644033860456,
      "p99.99": 2403.68813546852
    }
  },
  "details": {
    "DNSDialup": {
      "average": 0.000983907,
      "fastest": 0.000569306,
      "slowest": 0.001961895
    },
    "DNSLookup": {
      "average": 0.000073290125,
      "fastest": 0.000035399,
      "slowest": 0.000114067
    },
    "firstByte": {
      "average": 0.005635779694468025,
      "fastest": 0.002342361,
      "slowest": 0.023458367
    }
  },
  "statusCodeDistribution": {
    "200": 14136
  },
  "errorDistribution": {
    "aborted due to deadline": 8
  }
}