{
  "summary": {
    "successRate": 1.0,
    "total": 10.017068632,
    "slowest": 0.029809896,
    "fastest": 0.000270385,
    "average": 0.0006771046313136064,
    "requestsPerSec": 11743.056209500472,
    "totalData": 4234428,
    "sizePerRequest": 36,
    "sizePerSec": 422721.2726159147
  },
  "metrics": {
    "success_rate": 1.0,
    "requests_per_sec": 11743.056209500472,
    "latency_ms": {
      "min": 0.27,
      "mean": 0.677,
      "p50": 0.619,
      "p95": 1.067,
      "p99": 1.728,
      "max": 29.81
    }
  },
  "responseTimeHistogram": {
    "0.000270385": 1,
    "0.0032243361": 117406,
    "0.006178287199999999": 202,
    "0.0091322383": 10,
    "0.012086189399999999": 3,
    "0.015040140499999998": 0,
    "0.0179940916": 0,
    "0.0209480427": 0,
    "0.0239019938": 0,
    "0.0268559449": 0,
    "0.029809896": 1
  },
  "latencyPercentiles": {
    "p10": 0.000457399,
    "p25": 0.000519343,
    "p50": 0.000618562,
    "p75": 0.00075794,
    "p90": 0.000913943,
    "p95": 0.001066913,
    "p99": 0.001728356,
    "p99.9": 0.003812909,
    "p99.99": 0.006552265
  },
  "firstByteHistogram": {
    "0.000268233": 1,
    "0.0032217204": 117412,
    "0.0061752078": 196,
    "0.0091286952": 10,
    "0.0120821826": 3,
    "0.01503567": 0,
    "0.0179891574": 0,
    "0.0209426448": 0,
    "0.0238961322": 0,
    "0.0268496196": 0,
    "0.029803107": 1
  },
  "firstBytePercentiles": {
    "p10": 0.000451475,
    "p25": 0.000512878,
    "p50": 0.000611701,
    "p75": 0.000750595,
    "p90": 0.00090482,
    "p95": 0.00105617,
    "p99": 0.001712362,
    "p99.9": 0.003798063,
    "p99.99": 0.006546087
  },
  "rps": {
    "mean": 11740.343856841962,
    "stddev": 1860.5606108769593,
    "max": 16404.56703146169,
    "min": 2711.9088051359477,
    "percentiles": {
      "p10": 9547.189849990382,
      "p25": 10773.322153242214,
      "p50": 11774.529237715784,
      "p75": 12867.36847609243,
      "p90": 14226.833230155753,
      "p95": 14689.466193853652,
      "p99": 15401.061133111969,
      "p99.9": 15983.05715015175,
      "p99.99": 16404.56703146169
    }
  },
  "details": {
    "DNSDialup": {
      "average": 0.000687787125,
      "fastest": 0.000420956,
      "slowest": 0.001136465
    },
    "DNSLookup": {
      "average": 0.000063348125,
      "fastest": 0.000020142,
      "slowest": 0.000119835
    },
    "firstByte": {
      "average": 0.0006698836741623624,
      "fastest": 0.000268233,
      "slowest": 0.029803107
    }
  },
  "statusCodeDistribution": {
    "404": 117623
  },
  "errorDistribution": {
    "aborted due to deadline": 8
  }
}