{
  "summary": {
    "successRate": 1.0,
    "total": 10.002506242,
    "slowest": 0.02220655,
    "fastest": 0.002439135,
    "average": 0.005145252301842988,
    "requestsPerSec": 1552.210978365316,
    "totalData": 4469184,
    "sizePerRequest": 288,
    "sizePerSec": 446806.4194985583
  },
  "metrics": {
    "success_rate": 1.0,
    "requests_per_sec": 1552.210978365316,
    "latency_ms": {
      "min": 2.439,
      "mean": 5.145,
      "p50": 4.85,
      "p95": 7.724,
      "p99": 10.105,
      "max": 22.207
    }
  },
  "responseTimeHistogram": {
    "0.002439135": 1,
    "0.0044158765": 5105,
    "0.006392617999999999": 8242,
    "0.0083693595": 1679,
    "0.010346101": 351,
    "0.0123228425": 91,
    "0.014299583999999999": 24,
    "0.016276325499999997": 11,
    "0.018253066999999998": 11,
    "0.020229808499999998": 2,
    "0.02220655": 1
  },
  "latencyPercentiles": {
    "p10": 0.003760582,
    "p25": 0.004208689,
    "p50": 0.00485041,
    "p75": 0.005711611,
    "p90": 0.006786223,
    "p95": 0.00772374,
    "p99": 0.010104872,
    "p99.9": 0.015938275,
    "p99.99": 0.019867981
  },
  "firstByteHistogram": {
    "0.00243431": 1,
    "0.004410505800000001": 5135,
    "0.006386701600000001": 8233,
    "0.008362897400000001": 1661,
    "0.010339093200000002": 348,
    "0.012315289000000002": 91,
    "0.014291484800000002": 24,
    "0.0162676806": 11,
    "0.0182438764": 11,
    "0.0202200722": 2,
    "0.022196268": 1
  },
  "firstBytePercentiles": {
    "p10": 0.00375196,
    "p25": 0.00419979,
    "p50": 0.004839698,
    "p75": 0.005700647,
    "p90": 0.006777263,
    "p95": 0.007715409,
    "p99": 0.010094503,
    "p99.9": 0.015917957,
    "p99.99": 0.019843811
  },
  "rps": {
    "mean": 1552.049851666085,
    "stddev": 289.8722357121864,
    "max": 2368.961946718176,
    "min": 316.75196621143726,
    "percentiles": {
      "p10": 1129.982318036749,
      "p25": 1378.3202010743212,
      "p50": 1603.0821315084086,
      "p75": 1743.988982913834,
      "p90": 1887.342037335299,
      "p95": 1968.636180530766,
      "p99": 2140.532010079056,
      "p99.9": 2281.183204104307,
      "p99.99": 2368.961946718176
    }
  },
  "details": {
    "DNSDialup": {
      "average": 0.0008924428749999999,
      "fastest": 0.000474038,
      "slowest": 0.00174329
    },
    "DNSLookup": {
      "average": 0.000072754875,
      "fastest": 0.000028662,
      "slowest": 0.000118758
    },
    "firstByte": {
      "average": 0.005134018243008117,
      "fastest": 0.00243431,
      "slowest": 0.022196268
    }
  },
  "statusCodeDistribution": {
    "200": 15518
  },
  "errorDistribution": {
    "aborted due to deadline": 8
  }
}