{
  "summary": {
    "successRate": 1.0,
    "total": 10.004554863,
    "slowest": 0.081371416,
    "fastest": 0.006615895,
    "average": 0.02644709757815854,
    "requestsPerSec": 1210.4486572197832,
    "totalData": 3478464,
    "sizePerRequest": 288,
    "sizePerSec": 347688.03286435636
  },
  "metrics": {
    "success_rate": 1.0,
    "requests_per_sec": 1210.4486572197832,
    "latency_ms": {
      "min": 6.616,
      "mean": 26.447,
      "p50": 24.909,
      "p95": 39.698,
      "p99": 56.258,
      "max": 81.371
    }
  },
  "responseTimeHistogram": {
    "0.006615895": 1,
    "0.014091447100000001": 23,
    "0.0215669992": 2368,
    "0.0290425513": 6994,
    "0.0365181034": 1811,
    "0.043993655500000006": 485,
    "0.0514692076": 184,
    "0.0589447597": 140,
    "0.0664203118": 50,
    "0.0738958639": 10,
    "0.081371416": 12
  },
  "latencyPercentiles": {
    "p10": 0.019780489,
    "p25": 0.022290887,
    "p50": 0.024908513,
    "p75": 0.02842248,
    "p90": 0.034256195,
    "p95": 0.039697671,
    "p99": 0.056257803,
    "p99.9": 0.072188249,
    "p99.99": 0.080357324
  },
  "firstByteHistogram": {
    "0.006606825": 1,
    "0.0140823648": 23,
    "0.0215579046": 2368,
    "0.0290334444": 6994,
    "0.0365089842": 1812,
    "0.043984524": 485,
    "0.0514600638": 183,
    "0.0589356036": 140,
    "0.0664111434": 50,
    "0.0738866832": 10,
    "0.081362223": 12
  },
  "firstBytePercentiles": {
    "p10": 0.019772203,
    "p25": 0.022279788,
    "p50": 0.024902324,
    "p75": 0.028413545,
    "p90": 0.034240303,
    "p95": 0.039687718,
    "p99": 0.056250013,
    "p99.9": 0.072178053,
    "p99.99": 0.080348567
  },
  "rps": {
    "mean": 1201.147264773363,
    "stddev": 478.1209864275953,
    "max": 2631.9925857821686,
    "min": 46.59470735378563,
    "percentiles": {
      "p10": 594.951385332398,
      "p25": 871.7396392654128,
      "p50": 1175.4212576216662,
      "p75": 1524.0747418445874,
      "p90": 1828.4369484850301,
      "p95": 2051.8818321252825,
      "p99": 2427.5367503510674,
      "p99.9": 2616.923076278916,
      "p99.99": 2631.9925857821686
    }
  },
  "details": {
    "DNSDialup": {
      "average": 0.0012967672499999998,
      "fastest": 0.00043578,
      "slowest": 0.002510428
    },
    "DNSLookup": {
      "average": 0.000030080187499999993,
      "fastest": 0.000013705,
      "slowest": 0.000096253
    },
    "firstByte": {
      "average": 0.026435147027239612,
      "fastest": 0.006606825,
      "slowest": 0.081362223
    }
  },
  "statusCodeDistribution": {
    "200": 12078
  },
  "errorDistribution": {
    "aborted due to deadline": 32
  }
}