   Compiling proc-macro2 v1.0.107
   Compiling quote v1.0.47
   Compiling unicode-ident v1.0.24
   Compiling serde_core v1.0.229
   Compiling cfg-if v1.0.4
   Compiling serde v1.0.229
   Compiling libc v0.2.189
   Compiling foldhash v0.2.0
   Compiling memchr v2.8.3
   Compiling syn v3.0.4
   Compiling syn v2.0.119
   Compiling itoa v1.0.18
   Compiling equivalent v1.0.2
   Compiling log v0.4.34
   Compiling allocator-api2 v0.2.21
   Compiling bitflags v2.13.1
   Compiling typenum v1.20.1
   Compiling hashbrown v0.17.1
   Compiling pin-project-lite v0.2.17
   Compiling zmij v1.0.23
   Compiling anyhow v1.0.104
   Compiling futures-core v0.3.34
   Compiling version_check v0.9.5
   Compiling once_cell v1.21.4
   Compiling parking_lot_core v0.9.12
   Compiling jobserver v0.1.35
   Compiling errno v0.3.14
   Compiling shlex v2.0.1
   Compiling scopeguard v1.2.0
   Compiling find-msvc-tools v0.1.11
   Compiling lock_api v0.4.14
   Compiling cc v1.4.4
   Compiling signal-hook-registry v1.4.8
   Compiling futures-sink v0.3.34
   Compiling mio v1.2.2
   Compiling indexmap v2.14.0
   Compiling serde_json v1.0.151
   Compiling socket2 v0.6.5
   Compiling serde_derive v1.0.229
   Compiling thiserror-impl v2.0.20
   Compiling tokio-macros v2.7.2
   Compiling futures-macro v0.3.34
   Compiling futures-channel v0.3.34
   Compiling generic-array v0.14.7
   Compiling futures-io v0.3.34
   Compiling futures-task v0.3.34
   Compiling slab v0.4.12
   Compiling futures-util v0.3.34
   Compiling base64 v0.22.1
   Compiling thiserror v2.0.20
   Compiling fnv v1.0.7
   Compiling heck v0.5.0
   Compiling percent-encoding v2.3.2
   Compiling pkg-config v0.3.34
   Compiling synstructure v0.13.2
   Compiling libm v0.2.16
   Compiling zerofrom-derive v0.1.7
   Compiling smallvec v1.15.2
   Compiling bytes v1.12.1
   Compiling parking_lot v0.12.5
   Compiling tokio v1.53.1
   Compiling yoke-derive v0.8.2
   Compiling stable_deref_trait v1.2.1
   Compiling either v1.18.0
   Compiling zerofrom v0.1.8
   Compiling tracing-core v0.1.36
   Compiling yoke v0.8.3
   Compiling autocfg v1.5.1
   Compiling num-traits v0.2.19
   Compiling zeroize_derive v1.5.0
   Compiling zerovec-derive v0.11.6
   Compiling hybrid-array v0.4.14
   Compiling cpufeatures v0.3.0
   Compiling zeroize v1.9.0
   Compiling tracing-attributes v0.1.31
   Compiling displaydoc v0.2.7
   Compiling zerovec v0.11.8
   Compiling cmov v0.5.4
   Compiling ctutils v0.4.2
   Compiling crypto-common v0.2.2
   Compiling block-buffer v0.12.1
   Compiling tracing v0.1.44
   Compiling tokio-util v0.7.19
   Compiling block-buffer v0.10.4
   Compiling crypto-common v0.1.7
   Compiling const-oid v0.10.2
   Compiling digest v0.10.7
   Compiling digest v0.11.3
   Compiling tinystr v0.8.4
   Compiling itertools v0.14.0
   Compiling getrandom v0.2.17
   Compiling writeable v0.6.4
   Compiling litemap v0.8.3
   Compiling icu_locale_core v2.3.0
   Compiling potential_utf v0.1.6
   Compiling zerotrie v0.2.5
   Compiling cmake v0.1.58
   Compiling dunce v1.0.5
   Compiling fs_extra v1.3.0
   Compiling utf8_iter v1.0.4
   Compiling icu_normalizer_data v2.3.0
   Compiling icu_properties_data v2.3.0
   Compiling icu_collections v2.3.0
   Compiling aws-lc-sys v0.44.0
   Compiling icu_provider v2.3.1
   Compiling async-trait v0.1.92
   Compiling semver v1.0.28
   Compiling rand_core v0.10.1
   Compiling iana-time-zone v0.1.65
   Compiling getrandom v0.4.3
   Compiling rustix v1.1.4
   Compiling zerocopy v0.8.56
   Compiling chrono v0.4.45
   Compiling sha2 v0.11.0
   Compiling hashbrown v0.16.1
   Compiling cpufeatures v0.2.17
   Compiling wasmtime-internal-core v47.0.4
   Compiling linux-raw-sys v0.12.1
   Compiling icu_properties v2.3.0
   Compiling icu_normalizer v2.3.0
   Compiling http v1.5.0
   Compiling ring v0.17.14
   Compiling strsim v0.11.1
   Compiling aws-lc-rs v1.18.0
   Compiling idna_adapter v1.2.2
   Compiling rustls-pki-types v1.15.1
   Compiling form_urlencoded v1.2.2
   Compiling subtle v2.6.1
   Compiling ipnet v2.12.1
   Compiling cranelift-bitset v0.134.4
   Compiling idna v1.1.0
   Compiling untrusted v0.7.1
   Compiling regex-syntax v0.8.11
   Compiling untrusted v0.9.0
   Compiling ident_case v1.0.1
   Compiling getrandom v0.3.4
   Compiling url v2.5.8
   Compiling http-body v1.1.0
   Compiling aho-corasick v1.1.5
   Compiling target-lexicon v0.13.5
   Compiling leb128fmt v0.1.0
   Compiling crc32fast v1.5.1
   Compiling regex-automata v0.4.18
   Compiling cranelift-srcgen v0.134.4
   Compiling tinyvec_macros v0.1.1
   Compiling rustls v0.23.43
   Compiling cranelift-assembler-x64-meta v0.134.4
   Compiling tinyvec v1.12.0
   Compiling sha2 v0.10.9
   Compiling chacha20 v0.10.1
   Compiling tower-service v0.3.3
   Compiling httparse v1.10.1
   Compiling rand v0.10.2
   Compiling unicode-normalization v0.1.25
   Compiling pulley-macros v47.0.4
   Compiling atomic-waker v1.1.2
   Compiling try-lock v0.2.5
   Compiling h2 v0.4.19
   Compiling want v0.3.1
   Compiling cranelift-entity v0.134.4
   Compiling gimli v0.33.0
   Compiling cobs v0.3.0
   Compiling httpdate v1.0.3
   Compiling cranelift-isle v0.134.4
   Compiling postcard v1.1.3
   Compiling cranelift-bforest v0.134.4
   Compiling hyper v1.11.0
   Compiling pulley-interpreter v47.0.4
   Compiling uuid v1.26.0
   Compiling sync_wrapper v1.0.2
   Compiling id-arena v2.3.0
   Compiling crossbeam-utils v0.8.22
   Compiling cranelift-codegen-shared v0.134.4
   Compiling tower-layer v0.3.3
   Compiling ryu v1.0.23
   Compiling regex v1.13.1
   Compiling cranelift-codegen-meta v0.134.4
   Compiling cranelift-assembler-x64 v0.134.4
   Compiling http-body-util v0.1.5
   Compiling cpp_demangle v0.5.1
   Compiling openssl-probe v0.2.1
   Compiling object v0.39.1
   Compiling rustversion v1.0.23
   Compiling io-lifetimes v2.0.4
   Compiling rustls-native-certs v0.8.4
   Compiling tower v0.5.3
   Compiling hyper-util v0.1.20
   Compiling wasmparser v0.252.0
   Compiling cranelift-codegen v0.134.4
   Compiling ppv-lite86 v0.2.21
   Compiling prost-derive v0.14.4
   Compiling md-5 v0.11.0
   Compiling zstd-sys v2.0.16+zstd.1.5.7
   Compiling wasmtime-internal-versioned-export-macros v47.0.4
   Compiling serde_derive_internals v0.29.1
   Compiling bumpalo v3.20.3
   Compiling wasmtime-internal-component-util v47.0.4
   Compiling crossbeam-epoch v0.9.20
   Compiling unicode-bidi v0.3.18
   Compiling termcolor v1.4.1
   Compiling unicode-properties v0.1.4
   Compiling arbitrary v1.4.2
   Compiling schemars v0.8.22
   Compiling rustc-hash v2.1.3
   Compiling regalloc2 v0.15.2
   Compiling cranelift-control v0.134.4
   Compiling wasmprinter v0.252.0
   Compiling stringprep v0.1.5
   Compiling schemars_derive v0.8.22
   Compiling wasm-encoder v0.252.0
   Compiling hmac v0.13.0
   Compiling ref-cast v1.0.27
   Compiling dyn-clone v1.0.20
   Compiling fallible-iterator v0.2.0
   Compiling rustc-demangle v0.1.28
   Compiling byteorder v1.5.0
   Compiling wasmtime-environ v47.0.4
   Compiling postgres-protocol v0.6.12
   Compiling darling_core v0.24.1
   Compiling ref-cast-impl v1.0.27
   Compiling ahash v0.8.12
   Compiling lazy_static v1.5.0
   Compiling zstd-safe v7.2.4
   Compiling crossbeam-deque v0.8.7
   Compiling siphasher v1.0.3
   Compiling phf_shared v0.13.1
   Compiling darling_macro v0.24.1
   Compiling fs-set-times v0.20.3
   Compiling darling_core v0.20.11
   Compiling rustix-linux-procfs v0.1.1
   Compiling signature v2.2.0
   Compiling wasmtime-internal-unwinder v47.0.4
   Compiling maybe-owned v0.3.4
   Compiling winnow v1.0.4
   Compiling ambient-authority v0.0.2
   Compiling io-lifetimes v3.0.1
   Compiling thiserror v1.0.69
   Compiling borrow-or-share v0.2.4
   Compiling rayon-core v1.13.0
   Compiling fluent-uri v0.3.2
   Compiling toml_parser v1.1.3+spec-1.1.0
   Compiling darling_macro v0.20.11
   Compiling darling v0.24.1
   Compiling phf v0.13.1
   Compiling wamn-execution-contract v0.1.0 (/home/kaalin/.cache/wamn-lanes/receiving-correctness-20260909/components/execution/contract)
   Compiling postgres-types v0.2.14
   Compiling wit-parser v0.252.0
   Compiling wasmtime-internal-fiber v47.0.4
   Compiling rand_core v0.9.5
   Compiling opentelemetry v0.31.0
   Compiling thiserror-impl v1.0.69
   Compiling serde_spanned v1.1.1
   Compiling toml_datetime v0.7.5+spec-1.1.0
   Compiling whoami v2.1.3
   Compiling dirs-sys-next v0.1.2
   Compiling wasmtime-internal-component-macro v47.0.4
   Compiling appendlist v1.4.0
   Compiling wasmtime-internal-cache v47.0.4
   Compiling io-extras v0.19.0
   Compiling base64ct v1.8.3
   Compiling toml_writer v1.1.2+spec-1.1.0
   Compiling unicode-segmentation v1.13.3
   Compiling wasmtime-internal-cranelift v47.0.4
   Compiling leb128 v0.2.7
   Compiling hex v0.4.3
   Compiling winnow v0.7.15
   Compiling prost v0.14.4
   Compiling wast v35.0.2
   Compiling toml v0.9.12+spec-1.1.0
   Compiling pem-rfc7468 v0.7.0
   Compiling boon v0.6.1
   Compiling rustls-webpki v0.103.15
   Compiling directories-next v2.0.0
   Compiling cranelift-frontend v0.134.4
   Compiling cranelift-native v0.134.4
   Compiling tokio-postgres v0.7.18
   Compiling wasmtime-internal-wit-bindgen v47.0.4
   Compiling zstd v0.13.3
   Compiling darling v0.20.11
   Compiling tokio-rustls v0.26.4
   Compiling wasmtime v47.0.4
   Compiling rustc_version v0.4.1
   Compiling rand_core v0.6.4
   Compiling tokio-stream v0.1.19
   Compiling pin-project-internal v1.1.13
   Compiling cap-primitives v4.0.3
   Compiling simd-adler32 v0.3.10
   Compiling adler2 v2.0.1
   Compiling fastrand v2.5.0
   Compiling mime v0.3.17
   Compiling foldhash v0.1.5
   Compiling prettyplease v0.2.37
   Compiling const-oid v0.9.6
   Compiling der v0.7.10
   Compiling hashbrown v0.15.5
   Compiling axum-core v0.5.6
   Compiling pin-project v1.1.13
   Compiling miniz_oxide v0.8.9
   Compiling curve25519-dalek v4.1.3
   Compiling hyper-rustls v0.27.9
   Compiling rustls-platform-verifier v0.7.0
   Compiling derive_builder_core v0.20.2
   Compiling rayon v1.12.0
   Compiling witx v0.9.1
   Compiling prost-types v0.14.4
   Compiling rand_chacha v0.9.0
   Compiling tower-http v0.6.11
   Compiling serde_urlencoded v0.7.1
   Compiling addr2line v0.26.1
   Compiling wasmtime-internal-jit-icache-coherence v47.0.4
   Compiling memfd v0.6.5
   Compiling wamn-event-wire v0.1.0 (/home/kaalin/.cache/wamn-lanes/receiving-correctness-20260909/components/events/wire)
   Compiling wasmparser v0.253.0
   Compiling futures v0.3.34
   Compiling deranged v0.5.8
   Compiling encoding_rs v0.8.35
   Compiling matchit v0.8.4
   Compiling io-extras v0.18.4
   Compiling time-core v0.1.9
   Compiling num-conv v0.2.2
   Compiling konst_macro_rules v0.2.19
   Compiling fixedbitset v0.5.7
   Compiling cap-std v4.0.3
   Compiling powerfmt v0.2.0
   Compiling unicode-xid v0.2.6
   Compiling wiggle-macro v47.0.4
   Compiling tempfile v3.27.0
   Compiling const_format_proc_macros v0.2.34
   Compiling time v0.3.55
   Compiling petgraph v0.8.3
   Compiling konst v0.2.20
   Compiling axum v0.8.9
   Compiling reqwest v0.13.4
   Compiling rand v0.9.5
   Compiling wiggle-generate v47.0.4
   Compiling derive_builder_macro v0.20.2
   Compiling flate2 v1.1.9
   Compiling spki v0.7.3
   Compiling rand_chacha v0.3.1
   Compiling hyper-timeout v0.5.2
   Compiling wasmparser v0.254.0
   Compiling curve25519-dalek-derive v0.1.1
   Compiling cap-fs-ext v4.0.3
   Compiling prettyplease v0.3.0
   Compiling cap-primitives v3.4.6
   Compiling multimap v0.10.1
   Compiling portable-atomic v1.15.0
   Compiling prost-build v0.14.4
   Compiling tonic v0.14.6
   Compiling rand v0.8.8
   Compiling pkcs8 v0.10.2
   Compiling derive_builder v0.20.2
   Compiling wasm-encoder v0.253.0
   Compiling const_format v0.2.36
   Compiling pbjson-build v0.8.0
   Compiling ed25519 v2.2.3
   Compiling sharded-slab v0.1.7
   Compiling castaway v0.2.4
   Compiling matchers v0.2.0
   Compiling webpki-roots v1.0.9
   Compiling tracing-log v0.2.0
   Compiling tracing-serde v0.2.0
   Compiling futures-executor v0.3.34
   Compiling strum_macros v0.28.0
   Compiling strum_macros v0.27.2
   Compiling getset v0.1.7
   Compiling thread_local v1.1.10
   Compiling deunicode v1.6.2
   Compiling static_assertions v1.1.0
   Compiling strum v0.27.2
   Compiling nu-ansi-term v0.50.3
   Compiling cap-std v3.4.6
   Compiling unicode-width v0.2.2
   Compiling wamn-component-policy v0.1.0 (/home/kaalin/.cache/wamn-lanes/receiving-correctness-20260909/crates/platform/component-policy)
   Compiling signal-hook v0.3.18
   Compiling unicode-truncate v2.0.1
   Compiling wamn-catalog v0.1.0 (/home/kaalin/.cache/wamn-lanes/receiving-correctness-20260909/crates/catalog/model)
   Compiling tracing-subscriber v0.3.23
   Compiling oci-spec v0.9.0
warning: function `canonical_serialized` is never used
   --> crates/catalog/model/src/lib.rs:792:4
    |
792 | fn canonical_serialized(value: &impl Serialize) -> Vec<u8> {
    |    ^^^^^^^^^^^^^^^^^^^^
    |
    = note: `#[warn(dead_code)]` (part of `#[warn(unused)]`) on by default

   Compiling slug v0.1.6
   Compiling compact_str v0.9.1
   Compiling strum v0.28.0
   Compiling wasmtime-wasi-io v47.0.4
   Compiling wiggle v47.0.4
   Compiling opentelemetry_sdk v0.31.0
warning: `wamn-catalog` (lib) generated 1 warning
   Compiling pbjson-types v0.8.0
   Compiling ed25519-dalek v2.2.0
   Compiling wasm-encoder v0.254.0
   Compiling wasm-metadata v0.253.0
   Compiling tonic-prost v0.14.6
   Compiling signatory v0.27.1
   Compiling wit-parser v0.253.0
   Compiling jsonwebtoken v10.4.0
   Compiling convert_case v0.10.0
   Compiling olpc-cjson v0.1.4
   Compiling kasuari v0.4.12
   Compiling num-integer v0.1.47
   Compiling lru v0.18.4
   Compiling http-auth v0.1.10
   Compiling data-encoding v2.11.0
   Compiling wamn-pg-core v0.1.0 (/home/kaalin/.cache/wamn-lanes/receiving-correctness-20260909/crates/platform/pg-core)
   Compiling instability v0.3.13
   Compiling unicase v2.9.0
   Compiling names v0.14.0
   Compiling oci-client v0.17.0
   Compiling nkeys v0.4.5
   Compiling ratatui-core v0.1.2
   Compiling num-bigint v0.4.8
   Compiling wit-component v0.253.0
   Compiling derive_more-impl v2.1.1
   Compiling bon-macros v3.10.0
   Compiling wasm-metadata v0.254.0
   Compiling wasmtime-wasi v47.0.4
   Compiling opentelemetry-proto v0.31.0
   Compiling jmespath v0.3.0
   Compiling wit-parser v0.254.0
   Compiling opentelemetry-http v0.31.0
   Compiling arc-swap v1.9.2
   Compiling crossbeam-channel v0.5.16
   Compiling combine v4.6.8
   Compiling deadpool-runtime v0.3.1
   Compiling tryhard v0.5.2
   Compiling itertools v0.13.0
   Compiling pbjson v0.8.0
   Compiling serde_nanos v0.1.4
   Compiling wamn-control-registry v0.1.0 (/home/kaalin/.cache/wamn-lanes/receiving-correctness-20260909/crates/control/registry)
   Compiling serde_repr v0.1.21
   Compiling spin v0.10.1
   Compiling utf8parse v0.2.2
   Compiling indoc v2.0.7
   Compiling home v0.5.12
   Compiling tagptr v0.2.0
   Compiling litrs v1.0.0
   Compiling humantime v2.4.0
   Compiling moka v0.12.16
   Compiling document-features v0.2.12
   Compiling etcetera v0.10.0
   Compiling redis v0.27.6
   Compiling anstyle-parse v1.0.0
   Compiling crc-fast v1.10.0
   Compiling async-nats v0.49.1
   Compiling wit-component v0.254.0
   Compiling deadpool v0.13.1
   Compiling bon v3.10.0
   Compiling opentelemetry-otlp v0.31.1
   Compiling signal-hook-mio v0.2.5
   Compiling cap-net-ext v3.4.6
   Compiling oci-wasm v0.6.0
   Compiling derive_more v2.1.1
   Compiling wamn-run-state v0.1.0 (/home/kaalin/.cache/wamn-lanes/receiving-correctness-20260909/crates/execution/run-state)
   Compiling opentelemetry-appender-tracing v0.31.1
   Compiling tracing-opentelemetry v0.32.1
   Compiling webpki-roots v0.26.11
   Compiling wamn-schema-introspection v0.1.0 (/home/kaalin/.cache/wamn-lanes/receiving-correctness-20260909/crates/schema/introspection)
   Compiling itertools v0.15.0
   Compiling quick-xml v0.41.0
   Compiling docker_credential v1.4.0
   Compiling wasmtime-wasi-http v47.0.4
   Compiling sysinfo v0.32.1
   Compiling hostname v0.4.2
   Compiling colorchoice v1.0.5
   Compiling opentelemetry-semantic-conventions v0.31.0
   Compiling anstyle-query v1.1.5
   Compiling anstyle v1.0.14
   Compiling is_terminal_polyfill v1.70.2
   Compiling anstream v1.0.0
   Compiling object_store v0.14.1
   Compiling wamn-schema-generator v0.1.0 (/home/kaalin/.cache/wamn-lanes/receiving-correctness-20260909/crates/schema/generator)
   Compiling wash-runtime v2.9.0 (https://github.com/wasmCloud/wasmCloud?rev=68ebece9c537f8bb4b5c9999f274ec68d60f35a9#68ebece9)
   Compiling crossterm v0.29.0
   Compiling deadpool-postgres v0.14.2
   Compiling wamn-router v0.1.0 (/home/kaalin/.cache/wamn-lanes/receiving-correctness-20260909/crates/execution/router)
   Compiling wamn-platform-identity v0.1.0 (/home/kaalin/.cache/wamn-lanes/receiving-correctness-20260909/crates/identity/platform)
   Compiling line-clipping v0.3.8
   Compiling clap_lex v1.1.0
   Compiling clap_builder v4.6.6
   Compiling ratatui-widgets v0.3.2
   Compiling ratatui-crossterm v0.1.2
   Compiling wamn-event-reg v0.1.0 (/home/kaalin/.cache/wamn-lanes/receiving-correctness-20260909/components/events/registration)
   Compiling wamn-client v0.1.0 (/home/kaalin/.cache/wamn-lanes/receiving-correctness-20260909/crates/client/core)
   Compiling clap_derive v4.6.4
   Compiling wamn-client-tui v0.1.0 (/home/kaalin/.cache/wamn-lanes/receiving-correctness-20260909/crates/client/tui)
   Compiling wamn-schema-control v0.1.0 (/home/kaalin/.cache/wamn-lanes/receiving-correctness-20260909/crates/schema/control)
   Compiling ratatui v0.30.2
   Compiling wamn-control-provision v0.1.0 (/home/kaalin/.cache/wamn-lanes/receiving-correctness-20260909/crates/control/provision)
   Compiling clap v4.6.6
   Compiling wamn-authoring-model v0.1.0 (/home/kaalin/.cache/wamn-lanes/receiving-correctness-20260909/crates/authoring/model)
   Compiling wamn-client-terminal v0.1.0 (/home/kaalin/.cache/wamn-lanes/receiving-correctness-20260909/crates/client/terminal)
   Compiling pg_walstream v0.8.0 (https://github.com/dkkloimwieder/pg-walstream?rev=0b007cd627bb913d4b159c705a106b6d4152c91a#0b007cd6)
   Compiling wamn-gate-harness v0.1.0 (/home/kaalin/.cache/wamn-lanes/receiving-correctness-20260909/test-support/harness)
warning: type does not implement `std::fmt::Debug`; consider adding `#[derive(Debug)]` or a manual implementation
  --> test-support/harness/src/ceiling.rs:72:1
   |
72 | / pub struct Ramp {
73 | |     tolerance: f64,
74 | |     max_levels: usize,
75 | |     levels: Vec<LevelStats>,
...  |
82 | |     retrying: bool,
83 | | }
   | |_^
   |
   = note: requested on the command line with `-W missing-debug-implementations`

   Compiling wamn-test-infrastructure v0.1.0 (/home/kaalin/.cache/wamn-lanes/receiving-correctness-20260909/test-support/infrastructure)
   Compiling bit-vec v0.8.0
   Compiling bit-set v0.8.0
warning: `wamn-gate-harness` (lib) generated 1 warning
   Compiling rand_xorshift v0.4.0
   Compiling unarray v0.1.4
   Compiling proptest v1.11.0
   Compiling wamn-runtime v0.1.0 (/home/kaalin/.cache/wamn-lanes/receiving-correctness-20260909/crates/platform/runtime)
warning: the item `Future` is imported redundantly
 --> crates/platform/runtime/src/connection_authority.rs:3:5
  |
3 | use std::future::Future;
  |     ^^^^^^^^^^^^^^^^^^^
  |
 --> /rustc/88d9e12ae178fab0fb5cc050a94da85685d449ea/library/std/src/prelude/mod.rs:166:12
  |
  = note: the item `Future` is already defined here
  |
  = note: requested on the command line with `-W redundant-imports`

warning: the item `Future` is imported redundantly
 --> crates/platform/runtime/src/plugins/wamn_postgres/pool.rs:7:5
  |
7 | use std::future::Future;
  |     ^^^^^^^^^^^^^^^^^^^
  |
 --> /rustc/88d9e12ae178fab0fb5cc050a94da85685d449ea/library/std/src/prelude/mod.rs:166:12
  |
  = note: the item `Future` is already defined here

warning: constant `HTTP_CONTRACT` is never used
  --> crates/platform/runtime/src/plugins/connection_http.rs:51:7
   |
51 | const HTTP_CONTRACT: &str = "wamn:connection/http@0.1.0";
   |       ^^^^^^^^^^^^^
   |
   = note: `#[warn(dead_code)]` (part of `#[warn(unused)]`) on by default

warning: type does not implement `std::fmt::Debug`; consider adding `#[derive(Debug)]` or a manual implementation
   --> crates/platform/runtime/src/plugins/connection_http.rs:111:1
    |
111 | / pub struct ConnectionHttp {
112 | |     postgres: Arc<WamnPostgres>,
113 | |     vault: Arc<WamnCredentials>,
114 | |     tenant: Box<str>,
...   |
130 | |     invocations: std::sync::RwLock<HashMap<String, ConnectionInvocation>>,
131 | | }
    | |_^
    |
    = note: requested on the command line with `-W missing-debug-implementations`

warning: type does not implement `std::fmt::Debug`; consider adding `#[derive(Debug)]` or a manual implementation
  --> crates/platform/runtime/src/plugins/wamn_credentials.rs:27:1
   |
27 | / pub struct WamnCredentials {
28 | |     /// Whether ANY backing source was configured. Distinguishes `unavailable`
29 | |     /// (no source — retryable) from `not-found` (source present, name absent —
30 | |     /// config-shaped).
...  |
33 | |     projects: HashMap<String, HashMap<String, String>>,
34 | | }
   | |_^

warning: type does not implement `std::fmt::Debug`; consider adding `#[derive(Debug)]` or a manual implementation
   --> crates/platform/runtime/src/plugins/wamn_jetstream.rs:544:1
    |
544 | / pub struct WamnJetstream {
545 | |     nats_url: Option<String>,
546 | |     /// Lazily-connected, memoized JetStream context. A `Mutex<Option<_>>` (not a
547 | |     /// `OnceCell`) so a transient connect failure is retried on the next call
...   |
569 | |     dlq_depth: Arc<DeadLetterDepth>,
570 | | }
    | |_^

warning: type does not implement `std::fmt::Debug`; consider adding `#[derive(Debug)]` or a manual implementation
    --> crates/platform/runtime/src/plugins/wamn_jetstream.rs:1209:1
     |
1209 | / pub struct JsConsumer {
1210 | |     consumer: Consumer<PullConfig>,
1211 | |     dead_letter: Option<DeadLetterIdentity>,
1212 | | }
     | |_^

warning: type does not implement `std::fmt::Debug`; consider adding `#[derive(Debug)]` or a manual implementation
    --> crates/platform/runtime/src/plugins/wamn_jetstream.rs:1216:1
     |
1216 | / pub struct JsMessage {
1217 | |     msg: async_nats::jetstream::Message,
1218 | |     dead_letter: Option<DeadLetterIdentity>,
1219 | | }
     | |_^

warning: type does not implement `std::fmt::Debug`; consider adding `#[derive(Debug)]` or a manual implementation
   --> crates/platform/runtime/src/plugins/wamn_logging.rs:213:1
    |
213 | / pub struct Capture {
214 | |     records: std::sync::Mutex<Vec<CapturedRec>>,
215 | | }
    | |_^

warning: type does not implement `std::fmt::Debug`; consider adding `#[derive(Debug)]` or a manual implementation
   --> crates/platform/runtime/src/plugins/wamn_logging.rs:235:1
    |
235 | / pub struct WamnLogging {
236 | |     /// component id → host-trusted {tenant, project}.
237 | |     claims: std::sync::RwLock<HashMap<String, Claim>>,
238 | |     /// Bounded front queue; `try_send` keeps `log()` non-blocking.
...   |
243 | |     _drain: tokio::task::JoinHandle<()>,
244 | | }
    | |_^

warning: type does not implement `std::fmt::Debug`; consider adding `#[derive(Debug)]` or a manual implementation
   --> crates/platform/runtime/src/plugins/wamn_postgres/claims.rs:55:1
    |
 55 | / pub struct WamnPostgres {
 56 | |     /// Resolves a project id → its database connection + policy.
 57 | |     provider: Arc<dyn CredentialProvider>,
 58 | |     /// Guest-visible project pools, built lazily and never shared with host-owned
...   |
121 | |     pub(super) bind_counters: super::BindCounters,
122 | | }
    | |_^

warning: type does not implement `std::fmt::Debug`; consider adding `#[derive(Debug)]` or a manual implementation
   --> crates/platform/runtime/src/plugins/wamn_postgres/pool.rs:339:1
    |
339 | / pub struct StaticCredentialProvider {
340 | |     projects: HashMap<String, ProjectConfig>,
341 | | }
    | |_^

warning: type does not implement `std::fmt::Debug`; consider adding `#[derive(Debug)]` or a manual implementation
   --> crates/platform/runtime/src/plugins/wamn_postgres/pool.rs:514:1
    |
514 | / pub struct K8sSecretProvider {
515 | |     pub namespace: String,
516 | | }
    | |_^

warning: type does not implement `std::fmt::Debug`; consider adding `#[derive(Debug)]` or a manual implementation
   --> crates/platform/runtime/src/plugins/wamn_postgres/resources.rs:99:1
    |
 99 | / pub struct PgTransaction {
100 | |     state: SharedTxnState,
101 | |     destroyed: Arc<AtomicU64>,
102 | |     cursor_seq: u32,
103 | |     /// Row limit of the project this transaction's connection belongs to.
104 | |     row_limit: u64,
105 | | }
    | |_^

warning: type does not implement `std::fmt::Debug`; consider adding `#[derive(Debug)]` or a manual implementation
   --> crates/platform/runtime/src/plugins/wamn_postgres/resources.rs:145:1
    |
145 | / pub struct PgCursor {
146 | |     state: SharedTxnState,
147 | |     destroyed: Arc<AtomicU64>,
148 | |     name: String,
149 | | }
    | |_^

warning: type does not implement `std::fmt::Debug`; consider adding `#[derive(Debug)]` or a manual implementation
   --> crates/platform/runtime/src/wiring_doorbell.rs:145:1
    |
145 | / pub struct WiringDoorbellListener {
146 | |     shutdown: tokio::sync::watch::Sender<bool>,
147 | |     task: tokio::task::JoinHandle<()>,
148 | | }
    | |_^

   Compiling wamn-ctl v0.1.0 (/home/kaalin/.cache/wamn-lanes/receiving-correctness-20260909/services/ctl)
   Compiling wamn-scenario-worker v0.1.0 (/home/kaalin/.cache/wamn-lanes/receiving-correctness-20260909/services/scenario-worker)
   Compiling wamn-execution-host v0.1.0 (/home/kaalin/.cache/wamn-lanes/receiving-correctness-20260909/crates/execution/host)
warning: type does not implement `std::fmt::Debug`; consider adding `#[derive(Debug)]` or a manual implementation
   --> services/scenario-worker/src/authoring.rs:218:1
    |
218 | / pub struct InternalAuthoringBackend {
219 | |     authority: InternalDevAdmin,
220 | |     client: Client,
221 | |     connection_task: tokio::task::JoinHandle<()>,
222 | |     tenant_id: Box<str>,
223 | |     source_schema: BareSchemaName,
224 | | }
    | |_^
    |
    = note: requested on the command line with `-W missing-debug-implementations`

warning: type does not implement `std::fmt::Debug`; consider adding `#[derive(Debug)]` or a manual implementation
   --> services/scenario-worker/src/store/admission.rs:316:1
    |
316 | / pub struct AdmissionSurface {
317 | |     /// The explicit credential and exact server-side predicates are retained so
318 | |     /// every replacement physical connection is checked identically.
319 | |     probe: CredentialExactnessProbe,
...   |
322 | |     tenant_id: Box<str>,
323 | | }
    | |_^

warning: `wamn-scenario-worker` (lib) generated 2 warnings
warning: `wamn-runtime` (lib) generated 16 warnings
warning: function `run_once_stages` is never used
   --> services/ctl/src/dev.rs:603:10
    |
603 | async fn run_once_stages<R>(
    |          ^^^^^^^^^^^^^^^
    |
    = note: `#[warn(dead_code)]` (part of `#[warn(unused)]`) on by default

warning: function `verify_source_package_with_client` is never used
    --> services/ctl/src/push_component.rs:1301:10
     |
1301 | async fn verify_source_package_with_client(
     |          ^^^^^^^^^^^^^^^^^^^^^^^^^^^^^^^^^

   Compiling wamn-proof-integration v0.1.0 (/home/kaalin/.cache/wamn-lanes/receiving-correctness-20260909/tests/integration)
warning: function `models` is never used
  --> tests/integration/src/measurement_schema.rs:25:8
   |
25 | pub fn models(schema: &str) -> Vec<ManagedModel> {
   |        ^^^^^^
   |
   = note: `#[warn(dead_code)]` (part of `#[warn(unused)]`) on by default

warning: field `release` is never read
   --> tests/integration/src/trusted_http_route.rs:110:16
    |
105 | pub struct TrustedHttpRoute {
    |            ---------------- field in this struct
...
110 |     pub(crate) release: Arc<ReleaseManifestWeld>,
    |                ^^^^^^^

warning: type does not implement `std::fmt::Debug`; consider adding `#[derive(Debug)]` or a manual implementation
   --> tests/integration/src/trusted_http_route.rs:105:1
    |
105 | / pub struct TrustedHttpRoute {
106 | |     pub driver: Arc<RouterDriver>,
107 | |     /// The same welded release the driver authorizes. Callers that exercise a
108 | |     /// release-owned ingress plugin must share this exact weld rather than mint
...   |
116 | |     pub wiring_hash: String,
117 | | }
    | |_^
    |
    = note: requested on the command line with `-W missing-debug-implementations`

warning: `wamn-ctl` (lib) generated 2 warnings
warning: `wamn-proof-integration` (lib) generated 3 warnings
error[E0277]: the trait bound `Uuid: serde::Serialize` is not satisfied
   --> tests/integration/tests/receiving_command_histories_live.rs:538:9
    |
538 | /         json!({"case":"history","fixture":fixture.id,"history":history,
539 | |         "completed_steps":completed,"result":if result.is_ok(){"pass"}else{"fail"},
540 | |         "failure":failure,
541 | |         "failure_class":if result.is_ok(){"none"}else if failure.is_some(){"business"}else{"infrastructure"},
542 | |         "error":result.as_ref().err().map(|e|format!("{e:#}"))}),
    | |                                                                ^
    | |                                                                |
    | |________________________________________________________________the trait `Serialize` is not implemented for `Uuid`
    |                                                                  required by a bound introduced by this call
    |
    = note: for local types consider adding `#[derive(serde::Serialize)]` to your `Uuid` type
    = note: for types from other crates check whether the crate offers a `serde` feature flag
    = help: the following other types implement trait `Serialize`:
              &'a T
              &'a mut T
              ()
              (T,)
              (T0, T1)
              (T0, T1, T2)
              (T0, T1, T2, T3)
              (T0, T1, T2, T3, T4)
            and 153 others
    = note: required for `&Uuid` to implement `Serialize`
note: required by a bound in `to_value`
   --> /home/kaalin/.cargo/registry/src/index.crates.io-1949cf8c6b5b557f/serde_json-1.0.151/src/value/mod.rs:997:8
    |
995 | pub fn to_value<T>(value: T) -> Result<Value, Error>
    |        -------- required by a bound in this function
996 | where
997 |     T: Serialize,
    |        ^^^^^^^^^ required by this bound in `to_value`
    = note: this error originates in the macro `$crate::json_internal` which comes from the expansion of the macro `json` (in Nightly builds, run with -Z macro-backtrace for more info)

error[E0277]: the trait bound `Uuid: serde::Serialize` is not satisfied
   --> tests/integration/tests/receiving_command_histories_live.rs:570:9
    |
570 |         json!({"case":"invalid-status","fixture":fixture.id,"result":"pass"}),
    |         ^^^^^^^^^^^^^^^^^^^^^^^^^^^^^^^^^^^^^^^^^^^^^^^^^^^^^^^^^^^^^^^^^^^^^
    |         |
    |         the trait `Serialize` is not implemented for `Uuid`
    |         required by a bound introduced by this call
    |
    = note: for local types consider adding `#[derive(serde::Serialize)]` to your `Uuid` type
    = note: for types from other crates check whether the crate offers a `serde` feature flag
    = help: the following other types implement trait `Serialize`:
              &'a T
              &'a mut T
              ()
              (T,)
              (T0, T1)
              (T0, T1, T2)
              (T0, T1, T2, T3)
              (T0, T1, T2, T3, T4)
            and 153 others
    = note: required for `&Uuid` to implement `Serialize`
note: required by a bound in `to_value`
   --> /home/kaalin/.cargo/registry/src/index.crates.io-1949cf8c6b5b557f/serde_json-1.0.151/src/value/mod.rs:997:8
    |
995 | pub fn to_value<T>(value: T) -> Result<Value, Error>
    |        -------- required by a bound in this function
996 | where
997 |     T: Serialize,
    |        ^^^^^^^^^ required by this bound in `to_value`
    = note: this error originates in the macro `$crate::json_internal` which comes from the expansion of the macro `json` (in Nightly builds, run with -Z macro-backtrace for more info)

error[E0277]: the trait bound `Uuid: serde::Serialize` is not satisfied
   --> tests/integration/tests/receiving_command_histories_live.rs:631:9
    |
631 | /         json!({"case":"mixed-envelope","fixture":fixture.id,
632 | |         "committed_items":2,"refused_items":1,"result":"pass"}),
    | |                                                               ^
    | |                                                               |
    | |_______________________________________________________________the trait `Serialize` is not implemented for `Uuid`
    |                                                                 required by a bound introduced by this call
    |
    = note: for local types consider adding `#[derive(serde::Serialize)]` to your `Uuid` type
    = note: for types from other crates check whether the crate offers a `serde` feature flag
    = help: the following other types implement trait `Serialize`:
              &'a T
              &'a mut T
              ()
              (T,)
              (T0, T1)
              (T0, T1, T2)
              (T0, T1, T2, T3)
              (T0, T1, T2, T3, T4)
            and 153 others
    = note: required for `&Uuid` to implement `Serialize`
note: required by a bound in `to_value`
   --> /home/kaalin/.cargo/registry/src/index.crates.io-1949cf8c6b5b557f/serde_json-1.0.151/src/value/mod.rs:997:8
    |
995 | pub fn to_value<T>(value: T) -> Result<Value, Error>
    |        -------- required by a bound in this function
996 | where
997 |     T: Serialize,
    |        ^^^^^^^^^ required by this bound in `to_value`
    = note: this error originates in the macro `$crate::json_internal` which comes from the expansion of the macro `json` (in Nightly builds, run with -Z macro-backtrace for more info)

error[E0277]: the trait bound `Uuid: serde::Serialize` is not satisfied
   --> tests/integration/tests/receiving_command_histories_live.rs:706:9
    |
706 | /         json!({"case":if same_key{"overlapping-replay"}else{"competing-receipts"},
707 | |         "fixture":fixture.id,"blocked_backends":blocked,"result":"pass"}),
    | |                                                                         ^
    | |                                                                         |
    | |_________________________________________________________________________the trait `Serialize` is not implemented for `Uuid`
    |                                                                           required by a bound introduced by this call
    |
    = note: for local types consider adding `#[derive(serde::Serialize)]` to your `Uuid` type
    = note: for types from other crates check whether the crate offers a `serde` feature flag
    = help: the following other types implement trait `Serialize`:
              &'a T
              &'a mut T
              ()
              (T,)
              (T0, T1)
              (T0, T1, T2)
              (T0, T1, T2, T3)
              (T0, T1, T2, T3, T4)
            and 153 others
    = note: required for `&Uuid` to implement `Serialize`
note: required by a bound in `to_value`
   --> /home/kaalin/.cargo/registry/src/index.crates.io-1949cf8c6b5b557f/serde_json-1.0.151/src/value/mod.rs:997:8
    |
995 | pub fn to_value<T>(value: T) -> Result<Value, Error>
    |        -------- required by a bound in this function
996 | where
997 |     T: Serialize,
    |        ^^^^^^^^^ required by this bound in `to_value`
    = note: this error originates in the macro `$crate::json_internal` which comes from the expansion of the macro `json` (in Nightly builds, run with -Z macro-backtrace for more info)

error[E0277]: the trait bound `Uuid: serde::Serialize` is not satisfied
   --> tests/integration/tests/receiving_command_histories_live.rs:779:9
    |
779 | /         json!({"case":"rollback-after-receipt-write","fixture":fixture.id,
780 | |         "blocked_backends":blocked,"result":"pass"}),
    | |                                                    ^
    | |                                                    |
    | |____________________________________________________the trait `Serialize` is not implemented for `Uuid`
    |                                                      required by a bound introduced by this call
    |
    = note: for local types consider adding `#[derive(serde::Serialize)]` to your `Uuid` type
    = note: for types from other crates check whether the crate offers a `serde` feature flag
    = help: the following other types implement trait `Serialize`:
              &'a T
              &'a mut T
              ()
              (T,)
              (T0, T1)
              (T0, T1, T2)
              (T0, T1, T2, T3)
              (T0, T1, T2, T3, T4)
            and 153 others
    = note: required for `&Uuid` to implement `Serialize`
note: required by a bound in `to_value`
   --> /home/kaalin/.cargo/registry/src/index.crates.io-1949cf8c6b5b557f/serde_json-1.0.151/src/value/mod.rs:997:8
    |
995 | pub fn to_value<T>(value: T) -> Result<Value, Error>
    |        -------- required by a bound in this function
996 | where
997 |     T: Serialize,
    |        ^^^^^^^^^ required by this bound in `to_value`
    = note: this error originates in the macro `$crate::json_internal` which comes from the expansion of the macro `json` (in Nightly builds, run with -Z macro-backtrace for more info)

error[E0277]: the trait bound `Uuid: serde::Serialize` is not satisfied
   --> tests/integration/tests/receiving_command_histories_live.rs:846:9
    |
846 | /         json!({"case":"commit-withheld-application-response","fixture":fixture.id,
847 | |         "suppression_boundary":"after HTTP bytes, before application result delivery","result":"pass"}),
    | |                                                                                                       ^
    | |                                                                                                       |
    | |_______________________________________________________________________________________________________the trait `Serialize` is not implemented for `Uuid`
    |                                                                                                         required by a bound introduced by this call
    |
    = note: for local types consider adding `#[derive(serde::Serialize)]` to your `Uuid` type
    = note: for types from other crates check whether the crate offers a `serde` feature flag
    = help: the following other types implement trait `Serialize`:
              &'a T
              &'a mut T
              ()
              (T,)
              (T0, T1)
              (T0, T1, T2)
              (T0, T1, T2, T3)
              (T0, T1, T2, T3, T4)
            and 153 others
    = note: required for `&Uuid` to implement `Serialize`
note: required by a bound in `to_value`
   --> /home/kaalin/.cargo/registry/src/index.crates.io-1949cf8c6b5b557f/serde_json-1.0.151/src/value/mod.rs:997:8
    |
995 | pub fn to_value<T>(value: T) -> Result<Value, Error>
    |        -------- required by a bound in this function
996 | where
997 |     T: Serialize,
    |        ^^^^^^^^^ required by this bound in `to_value`
    = note: this error originates in the macro `$crate::json_internal` which comes from the expansion of the macro `json` (in Nightly builds, run with -Z macro-backtrace for more info)

error[E0277]: the trait bound `Uuid: serde::Serialize` is not satisfied
   --> tests/integration/tests/receiving_command_histories_live.rs:899:9
    |
899 |         json!({"case":"denied-then-authorized","fixture":fixture.id,"result":"pass"}),
    |         ^^^^^^^^^^^^^^^^^^^^^^^^^^^^^^^^^^^^^^^^^^^^^^^^^^^^^^^^^^^^^^^^^^^^^^^^^^^^^
    |         |
    |         the trait `Serialize` is not implemented for `Uuid`
    |         required by a bound introduced by this call
    |
    = note: for local types consider adding `#[derive(serde::Serialize)]` to your `Uuid` type
    = note: for types from other crates check whether the crate offers a `serde` feature flag
    = help: the following other types implement trait `Serialize`:
              &'a T
              &'a mut T
              ()
              (T,)
              (T0, T1)
              (T0, T1, T2)
              (T0, T1, T2, T3)
              (T0, T1, T2, T3, T4)
            and 153 others
    = note: required for `&Uuid` to implement `Serialize`
note: required by a bound in `to_value`
   --> /home/kaalin/.cargo/registry/src/index.crates.io-1949cf8c6b5b557f/serde_json-1.0.151/src/value/mod.rs:997:8
    |
995 | pub fn to_value<T>(value: T) -> Result<Value, Error>
    |        -------- required by a bound in this function
996 | where
997 |     T: Serialize,
    |        ^^^^^^^^^ required by this bound in `to_value`
    = note: this error originates in the macro `$crate::json_internal` which comes from the expansion of the macro `json` (in Nightly builds, run with -Z macro-backtrace for more info)

For more information about this error, try `rustc --explain E0277`.
error: could not compile `wamn-proof-integration` (test "receiving_command_histories_live") due to 7 previous errors
warning: build failed, waiting for other jobs to finish...
