The files belonging to this database system will be owned by user "postgres".
This user must also own the server process.

The database cluster will be initialized with locale "en_US.utf8".
The default database encoding has accordingly been set to "UTF8".
The default text search configuration will be set to "english".

Data page checksums are enabled.

fixing permissions on existing directory /var/lib/postgresql/18/docker ... ok
creating subdirectories ... ok
selecting dynamic shared memory implementation ... posix
selecting default "max_connections" ... 100
selecting default "shared_buffers" ... 128MB
selecting default time zone ... Etc/UTC
creating configuration files ... ok
running bootstrap script ... ok
performing post-bootstrap initialization ... ok
syncing data to disk ... ok
initdb: warning: enabling "trust" authentication for local connections


Success. You can now start the database server using:

    pg_ctl -D /var/lib/postgresql/18/docker -l logfile start

initdb: hint: You can change this by editing pg_hba.conf or using the option -A, or --auth-local and --auth-host, the next time you run initdb.
waiting for server to start....2026-09-08 14:50:25.168 UTC [53] LOG:  starting PostgreSQL 18.6 (Debian 18.6-1.pgdg13+2) on x86_64-pc-linux-gnu, compiled by gcc (Debian 14.2.0-19) 14.2.0, 64-bit
2026-09-08 14:50:25.174 UTC [53] LOG:  listening on Unix socket "/var/run/postgresql/.s.PGSQL.5432"
2026-09-08 14:50:25.193 UTC [59] LOG:  database system was shut down at 2026-09-08 14:50:24 UTC
2026-09-08 14:50:25.201 UTC [53] LOG:  database system is ready to accept connections
 done
server started
CREATE DATABASE


/usr/local/bin/docker-entrypoint.sh: ignoring /docker-entrypoint-initdb.d/*

waiting for server to shut down....2026-09-08 14:50:25.339 UTC [53] LOG:  received fast shutdown request
2026-09-08 14:50:25.345 UTC [53] LOG:  aborting any active transactions
2026-09-08 14:50:25.347 UTC [53] LOG:  background worker "logical replication launcher" (PID 62) exited with exit code 1
2026-09-08 14:50:25.347 UTC [57] LOG:  shutting down
2026-09-08 14:50:25.354 UTC [57] LOG:  checkpoint starting: shutdown immediate
2026-09-08 14:50:25.541 UTC [57] LOG:  checkpoint complete: wrote 943 buffers (5.8%), wrote 3 SLRU buffers; 0 WAL file(s) added, 0 removed, 0 recycled; write=0.019 s, sync=0.141 s, total=0.194 s; sync files=303, longest=0.009 s, average=0.001 s; distance=4352 kB, estimate=4352 kB; lsn=0/1BA1BE8, redo lsn=0/1BA1BE8
2026-09-08 14:50:25.560 UTC [53] LOG:  database system is shut down
 done
server stopped

PostgreSQL init process complete; ready for start up.

2026-09-08 14:50:25.669 UTC [1] LOG:  starting PostgreSQL 18.6 (Debian 18.6-1.pgdg13+2) on x86_64-pc-linux-gnu, compiled by gcc (Debian 14.2.0-19) 14.2.0, 64-bit
2026-09-08 14:50:25.669 UTC [1] LOG:  listening on IPv4 address "0.0.0.0", port 5432
2026-09-08 14:50:25.669 UTC [1] LOG:  listening on IPv6 address "::", port 5432
2026-09-08 14:50:25.682 UTC [1] LOG:  listening on Unix socket "/var/run/postgresql/.s.PGSQL.5432"
2026-09-08 14:50:25.697 UTC [75] LOG:  database system was shut down at 2026-09-08 14:50:25 UTC
2026-09-08 14:50:25.706 UTC [1] LOG:  database system is ready to accept connections
2026-09-08 14:50:32.685 UTC [83] LOG:  unexpected EOF on client connection with an open transaction
2026-09-08 14:50:32.685 UTC [84] LOG:  unexpected EOF on client connection with an open transaction
2026-09-08 14:50:33.344 UTC [86] LOG:  unexpected EOF on client connection with an open transaction
