{
  "summary": {
    "successRate": 1.0,
    "total": 10.004895362,
    "slowest": 0.050572048,
    "fastest": 0.00039004,
    "average": 0.00606801591052121,
    "requestsPerSec": 10533.343547026694,
    "totalData": 3791556,
    "sizePerRequest": 36,
    "sizePerSec": 378970.08042691415
  },
  "metrics": {
    "success_rate": 1.0,
    "requests_per_sec": 10533.343547026694,
    "latency_ms": {
      "min": 0.39,
      "mean": 6.068,
      "p50": 5.815,
      "p95": 10.615,
      "p99": 14.079,
      "max": 50.572
    }
  },
  "responseTimeHistogram": {
    "0.00039004": 1,
    "0.0054082408": 45201,
    "0.0104264416": 54331,
    "0.015444642399999998": 5182,
    "0.0204628432": 436,
    "0.025481044": 69,
    "0.0304992448": 21,
    "0.0355174456": 25,
    "0.0405356464": 31,
    "0.0455538472": 18,
    "0.050572048": 6
  },
  "latencyPercentiles": {
    "p10": 0.003004369,
    "p25": 0.004312115,
    "p50": 0.005814852,
    "p75": 0.007507217,
    "p90": 0.009317497,
    "p95": 0.010614972,
    "p99": 0.014079016,
    "p99.9": 0.024247205,
    "p99.99": 0.043521365
  },
  "firstByteHistogram": {
    "0.000385875": 1,
    "0.0053901379": 45095,
    "0.0103944008": 54422,
    "0.015398663699999999": 5199,
    "0.0204029266": 436,
    "0.0254071895": 68,
    "0.030411452399999997": 20,
    "0.0354157153": 25,
    "0.0404199782": 31,
    "0.0454242411": 18,
    "0.050428504": 6
  },
  "firstBytePercentiles": {
    "p10": 0.002992768,
    "p25": 0.004297908,
    "p50": 0.005802048,
    "p75": 0.007491802,
    "p90": 0.009293494,
    "p95": 0.010588325,
    "p99": 0.014043985,
    "p99.9": 0.024078316,
    "p99.99": 0.04339353
  },
  "rps": {
    "mean": 10527.397185605654,
    "stddev": 1885.0469616882972,
    "max": 14820.492294695896,
    "min": 309.24870089774896,
    "percentiles": {
      "p10": 8021.604587636057,
      "p25": 9424.143713780199,
      "p50": 10806.18437932065,
      "p75": 11796.20988784543,
      "p90": 12790.062504129086,
      "p95": 13324.305107206166,
      "p99": 13868.99228408278,
      "p99.9": 14530.905783510963,
      "p99.99": 14820.492294695896
    }
  },
  "details": {
    "DNSDialup": {
      "average": 0.005908173312500002,
      "fastest": 0.000715438,
      "slowest": 0.009970893
    },
    "DNSLookup": {
      "average": 0.00003298926562499999,
      "fastest": 0.000015145,
      "slowest": 0.000118647
    },
    "firstByte": {
      "average": 0.006052006413706724,
      "fastest": 0.000385875,
      "slowest": 0.050428504
    }
  },
  "statusCodeDistribution": {
    "404": 105321
  },
  "errorDistribution": {
    "aborted due to deadline": 64
  }
}