{
  "summary": {
    "successRate": 1.0,
    "total": 10.002411097,
    "slowest": 0.024350902,
    "fastest": 0.000296014,
    "average": 0.0013002743693676174,
    "requestsPerSec": 12264.642875635649,
    "totalData": 4415796,
    "sizePerRequest": 36,
    "sizePerSec": 441473.1565396687
  },
  "metrics": {
    "success_rate": 1.0,
    "requests_per_sec": 12264.642875635649,
    "latency_ms": {
      "min": 0.296,
      "mean": 1.3,
      "p50": 1.236,
      "p95": 2.197,
      "p99": 3.081,
      "max": 24.351
    }
  },
  "responseTimeHistogram": {
    "0.000296014": 1,
    "0.0027015028": 120419,
    "0.0051069916": 2066,
    "0.0075124804": 124,
    "0.009917969200000001": 30,
    "0.012323458000000002": 6,
    "0.014728946800000002": 6,
    "0.0171344356": 7,
    "0.019539924400000002": 1,
    "0.021945413200000003": 0,
    "0.024350902000000004": 1
  },
  "latencyPercentiles": {
    "p10": 0.000672539,
    "p25": 0.000956611,
    "p50": 0.001236438,
    "p75": 0.001556521,
    "p90": 0.001918548,
    "p95": 0.002197188,
    "p99": 0.003080924,
    "p99.9": 0.005635503,
    "p99.99": 0.013892479
  },
  "firstByteHistogram": {
    "0.000292536": 1,
    "0.0026962677": 120460,
    "0.0050999994": 2033,
    "0.0075037311": 116,
    "0.009907462799999999": 30,
    "0.012311194499999999": 6,
    "0.014714926199999999": 6,
    "0.017118657899999997": 7,
    "0.0195223896": 1,
    "0.0219261213": 0,
    "0.024329853": 1
  },
  "firstBytePercentiles": {
    "p10": 0.000664536,
    "p25": 0.000949509,
    "p50": 0.001228992,
    "p75": 0.001548246,
    "p90": 0.001908255,
    "p95": 0.002185558,
    "p99": 0.003058025,
    "p99.9": 0.005601948,
    "p99.99": 0.013856427
  },
  "rps": {
    "mean": 12261.020254631321,
    "stddev": 2254.0069181781523,
    "max": 17101.65934668411,
    "min": 5321.699228604983,
    "percentiles": {
      "p10": 9318.450552351029,
      "p25": 10815.297561180601,
      "p50": 12227.972710371494,
      "p75": 13856.31900861003,
      "p90": 15417.34915307854,
      "p95": 15854.809531224519,
      "p99": 16648.51642043179,
      "p99.9": 16999.19540494611,
      "p99.99": 17101.65934668411
    }
  },
  "details": {
    "DNSDialup": {
      "average": 0.0010382186250000001,
      "fastest": 0.000442878,
      "slowest": 0.001741835
    },
    "DNSLookup": {
      "average": 0.00004861600000000002,
      "fastest": 0.00002311,
      "slowest": 0.000120313
    },
    "firstByte": {
      "average": 0.0012918579915376645,
      "fastest": 0.000292536,
      "slowest": 0.024329853
    }
  },
  "statusCodeDistribution": {
    "404": 122661
  },
  "errorDistribution": {
    "aborted due to deadline": 15
  }
}