{
  "summary": {
    "successRate": 1.0,
    "total": 10.005008616,
    "slowest": 0.070456207,
    "fastest": 0.015368586,
    "average": 0.044566344462096695,
    "requestsPerSec": 1438.2796209677947,
    "totalData": 4125888,
    "sizePerRequest": 288,
    "sizePerSec": 412382.253564668
  },
  "metrics": {
    "success_rate": 1.0,
    "requests_per_sec": 1438.2796209677947,
    "latency_ms": {
      "min": 15.369,
      "mean": 44.566,
      "p50": 44.192,
      "p95": 55.44,
      "p99": 61.806,
      "max": 70.456
    }
  },
  "responseTimeHistogram": {
    "0.015368586": 1,
    "0.0208773481": 10,
    "0.0263861102": 13,
    "0.0318948723": 68,
    "0.037403634399999997": 1503,
    "0.042912396500000005": 4004,
    "0.0484211586": 5623,
    "0.053929920699999995": 2088,
    "0.0594386828": 753,
    "0.0649474449": 215,
    "0.070456207": 48
  },
  "latencyPercentiles": {
    "p10": 0.037097618,
    "p25": 0.04074451,
    "p50": 0.044191643,
    "p75": 0.047710085,
    "p90": 0.052531659,
    "p95": 0.055439996,
    "p99": 0.061805635,
    "p99.9": 0.066467035,
    "p99.99": 0.069385244
  },
  "firstByteHistogram": {
    "0.015358464": 1,
    "0.0208677089": 10,
    "0.0263769538": 13,
    "0.0318861987": 69,
    "0.0373954436": 1506,
    "0.0429046885": 4004,
    "0.0484139334": 5622,
    "0.0539231783": 2085,
    "0.0594324232": 754,
    "0.0649416681": 214,
    "0.070450913": 48
  },
  "firstBytePercentiles": {
    "p10": 0.037085813,
    "p25": 0.040735937,
    "p50": 0.04417561,
    "p75": 0.04769238,
    "p90": 0.052522942,
    "p95": 0.055433983,
    "p99": 0.06179587,
    "p99.9": 0.066456346,
    "p99.99": 0.069359459
  },
  "rps": {
    "mean": 1430.9246488381107,
    "stddev": 494.09894530652986,
    "max": 3192.8187532578672,
    "min": 63.02143938950879,
    "percentiles": {
      "p10": 820.592270677398,
      "p25": 1069.706344214388,
      "p50": 1389.8558360451916,
      "p75": 1760.6082061677519,
      "p90": 2108.6113579245707,
      "p95": 2328.6958648903865,
      "p99": 2684.6530466261547,
      "p99.9": 3152.842445106332,
      "p99.99": 3192.8187532578672
    }
  },
  "details": {
    "DNSDialup": {
      "average": 0.004824106375000001,
      "fastest": 0.00031714,
      "slowest": 0.007161255
    },
    "DNSLookup": {
      "average": 0.00003061279687500001,
      "fastest": 0.000010113,
      "slowest": 0.000131186
    },
    "firstByte": {
      "average": 0.04455444054083485,
      "fastest": 0.015358464,
      "slowest": 0.070450913
    }
  },
  "statusCodeDistribution": {
    "200": 14326
  },
  "errorDistribution": {
    "aborted due to deadline": 64
  }
}