    Checking wamn-catalog v0.1.0 (/home/kaalin/.cache/wamn-lanes/native-b-adoption-20260910/crates/catalog/model)
    Checking wamn-run-state v0.1.0 (/home/kaalin/.cache/wamn-lanes/native-b-adoption-20260910/crates/execution/run-state)
    Checking wamn-router v0.1.0 (/home/kaalin/.cache/wamn-lanes/native-b-adoption-20260910/crates/execution/router)
    Checking wamn-schema-introspection v0.1.0 (/home/kaalin/.cache/wamn-lanes/native-b-adoption-20260910/crates/schema/introspection)
    Checking wamn-platform-identity v0.1.0 (/home/kaalin/.cache/wamn-lanes/native-b-adoption-20260910/crates/identity/platform)
warning: function `canonical_serialized` is never used
   --> crates/catalog/model/src/lib.rs:792:4
    |
792 | fn canonical_serialized(value: &impl Serialize) -> Vec<u8> {
    |    ^^^^^^^^^^^^^^^^^^^^
    |
    = note: `#[warn(dead_code)]` (part of `#[warn(unused)]`) on by default

warning: `wamn-catalog` (lib) generated 1 warning
    Checking wamn-schema-generator v0.1.0 (/home/kaalin/.cache/wamn-lanes/native-b-adoption-20260910/crates/schema/generator)
    Checking wamn-runtime v0.1.0 (/home/kaalin/.cache/wamn-lanes/native-b-adoption-20260910/crates/platform/runtime)
warning: the item `Future` is imported redundantly
 --> crates/platform/runtime/src/connection_authority.rs:3:5
  |
3 | use std::future::Future;
  |     ^^^^^^^^^^^^^^^^^^^
  |
 --> /rustc/88d9e12ae178fab0fb5cc050a94da85685d449ea/library/std/src/prelude/mod.rs:166:12
  |
  = note: the item `Future` is already defined here
  |
  = note: requested on the command line with `-W redundant-imports`

warning: the item `Future` is imported redundantly
 --> crates/platform/runtime/src/plugins/wamn_postgres/pool.rs:7:5
  |
7 | use std::future::Future;
  |     ^^^^^^^^^^^^^^^^^^^
  |
 --> /rustc/88d9e12ae178fab0fb5cc050a94da85685d449ea/library/std/src/prelude/mod.rs:166:12
  |
  = note: the item `Future` is already defined here

    Checking wamn-control-provision v0.1.0 (/home/kaalin/.cache/wamn-lanes/native-b-adoption-20260910/crates/control/provision)
warning: constant `HTTP_CONTRACT` is never used
  --> crates/platform/runtime/src/plugins/connection_http.rs:56:7
   |
56 | const HTTP_CONTRACT: &str = "wamn:connection/http@0.1.0";
   |       ^^^^^^^^^^^^^
   |
   = note: `#[warn(dead_code)]` (part of `#[warn(unused)]`) on by default

warning: type does not implement `std::fmt::Debug`; consider adding `#[derive(Debug)]` or a manual implementation
   --> crates/platform/runtime/src/plugins/connection_http.rs:131:1
    |
131 | / pub struct ConnectionHttp {
132 | |     postgres: Arc<WamnPostgres>,
133 | |     transport: Arc<HttpTransport>,
134 | |     vault: Arc<WamnCredentials>,
...   |
151 | |     invocations: std::sync::RwLock<HashMap<String, ConnectionInvocation>>,
152 | | }
    | |_^
    |
    = note: requested on the command line with `-W missing-debug-implementations`

warning: type does not implement `std::fmt::Debug`; consider adding `#[derive(Debug)]` or a manual implementation
  --> crates/platform/runtime/src/plugins/wamn_credentials.rs:27:1
   |
27 | / pub struct WamnCredentials {
28 | |     /// Whether ANY backing source was configured. Distinguishes `unavailable`
29 | |     /// (no source — retryable) from `not-found` (source present, name absent —
30 | |     /// config-shaped).
...  |
33 | |     projects: HashMap<String, HashMap<String, String>>,
34 | | }
   | |_^

warning: type does not implement `std::fmt::Debug`; consider adding `#[derive(Debug)]` or a manual implementation
   --> crates/platform/runtime/src/plugins/wamn_jetstream.rs:544:1
    |
544 | / pub struct WamnJetstream {
545 | |     nats_url: Option<String>,
546 | |     /// Lazily-connected, memoized JetStream context. A `Mutex<Option<_>>` (not a
547 | |     /// `OnceCell`) so a transient connect failure is retried on the next call
...   |
569 | |     dlq_depth: Arc<DeadLetterDepth>,
570 | | }
    | |_^

warning: type does not implement `std::fmt::Debug`; consider adding `#[derive(Debug)]` or a manual implementation
    --> crates/platform/runtime/src/plugins/wamn_jetstream.rs:1209:1
     |
1209 | / pub struct JsConsumer {
1210 | |     consumer: Consumer<PullConfig>,
1211 | |     dead_letter: Option<DeadLetterIdentity>,
1212 | | }
     | |_^

warning: type does not implement `std::fmt::Debug`; consider adding `#[derive(Debug)]` or a manual implementation
    --> crates/platform/runtime/src/plugins/wamn_jetstream.rs:1216:1
     |
1216 | / pub struct JsMessage {
1217 | |     msg: async_nats::jetstream::Message,
1218 | |     dead_letter: Option<DeadLetterIdentity>,
1219 | | }
     | |_^

warning: type does not implement `std::fmt::Debug`; consider adding `#[derive(Debug)]` or a manual implementation
   --> crates/platform/runtime/src/plugins/wamn_logging.rs:213:1
    |
213 | / pub struct Capture {
214 | |     records: std::sync::Mutex<Vec<CapturedRec>>,
215 | | }
    | |_^

warning: type does not implement `std::fmt::Debug`; consider adding `#[derive(Debug)]` or a manual implementation
   --> crates/platform/runtime/src/plugins/wamn_logging.rs:235:1
    |
235 | / pub struct WamnLogging {
236 | |     /// component id → host-trusted {tenant, project}.
237 | |     claims: std::sync::RwLock<HashMap<String, Claim>>,
238 | |     /// Bounded front queue; `try_send` keeps `log()` non-blocking.
...   |
243 | |     _drain: tokio::task::JoinHandle<()>,
244 | | }
    | |_^

warning: type does not implement `std::fmt::Debug`; consider adding `#[derive(Debug)]` or a manual implementation
   --> crates/platform/runtime/src/plugins/wamn_postgres/claims.rs:55:1
    |
 55 | / pub struct WamnPostgres {
 56 | |     /// Resolves a project id → its database connection + policy.
 57 | |     provider: Arc<dyn CredentialProvider>,
 58 | |     /// Guest-visible project pools, built lazily and never shared with host-owned
...   |
121 | |     pub(super) bind_counters: super::BindCounters,
122 | | }
    | |_^

warning: type does not implement `std::fmt::Debug`; consider adding `#[derive(Debug)]` or a manual implementation
   --> crates/platform/runtime/src/plugins/wamn_postgres/pool.rs:339:1
    |
339 | / pub struct StaticCredentialProvider {
340 | |     projects: HashMap<String, ProjectConfig>,
341 | | }
    | |_^

warning: type does not implement `std::fmt::Debug`; consider adding `#[derive(Debug)]` or a manual implementation
   --> crates/platform/runtime/src/plugins/wamn_postgres/pool.rs:514:1
    |
514 | / pub struct K8sSecretProvider {
515 | |     pub namespace: String,
516 | | }
    | |_^

warning: type does not implement `std::fmt::Debug`; consider adding `#[derive(Debug)]` or a manual implementation
   --> crates/platform/runtime/src/plugins/wamn_postgres/resources.rs:99:1
    |
 99 | / pub struct PgTransaction {
100 | |     state: SharedTxnState,
101 | |     destroyed: Arc<AtomicU64>,
102 | |     cursor_seq: u32,
103 | |     /// Row limit of the project this transaction's connection belongs to.
104 | |     row_limit: u64,
105 | | }
    | |_^

warning: type does not implement `std::fmt::Debug`; consider adding `#[derive(Debug)]` or a manual implementation
   --> crates/platform/runtime/src/plugins/wamn_postgres/resources.rs:145:1
    |
145 | / pub struct PgCursor {
146 | |     state: SharedTxnState,
147 | |     destroyed: Arc<AtomicU64>,
148 | |     name: String,
149 | | }
    | |_^

warning: type does not implement `std::fmt::Debug`; consider adding `#[derive(Debug)]` or a manual implementation
   --> crates/platform/runtime/src/wiring_doorbell.rs:145:1
    |
145 | / pub struct WiringDoorbellListener {
146 | |     shutdown: tokio::sync::watch::Sender<bool>,
147 | |     task: tokio::task::JoinHandle<()>,
148 | | }
    | |_^

warning: `wamn-runtime` (lib) generated 16 warnings
    Checking wamn-execution-host v0.1.0 (/home/kaalin/.cache/wamn-lanes/native-b-adoption-20260910/crates/execution/host)
error[E0422]: cannot find struct, variant or union type `BoundNestedInvocation` in this scope
    --> crates/execution/host/src/router_driver.rs:2049:21
     |
2049 |         let bound = BoundNestedInvocation {
     |                     ^^^^^^^^^^^^^^^^^^^^^ not found in this scope

error[E0277]: the trait bound `Box<str>: From<&std::string::String>` is not satisfied
    --> crates/execution/host/src/router_driver.rs:1308:21
     |
1304 |                 connection_http: Arc::new(ConnectionHttp::new(
     |                                           ------------------- required by a bound introduced by this call
...
1308 |                     &self.release.manifest().release.tenant_id,
     |                     ^^^^^^^^^^^^^^^^^^^^^^^^^^^^^^^^^^^^^^^^^^ the trait `From<&std::string::String>` is not implemented for `Box<str>`
     |
     = help: consider casting the `&std::string::String` value to `&str`
     = note: required for `&std::string::String` to implement `Into<Box<str>>`
note: required by a bound in `ConnectionHttp::new`
    --> crates/platform/runtime/src/plugins/connection_http.rs:159:22
     |
 155 |     pub fn new(
     |            --- required by a bound in this associated function
...
 159 |         tenant: impl Into<Box<str>>,
     |                      ^^^^^^^^^^^^^^ required by this bound in `ConnectionHttp::new`
help: consider dereferencing here
     |
1308 |                     &*self.release.manifest().release.tenant_id,
     |                      +

error[E0277]: the trait bound `Box<str>: From<&std::string::String>` is not satisfied
    --> crates/execution/host/src/router_driver.rs:1309:21
     |
1304 |                 connection_http: Arc::new(ConnectionHttp::new(
     |                                           ------------------- required by a bound introduced by this call
...
1309 |                     &self.config.project,
     |                     ^^^^^^^^^^^^^^^^^^^^ the trait `From<&std::string::String>` is not implemented for `Box<str>`
     |
     = help: consider casting the `&std::string::String` value to `&str`
     = note: required for `&std::string::String` to implement `Into<Box<str>>`
note: required by a bound in `ConnectionHttp::new`
    --> crates/platform/runtime/src/plugins/connection_http.rs:160:23
     |
 155 |     pub fn new(
     |            --- required by a bound in this associated function
...
 160 |         project: impl Into<Box<str>>,
     |                       ^^^^^^^^^^^^^^ required by this bound in `ConnectionHttp::new`
help: consider dereferencing here
     |
1309 |                     &*self.config.project,
     |                      +

error[E0277]: the trait bound `Box<str>: From<&std::string::String>` is not satisfied
    --> crates/execution/host/src/router_driver.rs:1316:21
     |
1313 |                 blobstore: Arc::new(WamnBlobstore::new(
     |                                     ------------------ required by a bound introduced by this call
...
1316 |                     &self.release.manifest().release.tenant_id,
     |                     ^^^^^^^^^^^^^^^^^^^^^^^^^^^^^^^^^^^^^^^^^^ the trait `From<&std::string::String>` is not implemented for `Box<str>`
     |
     = help: consider casting the `&std::string::String` value to `&str`
     = note: required for `&std::string::String` to implement `Into<Box<str>>`
note: required by a bound in `WamnBlobstore::new`
    --> crates/platform/runtime/src/plugins/wamn_blobstore/plugin.rs:163:22
     |
 160 |     pub fn new(
     |            --- required by a bound in this associated function
...
 163 |         tenant: impl Into<Box<str>>,
     |                      ^^^^^^^^^^^^^^ required by this bound in `WamnBlobstore::new`
help: consider dereferencing here
     |
1316 |                     &*self.release.manifest().release.tenant_id,
     |                      +

error[E0277]: the trait bound `Box<str>: From<&std::string::String>` is not satisfied
    --> crates/execution/host/src/router_driver.rs:1317:21
     |
1313 |                 blobstore: Arc::new(WamnBlobstore::new(
     |                                     ------------------ required by a bound introduced by this call
...
1317 |                     &self.config.project,
     |                     ^^^^^^^^^^^^^^^^^^^^ the trait `From<&std::string::String>` is not implemented for `Box<str>`
     |
     = help: consider casting the `&std::string::String` value to `&str`
     = note: required for `&std::string::String` to implement `Into<Box<str>>`
note: required by a bound in `WamnBlobstore::new`
    --> crates/platform/runtime/src/plugins/wamn_blobstore/plugin.rs:164:23
     |
 160 |     pub fn new(
     |            --- required by a bound in this associated function
...
 164 |         project: impl Into<Box<str>>,
     |                       ^^^^^^^^^^^^^^ required by this bound in `WamnBlobstore::new`
help: consider dereferencing here
     |
1317 |                     &*self.config.project,
     |                      +

For more information about this error, try `rustc --explain E0277`.
error: could not compile `wamn-execution-host` (lib) due to 4 previous errors
warning: build failed, waiting for other jobs to finish...
Some errors have detailed explanations: E0277, E0422.
For more information about an error, try `rustc --explain E0277`.
error: could not compile `wamn-execution-host` (lib test) due to 5 previous errors
