2026-09-09T15:44:32Z env CARGO_TARGET_DIR=/home/kaalin/.cache/wamn-lanes/wasmcloud-2-9-20260909/target RUSTC_WRAPPER= /home/kaalin/.cache/wamn-lanes/wasmcloud-2-9-20260909/tools/build-components m1 
2026-09-09T15:44:37Z env CARGO_TARGET_DIR=/home/kaalin/.cache/wamn-lanes/wasmcloud-2-9-20260909/target RUSTC_WRAPPER= cargo build --locked --release -p wamn-host 
2026-09-09T15:49:32Z env CARGO_TARGET_DIR=/home/kaalin/.cache/wamn-lanes/wasmcloud-2-9-20260909/target RUSTC_WRAPPER= cargo build --locked -p wamn-ctl -p wamn-cdc-reader -p wamn-scenario-worker -p wamn-executor 
2026-09-09T15:50:38Z env CARGO_TARGET_DIR=/home/kaalin/.cache/wamn-lanes/wasmcloud-2-9-20260909/target RUSTC_WRAPPER= cargo test --locked --offline -p wamn-proof-integration --test startup_burst_live --no-run 
2026-09-09T15:50:40Z docker build --platform=linux/amd64 --provenance=false --file /tmp/tmp.aLRxh8pzQm/host-image/Dockerfile --tag wamn-host:receiving-c28f651bfb55-3353385-release /tmp/tmp.aLRxh8pzQm/host-image 
2026-09-09T15:50:42Z kind create cluster --name wamn-receiving-journey --config /tmp/tmp.aLRxh8pzQm/kind-config.yaml --kubeconfig /tmp/tmp.aLRxh8pzQm/kubeconfig 
2026-09-09T15:51:03Z kubectl --kubeconfig /tmp/tmp.aLRxh8pzQm/kubeconfig --context kind-wamn-receiving-journey wait --for=condition=Ready nodes --all --timeout=180s 
2026-09-09T15:51:17Z kubectl --kubeconfig /tmp/tmp.aLRxh8pzQm/kubeconfig --context kind-wamn-receiving-journey create namespace wamn-receiving-journey 
2026-09-09T15:51:17Z kind load docker-image wamn-host:receiving-c28f651bfb55-3353385-release --name wamn-receiving-journey 
2026-09-09T15:51:24Z htpasswd \<credential-bearing\ arguments\ redacted\> 
2026-09-09T15:51:24Z postgres \<credential-bearing\ arguments\ redacted\> 
2026-09-09T15:51:24Z docker run --detach --name wamn-receiving-registry-c28f651bfb55-3353385 --network kind --env REGISTRY_AUTH=htpasswd --env REGISTRY_AUTH_HTPASSWD_REALM=WAMN\ Receiving\ cluster\ journey --env REGISTRY_AUTH_HTPASSWD_PATH=/auth/htpasswd --volume /tmp/tmp.aLRxh8pzQm/htpasswd:/auth/htpasswd:ro registry:2 
2026-09-09T15:51:25Z docker run --detach --name wamn-receiving-nats-c28f651bfb55-3353385 --network kind nats:2.10-alpine --jetstream --store_dir /data --http_port 8222 
2026-09-09T15:51:27Z cargo test production_two_package_release_serves_all_thirteen_pat_routes \<journey\ document\ with\ disposable\ PostgreSQL\ and\ OCI\ inputs\ redacted\> 
2026-09-09T15:52:02Z kubectl --kubeconfig /tmp/tmp.aLRxh8pzQm/kubeconfig --context kind-wamn-receiving-journey apply -f /tmp/tmp.aLRxh8pzQm/route-caller-pat-kube.json 
2026-09-09T15:52:03Z env DOCKER_CONFIG=\<private-registry-directory\> /home/kaalin/.cache/wamn-lanes/wasmcloud-2-9-20260909/.tools/wash/2.9.0/wash -o json oci push --insecure 172.28.0.9:5000/wamn/flow-http:receiving-c28f651bfb55-3353385-release /home/kaalin/.cache/wamn-lanes/wasmcloud-2-9-20260909/target/wasm32-wasip2/release/http_route.wasm 
2026-09-09T15:52:03Z env DOCKER_CONFIG=\<private-registry-directory\> /home/kaalin/.cache/wamn-lanes/wasmcloud-2-9-20260909/.tools/wash/2.9.0/wash -o json oci push --insecure 172.28.0.9:5000/wamn/materializer:receiving-c28f651bfb55-3353385-release /home/kaalin/.cache/wamn-lanes/wasmcloud-2-9-20260909/target/wasm32-wasip2/release/materializer.wasm 
2026-09-09T15:52:04Z enable-cdc-project-env \<credential-bearing\ arguments\ redacted\> 
2026-09-09T15:52:04Z apply-cdc-role \<credential-bearing\ arguments\ redacted\> 
2026-09-09T15:52:04Z apply-cdc-stream \<credential-bearing\ arguments\ redacted\> 
2026-09-09T15:52:04Z prepare-registry-reader \<credential-bearing\ arguments\ redacted\> 
2026-09-09T15:52:06Z env WAMN_SYSTEM_URL=\<registry-reader\ credential\ redacted\> WAMN_CDC_URL=\<replication\ credential\ redacted\> /home/kaalin/.cache/wamn-lanes/wasmcloud-2-9-20260909/target/debug/wamn-cdc-reader --log-level info --org acme --project receiving --env dev --nats-url nats://172.28.0.10:4222 --sslmode disable --stream-replicas 1 --dup-window-secs 120 --feedback-secs 1 --stall-threshold-secs 30 --slot-poll-secs 0 --slot-safe-wal-warn-bytes 268435456 
2026-09-09T15:52:07Z print-release-env \<credential-bearing\ arguments\ redacted\> 
2026-09-09T15:52:07Z executor-native-lifecycle /home/kaalin/.cache/wamn-lanes/wasmcloud-2-9-20260909/target/debug/wamn-run-worker \<private\ fixture\ credentials\> sha256:e633957452b28418875cdc69a5574d078da95daf94aa9fda76c5ad84cc3dee94 SIGTERM SIGINT 
2026-09-09T15:52:52Z kill -TERM 3371547 
2026-09-09T15:52:52Z kubectl --kubeconfig /tmp/tmp.aLRxh8pzQm/kubeconfig --context kind-wamn-receiving-journey -n wamn-receiving-journey get deployment hostgroup-default -o json 
2026-09-09T15:52:53Z kubectl --kubeconfig /tmp/tmp.aLRxh8pzQm/kubeconfig --context kind-wamn-receiving-journey -n wamn-receiving-journey get pods -o json 
2026-09-09T15:52:53Z kubectl --kubeconfig /tmp/tmp.aLRxh8pzQm/kubeconfig --context kind-wamn-receiving-journey -n wamn-receiving-journey get events -o json 
2026-09-09T15:52:53Z kubectl --kubeconfig /tmp/tmp.aLRxh8pzQm/kubeconfig --context kind-wamn-receiving-journey -n wamn-receiving-journey get secrets -o name 
2026-09-09T15:52:53Z kubectl --kubeconfig /tmp/tmp.aLRxh8pzQm/kubeconfig --context kind-wamn-receiving-journey -n wamn-receiving-journey get jobs -o json 
2026-09-09T15:52:53Z kind delete cluster --name wamn-receiving-journey 
2026-09-09T15:52:54Z docker rm --force --volumes wamn-receiving-pg18-c28f651bfb55-3353385 
2026-09-09T15:52:54Z docker rm --force --volumes wamn-receiving-registry-c28f651bfb55-3353385 
2026-09-09T15:52:54Z docker rm --force --volumes wamn-receiving-nats-c28f651bfb55-3353385 
2026-09-09T15:52:54Z docker image rm wamn-host:receiving-c28f651bfb55-3353385-release 
2026-09-09T15:52:54Z rm -rf -- /tmp/tmp.aLRxh8pzQm 
