2026-09-09T21:59:33.103052Z  INFO wamn_cdc_reader: registration loaded publication="wamn_cdc_acme__receiving__dev__w09wu3v2" slot="wamn_cdc_acme__receiving__dev__w09wu3v2" stream="EVT_acme_dev"
2026-09-09T21:59:33.105343Z  INFO async_nats::connector: connected successfully server=4222 max_payload=1048576
2026-09-09T21:59:33.105468Z  INFO async_nats: event: connected
2026-09-09T21:59:33.151458Z  INFO wamn_cdc_reader: preflight: slot healthy (resume position = confirmed LSN) slot="wamn_cdc_acme__receiving__dev__w09wu3v2" active=false confirmed_flush_lsn="0/303A340" wal_status="reserved"
2026-09-09T21:59:33.151531Z  INFO pg_walstream::stream: Creating logical replication stream with retry support
2026-09-09T21:59:33.151552Z  INFO pg_walstream::retry: Attempting to connect to PostgreSQL with retry logic
2026-09-09T21:59:33.192824Z  INFO pg_walstream::retry: Successfully connected to PostgreSQL on attempt 1 after 41.258054ms
2026-09-09T21:59:33.192871Z  INFO pg_walstream::stream: Starting logical replication stream
2026-09-09T21:59:33.192878Z  INFO pg_walstream::stream: Initializing replication stream
2026-09-09T21:59:33.192983Z  INFO pg_walstream::stream: System identification successful
2026-09-09T21:59:33.192992Z  INFO pg_walstream::stream: Creating replication slot: wamn_cdc_acme__receiving__dev__w09wu3v2
2026-09-09T21:59:33.193127Z  WARN pg_walstream::stream: Replication slot already exists, continuing
2026-09-09T21:59:33.193139Z  INFO pg_walstream::stream: Replication stream initialized
2026-09-09T21:59:33.193618Z  INFO pg_walstream::stream: Logical replication started with LSN: 0/0
2026-09-09T21:59:33.193639Z  INFO wamn_cdc_reader: walsender session open; draining reopens=0
2026-09-09T22:00:03.209804Z  INFO pg_walstream::connection::native::connection: Sent standby status update: received=0/34AEE40, flushed=0/0, applied=0/0, reply_requested=false
2026-09-09T22:00:33.210734Z  INFO pg_walstream::connection::native::connection: Sent standby status update: received=0/3526AF8, flushed=0/0, applied=0/0, reply_requested=false
2026-09-09T22:00:42.018724Z  INFO wamn_cdc_reader: entity resolved table=purchase_order relation_oid=18610 package_id="wamn_receiving" entity="purchase_order"
2026-09-09T22:00:42.059369Z  INFO wamn_cdc_reader: CDC exclusion resolved table=record_receipt_command relation_oid=18661 package_id="wamn_receiving" relation="record_receipt_command"
2026-09-09T22:00:42.105022Z  INFO wamn_cdc_reader: entity resolved table=receipt relation_oid=18679 package_id="wamn_receiving" entity="receipt"
2026-09-09T22:00:42.147837Z  INFO wamn_cdc_reader: entity resolved table=receipt_line relation_oid=18708 package_id="wamn_receiving" entity="receipt_line"
2026-09-09T22:00:42.183274Z  INFO wamn_cdc_reader: entity resolved table=purchase_order_line relation_oid=18632 package_id="wamn_receiving" entity="purchase_order_line"
2026-09-09T22:00:42.183976Z  INFO wamn::event_reader: CDC exclusions committed excluded_by_relation={"wamn_receiving::record_receipt_command": 2}
2026-09-09T22:00:42.256805Z  INFO wamn_cdc_reader: entity resolved table=quality_inspection relation_oid=18764 package_id="client_acme_receiving" entity="quality_inspection"
2026-09-09T22:01:03.211791Z  INFO pg_walstream::connection::native::connection: Sent standby status update: received=0/352B290, flushed=0/352B258, applied=0/352B258, reply_requested=false
2026-09-09T22:01:33.224896Z  INFO pg_walstream::connection::native::connection: Sent standby status update: received=0/352B598, flushed=0/352B258, applied=0/352B258, reply_requested=false
2026-09-09T22:02:03.245281Z  INFO pg_walstream::connection::native::connection: Sent standby status update: received=0/352B688, flushed=0/352B258, applied=0/352B258, reply_requested=false
2026-09-09T22:02:33.274955Z  INFO pg_walstream::connection::native::connection: Sent standby status update: received=0/352B688, flushed=0/352B258, applied=0/352B258, reply_requested=false
2026-09-09T22:03:03.304950Z  INFO pg_walstream::connection::native::connection: Sent standby status update: received=0/352B688, flushed=0/352B258, applied=0/352B258, reply_requested=false
2026-09-09T22:03:33.334836Z  INFO pg_walstream::connection::native::connection: Sent standby status update: received=0/352B688, flushed=0/352B258, applied=0/352B258, reply_requested=false
2026-09-09T22:04:03.364796Z  INFO pg_walstream::connection::native::connection: Sent standby status update: received=0/352B688, flushed=0/352B258, applied=0/352B258, reply_requested=false
2026-09-09T22:04:33.391847Z  INFO pg_walstream::connection::native::connection: Sent standby status update: received=0/352B6E0, flushed=0/352B258, applied=0/352B258, reply_requested=false
2026-09-09T22:05:03.421819Z  INFO pg_walstream::connection::native::connection: Sent standby status update: received=0/352B6E0, flushed=0/352B258, applied=0/352B258, reply_requested=false
2026-09-09T22:05:33.451924Z  INFO pg_walstream::connection::native::connection: Sent standby status update: received=0/352B6E0, flushed=0/352B258, applied=0/352B258, reply_requested=false
2026-09-09T22:06:03.481787Z  INFO pg_walstream::connection::native::connection: Sent standby status update: received=0/352B6E0, flushed=0/352B258, applied=0/352B258, reply_requested=false
2026-09-09T22:06:33.511904Z  INFO pg_walstream::connection::native::connection: Sent standby status update: received=0/352B6E0, flushed=0/352B258, applied=0/352B258, reply_requested=false
2026-09-09T22:07:03.514963Z  INFO pg_walstream::connection::native::connection: Sent standby status update: received=0/352B7C8, flushed=0/352B258, applied=0/352B258, reply_requested=false
2026-09-09T22:07:33.544834Z  INFO pg_walstream::connection::native::connection: Sent standby status update: received=0/352B7C8, flushed=0/352B258, applied=0/352B258, reply_requested=false
2026-09-09T22:08:03.574802Z  INFO pg_walstream::connection::native::connection: Sent standby status update: received=0/352B7C8, flushed=0/352B258, applied=0/352B258, reply_requested=false
2026-09-09T22:08:27.387608Z  INFO wamn::event_reader: drain summary commits=4 events_published=6 deduped=0 excluded_by_relation={"wamn_receiving::record_receipt_command": 2} ending="shutdown"
2026-09-09T22:08:27.387719Z  INFO pg_walstream::connection::native::connection: Sent standby status update: received=0/352B7C8, flushed=0/352B258, applied=0/352B258, reply_requested=false
2026-09-09T22:08:27.387733Z  INFO pg_walstream::stream: Stopping logical replication stream (last received LSN: 0/352B7C8)
2026-09-09T22:08:27.387740Z  INFO wamn_cdc_reader: shutdown requested; exiting cleanly reopens=0 commits=4
