   Compiling syn v3.0.4
   Compiling yoke v0.8.3
   Compiling serde_core v1.0.229
   Compiling serde_json v1.0.151
   Compiling serde v1.0.229
   Compiling num-traits v0.2.19
   Compiling serde_derive_internals v0.29.1
   Compiling zerovec-derive v0.11.6
   Compiling displaydoc v0.2.7
   Compiling zerovec v0.11.8
   Compiling potential_utf v0.1.6
   Compiling tinystr v0.8.4
   Compiling zerotrie v0.2.5
   Compiling icu_locale_core v2.3.0
   Compiling serde_derive v1.0.229
   Compiling icu_provider v2.3.1
   Compiling icu_collections v2.3.0
   Compiling icu_normalizer v2.3.0
   Compiling icu_properties v2.3.0
   Compiling idna_adapter v1.2.2
   Compiling ref-cast-impl v1.0.27
   Compiling tokio-macros v2.7.2
   Compiling postgres-protocol v0.6.12
   Compiling tokio v1.53.1
   Compiling ref-cast v1.0.27
   Compiling idna v1.1.0
   Compiling schemars_derive v0.8.22
   Compiling regex-automata v0.4.18
   Compiling parking_lot_core v0.9.12
   Compiling futures-task v0.3.34
   Compiling fluent-uri v0.3.2
   Compiling futures-util v0.3.34
   Compiling schemars v0.8.22
   Compiling url v2.5.8
   Compiling parking_lot v0.12.5
   Compiling regex v1.13.1
   Compiling tokio-util v0.7.19
   Compiling postgres-types v0.2.14
   Compiling chrono v0.4.45
   Compiling async-trait v0.1.92
   Compiling boon v0.6.1
   Compiling tokio-postgres v0.7.18
   Compiling wamn-event-wire v0.1.0 (/home/kaalin/.cache/wamn-lanes/guest-digest-20260910/components/events/wire)
   Compiling wamn-execution-contract v0.1.0 (/home/kaalin/.cache/wamn-lanes/guest-digest-20260910/components/execution/contract)
   Compiling ppv-lite86 v0.2.21
   Compiling bit-vec v0.8.0
   Compiling wamn-catalog v0.1.0 (/home/kaalin/.cache/wamn-lanes/guest-digest-20260910/crates/catalog/model)
   Compiling bit-set v0.8.0
   Compiling rand_chacha v0.9.0
   Compiling wamn-schema-introspection v0.1.0 (/home/kaalin/.cache/wamn-lanes/guest-digest-20260910/crates/schema/introspection)
warning: function `canonical_serialized` is never used
   --> crates/catalog/model/src/lib.rs:792:4
    |
792 | fn canonical_serialized(value: &impl Serialize) -> Vec<u8> {
    |    ^^^^^^^^^^^^^^^^^^^^
    |
    = note: `#[warn(dead_code)]` (part of `#[warn(unused)]`) on by default

   Compiling rand v0.9.5
   Compiling rand_xorshift v0.4.0
   Compiling unarray v0.1.4
   Compiling bitflags v2.13.1
   Compiling wamn-schema-generator v0.1.0 (/home/kaalin/.cache/wamn-lanes/guest-digest-20260910/crates/schema/generator)
warning: `wamn-catalog` (lib) generated 1 warning
   Compiling proptest v1.11.0
    Finished `dev` profile [unoptimized + debuginfo] target(s) in 28.36s
