   Compiling proc-macro2 v1.0.107
   Compiling serde_core v1.0.229
   Compiling quote v1.0.47
   Compiling unicode-ident v1.0.24
   Compiling zmij v1.0.23
   Compiling serde_json v1.0.151
   Compiling itoa v1.0.18
   Compiling memchr v2.8.3
   Compiling foldhash v0.2.0
   Compiling hashbrown v0.17.1
   Compiling equivalent v1.0.2
   Compiling syn v3.0.4
   Compiling bitflags v2.13.1
   Compiling anyhow v1.0.104
   Compiling semver v1.0.28
   Compiling serde v1.0.229
   Compiling indexmap v2.14.0
   Compiling wasmparser v0.258.0
    Checking typenum v1.20.1
   Compiling prettyplease v0.2.37
   Compiling serde_derive v1.0.229
    Checking hybrid-array v0.4.14
   Compiling log v0.4.34
   Compiling autocfg v1.5.1
   Compiling id-arena v2.3.0
   Compiling leb128fmt v0.1.0
   Compiling num-traits v0.2.19
   Compiling deunicode v1.6.2
   Compiling slug v0.1.6
    Checking block-buffer v0.12.1
    Checking crypto-common v0.2.2
   Compiling syn v2.0.119
    Checking const-oid v0.10.2
   Compiling wit-bindgen-rust v0.61.1
   Compiling heck v0.5.0
    Checking digest v0.11.3
   Compiling jmespath v0.3.0
   Compiling wit-bindgen-rust-macro v0.61.1
    Checking cfg-if v1.0.4
    Checking sha2 v0.11.0
    Checking chrono v0.4.45
    Checking lazy_static v1.5.0
   Compiling wit-bindgen v0.61.1
   Compiling wit-parser v0.258.0
   Compiling wasm-encoder v0.258.0
    Checking wamn-event-wire v0.1.0 (/home/kaalin/.cache/wamn-lanes/ctc8-15-4-fresh-only-20260909/components/events/wire)
   Compiling wasm-metadata v0.258.0
   Compiling wit-bindgen-core v0.61.1
   Compiling wit-component v0.258.0
    Checking wamn-event-reg v0.1.0 (/home/kaalin/.cache/wamn-lanes/ctc8-15-4-fresh-only-20260909/components/events/registration)
    Checking wamn-materializer v0.1.0 (/home/kaalin/.cache/wamn-lanes/ctc8-15-4-fresh-only-20260909/components/events/materializer)
    Checking http-route v0.1.0 (/home/kaalin/.cache/wamn-lanes/ctc8-15-4-fresh-only-20260909/components/ingress/http-route)
    Checking materializer v0.1.0 (/home/kaalin/.cache/wamn-lanes/ctc8-15-4-fresh-only-20260909/components/execution/materializer)
    Finished `dev` profile [unoptimized + debuginfo] target(s) in 21.57s
