2026-09-08T11:17:16.772711788Z 2026-09-08T11:17:16.772413Z  INFO connected to NATS
2026-09-08T11:17:16.841164499Z 2026-09-08T11:17:16.840352Z  INFO wiring activation doorbell listening; dropped every cached pointer channel="wamn_wiring_activation" dropped=0
2026-09-08T11:17:17.096423636Z 2026-09-08T11:17:17.096279Z  INFO release component pull completed component_digest=sha256:ae12741669b22abbc09b72f4243c83e996c15c46a5b3d925cbd1cf11d4355715 component_bytes=466014 elapsed_ms=32
2026-09-08T11:17:17.102074022Z 2026-09-08T11:17:17.100430Z  INFO release component pull completed component_digest=sha256:8057a076d949d21effa45dfff27812f995f5ac101c38f52ac6d66108f1b15b60 component_bytes=668618 elapsed_ms=37
2026-09-08T11:17:18.248597054Z 2026-09-08T11:17:18.248184Z  INFO release component compilation completed component_digest=sha256:8057a076d949d21effa45dfff27812f995f5ac101c38f52ac6d66108f1b15b60 compile_ms=1147 compile_wall_ms=1147
2026-09-08T11:17:18.249658881Z 2026-09-08T11:17:18.249544Z  WARN wamn.component.linker_setup:wamn.linker.register: component imports wamn:postgres but sets no wamn.tenant; calls will be refused component="receiving#0"
2026-09-08T11:17:18.255453868Z 2026-09-08T11:17:18.255233Z  INFO release component instantiation completed component_digest=sha256:8057a076d949d21effa45dfff27812f995f5ac101c38f52ac6d66108f1b15b60 elapsed_ms=6 total_elapsed_ms=1192
2026-09-08T11:17:18.260896348Z 2026-09-08T11:17:18.259764Z  INFO release component compilation completed component_digest=sha256:ae12741669b22abbc09b72f4243c83e996c15c46a5b3d925cbd1cf11d4355715 compile_ms=1163 compile_wall_ms=1163
2026-09-08T11:17:18.260918945Z 2026-09-08T11:17:18.260544Z  WARN wamn.component.linker_setup:wamn.linker.register: component imports wamn:postgres but sets no wamn.tenant; calls will be refused component="client_acme_receiving#1"
2026-09-08T11:17:18.261155892Z 2026-09-08T11:17:18.261065Z  INFO release component instantiation completed component_digest=sha256:ae12741669b22abbc09b72f4243c83e996c15c46a5b3d925cbd1cf11d4355715 elapsed_ms=1 total_elapsed_ms=1197
2026-09-08T11:17:18.261161916Z 2026-09-08T11:17:18.261118Z  INFO synchronous release preload completed synchronous_wirings=13 component_digests=2 elapsed_ms=1438
2026-09-08T11:17:18.261315584Z 2026-09-08T11:17:18.261235Z  INFO release preload completed; component cache warm
2026-09-08T11:17:18.276859907Z 2026-09-08T11:17:18.276505Z  INFO wamn-host starting (base plugins: wasi:config, wamn:logging, wasi:otel, wamn:postgres, wamn:jetstream, wamn:flow-http-routing) router_delivery=true
2026-09-08T11:17:18.276886505Z 2026-09-08T11:17:18.276541Z  INFO wamn-host welded to its release effective_release_id=1 manifest_digest=sha256:e54e24c42c4c01728436575077f1f903a75fadc2d149efcc51fefb1bad0e2ea0
2026-09-08T11:17:18.276890064Z 2026-09-08T11:17:18.276559Z  INFO HTTP server listening addr=0.0.0.0:80 protocol="HTTP"
2026-09-08T11:17:18.276893365Z 2026-09-08T11:17:18.276597Z  INFO Starting WASI OTel plugin endpoint=http://otel-collector.wamn-system.svc.cluster.local:4317 protocol="grpc"
2026-09-08T11:17:18.277770497Z 2026-09-08T11:17:18.277527Z  INFO WASI OTel plugin started
2026-09-08T11:17:18.278000847Z 2026-09-08T11:17:18.277903Z  INFO Host started host_id="68ee4ca1-df36-40c2-b56a-97d12a7e566c" friendly_name="wry-cobweb-9601" host_name="10.244.2.5" labels={"hostgroup": "default"} version="2.8.0"
2026-09-08T11:17:18.278459766Z 2026-09-08T11:17:18.278378Z  INFO Host provides interfaces count=10 interfaces=["wasi:cli/terminal-stdout,terminal-output,stdout,stdin,exit,environment,terminal-stderr,terminal-input,terminal-stdin,stderr@0.2.0", "wasi:clocks/monotonic-clock,wall-clock@0.2.0", "wasi:clocks/monotonic-clock,wall-time@0.2.0", "wasi:filesystem/types,preopens@0.2.0", "wasi:http/incoming-handler,outgoing-handler,types@0.2.0", "wasi:http/handler,types@0.3.0", "wasi:io/streams,error,poll@0.2.0", "wasi:random/random@0.2.0", "wasi:random/insecure-seed,insecure,random@0.2.0", "wasi:sockets/instance-network,udp,tcp,network,tcp-create-socket,udp-create-socket,ip-name-lookup@0.2.0"]
2026-09-08T11:17:18.278766588Z 2026-09-08T11:17:18.278686Z  INFO wamn-host runtime startup completed elapsed_ms=1770
2026-09-08T11:17:29.397778974Z 2026-09-08T11:17:29.397165Z  INFO workload_start{workload_id=73621918-f862-4eaf-be8f-32e11980de64 workload.name="flow-http-7cd97bbbb9-64467d8f54" workload.namespace="wamn-receiving-journey"}: Starting workload workload_id="73621918-f862-4eaf-be8f-32e11980de64" namespace="wamn-receiving-journey" name="flow-http-7cd97bbbb9-64467d8f54"
2026-09-08T11:17:29.691757747Z 2026-09-08T11:17:29.691497Z  INFO workload_stop{workload_id=73621918-f862-4eaf-be8f-32e11980de64}: Stopping workload workload_id="73621918-f862-4eaf-be8f-32e11980de64"
2026-09-08T11:17:29.809972104Z 2026-09-08T11:17:29.809800Z  INFO workload_start{workload_id=b2d4d3af-9443-4aec-8f35-40051d729184 workload.name="flow-http-7848576bc4-5bd7b7766d" workload.namespace="wamn-receiving-journey"}: Starting workload workload_id="b2d4d3af-9443-4aec-8f35-40051d729184" namespace="wamn-receiving-journey" name="flow-http-7848576bc4-5bd7b7766d"
2026-09-08T11:17:31.672815414Z 2026-09-08T11:17:31.672649Z  WARN handle_http_request{http.method=POST http.uri=/purchase_order/get http.host=receiving.localhost http.request.method=POST url.path=/purchase_order/get server.address="receiving.localhost"}:invoke_component_handler{workload.name="flow-http-7848576bc4-5bd7b7766d" workload.namespace="wamn-receiving-journey" workload.id="b2d4d3af-9443-4aec-8f35-40051d729184"}:http.handle:wamn.component.invoke{wamn.tenant=receiving-route-auth wamn.project=receiving wamn.environment=dev wamn.wiring_id=purchase_order_get wamn.wiring_version=1 wamn.component_digest=sha256:8057a076d949d21effa45dfff27812f995f5ac101c38f52ac6d66108f1b15b60 wamn.node_id=operation wamn.operation=wamn-receiving:purchase-order/get@1.0.0 wamn.caller_principal_id="d423d29b-eeb1-45c6-87c2-b12d54be2d93"}:wamn.component.linker_setup:wamn.linker.register: component imports wamn:postgres but sets no wamn.tenant; calls will be refused component="receiving#2"
2026-09-08T11:17:34.808885879Z 2026-09-08T11:17:34.808737Z  INFO shutting down wamn-host
2026-09-08T11:17:34.809198649Z 2026-09-08T11:17:34.809077Z  INFO HTTP server stopping addr=0.0.0.0:80
2026-09-08T11:17:34.809975593Z 2026-09-08T11:17:34.809900Z  INFO Stopping WASI OTel plugin
2026-09-08T11:17:34.810580859Z 2026-09-08T11:17:34.810518Z  INFO WASI OTel plugin stopped
2026-09-08T11:17:34.810828492Z 2026-09-08T11:17:34.810760Z  INFO HTTP server received shutdown signal
