2026-09-05T22:51:07Z env CARGO_TARGET_DIR=/home/kaalin/.cache/wamn-lanes/perf2/target RUSTC_WRAPPER= /home/kaalin/.cache/wamn-lanes/perf2/tools/build-components m1 
2026-09-05T22:51:09Z env CARGO_TARGET_DIR=/home/kaalin/.cache/wamn-lanes/perf2/target RUSTC_WRAPPER= cargo build --locked --release -p wamn-host 
2026-09-05T23:02:39Z env CARGO_TARGET_DIR=/home/kaalin/.cache/wamn-lanes/perf2/target RUSTC_WRAPPER= cargo build --locked -p wamn-ctl -p wamn-cdc-reader 
2026-09-05T23:03:44Z docker build --platform=linux/amd64 --provenance=false --file /tmp/tmp.aNINLo5z5B/host-image/Dockerfile --tag wamn-host:receiving-abf857175a8e-973710-release /tmp/tmp.aNINLo5z5B/host-image 
2026-09-05T23:03:45Z kind create cluster --name wamn-receiving-journey --config /tmp/tmp.aNINLo5z5B/kind-config.yaml --kubeconfig /tmp/tmp.aNINLo5z5B/kubeconfig 
2026-09-05T23:04:06Z kubectl --kubeconfig /tmp/tmp.aNINLo5z5B/kubeconfig --context kind-wamn-receiving-journey wait --for=condition=Ready nodes --all --timeout=180s 
2026-09-05T23:04:19Z kubectl --kubeconfig /tmp/tmp.aNINLo5z5B/kubeconfig --context kind-wamn-receiving-journey create namespace wamn-receiving-journey 
2026-09-05T23:04:20Z kind load docker-image wamn-host:receiving-abf857175a8e-973710-release --name wamn-receiving-journey 
2026-09-05T23:04:26Z htpasswd \<credential-bearing\ arguments\ redacted\> 
2026-09-05T23:04:27Z postgres \<credential-bearing\ arguments\ redacted\> 
2026-09-05T23:04:27Z docker run --detach --name wamn-receiving-registry-abf857175a8e-973710 --network kind --env REGISTRY_AUTH=htpasswd --env REGISTRY_AUTH_HTPASSWD_REALM=WAMN\ Receiving\ cluster\ journey --env REGISTRY_AUTH_HTPASSWD_PATH=/auth/htpasswd --volume /tmp/tmp.aNINLo5z5B/htpasswd:/auth/htpasswd:ro registry:2 
2026-09-05T23:04:28Z docker run --detach --name wamn-receiving-nats-abf857175a8e-973710 --network kind nats:2.10-alpine --jetstream --store_dir /data --http_port 8222 
2026-09-05T23:04:30Z cargo test production_two_package_release_serves_all_thirteen_pat_routes \<journey\ document\ with\ disposable\ PostgreSQL\ and\ OCI\ inputs\ redacted\> 
2026-09-05T23:05:04Z kubectl --kubeconfig /tmp/tmp.aNINLo5z5B/kubeconfig --context kind-wamn-receiving-journey apply -f /tmp/tmp.aNINLo5z5B/route-caller-pat-kube.json 
2026-09-05T23:05:04Z env WASH_REG_USER=\<redacted\> WASH_REG_PASSWORD=\<redacted\> wash push --insecure --allow-latest --output json 172.28.0.9:5000/wamn/flow-http:receiving-abf857175a8e-973710-release /home/kaalin/.cache/wamn-lanes/perf2/target/wasm32-wasip2/release/http_route.wasm 
2026-09-05T23:05:05Z env WASH_REG_USER=\<redacted\> WASH_REG_PASSWORD=\<redacted\> wash push --insecure --allow-latest --output json 172.28.0.9:5000/wamn/materializer:receiving-abf857175a8e-973710-release /home/kaalin/.cache/wamn-lanes/perf2/target/wasm32-wasip2/release/materializer.wasm 
2026-09-05T23:05:05Z print-release-env \<credential-bearing\ arguments\ redacted\> 
2026-09-05T23:05:05Z kubectl --kubeconfig /tmp/tmp.aNINLo5z5B/kubeconfig --context kind-wamn-receiving-journey apply -f /tmp/tmp.aNINLo5z5B/host-secrets/guest-sql.json 
2026-09-05T23:05:05Z kubectl --kubeconfig /tmp/tmp.aNINLo5z5B/kubeconfig --context kind-wamn-receiving-journey apply -f /tmp/tmp.aNINLo5z5B/host-secrets/executor-platform.json 
2026-09-05T23:05:05Z kubectl --kubeconfig /tmp/tmp.aNINLo5z5B/kubeconfig --context kind-wamn-receiving-journey apply -f /tmp/tmp.aNINLo5z5B/host-secrets/identity-reader.json 
2026-09-05T23:05:05Z kubectl --kubeconfig /tmp/tmp.aNINLo5z5B/kubeconfig --context kind-wamn-receiving-journey apply -f /tmp/tmp.aNINLo5z5B/host-secrets/http-admitter.json 
2026-09-05T23:05:05Z kubectl --kubeconfig /tmp/tmp.aNINLo5z5B/kubeconfig --context kind-wamn-receiving-journey apply -f /tmp/tmp.aNINLo5z5B/host-secrets/event-materializer.json 
2026-09-05T23:05:06Z kubectl --kubeconfig /tmp/tmp.aNINLo5z5B/kubeconfig --context kind-wamn-receiving-journey -n wamn-receiving-journey create secret generic wamn-registry-pull --type=kubernetes.io/dockerconfigjson --from-file=.dockerconfigjson=\<redacted\> --dry-run=client -o yaml 
2026-09-05T23:05:06Z kubectl --kubeconfig /tmp/tmp.aNINLo5z5B/kubeconfig --context kind-wamn-receiving-journey apply -f /tmp/tmp.aNINLo5z5B/registry-pull.yaml 
2026-09-05T23:05:06Z kubectl --kubeconfig /tmp/tmp.aNINLo5z5B/kubeconfig --context kind-wamn-receiving-journey apply -f /home/kaalin/.cache/wamn-lanes/perf2/deploy/infra/cert-manager.yaml 
2026-09-05T23:05:07Z kubectl --kubeconfig /tmp/tmp.aNINLo5z5B/kubeconfig --context kind-wamn-receiving-journey -n cert-manager wait --for=condition=Available deployment --all --timeout=240s 
2026-09-05T23:05:18Z helm upgrade --install --create-namespace --kubeconfig /tmp/tmp.aNINLo5z5B/kubeconfig --kube-context kind-wamn-receiving-journey --namespace wamn-system wamn oci://ghcr.io/wasmcloud/charts/runtime-operator --version 2.8.0 -f /home/kaalin/.cache/wamn-lanes/perf2/deploy/infra/values-wamn.yaml -f /tmp/tmp.aNINLo5z5B/operator-values.yaml --wait --timeout 5m 
2026-09-05T23:05:56Z kubectl --kubeconfig /tmp/tmp.aNINLo5z5B/kubeconfig --context kind-wamn-receiving-journey -n wamn-system get deployment runtime-operator -o json 
2026-09-05T23:05:56Z kubectl --kubeconfig /tmp/tmp.aNINLo5z5B/kubeconfig --context kind-wamn-receiving-journey apply -f /tmp/tmp.aNINLo5z5B/runtime-operator-events-rbac.yaml 
2026-09-05T23:05:56Z kubectl --kubeconfig /tmp/tmp.aNINLo5z5B/kubeconfig --context kind-wamn-receiving-journey -n wamn-receiving-journey get role wamn-runtime-operator-events -o json 
2026-09-05T23:05:56Z kubectl --kubeconfig /tmp/tmp.aNINLo5z5B/kubeconfig --context kind-wamn-receiving-journey -n wamn-receiving-journey get rolebinding wamn-runtime-operator-events -o json 
2026-09-05T23:05:56Z kubectl --kubeconfig /tmp/tmp.aNINLo5z5B/kubeconfig --context kind-wamn-receiving-journey apply -f /home/kaalin/.cache/wamn-lanes/perf2/deploy/infra/tempo.yaml 
2026-09-05T23:05:56Z kubectl --kubeconfig /tmp/tmp.aNINLo5z5B/kubeconfig --context kind-wamn-receiving-journey apply -f /home/kaalin/.cache/wamn-lanes/perf2/deploy/infra/otel-collector.yaml 
2026-09-05T23:05:56Z kubectl --kubeconfig /tmp/tmp.aNINLo5z5B/kubeconfig --context kind-wamn-receiving-journey -n wamn-system wait --for=condition=Available deployment/tempo deployment/otel-collector --timeout=120s 
2026-09-05T23:06:02Z kubectl --kubeconfig /tmp/tmp.aNINLo5z5B/kubeconfig --context kind-wamn-receiving-journey apply -f /tmp/tmp.aNINLo5z5B/wasmcloud-ca-copy.json 
2026-09-05T23:06:02Z kubectl --kubeconfig /tmp/tmp.aNINLo5z5B/kubeconfig --context kind-wamn-receiving-journey apply -f /home/kaalin/.cache/wamn-lanes/perf2/deploy/infra/wasmcloud-ca-issuer.yaml 
2026-09-05T23:06:02Z kubectl --kubeconfig /tmp/tmp.aNINLo5z5B/kubeconfig --context kind-wamn-receiving-journey wait --for=condition=Ready clusterissuer/wasmcloud-ca --timeout=60s 
2026-09-05T23:06:02Z kubectl --kubeconfig /tmp/tmp.aNINLo5z5B/kubeconfig --context kind-wamn-receiving-journey apply -f /tmp/tmp.aNINLo5z5B/host-environment-certs.yaml 
2026-09-05T23:06:02Z kubectl --kubeconfig /tmp/tmp.aNINLo5z5B/kubeconfig --context kind-wamn-receiving-journey -n wamn-receiving-journey wait --for=condition=Ready certificate/wasmcloud-runtime-tls certificate/wasmcloud-data-tls --timeout=120s 
2026-09-05T23:06:03Z helm upgrade --install --kubeconfig /tmp/tmp.aNINLo5z5B/kubeconfig --kube-context kind-wamn-receiving-journey --namespace wamn-receiving-journey wamn-host oci://ghcr.io/wasmcloud/charts/runtime-operator --version 2.8.0 -f /tmp/tmp.aNINLo5z5B/host-base.yaml -f /tmp/tmp.aNINLo5z5B/host-overlay.yaml --wait --timeout 5m 
2026-09-05T23:06:03Z kubectl --kubeconfig /tmp/tmp.aNINLo5z5B/kubeconfig --context kind-wamn-receiving-journey -n wamn-receiving-journey scale deployment/hostgroup-default --replicas=1 
2026-09-05T23:06:04Z kubectl --kubeconfig /tmp/tmp.aNINLo5z5B/kubeconfig --context kind-wamn-receiving-journey -n wamn-receiving-journey wait --for=condition=Available deployment/hostgroup-default --timeout=120s 
2026-09-05T23:06:15Z kubectl --kubeconfig /tmp/tmp.aNINLo5z5B/kubeconfig --context kind-wamn-receiving-journey -n wamn-receiving-journey rollout status deployment/hostgroup-default --timeout=240s 
2026-09-05T23:06:15Z kubectl --kubeconfig /tmp/tmp.aNINLo5z5B/kubeconfig --context kind-wamn-receiving-journey apply -f /tmp/tmp.aNINLo5z5B/flow-http.yaml 
2026-09-05T23:06:16Z kubectl --kubeconfig /tmp/tmp.aNINLo5z5B/kubeconfig --context kind-wamn-receiving-journey -n wamn-receiving-journey wait --for=condition=Ready workloaddeployment/flow-http --timeout=240s 
2026-09-05T23:06:17Z kubectl --kubeconfig /tmp/tmp.aNINLo5z5B/kubeconfig --context kind-wamn-receiving-journey apply -f /tmp/tmp.aNINLo5z5B/startup-request-cold.yaml 
2026-09-05T23:06:17Z kubectl --kubeconfig /tmp/tmp.aNINLo5z5B/kubeconfig --context kind-wamn-receiving-journey -n wamn-receiving-journey wait --for=condition=Complete job/startup-request-cold --timeout=240s 
2026-09-05T23:06:20Z kubectl --kubeconfig /tmp/tmp.aNINLo5z5B/kubeconfig --context kind-wamn-receiving-journey -n wamn-receiving-journey exec hostgroup-default-5648479658-lw7b6 -c host -- find /tmp/wamn-wasmtime-cache/modules -type f \! -name \*.stats -printf \<inode\>\ \<mtime\>\ \<size\>\ \<path\>\\n 
2026-09-05T23:06:20Z kubectl --kubeconfig /tmp/tmp.aNINLo5z5B/kubeconfig --context kind-wamn-receiving-journey -n wamn-receiving-journey exec hostgroup-default-5648479658-lw7b6 -c host -- /bin/sh -c kill\ -TERM\ 1\;\ exit\ 0 
2026-09-05T23:06:20Z kubectl --kubeconfig /tmp/tmp.aNINLo5z5B/kubeconfig --context kind-wamn-receiving-journey -n wamn-receiving-journey wait --for=jsonpath=\{.status.containerStatuses\[0\].restartCount\}=1 pod/hostgroup-default-5648479658-lw7b6 --timeout=120s 
2026-09-05T23:06:21Z kubectl --kubeconfig /tmp/tmp.aNINLo5z5B/kubeconfig --context kind-wamn-receiving-journey -n wamn-receiving-journey wait --for=condition=Ready pod/hostgroup-default-5648479658-lw7b6 --timeout=120s 
2026-09-05T23:06:32Z kubectl --kubeconfig /tmp/tmp.aNINLo5z5B/kubeconfig --context kind-wamn-receiving-journey apply -f /tmp/tmp.aNINLo5z5B/startup-request-restart-first.yaml 
2026-09-05T23:06:32Z kubectl --kubeconfig /tmp/tmp.aNINLo5z5B/kubeconfig --context kind-wamn-receiving-journey -n wamn-receiving-journey wait --for=condition=Complete job/startup-request-restart-first --timeout=240s 
2026-09-05T23:07:49Z kubectl --kubeconfig /tmp/tmp.aNINLo5z5B/kubeconfig --context kind-wamn-receiving-journey apply -f /tmp/tmp.aNINLo5z5B/startup-request-steady.yaml 
2026-09-05T23:07:49Z kubectl --kubeconfig /tmp/tmp.aNINLo5z5B/kubeconfig --context kind-wamn-receiving-journey -n wamn-receiving-journey wait --for=condition=Complete job/startup-request-steady --timeout=240s 
2026-09-05T23:07:52Z kubectl --kubeconfig /tmp/tmp.aNINLo5z5B/kubeconfig --context kind-wamn-receiving-journey apply -f /tmp/tmp.aNINLo5z5B/startup-request-steady-2.yaml 
2026-09-05T23:07:52Z kubectl --kubeconfig /tmp/tmp.aNINLo5z5B/kubeconfig --context kind-wamn-receiving-journey -n wamn-receiving-journey wait --for=condition=Complete job/startup-request-steady-2 --timeout=240s 
2026-09-05T23:07:56Z kubectl --kubeconfig /tmp/tmp.aNINLo5z5B/kubeconfig --context kind-wamn-receiving-journey apply -f /tmp/tmp.aNINLo5z5B/startup-request-steady-3.yaml 
2026-09-05T23:07:56Z kubectl --kubeconfig /tmp/tmp.aNINLo5z5B/kubeconfig --context kind-wamn-receiving-journey -n wamn-receiving-journey wait --for=condition=Complete job/startup-request-steady-3 --timeout=240s 
2026-09-05T23:07:59Z kubectl --kubeconfig /tmp/tmp.aNINLo5z5B/kubeconfig --context kind-wamn-receiving-journey apply -f /tmp/tmp.aNINLo5z5B/startup-request-steady-4.yaml 
2026-09-05T23:07:59Z kubectl --kubeconfig /tmp/tmp.aNINLo5z5B/kubeconfig --context kind-wamn-receiving-journey -n wamn-receiving-journey wait --for=condition=Complete job/startup-request-steady-4 --timeout=240s 
2026-09-05T23:08:02Z kubectl --kubeconfig /tmp/tmp.aNINLo5z5B/kubeconfig --context kind-wamn-receiving-journey apply -f /tmp/tmp.aNINLo5z5B/startup-request-steady-5.yaml 
2026-09-05T23:08:02Z kubectl --kubeconfig /tmp/tmp.aNINLo5z5B/kubeconfig --context kind-wamn-receiving-journey -n wamn-receiving-journey wait --for=condition=Complete job/startup-request-steady-5 --timeout=240s 
2026-09-05T23:08:06Z kubectl --kubeconfig /tmp/tmp.aNINLo5z5B/kubeconfig --context kind-wamn-receiving-journey get --raw /api/v1/namespaces/wamn-system/services/http:tempo:3200/proxy/api/traces/22222222222222222222222222222222 
2026-09-05T23:08:06Z kubectl --kubeconfig /tmp/tmp.aNINLo5z5B/kubeconfig --context kind-wamn-receiving-journey get --raw /api/v1/namespaces/wamn-system/services/http:tempo:3200/proxy/api/traces/33333333333333333333333333333333 
2026-09-05T23:08:06Z kubectl --kubeconfig /tmp/tmp.aNINLo5z5B/kubeconfig --context kind-wamn-receiving-journey get --raw /api/v1/namespaces/wamn-system/services/http:tempo:3200/proxy/api/traces/33333333333333333333333333330002 
2026-09-05T23:08:06Z kubectl --kubeconfig /tmp/tmp.aNINLo5z5B/kubeconfig --context kind-wamn-receiving-journey get --raw /api/v1/namespaces/wamn-system/services/http:tempo:3200/proxy/api/traces/33333333333333333333333333330003 
2026-09-05T23:08:06Z kubectl --kubeconfig /tmp/tmp.aNINLo5z5B/kubeconfig --context kind-wamn-receiving-journey get --raw /api/v1/namespaces/wamn-system/services/http:tempo:3200/proxy/api/traces/33333333333333333333333333330004 
2026-09-05T23:08:06Z kubectl --kubeconfig /tmp/tmp.aNINLo5z5B/kubeconfig --context kind-wamn-receiving-journey get --raw /api/v1/namespaces/wamn-system/services/http:tempo:3200/proxy/api/traces/33333333333333333333333333330005 
2026-09-05T23:08:06Z cargo build --locked --offline -p wamn-proof-integration --bin wamn-throughput 
2026-09-05T23:08:07Z kubectl --kubeconfig /tmp/tmp.aNINLo5z5B/kubeconfig --context kind-wamn-receiving-journey apply -f /tmp/tmp.aNINLo5z5B/bench-route-c1.json 
2026-09-05T23:08:28Z kubectl --kubeconfig /tmp/tmp.aNINLo5z5B/kubeconfig --context kind-wamn-receiving-journey apply -f /tmp/tmp.aNINLo5z5B/bench-route-c4.json 
2026-09-05T23:08:44Z kubectl --kubeconfig /tmp/tmp.aNINLo5z5B/kubeconfig --context kind-wamn-receiving-journey apply -f /tmp/tmp.aNINLo5z5B/bench-route-c8.json 
2026-09-05T23:09:00Z kubectl --kubeconfig /tmp/tmp.aNINLo5z5B/kubeconfig --context kind-wamn-receiving-journey apply -f /tmp/tmp.aNINLo5z5B/bench-route-c16.json 
2026-09-05T23:09:16Z kubectl --kubeconfig /tmp/tmp.aNINLo5z5B/kubeconfig --context kind-wamn-receiving-journey apply -f /tmp/tmp.aNINLo5z5B/bench-route-c32.json 
2026-09-05T23:09:32Z kubectl --kubeconfig /tmp/tmp.aNINLo5z5B/kubeconfig --context kind-wamn-receiving-journey apply -f /tmp/tmp.aNINLo5z5B/bench-route-c64.json 
2026-09-05T23:09:48Z kubectl --kubeconfig /tmp/tmp.aNINLo5z5B/kubeconfig --context kind-wamn-receiving-journey apply -f /tmp/tmp.aNINLo5z5B/bench-nodb-c1.json 
2026-09-05T23:10:04Z kubectl --kubeconfig /tmp/tmp.aNINLo5z5B/kubeconfig --context kind-wamn-receiving-journey apply -f /tmp/tmp.aNINLo5z5B/bench-nodb-c4.json 
2026-09-05T23:10:20Z kubectl --kubeconfig /tmp/tmp.aNINLo5z5B/kubeconfig --context kind-wamn-receiving-journey apply -f /tmp/tmp.aNINLo5z5B/bench-nodb-c8.json 
2026-09-05T23:10:36Z kubectl --kubeconfig /tmp/tmp.aNINLo5z5B/kubeconfig --context kind-wamn-receiving-journey apply -f /tmp/tmp.aNINLo5z5B/bench-nodb-c16.json 
2026-09-05T23:10:52Z kubectl --kubeconfig /tmp/tmp.aNINLo5z5B/kubeconfig --context kind-wamn-receiving-journey apply -f /tmp/tmp.aNINLo5z5B/bench-nodb-c32.json 
2026-09-05T23:11:08Z kubectl --kubeconfig /tmp/tmp.aNINLo5z5B/kubeconfig --context kind-wamn-receiving-journey apply -f /tmp/tmp.aNINLo5z5B/bench-nodb-c64.json 
2026-09-05T23:11:25Z kubectl --kubeconfig /tmp/tmp.aNINLo5z5B/kubeconfig --context kind-wamn-receiving-journey apply -f /tmp/tmp.aNINLo5z5B/bench-pg-c1.json 
2026-09-05T23:11:49Z kubectl --kubeconfig /tmp/tmp.aNINLo5z5B/kubeconfig --context kind-wamn-receiving-journey apply -f /tmp/tmp.aNINLo5z5B/bench-pg-c4.json 
2026-09-05T23:12:05Z kubectl --kubeconfig /tmp/tmp.aNINLo5z5B/kubeconfig --context kind-wamn-receiving-journey apply -f /tmp/tmp.aNINLo5z5B/bench-pg-c8.json 
2026-09-05T23:12:21Z kubectl --kubeconfig /tmp/tmp.aNINLo5z5B/kubeconfig --context kind-wamn-receiving-journey apply -f /tmp/tmp.aNINLo5z5B/bench-pg-c16.json 
2026-09-05T23:12:37Z kubectl --kubeconfig /tmp/tmp.aNINLo5z5B/kubeconfig --context kind-wamn-receiving-journey apply -f /tmp/tmp.aNINLo5z5B/bench-pg-c32.json 
2026-09-05T23:12:53Z kubectl --kubeconfig /tmp/tmp.aNINLo5z5B/kubeconfig --context kind-wamn-receiving-journey apply -f /tmp/tmp.aNINLo5z5B/bench-pg-c64.json 
2026-09-05T23:13:09Z /home/kaalin/.cache/wamn-lanes/perf2/target/debug/wamn-throughput report --evidence-dir /home/kaalin/dev/wamn/docs/perf/2026.09/7-release-host/journey/throughput 
2026-09-05T23:13:09Z kubectl --kubeconfig /tmp/tmp.aNINLo5z5B/kubeconfig --context kind-wamn-receiving-journey -n wamn-receiving-journey get deployment hostgroup-default -o json 
2026-09-05T23:13:09Z kubectl --kubeconfig /tmp/tmp.aNINLo5z5B/kubeconfig --context kind-wamn-receiving-journey -n wamn-receiving-journey get pods -o json 
2026-09-05T23:13:10Z kubectl --kubeconfig /tmp/tmp.aNINLo5z5B/kubeconfig --context kind-wamn-receiving-journey -n wamn-receiving-journey get events -o json 
2026-09-05T23:13:10Z kubectl --kubeconfig /tmp/tmp.aNINLo5z5B/kubeconfig --context kind-wamn-receiving-journey -n wamn-receiving-journey get secrets -o name 
2026-09-05T23:13:10Z kubectl --kubeconfig /tmp/tmp.aNINLo5z5B/kubeconfig --context kind-wamn-receiving-journey -n wamn-receiving-journey get jobs -o json 
2026-09-05T23:13:10Z kind delete cluster --name wamn-receiving-journey 
2026-09-05T23:13:12Z docker rm --force --volumes wamn-receiving-pg18-abf857175a8e-973710 
2026-09-05T23:13:13Z docker rm --force --volumes wamn-receiving-registry-abf857175a8e-973710 
2026-09-05T23:13:13Z docker rm --force --volumes wamn-receiving-nats-abf857175a8e-973710 
2026-09-05T23:13:13Z docker image rm wamn-host:receiving-abf857175a8e-973710-release 
2026-09-05T23:13:13Z rm -rf -- /tmp/tmp.aNINLo5z5B 
