{
  "summary": {
    "successRate": 1.0,
    "total": 10.00402657,
    "slowest": 0.078059885,
    "fastest": 0.000411003,
    "average": 0.0029574770120569037,
    "requestsPerSec": 5398.726165118532,
    "totalData": 1943784,
    "sizePerRequest": 36,
    "sizePerSec": 194300.1636789935
  },
  "metrics": {
    "success_rate": 1.0,
    "requests_per_sec": 5398.726165118532,
    "latency_ms": {
      "min": 0.411,
      "mean": 2.957,
      "p50": 2.518,
      "p95": 6.311,
      "p99": 10.366,
      "max": 78.06
    }
  },
  "responseTimeHistogram": {
    "0.000411003": 1,
    "0.0081758912": 52837,
    "0.0159407794": 1046,
    "0.0237056676": 88,
    "0.0314705558": 15,
    "0.039235444": 1,
    "0.0470003322": 2,
    "0.0547652204": 3,
    "0.0625301086": 0,
    "0.0702949968": 0,
    "0.078059885": 1
  },
  "latencyPercentiles": {
    "p10": 0.00121078,
    "p25": 0.001797907,
    "p50": 0.002517616,
    "p75": 0.00357338,
    "p90": 0.00504455,
    "p95": 0.006310979,
    "p99": 0.010366347,
    "p99.9": 0.018963359,
    "p99.99": 0.040735333
  },
  "firstByteHistogram": {
    "0.000406351": 1,
    "0.0081710573": 52842,
    "0.0159357636": 1041,
    "0.0237004699": 88,
    "0.0314651762": 15,
    "0.0392298825": 1,
    "0.0469945888": 2,
    "0.0547592951": 3,
    "0.0625240014": 0,
    "0.07028870770000001": 0,
    "0.078053414": 1
  },
  "firstBytePercentiles": {
    "p10": 0.001201845,
    "p25": 0.001787291,
    "p50": 0.002507679,
    "p75": 0.003560156,
    "p90": 0.005029718,
    "p95": 0.006294806,
    "p99": 0.010326579,
    "p99.9": 0.018703555,
    "p99.99": 0.040729502
  },
  "rps": {
    "mean": 5388.225798159412,
    "stddev": 1783.6067300500752,
    "max": 10359.185459279823,
    "min": 96.56293875785136,
    "percentiles": {
      "p10": 3181.261605639952,
      "p25": 4126.830287921733,
      "p50": 5213.436559377155,
      "p75": 6587.842445572214,
      "p90": 7830.023013149225,
      "p95": 8506.957840818137,
      "p99": 9595.095234931796,
      "p99.9": 10224.690582819214,
      "p99.99": 10359.185459279823
    }
  },
  "details": {
    "DNSDialup": {
      "average": 0.0015768454374999999,
      "fastest": 0.000339499,
      "slowest": 0.002681254
    },
    "DNSLookup": {
      "average": 0.00006688568750000001,
      "fastest": 0.000035553,
      "slowest": 0.000156576
    },
    "firstByte": {
      "average": 0.0029457155514131163,
      "fastest": 0.000406351,
      "slowest": 0.078053414
    }
  },
  "statusCodeDistribution": {
    "404": 53994
  },
  "errorDistribution": {
    "aborted due to deadline": 15
  }
}