{
  "summary": {
    "successRate": 1.0,
    "total": 10.001971518,
    "slowest": 0.003816118,
    "fastest": 0.000215267,
    "average": 0.0004096413269787436,
    "requestsPerSec": 2417.8233217800293,
    "totalData": 870552,
    "sizePerRequest": 36,
    "sizePerSec": 87038.04029368763
  },
  "metrics": {
    "success_rate": 1.0,
    "requests_per_sec": 2417.8233217800293,
    "latency_ms": {
      "min": 0.215,
      "mean": 0.41,
      "p50": 0.389,
      "p95": 0.574,
      "p99": 0.773,
      "max": 3.816
    }
  },
  "responseTimeHistogram": {
    "0.000215267": 1,
    "0.0005753520999999999": 22983,
    "0.0009354372": 1089,
    "0.0012955223": 74,
    "0.0016556074": 12,
    "0.0020156925": 10,
    "0.0023757775999999997": 5,
    "0.0027358626999999997": 2,
    "0.0030959477999999998": 3,
    "0.0034560329": 1,
    "0.003816118": 2
  },
  "latencyPercentiles": {
    "p10": 0.000326578,
    "p25": 0.000354321,
    "p50": 0.000388723,
    "p75": 0.000435123,
    "p90": 0.000502424,
    "p95": 0.000574222,
    "p99": 0.000772919,
    "p99.9": 0.001598048,
    "p99.99": 0.003335652
  },
  "firstByteHistogram": {
    "0.000213724": 1,
    "0.0005732469": 23020,
    "0.0009327698": 1052,
    "0.0012922927": 74,
    "0.0016518156": 12,
    "0.0020113385000000003": 10,
    "0.0023708614000000003": 5,
    "0.0027303843000000003": 2,
    "0.0030899072000000003": 3,
    "0.0034494301000000003": 1,
    "0.0038089530000000003": 2
  },
  "firstBytePercentiles": {
    "p10": 0.000323223,
    "p25": 0.000350324,
    "p50": 0.000384408,
    "p75": 0.000430247,
    "p90": 0.000496703,
    "p95": 0.000568122,
    "p99": 0.000763426,
    "p99.9": 0.001590297,
    "p99.99": 0.003329646
  },
  "rps": {
    "mean": 2417.1681649008033,
    "stddev": 314.9846584463317,
    "max": 3542.5499213604417,
    "min": 936.3387448857694,
    "percentiles": {
      "p10": 2035.2194729799403,
      "p25": 2256.615782032314,
      "p50": 2453.303163156353,
      "p75": 2609.929738683914,
      "p90": 2725.2307311551654,
      "p95": 2816.055563487986,
      "p99": 3294.0504096769428,
      "p99.9": 3540.612596791491,
      "p99.99": 3542.5499213604417
    }
  },
  "details": {
    "DNSDialup": {
      "average": 0.000426945,
      "fastest": 0.000426945,
      "slowest": 0.000426945
    },
    "DNSLookup": {
      "average": 0.000100981,
      "fastest": 0.000100981,
      "slowest": 0.000100981
    },
    "firstByte": {
      "average": 0.0004050684665453632,
      "fastest": 0.000213724,
      "slowest": 0.003808953
    }
  },
  "statusCodeDistribution": {
    "404": 24182
  },
  "errorDistribution": {
    "aborted due to deadline": 1
  }
}