{
  "summary": {
    "successRate": 1.0,
    "total": 10.002841296,
    "slowest": 0.033408018,
    "fastest": 0.004044664,
    "average": 0.011280538155486531,
    "requestsPerSec": 1417.397275479077,
    "totalData": 4078656,
    "sizePerRequest": 288,
    "sizePerSec": 407749.7462277042
  },
  "metrics": {
    "success_rate": 1.0,
    "requests_per_sec": 1417.397275479077,
    "latency_ms": {
      "min": 4.045,
      "mean": 11.281,
      "p50": 10.864,
      "p95": 16.362,
      "p99": 20.121,
      "max": 33.408
    }
  },
  "responseTimeHistogram": {
    "0.004044664": 1,
    "0.0069809994": 320,
    "0.0099173348": 4540,
    "0.012853670199999999": 5965,
    "0.015790005599999997": 2430,
    "0.018726341": 640,
    "0.021662676399999997": 197,
    "0.024599011799999997": 48,
    "0.027535347199999997": 15,
    "0.030471682599999998": 5,
    "0.033408018": 1
  },
  "latencyPercentiles": {
    "p10": 0.008259291,
    "p25": 0.009365852,
    "p50": 0.010864451,
    "p75": 0.012732246,
    "p90": 0.014745105,
    "p95": 0.016361655,
    "p99": 0.020120945,
    "p99.9": 0.025585655,
    "p99.99": 0.030430418
  },
  "firstByteHistogram": {
    "0.004038022": 1,
    "0.0069743596": 321,
    "0.009910697199999999": 4558,
    "0.0128470348": 5953,
    "0.0157833724": 2424,
    "0.01871971": 642,
    "0.0216560476": 193,
    "0.0245923852": 49,
    "0.0275287228": 15,
    "0.030465060399999997": 5,
    "0.033401398": 1
  },
  "firstBytePercentiles": {
    "p10": 0.008243147,
    "p25": 0.009356247,
    "p50": 0.010849523,
    "p75": 0.012715145,
    "p90": 0.014729157,
    "p95": 0.016345049,
    "p99": 0.02009427,
    "p99.9": 0.0255767,
    "p99.99": 0.030404317
  },
  "rps": {
    "mean": 1414.0990950122207,
    "stddev": 324.78626611545764,
    "max": 2443.82177417285,
    "min": 321.86751825662134,
    "percentiles": {
      "p10": 992.6070625977807,
      "p25": 1218.3401617914676,
      "p50": 1440.755629780329,
      "p75": 1631.3676101341157,
      "p90": 1788.781766947454,
      "p95": 1893.3911392660586,
      "p99": 2158.1287667054567,
      "p99.9": 2327.2429385635673,
      "p99.99": 2443.82177417285
    }
  },
  "details": {
    "DNSDialup": {
      "average": 0.0016172937500000002,
      "fastest": 0.00045276,
      "slowest": 0.004124277
    },
    "DNSLookup": {
      "average": 0.00004735050000000001,
      "fastest": 0.000020896,
      "slowest": 0.000110752
    },
    "firstByte": {
      "average": 0.011266509151461641,
      "fastest": 0.004038022,
      "slowest": 0.033401398
    }
  },
  "statusCodeDistribution": {
    "200": 14162
  },
  "errorDistribution": {
    "aborted due to deadline": 16
  }
}