{
  "summary": {
    "successRate": 1.0,
    "total": 10.003673086,
    "slowest": 0.048375452,
    "fastest": 0.011789753,
    "average": 0.026133019069874055,
    "requestsPerSec": 1224.9500653064424,
    "totalData": 3519936,
    "sizePerRequest": 288,
    "sizePerSec": 351864.3571955686
  },
  "metrics": {
    "success_rate": 1.0,
    "requests_per_sec": 1224.9500653064424,
    "latency_ms": {
      "min": 11.79,
      "mean": 26.133,
      "p50": 25.731,
      "p95": 33.174,
      "p99": 37.54,
      "max": 48.375
    }
  },
  "responseTimeHistogram": {
    "0.011789753": 1,
    "0.0154483229": 37,
    "0.0191068928": 296,
    "0.0227654627": 1697,
    "0.0264240326": 5041,
    "0.0300826025": 3421,
    "0.0337411724": 1237,
    "0.0373997423": 362,
    "0.0410583122": 82,
    "0.0447168821": 32,
    "0.048375452": 16
  },
  "latencyPercentiles": {
    "p10": 0.021637459,
    "p25": 0.023670679,
    "p50": 0.025731039,
    "p75": 0.028214318,
    "p90": 0.031143001,
    "p95": 0.033174304,
    "p99": 0.037540181,
    "p99.9": 0.045122042,
    "p99.99": 0.048354716
  },
  "firstByteHistogram": {
    "0.011767093": 1,
    "0.0154268707": 36,
    "0.0190866484": 292,
    "0.022746426099999998": 1694,
    "0.0264062038": 5038,
    "0.0300659815": 3428,
    "0.0337257592": 1238,
    "0.0373855369": 365,
    "0.041045314599999994": 82,
    "0.0447050923": 32,
    "0.04836487": 16
  },
  "firstBytePercentiles": {
    "p10": 0.021625084,
    "p25": 0.023661229,
    "p50": 0.025716663,
    "p75": 0.028195491,
    "p90": 0.031130701,
    "p95": 0.033164556,
    "p99": 0.037533482,
    "p99.9": 0.045090982,
    "p99.99": 0.048349392
  },
  "rps": {
    "mean": 1221.2645077199304,
    "stddev": 437.29921717706634,
    "max": 2864.0756249621923,
    "min": 80.40782850618336,
    "percentiles": {
      "p10": 685.0705542746019,
      "p25": 909.7322703414728,
      "p50": 1188.8151943549801,
      "p75": 1509.9199417217878,
      "p90": 1805.486784062417,
      "p95": 1973.0396463822922,
      "p99": 2418.069751640051,
      "p99.9": 2833.863918124545,
      "p99.99": 2864.0756249621923
    }
  },
  "details": {
    "DNSDialup": {
      "average": 0.0013026263749999999,
      "fastest": 0.000499388,
      "slowest": 0.00215793
    },
    "DNSLookup": {
      "average": 0.00003609178125,
      "fastest": 0.000019552,
      "slowest": 0.000102714
    },
    "firstByte": {
      "average": 0.02612026026869575,
      "fastest": 0.011767093,
      "slowest": 0.04836487
    }
  },
  "statusCodeDistribution": {
    "200": 12222
  },
  "errorDistribution": {
    "aborted due to deadline": 32
  }
}