2026-09-05T12:32:34.801823770Z 2026-09-05T12:32:34.801715Z  INFO connected to NATS
2026-09-05T12:32:34.928201323Z 2026-09-05T12:32:34.928030Z  INFO wiring activation doorbell listening; dropped every cached pointer channel="wamn_wiring_activation" dropped=0
2026-09-05T12:32:35.154429476Z 2026-09-05T12:32:35.154328Z  INFO release component pull completed component_digest=sha256:43fcb1f18e8e9d6be3ea0a84b838a400e5a179665dc4019914a5076d14e03b7d component_bytes=669593 elapsed_ms=60
2026-09-05T12:32:35.157813942Z 2026-09-05T12:32:35.157760Z  INFO release component pull completed component_digest=sha256:ae12741669b22abbc09b72f4243c83e996c15c46a5b3d925cbd1cf11d4355715 component_bytes=466014 elapsed_ms=63
2026-09-05T12:32:46.759704158Z 2026-09-05T12:32:46.759585Z  INFO release component compilation completed component_digest=sha256:ae12741669b22abbc09b72f4243c83e996c15c46a5b3d925cbd1cf11d4355715 compile_ms=11601 compile_wall_ms=11601
2026-09-05T12:32:46.816348031Z 2026-09-05T12:32:46.816232Z  INFO release component compilation completed component_digest=sha256:43fcb1f18e8e9d6be3ea0a84b838a400e5a179665dc4019914a5076d14e03b7d compile_ms=11661 compile_wall_ms=11661
2026-09-05T12:32:46.819825715Z 2026-09-05T12:32:46.819698Z  WARN wamn.component.linker_setup:wamn.linker.register: component imports wamn:postgres but sets no wamn.tenant; calls will be refused component="receiving#0"
2026-09-05T12:32:46.822396248Z 2026-09-05T12:32:46.822263Z  INFO release component instantiation completed component_digest=sha256:43fcb1f18e8e9d6be3ea0a84b838a400e5a179665dc4019914a5076d14e03b7d elapsed_ms=5 total_elapsed_ms=11728
2026-09-05T12:32:46.825667529Z 2026-09-05T12:32:46.825545Z  WARN wamn.component.linker_setup:wamn.linker.register: component imports wamn:postgres but sets no wamn.tenant; calls will be refused component="client_acme_receiving#1"
2026-09-05T12:32:46.828623423Z 2026-09-05T12:32:46.828523Z  INFO release component instantiation completed component_digest=sha256:ae12741669b22abbc09b72f4243c83e996c15c46a5b3d925cbd1cf11d4355715 elapsed_ms=6 total_elapsed_ms=11734
2026-09-05T12:32:46.828714334Z 2026-09-05T12:32:46.828656Z  INFO synchronous release preload completed synchronous_wirings=13 component_digests=2 elapsed_ms=11961
2026-09-05T12:32:46.828894625Z 2026-09-05T12:32:46.828852Z  INFO release preload completed; component cache warm
2026-09-05T12:32:46.865709149Z 2026-09-05T12:32:46.865571Z  INFO wamn-host starting (base plugins: wasi:config, wamn:logging, wasi:otel, wamn:postgres, wamn:jetstream, wamn:flow-http-routing) router_delivery=true
2026-09-05T12:32:46.865748711Z 2026-09-05T12:32:46.865666Z  INFO wamn-host welded to its release effective_release_id=1 manifest_digest=sha256:117166d61dfa9792bcf8ac73d5079672be54e4007f43534cfe6dd487ce384911
2026-09-05T12:32:46.865806001Z 2026-09-05T12:32:46.865760Z  INFO HTTP server listening addr=0.0.0.0:80 protocol="HTTP"
2026-09-05T12:32:46.865922662Z 2026-09-05T12:32:46.865862Z  INFO Starting WASI OTel plugin endpoint=http://otel-collector.wamn-system.svc.cluster.local:4317 protocol="grpc"
2026-09-05T12:32:46.866991406Z 2026-09-05T12:32:46.866925Z  INFO WASI OTel plugin started
2026-09-05T12:32:46.867112159Z 2026-09-05T12:32:46.867023Z  INFO Host started host_id="41f0f20d-0e15-495a-b6f4-54fefd4b3c98" friendly_name="slow-snake-2088" host_name="10.244.2.5" labels={"hostgroup": "default"} version="2.8.0"
2026-09-05T12:32:46.867555147Z 2026-09-05T12:32:46.867480Z  INFO Host provides interfaces count=10 interfaces=["wasi:cli/terminal-output,stdout,terminal-stdout,stderr,terminal-stderr,terminal-stdin,stdin,terminal-input,exit,environment@0.2.0", "wasi:clocks/monotonic-clock,wall-clock@0.2.0", "wasi:clocks/wall-time,monotonic-clock@0.2.0", "wasi:filesystem/types,preopens@0.2.0", "wasi:http/handler,types@0.3.0", "wasi:http/outgoing-handler,incoming-handler,types@0.2.0", "wasi:io/error,streams,poll@0.2.0", "wasi:random/random,insecure-seed,insecure@0.2.0", "wasi:random/random@0.2.0", "wasi:sockets/udp,network,instance-network,tcp-create-socket,ip-name-lookup,tcp,udp-create-socket@0.2.0"]
2026-09-05T12:32:46.867646703Z 2026-09-05T12:32:46.867589Z  INFO wamn-host runtime startup completed elapsed_ms=12295
