2026-09-05T12:33:04.400463120Z 2026-09-05T12:33:04.400360Z  INFO connected to NATS
2026-09-05T12:33:04.628403620Z 2026-09-05T12:33:04.628277Z  INFO wiring activation doorbell listening; dropped every cached pointer channel="wamn_wiring_activation" dropped=0
2026-09-05T12:33:04.960969762Z 2026-09-05T12:33:04.960866Z  INFO release component pull completed component_digest=sha256:ae12741669b22abbc09b72f4243c83e996c15c46a5b3d925cbd1cf11d4355715 component_bytes=466014 elapsed_ms=99
2026-09-05T12:33:04.966151557Z 2026-09-05T12:33:04.966058Z  INFO release component pull completed component_digest=sha256:43fcb1f18e8e9d6be3ea0a84b838a400e5a179665dc4019914a5076d14e03b7d component_bytes=669593 elapsed_ms=105
2026-09-05T12:33:04.991551101Z 2026-09-05T12:33:04.991430Z  INFO release component compilation completed component_digest=sha256:ae12741669b22abbc09b72f4243c83e996c15c46a5b3d925cbd1cf11d4355715 compile_ms=30 compile_wall_ms=30
2026-09-05T12:33:05.004086993Z 2026-09-05T12:33:05.003963Z  INFO release component compilation completed component_digest=sha256:43fcb1f18e8e9d6be3ea0a84b838a400e5a179665dc4019914a5076d14e03b7d compile_ms=37 compile_wall_ms=37
2026-09-05T12:33:05.008059173Z 2026-09-05T12:33:05.007949Z  WARN wamn.component.linker_setup:wamn.linker.register: component imports wamn:postgres but sets no wamn.tenant; calls will be refused component="receiving#0"
2026-09-05T12:33:05.010891273Z 2026-09-05T12:33:05.010766Z  INFO release component instantiation completed component_digest=sha256:43fcb1f18e8e9d6be3ea0a84b838a400e5a179665dc4019914a5076d14e03b7d elapsed_ms=6 total_elapsed_ms=149
2026-09-05T12:33:05.013742877Z 2026-09-05T12:33:05.013639Z  WARN wamn.component.linker_setup:wamn.linker.register: component imports wamn:postgres but sets no wamn.tenant; calls will be refused component="client_acme_receiving#1"
2026-09-05T12:33:05.016382015Z 2026-09-05T12:33:05.016295Z  INFO release component instantiation completed component_digest=sha256:ae12741669b22abbc09b72f4243c83e996c15c46a5b3d925cbd1cf11d4355715 elapsed_ms=5 total_elapsed_ms=154
2026-09-05T12:33:05.016464310Z 2026-09-05T12:33:05.016427Z  INFO synchronous release preload completed synchronous_wirings=13 component_digests=2 elapsed_ms=473
2026-09-05T12:33:05.016660768Z 2026-09-05T12:33:05.016621Z  INFO release preload completed; component cache warm
2026-09-05T12:33:05.055358888Z 2026-09-05T12:33:05.055251Z  INFO wamn-host starting (base plugins: wasi:config, wamn:logging, wasi:otel, wamn:postgres, wamn:jetstream, wamn:flow-http-routing) router_delivery=true
2026-09-05T12:33:05.055388523Z 2026-09-05T12:33:05.055328Z  INFO wamn-host welded to its release effective_release_id=1 manifest_digest=sha256:117166d61dfa9792bcf8ac73d5079672be54e4007f43534cfe6dd487ce384911
2026-09-05T12:33:05.055440938Z 2026-09-05T12:33:05.055398Z  INFO HTTP server listening addr=0.0.0.0:80 protocol="HTTP"
2026-09-05T12:33:05.055582817Z 2026-09-05T12:33:05.055503Z  INFO Starting WASI OTel plugin endpoint=http://otel-collector.wamn-system.svc.cluster.local:4317 protocol="grpc"
2026-09-05T12:33:05.056732886Z 2026-09-05T12:33:05.056669Z  INFO WASI OTel plugin started
2026-09-05T12:33:05.057363538Z 2026-09-05T12:33:05.056780Z  INFO Host started host_id="05934b5c-467b-429e-8e02-d9755d08cca6" friendly_name="fluffy-dad-4328" host_name="10.244.2.5" labels={"hostgroup": "default"} version="2.8.0"
2026-09-05T12:33:05.057376042Z 2026-09-05T12:33:05.057298Z  INFO Host provides interfaces count=10 interfaces=["wasi:cli/terminal-stderr,terminal-stdin,terminal-input,exit,stderr,terminal-stdout,stdin,environment,stdout,terminal-output@0.2.0", "wasi:clocks/monotonic-clock,wall-clock@0.2.0", "wasi:clocks/wall-time,monotonic-clock@0.2.0", "wasi:filesystem/preopens,types@0.2.0", "wasi:http/handler,types@0.3.0", "wasi:http/types,incoming-handler,outgoing-handler@0.2.0", "wasi:io/poll,error,streams@0.2.0", "wasi:random/random@0.2.0", "wasi:random/random,insecure-seed,insecure@0.2.0", "wasi:sockets/ip-name-lookup,tcp-create-socket,tcp,udp-create-socket,udp,instance-network,network@0.2.0"]
2026-09-05T12:33:05.057748331Z 2026-09-05T12:33:05.057420Z  INFO wamn-host runtime startup completed elapsed_ms=967
