#0 building with "default" instance using docker driver

#1 [internal] load build definition from Dockerfile
#1 transferring dockerfile: 18.95kB done
#1 DONE 0.0s

#2 [internal] load metadata for docker.io/library/debian:trixie-slim
#2 DONE 0.0s

#3 [internal] load metadata for docker.io/library/rust:1.98-trixie
#3 DONE 0.0s

#4 [internal] load .dockerignore
#4 transferring context: 245B done
#4 DONE 0.0s

#5 [host 1/3] FROM docker.io/library/debian:trixie-slim
#5 DONE 0.0s

#6 [chef 1/4] FROM docker.io/library/rust:1.98-trixie
#6 DONE 0.0s

#7 [internal] load build context
#7 transferring context: 7.35MB 0.1s done
#7 DONE 0.1s

#8 [chef 4/4] RUN --mount=type=cache,id=wamn-chef-cargo-registry,target=/usr/local/cargo/registry,sharing=locked     --mount=type=cache,id=wamn-chef-cargo-git,target=/usr/local/cargo/git,sharing=locked     cargo install cargo-chef --version 0.1.77 --locked
#8 CACHED

#9 [component-toolchain 2/6] COPY .cargo/config.toml /build/.cargo/config.toml
#9 CACHED

#10 [component-toolchain 4/6] COPY crates /build/crates
#10 CACHED

#11 [component-toolchain 6/6] WORKDIR /build/components
#11 CACHED

#12 [component-toolchain 3/6] COPY Cargo.toml /build/Cargo.toml
#12 CACHED

#13 [chef 2/4] RUN apt-get update && apt-get install -y --no-install-recommends clang mold protobuf-compiler libprotobuf-dev git && rm -rf /var/lib/apt/lists/*
#13 CACHED

#14 [component-toolchain 1/6] RUN rustup target add --toolchain 1.97.0 wasm32-wasip2
#14 CACHED

#15 [component-toolchain 5/6] COPY components /build/components
#15 CACHED

#16 [chef 3/4] WORKDIR /build
#16 CACHED

#17 [component-builder 1/1] RUN --mount=type=cache,id=wamn-component-cargo-registry,target=/usr/local/cargo/registry,sharing=locked     --mount=type=cache,id=wamn-component-cargo-git,target=/usr/local/cargo/git,sharing=locked     --mount=type=cache,id=wamn-component-target,target=/build/components/target,sharing=locked     cargo +1.97.0 build --locked --release --target wasm32-wasip2       -p http-route -p materializer       -p busyloop -p connection-http-standard -p sockprobe  && install -d /component-output  && for artifact in       http_route materializer       busyloop connection_http_standard sockprobe; do       install -m 0644 "target/wasm32-wasip2/release/${artifact}.wasm"         "/component-output/${artifact}.wasm";     done
#17 CACHED

#18 [root-planner 3/7] COPY components ./components
#18 CACHED

#19 [root-recipe 1/3] COPY .cargo/config.toml ./.cargo/config.toml
#19 CACHED

#20 [root-planner 5/7] COPY test-support ./test-support
#20 CACHED

#21 [root-planner 6/7] COPY tests ./tests
#21 CACHED

#22 [root-planner 1/7] COPY Cargo.toml Cargo.lock ./
#22 CACHED

#23 [root-planner 7/7] RUN cargo chef prepare --recipe-path root-recipe.json
#23 CACHED

#24 [root-planner 4/7] COPY services ./services
#24 CACHED

#25 [root-recipe 2/3] COPY --from=root-planner /build/root-recipe.json ./root-recipe.json
#25 CACHED

#26 [root-planner 2/7] COPY crates ./crates
#26 CACHED

#27 [root-recipe 3/3] COPY components ./components
#27 CACHED

#28 [root-source 1/2] COPY .cargo/config.toml ./.cargo/config.toml
#28 CACHED

#29 [root-source 2/2] COPY deploy ./deploy
#29 CACHED

#30 [cook-host 1/1] RUN --mount=type=cache,id=wamn-root-cargo-registry,target=/usr/local/cargo/registry,sharing=locked     --mount=type=cache,id=wamn-root-cargo-git,target=/usr/local/cargo/git,sharing=locked     --mount=type=cache,id=wamn-root-target,target=/build/target,sharing=locked     cargo chef cook --locked --release --recipe-path root-recipe.json -p wamn-host
#30 ...

#31 [cook-cdc-reader 1/1] RUN --mount=type=cache,id=wamn-root-cargo-registry,target=/usr/local/cargo/registry,sharing=locked     --mount=type=cache,id=wamn-root-cargo-git,target=/usr/local/cargo/git,sharing=locked     --mount=type=cache,id=wamn-root-target,target=/build/target,sharing=locked     cargo chef cook --locked --release --recipe-path root-recipe.json -p wamn-cdc-reader
#31 0.643    Compiling wamn-execution-contract v0.1.0 (/build/components/execution/contract)
#31 0.647    Compiling wamn-event-wire v0.1.0 (/build/components/events/wire)
#31 0.647    Compiling wamn-component-policy v0.0.1 (/build/crates/platform/component-policy)
#31 0.652    Compiling wamn-schema-introspection v0.0.1 (/build/crates/schema/introspection)
#31 0.670    Compiling wamn-pg-core v0.0.1 (/build/crates/platform/pg-core)
#31 0.678    Compiling wamn-control-registry v0.0.1 (/build/crates/control/registry)
#31 0.947    Compiling wamn-run-state v0.0.1 (/build/crates/execution/run-state)
#31 1.167    Compiling wamn-catalog v0.0.1 (/build/crates/catalog/model)
#31 1.198    Compiling wamn-schema-generator v0.0.1 (/build/crates/schema/generator)
#31 1.231    Compiling wamn-control-provision v0.0.1 (/build/crates/control/provision)
#31 1.263    Compiling wamn-cdc-reader v0.0.1 (/build/services/cdc-reader)
#31 4.830     Finished `release` profile [optimized] target(s) in 4.57s
#31 DONE 5.5s

#32 [build-gates 1/1] RUN --mount=type=cache,id=wamn-root-cargo-registry,target=/usr/local/cargo/registry,sharing=locked     --mount=type=cache,id=wamn-root-cargo-git,target=/usr/local/cargo/git,sharing=locked     --mount=type=cache,id=wamn-root-target,target=/build/target,sharing=locked     cargo build --locked --release -p wamn-gates  && install -D -m 0755 target/release/wamn-gates /native-output/wamn-gates
#32 ...

#33 [build-cdc-reader 1/2] COPY --from=root-source /build /build
#33 DONE 0.2s

#34 [cook-ctl 1/1] RUN --mount=type=cache,id=wamn-root-cargo-registry,target=/usr/local/cargo/registry,sharing=locked     --mount=type=cache,id=wamn-root-cargo-git,target=/usr/local/cargo/git,sharing=locked     --mount=type=cache,id=wamn-root-target,target=/build/target,sharing=locked     cargo chef cook --locked --release --recipe-path root-recipe.json -p wamn-ctl
#34 ...

#35 [build-cdc-reader 2/2] RUN --mount=type=cache,id=wamn-root-cargo-registry,target=/usr/local/cargo/registry,sharing=locked     --mount=type=cache,id=wamn-root-cargo-git,target=/usr/local/cargo/git,sharing=locked     --mount=type=cache,id=wamn-root-target,target=/build/target,sharing=locked     cargo build --locked --release -p wamn-cdc-reader  && install -D -m 0755 target/release/wamn-cdc-reader /native-output/wamn-cdc-reader
#35 ...

#36 [cook-dispatcher 1/1] RUN --mount=type=cache,id=wamn-root-cargo-registry,target=/usr/local/cargo/registry,sharing=locked     --mount=type=cache,id=wamn-root-cargo-git,target=/usr/local/cargo/git,sharing=locked     --mount=type=cache,id=wamn-root-target,target=/build/target,sharing=locked     cargo chef cook --locked --release --recipe-path root-recipe.json -p wamn-dispatcher
#36 ...

#34 [cook-ctl 1/1] RUN --mount=type=cache,id=wamn-root-cargo-registry,target=/usr/local/cargo/registry,sharing=locked     --mount=type=cache,id=wamn-root-cargo-git,target=/usr/local/cargo/git,sharing=locked     --mount=type=cache,id=wamn-root-target,target=/build/target,sharing=locked     cargo chef cook --locked --release --recipe-path root-recipe.json -p wamn-ctl
#34 6.514    Compiling wamn-event-wire v0.1.0 (/build/components/events/wire)
#34 6.521    Compiling wamn-execution-contract v0.1.0 (/build/components/execution/contract)
#34 6.526    Compiling wamn-component-policy v0.0.1 (/build/crates/platform/component-policy)
#34 6.532    Compiling wamn-pg-core v0.0.1 (/build/crates/platform/pg-core)
#34 6.552    Compiling wamn-schema-introspection v0.0.1 (/build/crates/schema/introspection)
#34 6.561    Compiling wamn-control-registry v0.0.1 (/build/crates/control/registry)
#34 6.592    Compiling wamn-platform-identity v0.0.1 (/build/crates/identity/platform)
#34 6.592    Compiling wamn-client-terminal v0.0.1 (/build/crates/client/terminal)
#34 6.619    Compiling wamn-authoring-model v0.0.1 (/build/crates/authoring/model)
#34 6.837    Compiling wamn-run-state v0.0.1 (/build/crates/execution/run-state)
#34 7.072    Compiling wamn-catalog v0.0.1 (/build/crates/catalog/model)
#34 7.100    Compiling wamn-schema-generator v0.0.1 (/build/crates/schema/generator)
#34 7.128    Compiling wamn-router v0.0.1 (/build/crates/execution/router)
#34 7.155    Compiling wamn-event-reg v0.1.0 (/build/components/events/registration)
#34 7.386    Compiling wamn-runtime v0.0.1 (/build/crates/platform/runtime)
#34 7.423    Compiling wamn-schema-control v0.0.1 (/build/crates/schema/control)
#34 7.456    Compiling wamn-control-provision v0.0.1 (/build/crates/control/provision)
#34 7.489    Compiling wamn-ctl v0.0.1 (/build/services/ctl)
#34 11.62     Finished `release` profile [optimized] target(s) in 5.80s
#34 DONE 12.4s

#35 [build-cdc-reader 2/2] RUN --mount=type=cache,id=wamn-root-cargo-registry,target=/usr/local/cargo/registry,sharing=locked     --mount=type=cache,id=wamn-root-cargo-git,target=/usr/local/cargo/git,sharing=locked     --mount=type=cache,id=wamn-root-target,target=/build/target,sharing=locked     cargo build --locked --release -p wamn-cdc-reader  && install -D -m 0755 target/release/wamn-cdc-reader /native-output/wamn-cdc-reader
#35 ...

#37 [build-ctl 1/2] COPY --from=root-source /build /build
#37 DONE 0.2s

#35 [build-cdc-reader 2/2] RUN --mount=type=cache,id=wamn-root-cargo-registry,target=/usr/local/cargo/registry,sharing=locked     --mount=type=cache,id=wamn-root-cargo-git,target=/usr/local/cargo/git,sharing=locked     --mount=type=cache,id=wamn-root-target,target=/build/target,sharing=locked     cargo build --locked --release -p wamn-cdc-reader  && install -D -m 0755 target/release/wamn-cdc-reader /native-output/wamn-cdc-reader
#35 ...

#38 [build-ctl 2/2] RUN --mount=type=cache,id=wamn-root-cargo-registry,target=/usr/local/cargo/registry,sharing=locked     --mount=type=cache,id=wamn-root-cargo-git,target=/usr/local/cargo/git,sharing=locked     --mount=type=cache,id=wamn-root-target,target=/build/target,sharing=locked     cargo build --locked --release -p wamn-ctl  && cargo build --locked --release -p wamn-ctl --features ops --bin wamn-ctl-ops  && install -D -m 0755 target/release/wamn-ctl /native-output/wamn-ctl  && install -D -m 0755 target/release/wamn-ctl-ops /native-output/wamn-ctl-ops
#38 ...

#36 [cook-dispatcher 1/1] RUN --mount=type=cache,id=wamn-root-cargo-registry,target=/usr/local/cargo/registry,sharing=locked     --mount=type=cache,id=wamn-root-cargo-git,target=/usr/local/cargo/git,sharing=locked     --mount=type=cache,id=wamn-root-target,target=/build/target,sharing=locked     cargo chef cook --locked --release --recipe-path root-recipe.json -p wamn-dispatcher
#36 13.02    Compiling wamn-execution-contract v0.1.0 (/build/components/execution/contract)
#36 13.02    Compiling wamn-pg-core v0.0.1 (/build/crates/platform/pg-core)
#36 13.02    Compiling wamn-control-registry v0.0.1 (/build/crates/control/registry)
#36 13.02    Compiling wamn-scheduler v0.0.1 (/build/crates/execution/scheduler)
#36 13.28    Compiling wamn-run-state v0.0.1 (/build/crates/execution/run-state)
#36 13.30    Compiling wamn-dispatcher v0.0.1 (/build/services/dispatcher)
#36 16.64     Finished `release` profile [optimized] target(s) in 4.02s
#36 DONE 17.3s

#39 [build-dispatcher 1/2] COPY --from=root-source /build /build
#39 DONE 0.2s

#38 [build-ctl 2/2] RUN --mount=type=cache,id=wamn-root-cargo-registry,target=/usr/local/cargo/registry,sharing=locked     --mount=type=cache,id=wamn-root-cargo-git,target=/usr/local/cargo/git,sharing=locked     --mount=type=cache,id=wamn-root-target,target=/build/target,sharing=locked     cargo build --locked --release -p wamn-ctl  && cargo build --locked --release -p wamn-ctl --features ops --bin wamn-ctl-ops  && install -D -m 0755 target/release/wamn-ctl /native-output/wamn-ctl  && install -D -m 0755 target/release/wamn-ctl-ops /native-output/wamn-ctl-ops
#38 ...

#40 [build-dispatcher 2/2] RUN --mount=type=cache,id=wamn-root-cargo-registry,target=/usr/local/cargo/registry,sharing=locked     --mount=type=cache,id=wamn-root-cargo-git,target=/usr/local/cargo/git,sharing=locked     --mount=type=cache,id=wamn-root-target,target=/build/target,sharing=locked     cargo build --locked --release -p wamn-dispatcher  && install -D -m 0755 target/release/wamn-dispatcher /native-output/wamn-dispatcher
#40 ...

#32 [build-gates 1/1] RUN --mount=type=cache,id=wamn-root-cargo-registry,target=/usr/local/cargo/registry,sharing=locked     --mount=type=cache,id=wamn-root-cargo-git,target=/usr/local/cargo/git,sharing=locked     --mount=type=cache,id=wamn-root-target,target=/build/target,sharing=locked     cargo build --locked --release -p wamn-gates  && install -D -m 0755 target/release/wamn-gates /native-output/wamn-gates
#32 18.02    Compiling wamn-component-policy v0.1.0 (/build/crates/platform/component-policy)
#32 18.03    Compiling wamn-pg-core v0.1.0 (/build/crates/platform/pg-core)
#32 18.03    Compiling wamn-control-registry v0.1.0 (/build/crates/control/registry)
#32 18.04    Compiling wamn-router v0.1.0 (/build/crates/execution/router)
#32 18.14    Compiling wamn-catalog v0.1.0 (/build/crates/catalog/model)
#32 18.37    Compiling wamn-run-state v0.1.0 (/build/crates/execution/run-state)
#32 19.50    Compiling wamn-platform-identity v0.1.0 (/build/crates/identity/platform)
#32 19.74 warning: function `canonical_serialized` is never used
#32 19.74    --> crates/catalog/model/src/lib.rs:791:4
#32 19.74     |
#32 19.74 791 | fn canonical_serialized(value: &impl Serialize) -> Vec<u8> {
#32 19.74     |    ^^^^^^^^^^^^^^^^^^^^
#32 19.74     |
#32 19.74     = note: `#[warn(dead_code)]` (part of `#[warn(unused)]`) on by default
#32 19.74 
#32 20.90    Compiling wamn-runtime v0.1.0 (/build/crates/platform/runtime)
#32 21.63    Compiling wamn-schema-introspection v0.1.0 (/build/crates/schema/introspection)
#32 21.68    Compiling wamn-authoring-model v0.1.0 (/build/crates/authoring/model)
#32 22.28 warning: the item `Future` is imported redundantly
#32 22.28  --> crates/platform/runtime/src/connection_authority.rs:3:5
#32 22.28   |
#32 22.28 3 | use std::future::Future;
#32 22.28   |     ^^^^^^^^^^^^^^^^^^^
#32 22.28   |
#32 22.28  --> /rustc/88d9e12ae178fab0fb5cc050a94da85685d449ea/library/std/src/prelude/mod.rs:166:12
#32 22.28   |
#32 22.28   = note: the item `Future` is already defined here
#32 22.28   |
#32 22.28   = note: requested on the command line with `-W redundant-imports`
#32 22.28 
#32 22.32 warning: the item `Future` is imported redundantly
#32 22.32  --> crates/platform/runtime/src/plugins/wamn_postgres/pool.rs:7:5
#32 22.32   |
#32 22.32 7 | use std::future::Future;
#32 22.32   |     ^^^^^^^^^^^^^^^^^^^
#32 22.32   |
#32 22.32  --> /rustc/88d9e12ae178fab0fb5cc050a94da85685d449ea/library/std/src/prelude/mod.rs:166:12
#32 22.32   |
#32 22.32   = note: the item `Future` is already defined here
#32 22.32 
#32 26.63    Compiling wamn-schema-generator v0.1.0 (/build/crates/schema/generator)
#32 28.33 warning: `wamn-catalog` (lib) generated 1 warning
#32 28.33    Compiling wamn-client-terminal v0.1.0 (/build/crates/client/terminal)
#32 28.54    Compiling wamn-gate-harness v0.1.0 (/build/test-support/harness)
#32 28.69    Compiling wamn-proof-system v0.1.0 (/build/tests/system)
#32 28.83 warning: type does not implement `std::fmt::Debug`; consider adding `#[derive(Debug)]` or a manual implementation
#32 28.83   --> test-support/harness/src/ceiling.rs:72:1
#32 28.83    |
#32 28.83 72 | / pub struct Ramp {
#32 28.83 73 | |     tolerance: f64,
#32 28.83 74 | |     max_levels: usize,
#32 28.83 75 | |     levels: Vec<LevelStats>,
#32 28.83 ...  |
#32 28.83 82 | |     retrying: bool,
#32 28.83 83 | | }
#32 28.83    | |_^
#32 28.83    |
#32 28.83    = note: requested on the command line with `-W missing-debug-implementations`
#32 28.83 
#32 28.91    Compiling wamn-test-infrastructure v0.1.0 (/build/test-support/infrastructure)
#32 30.05 warning: `wamn-gate-harness` (lib) generated 1 warning
#32 31.87 warning: constant `HTTP_CONTRACT` is never used
#32 31.87   --> crates/platform/runtime/src/plugins/connection_http.rs:51:7
#32 31.87    |
#32 31.87 51 | const HTTP_CONTRACT: &str = "wamn:connection/http@0.1.0";
#32 31.87    |       ^^^^^^^^^^^^^
#32 31.87    |
#32 31.87    = note: `#[warn(dead_code)]` (part of `#[warn(unused)]`) on by default
#32 31.87 
#32 31.90 warning: type does not implement `std::fmt::Debug`; consider adding `#[derive(Debug)]` or a manual implementation
#32 31.90    --> crates/platform/runtime/src/plugins/connection_http.rs:111:1
#32 31.90     |
#32 31.90 111 | / pub struct ConnectionHttp {
#32 31.90 112 | |     postgres: Arc<WamnPostgres>,
#32 31.90 113 | |     vault: Arc<WamnCredentials>,
#32 31.90 114 | |     tenant: Box<str>,
#32 31.90 ...   |
#32 31.90 130 | |     invocations: std::sync::RwLock<HashMap<String, ConnectionInvocation>>,
#32 31.90 131 | | }
#32 31.90     | |_^
#32 31.90     |
#32 31.90     = note: requested on the command line with `-W missing-debug-implementations`
#32 31.90 
#32 31.91 warning: type does not implement `std::fmt::Debug`; consider adding `#[derive(Debug)]` or a manual implementation
#32 31.91   --> crates/platform/runtime/src/plugins/wamn_credentials.rs:27:1
#32 31.91    |
#32 31.91 27 | / pub struct WamnCredentials {
#32 31.91 28 | |     /// Whether ANY backing source was configured. Distinguishes `unavailable`
#32 31.91 29 | |     /// (no source — retryable) from `not-found` (source present, name absent —
#32 31.91 30 | |     /// config-shaped).
#32 31.91 ...  |
#32 31.91 33 | |     projects: HashMap<String, HashMap<String, String>>,
#32 31.91 34 | | }
#32 31.91    | |_^
#32 31.91 
#32 31.91 warning: type does not implement `std::fmt::Debug`; consider adding `#[derive(Debug)]` or a manual implementation
#32 31.91    --> crates/platform/runtime/src/plugins/wamn_jetstream.rs:544:1
#32 31.91     |
#32 31.91 544 | / pub struct WamnJetstream {
#32 31.91 545 | |     nats_url: Option<String>,
#32 31.91 546 | |     /// Lazily-connected, memoized JetStream context. A `Mutex<Option<_>>` (not a
#32 31.91 547 | |     /// `OnceCell`) so a transient connect failure is retried on the next call
#32 31.91 ...   |
#32 31.91 569 | |     dlq_depth: Arc<DeadLetterDepth>,
#32 31.91 570 | | }
#32 31.91     | |_^
#32 31.91 
#32 31.91 warning: type does not implement `std::fmt::Debug`; consider adding `#[derive(Debug)]` or a manual implementation
#32 31.91     --> crates/platform/runtime/src/plugins/wamn_jetstream.rs:1209:1
#32 31.91      |
#32 31.91 1209 | / pub struct JsConsumer {
#32 31.91 1210 | |     consumer: Consumer<PullConfig>,
#32 31.91 1211 | |     dead_letter: Option<DeadLetterIdentity>,
#32 31.91 1212 | | }
#32 31.91      | |_^
#32 31.91 
#32 31.91 warning: type does not implement `std::fmt::Debug`; consider adding `#[derive(Debug)]` or a manual implementation
#32 31.91     --> crates/platform/runtime/src/plugins/wamn_jetstream.rs:1216:1
#32 31.91      |
#32 31.91 1216 | / pub struct JsMessage {
#32 31.91 1217 | |     msg: async_nats::jetstream::Message,
#32 31.91 1218 | |     dead_letter: Option<DeadLetterIdentity>,
#32 31.91 1219 | | }
#32 31.91      | |_^
#32 31.91 
#32 31.92 warning: type does not implement `std::fmt::Debug`; consider adding `#[derive(Debug)]` or a manual implementation
#32 31.92    --> crates/platform/runtime/src/plugins/wamn_logging.rs:213:1
#32 31.92     |
#32 31.92 213 | / pub struct Capture {
#32 31.92 214 | |     records: std::sync::Mutex<Vec<CapturedRec>>,
#32 31.92 215 | | }
#32 31.92     | |_^
#32 31.92 
#32 31.92 warning: type does not implement `std::fmt::Debug`; consider adding `#[derive(Debug)]` or a manual implementation
#32 31.92    --> crates/platform/runtime/src/plugins/wamn_logging.rs:235:1
#32 31.92     |
#32 31.92 235 | / pub struct WamnLogging {
#32 31.92 236 | |     /// component id → host-trusted {tenant, project}.
#32 31.92 237 | |     claims: std::sync::RwLock<HashMap<String, Claim>>,
#32 31.92 238 | |     /// Bounded front queue; `try_send` keeps `log()` non-blocking.
#32 31.92 ...   |
#32 31.92 243 | |     _drain: tokio::task::JoinHandle<()>,
#32 31.92 244 | | }
#32 31.92     | |_^
#32 31.92 
#32 31.92 warning: type does not implement `std::fmt::Debug`; consider adding `#[derive(Debug)]` or a manual implementation
#32 31.92    --> crates/platform/runtime/src/plugins/wamn_postgres/claims.rs:50:1
#32 31.92     |
#32 31.92  50 | / pub struct WamnPostgres {
#32 31.92  51 | |     /// Resolves a project id → its database connection + policy.
#32 31.92  52 | |     provider: Arc<dyn CredentialProvider>,
#32 31.92  53 | |     /// Guest-visible project pools, built lazily and never shared with host-owned
#32 31.92 ...   |
#32 31.92 116 | |     pub(super) bind_counters: super::BindCounters,
#32 31.92 117 | | }
#32 31.92     | |_^
#32 31.92 
#32 31.92 warning: type does not implement `std::fmt::Debug`; consider adding `#[derive(Debug)]` or a manual implementation
#32 31.92    --> crates/platform/runtime/src/plugins/wamn_postgres/pool.rs:339:1
#32 31.92     |
#32 31.92 339 | / pub struct StaticCredentialProvider {
#32 31.92 340 | |     projects: HashMap<String, ProjectConfig>,
#32 31.92 341 | | }
#32 31.92     | |_^
#32 31.92 
#32 31.92 warning: type does not implement `std::fmt::Debug`; consider adding `#[derive(Debug)]` or a manual implementation
#32 31.92    --> crates/platform/runtime/src/plugins/wamn_postgres/pool.rs:514:1
#32 31.92     |
#32 31.92 514 | / pub struct K8sSecretProvider {
#32 31.92 515 | |     pub namespace: String,
#32 31.92 516 | | }
#32 31.92     | |_^
#32 31.92 
#32 31.92 warning: type does not implement `std::fmt::Debug`; consider adding `#[derive(Debug)]` or a manual implementation
#32 31.92    --> crates/platform/runtime/src/plugins/wamn_postgres/resources.rs:99:1
#32 31.92     |
#32 31.92  99 | / pub struct PgTransaction {
#32 31.92 100 | |     state: SharedTxnState,
#32 31.92 101 | |     destroyed: Arc<AtomicU64>,
#32 31.92 102 | |     cursor_seq: u32,
#32 31.92 103 | |     /// Row limit of the project this transaction's connection belongs to.
#32 31.92 104 | |     row_limit: u64,
#32 31.92 105 | | }
#32 31.92     | |_^
#32 31.92 
#32 31.92 warning: type does not implement `std::fmt::Debug`; consider adding `#[derive(Debug)]` or a manual implementation
#32 31.92    --> crates/platform/runtime/src/plugins/wamn_postgres/resources.rs:145:1
#32 31.92     |
#32 31.92 145 | / pub struct PgCursor {
#32 31.92 146 | |     state: SharedTxnState,
#32 31.92 147 | |     destroyed: Arc<AtomicU64>,
#32 31.92 148 | |     name: String,
#32 31.92 149 | | }
#32 31.92     | |_^
#32 31.92 
#32 31.94 warning: type does not implement `std::fmt::Debug`; consider adding `#[derive(Debug)]` or a manual implementation
#32 31.94    --> crates/platform/runtime/src/wiring_doorbell.rs:145:1
#32 31.94     |
#32 31.94 145 | / pub struct WiringDoorbellListener {
#32 31.94 146 | |     shutdown: tokio::sync::watch::Sender<bool>,
#32 31.94 147 | |     task: tokio::task::JoinHandle<()>,
#32 31.94 148 | | }
#32 31.94     | |_^
#32 31.94 
#32 32.00    Compiling wamn-control-provision v0.1.0 (/build/crates/control/provision)
#32 32.00    Compiling wamn-schema-control v0.1.0 (/build/crates/schema/control)
#32 40.11    Compiling wamn-scenario-worker v0.1.0 (/build/services/scenario-worker)
#32 41.10 warning: type does not implement `std::fmt::Debug`; consider adding `#[derive(Debug)]` or a manual implementation
#32 41.10    --> services/scenario-worker/src/authoring.rs:218:1
#32 41.10     |
#32 41.10 218 | / pub struct InternalAuthoringBackend {
#32 41.10 219 | |     authority: InternalDevAdmin,
#32 41.10 220 | |     client: Client,
#32 41.10 221 | |     connection_task: tokio::task::JoinHandle<()>,
#32 41.10 222 | |     tenant_id: Box<str>,
#32 41.10 223 | |     source_schema: BareSchemaName,
#32 41.10 224 | | }
#32 41.10     | |_^
#32 41.10     |
#32 41.10     = note: requested on the command line with `-W missing-debug-implementations`
#32 41.10 
#32 41.11 warning: type does not implement `std::fmt::Debug`; consider adding `#[derive(Debug)]` or a manual implementation
#32 41.11    --> services/scenario-worker/src/store/admission.rs:316:1
#32 41.11     |
#32 41.11 316 | / pub struct AdmissionSurface {
#32 41.11 317 | |     /// The explicit credential and exact server-side predicates are retained so
#32 41.11 318 | |     /// every replacement physical connection is checked identically.
#32 41.11 319 | |     probe: CredentialExactnessProbe,
#32 41.11 ...   |
#32 41.11 322 | |     tenant_id: Box<str>,
#32 41.11 323 | | }
#32 41.11     | |_^
#32 41.11 
#32 42.93    Compiling wamn-ctl v0.1.0 (/build/services/ctl)
#32 52.18 warning: function `run_once_stages` is never used
#32 52.18    --> services/ctl/src/dev.rs:599:10
#32 52.18     |
#32 52.18 599 | async fn run_once_stages<R>(
#32 52.18     |          ^^^^^^^^^^^^^^^
#32 52.18     |
#32 52.18     = note: `#[warn(dead_code)]` (part of `#[warn(unused)]`) on by default
#32 52.18 
#32 52.18 warning: function `verify_source_package_with_client` is never used
#32 52.18     --> services/ctl/src/push_component.rs:1275:10
#32 52.18      |
#32 52.18 1275 | async fn verify_source_package_with_client(
#32 52.18      |          ^^^^^^^^^^^^^^^^^^^^^^^^^^^^^^^^^
#32 52.18 
#32 57.06 warning: `wamn-scenario-worker` (lib) generated 2 warnings
#32 57.06    Compiling wamn-execution-host v0.1.0 (/build/crates/execution/host)
#32 67.48    Compiling wamn-proof-integration v0.1.0 (/build/tests/integration)
#32 71.27 warning: `wamn-runtime` (lib) generated 16 warnings
#32 71.75 warning: function `models` is never used
#32 71.75   --> tests/integration/src/measurement_schema.rs:25:8
#32 71.75    |
#32 71.75 25 | pub fn models(schema: &str) -> Vec<ManagedModel> {
#32 71.75    |        ^^^^^^
#32 71.75    |
#32 71.75    = note: `#[warn(dead_code)]` (part of `#[warn(unused)]`) on by default
#32 71.75 
#32 71.75 warning: field `release` is never read
#32 71.75    --> tests/integration/src/trusted_http_route.rs:109:16
#32 71.75     |
#32 71.75 104 | pub struct TrustedHttpRoute {
#32 71.75     |            ---------------- field in this struct
#32 71.75 ...
#32 71.75 109 |     pub(crate) release: Arc<ReleaseManifestWeld>,
#32 71.75     |                ^^^^^^^
#32 71.75 
#32 71.80 warning: type does not implement `std::fmt::Debug`; consider adding `#[derive(Debug)]` or a manual implementation
#32 71.80    --> tests/integration/src/trusted_http_route.rs:104:1
#32 71.80     |
#32 71.80 104 | / pub struct TrustedHttpRoute {
#32 71.80 105 | |     pub driver: Arc<RouterDriver>,
#32 71.80 106 | |     /// The same welded release the driver authorizes. Callers that exercise a
#32 71.80 107 | |     /// release-owned ingress plugin must share this exact weld rather than mint
#32 71.80 ...   |
#32 71.80 115 | |     pub wiring_hash: String,
#32 71.80 116 | | }
#32 71.80     | |_^
#32 71.80     |
#32 71.80     = note: requested on the command line with `-W missing-debug-implementations`
#32 71.80 
#32 74.01    Compiling wamn-proof-conformance v0.1.0 (/build/tests/conformance)
#32 74.60 warning: type does not implement `Debug`; consider adding `#[derive(Debug)]` or a manual implementation
#32 74.60   --> tests/conformance/src/socketguard.rs:26:1
#32 74.60    |
#32 74.60 26 | pub struct SocketGuardArgs {}
#32 74.60    | ^^^^^^^^^^^^^^^^^^^^^^^^^^^^^
#32 74.60    |
#32 74.60    = note: requested on the command line with `-W missing-debug-implementations`
#32 74.60 
#32 77.51 warning: `wamn-proof-conformance` (lib) generated 1 warning
#32 94.79 warning: `wamn-ctl` (lib) generated 2 warnings
#32 99.53 warning: `wamn-proof-integration` (lib) generated 3 warnings
#32 102.0    Compiling wamn-gates v0.1.0 (/build/tests/orchestrator)
#32 245.3     Finished `release` profile [optimized] target(s) in 3m 47s
#32 DONE 245.5s

#35 [build-cdc-reader 2/2] RUN --mount=type=cache,id=wamn-root-cargo-registry,target=/usr/local/cargo/registry,sharing=locked     --mount=type=cache,id=wamn-root-cargo-git,target=/usr/local/cargo/git,sharing=locked     --mount=type=cache,id=wamn-root-target,target=/build/target,sharing=locked     cargo build --locked --release -p wamn-cdc-reader  && install -D -m 0755 target/release/wamn-cdc-reader /native-output/wamn-cdc-reader
#35 ...

#30 [cook-host 1/1] RUN --mount=type=cache,id=wamn-root-cargo-registry,target=/usr/local/cargo/registry,sharing=locked     --mount=type=cache,id=wamn-root-cargo-git,target=/usr/local/cargo/git,sharing=locked     --mount=type=cache,id=wamn-root-target,target=/build/target,sharing=locked     cargo chef cook --locked --release --recipe-path root-recipe.json -p wamn-host
#30 246.3    Compiling wamn-execution-contract v0.1.0 (/build/components/execution/contract)
#30 246.3    Compiling wamn-event-wire v0.1.0 (/build/components/events/wire)
#30 246.3    Compiling wamn-component-policy v0.0.1 (/build/crates/platform/component-policy)
#30 246.3    Compiling wamn-pg-core v0.0.1 (/build/crates/platform/pg-core)
#30 246.3    Compiling wamn-control-registry v0.0.1 (/build/crates/control/registry)
#30 246.3    Compiling wamn-schema-introspection v0.0.1 (/build/crates/schema/introspection)
#30 246.3    Compiling wamn-platform-identity v0.0.1 (/build/crates/identity/platform)
#30 246.5    Compiling wamn-run-state v0.0.1 (/build/crates/execution/run-state)
#30 246.9    Compiling wamn-catalog v0.0.1 (/build/crates/catalog/model)
#30 246.9    Compiling wamn-router v0.0.1 (/build/crates/execution/router)
#30 246.9    Compiling wamn-runtime v0.0.1 (/build/crates/platform/runtime)
#30 246.9    Compiling wamn-schema-generator v0.0.1 (/build/crates/schema/generator)
#30 247.0    Compiling wamn-execution-host v0.0.1 (/build/crates/execution/host)
#30 247.0    Compiling wamn-control-provision v0.0.1 (/build/crates/control/provision)
#30 247.2    Compiling wamn-host v0.0.1 (/build/services/host)
#30 250.0     Finished `release` profile [optimized] target(s) in 4.28s
#30 DONE 250.7s

#38 [build-ctl 2/2] RUN --mount=type=cache,id=wamn-root-cargo-registry,target=/usr/local/cargo/registry,sharing=locked     --mount=type=cache,id=wamn-root-cargo-git,target=/usr/local/cargo/git,sharing=locked     --mount=type=cache,id=wamn-root-target,target=/build/target,sharing=locked     cargo build --locked --release -p wamn-ctl  && cargo build --locked --release -p wamn-ctl --features ops --bin wamn-ctl-ops  && install -D -m 0755 target/release/wamn-ctl /native-output/wamn-ctl  && install -D -m 0755 target/release/wamn-ctl-ops /native-output/wamn-ctl-ops
#38 ...

#41 [build-host 1/2] COPY --from=root-source /build /build
#41 DONE 0.2s

#35 [build-cdc-reader 2/2] RUN --mount=type=cache,id=wamn-root-cargo-registry,target=/usr/local/cargo/registry,sharing=locked     --mount=type=cache,id=wamn-root-cargo-git,target=/usr/local/cargo/git,sharing=locked     --mount=type=cache,id=wamn-root-target,target=/build/target,sharing=locked     cargo build --locked --release -p wamn-cdc-reader  && install -D -m 0755 target/release/wamn-cdc-reader /native-output/wamn-cdc-reader
#35 ...

#42 [build-host 2/2] RUN --mount=type=cache,id=wamn-root-cargo-registry,target=/usr/local/cargo/registry,sharing=locked     --mount=type=cache,id=wamn-root-cargo-git,target=/usr/local/cargo/git,sharing=locked     --mount=type=cache,id=wamn-root-target,target=/build/target,sharing=locked     cargo build --locked --release -p wamn-host  && install -D -m 0755 target/release/wamn-host /native-output/wamn-host
#42 ...

#38 [build-ctl 2/2] RUN --mount=type=cache,id=wamn-root-cargo-registry,target=/usr/local/cargo/registry,sharing=locked     --mount=type=cache,id=wamn-root-cargo-git,target=/usr/local/cargo/git,sharing=locked     --mount=type=cache,id=wamn-root-target,target=/build/target,sharing=locked     cargo build --locked --release -p wamn-ctl  && cargo build --locked --release -p wamn-ctl --features ops --bin wamn-ctl-ops  && install -D -m 0755 target/release/wamn-ctl /native-output/wamn-ctl  && install -D -m 0755 target/release/wamn-ctl-ops /native-output/wamn-ctl-ops
#38 238.7    Compiling wamn-component-policy v0.1.0 (/build/crates/platform/component-policy)
#38 238.7    Compiling wamn-pg-core v0.1.0 (/build/crates/platform/pg-core)
#38 238.7    Compiling wamn-schema-introspection v0.1.0 (/build/crates/schema/introspection)
#38 238.7    Compiling wamn-control-registry v0.1.0 (/build/crates/control/registry)
#38 238.8    Compiling wamn-catalog v0.1.0 (/build/crates/catalog/model)
#38 239.0    Compiling wamn-run-state v0.1.0 (/build/crates/execution/run-state)
#38 240.6 warning: function `canonical_serialized` is never used
#38 240.6    --> crates/catalog/model/src/lib.rs:791:4
#38 240.6     |
#38 240.6 791 | fn canonical_serialized(value: &impl Serialize) -> Vec<u8> {
#38 240.6     |    ^^^^^^^^^^^^^^^^^^^^
#38 240.6     |
#38 240.6     = note: `#[warn(dead_code)]` (part of `#[warn(unused)]`) on by default
#38 240.6 
#38 241.7    Compiling wamn-schema-generator v0.1.0 (/build/crates/schema/generator)
#38 242.8    Compiling wamn-router v0.1.0 (/build/crates/execution/router)
#38 244.2    Compiling wamn-platform-identity v0.1.0 (/build/crates/identity/platform)
#38 244.3    Compiling wamn-client-terminal v0.1.0 (/build/crates/client/terminal)
#38 244.4    Compiling wamn-authoring-model v0.1.0 (/build/crates/authoring/model)
#38 246.4    Compiling wamn-runtime v0.1.0 (/build/crates/platform/runtime)
#38 247.6 warning: the item `Future` is imported redundantly
#38 247.6  --> crates/platform/runtime/src/connection_authority.rs:3:5
#38 247.6   |
#38 247.6 3 | use std::future::Future;
#38 247.6   |     ^^^^^^^^^^^^^^^^^^^
#38 247.6   |
#38 247.6  --> /rustc/88d9e12ae178fab0fb5cc050a94da85685d449ea/library/std/src/prelude/mod.rs:166:12
#38 247.6   |
#38 247.6   = note: the item `Future` is already defined here
#38 247.6   |
#38 247.6   = note: requested on the command line with `-W redundant-imports`
#38 247.6 
#38 247.6 warning: the item `Future` is imported redundantly
#38 247.6  --> crates/platform/runtime/src/plugins/wamn_postgres/pool.rs:7:5
#38 247.6   |
#38 247.6 7 | use std::future::Future;
#38 247.6   |     ^^^^^^^^^^^^^^^^^^^
#38 247.6   |
#38 247.6  --> /rustc/88d9e12ae178fab0fb5cc050a94da85685d449ea/library/std/src/prelude/mod.rs:166:12
#38 247.6   |
#38 247.6   = note: the item `Future` is already defined here
#38 247.6 
#38 250.3 warning: `wamn-catalog` (lib) generated 1 warning
#38 250.3    Compiling wamn-schema-control v0.1.0 (/build/crates/schema/control)
#38 252.1    Compiling wamn-control-provision v0.1.0 (/build/crates/control/provision)
#38 257.1 warning: constant `HTTP_CONTRACT` is never used
#38 257.1   --> crates/platform/runtime/src/plugins/connection_http.rs:51:7
#38 257.1    |
#38 257.1 51 | const HTTP_CONTRACT: &str = "wamn:connection/http@0.1.0";
#38 257.1    |       ^^^^^^^^^^^^^
#38 257.1    |
#38 257.1    = note: `#[warn(dead_code)]` (part of `#[warn(unused)]`) on by default
#38 257.1 
#38 257.1 warning: type does not implement `std::fmt::Debug`; consider adding `#[derive(Debug)]` or a manual implementation
#38 257.1    --> crates/platform/runtime/src/plugins/connection_http.rs:111:1
#38 257.1     |
#38 257.1 111 | / pub struct ConnectionHttp {
#38 257.1 112 | |     postgres: Arc<WamnPostgres>,
#38 257.1 113 | |     vault: Arc<WamnCredentials>,
#38 257.1 114 | |     tenant: Box<str>,
#38 257.1 ...   |
#38 257.1 130 | |     invocations: std::sync::RwLock<HashMap<String, ConnectionInvocation>>,
#38 257.1 131 | | }
#38 257.1     | |_^
#38 257.1     |
#38 257.1     = note: requested on the command line with `-W missing-debug-implementations`
#38 257.1 
#38 257.1 warning: type does not implement `std::fmt::Debug`; consider adding `#[derive(Debug)]` or a manual implementation
#38 257.1   --> crates/platform/runtime/src/plugins/wamn_credentials.rs:27:1
#38 257.1    |
#38 257.1 27 | / pub struct WamnCredentials {
#38 257.1 28 | |     /// Whether ANY backing source was configured. Distinguishes `unavailable`
#38 257.1 29 | |     /// (no source — retryable) from `not-found` (source present, name absent —
#38 257.1 30 | |     /// config-shaped).
#38 257.1 ...  |
#38 257.1 33 | |     projects: HashMap<String, HashMap<String, String>>,
#38 257.1 34 | | }
#38 257.1    | |_^
#38 257.1 
#38 257.1 warning: type does not implement `std::fmt::Debug`; consider adding `#[derive(Debug)]` or a manual implementation
#38 257.1    --> crates/platform/runtime/src/plugins/wamn_jetstream.rs:544:1
#38 257.1     |
#38 257.1 544 | / pub struct WamnJetstream {
#38 257.1 545 | |     nats_url: Option<String>,
#38 257.1 546 | |     /// Lazily-connected, memoized JetStream context. A `Mutex<Option<_>>` (not a
#38 257.1 547 | |     /// `OnceCell`) so a transient connect failure is retried on the next call
#38 257.1 ...   |
#38 257.1 569 | |     dlq_depth: Arc<DeadLetterDepth>,
#38 257.1 570 | | }
#38 257.1     | |_^
#38 257.1 
#38 257.2 warning: type does not implement `std::fmt::Debug`; consider adding `#[derive(Debug)]` or a manual implementation
#38 257.2     --> crates/platform/runtime/src/plugins/wamn_jetstream.rs:1209:1
#38 257.2      |
#38 257.2 1209 | / pub struct JsConsumer {
#38 257.2 1210 | |     consumer: Consumer<PullConfig>,
#38 257.2 1211 | |     dead_letter: Option<DeadLetterIdentity>,
#38 257.2 1212 | | }
#38 257.2      | |_^
#38 257.2 
#38 257.2 warning: type does not implement `std::fmt::Debug`; consider adding `#[derive(Debug)]` or a manual implementation
#38 257.2     --> crates/platform/runtime/src/plugins/wamn_jetstream.rs:1216:1
#38 257.2      |
#38 257.2 1216 | / pub struct JsMessage {
#38 257.2 1217 | |     msg: async_nats::jetstream::Message,
#38 257.2 1218 | |     dead_letter: Option<DeadLetterIdentity>,
#38 257.2 1219 | | }
#38 257.2      | |_^
#38 257.2 
#38 257.2 warning: type does not implement `std::fmt::Debug`; consider adding `#[derive(Debug)]` or a manual implementation
#38 257.2    --> crates/platform/runtime/src/plugins/wamn_logging.rs:213:1
#38 257.2     |
#38 257.2 213 | / pub struct Capture {
#38 257.2 214 | |     records: std::sync::Mutex<Vec<CapturedRec>>,
#38 257.2 215 | | }
#38 257.2     | |_^
#38 257.2 
#38 257.2 warning: type does not implement `std::fmt::Debug`; consider adding `#[derive(Debug)]` or a manual implementation
#38 257.2    --> crates/platform/runtime/src/plugins/wamn_logging.rs:235:1
#38 257.2     |
#38 257.2 235 | / pub struct WamnLogging {
#38 257.2 236 | |     /// component id → host-trusted {tenant, project}.
#38 257.2 237 | |     claims: std::sync::RwLock<HashMap<String, Claim>>,
#38 257.2 238 | |     /// Bounded front queue; `try_send` keeps `log()` non-blocking.
#38 257.2 ...   |
#38 257.2 243 | |     _drain: tokio::task::JoinHandle<()>,
#38 257.2 244 | | }
#38 257.2     | |_^
#38 257.2 
#38 257.2 warning: type does not implement `std::fmt::Debug`; consider adding `#[derive(Debug)]` or a manual implementation
#38 257.2    --> crates/platform/runtime/src/plugins/wamn_postgres/claims.rs:50:1
#38 257.2     |
#38 257.2  50 | / pub struct WamnPostgres {
#38 257.2  51 | |     /// Resolves a project id → its database connection + policy.
#38 257.2  52 | |     provider: Arc<dyn CredentialProvider>,
#38 257.2  53 | |     /// Guest-visible project pools, built lazily and never shared with host-owned
#38 257.2 ...   |
#38 257.2 116 | |     pub(super) bind_counters: super::BindCounters,
#38 257.2 117 | | }
#38 257.2     | |_^
#38 257.2 
#38 257.2 warning: type does not implement `std::fmt::Debug`; consider adding `#[derive(Debug)]` or a manual implementation
#38 257.2    --> crates/platform/runtime/src/plugins/wamn_postgres/pool.rs:339:1
#38 257.2     |
#38 257.2 339 | / pub struct StaticCredentialProvider {
#38 257.2 340 | |     projects: HashMap<String, ProjectConfig>,
#38 257.2 341 | | }
#38 257.2     | |_^
#38 257.2 
#38 257.2 warning: type does not implement `std::fmt::Debug`; consider adding `#[derive(Debug)]` or a manual implementation
#38 257.2    --> crates/platform/runtime/src/plugins/wamn_postgres/pool.rs:514:1
#38 257.2     |
#38 257.2 514 | / pub struct K8sSecretProvider {
#38 257.2 515 | |     pub namespace: String,
#38 257.2 516 | | }
#38 257.2     | |_^
#38 257.2 
#38 257.2 warning: type does not implement `std::fmt::Debug`; consider adding `#[derive(Debug)]` or a manual implementation
#38 257.2    --> crates/platform/runtime/src/plugins/wamn_postgres/resources.rs:99:1
#38 257.2     |
#38 257.2  99 | / pub struct PgTransaction {
#38 257.2 100 | |     state: SharedTxnState,
#38 257.2 101 | |     destroyed: Arc<AtomicU64>,
#38 257.2 102 | |     cursor_seq: u32,
#38 257.2 103 | |     /// Row limit of the project this transaction's connection belongs to.
#38 257.2 104 | |     row_limit: u64,
#38 257.2 105 | | }
#38 257.2     | |_^
#38 257.2 
#38 257.2 warning: type does not implement `std::fmt::Debug`; consider adding `#[derive(Debug)]` or a manual implementation
#38 257.2    --> crates/platform/runtime/src/plugins/wamn_postgres/resources.rs:145:1
#38 257.2     |
#38 257.2 145 | / pub struct PgCursor {
#38 257.2 146 | |     state: SharedTxnState,
#38 257.2 147 | |     destroyed: Arc<AtomicU64>,
#38 257.2 148 | |     name: String,
#38 257.2 149 | | }
#38 257.2     | |_^
#38 257.2 
#38 257.2 warning: type does not implement `std::fmt::Debug`; consider adding `#[derive(Debug)]` or a manual implementation
#38 257.2    --> crates/platform/runtime/src/wiring_doorbell.rs:145:1
#38 257.2     |
#38 257.2 145 | / pub struct WiringDoorbellListener {
#38 257.2 146 | |     shutdown: tokio::sync::watch::Sender<bool>,
#38 257.2 147 | |     task: tokio::task::JoinHandle<()>,
#38 257.2 148 | | }
#38 257.2     | |_^
#38 257.2 
#38 262.0    Compiling wamn-ctl v0.1.0 (/build/services/ctl)
#38 270.0 warning: function `run_once_stages` is never used
#38 270.0    --> services/ctl/src/dev.rs:599:10
#38 270.0     |
#38 270.0 599 | async fn run_once_stages<R>(
#38 270.0     |          ^^^^^^^^^^^^^^^
#38 270.0     |
#38 270.0     = note: `#[warn(dead_code)]` (part of `#[warn(unused)]`) on by default
#38 270.0 
#38 270.0 warning: function `verify_source_package_with_client` is never used
#38 270.0     --> services/ctl/src/push_component.rs:1275:10
#38 270.0      |
#38 270.0 1275 | async fn verify_source_package_with_client(
#38 270.0      |          ^^^^^^^^^^^^^^^^^^^^^^^^^^^^^^^^^
#38 270.0 
#38 279.8 warning: `wamn-runtime` (lib) generated 16 warnings
#38 291.8 warning: `wamn-ctl` (lib) generated 2 warnings
#38 831.8     Finished `release` profile [optimized] target(s) in 9m 53s
#38 834.1 warning: function `canonical_serialized` is never used
#38 834.1    --> crates/catalog/model/src/lib.rs:791:4
#38 834.1     |
#38 834.1 791 | fn canonical_serialized(value: &impl Serialize) -> Vec<u8> {
#38 834.1     |    ^^^^^^^^^^^^^^^^^^^^
#38 834.1     |
#38 834.1     = note: `#[warn(dead_code)]` (part of `#[warn(unused)]`) on by default
#38 834.1 
#38 834.1 warning: `wamn-catalog` (lib) generated 1 warning
#38 834.1 warning: the item `Future` is imported redundantly
#38 834.1  --> crates/platform/runtime/src/connection_authority.rs:3:5
#38 834.1   |
#38 834.1 3 | use std::future::Future;
#38 834.1   |     ^^^^^^^^^^^^^^^^^^^
#38 834.1   |
#38 834.1  --> /rustc/88d9e12ae178fab0fb5cc050a94da85685d449ea/library/std/src/prelude/mod.rs:166:12
#38 834.1   |
#38 834.1   = note: the item `Future` is already defined here
#38 834.1   |
#38 834.1   = note: requested on the command line with `-W redundant-imports`
#38 834.1 
#38 834.1 warning: the item `Future` is imported redundantly
#38 834.1  --> crates/platform/runtime/src/plugins/wamn_postgres/pool.rs:7:5
#38 834.1   |
#38 834.1 7 | use std::future::Future;
#38 834.1   |     ^^^^^^^^^^^^^^^^^^^
#38 834.1   |
#38 834.1  --> /rustc/88d9e12ae178fab0fb5cc050a94da85685d449ea/library/std/src/prelude/mod.rs:166:12
#38 834.1   |
#38 834.1   = note: the item `Future` is already defined here
#38 834.1 
#38 834.1 warning: constant `HTTP_CONTRACT` is never used
#38 834.1   --> crates/platform/runtime/src/plugins/connection_http.rs:51:7
#38 834.1    |
#38 834.1 51 | const HTTP_CONTRACT: &str = "wamn:connection/http@0.1.0";
#38 834.1    |       ^^^^^^^^^^^^^
#38 834.1    |
#38 834.1    = note: `#[warn(dead_code)]` (part of `#[warn(unused)]`) on by default
#38 834.1 
#38 834.1 warning: type does not implement `std::fmt::Debug`; consider adding `#[derive(Debug)]` or a manual implementation
#38 834.1    --> crates/platform/runtime/src/plugins/connection_http.rs:111:1
#38 834.1     |
#38 834.1 111 | / pub struct ConnectionHttp {
#38 834.1 112 | |     postgres: Arc<WamnPostgres>,
#38 834.1 113 | |     vault: Arc<WamnCredentials>,
#38 834.1 114 | |     tenant: Box<str>,
#38 834.1 ...   |
#38 834.1 130 | |     invocations: std::sync::RwLock<HashMap<String, ConnectionInvocation>>,
#38 834.1 131 | | }
#38 834.1     | |_^
#38 834.1     |
#38 834.1     = note: requested on the command line with `-W missing-debug-implementations`
#38 834.1 
#38 834.1 warning: type does not implement `std::fmt::Debug`; consider adding `#[derive(Debug)]` or a manual implementation
#38 834.1   --> crates/platform/runtime/src/plugins/wamn_credentials.rs:27:1
#38 834.1    |
#38 834.1 27 | / pub struct WamnCredentials {
#38 834.1 28 | |     /// Whether ANY backing source was configured. Distinguishes `unavailable`
#38 834.1 29 | |     /// (no source — retryable) from `not-found` (source present, name absent —
#38 834.1 30 | |     /// config-shaped).
#38 834.1 ...  |
#38 834.1 33 | |     projects: HashMap<String, HashMap<String, String>>,
#38 834.1 34 | | }
#38 834.1    | |_^
#38 834.1 
#38 834.1 warning: type does not implement `std::fmt::Debug`; consider adding `#[derive(Debug)]` or a manual implementation
#38 834.1    --> crates/platform/runtime/src/plugins/wamn_jetstream.rs:544:1
#38 834.1     |
#38 834.1 544 | / pub struct WamnJetstream {
#38 834.1 545 | |     nats_url: Option<String>,
#38 834.1 546 | |     /// Lazily-connected, memoized JetStream context. A `Mutex<Option<_>>` (not a
#38 834.1 547 | |     /// `OnceCell`) so a transient connect failure is retried on the next call
#38 834.1 ...   |
#38 834.1 569 | |     dlq_depth: Arc<DeadLetterDepth>,
#38 834.1 570 | | }
#38 834.1     | |_^
#38 834.1 
#38 834.1 warning: type does not implement `std::fmt::Debug`; consider adding `#[derive(Debug)]` or a manual implementation
#38 834.1     --> crates/platform/runtime/src/plugins/wamn_jetstream.rs:1209:1
#38 834.1      |
#38 834.1 1209 | / pub struct JsConsumer {
#38 834.1 1210 | |     consumer: Consumer<PullConfig>,
#38 834.1 1211 | |     dead_letter: Option<DeadLetterIdentity>,
#38 834.1 1212 | | }
#38 834.1      | |_^
#38 834.1 
#38 834.1 warning: type does not implement `std::fmt::Debug`; consider adding `#[derive(Debug)]` or a manual implementation
#38 834.1     --> crates/platform/runtime/src/plugins/wamn_jetstream.rs:1216:1
#38 834.1      |
#38 834.1 1216 | / pub struct JsMessage {
#38 834.1 1217 | |     msg: async_nats::jetstream::Message,
#38 834.1 1218 | |     dead_letter: Option<DeadLetterIdentity>,
#38 834.1 1219 | | }
#38 834.1      | |_^
#38 834.1 
#38 834.1 warning: type does not implement `std::fmt::Debug`; consider adding `#[derive(Debug)]` or a manual implementation
#38 834.1    --> crates/platform/runtime/src/plugins/wamn_logging.rs:213:1
#38 834.1     |
#38 834.1 213 | / pub struct Capture {
#38 834.1 214 | |     records: std::sync::Mutex<Vec<CapturedRec>>,
#38 834.1 215 | | }
#38 834.1     | |_^
#38 834.1 
#38 834.1 warning: type does not implement `std::fmt::Debug`; consider adding `#[derive(Debug)]` or a manual implementation
#38 834.1    --> crates/platform/runtime/src/plugins/wamn_logging.rs:235:1
#38 834.1     |
#38 834.1 235 | / pub struct WamnLogging {
#38 834.1 236 | |     /// component id → host-trusted {tenant, project}.
#38 834.1 237 | |     claims: std::sync::RwLock<HashMap<String, Claim>>,
#38 834.1 238 | |     /// Bounded front queue; `try_send` keeps `log()` non-blocking.
#38 834.1 ...   |
#38 834.1 243 | |     _drain: tokio::task::JoinHandle<()>,
#38 834.1 244 | | }
#38 834.1     | |_^
#38 834.1 
#38 834.1 warning: type does not implement `std::fmt::Debug`; consider adding `#[derive(Debug)]` or a manual implementation
#38 834.1    --> crates/platform/runtime/src/plugins/wamn_postgres/claims.rs:50:1
#38 834.1     |
#38 834.1  50 | / pub struct WamnPostgres {
#38 834.1  51 | |     /// Resolves a project id → its database connection + policy.
#38 834.1  52 | |     provider: Arc<dyn CredentialProvider>,
#38 834.1  53 | |     /// Guest-visible project pools, built lazily and never shared with host-owned
#38 834.1 ...   |
#38 834.1 116 | |     pub(super) bind_counters: super::BindCounters,
#38 834.1 117 | | }
#38 834.1     | |_^
#38 834.1 
#38 834.1 warning: type does not implement `std::fmt::Debug`; consider adding `#[derive(Debug)]` or a manual implementation
#38 834.1    --> crates/platform/runtime/src/plugins/wamn_postgres/pool.rs:339:1
#38 834.1     |
#38 834.1 339 | / pub struct StaticCredentialProvider {
#38 834.1 340 | |     projects: HashMap<String, ProjectConfig>,
#38 834.1 341 | | }
#38 834.1     | |_^
#38 834.1 
#38 834.1 warning: type does not implement `std::fmt::Debug`; consider adding `#[derive(Debug)]` or a manual implementation
#38 834.1    --> crates/platform/runtime/src/plugins/wamn_postgres/pool.rs:514:1
#38 834.1     |
#38 834.1 514 | / pub struct K8sSecretProvider {
#38 834.1 515 | |     pub namespace: String,
#38 834.1 516 | | }
#38 834.1     | |_^
#38 834.1 
#38 834.1 warning: type does not implement `std::fmt::Debug`; consider adding `#[derive(Debug)]` or a manual implementation
#38 834.1    --> crates/platform/runtime/src/plugins/wamn_postgres/resources.rs:99:1
#38 834.1     |
#38 834.1  99 | / pub struct PgTransaction {
#38 834.1 100 | |     state: SharedTxnState,
#38 834.1 101 | |     destroyed: Arc<AtomicU64>,
#38 834.1 102 | |     cursor_seq: u32,
#38 834.1 103 | |     /// Row limit of the project this transaction's connection belongs to.
#38 834.1 104 | |     row_limit: u64,
#38 834.1 105 | | }
#38 834.1     | |_^
#38 834.1 
#38 834.1 warning: type does not implement `std::fmt::Debug`; consider adding `#[derive(Debug)]` or a manual implementation
#38 834.1    --> crates/platform/runtime/src/plugins/wamn_postgres/resources.rs:145:1
#38 834.1     |
#38 834.1 145 | / pub struct PgCursor {
#38 834.1 146 | |     state: SharedTxnState,
#38 834.1 147 | |     destroyed: Arc<AtomicU64>,
#38 834.1 148 | |     name: String,
#38 834.1 149 | | }
#38 834.1     | |_^
#38 834.1 
#38 834.1 warning: type does not implement `std::fmt::Debug`; consider adding `#[derive(Debug)]` or a manual implementation
#38 834.1    --> crates/platform/runtime/src/wiring_doorbell.rs:145:1
#38 834.1     |
#38 834.1 145 | / pub struct WiringDoorbellListener {
#38 834.1 146 | |     shutdown: tokio::sync::watch::Sender<bool>,
#38 834.1 147 | |     task: tokio::task::JoinHandle<()>,
#38 834.1 148 | | }
#38 834.1     | |_^
#38 834.1 
#38 834.1 warning: `wamn-runtime` (lib) generated 16 warnings
#38 834.1    Compiling wamn-control-provision v0.1.0 (/build/crates/control/provision)
#38 835.7    Compiling wamn-ctl v0.1.0 (/build/services/ctl)
#38 849.4 warning: function `run_once_stages` is never used
#38 849.4    --> services/ctl/src/dev.rs:599:10
#38 849.4     |
#38 849.4 599 | async fn run_once_stages<R>(
#38 849.4     |          ^^^^^^^^^^^^^^^
#38 849.4     |
#38 849.4     = note: `#[warn(dead_code)]` (part of `#[warn(unused)]`) on by default
#38 849.4 
#38 849.4 warning: function `verify_source_package_with_client` is never used
#38 849.4     --> services/ctl/src/push_component.rs:1275:10
#38 849.4      |
#38 849.4 1275 | async fn verify_source_package_with_client(
#38 849.4      |          ^^^^^^^^^^^^^^^^^^^^^^^^^^^^^^^^^
#38 849.4 
#38 883.3 warning: `wamn-ctl` (lib) generated 2 warnings
#38 984.7     Finished `release` profile [optimized] target(s) in 2m 32s
#38 DONE 985.0s

#35 [build-cdc-reader 2/2] RUN --mount=type=cache,id=wamn-root-cargo-registry,target=/usr/local/cargo/registry,sharing=locked     --mount=type=cache,id=wamn-root-cargo-git,target=/usr/local/cargo/git,sharing=locked     --mount=type=cache,id=wamn-root-target,target=/build/target,sharing=locked     cargo build --locked --release -p wamn-cdc-reader  && install -D -m 0755 target/release/wamn-cdc-reader /native-output/wamn-cdc-reader
#35 ...

#40 [build-dispatcher 2/2] RUN --mount=type=cache,id=wamn-root-cargo-registry,target=/usr/local/cargo/registry,sharing=locked     --mount=type=cache,id=wamn-root-cargo-git,target=/usr/local/cargo/git,sharing=locked     --mount=type=cache,id=wamn-root-target,target=/build/target,sharing=locked     cargo build --locked --release -p wamn-dispatcher  && install -D -m 0755 target/release/wamn-dispatcher /native-output/wamn-dispatcher
#40 981.9    Compiling wamn-run-state v0.1.0 (/build/crates/execution/run-state)
#40 981.9    Compiling wamn-control-registry v0.1.0 (/build/crates/control/registry)
#40 981.9    Compiling wamn-scheduler v0.1.0 (/build/crates/execution/scheduler)
#40 983.2    Compiling wamn-dispatcher v0.1.0 (/build/services/dispatcher)
#40 984.3 warning: type does not implement `std::fmt::Debug`; consider adding `#[derive(Debug)]` or a manual implementation
#40 984.3    --> services/dispatcher/src/lib.rs:293:1
#40 984.3     |
#40 984.3 293 | / pub struct ProjectState {
#40 984.3 294 | |     pub spec: ProjectSpec,
#40 984.3 295 | |     client: Client,
#40 984.3 296 | |     _conn: tokio::task::JoinHandle<()>,
#40 984.3 ...   |
#40 984.3 299 | |     pub last_sweep_ms: i64,
#40 984.3 300 | | }
#40 984.3     | |_^
#40 984.3     |
#40 984.3     = note: requested on the command line with `-W missing-debug-implementations`
#40 984.3 
#40 984.3 warning: type does not implement `std::fmt::Debug`; consider adding `#[derive(Debug)]` or a manual implementation
#40 984.3    --> services/dispatcher/src/lib.rs:318:1
#40 984.3     |
#40 984.3 318 | / pub struct DispatcherConfig {
#40 984.3 319 | |     /// The validated adaptive poll cadence: an inverted `min > max` band is
#40 984.3 320 | |     /// rejected at [`Cadence::new`], so the dispatcher's interval math can never
#40 984.3 321 | |     /// see one (R13-hardening — inverted ranges are unrepresentable here).
#40 984.3 322 | |     pub cadence: Cadence,
#40 984.3 323 | |     pub batch: usize,
#40 984.3 324 | | }
#40 984.3     | |_^
#40 984.3 
#40 984.3 warning: type does not implement `std::fmt::Debug`; consider adding `#[derive(Debug)]` or a manual implementation
#40 984.3    --> services/dispatcher/src/lib.rs:352:1
#40 984.3     |
#40 984.3 352 | / pub struct Dispatcher {
#40 984.3 353 | |     pub projects: Vec<ProjectState>,
#40 984.3 354 | |     nats: Option<async_nats::Client>,
#40 984.3 355 | |     cfg: DispatcherConfig,
#40 984.3 ...   |
#40 984.3 358 | |     depth: DepthRegistry,
#40 984.3 359 | | }
#40 984.3     | |_^
#40 984.3 
#40 990.1 warning: `wamn-dispatcher` (lib) generated 3 warnings
#40 1067.5     Finished `release` profile [optimized] target(s) in 1m 26s
#40 DONE 1067.8s

#35 [build-cdc-reader 2/2] RUN --mount=type=cache,id=wamn-root-cargo-registry,target=/usr/local/cargo/registry,sharing=locked     --mount=type=cache,id=wamn-root-cargo-git,target=/usr/local/cargo/git,sharing=locked     --mount=type=cache,id=wamn-root-target,target=/build/target,sharing=locked     cargo build --locked --release -p wamn-cdc-reader  && install -D -m 0755 target/release/wamn-cdc-reader /native-output/wamn-cdc-reader
#35 1080.7    Compiling wamn-catalog v0.1.0 (/build/crates/catalog/model)
#35 1080.7    Compiling wamn-schema-introspection v0.1.0 (/build/crates/schema/introspection)
#35 1080.7    Compiling wamn-run-state v0.1.0 (/build/crates/execution/run-state)
#35 1080.7    Compiling wamn-control-registry v0.1.0 (/build/crates/control/registry)
#35 1083.1 warning: function `canonical_serialized` is never used
#35 1083.1    --> crates/catalog/model/src/lib.rs:791:4
#35 1083.1     |
#35 1083.1 791 | fn canonical_serialized(value: &impl Serialize) -> Vec<u8> {
#35 1083.1     |    ^^^^^^^^^^^^^^^^^^^^
#35 1083.1     |
#35 1083.1     = note: `#[warn(dead_code)]` (part of `#[warn(unused)]`) on by default
#35 1083.1 
#35 1084.9    Compiling wamn-schema-generator v0.1.0 (/build/crates/schema/generator)
#35 1089.7 warning: `wamn-catalog` (lib) generated 1 warning
#35 1091.7    Compiling wamn-control-provision v0.1.0 (/build/crates/control/provision)
#35 1095.4    Compiling wamn-cdc-reader v0.1.0 (/build/services/cdc-reader)
#35 1176.3     Finished `release` profile [optimized] target(s) in 1m 36s
#35 DONE 1176.6s

#42 [build-host 2/2] RUN --mount=type=cache,id=wamn-root-cargo-registry,target=/usr/local/cargo/registry,sharing=locked     --mount=type=cache,id=wamn-root-cargo-git,target=/usr/local/cargo/git,sharing=locked     --mount=type=cache,id=wamn-root-target,target=/build/target,sharing=locked     cargo build --locked --release -p wamn-host  && install -D -m 0755 target/release/wamn-host /native-output/wamn-host
#42 933.5    Compiling wamn-catalog v0.1.0 (/build/crates/catalog/model)
#42 933.5    Compiling wamn-run-state v0.1.0 (/build/crates/execution/run-state)
#42 933.6    Compiling wamn-control-registry v0.1.0 (/build/crates/control/registry)
#42 933.6    Compiling wamn-router v0.1.0 (/build/crates/execution/router)
#42 936.4 warning: function `canonical_serialized` is never used
#42 936.4    --> crates/catalog/model/src/lib.rs:791:4
#42 936.4     |
#42 936.4 791 | fn canonical_serialized(value: &impl Serialize) -> Vec<u8> {
#42 936.4     |    ^^^^^^^^^^^^^^^^^^^^
#42 936.4     |
#42 936.4     = note: `#[warn(dead_code)]` (part of `#[warn(unused)]`) on by default
#42 936.4 
#42 936.6    Compiling wamn-platform-identity v0.1.0 (/build/crates/identity/platform)
#42 939.0    Compiling wamn-schema-introspection v0.1.0 (/build/crates/schema/introspection)
#42 939.7    Compiling wamn-runtime v0.1.0 (/build/crates/platform/runtime)
#42 942.4 warning: the item `Future` is imported redundantly
#42 942.4  --> crates/platform/runtime/src/connection_authority.rs:3:5
#42 942.4   |
#42 942.4 3 | use std::future::Future;
#42 942.4   |     ^^^^^^^^^^^^^^^^^^^
#42 942.4   |
#42 942.4  --> /rustc/88d9e12ae178fab0fb5cc050a94da85685d449ea/library/std/src/prelude/mod.rs:166:12
#42 942.4   |
#42 942.4   = note: the item `Future` is already defined here
#42 942.4   |
#42 942.4   = note: requested on the command line with `-W redundant-imports`
#42 942.4 
#42 942.5 warning: the item `Future` is imported redundantly
#42 942.5  --> crates/platform/runtime/src/plugins/wamn_postgres/pool.rs:7:5
#42 942.5   |
#42 942.5 7 | use std::future::Future;
#42 942.5   |     ^^^^^^^^^^^^^^^^^^^
#42 942.5   |
#42 942.5  --> /rustc/88d9e12ae178fab0fb5cc050a94da85685d449ea/library/std/src/prelude/mod.rs:166:12
#42 942.5   |
#42 942.5   = note: the item `Future` is already defined here
#42 942.5 
#42 943.6    Compiling wamn-schema-generator v0.1.0 (/build/crates/schema/generator)
#42 948.5 warning: `wamn-catalog` (lib) generated 1 warning
#42 952.8    Compiling wamn-control-provision v0.1.0 (/build/crates/control/provision)
#42 958.5 warning: constant `HTTP_CONTRACT` is never used
#42 958.5   --> crates/platform/runtime/src/plugins/connection_http.rs:51:7
#42 958.5    |
#42 958.5 51 | const HTTP_CONTRACT: &str = "wamn:connection/http@0.1.0";
#42 958.5    |       ^^^^^^^^^^^^^
#42 958.5    |
#42 958.5    = note: `#[warn(dead_code)]` (part of `#[warn(unused)]`) on by default
#42 958.5 
#42 958.6 warning: type does not implement `std::fmt::Debug`; consider adding `#[derive(Debug)]` or a manual implementation
#42 958.6    --> crates/platform/runtime/src/plugins/connection_http.rs:111:1
#42 958.6     |
#42 958.6 111 | / pub struct ConnectionHttp {
#42 958.6 112 | |     postgres: Arc<WamnPostgres>,
#42 958.6 113 | |     vault: Arc<WamnCredentials>,
#42 958.6 114 | |     tenant: Box<str>,
#42 958.6 ...   |
#42 958.6 130 | |     invocations: std::sync::RwLock<HashMap<String, ConnectionInvocation>>,
#42 958.6 131 | | }
#42 958.6     | |_^
#42 958.6     |
#42 958.6     = note: requested on the command line with `-W missing-debug-implementations`
#42 958.6 
#42 958.6 warning: type does not implement `std::fmt::Debug`; consider adding `#[derive(Debug)]` or a manual implementation
#42 958.6   --> crates/platform/runtime/src/plugins/wamn_credentials.rs:27:1
#42 958.6    |
#42 958.6 27 | / pub struct WamnCredentials {
#42 958.6 28 | |     /// Whether ANY backing source was configured. Distinguishes `unavailable`
#42 958.6 29 | |     /// (no source — retryable) from `not-found` (source present, name absent —
#42 958.6 30 | |     /// config-shaped).
#42 958.6 ...  |
#42 958.6 33 | |     projects: HashMap<String, HashMap<String, String>>,
#42 958.6 34 | | }
#42 958.6    | |_^
#42 958.6 
#42 958.6 warning: type does not implement `std::fmt::Debug`; consider adding `#[derive(Debug)]` or a manual implementation
#42 958.6    --> crates/platform/runtime/src/plugins/wamn_jetstream.rs:544:1
#42 958.6     |
#42 958.6 544 | / pub struct WamnJetstream {
#42 958.6 545 | |     nats_url: Option<String>,
#42 958.6 546 | |     /// Lazily-connected, memoized JetStream context. A `Mutex<Option<_>>` (not a
#42 958.6 547 | |     /// `OnceCell`) so a transient connect failure is retried on the next call
#42 958.6 ...   |
#42 958.6 569 | |     dlq_depth: Arc<DeadLetterDepth>,
#42 958.6 570 | | }
#42 958.6     | |_^
#42 958.6 
#42 958.6 warning: type does not implement `std::fmt::Debug`; consider adding `#[derive(Debug)]` or a manual implementation
#42 958.6     --> crates/platform/runtime/src/plugins/wamn_jetstream.rs:1209:1
#42 958.6      |
#42 958.6 1209 | / pub struct JsConsumer {
#42 958.6 1210 | |     consumer: Consumer<PullConfig>,
#42 958.6 1211 | |     dead_letter: Option<DeadLetterIdentity>,
#42 958.7 1212 | | }
#42 958.7      | |_^
#42 958.7 
#42 958.7 warning: type does not implement `std::fmt::Debug`; consider adding `#[derive(Debug)]` or a manual implementation
#42 958.7     --> crates/platform/runtime/src/plugins/wamn_jetstream.rs:1216:1
#42 958.7      |
#42 958.7 1216 | / pub struct JsMessage {
#42 958.7 1217 | |     msg: async_nats::jetstream::Message,
#42 958.7 1218 | |     dead_letter: Option<DeadLetterIdentity>,
#42 958.7 1219 | | }
#42 958.7      | |_^
#42 958.7 
#42 958.7 warning: type does not implement `std::fmt::Debug`; consider adding `#[derive(Debug)]` or a manual implementation
#42 958.7    --> crates/platform/runtime/src/plugins/wamn_logging.rs:213:1
#42 958.7     |
#42 958.7 213 | / pub struct Capture {
#42 958.7 214 | |     records: std::sync::Mutex<Vec<CapturedRec>>,
#42 958.7 215 | | }
#42 958.7     | |_^
#42 958.7 
#42 958.7 warning: type does not implement `std::fmt::Debug`; consider adding `#[derive(Debug)]` or a manual implementation
#42 958.7    --> crates/platform/runtime/src/plugins/wamn_logging.rs:235:1
#42 958.7     |
#42 958.7 235 | / pub struct WamnLogging {
#42 958.7 236 | |     /// component id → host-trusted {tenant, project}.
#42 958.7 237 | |     claims: std::sync::RwLock<HashMap<String, Claim>>,
#42 958.7 238 | |     /// Bounded front queue; `try_send` keeps `log()` non-blocking.
#42 958.7 ...   |
#42 958.7 243 | |     _drain: tokio::task::JoinHandle<()>,
#42 958.7 244 | | }
#42 958.7     | |_^
#42 958.7 
#42 958.7 warning: type does not implement `std::fmt::Debug`; consider adding `#[derive(Debug)]` or a manual implementation
#42 958.7    --> crates/platform/runtime/src/plugins/wamn_postgres/claims.rs:50:1
#42 958.7     |
#42 958.7  50 | / pub struct WamnPostgres {
#42 958.7  51 | |     /// Resolves a project id → its database connection + policy.
#42 958.7  52 | |     provider: Arc<dyn CredentialProvider>,
#42 958.7  53 | |     /// Guest-visible project pools, built lazily and never shared with host-owned
#42 958.7 ...   |
#42 958.7 116 | |     pub(super) bind_counters: super::BindCounters,
#42 958.7 117 | | }
#42 958.7     | |_^
#42 958.7 
#42 958.7 warning: type does not implement `std::fmt::Debug`; consider adding `#[derive(Debug)]` or a manual implementation
#42 958.7    --> crates/platform/runtime/src/plugins/wamn_postgres/pool.rs:339:1
#42 958.7     |
#42 958.7 339 | / pub struct StaticCredentialProvider {
#42 958.7 340 | |     projects: HashMap<String, ProjectConfig>,
#42 958.7 341 | | }
#42 958.7     | |_^
#42 958.7 
#42 958.7 warning: type does not implement `std::fmt::Debug`; consider adding `#[derive(Debug)]` or a manual implementation
#42 958.7    --> crates/platform/runtime/src/plugins/wamn_postgres/pool.rs:514:1
#42 958.7     |
#42 958.7 514 | / pub struct K8sSecretProvider {
#42 958.7 515 | |     pub namespace: String,
#42 958.7 516 | | }
#42 958.7     | |_^
#42 958.7 
#42 958.7 warning: type does not implement `std::fmt::Debug`; consider adding `#[derive(Debug)]` or a manual implementation
#42 958.7    --> crates/platform/runtime/src/plugins/wamn_postgres/resources.rs:99:1
#42 958.7     |
#42 958.7  99 | / pub struct PgTransaction {
#42 958.7 100 | |     state: SharedTxnState,
#42 958.7 101 | |     destroyed: Arc<AtomicU64>,
#42 958.7 102 | |     cursor_seq: u32,
#42 958.7 103 | |     /// Row limit of the project this transaction's connection belongs to.
#42 958.7 104 | |     row_limit: u64,
#42 958.7 105 | | }
#42 958.7     | |_^
#42 958.7 
#42 958.7 warning: type does not implement `std::fmt::Debug`; consider adding `#[derive(Debug)]` or a manual implementation
#42 958.7    --> crates/platform/runtime/src/plugins/wamn_postgres/resources.rs:145:1
#42 958.7     |
#42 958.7 145 | / pub struct PgCursor {
#42 958.7 146 | |     state: SharedTxnState,
#42 958.7 147 | |     destroyed: Arc<AtomicU64>,
#42 958.7 148 | |     name: String,
#42 958.7 149 | | }
#42 958.7     | |_^
#42 958.7 
#42 958.7 warning: type does not implement `std::fmt::Debug`; consider adding `#[derive(Debug)]` or a manual implementation
#42 958.7    --> crates/platform/runtime/src/wiring_doorbell.rs:145:1
#42 958.7     |
#42 958.7 145 | / pub struct WiringDoorbellListener {
#42 958.7 146 | |     shutdown: tokio::sync::watch::Sender<bool>,
#42 958.7 147 | |     task: tokio::task::JoinHandle<()>,
#42 958.7 148 | | }
#42 958.7     | |_^
#42 958.7 
#42 968.7    Compiling wamn-execution-host v0.1.0 (/build/crates/execution/host)
#42 997.0 warning: `wamn-runtime` (lib) generated 16 warnings
#42 1015.5    Compiling wamn-host v0.1.0 (/build/services/host)
#42 1559.8     Finished `release` profile [optimized] target(s) in 10m 27s
#42 DONE 1560.3s

#43 [host 2/3] RUN apt-get update && apt-get install -y --no-install-recommends ca-certificates && rm -rf /var/lib/apt/lists/*
#43 CACHED

#44 [host 3/3] COPY --from=build-host /native-output/wamn-host /usr/local/bin/wamn-host
#44 DONE 0.2s

#45 [gates  1/10] COPY --from=build-gates /native-output/wamn-gates /usr/local/bin/wamn-gates
#45 DONE 0.2s

#46 [gates  2/10] COPY --from=build-ctl /native-output/wamn-ctl /usr/local/bin/wamn-ctl
#46 DONE 0.3s

#47 [gates  3/10] COPY --from=build-ctl /native-output/wamn-ctl-ops /usr/local/bin/wamn-ctl-ops
#47 DONE 0.3s

#48 [gates  4/10] COPY --from=build-cdc-reader /native-output/wamn-cdc-reader /usr/local/bin/wamn-cdc-reader
#48 DONE 0.2s

#49 [gates  5/10] COPY --from=build-dispatcher /native-output/wamn-dispatcher /usr/local/bin/wamn-dispatcher
#49 DONE 0.2s

#50 [gates  6/10] COPY --from=component-builder /component-output/busyloop.wasm /bench/busyloop.wasm
#50 DONE 0.1s

#51 [gates  7/10] COPY --from=component-builder /component-output/sockprobe.wasm /bench/sockprobe.wasm
#51 DONE 0.1s

#52 [gates  8/10] COPY --from=component-builder /component-output/http_route.wasm /bench/http-route.wasm
#52 DONE 0.1s

#53 [gates  9/10] COPY --from=component-builder /component-output/materializer.wasm /bench/materializer.wasm
#53 DONE 0.1s

#54 [gates 10/10] COPY --from=component-builder /component-output/connection_http_standard.wasm /bench/connection-http-standard.wasm
#54 DONE 0.1s

#55 exporting to image
#55 exporting layers
#55 exporting layers 0.8s done
#55 writing image sha256:567ec4482e6f3f20833f0f9ea337e77bbafc6f9f628d069f18cb2d80fb7bbab1 done
#55 naming to docker.io/library/wamn-gates:jwks-6766a6026230-4101634 0.0s done
#55 DONE 0.9s
