2026-09-04T15:08:51.171123Z  INFO connected to NATS
2026-09-04T15:08:51.345797Z  INFO wiring activation doorbell listening; dropped every cached pointer channel="wamn_wiring_activation" dropped=0
2026-09-04T15:08:53.482168Z  INFO release component pull completed component_digest=sha256:9b101fefec3b115f6ed15f4812a70e7cf37255e0d24222ae18e676bc07dc7e8e component_bytes=10019001 elapsed_ms=1922
2026-09-04T15:08:53.487227Z  INFO release component pull completed component_digest=sha256:498894030af16b22edaf7f0b2104b90673efdc0e32d2a85459368fa308ad8296 component_bytes=20634368 elapsed_ms=1928
2026-09-04T15:09:29.412409Z  INFO release component compilation completed component_digest=sha256:9b101fefec3b115f6ed15f4812a70e7cf37255e0d24222ae18e676bc07dc7e8e compile_ms=35929 compile_wall_ms=35930
2026-09-04T15:09:44.235990Z  INFO release component compilation completed component_digest=sha256:498894030af16b22edaf7f0b2104b90673efdc0e32d2a85459368fa308ad8296 compile_ms=50747 compile_wall_ms=50748
2026-09-04T15:09:44.239041Z  WARN wamn.component.linker_setup: component imports wamn:postgres but sets no wamn.tenant; calls will be refused component="f2baa492-d298-4128-8550-d1914486ca4e"
2026-09-04T15:09:44.243916Z  INFO release component instantiation completed component_digest=sha256:498894030af16b22edaf7f0b2104b90673efdc0e32d2a85459368fa308ad8296 elapsed_ms=7 total_elapsed_ms=52684
2026-09-04T15:09:44.246917Z  WARN wamn.component.linker_setup: component imports wamn:postgres but sets no wamn.tenant; calls will be refused component="b0728146-0b47-479a-a02d-14b99e718d5c"
2026-09-04T15:09:44.250687Z  INFO release component instantiation completed component_digest=sha256:9b101fefec3b115f6ed15f4812a70e7cf37255e0d24222ae18e676bc07dc7e8e elapsed_ms=6 total_elapsed_ms=52691
2026-09-04T15:09:44.250865Z  INFO synchronous release preload completed synchronous_wirings=13 component_digests=2 elapsed_ms=52986
2026-09-04T15:09:44.251123Z  INFO release preload completed; component cache warm
2026-09-04T15:09:44.294294Z  INFO wamn-host starting (base plugins: wasi:config, wamn:logging, wasi:otel, wamn:postgres, wamn:jetstream, wamn:flow-http-routing) router_delivery=true
2026-09-04T15:09:44.294364Z  INFO wamn-host welded to its release effective_release_id=1 manifest_digest=sha256:5e00597991b9041523659c8b8ca238dfb7cf501afc24e8bb4633762ac64c1d22
2026-09-04T15:09:44.294450Z  INFO HTTP server listening addr=0.0.0.0:80 protocol="HTTP"
2026-09-04T15:09:44.294550Z  INFO Starting WASI OTel plugin endpoint=http://otel-collector.wamn-system.svc.cluster.local:4317 protocol="grpc"
2026-09-04T15:09:44.295567Z  INFO WASI OTel plugin started
2026-09-04T15:09:44.295656Z  INFO Host started host_id="ad3bdcae-a700-405a-868a-5c077390a1e7" friendly_name="discreet-spade-1841" host_name="10.244.1.6" labels={"hostgroup": "default"} version="2.8.0"
2026-09-04T15:09:44.296121Z  INFO Host provides interfaces count=10 interfaces=["wasi:cli/stdout,environment,exit,stderr,terminal-stdin,terminal-stderr,terminal-input,terminal-stdout,terminal-output,stdin@0.2.0", "wasi:clocks/monotonic-clock,wall-clock@0.2.0", "wasi:clocks/wall-time,monotonic-clock@0.2.0", "wasi:filesystem/types,preopens@0.2.0", "wasi:http/types,handler@0.3.0", "wasi:http/types,incoming-handler,outgoing-handler@0.2.0", "wasi:io/poll,error,streams@0.2.0", "wasi:random/random@0.2.0", "wasi:random/random,insecure,insecure-seed@0.2.0", "wasi:sockets/tcp-create-socket,ip-name-lookup,instance-network,tcp,network,udp-create-socket,udp@0.2.0"]
2026-09-04T15:09:44.296200Z  INFO wamn-host runtime startup completed elapsed_ms=53479
2026-09-04T15:10:07.129841Z  INFO workload_start{workload_id=a7b08307-e2b8-4390-84e4-d83e0fb67f21 workload.name="receiving-materializer-55b77888b-79b697b665" workload.namespace="wamn-receiving-journey"}: Starting workload workload_id="a7b08307-e2b8-4390-84e4-d83e0fb67f21" namespace="wamn-receiving-journey" name="receiving-materializer-55b77888b-79b697b665"
wamn::materializer up: stream=EVT_acme_dev filter=evt.acme.receiving.dev.*.* tenant=receiving-route-auth batch=64 fetch_ms=500 max_deliver=5 max_sweeps=0
2026-09-04T15:10:28.552084Z  INFO workload_stop{workload_id=a7b08307-e2b8-4390-84e4-d83e0fb67f21}: Stopping workload workload_id="a7b08307-e2b8-4390-84e4-d83e0fb67f21"
2026-09-04T15:08:51.191421Z  INFO connected to NATS
2026-09-04T15:08:51.403244Z  INFO wiring activation doorbell listening; dropped every cached pointer channel="wamn_wiring_activation" dropped=0
2026-09-04T15:08:53.596220Z  INFO release component pull completed component_digest=sha256:498894030af16b22edaf7f0b2104b90673efdc0e32d2a85459368fa308ad8296 component_bytes=20634368 elapsed_ms=1962
2026-09-04T15:08:53.604464Z  INFO release component pull completed component_digest=sha256:9b101fefec3b115f6ed15f4812a70e7cf37255e0d24222ae18e676bc07dc7e8e component_bytes=10019001 elapsed_ms=1969
2026-09-04T15:09:29.483279Z  INFO release component compilation completed component_digest=sha256:9b101fefec3b115f6ed15f4812a70e7cf37255e0d24222ae18e676bc07dc7e8e compile_ms=35876 compile_wall_ms=35878
2026-09-04T15:09:44.386669Z  INFO release component compilation completed component_digest=sha256:498894030af16b22edaf7f0b2104b90673efdc0e32d2a85459368fa308ad8296 compile_ms=50788 compile_wall_ms=50790
2026-09-04T15:09:44.388786Z  WARN wamn.component.linker_setup: component imports wamn:postgres but sets no wamn.tenant; calls will be refused component="be101194-aa5c-432a-825a-0a719ed6796f"
2026-09-04T15:09:44.392542Z  INFO release component instantiation completed component_digest=sha256:498894030af16b22edaf7f0b2104b90673efdc0e32d2a85459368fa308ad8296 elapsed_ms=5 total_elapsed_ms=52758
2026-09-04T15:09:44.394636Z  WARN wamn.component.linker_setup: component imports wamn:postgres but sets no wamn.tenant; calls will be refused component="c9a89b09-489b-46d4-910b-a392f0722e97"
2026-09-04T15:09:44.399007Z  INFO release component instantiation completed component_digest=sha256:9b101fefec3b115f6ed15f4812a70e7cf37255e0d24222ae18e676bc07dc7e8e elapsed_ms=6 total_elapsed_ms=52764
2026-09-04T15:09:44.399329Z  INFO synchronous release preload completed synchronous_wirings=13 component_digests=2 elapsed_ms=53081
2026-09-04T15:09:44.399616Z  INFO release preload completed; component cache warm
2026-09-04T15:09:44.439364Z  INFO wamn-host starting (base plugins: wasi:config, wamn:logging, wasi:otel, wamn:postgres, wamn:jetstream, wamn:flow-http-routing) router_delivery=true
2026-09-04T15:09:44.439457Z  INFO wamn-host welded to its release effective_release_id=1 manifest_digest=sha256:5e00597991b9041523659c8b8ca238dfb7cf501afc24e8bb4633762ac64c1d22
2026-09-04T15:09:44.439549Z  INFO HTTP server listening addr=0.0.0.0:80 protocol="HTTP"
2026-09-04T15:09:44.439673Z  INFO Starting WASI OTel plugin endpoint=http://otel-collector.wamn-system.svc.cluster.local:4317 protocol="grpc"
2026-09-04T15:09:44.441080Z  INFO WASI OTel plugin started
2026-09-04T15:09:44.441187Z  INFO Host started host_id="15c0e094-fc30-43e5-ae57-dada6581f82a" friendly_name="freezing-thumb-4983" host_name="10.244.2.5" labels={"hostgroup": "default"} version="2.8.0"
2026-09-04T15:09:44.441757Z  INFO Host provides interfaces count=10 interfaces=["wasi:cli/terminal-stdin,stdout,terminal-output,terminal-stdout,terminal-stderr,exit,stderr,environment,stdin,terminal-input@0.2.0", "wasi:clocks/wall-time,monotonic-clock@0.2.0", "wasi:clocks/monotonic-clock,wall-clock@0.2.0", "wasi:filesystem/preopens,types@0.2.0", "wasi:http/incoming-handler,types,outgoing-handler@0.2.0", "wasi:http/types,handler@0.3.0", "wasi:io/poll,streams,error@0.2.0", "wasi:random/insecure-seed,random,insecure@0.2.0", "wasi:random/random@0.2.0", "wasi:sockets/instance-network,network,tcp,udp-create-socket,tcp-create-socket,udp,ip-name-lookup@0.2.0"]
2026-09-04T15:09:44.441852Z  INFO wamn-host runtime startup completed elapsed_ms=53610
2026-09-04T15:08:51.212546Z  INFO connected to NATS
2026-09-04T15:08:51.376591Z  INFO wiring activation doorbell listening; dropped every cached pointer channel="wamn_wiring_activation" dropped=0
2026-09-04T15:08:53.528598Z  INFO release component pull completed component_digest=sha256:9b101fefec3b115f6ed15f4812a70e7cf37255e0d24222ae18e676bc07dc7e8e component_bytes=10019001 elapsed_ms=1953
2026-09-04T15:08:53.533525Z  INFO release component pull completed component_digest=sha256:498894030af16b22edaf7f0b2104b90673efdc0e32d2a85459368fa308ad8296 component_bytes=20634368 elapsed_ms=1958
2026-09-04T15:09:30.520060Z  INFO release component compilation completed component_digest=sha256:9b101fefec3b115f6ed15f4812a70e7cf37255e0d24222ae18e676bc07dc7e8e compile_ms=36990 compile_wall_ms=36991
2026-09-04T15:09:44.466684Z  INFO release component compilation completed component_digest=sha256:498894030af16b22edaf7f0b2104b90673efdc0e32d2a85459368fa308ad8296 compile_ms=50931 compile_wall_ms=50933
2026-09-04T15:09:44.469587Z  WARN wamn.component.linker_setup: component imports wamn:postgres but sets no wamn.tenant; calls will be refused component="86834b74-4e48-44ad-906a-d6c37392f5cc"
2026-09-04T15:09:44.475138Z  INFO release component instantiation completed component_digest=sha256:498894030af16b22edaf7f0b2104b90673efdc0e32d2a85459368fa308ad8296 elapsed_ms=8 total_elapsed_ms=52900
2026-09-04T15:09:44.477391Z  WARN wamn.component.linker_setup: component imports wamn:postgres but sets no wamn.tenant; calls will be refused component="ebd2a287-1120-4295-a23c-b317ed363b42"
2026-09-04T15:09:44.481153Z  INFO release component instantiation completed component_digest=sha256:9b101fefec3b115f6ed15f4812a70e7cf37255e0d24222ae18e676bc07dc7e8e elapsed_ms=5 total_elapsed_ms=52905
2026-09-04T15:09:44.481321Z  INFO synchronous release preload completed synchronous_wirings=13 component_digests=2 elapsed_ms=53170
2026-09-04T15:09:44.481620Z  INFO release preload completed; component cache warm
2026-09-04T15:09:44.516370Z  INFO wamn-host starting (base plugins: wasi:config, wamn:logging, wasi:otel, wamn:postgres, wamn:jetstream, wamn:flow-http-routing) router_delivery=true
2026-09-04T15:09:44.516439Z  INFO wamn-host welded to its release effective_release_id=1 manifest_digest=sha256:5e00597991b9041523659c8b8ca238dfb7cf501afc24e8bb4633762ac64c1d22
2026-09-04T15:09:44.516516Z  INFO HTTP server listening addr=0.0.0.0:80 protocol="HTTP"
2026-09-04T15:09:44.516612Z  INFO Starting WASI OTel plugin endpoint=http://otel-collector.wamn-system.svc.cluster.local:4317 protocol="grpc"
2026-09-04T15:09:44.517575Z  INFO WASI OTel plugin started
2026-09-04T15:09:44.517663Z  INFO Host started host_id="64b8fe01-b779-4bd6-b801-e44f18c5d881" friendly_name="wooden-snail-8884" host_name="10.244.2.6" labels={"hostgroup": "default"} version="2.8.0"
2026-09-04T15:09:44.518121Z  INFO Host provides interfaces count=10 interfaces=["wasi:cli/environment,exit,stderr,terminal-stdin,terminal-input,stdin,terminal-stderr,terminal-output,terminal-stdout,stdout@0.2.0", "wasi:clocks/monotonic-clock,wall-clock@0.2.0", "wasi:clocks/wall-time,monotonic-clock@0.2.0", "wasi:filesystem/preopens,types@0.2.0", "wasi:http/types,handler@0.3.0", "wasi:http/types,incoming-handler,outgoing-handler@0.2.0", "wasi:io/poll,streams,error@0.2.0", "wasi:random/random@0.2.0", "wasi:random/insecure-seed,insecure,random@0.2.0", "wasi:sockets/udp,network,tcp-create-socket,ip-name-lookup,tcp,instance-network,udp-create-socket@0.2.0"]
2026-09-04T15:09:44.518203Z  INFO wamn-host runtime startup completed elapsed_ms=53639
2026-09-04T15:09:52.817786Z  INFO workload_start{workload_id=a90ca031-8b0e-47e1-91d4-9ab9c050f59a workload.name="flow-http-799f85d7d6-767df9f79b" workload.namespace="wamn-receiving-journey"}: Starting workload workload_id="a90ca031-8b0e-47e1-91d4-9ab9c050f59a" namespace="wamn-receiving-journey" name="flow-http-799f85d7d6-767df9f79b"
2026-09-04T15:10:03.152691Z  WARN handle_http_request{http.method=POST http.uri=/purchase_order/get http.host=receiving.localhost http.request.method=POST url.path=/purchase_order/get server.address="receiving.localhost"}:invoke_component_handler{workload.name="flow-http-799f85d7d6-767df9f79b" workload.namespace="wamn-receiving-journey" workload.id="a90ca031-8b0e-47e1-91d4-9ab9c050f59a"}:wamn.component.invoke{wamn.tenant=receiving-route-auth wamn.project=receiving wamn.environment=dev wamn.wiring_id=purchase_order_get wamn.wiring_version=1 wamn.component_digest=sha256:498894030af16b22edaf7f0b2104b90673efdc0e32d2a85459368fa308ad8296 wamn.node_id=operation wamn.operation=wamn-receiving:purchase-order/get@1.0.0 wamn.caller_principal_id="af20cdfd-221d-4410-9fed-d1eeb8ec5ff2"}:wamn.component.linker_setup: component imports wamn:postgres but sets no wamn.tenant; calls will be refused component="dd6f89d0-65a4-4698-98d5-10c245f285c5"
2026-09-04T15:10:03.334884Z  WARN handle_http_request{http.method=POST http.uri=/purchase_order/get http.host=receiving.localhost http.request.method=POST url.path=/purchase_order/get server.address="receiving.localhost"}:invoke_component_handler{workload.name="flow-http-799f85d7d6-767df9f79b" workload.namespace="wamn-receiving-journey" workload.id="a90ca031-8b0e-47e1-91d4-9ab9c050f59a"}:wamn.component.invoke{wamn.tenant=receiving-route-auth wamn.project=receiving wamn.environment=dev wamn.wiring_id=purchase_order_get wamn.wiring_version=1 wamn.component_digest=sha256:498894030af16b22edaf7f0b2104b90673efdc0e32d2a85459368fa308ad8296 wamn.node_id=operation wamn.operation=wamn-receiving:purchase-order/get@1.0.0 wamn.caller_principal_id="af20cdfd-221d-4410-9fed-d1eeb8ec5ff2"}:wamn.component.linker_setup: component imports wamn:postgres but sets no wamn.tenant; calls will be refused component="13ba679e-6fb0-4c8f-802f-f7efceca28e7"
2026-09-04T15:10:03.455487Z  WARN handle_http_request{http.method=POST http.uri=/purchase_order/get http.host=receiving.localhost http.request.method=POST url.path=/purchase_order/get server.address="receiving.localhost"}:invoke_component_handler{workload.name="flow-http-799f85d7d6-767df9f79b" workload.namespace="wamn-receiving-journey" workload.id="a90ca031-8b0e-47e1-91d4-9ab9c050f59a"}:wamn.component.invoke{wamn.tenant=receiving-route-auth wamn.project=receiving wamn.environment=dev wamn.wiring_id=purchase_order_get wamn.wiring_version=1 wamn.component_digest=sha256:498894030af16b22edaf7f0b2104b90673efdc0e32d2a85459368fa308ad8296 wamn.node_id=operation wamn.operation=wamn-receiving:purchase-order/get@1.0.0 wamn.caller_principal_id="af20cdfd-221d-4410-9fed-d1eeb8ec5ff2"}:wamn.component.linker_setup: component imports wamn:postgres but sets no wamn.tenant; calls will be refused component="6ee86f9f-baef-4f81-aa54-1fa52303217f"
2026-09-04T15:10:03.566565Z  WARN handle_http_request{http.method=POST http.uri=/purchase_order/get http.host=receiving.localhost http.request.method=POST url.path=/purchase_order/get server.address="receiving.localhost"}:invoke_component_handler{workload.name="flow-http-799f85d7d6-767df9f79b" workload.namespace="wamn-receiving-journey" workload.id="a90ca031-8b0e-47e1-91d4-9ab9c050f59a"}:wamn.component.invoke{wamn.tenant=receiving-route-auth wamn.project=receiving wamn.environment=dev wamn.wiring_id=purchase_order_get wamn.wiring_version=1 wamn.component_digest=sha256:498894030af16b22edaf7f0b2104b90673efdc0e32d2a85459368fa308ad8296 wamn.node_id=operation wamn.operation=wamn-receiving:purchase-order/get@1.0.0 wamn.caller_principal_id="af20cdfd-221d-4410-9fed-d1eeb8ec5ff2"}:wamn.component.linker_setup: component imports wamn:postgres but sets no wamn.tenant; calls will be refused component="4258c187-c218-4644-8d9f-62f3d8e5e334"
2026-09-04T15:10:03.681615Z  WARN handle_http_request{http.method=POST http.uri=/purchase_order/get http.host=receiving.localhost http.request.method=POST url.path=/purchase_order/get server.address="receiving.localhost"}:invoke_component_handler{workload.name="flow-http-799f85d7d6-767df9f79b" workload.namespace="wamn-receiving-journey" workload.id="a90ca031-8b0e-47e1-91d4-9ab9c050f59a"}:wamn.component.invoke{wamn.tenant=receiving-route-auth wamn.project=receiving wamn.environment=dev wamn.wiring_id=purchase_order_get wamn.wiring_version=1 wamn.component_digest=sha256:498894030af16b22edaf7f0b2104b90673efdc0e32d2a85459368fa308ad8296 wamn.node_id=operation wamn.operation=wamn-receiving:purchase-order/get@1.0.0 wamn.caller_principal_id="af20cdfd-221d-4410-9fed-d1eeb8ec5ff2"}:wamn.component.linker_setup: component imports wamn:postgres but sets no wamn.tenant; calls will be refused component="e7105553-7190-433a-b632-a676171742a6"
2026-09-04T15:10:29.462921Z  INFO workload_start{workload_id=5f12ff41-e5fa-4b0a-a5aa-338ddd858ff4 workload.name="receiving-materializer-6cbb55fd79-7b6fdccfbc" workload.namespace="wamn-receiving-journey"}: Starting workload workload_id="5f12ff41-e5fa-4b0a-a5aa-338ddd858ff4" namespace="wamn-receiving-journey" name="receiving-materializer-6cbb55fd79-7b6fdccfbc"
wamn::materializer up: stream=EVT_acme_dev filter=evt.acme.receiving.dev.*.* tenant=receiving-route-auth batch=64 fetch_ms=500 max_deliver=5 max_sweeps=0
2026-09-04T15:10:51.677413Z  WARN handle_http_request{http.method=POST http.uri=/acme/purchase_order/update http.host=receiving.localhost http.request.method=POST url.path=/acme/purchase_order/update server.address="receiving.localhost"}:invoke_component_handler{workload.name="flow-http-799f85d7d6-767df9f79b" workload.namespace="wamn-receiving-journey" workload.id="a90ca031-8b0e-47e1-91d4-9ab9c050f59a"}:wamn.component.invoke{wamn.tenant=receiving-route-auth wamn.project=receiving wamn.environment=dev wamn.wiring_id=purchase_order_update wamn.wiring_version=1 wamn.component_digest=sha256:9b101fefec3b115f6ed15f4812a70e7cf37255e0d24222ae18e676bc07dc7e8e wamn.node_id=operation wamn.operation=client-acme-receiving:purchase-order/update@3.0.0 wamn.caller_principal_id="af20cdfd-221d-4410-9fed-d1eeb8ec5ff2"}:wamn.component.linker_setup: component imports wamn:postgres but sets no wamn.tenant; calls will be refused component="b59506aa-32c3-4486-8849-8db31315283f"
2026-09-04T15:10:51.710081Z  WARN handle_http_request{http.method=POST http.uri=/acme/receiving/record_receipt http.host=receiving.localhost http.request.method=POST url.path=/acme/receiving/record_receipt server.address="receiving.localhost"}:invoke_component_handler{workload.name="flow-http-799f85d7d6-767df9f79b" workload.namespace="wamn-receiving-journey" workload.id="a90ca031-8b0e-47e1-91d4-9ab9c050f59a"}:wamn.component.invoke{wamn.tenant=receiving-route-auth wamn.project=receiving wamn.environment=dev wamn.wiring_id=receiving_record_receipt wamn.wiring_version=1 wamn.component_digest=sha256:9b101fefec3b115f6ed15f4812a70e7cf37255e0d24222ae18e676bc07dc7e8e wamn.node_id=operation wamn.operation=client-acme-receiving:receiving/record-receipt@3.0.0 wamn.caller_principal_id="af20cdfd-221d-4410-9fed-d1eeb8ec5ff2"}:wamn.component.linker_setup: component imports wamn:postgres but sets no wamn.tenant; calls will be refused component="3ae48af8-bb22-402e-adcd-41ebac2cd6fe"
2026-09-04T15:10:51.716320Z  WARN handle_http_request{http.method=POST http.uri=/acme/receiving/record_receipt http.host=receiving.localhost http.request.method=POST url.path=/acme/receiving/record_receipt server.address="receiving.localhost"}:invoke_component_handler{workload.name="flow-http-799f85d7d6-767df9f79b" workload.namespace="wamn-receiving-journey" workload.id="a90ca031-8b0e-47e1-91d4-9ab9c050f59a"}:wamn.component.invoke{wamn.tenant=receiving-route-auth wamn.project=receiving wamn.environment=dev wamn.wiring_id=receiving_record_receipt wamn.wiring_version=1 wamn.component_digest=sha256:9b101fefec3b115f6ed15f4812a70e7cf37255e0d24222ae18e676bc07dc7e8e wamn.node_id=operation wamn.operation=client-acme-receiving:receiving/record-receipt@3.0.0 wamn.caller_principal_id="af20cdfd-221d-4410-9fed-d1eeb8ec5ff2"}:wamn.component.linker_setup: component imports wamn:postgres but sets no wamn.tenant; calls will be refused component="e89e2542-2c65-425f-ac40-13e301267c16"
2026-09-04T15:10:51.978488Z  WARN wamn.component.invoke{wamn.tenant=receiving-route-auth wamn.project=receiving wamn.environment=dev wamn.wiring_id=quality_create_inspection wamn.wiring_version=1 wamn.component_digest=sha256:9b101fefec3b115f6ed15f4812a70e7cf37255e0d24222ae18e676bc07dc7e8e wamn.node_id=operation wamn.operation=client-acme-receiving:quality/create-inspection@3.0.0}:wamn.component.linker_setup: component imports wamn:postgres but sets no wamn.tenant; calls will be refused component="63f9be19-9dce-4a1e-986e-b3d18f9d1d7e"
