2026-09-12T00:28:16.332442Z  INFO native descriptor limits initialized descriptor_soft_limit=Some(2147483584) default_max_connections=32768 default_max_http_ingress_connections=32768
2026-09-12T00:28:16.481151Z  INFO connected to NATS
2026-09-12T00:28:16.481590Z  INFO host memory resolved max_guest_memory=4GiB guest_memory_mode="count" default_heap_memory=256MiB core_instances=512 memories=512 pool_reservation=128GiB
2026-09-12T00:28:17.922900Z  INFO synchronous release preload completed synchronous_wirings=13 component_digests=2 elapsed_ms=1409
2026-09-12T00:28:17.922938Z  INFO release preload completed; component cache warm
2026-09-12T00:28:17.940923Z  INFO wamn-host starting (base plugins: wasi:config, wamn:logging, wasi:otel, wamn:postgres, wamn:jetstream, wamn:flow-http-routing) router_delivery=true
2026-09-12T00:28:17.941022Z  INFO wamn-host welded to its release effective_release_id=1 manifest_digest=sha256:52feceaa7255c21a354995ea59ad6056edef22c929467fe4adad2c90c4cf5bb3
2026-09-12T00:28:17.941109Z  INFO probe server listening addr=0.0.0.0:8081
2026-09-12T00:28:17.941154Z  INFO HTTP server listening addr=0.0.0.0:80 protocol="HTTP"
2026-09-12T00:28:17.941288Z  INFO Starting WASI OTel plugin endpoint=http://otel-collector.wamn-system.svc.cluster.local:4317 protocol="grpc"
2026-09-12T00:28:17.942392Z  INFO WASI OTel plugin started
2026-09-12T00:28:17.942503Z  INFO Host started host_id="27acadbe-9ebd-4601-893d-30517af7b1bc" friendly_name="filthy-fifth-0298" host_name="10.244.1.6" labels={"hostgroup": "default"} version="2.9.0" max_concurrent_starts=4
2026-09-12T00:28:17.942769Z  INFO Host provides interfaces count=11 interfaces=["wasi:cli/stdout,terminal-stdout,stderr,terminal-output,terminal-stdin,stdin,terminal-stderr,environment,terminal-input,exit@0.2.0", "wasi:clocks/monotonic-clock,wall-clock@0.2.0", "wasi:clocks/wall-time,monotonic-clock@0.2.0", "wasi:filesystem/preopens,types@0.2.0", "wasi:http/incoming-handler,types,outgoing-handler@0.2.0", "wasi:http/types,handler@0.3.0", "wasi:io/streams,poll,error@0.2.0", "wasi:random/random@0.2.0", "wasi:random/insecure-seed,random,insecure@0.2.0", "wasi:sockets/instance-network,tcp-create-socket,tcp,network,udp,ip-name-lookup,udp-create-socket@0.2.0", "wasmcloud:nats/jetstream-handler,core-handler,kv-handler@0.1.0"]
2026-09-12T00:28:17.942862Z  INFO wamn-host runtime startup completed elapsed_ms=1610 cleanup_budget_secs=57
2026-09-12T00:29:32.440690Z  WARN disconnected from NATS; buffered operations will be retried
2026-09-12T00:29:32.474245Z  INFO connected to NATS
2026-09-12T00:31:15.114924Z  WARN disconnected from NATS; buffered operations will be retried
2026-09-12T00:31:15.117297Z  WARN NATS client error err=nats: IO error
2026-09-12T00:31:15.121978Z  WARN NATS client error err=nats: IO error
2026-09-12T00:31:15.127576Z  WARN NATS client error err=nats: IO error
2026-09-12T00:31:15.138256Z  WARN NATS client error err=nats: IO error
2026-09-12T00:31:15.157573Z  WARN NATS client error err=nats: IO error
2026-09-12T00:31:15.192545Z  WARN NATS client error err=nats: IO error
2026-09-12T00:31:20.260503Z  WARN NATS client error err=nats: timed out
2026-09-12T00:31:25.391807Z  WARN NATS client error err=nats: timed out
2026-09-12T00:31:30.650706Z  WARN NATS client error err=nats: timed out
2026-09-12T00:31:36.165186Z  WARN NATS client error err=nats: timed out
2026-09-12T00:31:42.193171Z  WARN NATS client error err=nats: timed out
2026-09-12T00:31:49.244485Z  WARN NATS client error err=nats: timed out
2026-09-12T00:31:58.247547Z  WARN NATS client error err=nats: timed out
2026-09-12T00:32:07.251632Z  WARN NATS client error err=nats: timed out
2026-09-12T00:32:16.255011Z  WARN NATS client error err=nats: timed out
2026-09-12T00:32:25.258364Z  WARN NATS client error err=nats: timed out
2026-09-12T00:32:34.261434Z  WARN NATS client error err=nats: timed out
2026-09-12T00:32:43.264962Z  WARN NATS client error err=nats: timed out
2026-09-12T00:32:52.268961Z  WARN NATS client error err=nats: timed out
