2026-09-12T00:28:16.415541Z  INFO native descriptor limits initialized descriptor_soft_limit=Some(2147483584) default_max_connections=32768 default_max_http_ingress_connections=32768
2026-09-12T00:28:16.532174Z  INFO connected to NATS
2026-09-12T00:28:16.532549Z  INFO host memory resolved max_guest_memory=4GiB guest_memory_mode="count" default_heap_memory=256MiB core_instances=512 memories=512 pool_reservation=128GiB
2026-09-12T00:28:18.231225Z  INFO synchronous release preload completed synchronous_wirings=13 component_digests=2 elapsed_ms=1664
2026-09-12T00:28:18.231256Z  INFO release preload completed; component cache warm
2026-09-12T00:28:18.241414Z  INFO wamn-host starting (base plugins: wasi:config, wamn:logging, wasi:otel, wamn:postgres, wamn:jetstream, wamn:flow-http-routing) router_delivery=true
2026-09-12T00:28:18.241431Z  INFO wamn-host welded to its release effective_release_id=1 manifest_digest=sha256:52feceaa7255c21a354995ea59ad6056edef22c929467fe4adad2c90c4cf5bb3
2026-09-12T00:28:18.241460Z  INFO HTTP server listening addr=0.0.0.0:80 protocol="HTTP"
2026-09-12T00:28:18.241472Z  INFO probe server listening addr=0.0.0.0:8081
2026-09-12T00:28:18.241494Z  INFO Starting WASI OTel plugin endpoint=http://otel-collector.wamn-system.svc.cluster.local:4317 protocol="grpc"
2026-09-12T00:28:18.242296Z  INFO WASI OTel plugin started
2026-09-12T00:28:18.242317Z  INFO Host started host_id="bc0278e2-12d7-4b82-9010-ea76a58e9fab" friendly_name="tacit-taste-7198" host_name="10.244.2.6" labels={"hostgroup": "default"} version="2.9.0" max_concurrent_starts=4
2026-09-12T00:28:18.242461Z  INFO Host provides interfaces count=11 interfaces=["wasi:cli/terminal-stderr,terminal-stdout,terminal-output,exit,terminal-input,terminal-stdin,stdout,stdin,environment,stderr@0.2.0", "wasi:clocks/wall-time,monotonic-clock@0.2.0", "wasi:clocks/monotonic-clock,wall-clock@0.2.0", "wasi:filesystem/preopens,types@0.2.0", "wasi:http/types,incoming-handler,outgoing-handler@0.2.0", "wasi:http/handler,types@0.3.0", "wasi:io/error,streams,poll@0.2.0", "wasi:random/insecure-seed,random,insecure@0.2.0", "wasi:random/random@0.2.0", "wasi:sockets/tcp-create-socket,network,instance-network,ip-name-lookup,tcp,udp-create-socket,udp@0.2.0", "wasmcloud:nats/jetstream-handler,kv-handler,core-handler@0.1.0"]
2026-09-12T00:28:18.242484Z  INFO wamn-host runtime startup completed elapsed_ms=1826 cleanup_budget_secs=57
2026-09-12T00:28:23.601690Z  INFO workload_start{workload_id=f180eea8-c6d7-4a04-855c-4ca1571893b5 workload.name="flow-http-5f698ddcf7-84f9b66698" workload.namespace="wamn-receiving-e4936f123dae46b2875b4fa7a1e8711a"}: Starting workload workload_id="f180eea8-c6d7-4a04-855c-4ca1571893b5" namespace="wamn-receiving-e4936f123dae46b2875b4fa7a1e8711a" name="flow-http-5f698ddcf7-84f9b66698"
2026-09-12T00:29:32.439457Z  WARN disconnected from NATS; buffered operations will be retried
2026-09-12T00:29:32.461407Z  INFO connected to NATS
2026-09-12T00:31:15.115291Z  WARN disconnected from NATS; buffered operations will be retried
2026-09-12T00:31:15.118846Z  WARN NATS client error err=nats: IO error
2026-09-12T00:31:15.124885Z  WARN NATS client error err=nats: IO error
2026-09-12T00:31:15.132498Z  WARN NATS client error err=nats: IO error
2026-09-12T00:31:15.144228Z  WARN NATS client error err=nats: IO error
2026-09-12T00:31:15.163444Z  WARN NATS client error err=nats: IO error
2026-09-12T00:31:15.198288Z  WARN NATS client error err=nats: IO error
2026-09-12T00:31:20.266273Z  WARN NATS client error err=nats: timed out
2026-09-12T00:31:25.397067Z  WARN NATS client error err=nats: timed out
2026-09-12T00:31:30.655741Z  WARN NATS client error err=nats: timed out
2026-09-12T00:31:36.170806Z  WARN NATS client error err=nats: timed out
2026-09-12T00:31:42.198715Z  WARN NATS client error err=nats: timed out
2026-09-12T00:31:49.250727Z  WARN NATS client error err=nats: timed out
2026-09-12T00:31:58.254536Z  WARN NATS client error err=nats: timed out
2026-09-12T00:32:07.257224Z  WARN NATS client error err=nats: timed out
2026-09-12T00:32:16.260695Z  WARN NATS client error err=nats: timed out
2026-09-12T00:32:25.264271Z  WARN NATS client error err=nats: timed out
2026-09-12T00:32:34.267443Z  WARN NATS client error err=nats: timed out
2026-09-12T00:32:43.270404Z  WARN NATS client error err=nats: timed out
2026-09-12T00:32:52.273668Z  WARN NATS client error err=nats: timed out
