[2m2026-09-04T17:05:12.697103Z[0m [32m INFO[0m [2mwamn_cdc_reader[0m[2m:[0m registration loaded [3mpublication[0m[2m=[0m"wamn_cdc_acme__receiving__dev__1af7d9y7" [3mslot[0m[2m=[0m"wamn_cdc_acme__receiving__dev__1af7d9y7" [3mstream[0m[2m=[0m"EVT_acme_dev"
[2m2026-09-04T17:05:12.699032Z[0m [32m INFO[0m [2masync_nats::connector[0m[2m:[0m connected successfully [3mserver[0m[2m=[0m4222 [3mmax_payload[0m[2m=[0m1048576
[2m2026-09-04T17:05:12.699121Z[0m [32m INFO[0m [2masync_nats[0m[2m:[0m event: connected
[2m2026-09-04T17:05:12.742266Z[0m [32m INFO[0m [2mwamn_cdc_reader[0m[2m:[0m preflight: slot healthy (resume position = confirmed LSN) [3mslot[0m[2m=[0m"wamn_cdc_acme__receiving__dev__1af7d9y7" [3mactive[0m[2m=[0mfalse [3mconfirmed_flush_lsn[0m[2m=[0m"0/33FDAD0" [3mwal_status[0m[2m=[0m"reserved"
[2m2026-09-04T17:05:12.742337Z[0m [32m INFO[0m [2mpg_walstream::stream[0m[2m:[0m Creating logical replication stream with retry support
[2m2026-09-04T17:05:12.742367Z[0m [32m INFO[0m [2mpg_walstream::retry[0m[2m:[0m Attempting to connect to PostgreSQL with retry logic
[2m2026-09-04T17:05:12.781060Z[0m [32m INFO[0m [2mpg_walstream::retry[0m[2m:[0m Successfully connected to PostgreSQL on attempt 1 after 38.675507ms
[2m2026-09-04T17:05:12.781102Z[0m [32m INFO[0m [2mpg_walstream::stream[0m[2m:[0m Starting logical replication stream
[2m2026-09-04T17:05:12.781110Z[0m [32m INFO[0m [2mpg_walstream::stream[0m[2m:[0m Initializing replication stream
[2m2026-09-04T17:05:12.781212Z[0m [32m INFO[0m [2mpg_walstream::stream[0m[2m:[0m System identification successful
[2m2026-09-04T17:05:12.781222Z[0m [32m INFO[0m [2mpg_walstream::stream[0m[2m:[0m Creating replication slot: wamn_cdc_acme__receiving__dev__1af7d9y7
[2m2026-09-04T17:05:12.781344Z[0m [33m WARN[0m [2mpg_walstream::stream[0m[2m:[0m Replication slot already exists, continuing
[2m2026-09-04T17:05:12.781358Z[0m [32m INFO[0m [2mpg_walstream::stream[0m[2m:[0m Replication stream initialized
[2m2026-09-04T17:05:12.781930Z[0m [32m INFO[0m [2mpg_walstream::stream[0m[2m:[0m Logical replication started with LSN: 0/0
[2m2026-09-04T17:05:12.781955Z[0m [32m INFO[0m [2mwamn_cdc_reader[0m[2m:[0m walsender session open; draining [3mreopens[0m[2m=[0m0
[2m2026-09-04T17:05:42.801945Z[0m [32m INFO[0m [2mpg_walstream::connection::native::connection[0m[2m:[0m Sent standby status update: received=0/3405890, flushed=0/0, applied=0/0, reply_requested=false
[2m2026-09-04T17:06:12.802695Z[0m [32m INFO[0m [2mpg_walstream::connection::native::connection[0m[2m:[0m Sent standby status update: received=0/3405890, flushed=0/0, applied=0/0, reply_requested=false
[2m2026-09-04T17:06:42.833986Z[0m [32m INFO[0m [2mpg_walstream::connection::native::connection[0m[2m:[0m Sent standby status update: received=0/3405890, flushed=0/0, applied=0/0, reply_requested=false
[2m2026-09-04T17:07:12.865007Z[0m [32m INFO[0m [2mpg_walstream::connection::native::connection[0m[2m:[0m Sent standby status update: received=0/3405890, flushed=0/0, applied=0/0, reply_requested=false
[2m2026-09-04T17:07:42.895056Z[0m [32m INFO[0m [2mpg_walstream::connection::native::connection[0m[2m:[0m Sent standby status update: received=0/3405890, flushed=0/0, applied=0/0, reply_requested=false
[2m2026-09-04T17:08:12.925167Z[0m [32m INFO[0m [2mpg_walstream::connection::native::connection[0m[2m:[0m Sent standby status update: received=0/3405890, flushed=0/0, applied=0/0, reply_requested=false
[2m2026-09-04T17:08:42.938715Z[0m [32m INFO[0m [2mpg_walstream::connection::native::connection[0m[2m:[0m Sent standby status update: received=0/3405A00, flushed=0/34059C8, applied=0/34059C8, reply_requested=false
[2m2026-09-04T17:09:12.941830Z[0m [32m INFO[0m [2mpg_walstream::connection::native::connection[0m[2m:[0m Sent standby status update: received=0/3407308, flushed=0/34059C8, applied=0/34059C8, reply_requested=false
[2m2026-09-04T17:09:17.259546Z[0m [32m INFO[0m [2mwamn_cdc_reader[0m[2m:[0m entity resolved [3mtable[0m[2m=[0mpurchase_order [3mrelation_oid[0m[2m=[0m17799 [3mpackage_id[0m[2m=[0m"wamn_receiving" [3mentity[0m[2m=[0m"purchase_order"
[2m2026-09-04T17:09:17.386606Z[0m [32m INFO[0m [2mwamn_cdc_reader[0m[2m:[0m CDC exclusion resolved [3mtable[0m[2m=[0mrecord_receipt_command [3mrelation_oid[0m[2m=[0m17850 [3mpackage_id[0m[2m=[0m"wamn_receiving" [3mrelation[0m[2m=[0m"record_receipt_command"
[2m2026-09-04T17:09:17.497885Z[0m [32m INFO[0m [2mwamn_cdc_reader[0m[2m:[0m entity resolved [3mtable[0m[2m=[0mreceipt [3mrelation_oid[0m[2m=[0m17868 [3mpackage_id[0m[2m=[0m"wamn_receiving" [3mentity[0m[2m=[0m"receipt"
[2m2026-09-04T17:09:17.618225Z[0m [32m INFO[0m [2mwamn_cdc_reader[0m[2m:[0m entity resolved [3mtable[0m[2m=[0mreceipt_line [3mrelation_oid[0m[2m=[0m17897 [3mpackage_id[0m[2m=[0m"wamn_receiving" [3mentity[0m[2m=[0m"receipt_line"
[2m2026-09-04T17:09:17.735090Z[0m [32m INFO[0m [2mwamn_cdc_reader[0m[2m:[0m entity resolved [3mtable[0m[2m=[0mpurchase_order_line [3mrelation_oid[0m[2m=[0m17821 [3mpackage_id[0m[2m=[0m"wamn_receiving" [3mentity[0m[2m=[0m"purchase_order_line"
[2m2026-09-04T17:09:17.755060Z[0m [32m INFO[0m [2mwamn::event_reader[0m[2m:[0m CDC exclusions committed [3mexcluded_by_relation[0m[2m=[0m{"wamn_receiving::record_receipt_command": 2}
[2m2026-09-04T17:09:17.941593Z[0m [32m INFO[0m [2mwamn_cdc_reader[0m[2m:[0m entity resolved [3mtable[0m[2m=[0mquality_inspection [3mrelation_oid[0m[2m=[0m17953 [3mpackage_id[0m[2m=[0m"client_acme_receiving" [3mentity[0m[2m=[0m"quality_inspection"
[2m2026-09-04T17:09:42.943954Z[0m [32m INFO[0m [2mpg_walstream::connection::native::connection[0m[2m:[0m Sent standby status update: received=0/3410548, flushed=0/340CA38, applied=0/340CA38, reply_requested=false
[2m2026-09-04T17:09:51.419816Z[0m [32m INFO[0m [2mwamn::event_reader[0m[2m:[0m drain summary [3mcommits[0m[2m=[0m5 [3mevents_published[0m[2m=[0m6 [3mdeduped[0m[2m=[0m0 [3mexcluded_by_relation[0m[2m=[0m{"wamn_receiving::record_receipt_command": 2} [3mending[0m[2m=[0m"shutdown"
[2m2026-09-04T17:09:51.419989Z[0m [32m INFO[0m [2mpg_walstream::connection::native::connection[0m[2m:[0m Sent standby status update: received=0/3410548, flushed=0/340CA38, applied=0/340CA38, reply_requested=false
[2m2026-09-04T17:09:51.420014Z[0m [32m INFO[0m [2mpg_walstream::stream[0m[2m:[0m Stopping logical replication stream (last received LSN: 0/3410548)
[2m2026-09-04T17:09:51.420029Z[0m [32m INFO[0m [2mwamn_cdc_reader[0m[2m:[0m shutdown requested; exiting cleanly [3mreopens[0m[2m=[0m0 [3mcommits[0m[2m=[0m5
[2m2026-09-04T17:09:51.420402Z[0m [32m INFO[0m [2masync_nats[0m[2m:[0m event: closed
