2026-09-09T16:25:47Z env CARGO_TARGET_DIR=/home/kaalin/.cache/wamn-lanes/wasmcloud-2-9-20260909/target RUSTC_WRAPPER= /home/kaalin/.cache/wamn-lanes/wasmcloud-2-9-20260909/tools/build-components m1 
2026-09-09T16:25:50Z env CARGO_TARGET_DIR=/home/kaalin/.cache/wamn-lanes/wasmcloud-2-9-20260909/target RUSTC_WRAPPER= cargo build --locked --release -p wamn-host 
2026-09-09T16:25:51Z env CARGO_TARGET_DIR=/home/kaalin/.cache/wamn-lanes/wasmcloud-2-9-20260909/target RUSTC_WRAPPER= cargo build --locked -p wamn-ctl -p wamn-cdc-reader -p wamn-scenario-worker -p wamn-executor 
2026-09-09T16:25:51Z env CARGO_TARGET_DIR=/home/kaalin/.cache/wamn-lanes/wasmcloud-2-9-20260909/target RUSTC_WRAPPER= cargo test --locked --offline -p wamn-proof-integration --test startup_burst_live --no-run 
2026-09-09T16:25:52Z docker build --platform=linux/amd64 --provenance=false --file /tmp/tmp.Tv24mbGdGS/host-image/Dockerfile --tag wamn-host:receiving-0388e3bc98d2-3447033-release /tmp/tmp.Tv24mbGdGS/host-image 
2026-09-09T16:25:52Z kind create cluster --name wamn-receiving-journey --config /tmp/tmp.Tv24mbGdGS/kind-config.yaml --kubeconfig /tmp/tmp.Tv24mbGdGS/kubeconfig 
2026-09-09T16:26:11Z kubectl --kubeconfig /tmp/tmp.Tv24mbGdGS/kubeconfig --context kind-wamn-receiving-journey wait --for=condition=Ready nodes --all --timeout=180s 
2026-09-09T16:26:25Z kubectl --kubeconfig /tmp/tmp.Tv24mbGdGS/kubeconfig --context kind-wamn-receiving-journey create namespace wamn-receiving-journey 
2026-09-09T16:26:25Z kind load docker-image wamn-host:receiving-0388e3bc98d2-3447033-release --name wamn-receiving-journey 
2026-09-09T16:26:31Z htpasswd \<credential-bearing\ arguments\ redacted\> 
2026-09-09T16:26:32Z postgres \<credential-bearing\ arguments\ redacted\> 
2026-09-09T16:26:32Z docker run --detach --name wamn-receiving-registry-0388e3bc98d2-3447033 --network kind --env REGISTRY_AUTH=htpasswd --env REGISTRY_AUTH_HTPASSWD_REALM=WAMN\ Receiving\ cluster\ journey --env REGISTRY_AUTH_HTPASSWD_PATH=/auth/htpasswd --volume /tmp/tmp.Tv24mbGdGS/htpasswd:/auth/htpasswd:ro registry:2 
2026-09-09T16:26:32Z docker run --detach --name wamn-receiving-nats-0388e3bc98d2-3447033 --network kind nats:2.10-alpine --jetstream --store_dir /data --http_port 8222 
2026-09-09T16:26:35Z cargo test production_two_package_release_serves_all_thirteen_pat_routes \<journey\ document\ with\ disposable\ PostgreSQL\ and\ OCI\ inputs\ redacted\> 
2026-09-09T16:27:04Z kubectl --kubeconfig /tmp/tmp.Tv24mbGdGS/kubeconfig --context kind-wamn-receiving-journey apply -f /tmp/tmp.Tv24mbGdGS/route-caller-pat-kube.json 
2026-09-09T16:27:05Z env DOCKER_CONFIG=\<private-registry-directory\> /home/kaalin/.cache/wamn-lanes/wasmcloud-2-9-20260909/.tools/wash/2.9.0/wash -o json oci push --insecure 172.28.0.9:5000/wamn/flow-http:receiving-0388e3bc98d2-3447033-release /home/kaalin/.cache/wamn-lanes/wasmcloud-2-9-20260909/target/wasm32-wasip2/release/http_route.wasm 
2026-09-09T16:27:05Z env DOCKER_CONFIG=\<private-registry-directory\> /home/kaalin/.cache/wamn-lanes/wasmcloud-2-9-20260909/.tools/wash/2.9.0/wash -o json oci push --insecure 172.28.0.9:5000/wamn/materializer:receiving-0388e3bc98d2-3447033-release /home/kaalin/.cache/wamn-lanes/wasmcloud-2-9-20260909/target/wasm32-wasip2/release/materializer.wasm 
2026-09-09T16:27:05Z enable-cdc-project-env \<credential-bearing\ arguments\ redacted\> 
2026-09-09T16:27:06Z apply-cdc-role \<credential-bearing\ arguments\ redacted\> 
2026-09-09T16:27:06Z apply-cdc-stream \<credential-bearing\ arguments\ redacted\> 
2026-09-09T16:27:06Z prepare-registry-reader \<credential-bearing\ arguments\ redacted\> 
2026-09-09T16:27:07Z env WAMN_SYSTEM_URL=\<registry-reader\ credential\ redacted\> WAMN_CDC_URL=\<replication\ credential\ redacted\> /home/kaalin/.cache/wamn-lanes/wasmcloud-2-9-20260909/target/debug/wamn-cdc-reader --log-level info --org acme --project receiving --env dev --nats-url nats://172.28.0.10:4222 --sslmode disable --stream-replicas 1 --dup-window-secs 120 --feedback-secs 1 --stall-threshold-secs 30 --slot-poll-secs 0 --slot-safe-wal-warn-bytes 268435456 
2026-09-09T16:27:08Z print-release-env \<credential-bearing\ arguments\ redacted\> 
2026-09-09T16:27:08Z executor-native-lifecycle /home/kaalin/.cache/wamn-lanes/wasmcloud-2-9-20260909/target/debug/wamn-run-worker \<private\ fixture\ credentials\> sha256:e633957452b28418875cdc69a5574d078da95daf94aa9fda76c5ad84cc3dee94 SIGTERM SIGINT 
2026-09-09T16:27:26Z kubectl --kubeconfig /tmp/tmp.Tv24mbGdGS/kubeconfig --context kind-wamn-receiving-journey apply -f /tmp/tmp.Tv24mbGdGS/host-secrets/guest-sql.json 
2026-09-09T16:27:26Z kubectl --kubeconfig /tmp/tmp.Tv24mbGdGS/kubeconfig --context kind-wamn-receiving-journey apply -f /tmp/tmp.Tv24mbGdGS/host-secrets/executor-platform.json 
2026-09-09T16:27:26Z kubectl --kubeconfig /tmp/tmp.Tv24mbGdGS/kubeconfig --context kind-wamn-receiving-journey apply -f /tmp/tmp.Tv24mbGdGS/host-secrets/identity-reader.json 
2026-09-09T16:27:26Z kubectl --kubeconfig /tmp/tmp.Tv24mbGdGS/kubeconfig --context kind-wamn-receiving-journey apply -f /tmp/tmp.Tv24mbGdGS/host-secrets/http-admitter.json 
2026-09-09T16:27:27Z kubectl --kubeconfig /tmp/tmp.Tv24mbGdGS/kubeconfig --context kind-wamn-receiving-journey apply -f /tmp/tmp.Tv24mbGdGS/host-secrets/event-materializer.json 
2026-09-09T16:27:27Z kubectl --kubeconfig /tmp/tmp.Tv24mbGdGS/kubeconfig --context kind-wamn-receiving-journey -n wamn-receiving-journey create secret generic wamn-registry-pull --type=kubernetes.io/dockerconfigjson --from-file=.dockerconfigjson=\<redacted\> --dry-run=client -o yaml 
2026-09-09T16:27:27Z kubectl --kubeconfig /tmp/tmp.Tv24mbGdGS/kubeconfig --context kind-wamn-receiving-journey apply -f /tmp/tmp.Tv24mbGdGS/registry-pull.yaml 
2026-09-09T16:27:27Z kubectl --kubeconfig /tmp/tmp.Tv24mbGdGS/kubeconfig --context kind-wamn-receiving-journey apply -f /home/kaalin/.cache/wamn-lanes/wasmcloud-2-9-20260909/deploy/infra/cert-manager.yaml 
2026-09-09T16:27:28Z kubectl --kubeconfig /tmp/tmp.Tv24mbGdGS/kubeconfig --context kind-wamn-receiving-journey -n cert-manager wait --for=condition=Available deployment --all --timeout=240s 
2026-09-09T16:27:39Z helm upgrade --install --create-namespace --kubeconfig /tmp/tmp.Tv24mbGdGS/kubeconfig --kube-context kind-wamn-receiving-journey --namespace wamn-system wamn oci://ghcr.io/wasmcloud/charts/runtime-operator --version 2.9.0 -f /home/kaalin/.cache/wamn-lanes/wasmcloud-2-9-20260909/deploy/infra/values-wamn.yaml -f /tmp/tmp.Tv24mbGdGS/operator-values.yaml --wait --timeout 5m 
2026-09-09T16:27:57Z kubectl --kubeconfig /tmp/tmp.Tv24mbGdGS/kubeconfig --context kind-wamn-receiving-journey -n wamn-system get deployment runtime-operator -o json 
2026-09-09T16:27:57Z kubectl --kubeconfig /tmp/tmp.Tv24mbGdGS/kubeconfig --context kind-wamn-receiving-journey apply -f /tmp/tmp.Tv24mbGdGS/runtime-operator-events-rbac.yaml 
2026-09-09T16:27:57Z kubectl --kubeconfig /tmp/tmp.Tv24mbGdGS/kubeconfig --context kind-wamn-receiving-journey -n wamn-receiving-journey get role wamn-runtime-operator-events -o json 
2026-09-09T16:27:57Z kubectl --kubeconfig /tmp/tmp.Tv24mbGdGS/kubeconfig --context kind-wamn-receiving-journey -n wamn-receiving-journey get rolebinding wamn-runtime-operator-events -o json 
2026-09-09T16:27:57Z kubectl --kubeconfig /tmp/tmp.Tv24mbGdGS/kubeconfig --context kind-wamn-receiving-journey apply -f /home/kaalin/.cache/wamn-lanes/wasmcloud-2-9-20260909/deploy/infra/tempo.yaml 
2026-09-09T16:27:57Z kubectl --kubeconfig /tmp/tmp.Tv24mbGdGS/kubeconfig --context kind-wamn-receiving-journey apply -f /home/kaalin/.cache/wamn-lanes/wasmcloud-2-9-20260909/deploy/infra/otel-collector.yaml 
2026-09-09T16:27:57Z kubectl --kubeconfig /tmp/tmp.Tv24mbGdGS/kubeconfig --context kind-wamn-receiving-journey -n wamn-system wait --for=condition=Available deployment/tempo deployment/otel-collector --timeout=120s 
2026-09-09T16:28:04Z kubectl --kubeconfig /tmp/tmp.Tv24mbGdGS/kubeconfig --context kind-wamn-receiving-journey apply -f /tmp/tmp.Tv24mbGdGS/wasmcloud-ca-copy.json 
2026-09-09T16:28:04Z kubectl --kubeconfig /tmp/tmp.Tv24mbGdGS/kubeconfig --context kind-wamn-receiving-journey apply -f /home/kaalin/.cache/wamn-lanes/wasmcloud-2-9-20260909/deploy/infra/wasmcloud-ca-issuer.yaml 
2026-09-09T16:28:04Z kubectl --kubeconfig /tmp/tmp.Tv24mbGdGS/kubeconfig --context kind-wamn-receiving-journey wait --for=condition=Ready clusterissuer/wasmcloud-ca --timeout=60s 
2026-09-09T16:28:05Z kubectl --kubeconfig /tmp/tmp.Tv24mbGdGS/kubeconfig --context kind-wamn-receiving-journey apply -f /tmp/tmp.Tv24mbGdGS/host-environment-certs.yaml 
2026-09-09T16:28:05Z kubectl --kubeconfig /tmp/tmp.Tv24mbGdGS/kubeconfig --context kind-wamn-receiving-journey -n wamn-receiving-journey wait --for=condition=Ready certificate/wasmcloud-runtime-tls certificate/wasmcloud-data-tls --timeout=120s 
2026-09-09T16:28:05Z helm upgrade --install --kubeconfig /tmp/tmp.Tv24mbGdGS/kubeconfig --kube-context kind-wamn-receiving-journey --namespace wamn-receiving-journey wamn-host oci://ghcr.io/wasmcloud/charts/runtime-operator --version 2.9.0 -f /tmp/tmp.Tv24mbGdGS/host-base.yaml -f /tmp/tmp.Tv24mbGdGS/host-overlay.yaml --wait --timeout 5m 
2026-09-09T16:28:12Z kubectl --kubeconfig /tmp/tmp.Tv24mbGdGS/kubeconfig --context kind-wamn-receiving-journey -n wamn-receiving-journey rollout status deployment/hostgroup-default --timeout=240s 
2026-09-09T16:28:12Z kubectl --kubeconfig /tmp/tmp.Tv24mbGdGS/kubeconfig --context kind-wamn-receiving-journey apply -f /tmp/tmp.Tv24mbGdGS/flow-http.yaml 
2026-09-09T16:28:12Z kubectl --kubeconfig /tmp/tmp.Tv24mbGdGS/kubeconfig --context kind-wamn-receiving-journey -n wamn-receiving-journey wait --for=condition=Ready workloaddeployment/flow-http --timeout=240s 
2026-09-09T16:28:13Z kubectl --kubeconfig /tmp/tmp.Tv24mbGdGS/kubeconfig --context kind-wamn-receiving-journey apply -f /tmp/tmp.Tv24mbGdGS/flow-http-reachability.yaml 
2026-09-09T16:28:13Z kubectl --kubeconfig /tmp/tmp.Tv24mbGdGS/kubeconfig --context kind-wamn-receiving-journey -n wamn-receiving-journey wait --for=condition=Complete job/flow-http-reachability --timeout=90s 
2026-09-09T16:28:16Z kubectl --kubeconfig /tmp/tmp.Tv24mbGdGS/kubeconfig --context kind-wamn-receiving-journey apply -f /tmp/tmp.Tv24mbGdGS/materializer.yaml 
2026-09-09T16:28:17Z kubectl --kubeconfig /tmp/tmp.Tv24mbGdGS/kubeconfig --context kind-wamn-receiving-journey -n wamn-receiving-journey wait --for=condition=Ready workloaddeployment/receiving-materializer --timeout=240s 
2026-09-09T16:28:18Z kubectl --kubeconfig /tmp/tmp.Tv24mbGdGS/kubeconfig --context kind-wamn-receiving-journey apply -f /tmp/tmp.Tv24mbGdGS/materializer-trigger.yaml 
2026-09-09T16:28:18Z kubectl --kubeconfig /tmp/tmp.Tv24mbGdGS/kubeconfig --context kind-wamn-receiving-journey -n wamn-receiving-journey wait --for=condition=Complete job/receiving-materializer-trigger --timeout=120s 
2026-09-09T16:28:21Z cargo test production_materializer_consumes_the_causal_receipt_exactly_once \<journey\ document\ amended\ with\ the\ project\ database\ and\ receipt\,\ redacted\> 
2026-09-09T16:28:22Z python3 /home/kaalin/.cache/wamn-lanes/wasmcloud-2-9-20260909/tools/journey-telemetry-proof --kubeconfig /tmp/tmp.Tv24mbGdGS/kubeconfig --context kind-wamn-receiving-journey --evidence-dir /home/kaalin/dev/wamn/docs/perf/2026.09/wasmcloud-2-9-cutover/live-receiving-005/journey/telemetry --source 0388e3bc98d231f1e69538e613ec33689c041653 --tenant receiving-route-auth --project receiving --environment dev --namespace wamn-receiving-journey --system-namespace wamn-system --update-trace 7c7fffcc1f0bdc78075b00432e0bd5fb --receipt-trace 0afc06d223c86c9e7718e8b2652e0c14 
2026-09-09T16:29:07Z python3 /home/kaalin/.cache/wamn-lanes/wasmcloud-2-9-20260909/tools/journey-startup-burst.py \<private-fixture-path\> 
2026-09-09T16:29:13Z kubectl --kubeconfig /tmp/tmp.Tv24mbGdGS/kubeconfig --context kind-wamn-receiving-journey apply -f /tmp/tmp.Tv24mbGdGS/cross-environment-workload.json 
2026-09-09T16:29:13Z kubectl --kubeconfig /tmp/tmp.Tv24mbGdGS/kubeconfig --context kind-wamn-receiving-journey -n wamn-receiving-journey wait --for=condition=HostSelection=False workload/flow-http-cross-environment --timeout=240s 
2026-09-09T16:29:13Z kubectl --kubeconfig /tmp/tmp.Tv24mbGdGS/kubeconfig --context kind-wamn-receiving-journey -n wamn-receiving-journey get workload flow-http-cross-environment -o json 
2026-09-09T16:29:13Z timeout 240s kubectl --kubeconfig /tmp/tmp.Tv24mbGdGS/kubeconfig --context kind-wamn-receiving-journey -n wamn-receiving-journey get events.events.k8s.io --field-selector regarding.uid=c1602d75-ca4b-4250-acab-523096ff8802 --watch --output-watch-events -o json 
2026-09-09T16:29:43Z kubectl --kubeconfig /tmp/tmp.Tv24mbGdGS/kubeconfig --context kind-wamn-receiving-journey auth can-i create events.events.k8s.io --namespace wamn-receiving-journey --as system:serviceaccount:wamn-system:wamn-runtime-operator 
2026-09-09T16:29:43Z kubectl --kubeconfig /tmp/tmp.Tv24mbGdGS/kubeconfig --context kind-wamn-receiving-journey auth can-i patch events.events.k8s.io --namespace wamn-receiving-journey --as system:serviceaccount:wamn-system:wamn-runtime-operator 
2026-09-09T16:29:43Z kubectl --kubeconfig /tmp/tmp.Tv24mbGdGS/kubeconfig --context kind-wamn-receiving-journey auth can-i get events.events.k8s.io --namespace wamn-receiving-journey --as system:serviceaccount:wamn-system:wamn-runtime-operator 
2026-09-09T16:29:43Z kubectl --kubeconfig /tmp/tmp.Tv24mbGdGS/kubeconfig --context kind-wamn-receiving-journey auth can-i list events.events.k8s.io --namespace wamn-receiving-journey --as system:serviceaccount:wamn-system:wamn-runtime-operator 
2026-09-09T16:29:43Z kubectl --kubeconfig /tmp/tmp.Tv24mbGdGS/kubeconfig --context kind-wamn-receiving-journey auth can-i watch events.events.k8s.io --namespace wamn-receiving-journey --as system:serviceaccount:wamn-system:wamn-runtime-operator 
2026-09-09T16:29:44Z kubectl --kubeconfig /tmp/tmp.Tv24mbGdGS/kubeconfig --context kind-wamn-receiving-journey auth can-i update events.events.k8s.io --namespace wamn-receiving-journey --as system:serviceaccount:wamn-system:wamn-runtime-operator 
2026-09-09T16:29:44Z kubectl --kubeconfig /tmp/tmp.Tv24mbGdGS/kubeconfig --context kind-wamn-receiving-journey auth can-i delete events.events.k8s.io --namespace wamn-receiving-journey --as system:serviceaccount:wamn-system:wamn-runtime-operator 
2026-09-09T16:29:44Z kubectl --kubeconfig /tmp/tmp.Tv24mbGdGS/kubeconfig --context kind-wamn-receiving-journey auth can-i deletecollection events.events.k8s.io --namespace wamn-receiving-journey --as system:serviceaccount:wamn-system:wamn-runtime-operator 
2026-09-09T16:29:44Z /home/kaalin/.cache/wamn-lanes/wasmcloud-2-9-20260909/tools/receiving-operator-recovery-run --kubeconfig /tmp/tmp.Tv24mbGdGS/kubeconfig --evidence-dir /home/kaalin/dev/wamn/docs/perf/2026.09/wasmcloud-2-9-cutover/live-receiving-005/journey/operator-recovery --host-image wamn-host:receiving-0388e3bc98d2-3447033-release --route-caller-secret wamn-pat-route-caller-acme--receiving--dev --route-host receiving.localhost --probe-route /purchase_order/get --probe-body \{\"id\":\"00000000-0000-0000-0000-000000000301\"\} 
2026-09-09T16:34:11Z kill -TERM 3455665 
2026-09-09T16:34:11Z kubectl --kubeconfig /tmp/tmp.Tv24mbGdGS/kubeconfig --context kind-wamn-receiving-journey -n wamn-receiving-journey get deployment hostgroup-default -o json 
2026-09-09T16:34:11Z kubectl --kubeconfig /tmp/tmp.Tv24mbGdGS/kubeconfig --context kind-wamn-receiving-journey -n wamn-receiving-journey get pods -o json 
2026-09-09T16:34:11Z kubectl --kubeconfig /tmp/tmp.Tv24mbGdGS/kubeconfig --context kind-wamn-receiving-journey -n wamn-receiving-journey get events -o json 
2026-09-09T16:34:11Z kubectl --kubeconfig /tmp/tmp.Tv24mbGdGS/kubeconfig --context kind-wamn-receiving-journey -n wamn-receiving-journey get secrets -o name 
2026-09-09T16:34:11Z kubectl --kubeconfig /tmp/tmp.Tv24mbGdGS/kubeconfig --context kind-wamn-receiving-journey -n wamn-receiving-journey get jobs -o json 
2026-09-09T16:34:11Z kind delete cluster --name wamn-receiving-journey 
2026-09-09T16:34:12Z docker rm --force --volumes wamn-receiving-pg18-0388e3bc98d2-3447033 
2026-09-09T16:34:13Z docker rm --force --volumes wamn-receiving-registry-0388e3bc98d2-3447033 
2026-09-09T16:34:13Z docker rm --force --volumes wamn-receiving-nats-0388e3bc98d2-3447033 
2026-09-09T16:34:13Z docker image rm wamn-host:receiving-0388e3bc98d2-3447033-release 
2026-09-09T16:34:13Z rm -rf -- /tmp/tmp.Tv24mbGdGS 
