RECEIVING_STARTUP_ATTEMPT phase=restart-first attempt=1 status=503 since_restart_seconds=0 time_total_seconds=0.002646
RECEIVING_STARTUP_ATTEMPT phase=restart-first attempt=2 status=503 since_restart_seconds=1 time_total_seconds=0.001622
RECEIVING_STARTUP_ATTEMPT phase=restart-first attempt=3 status=503 since_restart_seconds=2 time_total_seconds=0.001523
RECEIVING_STARTUP_ATTEMPT phase=restart-first attempt=4 status=503 since_restart_seconds=3 time_total_seconds=0.002428
RECEIVING_STARTUP_ATTEMPT phase=restart-first attempt=5 status=503 since_restart_seconds=4 time_total_seconds=0.001565
RECEIVING_STARTUP_ATTEMPT phase=restart-first attempt=6 status=503 since_restart_seconds=5 time_total_seconds=0.001743
RECEIVING_STARTUP_ATTEMPT phase=restart-first attempt=7 status=503 since_restart_seconds=6 time_total_seconds=0.001719
RECEIVING_STARTUP_ATTEMPT phase=restart-first attempt=8 status=503 since_restart_seconds=7 time_total_seconds=0.002037
RECEIVING_STARTUP_ATTEMPT phase=restart-first attempt=9 status=503 since_restart_seconds=8 time_total_seconds=0.001645
RECEIVING_STARTUP_ATTEMPT phase=restart-first attempt=10 status=503 since_restart_seconds=9 time_total_seconds=0.001634
RECEIVING_STARTUP_ATTEMPT phase=restart-first attempt=11 status=503 since_restart_seconds=10 time_total_seconds=0.001577
RECEIVING_STARTUP_ATTEMPT phase=restart-first attempt=12 status=503 since_restart_seconds=11 time_total_seconds=0.001592
RECEIVING_STARTUP_ATTEMPT phase=restart-first attempt=13 status=503 since_restart_seconds=12 time_total_seconds=0.001755
RECEIVING_STARTUP_ATTEMPT phase=restart-first attempt=14 status=503 since_restart_seconds=13 time_total_seconds=0.001702
curl: (7) Failed to connect to flow-http.wamn-receiving-journey.svc.cluster.local port 80 after 1 ms: Could not connect to server
RECEIVING_STARTUP_ATTEMPT phase=restart-first attempt=15 status=000 since_restart_seconds=14 time_total_seconds=0
curl: (7) Failed to connect to flow-http.wamn-receiving-journey.svc.cluster.local port 80 after 1 ms: Could not connect to server
RECEIVING_STARTUP_ATTEMPT phase=restart-first attempt=16 status=000 since_restart_seconds=15 time_total_seconds=0
curl: (7) Failed to connect to flow-http.wamn-receiving-journey.svc.cluster.local port 80 after 1 ms: Could not connect to server
RECEIVING_STARTUP_ATTEMPT phase=restart-first attempt=17 status=000 since_restart_seconds=16 time_total_seconds=0
curl: (7) Failed to connect to flow-http.wamn-receiving-journey.svc.cluster.local port 80 after 1 ms: Could not connect to server
RECEIVING_STARTUP_ATTEMPT phase=restart-first attempt=18 status=000 since_restart_seconds=17 time_total_seconds=0
curl: (7) Failed to connect to flow-http.wamn-receiving-journey.svc.cluster.local port 80 after 0 ms: Could not connect to server
RECEIVING_STARTUP_ATTEMPT phase=restart-first attempt=19 status=000 since_restart_seconds=18 time_total_seconds=0
curl: (7) Failed to connect to flow-http.wamn-receiving-journey.svc.cluster.local port 80 after 0 ms: Could not connect to server
RECEIVING_STARTUP_ATTEMPT phase=restart-first attempt=20 status=000 since_restart_seconds=19 time_total_seconds=0
curl: (7) Failed to connect to flow-http.wamn-receiving-journey.svc.cluster.local port 80 after 0 ms: Could not connect to server
RECEIVING_STARTUP_ATTEMPT phase=restart-first attempt=21 status=000 since_restart_seconds=20 time_total_seconds=0
curl: (7) Failed to connect to flow-http.wamn-receiving-journey.svc.cluster.local port 80 after 0 ms: Could not connect to server
RECEIVING_STARTUP_ATTEMPT phase=restart-first attempt=22 status=000 since_restart_seconds=21 time_total_seconds=0
curl: (7) Failed to connect to flow-http.wamn-receiving-journey.svc.cluster.local port 80 after 0 ms: Could not connect to server
RECEIVING_STARTUP_ATTEMPT phase=restart-first attempt=23 status=000 since_restart_seconds=22 time_total_seconds=0
curl: (7) Failed to connect to flow-http.wamn-receiving-journey.svc.cluster.local port 80 after 0 ms: Could not connect to server
RECEIVING_STARTUP_ATTEMPT phase=restart-first attempt=24 status=000 since_restart_seconds=23 time_total_seconds=0
curl: (7) Failed to connect to flow-http.wamn-receiving-journey.svc.cluster.local port 80 after 0 ms: Could not connect to server
RECEIVING_STARTUP_ATTEMPT phase=restart-first attempt=25 status=000 since_restart_seconds=24 time_total_seconds=0
curl: (7) Failed to connect to flow-http.wamn-receiving-journey.svc.cluster.local port 80 after 0 ms: Could not connect to server
RECEIVING_STARTUP_ATTEMPT phase=restart-first attempt=26 status=000 since_restart_seconds=25 time_total_seconds=0
curl: (7) Failed to connect to flow-http.wamn-receiving-journey.svc.cluster.local port 80 after 0 ms: Could not connect to server
RECEIVING_STARTUP_ATTEMPT phase=restart-first attempt=27 status=000 since_restart_seconds=26 time_total_seconds=0
curl: (7) Failed to connect to flow-http.wamn-receiving-journey.svc.cluster.local port 80 after 0 ms: Could not connect to server
RECEIVING_STARTUP_ATTEMPT phase=restart-first attempt=28 status=000 since_restart_seconds=27 time_total_seconds=0
curl: (7) Failed to connect to flow-http.wamn-receiving-journey.svc.cluster.local port 80 after 0 ms: Could not connect to server
RECEIVING_STARTUP_ATTEMPT phase=restart-first attempt=29 status=000 since_restart_seconds=28 time_total_seconds=0
curl: (7) Failed to connect to flow-http.wamn-receiving-journey.svc.cluster.local port 80 after 0 ms: Could not connect to server
RECEIVING_STARTUP_ATTEMPT phase=restart-first attempt=30 status=000 since_restart_seconds=29 time_total_seconds=0
curl: (7) Failed to connect to flow-http.wamn-receiving-journey.svc.cluster.local port 80 after 0 ms: Could not connect to server
RECEIVING_STARTUP_ATTEMPT phase=restart-first attempt=31 status=000 since_restart_seconds=30 time_total_seconds=0
curl: (7) Failed to connect to flow-http.wamn-receiving-journey.svc.cluster.local port 80 after 0 ms: Could not connect to server
RECEIVING_STARTUP_ATTEMPT phase=restart-first attempt=32 status=000 since_restart_seconds=31 time_total_seconds=0
curl: (7) Failed to connect to flow-http.wamn-receiving-journey.svc.cluster.local port 80 after 0 ms: Could not connect to server
RECEIVING_STARTUP_ATTEMPT phase=restart-first attempt=33 status=000 since_restart_seconds=32 time_total_seconds=0
curl: (7) Failed to connect to flow-http.wamn-receiving-journey.svc.cluster.local port 80 after 1 ms: Could not connect to server
RECEIVING_STARTUP_ATTEMPT phase=restart-first attempt=34 status=000 since_restart_seconds=33 time_total_seconds=0
curl: (7) Failed to connect to flow-http.wamn-receiving-journey.svc.cluster.local port 80 after 0 ms: Could not connect to server
RECEIVING_STARTUP_ATTEMPT phase=restart-first attempt=35 status=000 since_restart_seconds=34 time_total_seconds=0
curl: (7) Failed to connect to flow-http.wamn-receiving-journey.svc.cluster.local port 80 after 0 ms: Could not connect to server
RECEIVING_STARTUP_ATTEMPT phase=restart-first attempt=36 status=000 since_restart_seconds=35 time_total_seconds=0
curl: (7) Failed to connect to flow-http.wamn-receiving-journey.svc.cluster.local port 80 after 0 ms: Could not connect to server
RECEIVING_STARTUP_ATTEMPT phase=restart-first attempt=37 status=000 since_restart_seconds=36 time_total_seconds=0
curl: (7) Failed to connect to flow-http.wamn-receiving-journey.svc.cluster.local port 80 after 1 ms: Could not connect to server
RECEIVING_STARTUP_ATTEMPT phase=restart-first attempt=38 status=000 since_restart_seconds=37 time_total_seconds=0
curl: (7) Failed to connect to flow-http.wamn-receiving-journey.svc.cluster.local port 80 after 1 ms: Could not connect to server
RECEIVING_STARTUP_ATTEMPT phase=restart-first attempt=39 status=000 since_restart_seconds=38 time_total_seconds=0
curl: (7) Failed to connect to flow-http.wamn-receiving-journey.svc.cluster.local port 80 after 0 ms: Could not connect to server
RECEIVING_STARTUP_ATTEMPT phase=restart-first attempt=40 status=000 since_restart_seconds=39 time_total_seconds=0
curl: (7) Failed to connect to flow-http.wamn-receiving-journey.svc.cluster.local port 80 after 1 ms: Could not connect to server
RECEIVING_STARTUP_ATTEMPT phase=restart-first attempt=41 status=000 since_restart_seconds=40 time_total_seconds=0
curl: (7) Failed to connect to flow-http.wamn-receiving-journey.svc.cluster.local port 80 after 0 ms: Could not connect to server
RECEIVING_STARTUP_ATTEMPT phase=restart-first attempt=42 status=000 since_restart_seconds=41 time_total_seconds=0
curl: (7) Failed to connect to flow-http.wamn-receiving-journey.svc.cluster.local port 80 after 0 ms: Could not connect to server
RECEIVING_STARTUP_ATTEMPT phase=restart-first attempt=43 status=000 since_restart_seconds=42 time_total_seconds=0
curl: (7) Failed to connect to flow-http.wamn-receiving-journey.svc.cluster.local port 80 after 0 ms: Could not connect to server
RECEIVING_STARTUP_ATTEMPT phase=restart-first attempt=44 status=000 since_restart_seconds=43 time_total_seconds=0
curl: (7) Failed to connect to flow-http.wamn-receiving-journey.svc.cluster.local port 80 after 0 ms: Could not connect to server
RECEIVING_STARTUP_ATTEMPT phase=restart-first attempt=45 status=000 since_restart_seconds=44 time_total_seconds=0
curl: (7) Failed to connect to flow-http.wamn-receiving-journey.svc.cluster.local port 80 after 1 ms: Could not connect to server
RECEIVING_STARTUP_ATTEMPT phase=restart-first attempt=46 status=000 since_restart_seconds=46 time_total_seconds=0
RECEIVING_STARTUP_ATTEMPT phase=restart-first attempt=47 status=200 since_restart_seconds=47 time_total_seconds=0.099030
RECEIVING_STARTUP_REQUEST phase=restart-first status=200 time_starttransfer_seconds=0.098964 time_total_seconds=0.099030 recovery_seconds=47
RECEIVING_STARTUP_BODY [{"request_id":"startup-restart-first","value":{"created_at":"2026-08-31T12:00:00.000000+00:00","id":"00000000-0000-0000-0000-000000000301","purchase_order_number":"PO-301","row_version":"3","status":"complete","supplier_id":"00000000-0000-0000-0000-000000000402","updated_at":"2026-09-04T21:13:47.442662+00:00"}}]
