{
  "summary": {
    "successRate": 1.0,
    "total": 10.001464331,
    "slowest": 0.019489559,
    "fastest": 0.000298578,
    "average": 0.000844612479399725,
    "requestsPerSec": 9421.620362923235,
    "totalData": 3391992,
    "sizePerRequest": 36,
    "sizePerSec": 339149.53728189226
  },
  "metrics": {
    "success_rate": 1.0,
    "requests_per_sec": 9421.620362923235,
    "latency_ms": {
      "min": 0.299,
      "mean": 0.845,
      "p50": 0.726,
      "p95": 1.594,
      "p99": 2.966,
      "max": 19.49
    }
  },
  "responseTimeHistogram": {
    "0.000298578": 1,
    "0.0022176761": 92147,
    "0.0041367742": 1735,
    "0.0060558723": 226,
    "0.0079749704": 75,
    "0.0098940685": 18,
    "0.011813166600000001": 12,
    "0.0137322647": 3,
    "0.0156513628": 1,
    "0.0175704609": 3,
    "0.019489559": 1
  },
  "latencyPercentiles": {
    "p10": 0.000510046,
    "p25": 0.000578768,
    "p50": 0.000726488,
    "p75": 0.000919318,
    "p90": 0.001217445,
    "p95": 0.001594151,
    "p99": 0.002965787,
    "p99.9": 0.006331046,
    "p99.99": 0.011614833
  },
  "firstByteHistogram": {
    "0.000295289": 1,
    "0.0022143018000000004": 92180,
    "0.0041333146": 1705,
    "0.006052327400000001": 223,
    "0.007971340200000001": 75,
    "0.009890353000000001": 18,
    "0.011809365800000002": 12,
    "0.013728378600000002": 3,
    "0.015647391400000002": 1,
    "0.017566404200000003": 3,
    "0.019485417": 1
  },
  "firstBytePercentiles": {
    "p10": 0.000503535,
    "p25": 0.000571397,
    "p50": 0.000719029,
    "p75": 0.000911034,
    "p90": 0.001205586,
    "p95": 0.001579336,
    "p99": 0.002954792,
    "p99.9": 0.006323544,
    "p99.99": 0.011611502
  },
  "rps": {
    "mean": 9414.074422691952,
    "stddev": 2008.4131808815985,
    "max": 14358.652222598754,
    "min": 3131.7170911844414,
    "percentiles": {
      "p10": 6490.913026024995,
      "p25": 8222.198290946117,
      "p50": 9725.545116803569,
      "p75": 10879.895424057175,
      "p90": 11703.279258848606,
      "p95": 12211.136556539384,
      "p99": 13016.14001361676,
      "p99.9": 14290.74767682253,
      "p99.99": 14358.652222598754
    }
  },
  "details": {
    "DNSDialup": {
      "average": 0.00058208675,
      "fastest": 0.00034238,
      "slowest": 0.000796633
    },
    "DNSLookup": {
      "average": 0.000044737375,
      "fastest": 0.000017976,
      "slowest": 0.000083415
    },
    "firstByte": {
      "average": 0.0008364415502218187,
      "fastest": 0.000295289,
      "slowest": 0.019485417
    }
  },
  "statusCodeDistribution": {
    "404": 94222
  },
  "errorDistribution": {
    "aborted due to deadline": 8
  }
}