{
  "summary": {
    "successRate": 1.0,
    "total": 10.001532208,
    "slowest": 0.018705954,
    "fastest": 0.000212659,
    "average": 0.0004342801362759699,
    "requestsPerSec": 2281.150480298488,
    "totalData": 821304,
    "sizePerRequest": 36,
    "sizePerSec": 82117.81784225596
  },
  "metrics": {
    "success_rate": 1.0,
    "requests_per_sec": 2281.150480298488,
    "latency_ms": {
      "min": 0.213,
      "mean": 0.434,
      "p50": 0.382,
      "p95": 0.659,
      "p99": 1.447,
      "max": 18.706
    }
  },
  "responseTimeHistogram": {
    "0.000212659": 1,
    "0.0020619885": 22697,
    "0.0039113179999999996": 89,
    "0.0057606474999999996": 16,
    "0.0076099769999999995": 5,
    "0.0094593065": 3,
    "0.011308636": 1,
    "0.0131579655": 1,
    "0.015007295": 0,
    "0.0168566245": 0,
    "0.018705954": 1
  },
  "latencyPercentiles": {
    "p10": 0.00031187,
    "p25": 0.000340934,
    "p50": 0.000382044,
    "p75": 0.000442444,
    "p90": 0.00053675,
    "p95": 0.000659103,
    "p99": 0.001447049,
    "p99.9": 0.004066762,
    "p99.99": 0.01050336
  },
  "firstByteHistogram": {
    "0.000210569": 1,
    "0.0020264152": 22695,
    "0.0038422613999999997": 89,
    "0.005658107599999999": 17,
    "0.0074739538": 6,
    "0.0092898": 3,
    "0.0111056462": 1,
    "0.0129214924": 1,
    "0.0147373386": 0,
    "0.0165531848": 0,
    "0.018369031": 1
  },
  "firstBytePercentiles": {
    "p10": 0.000308401,
    "p25": 0.000337048,
    "p50": 0.000377729,
    "p75": 0.000437347,
    "p90": 0.000531021,
    "p95": 0.000651263,
    "p99": 0.001440318,
    "p99.9": 0.00405841,
    "p99.99": 0.010494195
  },
  "rps": {
    "mean": 2267.3247520272052,
    "stddev": 679.9973583094697,
    "max": 3754.0889130593523,
    "min": 53.439117134482956,
    "percentiles": {
      "p10": 1145.9541359984464,
      "p25": 2043.4634457596017,
      "p50": 2440.7788240470163,
      "p75": 2742.019529881756,
      "p90": 2923.3095937074304,
      "p95": 3018.0078492348152,
      "p99": 3223.320400767501,
      "p99.9": 3733.7442111407427,
      "p99.99": 3754.0889130593523
    }
  },
  "details": {
    "DNSDialup": {
      "average": 0.000410114,
      "fastest": 0.000410114,
      "slowest": 0.000410114
    },
    "DNSLookup": {
      "average": 0.000103826,
      "fastest": 0.000103826,
      "slowest": 0.000103826
    },
    "firstByte": {
      "average": 0.0004296258579381106,
      "fastest": 0.000210569,
      "slowest": 0.018369031
    }
  },
  "statusCodeDistribution": {
    "404": 22814
  },
  "errorDistribution": {
    "aborted due to deadline": 1
  }
}