{
  "summary": {
    "successRate": 1.0,
    "total": 10.001855312,
    "slowest": 0.035906695,
    "fastest": 0.004309773,
    "average": 0.010657808909933984,
    "requestsPerSec": 1500.2216620747693,
    "totalData": 4316832,
    "sizePerRequest": 288,
    "sizePerSec": 431603.1241544519
  },
  "metrics": {
    "success_rate": 1.0,
    "requests_per_sec": 1500.2216620747693,
    "latency_ms": {
      "min": 4.31,
      "mean": 10.658,
      "p50": 10.076,
      "p95": 16.039,
      "p99": 20.427,
      "max": 35.907
    }
  },
  "responseTimeHistogram": {
    "0.004309773": 1,
    "0.007469465200000001": 932,
    "0.0106291574": 7946,
    "0.0137888496": 4337,
    "0.0169485418": 1244,
    "0.020108234": 360,
    "0.0232679262": 120,
    "0.0264276184": 34,
    "0.0295873106": 8,
    "0.0327470028": 2,
    "0.035906695": 5
  },
  "latencyPercentiles": {
    "p10": 0.00781016,
    "p25": 0.008742997,
    "p50": 0.010075882,
    "p75": 0.011892574,
    "p90": 0.014181588,
    "p95": 0.016038888,
    "p99": 0.020427255,
    "p99.9": 0.026516175,
    "p99.99": 0.035633878
  },
  "firstByteHistogram": {
    "0.004291465": 1,
    "0.007451433": 921,
    "0.010611401": 7939,
    "0.013771369000000002": 4357,
    "0.016931337": 1243,
    "0.020091305": 356,
    "0.023251273000000003": 123,
    "0.026411241000000002": 34,
    "0.029571209": 8,
    "0.032731177": 2,
    "0.035891145": 5
  },
  "firstBytePercentiles": {
    "p10": 0.007800611,
    "p25": 0.008731702,
    "p50": 0.010063882,
    "p75": 0.011875698,
    "p90": 0.014167251,
    "p95": 0.01601908,
    "p99": 0.020393311,
    "p99.9": 0.026509787,
    "p99.99": 0.035626922
  },
  "rps": {
    "mean": 1496.4727531946146,
    "stddev": 341.54627415759126,
    "max": 2296.9266286460884,
    "min": 98.32325421654359,
    "percentiles": {
      "p10": 1014.0280642407065,
      "p25": 1283.5116879784412,
      "p50": 1545.271889994619,
      "p75": 1744.6107434771793,
      "p90": 1903.9510029633016,
      "p95": 1971.274791244752,
      "p99": 2105.115799788747,
      "p99.9": 2232.4273919734624,
      "p99.99": 2296.9266286460884
    }
  },
  "details": {
    "DNSDialup": {
      "average": 0.0013857015625,
      "fastest": 0.000586189,
      "slowest": 0.002063662
    },
    "DNSLookup": {
      "average": 0.000050452624999999994,
      "fastest": 0.000018359,
      "slowest": 0.000107329
    },
    "firstByte": {
      "average": 0.01064510016772305,
      "fastest": 0.004291465,
      "slowest": 0.035891145
    }
  },
  "statusCodeDistribution": {
    "200": 14989
  },
  "errorDistribution": {
    "aborted due to deadline": 16
  }
}