{
  "summary": {
    "successRate": 1.0,
    "total": 10.005444595,
    "slowest": 0.099451703,
    "fastest": 0.013530768,
    "average": 0.04702253656415354,
    "requestsPerSec": 1362.5581422751359,
    "totalData": 3907872,
    "sizePerRequest": 288,
    "sizePerSec": 390574.54797689576
  },
  "metrics": {
    "success_rate": 1.0,
    "requests_per_sec": 1362.5581422751359,
    "latency_ms": {
      "min": 13.531,
      "mean": 47.023,
      "p50": 47.165,
      "p95": 67.521,
      "p99": 86.023,
      "max": 99.452
    }
  },
  "responseTimeHistogram": {
    "0.013530768": 1,
    "0.0221228615": 15,
    "0.030714955000000002": 721,
    "0.0393070485": 3395,
    "0.047899142": 3009,
    "0.0564912355": 3980,
    "0.065083329": 1553,
    "0.0736754225": 559,
    "0.082267516": 168,
    "0.0908596095": 114,
    "0.099451703": 54
  },
  "latencyPercentiles": {
    "p10": 0.031958477,
    "p25": 0.037241101,
    "p50": 0.047164519,
    "p75": 0.053921491,
    "p90": 0.061142502,
    "p95": 0.067521425,
    "p99": 0.086023167,
    "p99.9": 0.094436791,
    "p99.99": 0.098723524
  },
  "firstByteHistogram": {
    "0.013508539": 1,
    "0.0221020571": 16,
    "0.0306955752": 718,
    "0.039289093299999994": 3399,
    "0.0478826114": 3003,
    "0.0564761295": 3985,
    "0.0650696476": 1552,
    "0.07366316569999999": 558,
    "0.0822566838": 169,
    "0.0908502019": 114,
    "0.09944372": 54
  },
  "firstBytePercentiles": {
    "p10": 0.031953583,
    "p25": 0.03723285,
    "p50": 0.047155963,
    "p75": 0.053908004,
    "p90": 0.061134514,
    "p95": 0.067514102,
    "p99": 0.086011101,
    "p99.9": 0.094428097,
    "p99.99": 0.098701235
  },
  "rps": {
    "mean": 1348.3877749433022,
    "stddev": 496.90044573860445,
    "max": 2837.8829873171935,
    "min": 68.54856703676266,
    "percentiles": {
      "p10": 678.8592503466127,
      "p25": 1008.7252718565195,
      "p50": 1328.7426976646,
      "p75": 1727.3010759473577,
      "p90": 2003.6785428911585,
      "p95": 2126.259087099774,
      "p99": 2366.175587580551,
      "p99.9": 2799.3940245069325,
      "p99.99": 2837.8829873171935
    }
  },
  "details": {
    "DNSDialup": {
      "average": 0.0031680769999999996,
      "fastest": 0.000321616,
      "slowest": 0.004912814
    },
    "DNSLookup": {
      "average": 0.00003186939062500001,
      "fastest": 0.000010679,
      "slowest": 0.000124043
    },
    "firstByte": {
      "average": 0.04701031201164412,
      "fastest": 0.013508539,
      "slowest": 0.09944372
    }
  },
  "statusCodeDistribution": {
    "200": 13569
  },
  "errorDistribution": {
    "aborted due to deadline": 64
  }
}