{
  "summary": {
    "successRate": 1.0,
    "total": 10.002915152,
    "slowest": 0.087607707,
    "fastest": 0.00981654,
    "average": 0.051606733716158204,
    "requestsPerSec": 1241.9379562083084,
    "totalData": 3559392,
    "sizePerRequest": 288,
    "sizePerSec": 355835.46855221794
  },
  "metrics": {
    "success_rate": 1.0,
    "requests_per_sec": 1241.9379562083084,
    "latency_ms": {
      "min": 9.817,
      "mean": 51.607,
      "p50": 51.371,
      "p95": 62.088,
      "p99": 69.18,
      "max": 87.608
    }
  },
  "responseTimeHistogram": {
    "0.00981654": 1,
    "0.0175956567": 1,
    "0.0253747734": 13,
    "0.0331538901": 136,
    "0.040933006800000005": 549,
    "0.0487121235": 2614,
    "0.0564912402": 6702,
    "0.0642703569": 1999,
    "0.07204947360000001": 255,
    "0.0798285903": 41,
    "0.087607707": 48
  },
  "latencyPercentiles": {
    "p10": 0.045080674,
    "p25": 0.048455,
    "p50": 0.051371009,
    "p75": 0.055047961,
    "p90": 0.059434398,
    "p95": 0.062088278,
    "p99": 0.069179526,
    "p99.9": 0.083808704,
    "p99.99": 0.086755141
  },
  "firstByteHistogram": {
    "0.009807028": 1,
    "0.017586587": 1,
    "0.025366146": 13,
    "0.033145705000000004": 136,
    "0.040925264": 549,
    "0.048704823": 2618,
    "0.05648438200000001": 6704,
    "0.064263941": 1994,
    "0.0720435": 254,
    "0.079823059": 41,
    "0.087602618": 48
  },
  "firstBytePercentiles": {
    "p10": 0.045069264,
    "p25": 0.048433733,
    "p50": 0.051358957,
    "p75": 0.055036611,
    "p90": 0.059423674,
    "p95": 0.062077729,
    "p99": 0.069166817,
    "p99.9": 0.08379937,
    "p99.99": 0.086747674
  },
  "rps": {
    "mean": 1234.835566129336,
    "stddev": 416.3389553812182,
    "max": 2618.088899826652,
    "min": 58.656919607230925,
    "percentiles": {
      "p10": 721.7061049841025,
      "p25": 928.5995666122992,
      "p50": 1214.209250640782,
      "p75": 1503.2052382770464,
      "p90": 1806.2935090949115,
      "p95": 1970.626821906194,
      "p99": 2295.2027696886403,
      "p99.9": 2575.2933844458817,
      "p99.99": 2618.088899826652
    }
  },
  "details": {
    "DNSDialup": {
      "average": 0.005222643015625,
      "fastest": 0.00048434,
      "slowest": 0.007156281
    },
    "DNSLookup": {
      "average": 0.000024533703125,
      "fastest": 0.000012209,
      "slowest": 0.000079581
    },
    "firstByte": {
      "average": 0.05159319629282321,
      "fastest": 0.009807028,
      "slowest": 0.087602618
    }
  },
  "statusCodeDistribution": {
    "200": 12359
  },
  "errorDistribution": {
    "aborted due to deadline": 64
  }
}