{
  "summary": {
    "successRate": 1.0,
    "total": 10.002396149,
    "slowest": 0.004686933,
    "fastest": 0.000232902,
    "average": 0.0004183543266055826,
    "requestsPerSec": 2367.8326320206615,
    "totalData": 852588,
    "sizePerRequest": 36,
    "sizePerSec": 85238.37561515081
  },
  "metrics": {
    "success_rate": 1.0,
    "requests_per_sec": 2367.8326320206615,
    "latency_ms": {
      "min": 0.233,
      "mean": 0.418,
      "p50": 0.398,
      "p95": 0.569,
      "p99": 0.813,
      "max": 4.687
    }
  },
  "responseTimeHistogram": {
    "0.000232902": 1,
    "0.0006783051": 23232,
    "0.0011237081999999998": 362,
    "0.0015691112999999999": 46,
    "0.0020145144": 26,
    "0.0024599175": 6,
    "0.0029053205999999996": 2,
    "0.0033507236999999997": 4,
    "0.0037961267999999998": 0,
    "0.0042415299": 2,
    "0.004686933": 2
  },
  "latencyPercentiles": {
    "p10": 0.000328216,
    "p25": 0.0003572,
    "p50": 0.000397513,
    "p75": 0.000449522,
    "p90": 0.000515398,
    "p95": 0.000568929,
    "p99": 0.000812551,
    "p99.9": 0.001851192,
    "p99.99": 0.004166055
  },
  "firstByteHistogram": {
    "0.000231192": 1,
    "0.0006758762": 23251,
    "0.0011205604000000002": 345,
    "0.0015652446000000003": 45,
    "0.0020099288": 25,
    "0.002454613": 6,
    "0.0028992972000000004": 2,
    "0.0033439814000000003": 4,
    "0.0037886656000000003": 0,
    "0.0042333498": 2,
    "0.004678034": 2
  },
  "firstBytePercentiles": {
    "p10": 0.00032438,
    "p25": 0.000353262,
    "p50": 0.000393018,
    "p75": 0.000444375,
    "p90": 0.000510059,
    "p95": 0.000562526,
    "p99": 0.000804659,
    "p99.9": 0.001843783,
    "p99.99": 0.004158744
  },
  "rps": {
    "mean": 2365.5991719788203,
    "stddev": 345.2201578731804,
    "max": 3540.1839196349943,
    "min": 718.0917470946845,
    "percentiles": {
      "p10": 1916.0132725264605,
      "p25": 2190.44089507254,
      "p50": 2423.8002004588466,
      "p75": 2603.6414529361086,
      "p90": 2732.731012428276,
      "p95": 2804.365836734632,
      "p99": 3049.581996950421,
      "p99.9": 3256.7246529883514,
      "p99.99": 3540.1839196349943
    }
  },
  "details": {
    "DNSDialup": {
      "average": 0.00031929,
      "fastest": 0.00031929,
      "slowest": 0.00031929
    },
    "DNSLookup": {
      "average": 0.000060255,
      "fastest": 0.000060255,
      "slowest": 0.000060255
    },
    "firstByte": {
      "average": 0.00041361341472786464,
      "fastest": 0.000231192,
      "slowest": 0.004678034
    }
  },
  "statusCodeDistribution": {
    "404": 23683
  },
  "errorDistribution": {
    "aborted due to deadline": 1
  }
}