{
  "summary": {
    "successRate": 1.0,
    "total": 10.003737502,
    "slowest": 0.201515489,
    "fastest": 0.00991729,
    "average": 0.05525833406254336,
    "requestsPerSec": 1160.3663128584958,
    "totalData": 3324672,
    "sizePerRequest": 288,
    "sizePerSec": 332342.9867422365
  },
  "metrics": {
    "success_rate": 1.0,
    "requests_per_sec": 1160.3663128584958,
    "latency_ms": {
      "min": 9.917,
      "mean": 55.258,
      "p50": 53.485,
      "p95": 68.715,
      "p99": 98.87,
      "max": 201.515
    }
  },
  "responseTimeHistogram": {
    "0.00991729": 1,
    "0.029077109900000002": 20,
    "0.0482369298": 2060,
    "0.0673967497": 8758,
    "0.0865565696": 527,
    "0.1057163895": 91,
    "0.1248762094": 21,
    "0.1440360293": 7,
    "0.1631958492": 26,
    "0.18235566909999998": 28,
    "0.201515489": 5
  },
  "latencyPercentiles": {
    "p10": 0.046271655,
    "p25": 0.049534387,
    "p50": 0.053485432,
    "p75": 0.058490491,
    "p90": 0.064340448,
    "p95": 0.068715012,
    "p99": 0.098870469,
    "p99.9": 0.178919245,
    "p99.99": 0.184328062
  },
  "firstByteHistogram": {
    "0.009908159": 1,
    "0.029068051": 21,
    "0.048227943": 2057,
    "0.06738783500000001": 8760,
    "0.086547727": 527,
    "0.105707619": 91,
    "0.12486751100000001": 21,
    "0.144027403": 7,
    "0.163187295": 26,
    "0.18234718700000002": 28,
    "0.201507079": 5
  },
  "firstBytePercentiles": {
    "p10": 0.046250313,
    "p25": 0.049524893,
    "p50": 0.053469539,
    "p75": 0.05848228,
    "p90": 0.06433215,
    "p95": 0.068707439,
    "p99": 0.098845054,
    "p99.9": 0.178910327,
    "p99.99": 0.184314847
  },
  "rps": {
    "mean": 1152.3604186707441,
    "stddev": 539.9327068527521,
    "max": 3197.7904181857375,
    "min": 34.274218908545116,
    "percentiles": {
      "p10": 522.0542469177367,
      "p25": 752.4038928173616,
      "p50": 1073.0856072286413,
      "p75": 1511.4081084021873,
      "p90": 1913.3334467906668,
      "p95": 2136.015789428656,
      "p99": 2504.9918224542253,
      "p99.9": 3098.0284810606963,
      "p99.99": 3197.7904181857375
    }
  },
  "details": {
    "DNSDialup": {
      "average": 0.010499726828125002,
      "fastest": 0.000700552,
      "slowest": 0.063310936
    },
    "DNSLookup": {
      "average": 0.00004556023437500001,
      "fastest": 0.000019916,
      "slowest": 0.000247275
    },
    "firstByte": {
      "average": 0.05524419129209983,
      "fastest": 0.009908159,
      "slowest": 0.201507079
    }
  },
  "statusCodeDistribution": {
    "200": 11544
  },
  "errorDistribution": {
    "aborted due to deadline": 64
  }
}