{
  "summary": {
    "successRate": 1.0,
    "total": 10.004517612,
    "slowest": 0.109672336,
    "fastest": 0.006193153,
    "average": 0.028227655628753057,
    "requestsPerSec": 1135.0872116391652,
    "totalData": 3261312,
    "sizePerRequest": 288,
    "sizePerSec": 325983.93310719874
  },
  "metrics": {
    "success_rate": 1.0,
    "requests_per_sec": 1135.0872116391652,
    "latency_ms": {
      "min": 6.193,
      "mean": 28.228,
      "p50": 26.878,
      "p95": 41.021,
      "p99": 56.764,
      "max": 109.672
    }
  },
  "responseTimeHistogram": {
    "0.006193153": 1,
    "0.0165410713": 159,
    "0.0268889896": 5514,
    "0.0372369079": 4639,
    "0.0475848262": 765,
    "0.0579327445": 143,
    "0.0682806628": 74,
    "0.07862858110000001": 27,
    "0.08897649939999999": 0,
    "0.0993244177": 0,
    "0.10967233600000001": 2
  },
  "latencyPercentiles": {
    "p10": 0.021145153,
    "p25": 0.024036305,
    "p50": 0.026877768,
    "p75": 0.030924559,
    "p90": 0.036483648,
    "p95": 0.041020852,
    "p99": 0.056764472,
    "p99.9": 0.073089695,
    "p99.99": 0.105399857
  },
  "firstByteHistogram": {
    "0.006184149": 1,
    "0.0165317039": 160,
    "0.0268792588": 5512,
    "0.0372268137": 4641,
    "0.0475743686": 764,
    "0.0579219235": 143,
    "0.0682694784": 74,
    "0.0786170333": 27,
    "0.0889645882": 0,
    "0.0993121431": 0,
    "0.109659698": 2
  },
  "firstBytePercentiles": {
    "p10": 0.021131285,
    "p25": 0.024024478,
    "p50": 0.026868259,
    "p75": 0.030912933,
    "p90": 0.036456775,
    "p95": 0.04101259,
    "p99": 0.056753813,
    "p99.9": 0.073083469,
    "p99.99": 0.105394877
  },
  "rps": {
    "mean": 1132.1301942305201,
    "stddev": 480.1239372444806,
    "max": 3898.2180465662072,
    "min": 40.95036794929368,
    "percentiles": {
      "p10": 523.6158059085831,
      "p25": 780.143273312135,
      "p50": 1114.6638487964033,
      "p75": 1450.3371412281037,
      "p90": 1739.143244840266,
      "p95": 1924.8999279986092,
      "p99": 2354.3465828893477,
      "p99.9": 2743.321919523797,
      "p99.99": 3898.2180465662072
    }
  },
  "details": {
    "DNSDialup": {
      "average": 0.001569071,
      "fastest": 0.000485155,
      "slowest": 0.002506298
    },
    "DNSLookup": {
      "average": 0.00002589284375,
      "fastest": 0.00001239,
      "slowest": 0.000083875
    },
    "firstByte": {
      "average": 0.02821347437530907,
      "fastest": 0.006184149,
      "slowest": 0.109659698
    }
  },
  "statusCodeDistribution": {
    "200": 11324
  },
  "errorDistribution": {
    "aborted due to deadline": 32
  }
}