   Compiling ring v0.17.14
warning: function `canonical_serialized` is never used
   --> crates/catalog/model/src/lib.rs:791:4
    |
791 | fn canonical_serialized(value: &impl Serialize) -> Vec<u8> {
    |    ^^^^^^^^^^^^^^^^^^^^
    |
    = note: `#[warn(dead_code)]` (part of `#[warn(unused)]`) on by default

warning: `wamn-catalog` (lib) generated 1 warning
   Compiling rustls v0.23.43
   Compiling rustls-webpki v0.103.15
   Compiling wamn-platform-identity v0.1.0 (/home/kaalin/.cache/wamn-lanes/native-c-completion-20260911/crates/identity/platform)
   Compiling rcgen v0.14.8
   Compiling tokio-rustls v0.26.4
   Compiling hyper-rustls v0.27.9
   Compiling rustls-platform-verifier v0.7.0
   Compiling reqwest v0.13.4
   Compiling async-nats v0.49.1
   Compiling tonic v0.14.6
   Compiling tonic-prost v0.14.6
   Compiling opentelemetry-proto v0.31.0
   Compiling wamn-control-provision v0.1.0 (/home/kaalin/.cache/wamn-lanes/native-c-completion-20260911/crates/control/provision)
   Compiling oci-client v0.17.0
   Compiling oci-wasm v0.6.0
   Compiling opentelemetry-otlp v0.31.1
   Compiling wasmtime-wasi-http v47.0.4
   Compiling object_store v0.14.1
   Compiling wash-runtime v2.9.0 (https://github.com/wasmCloud/wasmCloud?rev=68ebece9c537f8bb4b5c9999f274ec68d60f35a9#68ebece9)
   Compiling wamn-client-terminal v0.1.0 (/home/kaalin/.cache/wamn-lanes/native-c-completion-20260911/crates/client/terminal)
   Compiling pg_walstream v0.8.0 (https://github.com/dkkloimwieder/pg-walstream?rev=0b007cd627bb913d4b159c705a106b6d4152c91a#0b007cd6)
   Compiling wamn-cdc-reader v0.1.0 (/home/kaalin/.cache/wamn-lanes/native-c-completion-20260911/services/cdc-reader)
   Compiling wamn-test-infrastructure v0.1.0 (/home/kaalin/.cache/wamn-lanes/native-c-completion-20260911/test-support/infrastructure)
   Compiling wamn-runtime v0.1.0 (/home/kaalin/.cache/wamn-lanes/native-c-completion-20260911/crates/platform/runtime)
warning: the item `Future` is imported redundantly
 --> crates/platform/runtime/src/connection_authority.rs:3:5
  |
3 | use std::future::Future;
  |     ^^^^^^^^^^^^^^^^^^^
  |
 --> /rustc/88d9e12ae178fab0fb5cc050a94da85685d449ea/library/std/src/prelude/mod.rs:166:12
  |
  = note: the item `Future` is already defined here
  |
  = note: requested on the command line with `-W redundant-imports`

warning: constant `HTTP_CONTRACT` is never used
  --> crates/platform/runtime/src/plugins/connection_http.rs:56:7
   |
56 | const HTTP_CONTRACT: &str = "wamn:connection/http@0.1.0";
   |       ^^^^^^^^^^^^^
   |
   = note: `#[warn(dead_code)]` (part of `#[warn(unused)]`) on by default

warning: type does not implement `std::fmt::Debug`; consider adding `#[derive(Debug)]` or a manual implementation
   --> crates/platform/runtime/src/plugins/connection_http.rs:131:1
    |
131 | / pub struct ConnectionHttp {
132 | |     postgres: Arc<WamnPostgres>,
133 | |     transport: Arc<HttpTransport>,
134 | |     vault: Arc<WamnCredentials>,
...   |
151 | |     invocations: std::sync::RwLock<HashMap<String, ConnectionInvocation>>,
152 | | }
    | |_^
    |
    = note: requested on the command line with `-W missing-debug-implementations`

warning: type does not implement `std::fmt::Debug`; consider adding `#[derive(Debug)]` or a manual implementation
  --> crates/platform/runtime/src/plugins/wamn_credentials.rs:27:1
   |
27 | / pub struct WamnCredentials {
28 | |     /// Whether ANY backing source was configured. Distinguishes `unavailable`
29 | |     /// (no source — retryable) from `not-found` (source present, name absent —
30 | |     /// config-shaped).
...  |
33 | |     projects: HashMap<String, HashMap<String, String>>,
34 | | }
   | |_^

warning: type does not implement `std::fmt::Debug`; consider adding `#[derive(Debug)]` or a manual implementation
   --> crates/platform/runtime/src/plugins/wamn_jetstream.rs:507:1
    |
507 | / pub struct WamnJetstream {
508 | |     nats_url: Option<String>,
509 | |     stream_replicas: Option<usize>,
510 | |     dup_window_secs: Option<u64>,
...   |
536 | |     release: Option<Arc<ReleaseManifestWeld>>,
537 | | }
    | |_^

warning: type does not implement `std::fmt::Debug`; consider adding `#[derive(Debug)]` or a manual implementation
   --> crates/platform/runtime/src/plugins/wamn_logging.rs:213:1
    |
213 | / pub struct Capture {
214 | |     records: std::sync::Mutex<Vec<CapturedRec>>,
215 | | }
    | |_^

warning: type does not implement `std::fmt::Debug`; consider adding `#[derive(Debug)]` or a manual implementation
   --> crates/platform/runtime/src/plugins/wamn_logging.rs:235:1
    |
235 | / pub struct WamnLogging {
236 | |     /// component id → host-trusted {tenant, project}.
237 | |     claims: std::sync::RwLock<HashMap<String, Claim>>,
238 | |     /// Bounded front queue; `try_send` keeps `log()` non-blocking.
...   |
243 | |     _drain: tokio::task::JoinHandle<()>,
244 | | }
    | |_^

warning: type does not implement `std::fmt::Debug`; consider adding `#[derive(Debug)]` or a manual implementation
   --> crates/platform/runtime/src/plugins/wamn_postgres/claims.rs:54:1
    |
 54 | / pub struct WamnPostgres {
 55 | |     /// Resolves a project id → its database connection + policy.
 56 | |     provider: Arc<dyn CredentialProvider>,
 57 | |     /// Guest-visible project pools, built lazily and never shared with host-owned
...   |
117 | |     pub(super) bind_counters: super::BindCounters,
118 | | }
    | |_^

warning: type does not implement `std::fmt::Debug`; consider adding `#[derive(Debug)]` or a manual implementation
   --> crates/platform/runtime/src/plugins/wamn_postgres/pool.rs:248:1
    |
248 | / pub struct StaticCredentialProvider {
249 | |     projects: HashMap<String, ProjectConfig>,
250 | | }
    | |_^

warning: type does not implement `std::fmt::Debug`; consider adding `#[derive(Debug)]` or a manual implementation
   --> crates/platform/runtime/src/plugins/wamn_postgres/pool.rs:423:1
    |
423 | / pub struct K8sSecretProvider {
424 | |     pub namespace: String,
425 | | }
    | |_^

warning: type does not implement `std::fmt::Debug`; consider adding `#[derive(Debug)]` or a manual implementation
   --> crates/platform/runtime/src/plugins/wamn_postgres/resources.rs:99:1
    |
 99 | / pub struct PgTransaction {
100 | |     state: SharedTxnState,
101 | |     destroyed: Arc<AtomicU64>,
102 | |     cursor_seq: u32,
103 | |     /// Row limit of the project this transaction's connection belongs to.
104 | |     row_limit: u64,
105 | | }
    | |_^

warning: type does not implement `std::fmt::Debug`; consider adding `#[derive(Debug)]` or a manual implementation
   --> crates/platform/runtime/src/plugins/wamn_postgres/resources.rs:145:1
    |
145 | / pub struct PgCursor {
146 | |     state: SharedTxnState,
147 | |     destroyed: Arc<AtomicU64>,
148 | |     name: String,
149 | | }
    | |_^

warning: `wamn-runtime` (lib) generated 12 warnings
   Compiling wamn-ctl v0.1.0 (/home/kaalin/.cache/wamn-lanes/native-c-completion-20260911/services/ctl)
warning: function `run_once_stages` is never used
   --> services/ctl/src/dev.rs:604:10
    |
604 | async fn run_once_stages<R>(
    |          ^^^^^^^^^^^^^^^
    |
    = note: `#[warn(dead_code)]` (part of `#[warn(unused)]`) on by default

warning: function `verify_source_package_with_client` is never used
    --> services/ctl/src/push_component.rs:1301:10
     |
1301 | async fn verify_source_package_with_client(
     |          ^^^^^^^^^^^^^^^^^^^^^^^^^^^^^^^^^

warning: `wamn-ctl` (lib) generated 2 warnings
   Compiling wamn-gate-harness v0.1.0 (/home/kaalin/.cache/wamn-lanes/native-c-completion-20260911/test-support/harness)
warning: type does not implement `std::fmt::Debug`; consider adding `#[derive(Debug)]` or a manual implementation
  --> test-support/harness/src/ceiling.rs:72:1
   |
72 | / pub struct Ramp {
73 | |     tolerance: f64,
74 | |     max_levels: usize,
75 | |     levels: Vec<LevelStats>,
...  |
82 | |     retrying: bool,
83 | | }
   | |_^
   |
   = note: requested on the command line with `-W missing-debug-implementations`

warning: `wamn-gate-harness` (lib) generated 1 warning
   Compiling wamn-wms-tests v0.1.0 (/home/kaalin/.cache/wamn-lanes/native-c-completion-20260911/apps/wamn_wms/tests)
    Finished `test` profile [unoptimized + debuginfo] target(s) in 1m 36s
     Running unittests lib.rs (target/debug/deps/wamn_wms_tests-f5db035c850a4471)

running 1 test
test cluster::wms_browser_demo has been running for over 60 seconds
prepared identity database generation a
recorded org "acme" (template "trials") in registry.orgs + 2 env policy row(s) stamped insert-if-absent (wamn_system)
org "acme" (template "trials", pooled): placed on the shared pool "route-auth-pg18" (owns no clusters)
project-env acme/wms/dev: database "wamn-db-acme--wms--dev--xrbp8z33" on cluster "route-auth-pg18" (owner wamn_db_owner)
wrote /tmp/wamn-wms-5c7377dcc0554244847d78afac98d3ad/database.json (Database CR (kubectl apply))
wrote /tmp/wamn-wms-5c7377dcc0554244847d78afac98d3ad/roles.sql (role SQL (psql the TARGET cluster BEFORE the Database CR))
wrote /tmp/wamn-wms-5c7377dcc0554244847d78afac98d3ad/privileges.sql (privilege SQL (psql the TARGET cluster AFTER the Database is ready))
wrote /tmp/wamn-wms-5c7377dcc0554244847d78afac98d3ad/project-db.json (database credential Secret; kubectl apply)
recorded project "wms" + project-env acme/wms/dev in the registry (wamn_system)
environment namespace "wamn-acme--wms--dev--xrbp8z33" (instance suffix "xrbp8z33")
wrote /tmp/wamn-wms-5c7377dcc0554244847d78afac98d3ad/management-author-pat.json (management-author PAT Secret; kubectl apply)
wrote /tmp/wamn-wms-5c7377dcc0554244847d78afac98d3ad/route-caller-pat.json (route-caller PAT Secret; kubectl apply)
aborted identity database generation a
applied EnsureSchema: wamn_run
applied RepairHelperFunction: require_executor_platform_authority
applied RepairHelperFunction: require_management_admission_authority
applied RepairHelperFunction: pin_run_durability_class
applied RepairHelperFunction: guard_event_lineage_immutable
applied RepairHelperFunction: guard_run_admission_pins_immutable
applied RepairHelperFunction: guard_terminal_run_delete
applied RepairHelperFunction: reject_immutable_effect_fact_change
applied RepairHelperFunction: reject_immutable_operator_run_action_change
applied CreateTable: environment_policies
applied CreateTable: runs
applied CreateTable: effect_attempts
applied CreateTable: effect_attempt_dispatches
applied CreateTable: effect_attempt_outcomes
applied CreateTable: operator_run_actions
applied CreateTable: run_queue
applied RepairEffectWriterPrivilege: wamn_run.usage
applied RepairAuthoringPrivilege: wamn_run.usage
applied RepairDispatchReaderPrivilege: wamn_run.dispatch-reader-read-surface
  converged environment policy tenant="wms-route-auth" environment="dev" durability_class=standard
prepared and authenticated app credential generation a for acme/wms/dev; wrote /tmp/wamn-wms-5c7377dcc0554244847d78afac98d3ad/host-secrets/guest-sql.json
prepared and authenticated executor-platform credential generation a for acme/wms/dev; wrote /tmp/wamn-wms-5c7377dcc0554244847d78afac98d3ad/host-secrets/executor-platform.json
prepared and authenticated event-materializer credential generation a for acme/wms/dev; wrote /tmp/wamn-wms-5c7377dcc0554244847d78afac98d3ad/host-secrets/event-materializer.json
prepared and authenticated http-admitter credential generation a for acme/wms/dev; wrote /tmp/wamn-wms-5c7377dcc0554244847d78afac98d3ad/host-secrets/http-admitter.json
prepared and authenticated identity-reader credential generation a for acme/wms/dev; wrote /tmp/wamn-wms-5c7377dcc0554244847d78afac98d3ad/host-secrets/identity-reader.json
prepared and authenticated control-author credential generation a for acme/wms/dev; wrote /tmp/wamn-wms-5c7377dcc0554244847d78afac98d3ad/gate-credentials/control-author.json
prepared and authenticated management-admitter credential generation a for acme/wms/dev; wrote /tmp/wamn-wms-5c7377dcc0554244847d78afac98d3ad/gate-credentials/management-admitter.json
applied wamn_wms@1.0.0: 1 migration(s)
projected sha256:9a082477d214b2e700e04347fcae148c63b22aead4c34ee35e43d64084b8f6ce (source-project: already converged; control: changed)
sha256:9a082477d214b2e700e04347fcae148c63b22aead4c34ee35e43d64084b8f6ce
projected sha256:ca30504d1d8f900f9435207203bb99843b9e453c510498193caeed6997658886 (source-project: already converged; control: changed)
sha256:ca30504d1d8f900f9435207203bb99843b9e453c510498193caeed6997658886
projected sha256:690b39e18724a41e7a52b14a4f0eaf0bfe1b8e733e9eb10c54fb0a6e206f04c6 (source-project: already converged; control: changed)
sha256:690b39e18724a41e7a52b14a4f0eaf0bfe1b8e733e9eb10c54fb0a6e206f04c6
sha256:fcc8980cffa3dea8bf0aa66cb042dd1ab7a0ff9534c2bf88889eb9d078e42462
sha256:c82ec528498ac7d88cdcc7c97c0a830c8e5873ef90fec28e265b84b55eceab72
sha256:679dd5e4bd8e71fd32e7ee259dc401dfad1b9792ac0734ed5a5e8157262882d7
sha256:f2f045927da9516d00f9364315025e444a2114412652dea18770eb48b0509a3e
sha256:cb214595afd1ba0819d5bea1f8818df84c973f9cc5a968d99f64499581f89b6b
sha256:09912d05e153e21099fffd2f19a2f732dbbe5453dc7d416b668ab6a5996fba2c
sha256:b6f19def680f78e1da3ab4064bde4efee2392954a3828b1680eca54e6c3de57d
sha256:dbb814b0540cce73436cc9cb887fa585e5c2e6c4ba695da127310991467dfd49
sha256:f34520bfeeddf5563cdf148709222253b346640b333e1d0fdc7dd26d9433a908
bound sha256:690b39e18724a41e7a52b14a4f0eaf0bfe1b8e733e9eb10c54fb0a6e206f04c6:labels to labels-store generation 1 in release 1 (definition sha256:cc58d3cfd3d7066f6d17ce3d0f5b6d3146c93172fa318fdb6882342cc042c552, validation sha256:f18807c95975b5becf6814ad593ed09181713b68424287eeb8a6745abddc03de)
sha256:f34520bfeeddf5563cdf148709222253b346640b333e1d0fdc7dd26d9433a908
cdc for project-env acme/wms/dev: publication/slot/role "wamn_cdc_acme__wms__dev__xrbp8z33" over schema "wms" on cluster "route-auth-pg18"; stream "EVT_4_acme_3_wms_3_dev"; replication secret "wamn-cdc-acme--wms--dev"
wrote /tmp/wamn-wms-5c7377dcc0554244847d78afac98d3ad/cdc-role.sql (replication-role SQL (psql the TARGET cluster — roles are cluster-global))
wrote /tmp/wamn-wms-5c7377dcc0554244847d78afac98d3ad/cdc.sql (CDC SQL (psql the PROJECT-ENV database — publication + slot are database-bound))
wrote /tmp/wamn-wms-5c7377dcc0554244847d78afac98d3ad/cdc-reader.json (replication-credential Secret (kubectl apply))
recorded event-reader registration for acme/wms/dev in the registry (wamn_system)
prepared and authenticated registry-reader credential generation a for acme/wms/dev; wrote /tmp/wamn-wms-5c7377dcc0554244847d78afac98d3ad/registry-reader.json
WMS browser route: http://127.0.0.1:8080/. The private caller token is in /tmp/wamn-wms-5c7377dcc0554244847d78afac98d3ad/route-caller-pat.json. Use /pallet/get to read pallet 00000000-0000-0000-0000-000000000301 before sending /inventory/move with its current row_version. The environment remains available for 1 seconds or until interrupted.
test cluster::wms_browser_demo ... ok

test result: ok. 1 passed; 0 failed; 0 ignored; 0 measured; 23 filtered out; finished in 397.74s

