{
  "summary": {
    "successRate": 1.0,
    "total": 10.001580049,
    "slowest": 0.037808336,
    "fastest": 0.000305508,
    "average": 0.001291690836000658,
    "requestsPerSec": 12346.649168932729,
    "totalData": 4444920,
    "sizePerRequest": 36,
    "sizePerSec": 444421.77918122266
  },
  "metrics": {
    "success_rate": 1.0,
    "requests_per_sec": 12346.649168932729,
    "latency_ms": {
      "min": 0.306,
      "mean": 1.292,
      "p50": 1.257,
      "p95": 2.061,
      "p99": 2.869,
      "max": 37.808
    }
  },
  "responseTimeHistogram": {
    "0.000305508": 1,
    "0.0040557907999999995": 123127,
    "0.0078060735999999995": 322,
    "0.011556356399999999": 15,
    "0.015306639199999998": 2,
    "0.019056921999999997": 0,
    "0.022807204799999998": 2,
    "0.026557487599999995": 0,
    "0.030307770399999996": 0,
    "0.0340580532": 0,
    "0.037808336": 1
  },
  "latencyPercentiles": {
    "p10": 0.000679917,
    "p25": 0.000982634,
    "p50": 0.001257036,
    "p75": 0.001544523,
    "p90": 0.001839355,
    "p95": 0.002060519,
    "p99": 0.002869404,
    "p99.9": 0.005299484,
    "p99.99": 0.009004128
  },
  "firstByteHistogram": {
    "0.000297295": 1,
    "0.0040478983": 123148,
    "0.0077985015999999996": 301,
    "0.0115491049": 15,
    "0.015299708199999998": 2,
    "0.019050311499999997": 0,
    "0.0228009148": 2,
    "0.026551518099999998": 0,
    "0.030302121399999996": 0,
    "0.0340527247": 0,
    "0.037803328": 1
  },
  "firstBytePercentiles": {
    "p10": 0.000672423,
    "p25": 0.000975047,
    "p50": 0.001248846,
    "p75": 0.001535751,
    "p90": 0.001828908,
    "p95": 0.002048469,
    "p99": 0.002840016,
    "p99.9": 0.005251637,
    "p99.99": 0.008817042
  },
  "rps": {
    "mean": 12344.891591296815,
    "stddev": 1528.42962965906,
    "max": 16582.332941286742,
    "min": 6510.878903543161,
    "percentiles": {
      "p10": 10511.39450324826,
      "p25": 11589.339903447237,
      "p50": 12400.906506265981,
      "p75": 13233.43559838282,
      "p90": 14154.850043920183,
      "p95": 14818.445315249273,
      "p99": 15962.274074468489,
      "p99.9": 16547.30045836025,
      "p99.99": 16582.332941286742
    }
  },
  "details": {
    "DNSDialup": {
      "average": 0.0011072298750000001,
      "fastest": 0.000365771,
      "slowest": 0.004530565
    },
    "DNSLookup": {
      "average": 0.0000398445,
      "fastest": 0.00001516,
      "slowest": 0.000098093
    },
    "firstByte": {
      "average": 0.0012828825589535798,
      "fastest": 0.000297295,
      "slowest": 0.037803328
    }
  },
  "statusCodeDistribution": {
    "404": 123470
  },
  "errorDistribution": {
    "aborted due to deadline": 16
  }
}