{
  "summary": {
    "successRate": 1.0,
    "total": 10.002996955,
    "slowest": 0.048346967,
    "fastest": 0.001968155,
    "average": 0.004829203168219767,
    "requestsPerSec": 826.4523159599422,
    "totalData": 2379744,
    "sizePerRequest": 288,
    "sizePerSec": 237903.10151104108
  },
  "metrics": {
    "success_rate": 1.0,
    "requests_per_sec": 826.4523159599422,
    "latency_ms": {
      "min": 1.968,
      "mean": 4.829,
      "p50": 3.932,
      "p95": 10.16,
      "p99": 16.627,
      "max": 48.347
    }
  },
  "responseTimeHistogram": {
    "0.001968155": 1,
    "0.0066060362": 7108,
    "0.011243917400000001": 848,
    "0.0158817986": 206,
    "0.0205196798": 67,
    "0.025157561": 28,
    "0.0297954422": 4,
    "0.0344333234": 0,
    "0.0390712046": 0,
    "0.0437090858": 0,
    "0.048346967": 1
  },
  "latencyPercentiles": {
    "p10": 0.00299491,
    "p25": 0.003343725,
    "p50": 0.003932247,
    "p75": 0.005160251,
    "p90": 0.007758326,
    "p95": 0.010159925,
    "p99": 0.01662689,
    "p99.9": 0.024017138,
    "p99.99": 0.048346967
  },
  "firstByteHistogram": {
    "0.001963387": 1,
    "0.0066009325": 7111,
    "0.011238478000000001": 845,
    "0.015876023500000003": 206,
    "0.020513569000000002": 67,
    "0.025151114500000002": 28,
    "0.029788660000000005": 4,
    "0.0344262055": 0,
    "0.039063751": 0,
    "0.0437012965": 0,
    "0.048338842": 1
  },
  "firstBytePercentiles": {
    "p10": 0.00298773,
    "p25": 0.00333524,
    "p50": 0.003922803,
    "p75": 0.005142328,
    "p90": 0.007746385,
    "p95": 0.010151053,
    "p99": 0.0166169,
    "p99.9": 0.024005951,
    "p99.99": 0.048338842
  },
  "rps": {
    "mean": 819.9453107130671,
    "stddev": 334.9443152023515,
    "max": 1728.5118607606018,
    "min": 48.930829568879666,
    "percentiles": {
      "p10": 333.8677814585995,
      "p25": 553.6434556077054,
      "p50": 881.0580449850912,
      "p75": 1068.2586773125984,
      "p90": 1237.356689348231,
      "p95": 1313.0983419835543,
      "p99": 1477.193244204446,
      "p99.9": 1650.9566106933785,
      "p99.99": 1728.5118607606018
    }
  },
  "details": {
    "DNSDialup": {
      "average": 0.000554634,
      "fastest": 0.000458546,
      "slowest": 0.000598585
    },
    "DNSLookup": {
      "average": 0.0001072005,
      "fastest": 0.00008635,
      "slowest": 0.000125582
    },
    "firstByte": {
      "average": 0.004818703937189873,
      "fastest": 0.001963387,
      "slowest": 0.048338842
    }
  },
  "statusCodeDistribution": {
    "200": 8263
  },
  "errorDistribution": {
    "aborted due to deadline": 4
  }
}