{
  "summary": {
    "successRate": 1.0,
    "total": 10.001662424,
    "slowest": 0.047696228,
    "fastest": 0.003837517,
    "average": 0.010408091768223538,
    "requestsPerSec": 1536.4445777659253,
    "totalData": 4421088,
    "sizePerRequest": 288,
    "sizePerSec": 442035.3149883516
  },
  "metrics": {
    "success_rate": 1.0,
    "requests_per_sec": 1536.4445777659253,
    "latency_ms": {
      "min": 3.838,
      "mean": 10.408,
      "p50": 9.127,
      "p95": 20.704,
      "p99": 31.294,
      "max": 47.696
    }
  },
  "responseTimeHistogram": {
    "0.003837517": 1,
    "0.0082233881": 4977,
    "0.0126092592": 8041,
    "0.016995130299999998": 1115,
    "0.0213810014": 534,
    "0.0257668725": 355,
    "0.030152743599999997": 150,
    "0.0345386147": 86,
    "0.0389244858": 55,
    "0.0433103569": 28,
    "0.047696228": 9
  },
  "latencyPercentiles": {
    "p10": 0.006902343,
    "p25": 0.007842119,
    "p50": 0.009127136,
    "p75": 0.010897881,
    "p90": 0.015095965,
    "p95": 0.020704379,
    "p99": 0.031293559,
    "p99.9": 0.041989198,
    "p99.99": 0.046582442
  },
  "firstByteHistogram": {
    "0.003832951": 1,
    "0.0082187097": 4994,
    "0.012604468399999999": 8030,
    "0.0169902271": 1109,
    "0.0213759858": 536,
    "0.0257617445": 353,
    "0.030147503200000002": 151,
    "0.0345332619": 85,
    "0.0389190206": 56,
    "0.0433047793": 27,
    "0.047690538": 9
  },
  "firstBytePercentiles": {
    "p10": 0.006891575,
    "p25": 0.007830686,
    "p50": 0.009115312,
    "p75": 0.010888759,
    "p90": 0.015084199,
    "p95": 0.020695877,
    "p99": 0.031225749,
    "p99.9": 0.041963116,
    "p99.99": 0.04657725
  },
  "rps": {
    "mean": 1515.2124093699479,
    "stddev": 527.4218409558864,
    "max": 2590.686998378178,
    "min": 100.13531284825251,
    "percentiles": {
      "p10": 706.7395531879555,
      "p25": 1133.6843701099617,
      "p50": 1636.26737549744,
      "p75": 1899.690835870444,
      "p90": 2129.454616252001,
      "p95": 2214.0407824299364,
      "p99": 2432.4156087225,
      "p99.9": 2547.0841235661906,
      "p99.99": 2590.686998378178
    }
  },
  "details": {
    "DNSDialup": {
      "average": 0.0011011750624999998,
      "fastest": 0.000608164,
      "slowest": 0.002179169
    },
    "DNSLookup": {
      "average": 0.00006341662500000001,
      "fastest": 0.000029027,
      "slowest": 0.000171538
    },
    "firstByte": {
      "average": 0.010396557492932078,
      "fastest": 0.003832951,
      "slowest": 0.047690538
    }
  },
  "statusCodeDistribution": {
    "200": 15351
  },
  "errorDistribution": {
    "aborted due to deadline": 16
  }
}