2026-09-10T19:58:11Z env CARGO_TARGET_DIR=/home/kaalin/.cache/wamn-lanes/receiving-postcommit-20260910/target RUSTC_WRAPPER= /home/kaalin/.cache/wamn-lanes/receiving-postcommit-20260910/tools/build-components m1 
2026-09-10T20:01:46Z env CARGO_TARGET_DIR=/home/kaalin/.cache/wamn-lanes/receiving-postcommit-20260910/target RUSTC_WRAPPER= cargo build --locked -p wamn-ctl -p wamn-identity -p wamn-cdc-reader -p wamn-scenario-worker -p wamn-executor 
2026-09-10T20:04:54Z docker build --platform=linux/amd64 --provenance=false --file /home/kaalin/.cache/wamn-lanes/receiving-postcommit-20260910/Dockerfile --target host --tag wamn-host:receiving-35c11280713a-2315185-release --label wamn.dev/source-head=35c11280713a05ca15dec8d41e2085f94543d307 --label wamn.dev/build-profile=release /home/kaalin/.cache/wamn-lanes/receiving-postcommit-20260910 
2026-09-10T20:12:19Z docker build --platform=linux/amd64 --provenance=false --file /home/kaalin/.cache/wamn-lanes/receiving-postcommit-20260910/Dockerfile --target gates --tag wamn-gates:receiving-35c11280713a-2315185-release --label wamn.dev/source-head=35c11280713a05ca15dec8d41e2085f94543d307 --label wamn.dev/build-profile=release /home/kaalin/.cache/wamn-lanes/receiving-postcommit-20260910 
2026-09-10T20:26:20Z kind create cluster --name wamn-receiving-postcommit --config /tmp/tmp.kZbT1FZjUw/kind-config.yaml --kubeconfig /tmp/tmp.kZbT1FZjUw/kubeconfig 
2026-09-10T20:26:41Z kubectl --kubeconfig /tmp/tmp.kZbT1FZjUw/kubeconfig --context kind-wamn-receiving-postcommit wait --for=condition=Ready nodes --all --timeout=180s 
2026-09-10T20:26:54Z kubectl --kubeconfig /tmp/tmp.kZbT1FZjUw/kubeconfig --context kind-wamn-receiving-postcommit create namespace wamn-receiving-postcommit 
2026-09-10T20:26:54Z kind load docker-image wamn-host:receiving-35c11280713a-2315185-release --name wamn-receiving-postcommit 
2026-09-10T20:27:02Z kind load docker-image wamn-gates:receiving-35c11280713a-2315185-release --name wamn-receiving-postcommit 
2026-09-10T20:27:13Z htpasswd \<credential-bearing\ arguments\ redacted\> 
2026-09-10T20:27:14Z postgres \<credential-bearing\ arguments\ redacted\> 
2026-09-10T20:27:14Z docker run --detach --name wamn-receiving-registry-35c11280713a-2315185 --network kind --env REGISTRY_AUTH=htpasswd --env REGISTRY_AUTH_HTPASSWD_REALM=WAMN\ Receiving\ cluster\ journey --env REGISTRY_AUTH_HTPASSWD_PATH=/auth/htpasswd --volume /tmp/tmp.kZbT1FZjUw/htpasswd:/auth/htpasswd:ro registry:2 
2026-09-10T20:27:15Z docker run --detach --name wamn-receiving-nats-35c11280713a-2315185 --network kind nats:2.10-alpine --jetstream --store_dir /data --http_port 8222 
2026-09-10T20:27:17Z psql \<owned\ PostgreSQL\ administrator\> CREATE\ DATABASE\ wamn_system 
2026-09-10T20:27:17Z cargo test production_two_package_release_serves_all_thirteen_pat_routes \<journey\ document\ with\ disposable\ PostgreSQL\ and\ OCI\ inputs\ redacted\> 
2026-09-10T20:27:51Z kubectl --kubeconfig /tmp/tmp.kZbT1FZjUw/kubeconfig --context kind-wamn-receiving-postcommit -n wamn-receiving-postcommit get deployment hostgroup-default -o json 
2026-09-10T20:27:51Z kubectl --kubeconfig /tmp/tmp.kZbT1FZjUw/kubeconfig --context kind-wamn-receiving-postcommit -n wamn-receiving-postcommit get pods -o json 
2026-09-10T20:27:51Z kubectl --kubeconfig /tmp/tmp.kZbT1FZjUw/kubeconfig --context kind-wamn-receiving-postcommit -n wamn-receiving-postcommit get events -o json 
2026-09-10T20:27:51Z kubectl --kubeconfig /tmp/tmp.kZbT1FZjUw/kubeconfig --context kind-wamn-receiving-postcommit -n wamn-receiving-postcommit get secrets -o name 
2026-09-10T20:27:51Z kubectl --kubeconfig /tmp/tmp.kZbT1FZjUw/kubeconfig --context kind-wamn-receiving-postcommit -n wamn-receiving-postcommit get jobs -o json 
2026-09-10T20:27:51Z kind delete cluster --name wamn-receiving-postcommit --kubeconfig /tmp/tmp.kZbT1FZjUw/kubeconfig 
2026-09-10T20:27:52Z docker rm --force --volumes wamn-receiving-pg18-35c11280713a-2315185 
2026-09-10T20:27:52Z docker rm --force --volumes wamn-receiving-registry-35c11280713a-2315185 
2026-09-10T20:27:53Z docker rm --force --volumes wamn-receiving-nats-35c11280713a-2315185 
2026-09-10T20:27:53Z docker image rm wamn-gates:receiving-35c11280713a-2315185-release 
2026-09-10T20:27:53Z docker image rm wamn-host:receiving-35c11280713a-2315185-release 
2026-09-10T20:27:53Z rm -rf -- /tmp/tmp.kZbT1FZjUw 
