{
  "summary": {
    "successRate": 1.0,
    "total": 10.003134494,
    "slowest": 0.060963169,
    "fastest": 0.000294952,
    "average": 0.000983965735459887,
    "requestsPerSec": 8089.664299579096,
    "totalData": 2912904,
    "sizePerRequest": 36,
    "sizePerSec": 291199.1238093614
  },
  "metrics": {
    "success_rate": 1.0,
    "requests_per_sec": 8089.664299579096,
    "latency_ms": {
      "min": 0.295,
      "mean": 0.984,
      "p50": 0.81,
      "p95": 2.074,
      "p99": 3.917,
      "max": 60.963
    }
  },
  "responseTimeHistogram": {
    "0.000294952": 1,
    "0.0063617737": 80727,
    "0.012428595399999999": 157,
    "0.0184954171": 22,
    "0.0245622388": 4,
    "0.0306290605": 1,
    "0.0366958822": 0,
    "0.0427627039": 0,
    "0.0488295256": 0,
    "0.0548963473": 0,
    "0.060963169": 2
  },
  "latencyPercentiles": {
    "p10": 0.000530753,
    "p25": 0.000615738,
    "p50": 0.000809646,
    "p75": 0.001065116,
    "p90": 0.001537736,
    "p95": 0.002074014,
    "p99": 0.003916605,
    "p99.9": 0.008548322,
    "p99.99": 0.017554508
  },
  "firstByteHistogram": {
    "0.000293188": 1,
    "0.0063593211999999994": 80730,
    "0.012425454399999999": 154,
    "0.018491587599999998": 22,
    "0.0245577208": 4,
    "0.030623854": 1,
    "0.036689987199999996": 0,
    "0.0427561204": 0,
    "0.0488222536": 0,
    "0.054888386799999994": 0,
    "0.06095452": 2
  },
  "firstBytePercentiles": {
    "p10": 0.000524145,
    "p25": 0.000608528,
    "p50": 0.000801661,
    "p75": 0.001055549,
    "p90": 0.001524929,
    "p95": 0.002062979,
    "p99": 0.003905916,
    "p99.9": 0.008533405,
    "p99.99": 0.017530446
  },
  "rps": {
    "mean": 8079.650862664465,
    "stddev": 2392.807788207388,
    "max": 14332.899585230249,
    "min": 624.3807573759537,
    "percentiles": {
      "p10": 4755.164184184019,
      "p25": 6456.820667556381,
      "p50": 8273.84155371444,
      "p75": 9728.526959603554,
      "p90": 11002.627003373473,
      "p95": 11738.398649662362,
      "p99": 13239.5106716975,
      "p99.9": 14248.640391702213,
      "p99.99": 14332.899585230249
    }
  },
  "details": {
    "DNSDialup": {
      "average": 0.000483383,
      "fastest": 0.000311098,
      "slowest": 0.000650098
    },
    "DNSLookup": {
      "average": 0.000042511124999999995,
      "fastest": 0.000013269,
      "slowest": 0.00007769
    },
    "firstByte": {
      "average": 0.0009755227271053304,
      "fastest": 0.000293188,
      "slowest": 0.06095452
    }
  },
  "statusCodeDistribution": {
    "404": 80914
  },
  "errorDistribution": {
    "aborted due to deadline": 8
  }
}