{
  "summary": {
    "successRate": 1.0,
    "total": 10.007538165,
    "slowest": 0.040822897,
    "fastest": 0.00034687,
    "average": 0.005345831618696405,
    "requestsPerSec": 11954.788283338014,
    "totalData": 4304664,
    "sizePerRequest": 36,
    "sizePerSec": 430142.15174866637
  },
  "metrics": {
    "success_rate": 1.0,
    "requests_per_sec": 11954.788283338014,
    "latency_ms": {
      "min": 0.347,
      "mean": 5.346,
      "p50": 5.127,
      "p95": 9.333,
      "p99": 12.77,
      "max": 40.823
    }
  },
  "responseTimeHistogram": {
    "0.00034687": 1,
    "0.0043944727": 42277,
    "0.008442075399999999": 67155,
    "0.012489678099999998": 8820,
    "0.016537280799999998": 958,
    "0.020584883499999998": 243,
    "0.024632486199999998": 79,
    "0.028680088899999998": 24,
    "0.0327276916": 12,
    "0.0367752943": 3,
    "0.040822897": 2
  },
  "latencyPercentiles": {
    "p10": 0.002652385,
    "p25": 0.003824116,
    "p50": 0.005126932,
    "p75": 0.006592127,
    "p90": 0.008170798,
    "p95": 0.009332752,
    "p99": 0.012769615,
    "p99.9": 0.020588469,
    "p99.99": 0.031148484
  },
  "firstByteHistogram": {
    "0.000343415": 1,
    "0.004386662899999999": 42327,
    "0.008429910799999999": 67130,
    "0.012473158699999999": 8804,
    "0.0165164066": 954,
    "0.020559654499999996": 241,
    "0.024602902399999998": 78,
    "0.0286461503": 22,
    "0.0326893982": 12,
    "0.036732646099999995": 3,
    "0.04077589399999999": 2
  },
  "firstBytePercentiles": {
    "p10": 0.002643651,
    "p25": 0.003813793,
    "p50": 0.005117217,
    "p75": 0.006580704,
    "p90": 0.008156492,
    "p95": 0.009314044,
    "p99": 0.012707124,
    "p99.9": 0.020515494,
    "p99.99": 0.0310638
  },
  "rps": {
    "mean": 11941.911833638434,
    "stddev": 2213.547136936191,
    "max": 17410.436463446393,
    "min": 1548.0222295992469,
    "percentiles": {
      "p10": 8735.229273250736,
      "p25": 10897.42113556885,
      "p50": 12436.36725421496,
      "p75": 13511.710599576214,
      "p90": 14172.422301477684,
      "p95": 14600.32467094452,
      "p99": 15586.219850971633,
      "p99.9": 17085.894532513386,
      "p99.99": 17410.436463446393
    }
  },
  "details": {
    "DNSDialup": {
      "average": 0.004862853859374999,
      "fastest": 0.000572551,
      "slowest": 0.006797163
    },
    "DNSLookup": {
      "average": 0.000025222046874999996,
      "fastest": 0.000011515,
      "slowest": 0.000067107
    },
    "firstByte": {
      "average": 0.005333580644103237,
      "fastest": 0.000343415,
      "slowest": 0.040775894
    }
  },
  "statusCodeDistribution": {
    "404": 119574
  },
  "errorDistribution": {
    "aborted due to deadline": 64
  }
}