{
  "summary": {
    "successRate": 1.0,
    "total": 10.002259496,
    "slowest": 0.034765674,
    "fastest": 0.000257242,
    "average": 0.0005824458626743015,
    "requestsPerSec": 6811.860862762803,
    "totalData": 2452680,
    "sizePerRequest": 36,
    "sizePerSec": 245212.59431240015
  },
  "metrics": {
    "success_rate": 1.0,
    "requests_per_sec": 6811.860862762803,
    "latency_ms": {
      "min": 0.257,
      "mean": 0.582,
      "p50": 0.518,
      "p95": 0.944,
      "p99": 1.522,
      "max": 34.766
    }
  },
  "responseTimeHistogram": {
    "0.000257242": 1,
    "0.0037080852000000004": 68067,
    "0.0071589284": 53,
    "0.0106097716": 2,
    "0.014060614800000001": 2,
    "0.017511458000000004": 0,
    "0.020962301200000002": 0,
    "0.024413144400000003": 1,
    "0.027863987600000004": 1,
    "0.031314830800000006": 0,
    "0.034765674": 3
  },
  "latencyPercentiles": {
    "p10": 0.000433285,
    "p25": 0.000470323,
    "p50": 0.000517573,
    "p75": 0.000597501,
    "p90": 0.000771699,
    "p95": 0.000944191,
    "p99": 0.001522438,
    "p99.9": 0.003601202,
    "p99.99": 0.0108777
  },
  "firstByteHistogram": {
    "0.00025479": 1,
    "0.0037051642000000004": 68067,
    "0.007155538400000001": 53,
    "0.010605912600000001": 3,
    "0.014056286800000001": 1,
    "0.017506661000000003": 0,
    "0.020957035200000005": 0,
    "0.024407409400000003": 1,
    "0.027857783600000005": 1,
    "0.03130815780000001": 0,
    "0.034758532": 3
  },
  "firstBytePercentiles": {
    "p10": 0.00042835,
    "p25": 0.000465139,
    "p50": 0.000512093,
    "p75": 0.000591483,
    "p90": 0.000765117,
    "p95": 0.000937152,
    "p99": 0.001515904,
    "p99.9": 0.003593644,
    "p99.99": 0.010237361
  },
  "rps": {
    "mean": 6814.115725584336,
    "stddev": 1157.043977833104,
    "max": 9294.656784695348,
    "min": 38.59474227685529,
    "percentiles": {
      "p10": 5305.486403489651,
      "p25": 6303.73489175177,
      "p50": 7025.934250696302,
      "p75": 7562.940301780135,
      "p90": 8003.113717762986,
      "p95": 8227.092638768734,
      "p99": 8751.88369031453,
      "p99.9": 9059.706314859613,
      "p99.99": 9294.656784695348
    }
  },
  "details": {
    "DNSDialup": {
      "average": 0.00065790475,
      "fastest": 0.000459286,
      "slowest": 0.001119428
    },
    "DNSLookup": {
      "average": 0.0000954365,
      "fastest": 0.000068286,
      "slowest": 0.000132603
    },
    "firstByte": {
      "average": 0.0005768028822985441,
      "fastest": 0.00025479,
      "slowest": 0.034758532
    }
  },
  "statusCodeDistribution": {
    "404": 68130
  },
  "errorDistribution": {
    "aborted due to deadline": 4
  }
}