{
  "summary": {
    "successRate": 1.0,
    "total": 10.002546439,
    "slowest": 0.044130009,
    "fastest": 0.002634549,
    "average": 0.006580635132607645,
    "requestsPerSec": 606.5455468764158,
    "totalData": 1746144,
    "sizePerRequest": 288,
    "sizePerSec": 174569.94682791695
  },
  "metrics": {
    "success_rate": 1.0,
    "requests_per_sec": 606.5455468764158,
    "latency_ms": {
      "min": 2.635,
      "mean": 6.581,
      "p50": 5.835,
      "p95": 11.839,
      "p99": 16.443,
      "max": 44.13
    }
  },
  "responseTimeHistogram": {
    "0.002634549": 1,
    "0.0067840949999999995": 3957,
    "0.010933641": 1668,
    "0.015083186999999998": 341,
    "0.019232733": 74,
    "0.023382279": 12,
    "0.027531824999999996": 5,
    "0.031681371": 3,
    "0.035830917": 1,
    "0.039980462999999994": 0,
    "0.044130009": 1
  },
  "latencyPercentiles": {
    "p10": 0.004076569,
    "p25": 0.004702339,
    "p50": 0.005835229,
    "p75": 0.00764204,
    "p90": 0.010105365,
    "p95": 0.011838803,
    "p99": 0.016442678,
    "p99.9": 0.02606089,
    "p99.99": 0.044130009
  },
  "firstByteHistogram": {
    "0.002631183": 1,
    "0.0067801428": 3965,
    "0.010929102599999999": 1664,
    "0.015078062399999998": 338,
    "0.019227022199999996": 73,
    "0.023375981999999993": 12,
    "0.027524941799999994": 5,
    "0.0316739016": 3,
    "0.035822861399999996": 1,
    "0.03997182119999999": 0,
    "0.04412078099999999": 1
  },
  "firstBytePercentiles": {
    "p10": 0.004065548,
    "p25": 0.004690287,
    "p50": 0.005823528,
    "p75": 0.0076186,
    "p90": 0.01009619,
    "p95": 0.011828254,
    "p99": 0.016432259,
    "p99.9": 0.026051225,
    "p99.99": 0.044120781
  },
  "rps": {
    "mean": 609.4576055619665,
    "stddev": 212.13963475150518,
    "max": 1368.3628131898379,
    "min": 65.33527318114953,
    "percentiles": {
      "p10": 327.25561477914863,
      "p25": 467.80156886609103,
      "p50": 606.8137293224758,
      "p75": 759.9104261013456,
      "p90": 892.2718881822207,
      "p95": 951.428488324244,
      "p99": 1052.7689930053848,
      "p99.9": 1316.2641790071423,
      "p99.99": 1368.3628131898379
    }
  },
  "details": {
    "DNSDialup": {
      "average": 0.0004941425000000001,
      "fastest": 0.000378232,
      "slowest": 0.000591473
    },
    "DNSLookup": {
      "average": 0.00011800425000000001,
      "fastest": 0.000078763,
      "slowest": 0.000189167
    },
    "firstByte": {
      "average": 0.0065668619228104914,
      "fastest": 0.002631183,
      "slowest": 0.044120781
    }
  },
  "statusCodeDistribution": {
    "200": 6063
  },
  "errorDistribution": {
    "aborted due to deadline": 4
  }
}