2026-09-11T00:25:15.944561Z  INFO native descriptor limits initialized descriptor_soft_limit=Some(2147483584) default_max_connections=32768 default_max_http_ingress_connections=32768
2026-09-11T00:25:16.055047Z  INFO connected to NATS
2026-09-11T00:25:16.055340Z  INFO host memory resolved max_guest_memory=4GiB guest_memory_mode="count" default_heap_memory=256MiB core_instances=512 memories=512 pool_reservation=128GiB
2026-09-11T00:25:16.107820Z  INFO wiring activation doorbell listening; dropped every cached pointer channel="wamn_wiring_activation" dropped=0
2026-09-11T00:25:16.257142Z  INFO release component pull completed component_digest=sha256:d69ad067860bbc9cccf0c843475b75211ac7e9ce6e7e05a9d3a50918753a66ec component_bytes=445469 elapsed_ms=22
2026-09-11T00:25:16.257995Z  INFO release component pull completed component_digest=sha256:a092149c1c8df8b4f74babf64122f9747d15d7b1a78b82b35cb6e496f98fd9a1 component_bytes=672722 elapsed_ms=23
2026-09-11T00:25:17.167331Z  INFO release component compilation completed component_digest=sha256:d69ad067860bbc9cccf0c843475b75211ac7e9ce6e7e05a9d3a50918753a66ec compile_ms=909 compile_wall_ms=910
2026-09-11T00:25:17.169646Z  INFO release component compilation completed component_digest=sha256:a092149c1c8df8b4f74babf64122f9747d15d7b1a78b82b35cb6e496f98fd9a1 compile_ms=911 compile_wall_ms=911
2026-09-11T00:25:17.170464Z  WARN wamn.component.linker_setup:wamn.linker.register: component imports wamn:postgres but sets no wamn.tenant; calls will be refused component="receiving#0"
2026-09-11T00:25:17.170958Z  INFO release component instantiation completed component_digest=sha256:a092149c1c8df8b4f74babf64122f9747d15d7b1a78b82b35cb6e496f98fd9a1 elapsed_ms=1 total_elapsed_ms=936
2026-09-11T00:25:17.171526Z  WARN wamn.component.linker_setup:wamn.linker.register: component imports wamn:postgres but sets no wamn.tenant; calls will be refused component="client_acme_receiving#1"
2026-09-11T00:25:17.171873Z  INFO release component instantiation completed component_digest=sha256:d69ad067860bbc9cccf0c843475b75211ac7e9ce6e7e05a9d3a50918753a66ec elapsed_ms=0 total_elapsed_ms=936
2026-09-11T00:25:17.171911Z  INFO synchronous release preload completed synchronous_wirings=13 component_digests=2 elapsed_ms=1076
2026-09-11T00:25:17.172005Z  INFO release preload completed; component cache warm
2026-09-11T00:25:17.183744Z  INFO wamn-host starting (base plugins: wasi:config, wamn:logging, wasi:otel, wamn:postgres, wamn:jetstream, wamn:flow-http-routing) router_delivery=true
2026-09-11T00:25:17.184412Z  INFO wamn-host welded to its release effective_release_id=1 manifest_digest=sha256:62de32341cfb39725f8e03adacb54d478e9421ae7f361384f6a86c9d8f1e829f
2026-09-11T00:25:17.184815Z  INFO probe server listening addr=0.0.0.0:8081
2026-09-11T00:25:17.185948Z  INFO HTTP server listening addr=0.0.0.0:80 protocol="HTTP"
2026-09-11T00:25:17.186451Z  INFO Starting WASI OTel plugin endpoint=http://otel-collector.wamn-system.svc.cluster.local:4317 protocol="grpc"
2026-09-11T00:25:17.193127Z  INFO WASI OTel plugin started
2026-09-11T00:25:17.194207Z  INFO Host started host_id="532753b5-8362-4e54-a242-3c59e7742263" friendly_name="damaged-rule-6285" host_name="10.244.1.6" labels={"hostgroup": "default"} version="2.9.0" max_concurrent_starts=4
2026-09-11T00:25:17.195270Z  INFO Host provides interfaces count=10 interfaces=["wasi:cli/terminal-output,terminal-stderr,stdin,stdout,environment,terminal-input,terminal-stdin,terminal-stdout,exit,stderr@0.2.0", "wasi:clocks/monotonic-clock,wall-time@0.2.0", "wasi:clocks/monotonic-clock,wall-clock@0.2.0", "wasi:filesystem/preopens,types@0.2.0", "wasi:http/types,outgoing-handler,incoming-handler@0.2.0", "wasi:http/types,handler@0.3.0", "wasi:io/poll,error,streams@0.2.0", "wasi:random/random@0.2.0", "wasi:random/insecure-seed,insecure,random@0.2.0", "wasi:sockets/network,instance-network,tcp-create-socket,tcp,ip-name-lookup,udp-create-socket,udp@0.2.0"]
2026-09-11T00:25:17.196196Z  INFO wamn-host runtime startup completed elapsed_ms=1251 cleanup_budget_secs=51
2026-09-11T00:25:16.066463Z  INFO native descriptor limits initialized descriptor_soft_limit=Some(2147483584) default_max_connections=32768 default_max_http_ingress_connections=32768
2026-09-11T00:25:16.203949Z  INFO connected to NATS
2026-09-11T00:25:16.204423Z  INFO host memory resolved max_guest_memory=4GiB guest_memory_mode="count" default_heap_memory=256MiB core_instances=512 memories=512 pool_reservation=128GiB
2026-09-11T00:25:16.253595Z  INFO wiring activation doorbell listening; dropped every cached pointer channel="wamn_wiring_activation" dropped=0
2026-09-11T00:25:16.466143Z  INFO release component pull completed component_digest=sha256:d69ad067860bbc9cccf0c843475b75211ac7e9ce6e7e05a9d3a50918753a66ec component_bytes=445469 elapsed_ms=52
2026-09-11T00:25:16.502657Z  INFO release component pull completed component_digest=sha256:a092149c1c8df8b4f74babf64122f9747d15d7b1a78b82b35cb6e496f98fd9a1 component_bytes=672722 elapsed_ms=88
2026-09-11T00:25:17.706831Z  INFO release component compilation completed component_digest=sha256:d69ad067860bbc9cccf0c843475b75211ac7e9ce6e7e05a9d3a50918753a66ec compile_ms=1240 compile_wall_ms=1240
2026-09-11T00:25:17.715008Z  INFO release component compilation completed component_digest=sha256:a092149c1c8df8b4f74babf64122f9747d15d7b1a78b82b35cb6e496f98fd9a1 compile_ms=1169 compile_wall_ms=1212
2026-09-11T00:25:17.715465Z  WARN wamn.component.linker_setup:wamn.linker.register: component imports wamn:postgres but sets no wamn.tenant; calls will be refused component="receiving#0"
2026-09-11T00:25:17.715821Z  INFO release component instantiation completed component_digest=sha256:a092149c1c8df8b4f74babf64122f9747d15d7b1a78b82b35cb6e496f98fd9a1 elapsed_ms=0 total_elapsed_ms=1301
2026-09-11T00:25:17.716232Z  WARN wamn.component.linker_setup:wamn.linker.register: component imports wamn:postgres but sets no wamn.tenant; calls will be refused component="client_acme_receiving#1"
2026-09-11T00:25:17.716529Z  INFO release component instantiation completed component_digest=sha256:d69ad067860bbc9cccf0c843475b75211ac7e9ce6e7e05a9d3a50918753a66ec elapsed_ms=0 total_elapsed_ms=1302
2026-09-11T00:25:17.716568Z  INFO synchronous release preload completed synchronous_wirings=13 component_digests=2 elapsed_ms=1475
2026-09-11T00:25:17.716687Z  INFO release preload completed; component cache warm
2026-09-11T00:25:17.724285Z  INFO wamn-host starting (base plugins: wasi:config, wamn:logging, wasi:otel, wamn:postgres, wamn:jetstream, wamn:flow-http-routing) router_delivery=true
2026-09-11T00:25:17.724300Z  INFO wamn-host welded to its release effective_release_id=1 manifest_digest=sha256:62de32341cfb39725f8e03adacb54d478e9421ae7f361384f6a86c9d8f1e829f
2026-09-11T00:25:17.724315Z  INFO HTTP server listening addr=0.0.0.0:80 protocol="HTTP"
2026-09-11T00:25:17.724327Z  INFO probe server listening addr=0.0.0.0:8081
2026-09-11T00:25:17.724338Z  INFO Starting WASI OTel plugin endpoint=http://otel-collector.wamn-system.svc.cluster.local:4317 protocol="grpc"
2026-09-11T00:25:17.724896Z  INFO WASI OTel plugin started
2026-09-11T00:25:17.724928Z  INFO Host started host_id="d83a8e55-d709-45f2-8472-a7c9a63b6631" friendly_name="poised-mice-8724" host_name="10.244.2.5" labels={"hostgroup": "default"} version="2.9.0" max_concurrent_starts=4
2026-09-11T00:25:17.725027Z  INFO Host provides interfaces count=10 interfaces=["wasi:cli/exit,environment,terminal-input,terminal-stdout,terminal-output,terminal-stdin,stdout,stdin,stderr,terminal-stderr@0.2.0", "wasi:clocks/monotonic-clock,wall-time@0.2.0", "wasi:clocks/monotonic-clock,wall-clock@0.2.0", "wasi:filesystem/preopens,types@0.2.0", "wasi:http/incoming-handler,outgoing-handler,types@0.2.0", "wasi:http/types,handler@0.3.0", "wasi:io/poll,error,streams@0.2.0", "wasi:random/insecure,insecure-seed,random@0.2.0", "wasi:random/random@0.2.0", "wasi:sockets/udp-create-socket,udp,network,ip-name-lookup,instance-network,tcp-create-socket,tcp@0.2.0"]
2026-09-11T00:25:17.725048Z  INFO wamn-host runtime startup completed elapsed_ms=1658 cleanup_budget_secs=51
2026-09-11T00:25:22.590935Z  INFO workload_start{workload_id=56d126c0-5595-4fe1-a024-e0f175764497 workload.name="flow-http-685fd95ccc-8596d6c9ff" workload.namespace="wamn-receiving-postcommit"}: Starting workload workload_id="56d126c0-5595-4fe1-a024-e0f175764497" namespace="wamn-receiving-postcommit" name="flow-http-685fd95ccc-8596d6c9ff"
2026-09-11T00:25:25.521276Z  WARN handle_http_request{http.method=POST http.uri=/acme/purchase_order/update http.host=receiving.localhost http.request.method=POST url.path=/acme/purchase_order/update server.address="receiving.localhost"}:invoke_component_handler{workload.name="flow-http-685fd95ccc-8596d6c9ff" workload.namespace="wamn-receiving-postcommit" workload.id="56d126c0-5595-4fe1-a024-e0f175764497"}:wamn.component.invoke{wamn.tenant=receiving-route-auth wamn.project=receiving wamn.environment=dev wamn.wiring_id=purchase_order_update wamn.wiring_version=1 wamn.component_digest=sha256:d69ad067860bbc9cccf0c843475b75211ac7e9ce6e7e05a9d3a50918753a66ec wamn.node_id=operation wamn.operation=client-acme-receiving:purchase-order/update@3.0.0 wamn.caller_principal_id="68733867-a11a-4fdf-a264-8d8027cb04f8" wamn.caller_credential_kind="pat"}:wamn.component.linker_setup:wamn.linker.register: component imports wamn:postgres but sets no wamn.tenant; calls will be refused component="client_acme_receiving#2"
2026-09-11T00:25:25.545287Z  WARN handle_http_request{http.method=POST http.uri=/acme/receiving/record_receipt http.host=receiving.localhost http.request.method=POST url.path=/acme/receiving/record_receipt server.address="receiving.localhost"}:invoke_component_handler{workload.name="flow-http-685fd95ccc-8596d6c9ff" workload.namespace="wamn-receiving-postcommit" workload.id="56d126c0-5595-4fe1-a024-e0f175764497"}:wamn.component.invoke{wamn.tenant=receiving-route-auth wamn.project=receiving wamn.environment=dev wamn.wiring_id=receiving_record_receipt wamn.wiring_version=1 wamn.component_digest=sha256:d69ad067860bbc9cccf0c843475b75211ac7e9ce6e7e05a9d3a50918753a66ec wamn.node_id=operation wamn.operation=client-acme-receiving:receiving/record-receipt@3.0.0 wamn.caller_principal_id="68733867-a11a-4fdf-a264-8d8027cb04f8" wamn.caller_credential_kind="pat"}:wamn.component.linker_setup:wamn.linker.register: component imports wamn:postgres but sets no wamn.tenant; calls will be refused component="client_acme_receiving#3"
2026-09-11T00:25:25.545835Z  WARN handle_http_request{http.method=POST http.uri=/acme/receiving/record_receipt http.host=receiving.localhost http.request.method=POST url.path=/acme/receiving/record_receipt server.address="receiving.localhost"}:invoke_component_handler{workload.name="flow-http-685fd95ccc-8596d6c9ff" workload.namespace="wamn-receiving-postcommit" workload.id="56d126c0-5595-4fe1-a024-e0f175764497"}:wamn.component.invoke{wamn.tenant=receiving-route-auth wamn.project=receiving wamn.environment=dev wamn.wiring_id=receiving_record_receipt wamn.wiring_version=1 wamn.component_digest=sha256:d69ad067860bbc9cccf0c843475b75211ac7e9ce6e7e05a9d3a50918753a66ec wamn.node_id=operation wamn.operation=client-acme-receiving:receiving/record-receipt@3.0.0 wamn.caller_principal_id="68733867-a11a-4fdf-a264-8d8027cb04f8" wamn.caller_credential_kind="pat"}:wamn.component.linker_setup:wamn.linker.register: component imports wamn:postgres but sets no wamn.tenant; calls will be refused component="receiving#4"
2026-09-11T00:25:16.060719Z  INFO native descriptor limits initialized descriptor_soft_limit=Some(2147483584) default_max_connections=32768 default_max_http_ingress_connections=32768
2026-09-11T00:25:16.184884Z  INFO connected to NATS
2026-09-11T00:25:16.185264Z  INFO host memory resolved max_guest_memory=4GiB guest_memory_mode="count" default_heap_memory=256MiB core_instances=512 memories=512 pool_reservation=128GiB
2026-09-11T00:25:16.222924Z  INFO wiring activation doorbell listening; dropped every cached pointer channel="wamn_wiring_activation" dropped=0
2026-09-11T00:25:16.455244Z  INFO release component pull completed component_digest=sha256:a092149c1c8df8b4f74babf64122f9747d15d7b1a78b82b35cb6e496f98fd9a1 component_bytes=672722 elapsed_ms=79
2026-09-11T00:25:16.470734Z  INFO release component pull completed component_digest=sha256:d69ad067860bbc9cccf0c843475b75211ac7e9ce6e7e05a9d3a50918753a66ec component_bytes=445469 elapsed_ms=94
2026-09-11T00:25:17.606034Z  INFO release component compilation completed component_digest=sha256:d69ad067860bbc9cccf0c843475b75211ac7e9ce6e7e05a9d3a50918753a66ec compile_ms=1133 compile_wall_ms=1135
2026-09-11T00:25:17.618651Z  INFO release component compilation completed component_digest=sha256:a092149c1c8df8b4f74babf64122f9747d15d7b1a78b82b35cb6e496f98fd9a1 compile_ms=1163 compile_wall_ms=1163
2026-09-11T00:25:17.620712Z  WARN wamn.component.linker_setup:wamn.linker.register: component imports wamn:postgres but sets no wamn.tenant; calls will be refused component="receiving#0"
2026-09-11T00:25:17.621292Z  INFO release component instantiation completed component_digest=sha256:a092149c1c8df8b4f74babf64122f9747d15d7b1a78b82b35cb6e496f98fd9a1 elapsed_ms=2 total_elapsed_ms=1245
2026-09-11T00:25:17.622217Z  WARN wamn.component.linker_setup:wamn.linker.register: component imports wamn:postgres but sets no wamn.tenant; calls will be refused component="client_acme_receiving#1"
2026-09-11T00:25:17.622672Z  INFO release component instantiation completed component_digest=sha256:d69ad067860bbc9cccf0c843475b75211ac7e9ce6e7e05a9d3a50918753a66ec elapsed_ms=1 total_elapsed_ms=1246
2026-09-11T00:25:17.622765Z  INFO synchronous release preload completed synchronous_wirings=13 component_digests=2 elapsed_ms=1408
2026-09-11T00:25:17.622885Z  INFO release preload completed; component cache warm
2026-09-11T00:25:17.634257Z  INFO wamn-host starting (base plugins: wasi:config, wamn:logging, wasi:otel, wamn:postgres, wamn:jetstream, wamn:flow-http-routing) router_delivery=true
2026-09-11T00:25:17.634367Z  INFO wamn-host welded to its release effective_release_id=1 manifest_digest=sha256:62de32341cfb39725f8e03adacb54d478e9421ae7f361384f6a86c9d8f1e829f
2026-09-11T00:25:17.634412Z  INFO probe server listening addr=0.0.0.0:8081
2026-09-11T00:25:17.634413Z  INFO HTTP server listening addr=0.0.0.0:80 protocol="HTTP"
2026-09-11T00:25:17.634437Z  INFO Starting WASI OTel plugin endpoint=http://otel-collector.wamn-system.svc.cluster.local:4317 protocol="grpc"
2026-09-11T00:25:17.635168Z  INFO WASI OTel plugin started
2026-09-11T00:25:17.635245Z  INFO Host started host_id="fe707950-0259-45eb-9e28-871c05bfbd04" friendly_name="majestic-reason-9748" host_name="10.244.2.6" labels={"hostgroup": "default"} version="2.9.0" max_concurrent_starts=4
2026-09-11T00:25:17.635381Z  INFO Host provides interfaces count=10 interfaces=["wasi:cli/stderr,terminal-input,stdout,exit,stdin,terminal-stdin,terminal-stdout,environment,terminal-output,terminal-stderr@0.2.0", "wasi:clocks/wall-time,monotonic-clock@0.2.0", "wasi:clocks/monotonic-clock,wall-clock@0.2.0", "wasi:filesystem/types,preopens@0.2.0", "wasi:http/outgoing-handler,incoming-handler,types@0.2.0", "wasi:http/types,handler@0.3.0", "wasi:io/poll,error,streams@0.2.0", "wasi:random/random@0.2.0", "wasi:random/insecure,random,insecure-seed@0.2.0", "wasi:sockets/udp,tcp-create-socket,instance-network,tcp,network,udp-create-socket,ip-name-lookup@0.2.0"]
2026-09-11T00:25:17.635425Z  INFO wamn-host runtime startup completed elapsed_ms=1574 cleanup_budget_secs=51
2026-09-11T00:25:22.293521Z  INFO workload_start{workload_id=db1c99b1-2292-4792-8b2e-68fe4dc4efa9 workload.name="flow-http-59d459c8ff-6fd56db456" workload.namespace="wamn-receiving-postcommit"}: Starting workload workload_id="db1c99b1-2292-4792-8b2e-68fe4dc4efa9" namespace="wamn-receiving-postcommit" name="flow-http-59d459c8ff-6fd56db456"
2026-09-11T00:25:22.482883Z  INFO workload_stop{workload_id=db1c99b1-2292-4792-8b2e-68fe4dc4efa9}: Stopping workload workload_id="db1c99b1-2292-4792-8b2e-68fe4dc4efa9"
2026-09-11T00:25:24.961409Z  INFO workload_start{workload_id=a7212484-13c8-4ccf-91da-8cfea611f2c9 workload.name="receiving-materializer-7899bcd957-66cbdb86f4" workload.namespace="wamn-receiving-postcommit"}: Starting workload workload_id="a7212484-13c8-4ccf-91da-8cfea611f2c9" namespace="wamn-receiving-postcommit" name="receiving-materializer-7899bcd957-66cbdb86f4"
wamn::materializer up: stream=EVT_acme_dev filter=evt.acme.receiving.dev.*.* tenant=receiving-route-auth batch=64 fetch_ms=500 max_deliver=5 max_sweeps=0
2026-09-11T00:25:25.791106Z  WARN wamn.component.invoke{wamn.tenant=receiving-route-auth wamn.project=receiving wamn.environment=dev wamn.wiring_id=quality_create_inspection wamn.wiring_version=1 wamn.component_digest=sha256:d69ad067860bbc9cccf0c843475b75211ac7e9ce6e7e05a9d3a50918753a66ec wamn.node_id=operation wamn.operation=client-acme-receiving:quality/create-inspection@3.0.0}:wamn.component.linker_setup:wamn.linker.register: component imports wamn:postgres but sets no wamn.tenant; calls will be refused component="client_acme_receiving#2"
