2026-09-09T16:13:21.300053Z  INFO connected to NATS
2026-09-09T16:13:21.300460Z  INFO host memory resolved max_guest_memory=4GiB guest_memory_mode="count" default_heap_memory=256MiB core_instances=512 memories=512 pool_reservation=128GiB
2026-09-09T16:13:21.332737Z  INFO wiring activation doorbell listening; dropped every cached pointer channel="wamn_wiring_activation" dropped=0
2026-09-09T16:13:21.496588Z  INFO release component pull completed component_digest=sha256:1f481deceaea9e217fb19819c750ce39fec8e9a1e19686e43dc2ebf65b1d9fef component_bytes=669281 elapsed_ms=38
2026-09-09T16:13:21.524506Z  INFO release component pull completed component_digest=sha256:710586d8b7fa9ff054d84203d981832659ae9baa618ed03b14588d1168d68d2e component_bytes=466355 elapsed_ms=65
2026-09-09T16:13:22.824522Z  INFO release component compilation completed component_digest=sha256:710586d8b7fa9ff054d84203d981832659ae9baa618ed03b14588d1168d68d2e compile_ms=1299 compile_wall_ms=1299
2026-09-09T16:13:22.839250Z  INFO release component compilation completed component_digest=sha256:1f481deceaea9e217fb19819c750ce39fec8e9a1e19686e43dc2ebf65b1d9fef compile_ms=1342 compile_wall_ms=1342
2026-09-09T16:13:22.840110Z  WARN wamn.component.linker_setup:wamn.linker.register: component imports wamn:postgres but sets no wamn.tenant; calls will be refused component="receiving#0"
2026-09-09T16:13:22.840760Z  INFO release component instantiation completed component_digest=sha256:1f481deceaea9e217fb19819c750ce39fec8e9a1e19686e43dc2ebf65b1d9fef elapsed_ms=1 total_elapsed_ms=1382
2026-09-09T16:13:22.841374Z  WARN wamn.component.linker_setup:wamn.linker.register: component imports wamn:postgres but sets no wamn.tenant; calls will be refused component="client_acme_receiving#1"
2026-09-09T16:13:22.841734Z  INFO release component instantiation completed component_digest=sha256:710586d8b7fa9ff054d84203d981832659ae9baa618ed03b14588d1168d68d2e elapsed_ms=0 total_elapsed_ms=1383
2026-09-09T16:13:22.841869Z  INFO synchronous release preload completed synchronous_wirings=13 component_digests=2 elapsed_ms=1517
2026-09-09T16:13:22.842015Z  INFO release preload completed; component cache warm
2026-09-09T16:13:22.850021Z  INFO wamn-host starting (base plugins: wasi:config, wamn:logging, wasi:otel, wamn:postgres, wamn:jetstream, wamn:flow-http-routing) router_delivery=true
2026-09-09T16:13:22.850039Z  INFO wamn-host welded to its release effective_release_id=1 manifest_digest=sha256:e633957452b28418875cdc69a5574d078da95daf94aa9fda76c5ad84cc3dee94
2026-09-09T16:13:22.850056Z  INFO HTTP server listening addr=0.0.0.0:80 protocol="HTTP"
2026-09-09T16:13:22.850060Z  INFO probe server listening addr=0.0.0.0:8081
2026-09-09T16:13:22.850079Z  INFO Starting WASI OTel plugin endpoint=http://otel-collector.wamn-system.svc.cluster.local:4317 protocol="grpc"
2026-09-09T16:13:22.850687Z  INFO WASI OTel plugin started
2026-09-09T16:13:22.850717Z  INFO Host started host_id="e726b333-1b7f-4526-8d6b-e9d2095425f6" friendly_name="elegant-cars-5707" host_name="10.244.1.6" labels={"hostgroup": "default"} version="2.9.0" max_concurrent_starts=4
2026-09-09T16:13:22.850821Z  INFO Host provides interfaces count=10 interfaces=["wasi:cli/environment,terminal-stderr,stdout,terminal-stdin,terminal-stdout,terminal-output,terminal-input,exit,stderr,stdin@0.2.0", "wasi:clocks/monotonic-clock,wall-time@0.2.0", "wasi:clocks/wall-clock,monotonic-clock@0.2.0", "wasi:filesystem/preopens,types@0.2.0", "wasi:http/incoming-handler,types,outgoing-handler@0.2.0", "wasi:http/types,handler@0.3.0", "wasi:io/error,streams,poll@0.2.0", "wasi:random/random@0.2.0", "wasi:random/insecure,random,insecure-seed@0.2.0", "wasi:sockets/ip-name-lookup,tcp-create-socket,udp-create-socket,tcp,instance-network,network,udp@0.2.0"]
2026-09-09T16:13:22.850839Z  INFO wamn-host runtime startup completed elapsed_ms=1709 cleanup_budget_secs=51
2026-09-09T16:13:26.942676Z  INFO workload_start{workload_id=b8c7ce41-650f-4575-b986-d73e0eaf4a40 workload.name="flow-http-7b775d9df8-99ccdfd58" workload.namespace="wamn-receiving-journey"}: Starting workload workload_id="b8c7ce41-650f-4575-b986-d73e0eaf4a40" namespace="wamn-receiving-journey" name="flow-http-7b775d9df8-99ccdfd58"
2026-09-09T16:13:27.078503Z  INFO workload_stop{workload_id=b8c7ce41-650f-4575-b986-d73e0eaf4a40}: Stopping workload workload_id="b8c7ce41-650f-4575-b986-d73e0eaf4a40"
2026-09-09T16:13:21.264599Z  INFO connected to NATS
2026-09-09T16:13:21.264983Z  INFO host memory resolved max_guest_memory=4GiB guest_memory_mode="count" default_heap_memory=256MiB core_instances=512 memories=512 pool_reservation=128GiB
2026-09-09T16:13:21.300585Z  INFO wiring activation doorbell listening; dropped every cached pointer channel="wamn_wiring_activation" dropped=0
2026-09-09T16:13:21.435212Z  INFO release component pull completed component_digest=sha256:710586d8b7fa9ff054d84203d981832659ae9baa618ed03b14588d1168d68d2e component_bytes=466355 elapsed_ms=22
2026-09-09T16:13:21.440851Z  INFO release component pull completed component_digest=sha256:1f481deceaea9e217fb19819c750ce39fec8e9a1e19686e43dc2ebf65b1d9fef component_bytes=669281 elapsed_ms=27
2026-09-09T16:13:22.826051Z  INFO release component compilation completed component_digest=sha256:1f481deceaea9e217fb19819c750ce39fec8e9a1e19686e43dc2ebf65b1d9fef compile_ms=1385 compile_wall_ms=1385
2026-09-09T16:13:22.826639Z  WARN wamn.component.linker_setup:wamn.linker.register: component imports wamn:postgres but sets no wamn.tenant; calls will be refused component="receiving#0"
2026-09-09T16:13:22.827119Z  INFO release component instantiation completed component_digest=sha256:1f481deceaea9e217fb19819c750ce39fec8e9a1e19686e43dc2ebf65b1d9fef elapsed_ms=1 total_elapsed_ms=1414
2026-09-09T16:13:22.829034Z  INFO release component compilation completed component_digest=sha256:710586d8b7fa9ff054d84203d981832659ae9baa618ed03b14588d1168d68d2e compile_ms=1393 compile_wall_ms=1393
2026-09-09T16:13:22.829519Z  WARN wamn.component.linker_setup:wamn.linker.register: component imports wamn:postgres but sets no wamn.tenant; calls will be refused component="client_acme_receiving#1"
2026-09-09T16:13:22.829908Z  INFO release component instantiation completed component_digest=sha256:710586d8b7fa9ff054d84203d981832659ae9baa618ed03b14588d1168d68d2e elapsed_ms=0 total_elapsed_ms=1416
2026-09-09T16:13:22.829942Z  INFO synchronous release preload completed synchronous_wirings=13 component_digests=2 elapsed_ms=1536
2026-09-09T16:13:22.830032Z  INFO release preload completed; component cache warm
2026-09-09T16:13:22.838757Z  INFO wamn-host starting (base plugins: wasi:config, wamn:logging, wasi:otel, wamn:postgres, wamn:jetstream, wamn:flow-http-routing) router_delivery=true
2026-09-09T16:13:22.838778Z  INFO wamn-host welded to its release effective_release_id=1 manifest_digest=sha256:e633957452b28418875cdc69a5574d078da95daf94aa9fda76c5ad84cc3dee94
2026-09-09T16:13:22.838812Z  INFO HTTP server listening addr=0.0.0.0:80 protocol="HTTP"
2026-09-09T16:13:22.838822Z  INFO probe server listening addr=0.0.0.0:8081
2026-09-09T16:13:22.838844Z  INFO Starting WASI OTel plugin endpoint=http://otel-collector.wamn-system.svc.cluster.local:4317 protocol="grpc"
2026-09-09T16:13:22.839527Z  INFO WASI OTel plugin started
2026-09-09T16:13:22.839545Z  INFO Host started host_id="e88c0f81-9e0d-49ca-98fa-d06631f287e9" friendly_name="needless-apples-6212" host_name="10.244.2.5" labels={"hostgroup": "default"} version="2.9.0" max_concurrent_starts=4
2026-09-09T16:13:22.839683Z  INFO Host provides interfaces count=10 interfaces=["wasi:cli/stderr,terminal-stdout,exit,environment,terminal-output,terminal-stderr,terminal-stdin,stdin,terminal-input,stdout@0.2.0", "wasi:clocks/wall-time,monotonic-clock@0.2.0", "wasi:clocks/wall-clock,monotonic-clock@0.2.0", "wasi:filesystem/preopens,types@0.2.0", "wasi:http/handler,types@0.3.0", "wasi:http/types,outgoing-handler,incoming-handler@0.2.0", "wasi:io/error,poll,streams@0.2.0", "wasi:random/insecure-seed,random,insecure@0.2.0", "wasi:random/random@0.2.0", "wasi:sockets/tcp-create-socket,ip-name-lookup,udp-create-socket,network,udp,instance-network,tcp@0.2.0"]
2026-09-09T16:13:22.839752Z  INFO wamn-host runtime startup completed elapsed_ms=1740 cleanup_budget_secs=51
2026-09-09T16:13:31.722527Z  INFO workload_start{workload_id=4a91046f-0357-4661-bba9-6f59129f381a workload.name="receiving-materializer-77fb7d6b4d-7f7cc578dd" workload.namespace="wamn-receiving-journey"}: Starting workload workload_id="4a91046f-0357-4661-bba9-6f59129f381a" namespace="wamn-receiving-journey" name="receiving-materializer-77fb7d6b4d-7f7cc578dd"
wamn::materializer up: stream=EVT_acme_dev filter=evt.acme.receiving.dev.*.* tenant=receiving-route-auth batch=64 fetch_ms=500 max_deliver=5 max_sweeps=0
2026-09-09T16:13:33.240503Z  WARN wamn.component.invoke{wamn.tenant=receiving-route-auth wamn.project=receiving wamn.environment=dev wamn.wiring_id=quality_create_inspection wamn.wiring_version=1 wamn.component_digest=sha256:710586d8b7fa9ff054d84203d981832659ae9baa618ed03b14588d1168d68d2e wamn.node_id=operation wamn.operation=client-acme-receiving:quality/create-inspection@3.0.0}:wamn.component.linker_setup:wamn.linker.register: component imports wamn:postgres but sets no wamn.tenant; calls will be refused component="client_acme_receiving#2"
2026-09-09T16:13:21.258704Z  INFO connected to NATS
2026-09-09T16:13:21.259058Z  INFO host memory resolved max_guest_memory=4GiB guest_memory_mode="count" default_heap_memory=256MiB core_instances=512 memories=512 pool_reservation=128GiB
2026-09-09T16:13:21.285624Z  INFO wiring activation doorbell listening; dropped every cached pointer channel="wamn_wiring_activation" dropped=0
2026-09-09T16:13:21.425443Z  INFO release component pull completed component_digest=sha256:710586d8b7fa9ff054d84203d981832659ae9baa618ed03b14588d1168d68d2e component_bytes=466355 elapsed_ms=25
2026-09-09T16:13:21.428965Z  INFO release component pull completed component_digest=sha256:1f481deceaea9e217fb19819c750ce39fec8e9a1e19686e43dc2ebf65b1d9fef component_bytes=669281 elapsed_ms=28
2026-09-09T16:13:22.771468Z  INFO release component compilation completed component_digest=sha256:710586d8b7fa9ff054d84203d981832659ae9baa618ed03b14588d1168d68d2e compile_ms=1345 compile_wall_ms=1345
2026-09-09T16:13:22.787073Z  INFO release component compilation completed component_digest=sha256:1f481deceaea9e217fb19819c750ce39fec8e9a1e19686e43dc2ebf65b1d9fef compile_ms=1357 compile_wall_ms=1358
2026-09-09T16:13:22.787984Z  WARN wamn.component.linker_setup:wamn.linker.register: component imports wamn:postgres but sets no wamn.tenant; calls will be refused component="receiving#0"
2026-09-09T16:13:22.788517Z  INFO release component instantiation completed component_digest=sha256:1f481deceaea9e217fb19819c750ce39fec8e9a1e19686e43dc2ebf65b1d9fef elapsed_ms=1 total_elapsed_ms=1388
2026-09-09T16:13:22.789163Z  WARN wamn.component.linker_setup:wamn.linker.register: component imports wamn:postgres but sets no wamn.tenant; calls will be refused component="client_acme_receiving#1"
2026-09-09T16:13:22.789683Z  INFO release component instantiation completed component_digest=sha256:710586d8b7fa9ff054d84203d981832659ae9baa618ed03b14588d1168d68d2e elapsed_ms=1 total_elapsed_ms=1389
2026-09-09T16:13:22.789729Z  INFO synchronous release preload completed synchronous_wirings=13 component_digests=2 elapsed_ms=1512
2026-09-09T16:13:22.789901Z  INFO release preload completed; component cache warm
2026-09-09T16:13:22.801695Z  INFO wamn-host starting (base plugins: wasi:config, wamn:logging, wasi:otel, wamn:postgres, wamn:jetstream, wamn:flow-http-routing) router_delivery=true
2026-09-09T16:13:22.801897Z  INFO wamn-host welded to its release effective_release_id=1 manifest_digest=sha256:e633957452b28418875cdc69a5574d078da95daf94aa9fda76c5ad84cc3dee94
2026-09-09T16:13:22.803053Z  INFO HTTP server listening addr=0.0.0.0:80 protocol="HTTP"
2026-09-09T16:13:22.803052Z  INFO probe server listening addr=0.0.0.0:8081
2026-09-09T16:13:22.803182Z  INFO Starting WASI OTel plugin endpoint=http://otel-collector.wamn-system.svc.cluster.local:4317 protocol="grpc"
2026-09-09T16:13:22.804932Z  INFO WASI OTel plugin started
2026-09-09T16:13:22.805142Z  INFO Host started host_id="887bffa1-1561-4742-a536-7a58f4cfaac7" friendly_name="flagrant-lip-1652" host_name="10.244.2.6" labels={"hostgroup": "default"} version="2.9.0" max_concurrent_starts=4
2026-09-09T16:13:22.806986Z  INFO Host provides interfaces count=10 interfaces=["wasi:cli/stdout,terminal-stderr,terminal-stdin,stderr,terminal-stdout,terminal-output,stdin,environment,terminal-input,exit@0.2.0", "wasi:clocks/monotonic-clock,wall-clock@0.2.0", "wasi:clocks/monotonic-clock,wall-time@0.2.0", "wasi:filesystem/preopens,types@0.2.0", "wasi:http/types,handler@0.3.0", "wasi:http/outgoing-handler,types,incoming-handler@0.2.0", "wasi:io/poll,error,streams@0.2.0", "wasi:random/random@0.2.0", "wasi:random/insecure-seed,insecure,random@0.2.0", "wasi:sockets/network,tcp-create-socket,udp-create-socket,instance-network,ip-name-lookup,tcp,udp@0.2.0"]
2026-09-09T16:13:22.807041Z  INFO wamn-host runtime startup completed elapsed_ms=1659 cleanup_budget_secs=51
2026-09-09T16:13:27.206702Z  INFO workload_start{workload_id=5e4890ae-ea61-4acc-8c5f-cf02b6c51ae6 workload.name="flow-http-cf45f5bdd-7d79dd887c" workload.namespace="wamn-receiving-journey"}: Starting workload workload_id="5e4890ae-ea61-4acc-8c5f-cf02b6c51ae6" namespace="wamn-receiving-journey" name="flow-http-cf45f5bdd-7d79dd887c"
2026-09-09T16:13:31.280004Z  INFO workload_start{workload_id=d47ea45d-e0aa-41fe-ab73-7ebadf0e32c8 workload.name="receiving-materializer-69cf9fdc8b-d8bc65b69" workload.namespace="wamn-receiving-journey"}: Starting workload workload_id="d47ea45d-e0aa-41fe-ab73-7ebadf0e32c8" namespace="wamn-receiving-journey" name="receiving-materializer-69cf9fdc8b-d8bc65b69"
wamn::materializer up: stream=EVT_acme_dev filter=evt.acme.receiving.dev.*.* tenant=receiving-route-auth batch=64 fetch_ms=500 max_deliver=5 max_sweeps=0
2026-09-09T16:13:31.609068Z  INFO workload_stop{workload_id=d47ea45d-e0aa-41fe-ab73-7ebadf0e32c8}: Stopping workload workload_id="d47ea45d-e0aa-41fe-ab73-7ebadf0e32c8"
2026-09-09T16:13:32.961851Z  WARN handle_http_request{http.method=POST http.uri=/acme/purchase_order/update http.host=receiving.localhost http.request.method=POST url.path=/acme/purchase_order/update server.address="receiving.localhost"}:invoke_component_handler{workload.name="flow-http-cf45f5bdd-7d79dd887c" workload.namespace="wamn-receiving-journey" workload.id="5e4890ae-ea61-4acc-8c5f-cf02b6c51ae6"}:wamn.component.invoke{wamn.tenant=receiving-route-auth wamn.project=receiving wamn.environment=dev wamn.wiring_id=purchase_order_update wamn.wiring_version=1 wamn.component_digest=sha256:710586d8b7fa9ff054d84203d981832659ae9baa618ed03b14588d1168d68d2e wamn.node_id=operation wamn.operation=client-acme-receiving:purchase-order/update@3.0.0 wamn.caller_principal_id="71104b41-1291-4aa8-b471-ca6509f1b2fd" wamn.caller_credential_kind="pat"}:wamn.component.linker_setup:wamn.linker.register: component imports wamn:postgres but sets no wamn.tenant; calls will be refused component="client_acme_receiving#2"
2026-09-09T16:13:32.992431Z  WARN handle_http_request{http.method=POST http.uri=/acme/receiving/record_receipt http.host=receiving.localhost http.request.method=POST url.path=/acme/receiving/record_receipt server.address="receiving.localhost"}:invoke_component_handler{workload.name="flow-http-cf45f5bdd-7d79dd887c" workload.namespace="wamn-receiving-journey" workload.id="5e4890ae-ea61-4acc-8c5f-cf02b6c51ae6"}:wamn.component.invoke{wamn.tenant=receiving-route-auth wamn.project=receiving wamn.environment=dev wamn.wiring_id=receiving_record_receipt wamn.wiring_version=1 wamn.component_digest=sha256:710586d8b7fa9ff054d84203d981832659ae9baa618ed03b14588d1168d68d2e wamn.node_id=operation wamn.operation=client-acme-receiving:receiving/record-receipt@3.0.0 wamn.caller_principal_id="71104b41-1291-4aa8-b471-ca6509f1b2fd" wamn.caller_credential_kind="pat"}:wamn.component.linker_setup:wamn.linker.register: component imports wamn:postgres but sets no wamn.tenant; calls will be refused component="client_acme_receiving#3"
2026-09-09T16:13:32.992932Z  WARN handle_http_request{http.method=POST http.uri=/acme/receiving/record_receipt http.host=receiving.localhost http.request.method=POST url.path=/acme/receiving/record_receipt server.address="receiving.localhost"}:invoke_component_handler{workload.name="flow-http-cf45f5bdd-7d79dd887c" workload.namespace="wamn-receiving-journey" workload.id="5e4890ae-ea61-4acc-8c5f-cf02b6c51ae6"}:wamn.component.invoke{wamn.tenant=receiving-route-auth wamn.project=receiving wamn.environment=dev wamn.wiring_id=receiving_record_receipt wamn.wiring_version=1 wamn.component_digest=sha256:710586d8b7fa9ff054d84203d981832659ae9baa618ed03b14588d1168d68d2e wamn.node_id=operation wamn.operation=client-acme-receiving:receiving/record-receipt@3.0.0 wamn.caller_principal_id="71104b41-1291-4aa8-b471-ca6509f1b2fd" wamn.caller_credential_kind="pat"}:wamn.component.linker_setup:wamn.linker.register: component imports wamn:postgres but sets no wamn.tenant; calls will be refused component="receiving#4"
