{
  "source": "bead5288fca0ad4c642aecf12d7fe3e0d3d00f5f",
  "exit_code": 101,
  "elapsed_seconds": 137.013,
  "counts": {
    "test_targets": 193,
    "test_nonempty_targets": 174,
    "test_empty_targets": 19,
    "test_failed_targets": 47,
    "test_reported_passed": 2279,
    "test_failed": 160,
    "test_ignored": 0,
    "test_measured": 0,
    "test_filtered_out": 2,
    "test_explicit_self_skip_count": 84,
    "test_reported_passes_after_excluding_explicit_self_skips": 2195,
    "doctest_targets": 39,
    "doctest_nonempty_targets": 6,
    "doctest_empty_targets": 33,
    "doctest_failed_targets": 0,
    "doctest_reported_passed": 6,
    "doctest_failed": 0,
    "doctest_ignored": 0,
    "doctest_measured": 0,
    "doctest_filtered_out": 0,
    "doctest_explicit_self_skip_count": 0,
    "doctest_reported_passes_after_excluding_explicit_self_skips": 6
  },
  "classification_counts": {
    "missing_live_or_artifact_input": 93,
    "socket_permission_refusal": 59,
    "source_scan_misparses_retained_wit_evidence": 1,
    "chart_fetch_socket_permission_refusal": 1,
    "deployment_prerequisite_declaration_mismatch": 1,
    "setup_refusal": 5
  },
  "classification_complete": true,
  "pending_review_entries": 0,
  "unresolved_parser_entries": [],
  "source_stable": true,
  "tracked_files": 28506,
  "log_sha256": "6ac4c39ab4500080b63984293e3840ecb74285b68ffd0b44c6f6a453cc052ca3",
  "previous_exact_failure_matches": 100,
  "added_failures": 59,
  "changed_failure_causes": 1,
  "previous_failures_now_passed": 3,
  "moved_app_cases_with_passing_results": 34,
  "baseline_moved_failures": 17,
  "report_sha256": "713f35747b8af8f9d7d459b7c12d7c5eb46266d2e1b38abcdc47ac520d8eb281"
}
