2026-09-12T00:48:32.430215Z  INFO native descriptor limits initialized descriptor_soft_limit=Some(524288) default_max_connections=32768 default_max_http_ingress_connections=32768
2026-09-12T00:48:32.483975Z  INFO connected to NATS
2026-09-12T00:48:32.484140Z  INFO host memory resolved max_guest_memory=4GiB guest_memory_mode="count" default_heap_memory=256MiB core_instances=512 memories=512 pool_reservation=128GiB
2026-09-12T00:48:33.070084Z  INFO synchronous release preload completed synchronous_wirings=13 component_digests=2 elapsed_ms=572
2026-09-12T00:48:33.070109Z  INFO release preload completed; component cache warm
2026-09-12T00:48:33.078173Z  INFO wamn-host starting (base plugins: wasi:config, wamn:logging, wasi:otel, wamn:postgres, wamn:jetstream, wamn:flow-http-routing) router_delivery=true
2026-09-12T00:48:33.078187Z  INFO wamn-host welded to its release effective_release_id=1 manifest_digest=sha256:52feceaa7255c21a354995ea59ad6056edef22c929467fe4adad2c90c4cf5bb3
2026-09-12T00:48:33.078200Z  INFO HTTP server listening addr=127.0.0.1:33893 protocol="HTTP"
2026-09-12T00:48:33.078212Z  INFO Starting WASI OTel plugin endpoint=http://127.0.0.1:41447 protocol="grpc"
2026-09-12T00:48:33.078221Z  INFO probe server listening addr=127.0.0.1:46273
2026-09-12T00:48:33.078588Z  INFO WASI OTel plugin started
2026-09-12T00:48:33.078596Z  INFO Host started host_id="5ac7cc75-500a-437f-990e-f27ebe3c76fc" friendly_name="brainy-skirt-5825" host_name="startup-0841c91912ae4d239041dfdc084ce6c0" labels={"hostgroup": "startup-0841c91912ae4d239041dfdc084ce6c0"} version="2.9.0" max_concurrent_starts=4
2026-09-12T00:48:33.078682Z  INFO Host provides interfaces count=10 interfaces=["wasi:cli/terminal-output,terminal-input,terminal-stdout,environment,stdout,terminal-stdin,exit,stdin,stderr,terminal-stderr@0.2.0", "wasi:clocks/wall-time,monotonic-clock@0.2.0", "wasi:clocks/wall-clock,monotonic-clock@0.2.0", "wasi:filesystem/preopens,types@0.2.0", "wasi:http/types,handler@0.3.0", "wasi:http/outgoing-handler,types,incoming-handler@0.2.0", "wasi:io/error,poll,streams@0.2.0", "wasi:random/random@0.2.0", "wasi:random/random,insecure-seed,insecure@0.2.0", "wasi:sockets/tcp,ip-name-lookup,udp-create-socket,instance-network,udp,tcp-create-socket,network@0.2.0"]
2026-09-12T00:48:33.078694Z  INFO wamn-host runtime startup completed elapsed_ms=648 cleanup_budget_secs=51
2026-09-12T00:48:33.109902Z  WARN handle_http_request{http.method=POST http.uri=/purchase_order/get http.host=receiving.localhost http.request.method=POST url.path=/purchase_order/get server.address="receiving.localhost"}: failed to route incoming request err=router is temporarily unavailable
2026-09-12T00:48:33.160440Z  WARN handle_http_request{http.method=POST http.uri=/purchase_order/get http.host=receiving.localhost http.request.method=POST url.path=/purchase_order/get server.address="receiving.localhost"}: failed to route incoming request err=router is temporarily unavailable
2026-09-12T00:48:33.180728Z  INFO workload_start{workload_id=startup-0841c91912ae4d239041dfdc084ce6c0-cold-3 workload.name="startup-0841c91912ae4d239041dfdc084ce6c0-cold-3" workload.namespace="wamn-receiving-daab1f529cd24f3391208b0500e2b342"}: Starting workload workload_id="startup-0841c91912ae4d239041dfdc084ce6c0-cold-3" namespace="wamn-receiving-daab1f529cd24f3391208b0500e2b342" name="startup-0841c91912ae4d239041dfdc084ce6c0-cold-3"
2026-09-12T00:48:33.182178Z  INFO workload_start{workload_id=startup-0841c91912ae4d239041dfdc084ce6c0-cold-2 workload.name="startup-0841c91912ae4d239041dfdc084ce6c0-cold-2" workload.namespace="wamn-receiving-daab1f529cd24f3391208b0500e2b342"}: Starting workload workload_id="startup-0841c91912ae4d239041dfdc084ce6c0-cold-2" namespace="wamn-receiving-daab1f529cd24f3391208b0500e2b342" name="startup-0841c91912ae4d239041dfdc084ce6c0-cold-2"
2026-09-12T00:48:33.189533Z  INFO workload_start{workload_id=startup-0841c91912ae4d239041dfdc084ce6c0-cold-0 workload.name="startup-0841c91912ae4d239041dfdc084ce6c0-cold-0" workload.namespace="wamn-receiving-daab1f529cd24f3391208b0500e2b342"}: Starting workload workload_id="startup-0841c91912ae4d239041dfdc084ce6c0-cold-0" namespace="wamn-receiving-daab1f529cd24f3391208b0500e2b342" name="startup-0841c91912ae4d239041dfdc084ce6c0-cold-0"
2026-09-12T00:48:33.202329Z  INFO workload_start{workload_id=startup-0841c91912ae4d239041dfdc084ce6c0-cold-1 workload.name="startup-0841c91912ae4d239041dfdc084ce6c0-cold-1" workload.namespace="wamn-receiving-daab1f529cd24f3391208b0500e2b342"}: Starting workload workload_id="startup-0841c91912ae4d239041dfdc084ce6c0-cold-1" namespace="wamn-receiving-daab1f529cd24f3391208b0500e2b342" name="startup-0841c91912ae4d239041dfdc084ce6c0-cold-1"
2026-09-12T00:48:33.220537Z  WARN handle_http_request{http.method=POST http.uri=/purchase_order/get http.host=receiving.localhost http.request.method=POST url.path=/purchase_order/get server.address="receiving.localhost"}: failed to route incoming request err=router is temporarily unavailable
2026-09-12T00:48:33.267826Z  WARN handle_http_request{http.method=POST http.uri=/purchase_order/get http.host=receiving.localhost http.request.method=POST url.path=/purchase_order/get server.address="receiving.localhost"}: failed to route incoming request err=router is temporarily unavailable
2026-09-12T00:48:33.309093Z  WARN handle_http_request{http.method=POST http.uri=/purchase_order/get http.host=receiving.localhost http.request.method=POST url.path=/purchase_order/get server.address="receiving.localhost"}: failed to route incoming request err=router is temporarily unavailable
2026-09-12T00:48:33.366772Z  INFO workload_start{workload_id=startup-0841c91912ae4d239041dfdc084ce6c0-cold-5 workload.name="startup-0841c91912ae4d239041dfdc084ce6c0-cold-5" workload.namespace="wamn-receiving-daab1f529cd24f3391208b0500e2b342"}: Starting workload workload_id="startup-0841c91912ae4d239041dfdc084ce6c0-cold-5" namespace="wamn-receiving-daab1f529cd24f3391208b0500e2b342" name="startup-0841c91912ae4d239041dfdc084ce6c0-cold-5"
2026-09-12T00:48:33.368681Z  INFO workload_start{workload_id=startup-0841c91912ae4d239041dfdc084ce6c0-cold-7 workload.name="startup-0841c91912ae4d239041dfdc084ce6c0-cold-7" workload.namespace="wamn-receiving-daab1f529cd24f3391208b0500e2b342"}: Starting workload workload_id="startup-0841c91912ae4d239041dfdc084ce6c0-cold-7" namespace="wamn-receiving-daab1f529cd24f3391208b0500e2b342" name="startup-0841c91912ae4d239041dfdc084ce6c0-cold-7"
2026-09-12T00:48:33.372982Z  INFO workload_start{workload_id=startup-0841c91912ae4d239041dfdc084ce6c0-cold-6 workload.name="startup-0841c91912ae4d239041dfdc084ce6c0-cold-6" workload.namespace="wamn-receiving-daab1f529cd24f3391208b0500e2b342"}: Starting workload workload_id="startup-0841c91912ae4d239041dfdc084ce6c0-cold-6" namespace="wamn-receiving-daab1f529cd24f3391208b0500e2b342" name="startup-0841c91912ae4d239041dfdc084ce6c0-cold-6"
2026-09-12T00:48:33.373121Z  INFO workload_start{workload_id=startup-0841c91912ae4d239041dfdc084ce6c0-cold-4 workload.name="startup-0841c91912ae4d239041dfdc084ce6c0-cold-4" workload.namespace="wamn-receiving-daab1f529cd24f3391208b0500e2b342"}: Starting workload workload_id="startup-0841c91912ae4d239041dfdc084ce6c0-cold-4" namespace="wamn-receiving-daab1f529cd24f3391208b0500e2b342" name="startup-0841c91912ae4d239041dfdc084ce6c0-cold-4"
2026-09-12T00:48:33.433994Z  INFO workload_start{workload_id=startup-0841c91912ae4d239041dfdc084ce6c0-warm-1 workload.name="startup-0841c91912ae4d239041dfdc084ce6c0-warm-1" workload.namespace="wamn-receiving-daab1f529cd24f3391208b0500e2b342"}: Starting workload workload_id="startup-0841c91912ae4d239041dfdc084ce6c0-warm-1" namespace="wamn-receiving-daab1f529cd24f3391208b0500e2b342" name="startup-0841c91912ae4d239041dfdc084ce6c0-warm-1"
2026-09-12T00:48:33.434660Z  INFO workload_start{workload_id=startup-0841c91912ae4d239041dfdc084ce6c0-warm-5 workload.name="startup-0841c91912ae4d239041dfdc084ce6c0-warm-5" workload.namespace="wamn-receiving-daab1f529cd24f3391208b0500e2b342"}: Starting workload workload_id="startup-0841c91912ae4d239041dfdc084ce6c0-warm-5" namespace="wamn-receiving-daab1f529cd24f3391208b0500e2b342" name="startup-0841c91912ae4d239041dfdc084ce6c0-warm-5"
2026-09-12T00:48:33.448471Z  INFO workload_start{workload_id=startup-0841c91912ae4d239041dfdc084ce6c0-warm-3 workload.name="startup-0841c91912ae4d239041dfdc084ce6c0-warm-3" workload.namespace="wamn-receiving-daab1f529cd24f3391208b0500e2b342"}: Starting workload workload_id="startup-0841c91912ae4d239041dfdc084ce6c0-warm-3" namespace="wamn-receiving-daab1f529cd24f3391208b0500e2b342" name="startup-0841c91912ae4d239041dfdc084ce6c0-warm-3"
2026-09-12T00:48:33.463703Z  INFO workload_start{workload_id=startup-0841c91912ae4d239041dfdc084ce6c0-warm-2 workload.name="startup-0841c91912ae4d239041dfdc084ce6c0-warm-2" workload.namespace="wamn-receiving-daab1f529cd24f3391208b0500e2b342"}: Starting workload workload_id="startup-0841c91912ae4d239041dfdc084ce6c0-warm-2" namespace="wamn-receiving-daab1f529cd24f3391208b0500e2b342" name="startup-0841c91912ae4d239041dfdc084ce6c0-warm-2"
2026-09-12T00:48:33.475793Z  INFO workload_start{workload_id=startup-0841c91912ae4d239041dfdc084ce6c0-warm-4 workload.name="startup-0841c91912ae4d239041dfdc084ce6c0-warm-4" workload.namespace="wamn-receiving-daab1f529cd24f3391208b0500e2b342"}: Starting workload workload_id="startup-0841c91912ae4d239041dfdc084ce6c0-warm-4" namespace="wamn-receiving-daab1f529cd24f3391208b0500e2b342" name="startup-0841c91912ae4d239041dfdc084ce6c0-warm-4"
2026-09-12T00:48:33.481383Z  INFO workload_start{workload_id=startup-0841c91912ae4d239041dfdc084ce6c0-warm-6 workload.name="startup-0841c91912ae4d239041dfdc084ce6c0-warm-6" workload.namespace="wamn-receiving-daab1f529cd24f3391208b0500e2b342"}: Starting workload workload_id="startup-0841c91912ae4d239041dfdc084ce6c0-warm-6" namespace="wamn-receiving-daab1f529cd24f3391208b0500e2b342" name="startup-0841c91912ae4d239041dfdc084ce6c0-warm-6"
2026-09-12T00:48:33.490045Z  INFO workload_start{workload_id=startup-0841c91912ae4d239041dfdc084ce6c0-warm-0 workload.name="startup-0841c91912ae4d239041dfdc084ce6c0-warm-0" workload.namespace="wamn-receiving-daab1f529cd24f3391208b0500e2b342"}: Starting workload workload_id="startup-0841c91912ae4d239041dfdc084ce6c0-warm-0" namespace="wamn-receiving-daab1f529cd24f3391208b0500e2b342" name="startup-0841c91912ae4d239041dfdc084ce6c0-warm-0"
2026-09-12T00:48:33.500138Z  INFO workload_start{workload_id=startup-0841c91912ae4d239041dfdc084ce6c0-warm-7 workload.name="startup-0841c91912ae4d239041dfdc084ce6c0-warm-7" workload.namespace="wamn-receiving-daab1f529cd24f3391208b0500e2b342"}: Starting workload workload_id="startup-0841c91912ae4d239041dfdc084ce6c0-warm-7" namespace="wamn-receiving-daab1f529cd24f3391208b0500e2b342" name="startup-0841c91912ae4d239041dfdc084ce6c0-warm-7"
2026-09-12T00:48:33.507657Z  INFO workload_stop{workload_id=startup-0841c91912ae4d239041dfdc084ce6c0-cold-0}: Stopping workload workload_id="startup-0841c91912ae4d239041dfdc084ce6c0-cold-0"
2026-09-12T00:48:33.509476Z  INFO workload_stop{workload_id=startup-0841c91912ae4d239041dfdc084ce6c0-cold-1}: Stopping workload workload_id="startup-0841c91912ae4d239041dfdc084ce6c0-cold-1"
2026-09-12T00:48:33.511072Z  INFO workload_stop{workload_id=startup-0841c91912ae4d239041dfdc084ce6c0-cold-2}: Stopping workload workload_id="startup-0841c91912ae4d239041dfdc084ce6c0-cold-2"
2026-09-12T00:48:33.512977Z  INFO workload_stop{workload_id=startup-0841c91912ae4d239041dfdc084ce6c0-cold-3}: Stopping workload workload_id="startup-0841c91912ae4d239041dfdc084ce6c0-cold-3"
2026-09-12T00:48:33.514610Z  INFO workload_stop{workload_id=startup-0841c91912ae4d239041dfdc084ce6c0-cold-4}: Stopping workload workload_id="startup-0841c91912ae4d239041dfdc084ce6c0-cold-4"
2026-09-12T00:48:33.516303Z  INFO workload_stop{workload_id=startup-0841c91912ae4d239041dfdc084ce6c0-cold-5}: Stopping workload workload_id="startup-0841c91912ae4d239041dfdc084ce6c0-cold-5"
2026-09-12T00:48:33.517738Z  INFO workload_stop{workload_id=startup-0841c91912ae4d239041dfdc084ce6c0-cold-6}: Stopping workload workload_id="startup-0841c91912ae4d239041dfdc084ce6c0-cold-6"
2026-09-12T00:48:33.519507Z  INFO workload_stop{workload_id=startup-0841c91912ae4d239041dfdc084ce6c0-cold-7}: Stopping workload workload_id="startup-0841c91912ae4d239041dfdc084ce6c0-cold-7"
2026-09-12T00:48:33.521260Z  INFO workload_stop{workload_id=startup-0841c91912ae4d239041dfdc084ce6c0-warm-0}: Stopping workload workload_id="startup-0841c91912ae4d239041dfdc084ce6c0-warm-0"
2026-09-12T00:48:33.522950Z  INFO workload_stop{workload_id=startup-0841c91912ae4d239041dfdc084ce6c0-warm-1}: Stopping workload workload_id="startup-0841c91912ae4d239041dfdc084ce6c0-warm-1"
2026-09-12T00:48:33.524593Z  INFO workload_stop{workload_id=startup-0841c91912ae4d239041dfdc084ce6c0-warm-2}: Stopping workload workload_id="startup-0841c91912ae4d239041dfdc084ce6c0-warm-2"
2026-09-12T00:48:33.526155Z  INFO workload_stop{workload_id=startup-0841c91912ae4d239041dfdc084ce6c0-warm-3}: Stopping workload workload_id="startup-0841c91912ae4d239041dfdc084ce6c0-warm-3"
2026-09-12T00:48:33.527543Z  INFO workload_stop{workload_id=startup-0841c91912ae4d239041dfdc084ce6c0-warm-4}: Stopping workload workload_id="startup-0841c91912ae4d239041dfdc084ce6c0-warm-4"
2026-09-12T00:48:33.528905Z  INFO workload_stop{workload_id=startup-0841c91912ae4d239041dfdc084ce6c0-warm-5}: Stopping workload workload_id="startup-0841c91912ae4d239041dfdc084ce6c0-warm-5"
2026-09-12T00:48:33.530603Z  INFO workload_stop{workload_id=startup-0841c91912ae4d239041dfdc084ce6c0-warm-6}: Stopping workload workload_id="startup-0841c91912ae4d239041dfdc084ce6c0-warm-6"
2026-09-12T00:48:33.531913Z  INFO workload_stop{workload_id=startup-0841c91912ae4d239041dfdc084ce6c0-warm-7}: Stopping workload workload_id="startup-0841c91912ae4d239041dfdc084ce6c0-warm-7"
2026-09-12T00:48:33.536283Z  INFO shutting down wamn-host
2026-09-12T00:48:33.536322Z  INFO HTTP server stopping addr=127.0.0.1:33893
2026-09-12T00:48:33.536353Z  INFO Stopping WASI OTel plugin
2026-09-12T00:48:33.536742Z  INFO WASI OTel plugin stopped
2026-09-12T00:48:33.537063Z  INFO HTTP server received shutdown signal
