{
    "apiVersion": "v1",
    "items": [
        {
            "apiVersion": "runtime.wasmcloud.dev/v1alpha1",
            "environment": "wamn-receiving-journey",
            "hostId": "52a79467-034d-4577-975c-3ba83d47d2d5",
            "hostname": "10.244.1.6",
            "httpPort": 80,
            "kind": "Host",
            "metadata": {
                "creationTimestamp": "2026-09-09T21:28:57Z",
                "finalizers": [
                    "runtime.wasmcloud.dev/host-finalizer"
                ],
                "generation": 1,
                "labels": {
                    "hostgroup": "default"
                },
                "name": "inexpensive-coast-0754",
                "namespace": "wamn-system",
                "resourceVersion": "1634",
                "uid": "7a6cc001-bb5f-4534-a5ed-c0d2bb1f3b41"
            },
            "status": {
                "componentCount": 1,
                "conditions": [
                    {
                        "lastTransitionTime": "2026-09-09T21:28:57Z",
                        "reason": "Available",
                        "status": "True",
                        "type": "Reporting"
                    },
                    {
                        "lastTransitionTime": "2026-09-09T21:28:58Z",
                        "reason": "Available",
                        "status": "True",
                        "type": "Ready"
                    }
                ],
                "lastSeen": "2026-09-09T21:30:27Z",
                "osArch": "x86_64",
                "osKernel": "unix",
                "osName": "linux",
                "systemCPUUsage": "43.870564",
                "systemMemoryFree": 1608454144,
                "systemMemoryTotal": 65437421568,
                "version": "2.9.0",
                "workloadCount": 1
            }
        },
        {
            "apiVersion": "runtime.wasmcloud.dev/v1alpha1",
            "environment": "wamn-receiving-journey",
            "hostId": "e6225da2-1d71-4006-8e64-8257bbadccde",
            "hostname": "10.244.1.5",
            "httpPort": 80,
            "kind": "Host",
            "metadata": {
                "creationTimestamp": "2026-09-09T21:28:57Z",
                "finalizers": [
                    "runtime.wasmcloud.dev/host-finalizer"
                ],
                "generation": 1,
                "labels": {
                    "hostgroup": "default"
                },
                "name": "married-sleet-9709",
                "namespace": "wamn-system",
                "resourceVersion": "1633",
                "uid": "f4304555-7f31-4633-99f4-15560e0e95f1"
            },
            "status": {
                "conditions": [
                    {
                        "lastTransitionTime": "2026-09-09T21:28:57Z",
                        "reason": "Available",
                        "status": "True",
                        "type": "Reporting"
                    },
                    {
                        "lastTransitionTime": "2026-09-09T21:28:58Z",
                        "reason": "Available",
                        "status": "True",
                        "type": "Ready"
                    }
                ],
                "lastSeen": "2026-09-09T21:30:27Z",
                "osArch": "x86_64",
                "osKernel": "unix",
                "osName": "linux",
                "systemCPUUsage": "43.104515",
                "systemMemoryFree": 1608785920,
                "systemMemoryTotal": 65437421568,
                "version": "2.9.0"
            }
        },
        {
            "apiVersion": "runtime.wasmcloud.dev/v1alpha1",
            "environment": "wamn-receiving-journey",
            "hostId": "f1b1b356-9263-44d6-b563-28d1c568083a",
            "hostname": "10.244.2.6",
            "httpPort": 80,
            "kind": "Host",
            "metadata": {
                "creationTimestamp": "2026-09-09T21:28:57Z",
                "finalizers": [
                    "runtime.wasmcloud.dev/host-finalizer"
                ],
                "generation": 1,
                "labels": {
                    "hostgroup": "default"
                },
                "name": "whispering-can-5396",
                "namespace": "wamn-system",
                "resourceVersion": "1631",
                "uid": "1b228f51-1c6c-47a4-b7d8-e88de35cbd7c"
            },
            "status": {
                "conditions": [
                    {
                        "lastTransitionTime": "2026-09-09T21:28:57Z",
                        "reason": "Available",
                        "status": "True",
                        "type": "Reporting"
                    },
                    {
                        "lastTransitionTime": "2026-09-09T21:28:58Z",
                        "reason": "Available",
                        "status": "True",
                        "type": "Ready"
                    }
                ],
                "lastSeen": "2026-09-09T21:30:27Z",
                "osArch": "x86_64",
                "osKernel": "unix",
                "osName": "linux",
                "systemCPUUsage": "29.559364",
                "systemMemoryFree": 1714581504,
                "systemMemoryTotal": 65437421568,
                "version": "2.9.0",
                "workloadCount": 1
            }
        }
    ],
    "kind": "List",
    "metadata": {
        "resourceVersion": ""
    }
}
