{
    "apiVersion": "v1",
    "items": [
        {
            "apiVersion": "runtime.wasmcloud.dev/v1alpha1",
            "kind": "Workload",
            "metadata": {
                "annotations": {
                    "runtime.wasmcloud.dev/workload-replica-set-generation": "b654666b9"
                },
                "creationTimestamp": "2026-09-09T21:29:01Z",
                "finalizers": [
                    "runtime.wasmcloud.dev/workload-finalizer"
                ],
                "generation": 1,
                "name": "flow-http-67dcbf99bb-7f755b8cb7",
                "namespace": "wamn-receiving-journey",
                "ownerReferences": [
                    {
                        "apiVersion": "runtime.wasmcloud.dev/v1alpha1",
                        "blockOwnerDeletion": true,
                        "controller": true,
                        "kind": "WorkloadReplicaSet",
                        "name": "flow-http-67dcbf99bb",
                        "uid": "a2019e29-8c1c-4fe3-b5c1-093e7ffc1db2"
                    }
                ],
                "resourceVersion": "1330",
                "uid": "d9d82622-7802-49fc-baf8-77b20cb7c41e"
            },
            "spec": {
                "components": [
                    {
                        "image": "172.28.0.9:5000/wamn/flow-http@sha256:e3550e5fd17f7b658cdd1eb0e3e74fad166051e5a98f0ca2527b12e6c74f46a2",
                        "imagePullPolicy": "Always",
                        "localResources": {
                            "config": {
                                "wamn.catalog": "default",
                                "wamn.environment": "dev",
                                "wamn.project": "receiving",
                                "wamn.schema": "receiving",
                                "wamn.tenant": "receiving-route-auth"
                            }
                        },
                        "name": "flow-http"
                    }
                ],
                "environment": "wamn-receiving-journey",
                "hostInterfaces": [
                    {
                        "config": {
                            "host": "receiving.localhost"
                        },
                        "interfaces": [
                            "incoming-handler"
                        ],
                        "namespace": "wasi",
                        "package": "http"
                    },
                    {
                        "interfaces": [
                            "routing"
                        ],
                        "namespace": "wamn",
                        "package": "flow-http-routing",
                        "version": "0.1.0"
                    },
                    {
                        "interfaces": [
                            "delivery"
                        ],
                        "namespace": "wamn",
                        "package": "router-delivery",
                        "version": "0.1.0"
                    }
                ],
                "hostSelector": {
                    "hostgroup": "default"
                },
                "kubernetes": {
                    "service": {
                        "name": "flow-http"
                    }
                }
            },
            "status": {
                "conditions": [
                    {
                        "lastTransitionTime": "2026-09-09T21:29:02Z",
                        "reason": "Available",
                        "status": "True",
                        "type": "Config"
                    },
                    {
                        "lastTransitionTime": "2026-09-09T21:29:02Z",
                        "reason": "Available",
                        "status": "True",
                        "type": "HostSelection"
                    },
                    {
                        "lastTransitionTime": "2026-09-09T21:29:02Z",
                        "reason": "Available",
                        "status": "True",
                        "type": "Placement"
                    },
                    {
                        "lastTransitionTime": "2026-09-09T21:29:02Z",
                        "reason": "Available",
                        "status": "True",
                        "type": "Sync"
                    },
                    {
                        "lastTransitionTime": "2026-09-09T21:29:02Z",
                        "reason": "Available",
                        "status": "True",
                        "type": "Ready"
                    }
                ],
                "environment": "wamn-receiving-journey",
                "hostId": "52a79467-034d-4577-975c-3ba83d47d2d5",
                "workloadId": "d9d82622-7802-49fc-baf8-77b20cb7c41e"
            }
        },
        {
            "apiVersion": "runtime.wasmcloud.dev/v1alpha1",
            "kind": "Workload",
            "metadata": {
                "annotations": {
                    "kubectl.kubernetes.io/last-applied-configuration": "{\"apiVersion\":\"runtime.wasmcloud.dev/v1alpha1\",\"kind\":\"Workload\",\"metadata\":{\"annotations\":{},\"labels\":{\"app\":\"flow-http-cross-environment\"},\"name\":\"flow-http-cross-environment\",\"namespace\":\"wamn-receiving-journey\"},\"spec\":{\"components\":[{\"image\":\"172.28.0.9:5000/wamn/flow-http@sha256:e3550e5fd17f7b658cdd1eb0e3e74fad166051e5a98f0ca2527b12e6c74f46a2\",\"imagePullPolicy\":\"Always\",\"localResources\":{\"config\":{\"wamn.catalog\":\"default\",\"wamn.environment\":\"dev\",\"wamn.project\":\"receiving\",\"wamn.schema\":\"receiving\",\"wamn.tenant\":\"receiving-route-auth\"}},\"name\":\"flow-http\"}],\"environment\":\"wamn-receiving-journey-denied\",\"hostInterfaces\":[{\"config\":{\"host\":\"receiving.localhost\"},\"interfaces\":[\"incoming-handler\"],\"namespace\":\"wasi\",\"package\":\"http\"},{\"interfaces\":[\"routing\"],\"namespace\":\"wamn\",\"package\":\"flow-http-routing\",\"version\":\"0.1.0\"},{\"interfaces\":[\"delivery\"],\"namespace\":\"wamn\",\"package\":\"router-delivery\",\"version\":\"0.1.0\"}],\"hostSelector\":{\"hostgroup\":\"default\"},\"kubernetes\":{\"service\":{\"name\":\"flow-http\"}}}}\n"
                },
                "creationTimestamp": "2026-09-09T21:30:10Z",
                "finalizers": [
                    "runtime.wasmcloud.dev/workload-finalizer"
                ],
                "generation": 1,
                "labels": {
                    "app": "flow-http-cross-environment"
                },
                "name": "flow-http-cross-environment",
                "namespace": "wamn-receiving-journey",
                "resourceVersion": "1589",
                "uid": "098fbb60-43e6-431a-9b1e-851e3640c73a"
            },
            "spec": {
                "components": [
                    {
                        "image": "172.28.0.9:5000/wamn/flow-http@sha256:e3550e5fd17f7b658cdd1eb0e3e74fad166051e5a98f0ca2527b12e6c74f46a2",
                        "imagePullPolicy": "Always",
                        "localResources": {
                            "config": {
                                "wamn.catalog": "default",
                                "wamn.environment": "dev",
                                "wamn.project": "receiving",
                                "wamn.schema": "receiving",
                                "wamn.tenant": "receiving-route-auth"
                            }
                        },
                        "name": "flow-http"
                    }
                ],
                "environment": "wamn-receiving-journey-denied",
                "hostInterfaces": [
                    {
                        "config": {
                            "host": "receiving.localhost"
                        },
                        "interfaces": [
                            "incoming-handler"
                        ],
                        "namespace": "wasi",
                        "package": "http"
                    },
                    {
                        "interfaces": [
                            "routing"
                        ],
                        "namespace": "wamn",
                        "package": "flow-http-routing",
                        "version": "0.1.0"
                    },
                    {
                        "interfaces": [
                            "delivery"
                        ],
                        "namespace": "wamn",
                        "package": "router-delivery",
                        "version": "0.1.0"
                    }
                ],
                "hostSelector": {
                    "hostgroup": "default"
                },
                "kubernetes": {
                    "service": {
                        "name": "flow-http"
                    }
                }
            },
            "status": {
                "conditions": [
                    {
                        "lastTransitionTime": "2026-09-09T21:30:10Z",
                        "reason": "Available",
                        "status": "True",
                        "type": "Config"
                    },
                    {
                        "lastTransitionTime": "2026-09-09T21:30:10Z",
                        "message": "workload targets Environment \"wamn-receiving-journey-denied\" but operator has allowSharedHosts=false",
                        "reason": "Reconcile",
                        "status": "False",
                        "type": "HostSelection"
                    },
                    {
                        "lastTransitionTime": "2026-09-09T21:30:10Z",
                        "message": "status unknown: waiting for Host Selection",
                        "reason": "Reconcile",
                        "status": "Unknown",
                        "type": "Placement"
                    },
                    {
                        "lastTransitionTime": "2026-09-09T21:30:10Z",
                        "message": "status unknown: workload is not placed yet",
                        "reason": "Reconcile",
                        "status": "Unknown",
                        "type": "Sync"
                    },
                    {
                        "lastTransitionTime": "2026-09-09T21:30:10Z",
                        "message": "workload is not placed or not synced",
                        "reason": "Reconcile",
                        "status": "False",
                        "type": "Ready"
                    }
                ]
            }
        },
        {
            "apiVersion": "runtime.wasmcloud.dev/v1alpha1",
            "kind": "Workload",
            "metadata": {
                "annotations": {
                    "runtime.wasmcloud.dev/workload-replica-set-generation": "56c9768b8c"
                },
                "creationTimestamp": "2026-09-09T21:29:06Z",
                "finalizers": [
                    "runtime.wasmcloud.dev/workload-finalizer"
                ],
                "generation": 1,
                "name": "receiving-materializer-54f8984dd-79756c46fd",
                "namespace": "wamn-receiving-journey",
                "ownerReferences": [
                    {
                        "apiVersion": "runtime.wasmcloud.dev/v1alpha1",
                        "blockOwnerDeletion": true,
                        "controller": true,
                        "kind": "WorkloadReplicaSet",
                        "name": "receiving-materializer-54f8984dd",
                        "uid": "cc17d0ea-a83f-485f-a870-b13e835dd034"
                    }
                ],
                "resourceVersion": "1399",
                "uid": "0d10737a-72c8-412e-b457-2a667c93dcca"
            },
            "spec": {
                "environment": "wamn-receiving-journey",
                "hostInterfaces": [
                    {
                        "interfaces": [
                            "types",
                            "client"
                        ],
                        "namespace": "wamn",
                        "package": "postgres",
                        "version": "0.1.0"
                    },
                    {
                        "interfaces": [
                            "types",
                            "consumer"
                        ],
                        "namespace": "wamn",
                        "package": "jetstream",
                        "version": "0.1.0"
                    },
                    {
                        "interfaces": [
                            "routing"
                        ],
                        "namespace": "wamn",
                        "package": "flow-http-routing",
                        "version": "0.1.0"
                    },
                    {
                        "interfaces": [
                            "delivery"
                        ],
                        "namespace": "wamn",
                        "package": "router-delivery",
                        "version": "0.1.0"
                    }
                ],
                "hostSelector": {
                    "hostgroup": "default"
                },
                "service": {
                    "image": "172.28.0.9:5000/wamn/materializer@sha256:5c587f707be54e98fa900254d125e6383a37736684b107acb31849ed7e80f1ad",
                    "imagePullPolicy": "Always",
                    "localResources": {
                        "config": {
                            "wamn.environment": "dev",
                            "wamn.postgres.authority": "event-materializer",
                            "wamn.project": "receiving",
                            "wamn.tenant": "receiving-route-auth"
                        },
                        "environment": {
                            "config": {
                                "WAMN_MAT_ENV": "dev",
                                "WAMN_MAT_FETCH_MS": "500",
                                "WAMN_MAT_MAX_DELIVER": "5",
                                "WAMN_MAT_ORG": "acme",
                                "WAMN_MAT_PROJECT": "receiving",
                                "WAMN_MAT_STREAM": "EVT_acme_dev",
                                "WAMN_MAT_SWEEP_MS": "500",
                                "WAMN_MAT_TENANT": "receiving-route-auth"
                            }
                        }
                    },
                    "maxRestarts": 5
                }
            },
            "status": {
                "conditions": [
                    {
                        "lastTransitionTime": "2026-09-09T21:29:06Z",
                        "reason": "Available",
                        "status": "True",
                        "type": "Config"
                    },
                    {
                        "lastTransitionTime": "2026-09-09T21:29:06Z",
                        "reason": "Available",
                        "status": "True",
                        "type": "HostSelection"
                    },
                    {
                        "lastTransitionTime": "2026-09-09T21:29:06Z",
                        "reason": "Available",
                        "status": "True",
                        "type": "Placement"
                    },
                    {
                        "lastTransitionTime": "2026-09-09T21:29:06Z",
                        "reason": "Available",
                        "status": "True",
                        "type": "Sync"
                    },
                    {
                        "lastTransitionTime": "2026-09-09T21:29:06Z",
                        "reason": "Available",
                        "status": "True",
                        "type": "Ready"
                    }
                ],
                "environment": "wamn-receiving-journey",
                "hostId": "f1b1b356-9263-44d6-b563-28d1c568083a",
                "workloadId": "0d10737a-72c8-412e-b457-2a667c93dcca"
            }
        }
    ],
    "kind": "List",
    "metadata": {
        "resourceVersion": ""
    }
}
