2026-09-09T21:28:42.603670660Z 2026-09-09T21:28:42Z	INFO	setup	starting manager
2026-09-09T21:28:42.603724643Z 2026-09-09T21:28:42Z	INFO	controller-runtime.metrics	Starting metrics server
2026-09-09T21:28:42.603728828Z 2026-09-09T21:28:42Z	INFO	starting server	{"name": "health probe", "addr": "[::]:8082"}
2026-09-09T21:28:42.603786079Z 2026-09-09T21:28:42Z	INFO	controller-runtime.metrics	Serving metrics server	{"bindAddress": ":8081", "secure": false}
2026-09-09T21:28:42.704566468Z I0909 21:28:42.704502       1 leaderelection.go:258] "Attempting to acquire leader lease..." lock="wamn-system/d34db3ef.wasmcloud.dev"
2026-09-09T21:28:42.716009582Z I0909 21:28:42.715951       1 leaderelection.go:272] "Successfully acquired lease" lock="wamn-system/d34db3ef.wasmcloud.dev"
2026-09-09T21:28:42.716123008Z 2026-09-09T21:28:42Z	DEBUG	events	runtime-operator-5bc6494bdb-prtpt_492945a4-b655-47b8-8628-b8f22214c2f2 became leader	{"type": "Normal", "object": {"kind":"Lease","namespace":"wamn-system","name":"d34db3ef.wasmcloud.dev","uid":"d71286d5-1a7c-4845-9454-03a71985d5b8","apiVersion":"coordination.k8s.io/v1","resourceVersion":"1040"}, "reason": "LeaderElection"}
2026-09-09T21:28:42.716222723Z 2026-09-09T21:28:42Z	INFO	Starting EventSource	{"controller": "runtime-artifact", "controllerGroup": "runtime.wasmcloud.dev", "controllerKind": "Artifact", "source": "kind source: *v1alpha1.Artifact"}
2026-09-09T21:28:42.716410356Z 2026-09-09T21:28:42Z	INFO	Starting EventSource	{"controller": "workload-host", "controllerGroup": "runtime.wasmcloud.dev", "controllerKind": "Host", "source": "kind source: *v1alpha1.Host"}
2026-09-09T21:28:42.716586772Z 2026-09-09T21:28:42Z	INFO	Starting EventSource	{"controller": "workload-replica", "controllerGroup": "runtime.wasmcloud.dev", "controllerKind": "Workload", "source": "kind source: *v1alpha1.Workload"}
2026-09-09T21:28:42.716640383Z 2026-09-09T21:28:42Z	INFO	Starting EventSource	{"controller": "host-pod", "controllerGroup": "", "controllerKind": "Pod", "source": "kind source: *v1.Pod"}
2026-09-09T21:28:42.716746303Z 2026-09-09T21:28:42Z	INFO	Starting EventSource	{"controller": "workload-deployment", "controllerGroup": "runtime.wasmcloud.dev", "controllerKind": "WorkloadDeployment", "source": "kind source: *v1alpha1.WorkloadDeployment"}
2026-09-09T21:28:42.716893439Z 2026-09-09T21:28:42Z	INFO	Starting EventSource	{"controller": "workload-deployment", "controllerGroup": "runtime.wasmcloud.dev", "controllerKind": "WorkloadDeployment", "source": "kind source: *v1alpha1.WorkloadReplicaSet"}
2026-09-09T21:28:42.716896992Z 2026-09-09T21:28:42Z	INFO	Starting EventSource	{"controller": "workload-replicaset", "controllerGroup": "runtime.wasmcloud.dev", "controllerKind": "WorkloadReplicaSet", "source": "kind source: *v1alpha1.Workload"}
2026-09-09T21:28:42.716898341Z 2026-09-09T21:28:42Z	INFO	Starting EventSource	{"controller": "workload-replicaset", "controllerGroup": "runtime.wasmcloud.dev", "controllerKind": "WorkloadReplicaSet", "source": "kind source: *v1alpha1.WorkloadReplicaSet"}
2026-09-09T21:28:42.716899761Z 2026-09-09T21:28:42Z	INFO	Starting EventSource	{"controller": "workload-route", "source": "kind source: *v1alpha1.Workload"}
2026-09-09T21:28:42.817205725Z 2026-09-09T21:28:42Z	INFO	Starting Controller	{"controller": "workload-replica", "controllerGroup": "runtime.wasmcloud.dev", "controllerKind": "Workload"}
2026-09-09T21:28:42.817349587Z 2026-09-09T21:28:42Z	INFO	Starting workers	{"controller": "workload-replica", "controllerGroup": "runtime.wasmcloud.dev", "controllerKind": "Workload", "worker count": 1}
2026-09-09T21:28:42.817489628Z 2026-09-09T21:28:42Z	INFO	Starting Controller	{"controller": "workload-host", "controllerGroup": "runtime.wasmcloud.dev", "controllerKind": "Host"}
2026-09-09T21:28:42.817492542Z 2026-09-09T21:28:42Z	INFO	Starting workers	{"controller": "workload-host", "controllerGroup": "runtime.wasmcloud.dev", "controllerKind": "Host", "worker count": 1}
2026-09-09T21:28:42.918078104Z 2026-09-09T21:28:42Z	INFO	Starting Controller	{"controller": "workload-deployment", "controllerGroup": "runtime.wasmcloud.dev", "controllerKind": "WorkloadDeployment"}
2026-09-09T21:28:42.918098603Z 2026-09-09T21:28:42Z	INFO	Starting workers	{"controller": "workload-deployment", "controllerGroup": "runtime.wasmcloud.dev", "controllerKind": "WorkloadDeployment", "worker count": 1}
2026-09-09T21:28:42.918099872Z 2026-09-09T21:28:42Z	INFO	Starting Controller	{"controller": "runtime-artifact", "controllerGroup": "runtime.wasmcloud.dev", "controllerKind": "Artifact"}
2026-09-09T21:28:42.918100743Z 2026-09-09T21:28:42Z	INFO	Starting workers	{"controller": "runtime-artifact", "controllerGroup": "runtime.wasmcloud.dev", "controllerKind": "Artifact", "worker count": 1}
2026-09-09T21:28:42.918101519Z 2026-09-09T21:28:42Z	INFO	Starting Controller	{"controller": "workload-replicaset", "controllerGroup": "runtime.wasmcloud.dev", "controllerKind": "WorkloadReplicaSet"}
2026-09-09T21:28:42.918102311Z 2026-09-09T21:28:42Z	INFO	Starting workers	{"controller": "workload-replicaset", "controllerGroup": "runtime.wasmcloud.dev", "controllerKind": "WorkloadReplicaSet", "worker count": 1}
2026-09-09T21:28:42.918103394Z 2026-09-09T21:28:42Z	INFO	Starting Controller	{"controller": "workload-route"}
2026-09-09T21:28:42.918104314Z 2026-09-09T21:28:42Z	INFO	Starting workers	{"controller": "workload-route", "worker count": 1}
2026-09-09T21:28:43.018331257Z 2026-09-09T21:28:43Z	INFO	Starting Controller	{"controller": "host-pod", "controllerGroup": "", "controllerKind": "Pod"}
2026-09-09T21:28:43.018349966Z 2026-09-09T21:28:43Z	INFO	Starting workers	{"controller": "host-pod", "controllerGroup": "", "controllerKind": "Pod", "worker count": 1}
2026-09-09T21:29:01.900070856Z 2026-09-09T21:29:01Z	ERROR	Reconciler error	{"controller": "workload-replicaset", "controllerGroup": "runtime.wasmcloud.dev", "controllerKind": "WorkloadReplicaSet", "WorkloadReplicaSet": {"name":"flow-http-c984c74f7","namespace":"wamn-receiving-journey"}, "namespace": "wamn-receiving-journey", "name": "flow-http-c984c74f7", "reconcileID": "b4a908f8-6b4e-4c14-a73d-5619aa2dc585", "error": "workloadreplicasets.runtime.wasmcloud.dev \"flow-http-c984c74f7\" not found"}
2026-09-09T21:29:01.900098471Z sigs.k8s.io/controller-runtime/pkg/internal/controller.(*Controller[...]).reconcileHandler
2026-09-09T21:29:01.900101804Z 	/go/pkg/mod/sigs.k8s.io/controller-runtime@v0.24.1/pkg/internal/controller/controller.go:494
2026-09-09T21:29:01.900104207Z sigs.k8s.io/controller-runtime/pkg/internal/controller.(*Controller[...]).processNextWorkItem
2026-09-09T21:29:01.900106967Z 	/go/pkg/mod/sigs.k8s.io/controller-runtime@v0.24.1/pkg/internal/controller/controller.go:437
2026-09-09T21:29:01.900109373Z sigs.k8s.io/controller-runtime/pkg/internal/controller.(*Controller[...]).Start.func1.1
2026-09-09T21:29:01.900111961Z 	/go/pkg/mod/sigs.k8s.io/controller-runtime@v0.24.1/pkg/internal/controller/controller.go:312
2026-09-09T21:29:01.916936671Z 2026-09-09T21:29:01Z	INFO	deleted EndpointSlice (no ready endpoints)	{"controller": "workload-route", "namespace": "wamn-receiving-journey", "name": "flow-http", "reconcileID": "067ccb4d-7f1b-416c-94eb-ceafaffebfcf", "service": {"name":"flow-http","namespace":"wamn-receiving-journey"}, "endpointSlice": "flow-http-98924a98"}
2026-09-09T21:29:01.938305073Z 2026-09-09T21:29:01Z	INFO	deleted EndpointSlice (no ready endpoints)	{"controller": "workload-route", "namespace": "wamn-receiving-journey", "name": "flow-http", "reconcileID": "ce20917a-d8a3-4c1e-b922-646c3e1beb3b", "service": {"name":"flow-http","namespace":"wamn-receiving-journey"}, "endpointSlice": "flow-http-98924a98"}
2026-09-09T21:29:01.955113641Z 2026-09-09T21:29:01Z	INFO	deleted EndpointSlice (no ready endpoints)	{"controller": "workload-route", "namespace": "wamn-receiving-journey", "name": "flow-http", "reconcileID": "beff375d-163a-4cdb-b028-79edd9ae8f64", "service": {"name":"flow-http","namespace":"wamn-receiving-journey"}, "endpointSlice": "flow-http-98924a98"}
2026-09-09T21:29:02.060056384Z 2026-09-09T21:29:02Z	INFO	deleted EndpointSlice (no ready endpoints)	{"controller": "workload-route", "namespace": "wamn-receiving-journey", "name": "flow-http", "reconcileID": "142eeeb2-277b-45f0-8ab4-4d2110153cd8", "service": {"name":"flow-http","namespace":"wamn-receiving-journey"}, "endpointSlice": "flow-http-98924a98"}
2026-09-09T21:29:02.075260083Z 2026-09-09T21:29:02Z	INFO	deleted EndpointSlice (no ready endpoints)	{"controller": "workload-route", "namespace": "wamn-receiving-journey", "name": "flow-http", "reconcileID": "35549999-dedd-44bb-8ee2-422f502a1d68", "service": {"name":"flow-http","namespace":"wamn-receiving-journey"}, "endpointSlice": "flow-http-98924a98"}
2026-09-09T21:29:02.084382204Z 2026-09-09T21:29:02Z	INFO	deleted EndpointSlice (no ready endpoints)	{"controller": "workload-route", "namespace": "wamn-receiving-journey", "name": "flow-http", "reconcileID": "7538159d-3c7b-4b5a-adae-145cb86680fc", "service": {"name":"flow-http","namespace":"wamn-receiving-journey"}, "endpointSlice": "flow-http-98924a98"}
2026-09-09T21:29:02.091986373Z 2026-09-09T21:29:02Z	INFO	deleted EndpointSlice (no ready endpoints)	{"controller": "workload-route", "namespace": "wamn-receiving-journey", "name": "flow-http", "reconcileID": "0ad9ea3b-208f-431c-82c8-92ed8a311723", "service": {"name":"flow-http","namespace":"wamn-receiving-journey"}, "endpointSlice": "flow-http-98924a98"}
2026-09-09T21:29:02.111420574Z 2026-09-09T21:29:02Z	INFO	deleted EndpointSlice (no ready endpoints)	{"controller": "workload-route", "namespace": "wamn-receiving-journey", "name": "flow-http", "reconcileID": "aa1dbeb1-d944-4d64-9c1e-684e98d200a5", "service": {"name":"flow-http","namespace":"wamn-receiving-journey"}, "endpointSlice": "flow-http-98924a98"}
2026-09-09T21:29:02.294452097Z 2026-09-09T21:29:02Z	INFO	deleted EndpointSlice (no ready endpoints)	{"controller": "workload-route", "namespace": "wamn-receiving-journey", "name": "flow-http", "reconcileID": "b6ab363b-b5fd-443f-bc54-00c2da901d54", "service": {"name":"flow-http","namespace":"wamn-receiving-journey"}, "endpointSlice": "flow-http-98924a98"}
2026-09-09T21:29:02.308928594Z 2026-09-09T21:29:02Z	INFO	deleted EndpointSlice (no ready endpoints)	{"controller": "workload-route", "namespace": "wamn-receiving-journey", "name": "flow-http", "reconcileID": "67f08208-007f-4d7d-9cdd-98b104fc36b4", "service": {"name":"flow-http","namespace":"wamn-receiving-journey"}, "endpointSlice": "flow-http-98924a98"}
2026-09-09T21:29:02.437447229Z 2026-09-09T21:29:02Z	INFO	created EndpointSlice	{"controller": "workload-route", "namespace": "wamn-receiving-journey", "name": "flow-http", "reconcileID": "d60a7c80-29db-40b1-a039-0a55126cd657", "service": {"name":"flow-http","namespace":"wamn-receiving-journey"}, "endpointSlice": "flow-http-98924a98", "endpoints": 1}
2026-09-09T21:29:06.482862247Z 2026-09-09T21:29:06Z	ERROR	Reconciler error	{"controller": "workload-replicaset", "controllerGroup": "runtime.wasmcloud.dev", "controllerKind": "WorkloadReplicaSet", "WorkloadReplicaSet": {"name":"receiving-materializer-5649fd89ff","namespace":"wamn-receiving-journey"}, "namespace": "wamn-receiving-journey", "name": "receiving-materializer-5649fd89ff", "reconcileID": "009dc631-27d9-4155-9459-a5f0d16b27fd", "error": "workloadreplicasets.runtime.wasmcloud.dev \"receiving-materializer-5649fd89ff\" not found"}
2026-09-09T21:29:06.482894820Z sigs.k8s.io/controller-runtime/pkg/internal/controller.(*Controller[...]).reconcileHandler
2026-09-09T21:29:06.482898443Z 	/go/pkg/mod/sigs.k8s.io/controller-runtime@v0.24.1/pkg/internal/controller/controller.go:494
2026-09-09T21:29:06.482901527Z sigs.k8s.io/controller-runtime/pkg/internal/controller.(*Controller[...]).processNextWorkItem
2026-09-09T21:29:06.482904548Z 	/go/pkg/mod/sigs.k8s.io/controller-runtime@v0.24.1/pkg/internal/controller/controller.go:437
2026-09-09T21:29:06.482919865Z sigs.k8s.io/controller-runtime/pkg/internal/controller.(*Controller[...]).Start.func1.1
2026-09-09T21:29:06.482922192Z 	/go/pkg/mod/sigs.k8s.io/controller-runtime@v0.24.1/pkg/internal/controller/controller.go:312
2026-09-09T21:30:10.258023391Z 2026-09-09T21:30:10Z	DEBUG	events	Event occurred	{"object": {"name":"flow-http-cross-environment","namespace":"wamn-receiving-journey"}, "kind": "Workload", "apiVersion": "runtime.wasmcloud.dev/v1alpha1", "type": "Warning", "reason": "CrossEnvironmentSchedulingDenied", "action": "Reject", "note": "Environment \"wamn-receiving-journey-denied\" is outside \"wamn-receiving-journey\" and operator has allowSharedHosts=false"}
2026-09-09T21:30:10.274097732Z 2026-09-09T21:30:10Z	DEBUG	events	Event occurred	{"object": {"name":"flow-http-cross-environment","namespace":"wamn-receiving-journey"}, "kind": "Workload", "apiVersion": "runtime.wasmcloud.dev/v1alpha1", "type": "Warning", "reason": "CrossEnvironmentSchedulingDenied", "action": "Reject", "note": "Environment \"wamn-receiving-journey-denied\" is outside \"wamn-receiving-journey\" and operator has allowSharedHosts=false"}
2026-09-09T21:30:10.295888595Z 2026-09-09T21:30:10Z	DEBUG	events	Event occurred	{"object": {"name":"flow-http-cross-environment","namespace":"wamn-receiving-journey"}, "kind": "Workload", "apiVersion": "runtime.wasmcloud.dev/v1alpha1", "type": "Warning", "reason": "CrossEnvironmentSchedulingDenied", "action": "Reject", "note": "Environment \"wamn-receiving-journey-denied\" is outside \"wamn-receiving-journey\" and operator has allowSharedHosts=false"}
2026-09-09T21:30:10.310148116Z 2026-09-09T21:30:10Z	DEBUG	events	Event occurred	{"object": {"name":"flow-http-cross-environment","namespace":"wamn-receiving-journey"}, "kind": "Workload", "apiVersion": "runtime.wasmcloud.dev/v1alpha1", "type": "Warning", "reason": "CrossEnvironmentSchedulingDenied", "action": "Reject", "note": "Environment \"wamn-receiving-journey-denied\" is outside \"wamn-receiving-journey\" and operator has allowSharedHosts=false"}
2026-09-09T21:30:10.324600057Z 2026-09-09T21:30:10Z	DEBUG	events	Event occurred	{"object": {"name":"flow-http-cross-environment","namespace":"wamn-receiving-journey"}, "kind": "Workload", "apiVersion": "runtime.wasmcloud.dev/v1alpha1", "type": "Warning", "reason": "CrossEnvironmentSchedulingDenied", "action": "Reject", "note": "Environment \"wamn-receiving-journey-denied\" is outside \"wamn-receiving-journey\" and operator has allowSharedHosts=false"}
2026-09-09T21:30:40.336093524Z 2026-09-09T21:30:40Z	DEBUG	events	Event occurred	{"object": {"name":"flow-http-cross-environment","namespace":"wamn-receiving-journey"}, "kind": "Workload", "apiVersion": "runtime.wasmcloud.dev/v1alpha1", "type": "Warning", "reason": "CrossEnvironmentSchedulingDenied", "action": "Reject", "note": "Environment \"wamn-receiving-journey-denied\" is outside \"wamn-receiving-journey\" and operator has allowSharedHosts=false"}
