{
    "apiVersion": "v1",
    "items": [
        {
            "apiVersion": "v1",
            "count": 1,
            "eventTime": null,
            "firstTimestamp": "2026-09-09T21:28:28Z",
            "involvedObject": {
                "apiVersion": "v1",
                "kind": "Pod",
                "name": "runtime-operator-5bc6494bdb-prtpt",
                "namespace": "wamn-system",
                "resourceVersion": "965",
                "uid": "8b66b9f0-ab5a-4968-8c52-ef52a8c20a1b"
            },
            "kind": "Event",
            "lastTimestamp": "2026-09-09T21:28:28Z",
            "message": "Successfully assigned wamn-system/runtime-operator-5bc6494bdb-prtpt to wamn-receiving-journey-worker2",
            "metadata": {
                "creationTimestamp": "2026-09-09T21:28:28Z",
                "name": "runtime-operator-5bc6494bdb-prtpt.18d3c44c3a0626fe",
                "namespace": "wamn-system",
                "resourceVersion": "977",
                "uid": "90cbe458-c53c-4dc5-8a40-a7dddfc55363"
            },
            "reason": "Scheduled",
            "reportingComponent": "default-scheduler",
            "reportingInstance": "",
            "source": {
                "component": "default-scheduler"
            },
            "type": "Normal"
        },
        {
            "apiVersion": "v1",
            "count": 2,
            "eventTime": null,
            "firstTimestamp": "2026-09-09T21:28:29Z",
            "involvedObject": {
                "apiVersion": "v1",
                "fieldPath": "spec.containers{runtime-operator}",
                "kind": "Pod",
                "name": "runtime-operator-5bc6494bdb-prtpt",
                "namespace": "wamn-system",
                "resourceVersion": "973",
                "uid": "8b66b9f0-ab5a-4968-8c52-ef52a8c20a1b"
            },
            "kind": "Event",
            "lastTimestamp": "2026-09-09T21:28:40Z",
            "message": "Pulling image \"ghcr.io/wasmcloud/runtime-operator:2.9.0\"",
            "metadata": {
                "creationTimestamp": "2026-09-09T21:28:29Z",
                "name": "runtime-operator-5bc6494bdb-prtpt.18d3c44c5c0dc642",
                "namespace": "wamn-system",
                "resourceVersion": "1026",
                "uid": "cd3e3c9a-af19-4aa1-b1cd-8b271745e41c"
            },
            "reason": "Pulling",
            "reportingComponent": "kubelet",
            "reportingInstance": "wamn-receiving-journey-worker2",
            "source": {
                "component": "kubelet",
                "host": "wamn-receiving-journey-worker2"
            },
            "type": "Normal"
        },
        {
            "apiVersion": "v1",
            "count": 1,
            "eventTime": null,
            "firstTimestamp": "2026-09-09T21:28:33Z",
            "involvedObject": {
                "apiVersion": "v1",
                "fieldPath": "spec.containers{runtime-operator}",
                "kind": "Pod",
                "name": "runtime-operator-5bc6494bdb-prtpt",
                "namespace": "wamn-system",
                "resourceVersion": "973",
                "uid": "8b66b9f0-ab5a-4968-8c52-ef52a8c20a1b"
            },
            "kind": "Event",
            "lastTimestamp": "2026-09-09T21:28:33Z",
            "message": "Successfully pulled image \"ghcr.io/wasmcloud/runtime-operator:2.9.0\" in 2.402s (4.521s including waiting). Image size: 35628580 bytes.",
            "metadata": {
                "creationTimestamp": "2026-09-09T21:28:33Z",
                "name": "runtime-operator-5bc6494bdb-prtpt.18d3c44d698ddf75",
                "namespace": "wamn-system",
                "resourceVersion": "1003",
                "uid": "22033dca-6f20-40f1-bd12-3a8082261d96"
            },
            "reason": "Pulled",
            "reportingComponent": "kubelet",
            "reportingInstance": "wamn-receiving-journey-worker2",
            "source": {
                "component": "kubelet",
                "host": "wamn-receiving-journey-worker2"
            },
            "type": "Normal"
        },
        {
            "apiVersion": "v1",
            "count": 2,
            "eventTime": null,
            "firstTimestamp": "2026-09-09T21:28:33Z",
            "involvedObject": {
                "apiVersion": "v1",
                "fieldPath": "spec.containers{runtime-operator}",
                "kind": "Pod",
                "name": "runtime-operator-5bc6494bdb-prtpt",
                "namespace": "wamn-system",
                "resourceVersion": "973",
                "uid": "8b66b9f0-ab5a-4968-8c52-ef52a8c20a1b"
            },
            "kind": "Event",
            "lastTimestamp": "2026-09-09T21:28:40Z",
            "message": "Container created",
            "metadata": {
                "creationTimestamp": "2026-09-09T21:28:33Z",
                "name": "runtime-operator-5bc6494bdb-prtpt.18d3c44d6e0f4061",
                "namespace": "wamn-system",
                "resourceVersion": "1029",
                "uid": "1ca52e6d-acbf-4026-898e-b34694f30e66"
            },
            "reason": "Created",
            "reportingComponent": "kubelet",
            "reportingInstance": "wamn-receiving-journey-worker2",
            "source": {
                "component": "kubelet",
                "host": "wamn-receiving-journey-worker2"
            },
            "type": "Normal"
        },
        {
            "apiVersion": "v1",
            "count": 2,
            "eventTime": null,
            "firstTimestamp": "2026-09-09T21:28:33Z",
            "involvedObject": {
                "apiVersion": "v1",
                "fieldPath": "spec.containers{runtime-operator}",
                "kind": "Pod",
                "name": "runtime-operator-5bc6494bdb-prtpt",
                "namespace": "wamn-system",
                "resourceVersion": "973",
                "uid": "8b66b9f0-ab5a-4968-8c52-ef52a8c20a1b"
            },
            "kind": "Event",
            "lastTimestamp": "2026-09-09T21:28:40Z",
            "message": "Container started",
            "metadata": {
                "creationTimestamp": "2026-09-09T21:28:33Z",
                "name": "runtime-operator-5bc6494bdb-prtpt.18d3c44d726b5eeb",
                "namespace": "wamn-system",
                "resourceVersion": "1030",
                "uid": "b301c565-fe5f-4277-a7e0-96d019943842"
            },
            "reason": "Started",
            "reportingComponent": "kubelet",
            "reportingInstance": "wamn-receiving-journey-worker2",
            "source": {
                "component": "kubelet",
                "host": "wamn-receiving-journey-worker2"
            },
            "type": "Normal"
        },
        {
            "apiVersion": "v1",
            "count": 1,
            "eventTime": null,
            "firstTimestamp": "2026-09-09T21:28:35Z",
            "involvedObject": {
                "apiVersion": "v1",
                "fieldPath": "spec.containers{runtime-operator}",
                "kind": "Pod",
                "name": "runtime-operator-5bc6494bdb-prtpt",
                "namespace": "wamn-system",
                "resourceVersion": "973",
                "uid": "8b66b9f0-ab5a-4968-8c52-ef52a8c20a1b"
            },
            "kind": "Event",
            "lastTimestamp": "2026-09-09T21:28:35Z",
            "message": "Startup probe failed: Get \"http://10.244.2.4:8082/healthz\": context deadline exceeded (Client.Timeout exceeded while awaiting headers)",
            "metadata": {
                "creationTimestamp": "2026-09-09T21:28:35Z",
                "name": "runtime-operator-5bc6494bdb-prtpt.18d3c44db6830781",
                "namespace": "wamn-system",
                "resourceVersion": "1011",
                "uid": "112d363e-0ec5-4f62-8ec7-3907bf49c3f3"
            },
            "reason": "Unhealthy",
            "reportingComponent": "kubelet",
            "reportingInstance": "wamn-receiving-journey-worker2",
            "source": {
                "component": "kubelet",
                "host": "wamn-receiving-journey-worker2"
            },
            "type": "Warning"
        },
        {
            "apiVersion": "v1",
            "count": 1,
            "eventTime": null,
            "firstTimestamp": "2026-09-09T21:28:39Z",
            "involvedObject": {
                "apiVersion": "v1",
                "fieldPath": "spec.containers{runtime-operator}",
                "kind": "Pod",
                "name": "runtime-operator-5bc6494bdb-prtpt",
                "namespace": "wamn-system",
                "resourceVersion": "973",
                "uid": "8b66b9f0-ab5a-4968-8c52-ef52a8c20a1b"
            },
            "kind": "Event",
            "lastTimestamp": "2026-09-09T21:28:39Z",
            "message": "Startup probe failed: Get \"http://10.244.2.4:8082/healthz\": read tcp 10.244.2.1:58390-\u003e10.244.2.4:8082: read: connection reset by peer",
            "metadata": {
                "creationTimestamp": "2026-09-09T21:28:39Z",
                "name": "runtime-operator-5bc6494bdb-prtpt.18d3c44eacb2b362",
                "namespace": "wamn-system",
                "resourceVersion": "1023",
                "uid": "784aa038-5ab4-48be-8424-15e03b55fbec"
            },
            "reason": "Unhealthy",
            "reportingComponent": "kubelet",
            "reportingInstance": "wamn-receiving-journey-worker2",
            "source": {
                "component": "kubelet",
                "host": "wamn-receiving-journey-worker2"
            },
            "type": "Warning"
        },
        {
            "apiVersion": "v1",
            "count": 1,
            "eventTime": null,
            "firstTimestamp": "2026-09-09T21:28:40Z",
            "involvedObject": {
                "apiVersion": "v1",
                "fieldPath": "spec.containers{runtime-operator}",
                "kind": "Pod",
                "name": "runtime-operator-5bc6494bdb-prtpt",
                "namespace": "wamn-system",
                "resourceVersion": "973",
                "uid": "8b66b9f0-ab5a-4968-8c52-ef52a8c20a1b"
            },
            "kind": "Event",
            "lastTimestamp": "2026-09-09T21:28:40Z",
            "message": "Successfully pulled image \"ghcr.io/wasmcloud/runtime-operator:2.9.0\" in 336ms (336ms including waiting). Image size: 35628580 bytes.",
            "metadata": {
                "creationTimestamp": "2026-09-09T21:28:40Z",
                "name": "runtime-operator-5bc6494bdb-prtpt.18d3c44ef66ed400",
                "namespace": "wamn-system",
                "resourceVersion": "1028",
                "uid": "4edacabd-a2cc-4df1-bc46-4e122f40a299"
            },
            "reason": "Pulled",
            "reportingComponent": "kubelet",
            "reportingInstance": "wamn-receiving-journey-worker2",
            "source": {
                "component": "kubelet",
                "host": "wamn-receiving-journey-worker2"
            },
            "type": "Normal"
        }
    ],
    "kind": "List",
    "metadata": {
        "resourceVersion": ""
    }
}
