{
  "summary": {
    "successRate": 1.0,
    "total": 10.00459387,
    "slowest": 0.069401783,
    "fastest": 0.000399345,
    "average": 0.003695293958215204,
    "requestsPerSec": 8643.529275016937,
    "totalData": 3111948,
    "sizePerRequest": 36,
    "sizePerSec": 311051.9067976919
  },
  "metrics": {
    "success_rate": 1.0,
    "requests_per_sec": 8643.529275016937,
    "latency_ms": {
      "min": 0.399,
      "mean": 3.695,
      "p50": 3.43,
      "p95": 6.691,
      "p99": 10.264,
      "max": 69.402
    }
  },
  "responseTimeHistogram": {
    "0.000399345": 1,
    "0.0072995887999999995": 83327,
    "0.0141998326": 2784,
    "0.021100076399999997": 157,
    "0.028000320199999998": 85,
    "0.034900564": 30,
    "0.0418008078": 11,
    "0.0487010516": 32,
    "0.0556012954": 0,
    "0.0625015392": 0,
    "0.069401783": 16
  },
  "latencyPercentiles": {
    "p10": 0.001715343,
    "p25": 0.002499573,
    "p50": 0.003430473,
    "p75": 0.004472571,
    "p90": 0.005661362,
    "p95": 0.006690949,
    "p99": 0.010264022,
    "p99.9": 0.02842334,
    "p99.99": 0.06536767
  },
  "firstByteHistogram": {
    "0.000394964": 1,
    "0.0072889148": 83391,
    "0.014182865599999999": 2727,
    "0.0210768164": 150,
    "0.0279707672": 85,
    "0.034864717999999996": 31,
    "0.041758668799999996": 10,
    "0.048652619599999995": 32,
    "0.055546570399999995": 0,
    "0.062440521199999995": 0,
    "0.069334472": 16
  },
  "firstBytePercentiles": {
    "p10": 0.001704055,
    "p25": 0.002488042,
    "p50": 0.003417978,
    "p75": 0.004455422,
    "p90": 0.005638827,
    "p95": 0.006648955,
    "p99": 0.010169536,
    "p99.9": 0.028366743,
    "p99.99": 0.065329708
  },
  "rps": {
    "mean": 8635.412552780106,
    "stddev": 1702.678656385493,
    "max": 13943.106467540218,
    "min": 1194.3455339349443,
    "percentiles": {
      "p10": 6456.713185939913,
      "p25": 7678.235848530976,
      "p50": 8769.451229156608,
      "p75": 9878.531360758598,
      "p90": 10612.515339339538,
      "p95": 10970.891708039382,
      "p99": 12051.56624163391,
      "p99.9": 12845.680524513233,
      "p99.99": 13943.106467540218
    }
  },
  "details": {
    "DNSDialup": {
      "average": 0.0008354511249999998,
      "fastest": 0.000372133,
      "slowest": 0.0028158
    },
    "DNSLookup": {
      "average": 0.000040913468750000003,
      "fastest": 0.000021473,
      "slowest": 0.000117122
    },
    "firstByte": {
      "average": 0.0036780280805501667,
      "fastest": 0.000394964,
      "slowest": 0.069334472
    }
  },
  "statusCodeDistribution": {
    "404": 86443
  },
  "errorDistribution": {
    "aborted due to deadline": 32
  }
}