{
  "summary": {
    "successRate": 1.0,
    "total": 10.003434579,
    "slowest": 0.057328832,
    "fastest": 0.000328219,
    "average": 0.0017661202607521201,
    "requestsPerSec": 9031.59802630824,
    "totalData": 3251916,
    "sizePerRequest": 36,
    "sizePerSec": 325079.9487234793
  },
  "metrics": {
    "success_rate": 1.0,
    "requests_per_sec": 9031.59802630824,
    "latency_ms": {
      "min": 0.328,
      "mean": 1.766,
      "p50": 1.607,
      "p95": 3.244,
      "p99": 5.3,
      "max": 57.329
    }
  },
  "responseTimeHistogram": {
    "0.000328219": 1,
    "0.006028280300000001": 89703,
    "0.0117283416": 484,
    "0.017428402900000004": 108,
    "0.023128464200000004": 25,
    "0.028828525500000004": 3,
    "0.034528586800000004": 1,
    "0.0402286481": 1,
    "0.0459287094": 1,
    "0.05162877070000001": 0,
    "0.057328832": 4
  },
  "latencyPercentiles": {
    "p10": 0.000809664,
    "p25": 0.001200874,
    "p50": 0.0016074,
    "p75": 0.002090312,
    "p90": 0.002691124,
    "p95": 0.00324428,
    "p99": 0.005300129,
    "p99.9": 0.013364506,
    "p99.99": 0.025308
  },
  "firstByteHistogram": {
    "0.000325051": 1,
    "0.006022853999999999": 89735,
    "0.011720656999999999": 456,
    "0.017418459999999997": 104,
    "0.023116262999999998": 25,
    "0.028814066": 3,
    "0.034511868999999994": 1,
    "0.040209671999999995": 1,
    "0.045907474999999996": 1,
    "0.051605278": 0,
    "0.057303081": 4
  },
  "firstBytePercentiles": {
    "p10": 0.000800799,
    "p25": 0.001192305,
    "p50": 0.001596691,
    "p75": 0.002078445,
    "p90": 0.002674768,
    "p95": 0.003220989,
    "p99": 0.005234203,
    "p99.9": 0.013334063,
    "p99.99": 0.025302938
  },
  "rps": {
    "mean": 9029.13213772204,
    "stddev": 1834.7141599671131,
    "max": 15583.894631823907,
    "min": 3010.274971560422,
    "percentiles": {
      "p10": 6704.005643371828,
      "p25": 7828.618297046475,
      "p50": 9029.631639186588,
      "p75": 10189.138660658926,
      "p90": 11454.540072847502,
      "p95": 12010.322872508845,
      "p99": 13604.634605212133,
      "p99.9": 15501.088176389982,
      "p99.99": 15583.894631823907
    }
  },
  "details": {
    "DNSDialup": {
      "average": 0.0006884858125000001,
      "fastest": 0.00053146,
      "slowest": 0.001154968
    },
    "DNSLookup": {
      "average": 0.000055761000000000004,
      "fastest": 0.000021037,
      "slowest": 0.000143645
    },
    "firstByte": {
      "average": 0.0017530761593251474,
      "fastest": 0.000325051,
      "slowest": 0.057303081
    }
  },
  "statusCodeDistribution": {
    "404": 90331
  },
  "errorDistribution": {
    "aborted due to deadline": 16
  }
}