{
  "summary": {
    "successRate": 1.0,
    "total": 10.001207804,
    "slowest": 0.007898772,
    "fastest": 0.000260167,
    "average": 0.00046758018008874783,
    "requestsPerSec": 2118.2441576233446,
    "totalData": 762624,
    "sizePerRequest": 36,
    "sizePerSec": 76253.19010919734
  },
  "metrics": {
    "success_rate": 1.0,
    "requests_per_sec": 2118.2441576233446,
    "latency_ms": {
      "min": 0.26,
      "mean": 0.468,
      "p50": 0.438,
      "p95": 0.649,
      "p99": 1.089,
      "max": 7.899
    }
  },
  "responseTimeHistogram": {
    "0.000260167": 1,
    "0.0010240275": 20937,
    "0.0017878879999999998": 189,
    "0.0025517484999999997": 32,
    "0.0033156089999999997": 8,
    "0.0040794695": 9,
    "0.00484333": 3,
    "0.0056071905": 2,
    "0.006371051": 2,
    "0.0071349115": 0,
    "0.007898772": 1
  },
  "latencyPercentiles": {
    "p10": 0.00035421,
    "p25": 0.000389971,
    "p50": 0.000438046,
    "p75": 0.000499444,
    "p90": 0.000574007,
    "p95": 0.00064944,
    "p99": 0.00108918,
    "p99.9": 0.002790132,
    "p99.99": 0.005956258
  },
  "firstByteHistogram": {
    "0.000258104": 1,
    "0.0010212934": 20941,
    "0.0017844827999999998": 185,
    "0.0025476721999999996": 32,
    "0.0033108616": 8,
    "0.004074051": 9,
    "0.0048372404": 3,
    "0.0056004298": 2,
    "0.0063636192": 2,
    "0.0071268086": 0,
    "0.007889998": 1
  },
  "firstBytePercentiles": {
    "p10": 0.000350134,
    "p25": 0.000385155,
    "p50": 0.000432905,
    "p75": 0.000493526,
    "p90": 0.000567663,
    "p95": 0.000641423,
    "p99": 0.001076386,
    "p99.9": 0.002782429,
    "p99.99": 0.005946361
  },
  "rps": {
    "mean": 2115.3493624603057,
    "stddev": 382.0618112976334,
    "max": 3043.4124525888656,
    "min": 126.50837517071872,
    "percentiles": {
      "p10": 1665.9589811745007,
      "p25": 1939.9056041932208,
      "p50": 2142.2304311585353,
      "p75": 2359.513053954667,
      "p90": 2548.6740676084287,
      "p95": 2657.2276489854157,
      "p99": 2809.560789686272,
      "p99.9": 2924.522117959214,
      "p99.99": 3043.4124525888656
    }
  },
  "details": {
    "DNSDialup": {
      "average": 0.000472374,
      "fastest": 0.000472374,
      "slowest": 0.000472374
    },
    "DNSLookup": {
      "average": 0.000124219,
      "fastest": 0.000124219,
      "slowest": 0.000124219
    },
    "firstByte": {
      "average": 0.00046230619505286975,
      "fastest": 0.000258104,
      "slowest": 0.007889998
    }
  },
  "statusCodeDistribution": {
    "404": 21184
  },
  "errorDistribution": {
    "aborted due to deadline": 1
  }
}