1673ee4f845df06bc402948444b43e24c58e0b34
b53f20fbd5f4c7816845b813e8524c9e4909b81e4c3a5b7b37515d086373c1b4  tests/integration/src/route_authentication_live/fresh_only.rs
warning: function `canonical_serialized` is never used
   --> crates/catalog/model/src/lib.rs:792:4
    |
792 | fn canonical_serialized(value: &impl Serialize) -> Vec<u8> {
    |    ^^^^^^^^^^^^^^^^^^^^
    |
    = note: `#[warn(dead_code)]` (part of `#[warn(unused)]`) on by default

warning: `wamn-catalog` (lib) generated 1 warning
warning: the item `Future` is imported redundantly
 --> crates/platform/runtime/src/connection_authority.rs:3:5
  |
3 | use std::future::Future;
  |     ^^^^^^^^^^^^^^^^^^^
  |
 --> /rustc/88d9e12ae178fab0fb5cc050a94da85685d449ea/library/std/src/prelude/mod.rs:166:12
  |
  = note: the item `Future` is already defined here
  |
  = note: requested on the command line with `-W redundant-imports`

warning: the item `Future` is imported redundantly
 --> crates/platform/runtime/src/plugins/wamn_postgres/pool.rs:7:5
  |
7 | use std::future::Future;
  |     ^^^^^^^^^^^^^^^^^^^
  |
 --> /rustc/88d9e12ae178fab0fb5cc050a94da85685d449ea/library/std/src/prelude/mod.rs:166:12
  |
  = note: the item `Future` is already defined here

warning: constant `HTTP_CONTRACT` is never used
  --> crates/platform/runtime/src/plugins/connection_http.rs:52:7
   |
52 | const HTTP_CONTRACT: &str = "wamn:connection/http@0.1.0";
   |       ^^^^^^^^^^^^^
   |
   = note: `#[warn(dead_code)]` (part of `#[warn(unused)]`) on by default

warning: type does not implement `std::fmt::Debug`; consider adding `#[derive(Debug)]` or a manual implementation
   --> crates/platform/runtime/src/plugins/connection_http.rs:114:1
    |
114 | / pub struct ConnectionHttp {
115 | |     postgres: Arc<WamnPostgres>,
116 | |     vault: Arc<WamnCredentials>,
117 | |     tenant: Box<str>,
...   |
133 | |     invocations: std::sync::RwLock<HashMap<String, ConnectionInvocation>>,
134 | | }
    | |_^
    |
    = note: requested on the command line with `-W missing-debug-implementations`

warning: type does not implement `std::fmt::Debug`; consider adding `#[derive(Debug)]` or a manual implementation
  --> crates/platform/runtime/src/plugins/wamn_credentials.rs:27:1
   |
27 | / pub struct WamnCredentials {
28 | |     /// Whether ANY backing source was configured. Distinguishes `unavailable`
29 | |     /// (no source — retryable) from `not-found` (source present, name absent —
30 | |     /// config-shaped).
...  |
33 | |     projects: HashMap<String, HashMap<String, String>>,
34 | | }
   | |_^

warning: type does not implement `std::fmt::Debug`; consider adding `#[derive(Debug)]` or a manual implementation
   --> crates/platform/runtime/src/plugins/wamn_jetstream.rs:544:1
    |
544 | / pub struct WamnJetstream {
545 | |     nats_url: Option<String>,
546 | |     /// Lazily-connected, memoized JetStream context. A `Mutex<Option<_>>` (not a
547 | |     /// `OnceCell`) so a transient connect failure is retried on the next call
...   |
569 | |     dlq_depth: Arc<DeadLetterDepth>,
570 | | }
    | |_^

warning: type does not implement `std::fmt::Debug`; consider adding `#[derive(Debug)]` or a manual implementation
    --> crates/platform/runtime/src/plugins/wamn_jetstream.rs:1209:1
     |
1209 | / pub struct JsConsumer {
1210 | |     consumer: Consumer<PullConfig>,
1211 | |     dead_letter: Option<DeadLetterIdentity>,
1212 | | }
     | |_^

warning: type does not implement `std::fmt::Debug`; consider adding `#[derive(Debug)]` or a manual implementation
    --> crates/platform/runtime/src/plugins/wamn_jetstream.rs:1216:1
     |
1216 | / pub struct JsMessage {
1217 | |     msg: async_nats::jetstream::Message,
1218 | |     dead_letter: Option<DeadLetterIdentity>,
1219 | | }
     | |_^

warning: type does not implement `std::fmt::Debug`; consider adding `#[derive(Debug)]` or a manual implementation
   --> crates/platform/runtime/src/plugins/wamn_logging.rs:213:1
    |
213 | / pub struct Capture {
214 | |     records: std::sync::Mutex<Vec<CapturedRec>>,
215 | | }
    | |_^

warning: type does not implement `std::fmt::Debug`; consider adding `#[derive(Debug)]` or a manual implementation
   --> crates/platform/runtime/src/plugins/wamn_logging.rs:235:1
    |
235 | / pub struct WamnLogging {
236 | |     /// component id → host-trusted {tenant, project}.
237 | |     claims: std::sync::RwLock<HashMap<String, Claim>>,
238 | |     /// Bounded front queue; `try_send` keeps `log()` non-blocking.
...   |
243 | |     _drain: tokio::task::JoinHandle<()>,
244 | | }
    | |_^

warning: type does not implement `std::fmt::Debug`; consider adding `#[derive(Debug)]` or a manual implementation
   --> crates/platform/runtime/src/plugins/wamn_postgres/claims.rs:55:1
    |
 55 | / pub struct WamnPostgres {
 56 | |     /// Resolves a project id → its database connection + policy.
 57 | |     provider: Arc<dyn CredentialProvider>,
 58 | |     /// Guest-visible project pools, built lazily and never shared with host-owned
...   |
121 | |     pub(super) bind_counters: super::BindCounters,
122 | | }
    | |_^

warning: type does not implement `std::fmt::Debug`; consider adding `#[derive(Debug)]` or a manual implementation
   --> crates/platform/runtime/src/plugins/wamn_postgres/pool.rs:339:1
    |
339 | / pub struct StaticCredentialProvider {
340 | |     projects: HashMap<String, ProjectConfig>,
341 | | }
    | |_^

warning: type does not implement `std::fmt::Debug`; consider adding `#[derive(Debug)]` or a manual implementation
   --> crates/platform/runtime/src/plugins/wamn_postgres/pool.rs:514:1
    |
514 | / pub struct K8sSecretProvider {
515 | |     pub namespace: String,
516 | | }
    | |_^

warning: type does not implement `std::fmt::Debug`; consider adding `#[derive(Debug)]` or a manual implementation
   --> crates/platform/runtime/src/plugins/wamn_postgres/resources.rs:99:1
    |
 99 | / pub struct PgTransaction {
100 | |     state: SharedTxnState,
101 | |     destroyed: Arc<AtomicU64>,
102 | |     cursor_seq: u32,
103 | |     /// Row limit of the project this transaction's connection belongs to.
104 | |     row_limit: u64,
105 | | }
    | |_^

warning: type does not implement `std::fmt::Debug`; consider adding `#[derive(Debug)]` or a manual implementation
   --> crates/platform/runtime/src/plugins/wamn_postgres/resources.rs:145:1
    |
145 | / pub struct PgCursor {
146 | |     state: SharedTxnState,
147 | |     destroyed: Arc<AtomicU64>,
148 | |     name: String,
149 | | }
    | |_^

warning: type does not implement `std::fmt::Debug`; consider adding `#[derive(Debug)]` or a manual implementation
   --> crates/platform/runtime/src/wiring_doorbell.rs:145:1
    |
145 | / pub struct WiringDoorbellListener {
146 | |     shutdown: tokio::sync::watch::Sender<bool>,
147 | |     task: tokio::task::JoinHandle<()>,
148 | | }
    | |_^

warning: `wamn-runtime` (lib) generated 16 warnings
warning: type does not implement `std::fmt::Debug`; consider adding `#[derive(Debug)]` or a manual implementation
   --> services/scenario-worker/src/authoring.rs:218:1
    |
218 | / pub struct InternalAuthoringBackend {
219 | |     authority: InternalDevAdmin,
220 | |     client: Client,
221 | |     connection_task: tokio::task::JoinHandle<()>,
222 | |     tenant_id: Box<str>,
223 | |     source_schema: BareSchemaName,
224 | | }
    | |_^
    |
    = note: requested on the command line with `-W missing-debug-implementations`

warning: type does not implement `std::fmt::Debug`; consider adding `#[derive(Debug)]` or a manual implementation
   --> services/scenario-worker/src/store/admission.rs:316:1
    |
316 | / pub struct AdmissionSurface {
317 | |     /// The explicit credential and exact server-side predicates are retained so
318 | |     /// every replacement physical connection is checked identically.
319 | |     probe: CredentialExactnessProbe,
...   |
322 | |     tenant_id: Box<str>,
323 | | }
    | |_^

warning: function `run_once_stages` is never used
   --> services/ctl/src/dev.rs:603:10
    |
603 | async fn run_once_stages<R>(
    |          ^^^^^^^^^^^^^^^
    |
    = note: `#[warn(dead_code)]` (part of `#[warn(unused)]`) on by default

warning: function `verify_source_package_with_client` is never used
    --> services/ctl/src/push_component.rs:1301:10
     |
1301 | async fn verify_source_package_with_client(
     |          ^^^^^^^^^^^^^^^^^^^^^^^^^^^^^^^^^

warning: `wamn-scenario-worker` (lib) generated 2 warnings
warning: `wamn-ctl` (lib) generated 2 warnings
warning: type does not implement `std::fmt::Debug`; consider adding `#[derive(Debug)]` or a manual implementation
  --> test-support/harness/src/ceiling.rs:72:1
   |
72 | / pub struct Ramp {
73 | |     tolerance: f64,
74 | |     max_levels: usize,
75 | |     levels: Vec<LevelStats>,
...  |
82 | |     retrying: bool,
83 | | }
   | |_^
   |
   = note: requested on the command line with `-W missing-debug-implementations`

warning: `wamn-gate-harness` (lib) generated 1 warning
   Compiling wamn-proof-integration v0.1.0 (/home/kaalin/.cache/wamn-lanes/ctc8-15-4-fresh-only-20260909/tests/integration)
error[E0271]: expected `{async block@tests/integration/src/route_authentication_live/fresh_only.rs:810:30: 810:40}` to be a future that resolves to `Result<_, Error>`, but it resolves to `Result<(Result<Emission, NodeError>,), Error>`
   --> tests/integration/src/route_authentication_live/fresh_only.rs:810:21
    |
810 | /                     Box::new(async move {
811 | |                         store.data_mut().order.push("nested");
812 | |                         store.data_mut().nested = Some((context, input.clone()));
813 | |                         anyhow::ensure!(!refuse_nested, "local nested refusal sentinel");
...   |
817 | |                         }),))
818 | |                     })
    | |______________________^ expected `wash_runtime::wasmtime::Error`, found `anyhow::Error`
    |
    = note: `anyhow::Error` and `wash_runtime::wasmtime::Error` have similar names, but are actually distinct types
note: `anyhow::Error` is defined in crate `anyhow`
   --> /home/kaalin/.cargo/registry/src/index.crates.io-1949cf8c6b5b557f/anyhow-1.0.104/src/lib.rs:390:1
    |
390 | pub struct Error {
    | ^^^^^^^^^^^^^^^^
note: `wash_runtime::wasmtime::Error` is defined in crate `wasmtime_internal_core`
   --> /home/kaalin/.cargo/registry/src/index.crates.io-1949cf8c6b5b557f/wasmtime-internal-core-47.0.4/src/error/error.rs:425:1
    |
425 | pub struct Error {
    | ^^^^^^^^^^^^^^^^
    = note: required for the cast from `Box<...>` to `Box<dyn Future<Output = Result<(Result<Emission, ...>,), ...>> + Send>`
    = note: the full name for the type has been written to '/home/kaalin/.cache/wamn-lanes/ctc8-15-4-fresh-only-20260909/target/debug/deps/wamn_proof_integration-790d100c12174f93.long-type-17385884454730239864.txt'
    = note: consider using `--verbose` to print the full type name to the console

error[E0599]: the method `context` exists for enum `Result<(Result<Emission, NodeError>,), Error>`, but its trait bounds were not satisfied
   --> tests/integration/src/route_authentication_live/fresh_only.rs:839:40
    |
839 |                 let (result,) = result.context("execute the actual counter-parent WAT")?;
    |                                        ^^^^^^^ method cannot be called on `Result<(Result<Emission, NodeError>,), Error>` due to unsatisfied trait bounds
    |
   ::: /home/kaalin/.cargo/registry/src/index.crates.io-1949cf8c6b5b557f/wasmtime-internal-core-47.0.4/src/error/error.rs:425:1
    |
425 | pub struct Error {
    | ---------------- doesn't satisfy `_: StdError`
    |
    = note: the following trait bounds were not satisfied:
            `wash_runtime::wasmtime::Error: anyhow::context::ext::StdError`
            which is required by `std::result::Result<(std::result::Result<node_bindings::wamn::node::types::Emission, node_bindings::wamn::node::types::NodeError>,), wash_runtime::wasmtime::Error>: anyhow::Context<(std::result::Result<node_bindings::wamn::node::types::Emission, node_bindings::wamn::node::types::NodeError>,), wash_runtime::wasmtime::Error>`
note: the method `context` exists on the type `wash_runtime::wasmtime::Error`
   --> /home/kaalin/.cargo/registry/src/index.crates.io-1949cf8c6b5b557f/wasmtime-internal-core-47.0.4/src/error/error.rs:740:5
    |
740 | /     pub fn context<C>(self, context: C) -> Self
741 | |     where
742 | |         C: fmt::Display + Send + Sync + 'static,
    | |________________________________________________^
    = help: items from traits can only be used if the trait is in scope
    = note: the full name for the type has been written to '/home/kaalin/.cache/wamn-lanes/ctc8-15-4-fresh-only-20260909/target/debug/deps/wamn_proof_integration-790d100c12174f93.long-type-12922894670700234016.txt'
    = note: consider using `--verbose` to print the full type name to the console
help: use the `?` operator to extract the `wash_runtime::wasmtime::Error` value, propagating a `Result::Err` value to the caller
    |
839 |                 let (result,) = result?.context("execute the actual counter-parent WAT")?;
    |                                       +
help: trait `Context` which provides `context` is implemented but not in scope; perhaps you want to import it
    |
739 +     use wash_runtime::wasmtime::error::Context;
    |

Some errors have detailed explanations: E0271, E0599.
For more information about an error, try `rustc --explain E0271`.
error: could not compile `wamn-proof-integration` (lib test) due to 2 previous errors
TEST_EXIT=101
