 Network wamn-receiving-route-jwk0q3we_default  Creating
 Network wamn-receiving-route-jwk0q3we_default  Created
 Container wamn-receiving-route-jwk0q3we-receiving-route-postgres-1  Creating
 Container wamn-receiving-route-jwk0q3we-authenticated-registry-1  Creating
 Container wamn-receiving-route-jwk0q3we-authenticated-registry-1  Created
 Container wamn-receiving-route-jwk0q3we-receiving-route-postgres-1  Created
 Container wamn-receiving-route-jwk0q3we-authenticated-registry-1  Starting
 Container wamn-receiving-route-jwk0q3we-receiving-route-postgres-1  Starting
 Container wamn-receiving-route-jwk0q3we-authenticated-registry-1  Started
 Container wamn-receiving-route-jwk0q3we-receiving-route-postgres-1  Started
 Container wamn-receiving-route-jwk0q3we-receiving-route-postgres-1  Waiting
 Container wamn-receiving-route-jwk0q3we-authenticated-registry-1  Waiting
 Container wamn-receiving-route-jwk0q3we-authenticated-registry-1  Healthy
 Container wamn-receiving-route-jwk0q3we-receiving-route-postgres-1  Healthy
CREATE DATABASE

running 1 test
test route_authentication_live::production_two_package_release_serves_all_thirteen_pat_routes ... recorded org "acme" (template "trials") in registry.orgs + 2 env policy row(s) stamped insert-if-absent (wamn_system)
org "acme" (template "trials", pooled): placed on the shared pool "route-auth-pg18" (owns no clusters)
prepared identity database generation a
project-env acme/receiving/dev: database "wamn-db-acme--receiving--dev--exgvjkc1" on cluster "route-auth-pg18" (owner wamn_db_owner)
wrote /tmp/wamn-receiving-route.jwk0q3we/route-authentication-live-3536165/database.json (Database CR (kubectl apply))
wrote /tmp/wamn-receiving-route.jwk0q3we/route-authentication-live-3536165/roles.sql (role SQL (psql the TARGET cluster BEFORE the Database CR))
wrote /tmp/wamn-receiving-route.jwk0q3we/route-authentication-live-3536165/privileges.sql (privilege SQL (psql the TARGET cluster AFTER the Database is ready))
wrote /tmp/wamn-receiving-route.jwk0q3we/route-authentication-live-3536165/database-secret.json (database credential Secret; kubectl apply)
recorded project "receiving" + project-env acme/receiving/dev in the registry (wamn_system)
environment namespace "wamn-acme--receiving--dev--exgvjkc1" (instance suffix "exgvjkc1")
wrote /tmp/wamn-receiving-route.jwk0q3we/route-authentication-live-3536165/management-author-pat.json (management-author PAT Secret; kubectl apply)
wrote /tmp/wamn-receiving-route.jwk0q3we/route-authentication-live-3536165/route-caller-pat.json (route-caller PAT Secret; kubectl apply)
aborted identity database generation a
applied wamn_receiving@1.0.0: 1 migration(s)
applied client_acme_receiving@3.0.0: 2 migration(s)
applied EnsureSchema: wamn_run
applied RepairHelperFunction: require_executor_platform_authority
applied RepairHelperFunction: require_management_admission_authority
applied RepairHelperFunction: pin_run_durability_class
applied RepairHelperFunction: guard_event_lineage_immutable
applied RepairHelperFunction: guard_run_admission_pins_immutable
applied RepairHelperFunction: guard_terminal_run_delete
applied RepairHelperFunction: reject_immutable_effect_fact_change
applied RepairHelperFunction: reject_immutable_operator_run_action_change
applied CreateTable: environment_policies
applied CreateTable: runs
applied CreateTable: effect_attempts
applied CreateTable: effect_attempt_dispatches
applied CreateTable: effect_attempt_outcomes
applied CreateTable: operator_run_actions
applied CreateTable: run_queue
applied RepairEffectWriterPrivilege: wamn_run.usage
applied RepairAuthoringPrivilege: wamn_run.usage
applied RepairDispatchReaderPrivilege: wamn_run.dispatch-reader-read-surface
  converged environment policy tenant="receiving-route-auth" environment="dev" durability_class=standard
prepared and authenticated app credential generation a for acme/receiving/dev; wrote /tmp/wamn-receiving-route.jwk0q3we/host-secrets/guest-sql.json
prepared and authenticated executor-platform credential generation a for acme/receiving/dev; wrote /tmp/wamn-receiving-route.jwk0q3we/host-secrets/executor-platform.json
prepared and authenticated event-materializer credential generation a for acme/receiving/dev; wrote /tmp/wamn-receiving-route.jwk0q3we/host-secrets/event-materializer.json
prepared and authenticated http-admitter credential generation a for acme/receiving/dev; wrote /tmp/wamn-receiving-route.jwk0q3we/host-secrets/http-admitter.json
prepared and authenticated identity-reader credential generation a for acme/receiving/dev; wrote /tmp/wamn-receiving-route.jwk0q3we/host-secrets/identity-reader.json
prepared and authenticated control-author credential generation a for acme/receiving/dev; wrote /tmp/wamn-receiving-route.jwk0q3we/route-authentication-live-3536165/control-author.json
prepared and authenticated management-admitter credential generation a for acme/receiving/dev; wrote /tmp/wamn-receiving-route.jwk0q3we/route-authentication-live-3536165/management-admitter.json
projected sha256:a092149c1c8df8b4f74babf64122f9747d15d7b1a78b82b35cb6e496f98fd9a1 (source-project: already converged; control: changed)
sha256:a092149c1c8df8b4f74babf64122f9747d15d7b1a78b82b35cb6e496f98fd9a1
projected sha256:d69ad067860bbc9cccf0c843475b75211ac7e9ce6e7e05a9d3a50918753a66ec (source-project: already converged; control: changed)
sha256:d69ad067860bbc9cccf0c843475b75211ac7e9ce6e7e05a9d3a50918753a66ec
2026-09-11T04:56:22.755183Z  INFO control authoring credential accepted database="wamn_system" role="wamn_control_author_8af1646575ff2081d34e71ba59848f0734b2e1f8_a" generation="a"
2026-09-11T04:56:22.801501Z  INFO management admission credential accepted database="wamn-db-acme--receiving--dev--exgvjkc1" role="wamn_mgmt_admitter_0647fb3c4421a90eae88a93456afb5d35cc12e53_a" generation="a"
2026-09-11T04:56:22.841459Z  INFO project admission database connection ready endpoint=postgresql://127.0.0.1:54332/wamn-db-acme--receiving--dev--exgvjkc1 attempt=1
2026-09-11T04:56:22.841529Z  INFO management authoring surface listening address=127.0.0.1:18089
sha256:506e8a5861568ef66f0d944006c9e0535ead4d5006413ed667bf966a116cd8f4
sha256:682009a5c03a16c1093d13cf449046a197cbafb163b5c4bbc1a0b5542464b8f7
sha256:13b2e3972739106d9b35588201c732d3fc7cdb9b2900dae135ea0bf699c431f3
sha256:a6e70070435b43837194f2f8386cf54c0742a5a8f9d5f885789499e009b1751d
sha256:4cc692f557f2ed5d4dddd1a446e263c1358b229cfa48c8530be76caa42828073
sha256:c2f685cc1ca3a3a083b3fec01e5b6d6ebf6a0045f4fb74067718215a675b14b2
sha256:c8ce4012c813225ce4cc05b48637fbcf134f567b2f868bb6935d710936bc8e00
sha256:03f035ffb64b1f8fc0a6b6f175e4d7910a30af99bc247bc655d351143f73a7be
sha256:c5d614478655eebefb81cbb907796c381efe1fea951480cc8ce68a33d0208a4a
sha256:25379650819aa4282b572ea497f64bf9ca78e5e28dc32a92cb3783164ce2787d
sha256:003fea6dc6ed14076bc69528c8230384490b7a035c5f98d582f025bb75c84792
sha256:400cd2538d296fb24910be7a244241d801b75ba26f75176cc783e401d631d340
sha256:3e8ab8e57d877e66f22b432d929b3d98c53d11edfc184cdb6616b7304225fb61
sha256:2d8ec8d81933ef57c75b1c4760850eb1f77f3200d1ba87f6afb7a80ea59c52e8
run plane already at the schema of record — no actions (7 tables at target)
sha256:62de32341cfb39725f8e03adacb54d478e9421ae7f361384f6a86c9d8f1e829f
sha256:62de32341cfb39725f8e03adacb54d478e9421ae7f361384f6a86c9d8f1e829f
Error: cold Receiving route trace errors: ["\"Cannot find Bearer challenge\"", "\"Cannot find Bearer challenge\"", "invoke wiring node \"operation\": resolve native application workload: workload component Component(f1cd526d-b849-4498-93da-4798f670dab2) requested interfaces that are not available on this host: {WitInterface { namespace: \"wasi\", package: \"io\", interfaces: {\"poll\"}, version: Some(Version { major: 0, minor: 2, patch: 12 }), name: None, config: {} }, WitInterface { namespace: \"wasi\", package: \"clocks\", interfaces: {\"monotonic-clock\"}, version: Some(Version { major: 0, minor: 2, patch: 12 }), name: None, config: {} }, WitInterface { namespace: \"wasi\", package: \"clocks\", interfaces: {\"wall-clock\"}, version: Some(Version { major: 0, minor: 2, patch: 12 }), name: None, config: {} }}"]

Caused by:
    request acme-record-receipt returned 503 Service Unavailable: {"error":{"code":"execution-failed"}}

Stack backtrace:
   0: <anyhow::Error>::msg::<alloc::string::String>
             at /home/kaalin/.cargo/registry/src/index.crates.io-1949cf8c6b5b557f/anyhow-1.0.104/src/backtrace.rs:10:14
   1: successful_value
             at ./tests/integration/src/route_authentication_live.rs:3267:5
   2: {async_fn#0}
             at ./tests/integration/src/route_authentication_live.rs:3757:17
   3: {async_block#0}
             at ./tests/integration/src/route_authentication_live.rs:3495:34
   4: poll<&mut dyn core::future::future::Future<Output=core::result::Result<(), anyhow::Error>>>
             at /rustc/88d9e12ae178fab0fb5cc050a94da85685d449ea/library/core/src/future/future.rs:133:9
   5: poll<&mut core::pin::Pin<&mut dyn core::future::future::Future<Output=core::result::Result<(), anyhow::Error>>>>
             at /rustc/88d9e12ae178fab0fb5cc050a94da85685d449ea/library/core/src/future/future.rs:133:9
   6: {closure#0}<core::pin::Pin<&mut core::pin::Pin<&mut dyn core::future::future::Future<Output=core::result::Result<(), anyhow::Error>>>>>
             at /home/kaalin/.cargo/registry/src/index.crates.io-1949cf8c6b5b557f/tokio-1.53.1/src/runtime/scheduler/current_thread/mod.rs:830:70
   7: with_budget<core::task::poll::Poll<core::result::Result<(), anyhow::Error>>, tokio::runtime::scheduler::current_thread::{impl#9}::block_on::{closure#0}::{closure#0}::{closure_env#0}<core::pin::Pin<&mut core::pin::Pin<&mut dyn core::future::future::Future<Output=core::result::Result<(), anyhow::Error>>>>>>
             at /home/kaalin/.cargo/registry/src/index.crates.io-1949cf8c6b5b557f/tokio-1.53.1/src/task/coop/mod.rs:167:5
   8: budget<core::task::poll::Poll<core::result::Result<(), anyhow::Error>>, tokio::runtime::scheduler::current_thread::{impl#9}::block_on::{closure#0}::{closure#0}::{closure_env#0}<core::pin::Pin<&mut core::pin::Pin<&mut dyn core::future::future::Future<Output=core::result::Result<(), anyhow::Error>>>>>>
             at /home/kaalin/.cargo/registry/src/index.crates.io-1949cf8c6b5b557f/tokio-1.53.1/src/task/coop/mod.rs:133:5
   9: {closure#0}<core::pin::Pin<&mut core::pin::Pin<&mut dyn core::future::future::Future<Output=core::result::Result<(), anyhow::Error>>>>>
             at /home/kaalin/.cargo/registry/src/index.crates.io-1949cf8c6b5b557f/tokio-1.53.1/src/runtime/scheduler/current_thread/mod.rs:830:25
  10: <tokio::runtime::scheduler::current_thread::Context>::enter::<core::task::poll::Poll<core::result::Result<(), anyhow::Error>>, <tokio::runtime::scheduler::current_thread::CoreGuard>::block_on<core::pin::Pin<&mut core::pin::Pin<&mut dyn core::future::future::Future<Output = core::result::Result<(), anyhow::Error>>>>>::{closure#0}::{closure#0}>
             at /home/kaalin/.cargo/registry/src/index.crates.io-1949cf8c6b5b557f/tokio-1.53.1/src/runtime/scheduler/current_thread/mod.rs:488:19
  11: {closure#0}<core::pin::Pin<&mut core::pin::Pin<&mut dyn core::future::future::Future<Output=core::result::Result<(), anyhow::Error>>>>>
             at /home/kaalin/.cargo/registry/src/index.crates.io-1949cf8c6b5b557f/tokio-1.53.1/src/runtime/scheduler/current_thread/mod.rs:829:44
  12: <tokio::runtime::scheduler::current_thread::CoreGuard>::enter::<<tokio::runtime::scheduler::current_thread::CoreGuard>::block_on<core::pin::Pin<&mut core::pin::Pin<&mut dyn core::future::future::Future<Output = core::result::Result<(), anyhow::Error>>>>>::{closure#0}, core::option::Option<core::result::Result<(), anyhow::Error>>>::{closure#0}
             at /home/kaalin/.cargo/registry/src/index.crates.io-1949cf8c6b5b557f/tokio-1.53.1/src/runtime/scheduler/current_thread/mod.rs:906:68
  13: <tokio::runtime::context::scoped::Scoped<tokio::runtime::scheduler::Context>>::set::<<tokio::runtime::scheduler::current_thread::CoreGuard>::enter<<tokio::runtime::scheduler::current_thread::CoreGuard>::block_on<core::pin::Pin<&mut core::pin::Pin<&mut dyn core::future::future::Future<Output = core::result::Result<(), anyhow::Error>>>>>::{closure#0}, core::option::Option<core::result::Result<(), anyhow::Error>>>::{closure#0}, (alloc::boxed::Box<tokio::runtime::scheduler::current_thread::Core>, core::option::Option<core::result::Result<(), anyhow::Error>>)>
             at /home/kaalin/.cargo/registry/src/index.crates.io-1949cf8c6b5b557f/tokio-1.53.1/src/runtime/context/scoped.rs:40:9
  14: tokio::runtime::context::set_scheduler::<(alloc::boxed::Box<tokio::runtime::scheduler::current_thread::Core>, core::option::Option<core::result::Result<(), anyhow::Error>>), <tokio::runtime::scheduler::current_thread::CoreGuard>::enter<<tokio::runtime::scheduler::current_thread::CoreGuard>::block_on<core::pin::Pin<&mut core::pin::Pin<&mut dyn core::future::future::Future<Output = core::result::Result<(), anyhow::Error>>>>>::{closure#0}, core::option::Option<core::result::Result<(), anyhow::Error>>>::{closure#0}>::{closure#0}
             at /home/kaalin/.cargo/registry/src/index.crates.io-1949cf8c6b5b557f/tokio-1.53.1/src/runtime/context.rs:187:38
  15: try_with<tokio::runtime::context::Context, tokio::runtime::context::set_scheduler::{closure_env#0}<(alloc::boxed::Box<tokio::runtime::scheduler::current_thread::Core, alloc::alloc::Global>, core::option::Option<core::result::Result<(), anyhow::Error>>), tokio::runtime::scheduler::current_thread::{impl#9}::enter::{closure_env#0}<tokio::runtime::scheduler::current_thread::{impl#9}::block_on::{closure_env#0}<core::pin::Pin<&mut core::pin::Pin<&mut dyn core::future::future::Future<Output=core::result::Result<(), anyhow::Error>>>>>, core::option::Option<core::result::Result<(), anyhow::Error>>>>, (alloc::boxed::Box<tokio::runtime::scheduler::current_thread::Core, alloc::alloc::Global>, core::option::Option<core::result::Result<(), anyhow::Error>>)>
             at /rustc/88d9e12ae178fab0fb5cc050a94da85685d449ea/library/std/src/thread/local.rs:463:12
  16: <std::thread::local::LocalKey<tokio::runtime::context::Context>>::with::<tokio::runtime::context::set_scheduler<(alloc::boxed::Box<tokio::runtime::scheduler::current_thread::Core>, core::option::Option<core::result::Result<(), anyhow::Error>>), <tokio::runtime::scheduler::current_thread::CoreGuard>::enter<<tokio::runtime::scheduler::current_thread::CoreGuard>::block_on<core::pin::Pin<&mut core::pin::Pin<&mut dyn core::future::future::Future<Output = core::result::Result<(), anyhow::Error>>>>>::{closure#0}, core::option::Option<core::result::Result<(), anyhow::Error>>>::{closure#0}>::{closure#0}, (alloc::boxed::Box<tokio::runtime::scheduler::current_thread::Core>, core::option::Option<core::result::Result<(), anyhow::Error>>)>
             at /rustc/88d9e12ae178fab0fb5cc050a94da85685d449ea/library/std/src/thread/local.rs:427:20
  17: tokio::runtime::context::set_scheduler::<(alloc::boxed::Box<tokio::runtime::scheduler::current_thread::Core>, core::option::Option<core::result::Result<(), anyhow::Error>>), <tokio::runtime::scheduler::current_thread::CoreGuard>::enter<<tokio::runtime::scheduler::current_thread::CoreGuard>::block_on<core::pin::Pin<&mut core::pin::Pin<&mut dyn core::future::future::Future<Output = core::result::Result<(), anyhow::Error>>>>>::{closure#0}, core::option::Option<core::result::Result<(), anyhow::Error>>>::{closure#0}>
             at /home/kaalin/.cargo/registry/src/index.crates.io-1949cf8c6b5b557f/tokio-1.53.1/src/runtime/context.rs:187:17
  18: <tokio::runtime::scheduler::current_thread::CoreGuard>::enter::<<tokio::runtime::scheduler::current_thread::CoreGuard>::block_on<core::pin::Pin<&mut core::pin::Pin<&mut dyn core::future::future::Future<Output = core::result::Result<(), anyhow::Error>>>>>::{closure#0}, core::option::Option<core::result::Result<(), anyhow::Error>>>
             at /home/kaalin/.cargo/registry/src/index.crates.io-1949cf8c6b5b557f/tokio-1.53.1/src/runtime/scheduler/current_thread/mod.rs:906:27
  19: <tokio::runtime::scheduler::current_thread::CoreGuard>::block_on::<core::pin::Pin<&mut core::pin::Pin<&mut dyn core::future::future::Future<Output = core::result::Result<(), anyhow::Error>>>>>
             at /home/kaalin/.cargo/registry/src/index.crates.io-1949cf8c6b5b557f/tokio-1.53.1/src/runtime/scheduler/current_thread/mod.rs:817:24
  20: {closure#0}<core::pin::Pin<&mut dyn core::future::future::Future<Output=core::result::Result<(), anyhow::Error>>>>
             at /home/kaalin/.cargo/registry/src/index.crates.io-1949cf8c6b5b557f/tokio-1.53.1/src/runtime/scheduler/current_thread/mod.rs:218:33
  21: tokio::runtime::context::runtime::enter_runtime::<<tokio::runtime::scheduler::current_thread::CurrentThread>::block_on<core::pin::Pin<&mut dyn core::future::future::Future<Output = core::result::Result<(), anyhow::Error>>>>::{closure#0}, core::result::Result<(), anyhow::Error>>
             at /home/kaalin/.cargo/registry/src/index.crates.io-1949cf8c6b5b557f/tokio-1.53.1/src/runtime/context/runtime.rs:65:16
  22: block_on<core::pin::Pin<&mut dyn core::future::future::Future<Output=core::result::Result<(), anyhow::Error>>>>
             at /home/kaalin/.cargo/registry/src/index.crates.io-1949cf8c6b5b557f/tokio-1.53.1/src/runtime/scheduler/current_thread/mod.rs:206:9
  23: <tokio::runtime::runtime::Runtime>::block_on_inner::<core::pin::Pin<&mut dyn core::future::future::Future<Output = core::result::Result<(), anyhow::Error>>>>
             at /home/kaalin/.cargo/registry/src/index.crates.io-1949cf8c6b5b557f/tokio-1.53.1/src/runtime/runtime.rs:374:52
  24: block_on<core::pin::Pin<&mut dyn core::future::future::Future<Output=core::result::Result<(), anyhow::Error>>>>
             at /home/kaalin/.cargo/registry/src/index.crates.io-1949cf8c6b5b557f/tokio-1.53.1/src/runtime/runtime.rs:343:18
  25: production_two_package_release_serves_all_thirteen_pat_routes
             at ./tests/integration/src/route_authentication_live.rs:3495:34
  26: wamn_proof_integration::route_authentication_live::production_two_package_release_serves_all_thirteen_pat_routes::{closure#0}
             at ./tests/integration/src/route_authentication_live.rs:3494:77
  27: <wamn_proof_integration::route_authentication_live::production_two_package_release_serves_all_thirteen_pat_routes::{closure#0} as core::ops::function::FnOnce<()>>::call_once
             at /rustc/88d9e12ae178fab0fb5cc050a94da85685d449ea/library/core/src/ops/function.rs:250:5
  28: <fn() -> core::result::Result<(), alloc::string::String> as core::ops::function::FnOnce<()>>::call_once
             at /rustc/88d9e12ae178fab0fb5cc050a94da85685d449ea/library/core/src/ops/function.rs:250:5
  29: test::__rust_begin_short_backtrace::<core::result::Result<(), alloc::string::String>, fn() -> core::result::Result<(), alloc::string::String>>
             at /rustc/88d9e12ae178fab0fb5cc050a94da85685d449ea/library/test/src/lib.rs:724:18
  30: test::run_test_in_process::{closure#0}
             at /rustc/88d9e12ae178fab0fb5cc050a94da85685d449ea/library/test/src/lib.rs:747:74
  31: <core::panic::unwind_safe::AssertUnwindSafe<test::run_test_in_process::{closure#0}> as core::ops::function::FnOnce<()>>::call_once
             at /rustc/88d9e12ae178fab0fb5cc050a94da85685d449ea/library/core/src/panic/unwind_safe.rs:275:9
  32: std::panicking::catch_unwind::do_call::<core::panic::unwind_safe::AssertUnwindSafe<test::run_test_in_process::{closure#0}>, core::result::Result<(), alloc::string::String>>
             at /rustc/88d9e12ae178fab0fb5cc050a94da85685d449ea/library/std/src/panicking.rs:576:43
  33: std::panicking::catch_unwind::<core::result::Result<(), alloc::string::String>, core::panic::unwind_safe::AssertUnwindSafe<test::run_test_in_process::{closure#0}>>
             at /rustc/88d9e12ae178fab0fb5cc050a94da85685d449ea/library/std/src/panicking.rs:544:19
  34: std::panic::catch_unwind::<core::panic::unwind_safe::AssertUnwindSafe<test::run_test_in_process::{closure#0}>, core::result::Result<(), alloc::string::String>>
             at /rustc/88d9e12ae178fab0fb5cc050a94da85685d449ea/library/std/src/panic.rs:359:14
  35: test::run_test_in_process
             at /rustc/88d9e12ae178fab0fb5cc050a94da85685d449ea/library/test/src/lib.rs:747:27
  36: test::run_test::{closure#0}
             at /rustc/88d9e12ae178fab0fb5cc050a94da85685d449ea/library/test/src/lib.rs:668:43
  37: test::run_test::{closure#1}
             at /rustc/88d9e12ae178fab0fb5cc050a94da85685d449ea/library/test/src/lib.rs:698:41
  38: std::sys::backtrace::__rust_begin_short_backtrace::<test::run_test::{closure#1}, ()>
             at /rustc/88d9e12ae178fab0fb5cc050a94da85685d449ea/library/std/src/sys/backtrace.rs:166:18
  39: std::thread::lifecycle::spawn_unchecked::<test::run_test::{closure#1}, ()>::{closure#1}::{closure#0}
             at /rustc/88d9e12ae178fab0fb5cc050a94da85685d449ea/library/std/src/thread/lifecycle.rs:70:13
  40: <core::panic::unwind_safe::AssertUnwindSafe<std::thread::lifecycle::spawn_unchecked<test::run_test::{closure#1}, ()>::{closure#1}::{closure#0}> as core::ops::function::FnOnce<()>>::call_once
             at /rustc/88d9e12ae178fab0fb5cc050a94da85685d449ea/library/core/src/panic/unwind_safe.rs:275:9
  41: std::panicking::catch_unwind::do_call::<core::panic::unwind_safe::AssertUnwindSafe<std::thread::lifecycle::spawn_unchecked<test::run_test::{closure#1}, ()>::{closure#1}::{closure#0}>, ()>
             at /rustc/88d9e12ae178fab0fb5cc050a94da85685d449ea/library/std/src/panicking.rs:576:43
  42: std::panicking::catch_unwind::<(), core::panic::unwind_safe::AssertUnwindSafe<std::thread::lifecycle::spawn_unchecked<test::run_test::{closure#1}, ()>::{closure#1}::{closure#0}>>
             at /rustc/88d9e12ae178fab0fb5cc050a94da85685d449ea/library/std/src/panicking.rs:544:19
  43: std::panic::catch_unwind::<core::panic::unwind_safe::AssertUnwindSafe<std::thread::lifecycle::spawn_unchecked<test::run_test::{closure#1}, ()>::{closure#1}::{closure#0}>, ()>
             at /rustc/88d9e12ae178fab0fb5cc050a94da85685d449ea/library/std/src/panic.rs:359:14
  44: std::thread::lifecycle::spawn_unchecked::<test::run_test::{closure#1}, ()>::{closure#1}
             at /rustc/88d9e12ae178fab0fb5cc050a94da85685d449ea/library/std/src/thread/lifecycle.rs:68:26
  45: <std::thread::lifecycle::spawn_unchecked<test::run_test::{closure#1}, ()>::{closure#1} as core::ops::function::FnOnce<()>>::call_once::{shim:vtable#0}
             at /rustc/88d9e12ae178fab0fb5cc050a94da85685d449ea/library/core/src/ops/function.rs:250:5
  46: <alloc::boxed::Box<dyn core::ops::function::FnOnce<(), Output = ()> + core::marker::Send> as core::ops::function::FnOnce<()>>::call_once
             at /rustc/88d9e12ae178fab0fb5cc050a94da85685d449ea/library/alloc/src/boxed.rs:2319:9
  47: <std::sys::thread::unix::Thread>::new::thread_start
             at /rustc/88d9e12ae178fab0fb5cc050a94da85685d449ea/library/std/src/sys/thread/unix.rs:123:17
  48: start_thread
             at ./nptl/pthread_create.c:454:8
  49: __GI___clone3
             at ./misc/../sysdeps/unix/sysv/linux/x86_64/clone3.S:78:0
FAILED

failures:

failures:
    route_authentication_live::production_two_package_release_serves_all_thirteen_pat_routes

test result: FAILED. 0 passed; 1 failed; 0 ignored; 0 measured; 80 filtered out; finished in 22.42s

