   Compiling syn v3.0.4
   Compiling find-msvc-tools v0.1.11
   Compiling indexmap v2.14.0
   Compiling mio v1.2.2
   Compiling cpufeatures v0.3.0
   Compiling cc v1.4.4
   Compiling aws-lc-rs v1.18.0
   Compiling gimli v0.33.0
   Compiling sha2 v0.11.0
   Compiling cmake v0.1.58
   Compiling ring v0.17.14
   Compiling aws-lc-sys v0.44.0
   Compiling serde_derive v1.0.229
   Compiling thiserror-impl v2.0.20
   Compiling futures-macro v0.3.34
   Compiling serde v1.0.229
   Compiling tokio-macros v2.7.2
   Compiling futures-util v0.3.34
   Compiling thiserror v2.0.20
   Compiling smallvec v1.15.2
   Compiling bytes v1.12.1
   Compiling parking_lot_core v0.9.12
   Compiling parking_lot v0.12.5
   Compiling tokio v1.53.1
   Compiling zerovec-derive v0.11.6
   Compiling zerovec v0.11.8
   Compiling displaydoc v0.2.7
   Compiling wasmtime-internal-core v47.0.4
   Compiling http v1.5.0
   Compiling cranelift-bitset v0.134.4
   Compiling tinystr v0.8.4
   Compiling icu_locale_core v2.3.0
   Compiling http-body v1.1.0
   Compiling potential_utf v0.1.6
   Compiling zerotrie v0.2.5
   Compiling icu_provider v2.3.1
   Compiling icu_collections v2.3.0
   Compiling async-trait v0.1.92
   Compiling tokio-util v0.7.19
   Compiling cranelift-entity v0.134.4
   Compiling icu_normalizer v2.3.0
   Compiling icu_properties v2.3.0
   Compiling cobs v0.3.0
   Compiling h2 v0.4.19
   Compiling postcard v1.1.3
   Compiling cranelift-bforest v0.134.4
   Compiling idna_adapter v1.2.2
   Compiling pulley-interpreter v47.0.4
   Compiling idna v1.1.0
   Compiling wasmparser v0.252.0
   Compiling cranelift-codegen-meta v0.134.4
   Compiling hyper v1.11.0
   Compiling cranelift-codegen v0.134.4
   Compiling chrono v0.4.45
   Compiling url v2.5.8
   Compiling http-body-util v0.1.5
   Compiling zstd-sys v2.0.16+zstd.1.5.7
   Compiling regalloc2 v0.15.2
   Compiling hyper-util v0.1.20
   Compiling object v0.39.1
   Compiling wasmprinter v0.252.0
   Compiling tower v0.5.3
   Compiling chacha20 v0.10.1
   Compiling wasmtime-environ v47.0.4
   Compiling rand v0.10.2
   Compiling zstd-safe v7.2.4
   Compiling wit-parser v0.252.0
   Compiling wasmtime-internal-fiber v47.0.4
   Compiling opentelemetry v0.31.0
   Compiling wasmtime-internal-wit-bindgen v47.0.4
   Compiling rustls v0.23.43
   Compiling zstd v0.13.3
   Compiling wasmtime v47.0.4
   Compiling axum-core v0.5.6
   Compiling rustls-webpki v0.103.15
   Compiling wasmtime-internal-cache v47.0.4
   Compiling wasmtime-internal-component-macro v47.0.4
   Compiling tokio-stream v0.1.19
   Compiling wasmtime-internal-jit-icache-coherence v47.0.4
   Compiling futures v0.3.34
   Compiling wasmparser v0.253.0
   Compiling tokio-rustls v0.26.4
   Compiling petgraph v0.8.3
   Compiling hyper-rustls v0.27.9
   Compiling axum v0.8.9
   Compiling wiggle-generate v47.0.4
   Compiling rustls-platform-verifier v0.7.0
   Compiling serde_urlencoded v0.7.1
   Compiling tower-http v0.6.11
   Compiling hyper-timeout v0.5.2
   Compiling prost v0.14.4
   Compiling darling_core v0.24.1
   Compiling wasmparser v0.254.0
   Compiling postgres-protocol v0.6.12
   Compiling prost-build v0.14.4
   Compiling darling_macro v0.24.1
   Compiling wasm-encoder v0.253.0
   Compiling tonic v0.14.6
   Compiling reqwest v0.13.4
   Compiling wiggle-macro v47.0.4
   Compiling futures-executor v0.3.34
   Compiling tracing-serde v0.2.0
   Compiling ref-cast-impl v1.0.27
   Compiling oci-spec v0.9.0
   Compiling ref-cast v1.0.27
   Compiling jsonwebtoken v10.4.0
   Compiling wasm-encoder v0.254.0
   Compiling tracing-subscriber v0.3.23
   Compiling schemars v0.8.22
   Compiling opentelemetry_sdk v0.31.0
   Compiling wasmtime-internal-unwinder v47.0.4
   Compiling cranelift-native v0.134.4
   Compiling cranelift-frontend v0.134.4
   Compiling pbjson-types v0.8.0
   Compiling tonic-prost v0.14.6
   Compiling wasm-metadata v0.253.0
   Compiling wasmtime-internal-cranelift v47.0.4
   Compiling darling v0.24.1
   Compiling prettyplease v0.3.0
   Compiling postgres-types v0.2.14
   Compiling wit-parser v0.253.0
   Compiling olpc-cjson v0.1.4
   Compiling fluent-uri v0.3.2
   Compiling oci-client v0.17.0
   Compiling tokio-postgres v0.7.18
   Compiling bon-macros v3.10.0
   Compiling opentelemetry-proto v0.31.0
   Compiling wit-component v0.253.0
   Compiling wamn-execution-contract v0.1.0 (/home/kaalin/.cache/wamn-lanes/ctc8-13-native-http-20260907/components/execution/contract)
   Compiling wasm-metadata v0.254.0
   Compiling wit-parser v0.254.0
   Compiling opentelemetry-http v0.31.0
   Compiling wamn-event-wire v0.1.0 (/home/kaalin/.cache/wamn-lanes/ctc8-13-native-http-20260907/components/events/wire)
   Compiling combine v4.6.8
   Compiling tryhard v0.5.2
   Compiling deadpool-runtime v0.3.1
   Compiling serde_nanos v0.1.4
   Compiling pbjson v0.8.0
   Compiling serde_repr v0.1.21
   Compiling libmimalloc-sys v0.1.49
   Compiling boon v0.6.1
   Compiling wit-component v0.254.0
   Compiling redis v0.27.6
   Compiling moka v0.12.16
   Compiling async-nats v0.49.1
   Compiling deadpool v0.13.1
   Compiling oci-wasm v0.6.0
   Compiling opentelemetry-otlp v0.31.1
   Compiling cap-net-ext v3.4.6
   Compiling bon v3.10.0
   Compiling tracing-opentelemetry v0.32.1
   Compiling opentelemetry-appender-tracing v0.31.1
   Compiling docker_credential v1.4.0
   Compiling quick-xml v0.41.0
   Compiling wamn-catalog v0.1.0 (/home/kaalin/.cache/wamn-lanes/ctc8-13-native-http-20260907/crates/catalog/model)
   Compiling object_store v0.14.1
warning: function `canonical_serialized` is never used
   --> /home/kaalin/.cache/wamn-lanes/ctc8-13-native-http-20260907/crates/catalog/model/src/lib.rs:791:4
    |
791 | fn canonical_serialized(value: &impl Serialize) -> Vec<u8> {
    |    ^^^^^^^^^^^^^^^^^^^^
    |
    = note: `#[warn(dead_code)]` (part of `#[warn(unused)]`) on by default

   Compiling wiggle v47.0.4
   Compiling wasmtime-wasi-io v47.0.4
warning: `wamn-catalog` (lib) generated 1 warning
   Compiling wamn-run-state v0.1.0 (/home/kaalin/.cache/wamn-lanes/ctc8-13-native-http-20260907/crates/execution/run-state)
   Compiling deadpool-postgres v0.14.2
   Compiling wamn-router v0.1.0 (/home/kaalin/.cache/wamn-lanes/ctc8-13-native-http-20260907/crates/execution/router)
   Compiling wasmtime-wasi v47.0.4
   Compiling wamn-platform-identity v0.1.0 (/home/kaalin/.cache/wamn-lanes/ctc8-13-native-http-20260907/crates/identity/platform)
   Compiling wamn-control-registry v0.1.0 (/home/kaalin/.cache/wamn-lanes/ctc8-13-native-http-20260907/crates/control/registry)
   Compiling rcgen v0.14.8
   Compiling mimalloc v0.1.52
   Compiling wasmtime-wasi-http v47.0.4
   Compiling wash-runtime v2.8.0 (https://github.com/dkkloimwieder/wasmCloud?rev=735b57982545358409a7d965a22549b08487ca09#735b5798)
   Compiling wamn-runtime v0.1.0 (/home/kaalin/.cache/wamn-lanes/ctc8-13-native-http-20260907/crates/platform/runtime)
warning: the item `Future` is imported redundantly
 --> /home/kaalin/.cache/wamn-lanes/ctc8-13-native-http-20260907/crates/platform/runtime/src/connection_authority.rs:3:5
  |
3 | use std::future::Future;
  |     ^^^^^^^^^^^^^^^^^^^
  |
 --> /rustc/88d9e12ae178fab0fb5cc050a94da85685d449ea/library/std/src/prelude/mod.rs:166:12
  |
  = note: the item `Future` is already defined here
  |
  = note: requested on the command line with `-W redundant-imports`

warning: the item `Future` is imported redundantly
 --> /home/kaalin/.cache/wamn-lanes/ctc8-13-native-http-20260907/crates/platform/runtime/src/plugins/wamn_postgres/pool.rs:7:5
  |
7 | use std::future::Future;
  |     ^^^^^^^^^^^^^^^^^^^
  |
 --> /rustc/88d9e12ae178fab0fb5cc050a94da85685d449ea/library/std/src/prelude/mod.rs:166:12
  |
  = note: the item `Future` is already defined here

warning: constant `HTTP_CONTRACT` is never used
  --> /home/kaalin/.cache/wamn-lanes/ctc8-13-native-http-20260907/crates/platform/runtime/src/plugins/connection_http.rs:51:7
   |
51 | const HTTP_CONTRACT: &str = "wamn:connection/http@0.1.0";
   |       ^^^^^^^^^^^^^
   |
   = note: `#[warn(dead_code)]` (part of `#[warn(unused)]`) on by default

warning: type does not implement `std::fmt::Debug`; consider adding `#[derive(Debug)]` or a manual implementation
   --> /home/kaalin/.cache/wamn-lanes/ctc8-13-native-http-20260907/crates/platform/runtime/src/plugins/connection_http.rs:111:1
    |
111 | / pub struct ConnectionHttp {
112 | |     postgres: Arc<WamnPostgres>,
113 | |     vault: Arc<WamnCredentials>,
114 | |     tenant: Box<str>,
...   |
130 | |     invocations: std::sync::RwLock<HashMap<String, ConnectionInvocation>>,
131 | | }
    | |_^
    |
    = note: requested on the command line with `-W missing-debug-implementations`

warning: type does not implement `std::fmt::Debug`; consider adding `#[derive(Debug)]` or a manual implementation
  --> /home/kaalin/.cache/wamn-lanes/ctc8-13-native-http-20260907/crates/platform/runtime/src/plugins/wamn_credentials.rs:27:1
   |
27 | / pub struct WamnCredentials {
28 | |     /// Whether ANY backing source was configured. Distinguishes `unavailable`
29 | |     /// (no source — retryable) from `not-found` (source present, name absent —
30 | |     /// config-shaped).
...  |
33 | |     projects: HashMap<String, HashMap<String, String>>,
34 | | }
   | |_^

warning: type does not implement `std::fmt::Debug`; consider adding `#[derive(Debug)]` or a manual implementation
   --> /home/kaalin/.cache/wamn-lanes/ctc8-13-native-http-20260907/crates/platform/runtime/src/plugins/wamn_jetstream.rs:544:1
    |
544 | / pub struct WamnJetstream {
545 | |     nats_url: Option<String>,
546 | |     /// Lazily-connected, memoized JetStream context. A `Mutex<Option<_>>` (not a
547 | |     /// `OnceCell`) so a transient connect failure is retried on the next call
...   |
569 | |     dlq_depth: Arc<DeadLetterDepth>,
570 | | }
    | |_^

warning: type does not implement `std::fmt::Debug`; consider adding `#[derive(Debug)]` or a manual implementation
    --> /home/kaalin/.cache/wamn-lanes/ctc8-13-native-http-20260907/crates/platform/runtime/src/plugins/wamn_jetstream.rs:1209:1
     |
1209 | / pub struct JsConsumer {
1210 | |     consumer: Consumer<PullConfig>,
1211 | |     dead_letter: Option<DeadLetterIdentity>,
1212 | | }
     | |_^

warning: type does not implement `std::fmt::Debug`; consider adding `#[derive(Debug)]` or a manual implementation
    --> /home/kaalin/.cache/wamn-lanes/ctc8-13-native-http-20260907/crates/platform/runtime/src/plugins/wamn_jetstream.rs:1216:1
     |
1216 | / pub struct JsMessage {
1217 | |     msg: async_nats::jetstream::Message,
1218 | |     dead_letter: Option<DeadLetterIdentity>,
1219 | | }
     | |_^

warning: type does not implement `std::fmt::Debug`; consider adding `#[derive(Debug)]` or a manual implementation
   --> /home/kaalin/.cache/wamn-lanes/ctc8-13-native-http-20260907/crates/platform/runtime/src/plugins/wamn_logging.rs:213:1
    |
213 | / pub struct Capture {
214 | |     records: std::sync::Mutex<Vec<CapturedRec>>,
215 | | }
    | |_^

warning: type does not implement `std::fmt::Debug`; consider adding `#[derive(Debug)]` or a manual implementation
   --> /home/kaalin/.cache/wamn-lanes/ctc8-13-native-http-20260907/crates/platform/runtime/src/plugins/wamn_logging.rs:235:1
    |
235 | / pub struct WamnLogging {
236 | |     /// component id → host-trusted {tenant, project}.
237 | |     claims: std::sync::RwLock<HashMap<String, Claim>>,
238 | |     /// Bounded front queue; `try_send` keeps `log()` non-blocking.
...   |
243 | |     _drain: tokio::task::JoinHandle<()>,
244 | | }
    | |_^

warning: type does not implement `std::fmt::Debug`; consider adding `#[derive(Debug)]` or a manual implementation
   --> /home/kaalin/.cache/wamn-lanes/ctc8-13-native-http-20260907/crates/platform/runtime/src/plugins/wamn_postgres/claims.rs:50:1
    |
 50 | / pub struct WamnPostgres {
 51 | |     /// Resolves a project id → its database connection + policy.
 52 | |     provider: Arc<dyn CredentialProvider>,
 53 | |     /// Guest-visible project pools, built lazily and never shared with host-owned
...   |
116 | |     pub(super) bind_counters: super::BindCounters,
117 | | }
    | |_^

warning: type does not implement `std::fmt::Debug`; consider adding `#[derive(Debug)]` or a manual implementation
   --> /home/kaalin/.cache/wamn-lanes/ctc8-13-native-http-20260907/crates/platform/runtime/src/plugins/wamn_postgres/pool.rs:339:1
    |
339 | / pub struct StaticCredentialProvider {
340 | |     projects: HashMap<String, ProjectConfig>,
341 | | }
    | |_^

warning: type does not implement `std::fmt::Debug`; consider adding `#[derive(Debug)]` or a manual implementation
   --> /home/kaalin/.cache/wamn-lanes/ctc8-13-native-http-20260907/crates/platform/runtime/src/plugins/wamn_postgres/pool.rs:514:1
    |
514 | / pub struct K8sSecretProvider {
515 | |     pub namespace: String,
516 | | }
    | |_^

warning: type does not implement `std::fmt::Debug`; consider adding `#[derive(Debug)]` or a manual implementation
   --> /home/kaalin/.cache/wamn-lanes/ctc8-13-native-http-20260907/crates/platform/runtime/src/plugins/wamn_postgres/resources.rs:99:1
    |
 99 | / pub struct PgTransaction {
100 | |     state: SharedTxnState,
101 | |     destroyed: Arc<AtomicU64>,
102 | |     cursor_seq: u32,
103 | |     /// Row limit of the project this transaction's connection belongs to.
104 | |     row_limit: u64,
105 | | }
    | |_^

warning: type does not implement `std::fmt::Debug`; consider adding `#[derive(Debug)]` or a manual implementation
   --> /home/kaalin/.cache/wamn-lanes/ctc8-13-native-http-20260907/crates/platform/runtime/src/plugins/wamn_postgres/resources.rs:145:1
    |
145 | / pub struct PgCursor {
146 | |     state: SharedTxnState,
147 | |     destroyed: Arc<AtomicU64>,
148 | |     name: String,
149 | | }
    | |_^

warning: type does not implement `std::fmt::Debug`; consider adding `#[derive(Debug)]` or a manual implementation
   --> /home/kaalin/.cache/wamn-lanes/ctc8-13-native-http-20260907/crates/platform/runtime/src/wiring_doorbell.rs:145:1
    |
145 | / pub struct WiringDoorbellListener {
146 | |     shutdown: tokio::sync::watch::Sender<bool>,
147 | |     task: tokio::task::JoinHandle<()>,
148 | | }
    | |_^

warning: `wamn-runtime` (lib) generated 16 warnings
   Compiling ctc8-13-native-http v0.0.0 (/home/kaalin/.cache/wamn-lanes/ctc8-13-native-http-20260907/tools/probes/ctc8-13-native-http)
    Finished `dev` profile [unoptimized + debuginfo] target(s) in 3m 22s
