{
  "summary": {
    "successRate": 1.0,
    "total": 10.002118289,
    "slowest": 0.026929503,
    "fastest": 0.000249016,
    "average": 0.0012505921242145122,
    "requestsPerSec": 12746.199986477684,
    "totalData": 4589028,
    "sizePerRequest": 36,
    "sizePerSec": 458805.6117119572
  },
  "metrics": {
    "success_rate": 1.0,
    "requests_per_sec": 12746.199986477684,
    "latency_ms": {
      "min": 0.249,
      "mean": 1.251,
      "p50": 1.195,
      "p95": 2.089,
      "p99": 3.162,
      "max": 26.93
    }
  },
  "responseTimeHistogram": {
    "0.000249016": 1,
    "0.0029170647": 125755,
    "0.0055851134": 1589,
    "0.0082531621": 98,
    "0.0109212108": 16,
    "0.013589259499999999": 6,
    "0.0162573082": 3,
    "0.0189253569": 4,
    "0.0215934056": 0,
    "0.024261454300000002": 0,
    "0.026929503": 1
  },
  "latencyPercentiles": {
    "p10": 0.000630921,
    "p25": 0.00091907,
    "p50": 0.001194668,
    "p75": 0.001492939,
    "p90": 0.001814255,
    "p95": 0.002088688,
    "p99": 0.003162112,
    "p99.9": 0.005615566,
    "p99.99": 0.011078412
  },
  "firstByteHistogram": {
    "0.000244191": 1,
    "0.0029115219999999997": 125808,
    "0.005578853": 1543,
    "0.008246183999999998": 91,
    "0.010913514999999999": 16,
    "0.013580845999999999": 6,
    "0.016248177": 3,
    "0.018915508": 4,
    "0.021582839": 0,
    "0.024250169999999998": 0,
    "0.026917501": 1
  },
  "firstBytePercentiles": {
    "p10": 0.000622048,
    "p25": 0.000911243,
    "p50": 0.001186259,
    "p75": 0.001482696,
    "p90": 0.001802302,
    "p95": 0.002071409,
    "p99": 0.003129084,
    "p99.9": 0.00550704,
    "p99.99": 0.011072701
  },
  "rps": {
    "mean": 12744.13001877929,
    "stddev": 1891.9400809992883,
    "max": 17761.394034619778,
    "min": 4917.569749323763,
    "percentiles": {
      "p10": 10537.832927777095,
      "p25": 11808.191342333625,
      "p50": 12873.094719124441,
      "p75": 13709.887408311182,
      "p90": 14986.52017829319,
      "p95": 16004.558098146426,
      "p99": 17214.189656533898,
      "p99.9": 17728.850157861794,
      "p99.99": 17761.394034619778
    }
  },
  "details": {
    "DNSDialup": {
      "average": 0.0010957565,
      "fastest": 0.000366502,
      "slowest": 0.002519105
    },
    "DNSLookup": {
      "average": 0.000035716375,
      "fastest": 0.000014466,
      "slowest": 0.000077811
    },
    "firstByte": {
      "average": 0.0012407274273767879,
      "fastest": 0.000244191,
      "slowest": 0.026917501
    }
  },
  "statusCodeDistribution": {
    "404": 127473
  },
  "errorDistribution": {
    "aborted due to deadline": 16
  }
}