{
  "summary": {
    "successRate": 1.0,
    "total": 10.004635086,
    "slowest": 0.025636779,
    "fastest": 0.000302048,
    "average": 0.004666950884200892,
    "requestsPerSec": 13697.051298928305,
    "totalData": 4930920,
    "sizePerRequest": 36,
    "sizePerSec": 492863.55350432417
  },
  "metrics": {
    "success_rate": 1.0,
    "requests_per_sec": 13697.051298928305,
    "latency_ms": {
      "min": 0.302,
      "mean": 4.667,
      "p50": 4.575,
      "p95": 7.841,
      "p99": 9.807,
      "max": 25.637
    }
  },
  "responseTimeHistogram": {
    "0.000302048": 1,
    "0.0028355211": 21526,
    "0.0053689942": 70409,
    "0.0079024673": 38562,
    "0.0104359404": 5609,
    "0.012969413499999999": 598,
    "0.0155028866": 178,
    "0.0180363597": 52,
    "0.0205698328": 28,
    "0.0231033059": 3,
    "0.025636779": 4
  },
  "latencyPercentiles": {
    "p10": 0.002376543,
    "p25": 0.003409964,
    "p50": 0.004574927,
    "p75": 0.00581007,
    "p90": 0.007043641,
    "p95": 0.007840707,
    "p99": 0.0098074,
    "p99.9": 0.014451103,
    "p99.99": 0.019692546
  },
  "firstByteHistogram": {
    "0.000299081": 1,
    "0.0028322329": 21660,
    "0.005365384799999999": 70545,
    "0.0078985367": 38382,
    "0.010431688599999999": 5542,
    "0.012964840499999998": 592,
    "0.015497992399999999": 163,
    "0.0180311443": 50,
    "0.0205642962": 28,
    "0.023097448099999997": 3,
    "0.025630599999999996": 4
  },
  "firstBytePercentiles": {
    "p10": 0.002366616,
    "p25": 0.003399193,
    "p50": 0.00456382,
    "p75": 0.005796659,
    "p90": 0.007027202,
    "p95": 0.007821053,
    "p99": 0.009782877,
    "p99.9": 0.014338294,
    "p99.99": 0.019657015
  },
  "rps": {
    "mean": 13692.656314364343,
    "stddev": 1824.8350628213077,
    "max": 19607.23842054702,
    "min": 4517.922598949952,
    "percentiles": {
      "p10": 11602.36920379138,
      "p25": 12766.817693763644,
      "p50": 13778.340890637186,
      "p75": 14569.413054616156,
      "p90": 15600.546019110454,
      "p95": 16862.839370915717,
      "p99": 18657.880476815142,
      "p99.9": 19601.362294679562,
      "p99.99": 19607.23842054702
    }
  },
  "details": {
    "DNSDialup": {
      "average": 0.00312041959375,
      "fastest": 0.00071414,
      "slowest": 0.003972503
    },
    "DNSLookup": {
      "average": 0.000025418781250000002,
      "fastest": 0.000012514,
      "slowest": 0.00008506
    },
    "firstByte": {
      "average": 0.004653947666452556,
      "fastest": 0.000299081,
      "slowest": 0.0256306
    }
  },
  "statusCodeDistribution": {
    "404": 136970
  },
  "errorDistribution": {
    "aborted due to deadline": 64
  }
}