{
  "summary": {
    "successRate": 1.0,
    "total": 10.001636583,
    "slowest": 0.008393128,
    "fastest": 0.001625701,
    "average": 0.002589300267810708,
    "requestsPerSec": 384.6370509541238,
    "totalData": 1107648,
    "sizePerRequest": 288,
    "sizePerSec": 110746.67538737545
  },
  "metrics": {
    "success_rate": 1.0,
    "requests_per_sec": 384.6370509541238,
    "latency_ms": {
      "min": 1.626,
      "mean": 2.589,
      "p50": 2.49,
      "p95": 3.254,
      "p99": 4.649,
      "max": 8.393
    }
  },
  "responseTimeHistogram": {
    "0.001625701": 1,
    "0.0023024437": 762,
    "0.0029791864": 2658,
    "0.0036559291": 332,
    "0.0043326718": 48,
    "0.0050094145": 17,
    "0.0056861572": 8,
    "0.0063628999": 8,
    "0.0070396426": 2,
    "0.0077163853": 5,
    "0.008393128": 5
  },
  "latencyPercentiles": {
    "p10": 0.002205528,
    "p25": 0.00233728,
    "p50": 0.002490489,
    "p75": 0.002729641,
    "p90": 0.003023164,
    "p95": 0.003254069,
    "p99": 0.004649088,
    "p99.9": 0.007871878,
    "p99.99": 0.008393128
  },
  "firstByteHistogram": {
    "0.001621005": 1,
    "0.0022972173": 775,
    "0.0029734296": 2647,
    "0.0036496419": 331,
    "0.0043258542": 48,
    "0.0050020665": 16,
    "0.0056782788": 8,
    "0.0063544911": 8,
    "0.0070307034": 3,
    "0.007706915700000001": 4,
    "0.008383128": 5
  },
  "firstBytePercentiles": {
    "p10": 0.002197314,
    "p25": 0.002329473,
    "p50": 0.002481909,
    "p75": 0.002721821,
    "p90": 0.003012493,
    "p95": 0.003244365,
    "p99": 0.004634939,
    "p99.9": 0.007863692,
    "p99.99": 0.008383128
  },
  "rps": {
    "mean": 383.1991526628218,
    "stddev": 55.297178778915885,
    "max": 532.0021080051513,
    "min": 118.9448025938484,
    "percentiles": {
      "p10": 323.84513855013296,
      "p25": 360.9206218854697,
      "p50": 389.90590790629824,
      "p75": 415.847793054183,
      "p90": 435.1805623990668,
      "p95": 452.4950349982443,
      "p99": 504.9803688881586,
      "p99.9": 515.5905827173806,
      "p99.99": 532.0021080051513
    }
  },
  "details": {
    "DNSDialup": {
      "average": 0.000640344,
      "fastest": 0.000640344,
      "slowest": 0.000640344
    },
    "DNSLookup": {
      "average": 0.00011225,
      "fastest": 0.00011225,
      "slowest": 0.00011225
    },
    "firstByte": {
      "average": 0.002580811163546546,
      "fastest": 0.001621005,
      "slowest": 0.008383128
    }
  },
  "statusCodeDistribution": {
    "200": 3846
  },
  "errorDistribution": {
    "aborted due to deadline": 1
  }
}