{
  "summary": {
    "successRate": 1.0,
    "total": 10.003088932,
    "slowest": 0.041683263,
    "fastest": 0.007047021,
    "average": 0.02406444272117207,
    "requestsPerSec": 1330.489020988742,
    "totalData": 3823776,
    "sizePerRequest": 288,
    "sizePerSec": 382259.52263282344
  },
  "metrics": {
    "success_rate": 1.0,
    "requests_per_sec": 1330.489020988742,
    "latency_ms": {
      "min": 7.047,
      "mean": 24.064,
      "p50": 23.72,
      "p95": 30.114,
      "p99": 35.154,
      "max": 41.683
    }
  },
  "responseTimeHistogram": {
    "0.007047021": 1,
    "0.0105106452": 6,
    "0.0139742694": 10,
    "0.0174378936": 198,
    "0.020901517799999998": 1665,
    "0.024365142": 6001,
    "0.0278287662": 3874,
    "0.031292390399999995": 1067,
    "0.034756014599999996": 297,
    "0.0382196388": 122,
    "0.041683263": 36
  },
  "latencyPercentiles": {
    "p10": 0.020281844,
    "p25": 0.021952256,
    "p50": 0.023719738,
    "p75": 0.025774369,
    "p90": 0.028172909,
    "p95": 0.030113948,
    "p99": 0.035154007,
    "p99.9": 0.040207866,
    "p99.99": 0.041622108
  },
  "firstByteHistogram": {
    "0.007026744": 1,
    "0.0104919212": 6,
    "0.0139570984": 10,
    "0.017422275600000002": 197,
    "0.020887452799999998": 1664,
    "0.02435263": 6002,
    "0.027817807200000003": 3877,
    "0.0312829844": 1065,
    "0.0347481616": 298,
    "0.038213338799999996": 121,
    "0.041678516": 36
  },
  "firstBytePercentiles": {
    "p10": 0.02027622,
    "p25": 0.021939899,
    "p50": 0.023705737,
    "p75": 0.025759406,
    "p90": 0.028160148,
    "p95": 0.030104479,
    "p99": 0.035143414,
    "p99.9": 0.040197899,
    "p99.99": 0.041617737
  },
  "rps": {
    "mean": 1328.593597066701,
    "stddev": 460.33407352563086,
    "max": 3380.0396023074827,
    "min": 142.23666588151514,
    "percentiles": {
      "p10": 767.4241179254722,
      "p25": 983.3686144139319,
      "p50": 1297.8112305446562,
      "p75": 1634.3991999616023,
      "p90": 1946.4793444155266,
      "p95": 2117.579894171913,
      "p99": 2437.216472791672,
      "p99.9": 3035.3343269001703,
      "p99.99": 3380.0396023074827
    }
  },
  "details": {
    "DNSDialup": {
      "average": 0.0017054605,
      "fastest": 0.000636514,
      "slowest": 0.00272543
    },
    "DNSLookup": {
      "average": 0.00004257840624999999,
      "fastest": 0.00001809,
      "slowest": 0.000134069
    },
    "firstByte": {
      "average": 0.02405208551683369,
      "fastest": 0.007026744,
      "slowest": 0.041678516
    }
  },
  "statusCodeDistribution": {
    "200": 13277
  },
  "errorDistribution": {
    "aborted due to deadline": 32
  }
}