The files belonging to this database system will be owned by user "postgres".
This user must also own the server process.

The database cluster will be initialized with locale "en_US.utf8".
The default database encoding has accordingly been set to "UTF8".
The default text search configuration will be set to "english".

Data page checksums are enabled.

fixing permissions on existing directory /var/lib/postgresql/18/docker ... ok
creating subdirectories ... ok
selecting dynamic shared memory implementation ... posix
selecting default "max_connections" ... 100
selecting default "shared_buffers" ... 128MB
selecting default time zone ... Etc/UTC
creating configuration files ... ok
running bootstrap script ... ok
performing post-bootstrap initialization ... ok
syncing data to disk ... ok

initdb: warning: enabling "trust" authentication for local connections
initdb: hint: You can change this by editing pg_hba.conf or using the option -A, or --auth-local and --auth-host, the next time you run initdb.

Success. You can now start the database server using:

    pg_ctl -D /var/lib/postgresql/18/docker -l logfile start

waiting for server to start....2026-09-08 14:46:39.903 UTC [52] LOG:  starting PostgreSQL 18.6 (Debian 18.6-1.pgdg13+2) on x86_64-pc-linux-gnu, compiled by gcc (Debian 14.2.0-19) 14.2.0, 64-bit
2026-09-08 14:46:39.910 UTC [52] LOG:  listening on Unix socket "/var/run/postgresql/.s.PGSQL.5432"
2026-09-08 14:46:39.941 UTC [58] LOG:  database system was shut down at 2026-09-08 14:46:39 UTC
2026-09-08 14:46:39.951 UTC [52] LOG:  database system is ready to accept connections
 done
server started
CREATE DATABASE


/usr/local/bin/docker-entrypoint.sh: ignoring /docker-entrypoint-initdb.d/*

waiting for server to shut down....2026-09-08 14:46:40.097 UTC [52] LOG:  received fast shutdown request
2026-09-08 14:46:40.103 UTC [52] LOG:  aborting any active transactions
2026-09-08 14:46:40.105 UTC [52] LOG:  background worker "logical replication launcher" (PID 61) exited with exit code 1
2026-09-08 14:46:40.105 UTC [56] LOG:  shutting down
2026-09-08 14:46:40.112 UTC [56] LOG:  checkpoint starting: shutdown immediate
2026-09-08 14:46:40.310 UTC [56] LOG:  checkpoint complete: wrote 943 buffers (5.8%), wrote 3 SLRU buffers; 0 WAL file(s) added, 0 removed, 0 recycled; write=0.022 s, sync=0.150 s, total=0.205 s; sync files=303, longest=0.007 s, average=0.001 s; distance=4352 kB, estimate=4352 kB; lsn=0/1BA1BE8, redo lsn=0/1BA1BE8
2026-09-08 14:46:40.332 UTC [52] LOG:  database system is shut down
 done
server stopped

PostgreSQL init process complete; ready for start up.

2026-09-08 14:46:40.425 UTC [1] LOG:  starting PostgreSQL 18.6 (Debian 18.6-1.pgdg13+2) on x86_64-pc-linux-gnu, compiled by gcc (Debian 14.2.0-19) 14.2.0, 64-bit
2026-09-08 14:46:40.425 UTC [1] LOG:  listening on IPv4 address "0.0.0.0", port 5432
2026-09-08 14:46:40.425 UTC [1] LOG:  listening on IPv6 address "::", port 5432
2026-09-08 14:46:40.444 UTC [1] LOG:  listening on Unix socket "/var/run/postgresql/.s.PGSQL.5432"
2026-09-08 14:46:40.471 UTC [74] LOG:  database system was shut down at 2026-09-08 14:46:40 UTC
2026-09-08 14:46:40.480 UTC [1] LOG:  database system is ready to accept connections
2026-09-08 14:46:41.460 UTC [80] WARNING:  role "wamn_app" has not been granted membership in role "wamn_scenario_author" by role "postgres"
2026-09-08 14:46:41.662 UTC [80] WARNING:  role "wamn_app" has not been granted membership in role "wamn_scenario_author" by role "postgres"
2026-09-08 14:46:41.886 UTC [80] WARNING:  role "wamn_app" has not been granted membership in role "wamn_scenario_author" by role "postgres"
