   Compiling wasmtime-internal-core v47.0.4
   Compiling wamn-execution-contract v0.1.0 (/home/kaalin/.cache/wamn-lanes/generated-tui-20260908/components/execution/contract)
   Compiling postgres-types v0.2.14
   Compiling cranelift-bitset v0.134.4
   Compiling cranelift-entity v0.134.4
   Compiling pulley-interpreter v47.0.4
   Compiling cranelift-bforest v0.134.4
   Compiling wasmtime-environ v47.0.4
   Compiling cranelift-codegen v0.134.4
   Compiling tokio-postgres v0.7.18
   Compiling wasmtime-internal-cache v47.0.4
   Compiling wasmtime-internal-fiber v47.0.4
   Compiling wasmtime-internal-jit-icache-coherence v47.0.4
   Compiling hyper-rustls v0.27.9
   Compiling addr2line v0.26.1
   Compiling reqwest v0.13.4
   Compiling tonic v0.14.6
   Compiling wasmtime-internal-unwinder v47.0.4
   Compiling cranelift-native v0.134.4
   Compiling cranelift-frontend v0.134.4
   Compiling wasmtime-internal-cranelift v47.0.4
   Compiling wasmtime v47.0.4
   Compiling wamn-catalog v0.1.0 (/home/kaalin/.cache/wamn-lanes/generated-tui-20260908/crates/catalog/model)
warning: function `canonical_serialized` is never used
   --> crates/catalog/model/src/lib.rs:792:4
    |
792 | fn canonical_serialized(value: &impl Serialize) -> Vec<u8> {
    |    ^^^^^^^^^^^^^^^^^^^^
    |
    = note: `#[warn(dead_code)]` (part of `#[warn(unused)]`) on by default

warning: `wamn-catalog` (lib) generated 1 warning
   Compiling opentelemetry_sdk v0.31.0
   Compiling wiggle v47.0.4
   Compiling wasmtime-wasi-io v47.0.4
   Compiling tonic-prost v0.14.6
   Compiling jsonwebtoken v10.4.0
   Compiling oci-client v0.17.0
   Compiling opentelemetry-proto v0.31.0
   Compiling wasmtime-wasi v47.0.4
   Compiling async-nats v0.49.1
   Compiling opentelemetry-otlp v0.31.1
   Compiling oci-wasm v0.6.0
   Compiling wamn-run-state v0.1.0 (/home/kaalin/.cache/wamn-lanes/generated-tui-20260908/crates/execution/run-state)
   Compiling opentelemetry-appender-tracing v0.31.1
   Compiling tracing-opentelemetry v0.32.1
   Compiling wamn-schema-introspection v0.1.0 (/home/kaalin/.cache/wamn-lanes/generated-tui-20260908/crates/schema/introspection)
   Compiling object_store v0.14.1
   Compiling wasmtime-wasi-http v47.0.4
   Compiling wamn-schema-generator v0.1.0 (/home/kaalin/.cache/wamn-lanes/generated-tui-20260908/crates/schema/generator)
   Compiling wash-runtime v2.9.0 (https://github.com/wasmCloud/wasmCloud?rev=68ebece9c537f8bb4b5c9999f274ec68d60f35a9#68ebece9)
   Compiling deadpool-postgres v0.14.2
   Compiling wamn-router v0.1.0 (/home/kaalin/.cache/wamn-lanes/generated-tui-20260908/crates/execution/router)
   Compiling wamn-platform-identity v0.1.0 (/home/kaalin/.cache/wamn-lanes/generated-tui-20260908/crates/identity/platform)
   Compiling wamn-client v0.1.0 (/home/kaalin/.cache/wamn-lanes/generated-tui-20260908/crates/client/core)
   Compiling wamn-client-tui v0.1.0 (/home/kaalin/.cache/wamn-lanes/generated-tui-20260908/crates/client/tui)
   Compiling wamn-schema-control v0.1.0 (/home/kaalin/.cache/wamn-lanes/generated-tui-20260908/crates/schema/control)
   Compiling wamn-control-provision v0.1.0 (/home/kaalin/.cache/wamn-lanes/generated-tui-20260908/crates/control/provision)
   Compiling wamn-client-terminal v0.1.0 (/home/kaalin/.cache/wamn-lanes/generated-tui-20260908/crates/client/terminal)
   Compiling pg_walstream v0.8.0 (https://github.com/dkkloimwieder/pg-walstream?rev=0b007cd627bb913d4b159c705a106b6d4152c91a#0b007cd6)
   Compiling wamn-gate-harness v0.1.0 (/home/kaalin/.cache/wamn-lanes/generated-tui-20260908/test-support/harness)
warning: type does not implement `std::fmt::Debug`; consider adding `#[derive(Debug)]` or a manual implementation
  --> test-support/harness/src/ceiling.rs:72:1
   |
72 | / pub struct Ramp {
73 | |     tolerance: f64,
74 | |     max_levels: usize,
75 | |     levels: Vec<LevelStats>,
...  |
82 | |     retrying: bool,
83 | | }
   | |_^
   |
   = note: requested on the command line with `-W missing-debug-implementations`

warning: `wamn-gate-harness` (lib) generated 1 warning
   Compiling wamn-runtime v0.1.0 (/home/kaalin/.cache/wamn-lanes/generated-tui-20260908/crates/platform/runtime)
warning: the item `Future` is imported redundantly
 --> crates/platform/runtime/src/connection_authority.rs:3:5
  |
3 | use std::future::Future;
  |     ^^^^^^^^^^^^^^^^^^^
  |
 --> /rustc/88d9e12ae178fab0fb5cc050a94da85685d449ea/library/std/src/prelude/mod.rs:166:12
  |
  = note: the item `Future` is already defined here
  |
  = note: requested on the command line with `-W redundant-imports`

warning: the item `Future` is imported redundantly
 --> crates/platform/runtime/src/plugins/wamn_postgres/pool.rs:7:5
  |
7 | use std::future::Future;
  |     ^^^^^^^^^^^^^^^^^^^
  |
 --> /rustc/88d9e12ae178fab0fb5cc050a94da85685d449ea/library/std/src/prelude/mod.rs:166:12
  |
  = note: the item `Future` is already defined here

warning: constant `HTTP_CONTRACT` is never used
  --> crates/platform/runtime/src/plugins/connection_http.rs:52:7
   |
52 | const HTTP_CONTRACT: &str = "wamn:connection/http@0.1.0";
   |       ^^^^^^^^^^^^^
   |
   = note: `#[warn(dead_code)]` (part of `#[warn(unused)]`) on by default

warning: type does not implement `std::fmt::Debug`; consider adding `#[derive(Debug)]` or a manual implementation
   --> crates/platform/runtime/src/plugins/connection_http.rs:114:1
    |
114 | / pub struct ConnectionHttp {
115 | |     postgres: Arc<WamnPostgres>,
116 | |     vault: Arc<WamnCredentials>,
117 | |     tenant: Box<str>,
...   |
133 | |     invocations: std::sync::RwLock<HashMap<String, ConnectionInvocation>>,
134 | | }
    | |_^
    |
    = note: requested on the command line with `-W missing-debug-implementations`

warning: type does not implement `std::fmt::Debug`; consider adding `#[derive(Debug)]` or a manual implementation
  --> crates/platform/runtime/src/plugins/wamn_credentials.rs:27:1
   |
27 | / pub struct WamnCredentials {
28 | |     /// Whether ANY backing source was configured. Distinguishes `unavailable`
29 | |     /// (no source — retryable) from `not-found` (source present, name absent —
30 | |     /// config-shaped).
...  |
33 | |     projects: HashMap<String, HashMap<String, String>>,
34 | | }
   | |_^

warning: type does not implement `std::fmt::Debug`; consider adding `#[derive(Debug)]` or a manual implementation
   --> crates/platform/runtime/src/plugins/wamn_jetstream.rs:544:1
    |
544 | / pub struct WamnJetstream {
545 | |     nats_url: Option<String>,
546 | |     /// Lazily-connected, memoized JetStream context. A `Mutex<Option<_>>` (not a
547 | |     /// `OnceCell`) so a transient connect failure is retried on the next call
...   |
569 | |     dlq_depth: Arc<DeadLetterDepth>,
570 | | }
    | |_^

warning: type does not implement `std::fmt::Debug`; consider adding `#[derive(Debug)]` or a manual implementation
    --> crates/platform/runtime/src/plugins/wamn_jetstream.rs:1209:1
     |
1209 | / pub struct JsConsumer {
1210 | |     consumer: Consumer<PullConfig>,
1211 | |     dead_letter: Option<DeadLetterIdentity>,
1212 | | }
     | |_^

warning: type does not implement `std::fmt::Debug`; consider adding `#[derive(Debug)]` or a manual implementation
    --> crates/platform/runtime/src/plugins/wamn_jetstream.rs:1216:1
     |
1216 | / pub struct JsMessage {
1217 | |     msg: async_nats::jetstream::Message,
1218 | |     dead_letter: Option<DeadLetterIdentity>,
1219 | | }
     | |_^

warning: type does not implement `std::fmt::Debug`; consider adding `#[derive(Debug)]` or a manual implementation
   --> crates/platform/runtime/src/plugins/wamn_logging.rs:213:1
    |
213 | / pub struct Capture {
214 | |     records: std::sync::Mutex<Vec<CapturedRec>>,
215 | | }
    | |_^

warning: type does not implement `std::fmt::Debug`; consider adding `#[derive(Debug)]` or a manual implementation
   --> crates/platform/runtime/src/plugins/wamn_logging.rs:235:1
    |
235 | / pub struct WamnLogging {
236 | |     /// component id → host-trusted {tenant, project}.
237 | |     claims: std::sync::RwLock<HashMap<String, Claim>>,
238 | |     /// Bounded front queue; `try_send` keeps `log()` non-blocking.
...   |
243 | |     _drain: tokio::task::JoinHandle<()>,
244 | | }
    | |_^

warning: type does not implement `std::fmt::Debug`; consider adding `#[derive(Debug)]` or a manual implementation
   --> crates/platform/runtime/src/plugins/wamn_postgres/claims.rs:55:1
    |
 55 | / pub struct WamnPostgres {
 56 | |     /// Resolves a project id → its database connection + policy.
 57 | |     provider: Arc<dyn CredentialProvider>,
 58 | |     /// Guest-visible project pools, built lazily and never shared with host-owned
...   |
121 | |     pub(super) bind_counters: super::BindCounters,
122 | | }
    | |_^

warning: type does not implement `std::fmt::Debug`; consider adding `#[derive(Debug)]` or a manual implementation
   --> crates/platform/runtime/src/plugins/wamn_postgres/pool.rs:339:1
    |
339 | / pub struct StaticCredentialProvider {
340 | |     projects: HashMap<String, ProjectConfig>,
341 | | }
    | |_^

warning: type does not implement `std::fmt::Debug`; consider adding `#[derive(Debug)]` or a manual implementation
   --> crates/platform/runtime/src/plugins/wamn_postgres/pool.rs:514:1
    |
514 | / pub struct K8sSecretProvider {
515 | |     pub namespace: String,
516 | | }
    | |_^

warning: type does not implement `std::fmt::Debug`; consider adding `#[derive(Debug)]` or a manual implementation
   --> crates/platform/runtime/src/plugins/wamn_postgres/resources.rs:99:1
    |
 99 | / pub struct PgTransaction {
100 | |     state: SharedTxnState,
101 | |     destroyed: Arc<AtomicU64>,
102 | |     cursor_seq: u32,
103 | |     /// Row limit of the project this transaction's connection belongs to.
104 | |     row_limit: u64,
105 | | }
    | |_^

warning: type does not implement `std::fmt::Debug`; consider adding `#[derive(Debug)]` or a manual implementation
   --> crates/platform/runtime/src/plugins/wamn_postgres/resources.rs:145:1
    |
145 | / pub struct PgCursor {
146 | |     state: SharedTxnState,
147 | |     destroyed: Arc<AtomicU64>,
148 | |     name: String,
149 | | }
    | |_^

warning: type does not implement `std::fmt::Debug`; consider adding `#[derive(Debug)]` or a manual implementation
   --> crates/platform/runtime/src/wiring_doorbell.rs:145:1
    |
145 | / pub struct WiringDoorbellListener {
146 | |     shutdown: tokio::sync::watch::Sender<bool>,
147 | |     task: tokio::task::JoinHandle<()>,
148 | | }
    | |_^

warning: `wamn-runtime` (lib) generated 16 warnings
   Compiling wamn-ctl v0.1.0 (/home/kaalin/.cache/wamn-lanes/generated-tui-20260908/services/ctl)
warning: function `run_once_stages` is never used
   --> services/ctl/src/dev.rs:603:10
    |
603 | async fn run_once_stages<R>(
    |          ^^^^^^^^^^^^^^^
    |
    = note: `#[warn(dead_code)]` (part of `#[warn(unused)]`) on by default

warning: function `verify_source_package_with_client` is never used
    --> services/ctl/src/push_component.rs:1301:10
     |
1301 | async fn verify_source_package_with_client(
     |          ^^^^^^^^^^^^^^^^^^^^^^^^^^^^^^^^^

   Compiling wamn-scenario-worker v0.1.0 (/home/kaalin/.cache/wamn-lanes/generated-tui-20260908/services/scenario-worker)
warning: type does not implement `std::fmt::Debug`; consider adding `#[derive(Debug)]` or a manual implementation
   --> services/scenario-worker/src/authoring.rs:218:1
    |
218 | / pub struct InternalAuthoringBackend {
219 | |     authority: InternalDevAdmin,
220 | |     client: Client,
221 | |     connection_task: tokio::task::JoinHandle<()>,
222 | |     tenant_id: Box<str>,
223 | |     source_schema: BareSchemaName,
224 | | }
    | |_^
    |
    = note: requested on the command line with `-W missing-debug-implementations`

warning: type does not implement `std::fmt::Debug`; consider adding `#[derive(Debug)]` or a manual implementation
   --> services/scenario-worker/src/store/admission.rs:316:1
    |
316 | / pub struct AdmissionSurface {
317 | |     /// The explicit credential and exact server-side predicates are retained so
318 | |     /// every replacement physical connection is checked identically.
319 | |     probe: CredentialExactnessProbe,
...   |
322 | |     tenant_id: Box<str>,
323 | | }
    | |_^

warning: `wamn-scenario-worker` (lib) generated 2 warnings
   Compiling wamn-execution-host v0.1.0 (/home/kaalin/.cache/wamn-lanes/generated-tui-20260908/crates/execution/host)
warning: `wamn-ctl` (lib) generated 2 warnings
   Compiling wamn-proof-integration v0.1.0 (/home/kaalin/.cache/wamn-lanes/generated-tui-20260908/tests/integration)
warning: function `models` is never used
  --> tests/integration/src/measurement_schema.rs:25:8
   |
25 | pub fn models(schema: &str) -> Vec<ManagedModel> {
   |        ^^^^^^
   |
   = note: `#[warn(dead_code)]` (part of `#[warn(unused)]`) on by default

warning: field `release` is never read
   --> tests/integration/src/trusted_http_route.rs:110:16
    |
105 | pub struct TrustedHttpRoute {
    |            ---------------- field in this struct
...
110 |     pub(crate) release: Arc<ReleaseManifestWeld>,
    |                ^^^^^^^

warning: type does not implement `std::fmt::Debug`; consider adding `#[derive(Debug)]` or a manual implementation
   --> tests/integration/src/trusted_http_route.rs:105:1
    |
105 | / pub struct TrustedHttpRoute {
106 | |     pub driver: Arc<RouterDriver>,
107 | |     /// The same welded release the driver authorizes. Callers that exercise a
108 | |     /// release-owned ingress plugin must share this exact weld rather than mint
...   |
116 | |     pub wiring_hash: String,
117 | | }
    | |_^
    |
    = note: requested on the command line with `-W missing-debug-implementations`

warning: `wamn-proof-integration` (lib) generated 3 warnings
warning: `wamn-proof-integration` (lib test) generated 2 warnings (2 duplicates)
    Finished `test` profile [unoptimized + debuginfo] target(s) in 4m 52s
  Executable unittests src/lib.rs (target/debug/deps/wamn_ctl-d9bf354dd4e48c3c)
  Executable unittests src/bin/wamn.rs (target/debug/deps/wamn-dacac7e4d836d7e1)
  Executable unittests src/main.rs (target/debug/deps/wamn_ctl-e70d5979dd752fbe)
  Executable tests/apply_package_live.rs (target/debug/deps/apply_package_live-35f79ce11e6b7f95)
  Executable tests/author_wiring_gate_report_live.rs (target/debug/deps/author_wiring_gate_report_live-5ea51f22f38a3d4a)
  Executable tests/bind_connection_live.rs (target/debug/deps/bind_connection_live-b52b78e37474d036)
  Executable tests/dev_command.rs (target/debug/deps/dev_command-c89bcdb1f203006b)
  Executable tests/dispatch_reader_provisioning_live.rs (target/debug/deps/dispatch_reader_provisioning_live-6efae7c933c1e890)
  Executable tests/effect_writer_generation_live.rs (target/debug/deps/effect_writer_generation_live-ab03652c4444b793)
  Executable tests/guest_generation_live.rs (target/debug/deps/guest_generation_live-16fa6f0290b1d937)
  Executable tests/identity_issuer_live.rs (target/debug/deps/identity_issuer_live-4dfa0cb0bfba7b9b)
  Executable tests/management_admitter_generation_live.rs (target/debug/deps/management_admitter_generation_live-b9eafc9d695cdd5f)
  Executable tests/package_data_access_live.rs (target/debug/deps/package_data_access_live-3b79a586f48cc5da)
  Executable tests/provisioning_order_live.rs (target/debug/deps/provisioning_order_live-57aab6a05f68498a)
  Executable tests/publish_release_live.rs (target/debug/deps/publish_release_live-65befee598916d02)
  Executable tests/replica_identity_live.rs (target/debug/deps/replica_identity_live-3805a10f484f4034)
  Executable tests/run_plane_live.rs (target/debug/deps/run_plane_live-3a1137384048c829)
  Executable tests/session_audience_live.rs (target/debug/deps/session_audience_live-d0ae95a52d1dff5a)
  Executable tests/terminalize_effect_uncertain_live.rs (target/debug/deps/terminalize_effect_uncertain_live-5f5659bea185f8a7)
  Executable tests/verb_surface.rs (target/debug/deps/verb_surface-0c2b4153519ea4df)
  Executable unittests src/lib.rs (target/debug/deps/wamn_proof_integration-8b1a8005b99ce161)
  Executable unittests src/bin/instantiate-bench.rs (target/debug/deps/instantiate_bench-ef9e2491531452b6)
  Executable unittests src/bin/wamn-dev-env.rs (target/debug/deps/wamn_dev_env-c963bb6883ca16c4)
  Executable unittests src/bin/wamn-throughput.rs (target/debug/deps/wamn_throughput-ee062ade9039b1de)
  Executable tests/startup_burst_live.rs (target/debug/deps/startup_burst_live-8ed8ebce365a5a8e)
