warning: function `canonical_serialized` is never used
   --> crates/catalog/model/src/lib.rs:791:4
    |
791 | fn canonical_serialized(value: &impl Serialize) -> Vec<u8> {
    |    ^^^^^^^^^^^^^^^^^^^^
    |
    = note: `#[warn(dead_code)]` (part of `#[warn(unused)]`) on by default

warning: `wamn-catalog` (lib) generated 1 warning
warning: the item `Future` is imported redundantly
 --> crates/platform/runtime/src/connection_authority.rs:3:5
  |
3 | use std::future::Future;
  |     ^^^^^^^^^^^^^^^^^^^
  |
 --> /rustc/88d9e12ae178fab0fb5cc050a94da85685d449ea/library/std/src/prelude/mod.rs:166:12
  |
  = note: the item `Future` is already defined here
  |
  = note: requested on the command line with `-W redundant-imports`

warning: constant `HTTP_CONTRACT` is never used
  --> crates/platform/runtime/src/plugins/connection_http.rs:56:7
   |
56 | const HTTP_CONTRACT: &str = "wamn:connection/http@0.1.0";
   |       ^^^^^^^^^^^^^
   |
   = note: `#[warn(dead_code)]` (part of `#[warn(unused)]`) on by default

warning: type does not implement `std::fmt::Debug`; consider adding `#[derive(Debug)]` or a manual implementation
   --> crates/platform/runtime/src/plugins/connection_http.rs:131:1
    |
131 | / pub struct ConnectionHttp {
132 | |     postgres: Arc<WamnPostgres>,
133 | |     transport: Arc<HttpTransport>,
134 | |     vault: Arc<WamnCredentials>,
...   |
151 | |     invocations: std::sync::RwLock<HashMap<String, ConnectionInvocation>>,
152 | | }
    | |_^
    |
    = note: requested on the command line with `-W missing-debug-implementations`

warning: type does not implement `std::fmt::Debug`; consider adding `#[derive(Debug)]` or a manual implementation
  --> crates/platform/runtime/src/plugins/wamn_credentials.rs:27:1
   |
27 | / pub struct WamnCredentials {
28 | |     /// Whether ANY backing source was configured. Distinguishes `unavailable`
29 | |     /// (no source — retryable) from `not-found` (source present, name absent —
30 | |     /// config-shaped).
...  |
33 | |     projects: HashMap<String, HashMap<String, String>>,
34 | | }
   | |_^

warning: type does not implement `std::fmt::Debug`; consider adding `#[derive(Debug)]` or a manual implementation
   --> crates/platform/runtime/src/plugins/wamn_jetstream.rs:507:1
    |
507 | / pub struct WamnJetstream {
508 | |     nats_url: Option<String>,
509 | |     stream_replicas: Option<usize>,
510 | |     dup_window_secs: Option<u64>,
...   |
536 | |     release: Option<Arc<ReleaseManifestWeld>>,
537 | | }
    | |_^

warning: type does not implement `std::fmt::Debug`; consider adding `#[derive(Debug)]` or a manual implementation
   --> crates/platform/runtime/src/plugins/wamn_logging.rs:213:1
    |
213 | / pub struct Capture {
214 | |     records: std::sync::Mutex<Vec<CapturedRec>>,
215 | | }
    | |_^

warning: type does not implement `std::fmt::Debug`; consider adding `#[derive(Debug)]` or a manual implementation
   --> crates/platform/runtime/src/plugins/wamn_logging.rs:235:1
    |
235 | / pub struct WamnLogging {
236 | |     /// component id → host-trusted {tenant, project}.
237 | |     claims: std::sync::RwLock<HashMap<String, Claim>>,
238 | |     /// Bounded front queue; `try_send` keeps `log()` non-blocking.
...   |
243 | |     _drain: tokio::task::JoinHandle<()>,
244 | | }
    | |_^

warning: type does not implement `std::fmt::Debug`; consider adding `#[derive(Debug)]` or a manual implementation
   --> crates/platform/runtime/src/plugins/wamn_postgres/claims.rs:54:1
    |
 54 | / pub struct WamnPostgres {
 55 | |     /// Resolves a project id → its database connection + policy.
 56 | |     provider: Arc<dyn CredentialProvider>,
 57 | |     /// Guest-visible project pools, built lazily and never shared with host-owned
...   |
117 | |     pub(super) bind_counters: super::BindCounters,
118 | | }
    | |_^

warning: type does not implement `std::fmt::Debug`; consider adding `#[derive(Debug)]` or a manual implementation
   --> crates/platform/runtime/src/plugins/wamn_postgres/pool.rs:248:1
    |
248 | / pub struct StaticCredentialProvider {
249 | |     projects: HashMap<String, ProjectConfig>,
250 | | }
    | |_^

warning: type does not implement `std::fmt::Debug`; consider adding `#[derive(Debug)]` or a manual implementation
   --> crates/platform/runtime/src/plugins/wamn_postgres/pool.rs:423:1
    |
423 | / pub struct K8sSecretProvider {
424 | |     pub namespace: String,
425 | | }
    | |_^

warning: type does not implement `std::fmt::Debug`; consider adding `#[derive(Debug)]` or a manual implementation
   --> crates/platform/runtime/src/plugins/wamn_postgres/resources.rs:99:1
    |
 99 | / pub struct PgTransaction {
100 | |     state: SharedTxnState,
101 | |     destroyed: Arc<AtomicU64>,
102 | |     cursor_seq: u32,
103 | |     /// Row limit of the project this transaction's connection belongs to.
104 | |     row_limit: u64,
105 | | }
    | |_^

warning: type does not implement `std::fmt::Debug`; consider adding `#[derive(Debug)]` or a manual implementation
   --> crates/platform/runtime/src/plugins/wamn_postgres/resources.rs:145:1
    |
145 | / pub struct PgCursor {
146 | |     state: SharedTxnState,
147 | |     destroyed: Arc<AtomicU64>,
148 | |     name: String,
149 | | }
    | |_^

warning: `wamn-runtime` (lib) generated 12 warnings
warning: function `run_once_stages` is never used
   --> services/ctl/src/dev.rs:604:10
    |
604 | async fn run_once_stages<R>(
    |          ^^^^^^^^^^^^^^^
    |
    = note: `#[warn(dead_code)]` (part of `#[warn(unused)]`) on by default

warning: function `verify_source_package_with_client` is never used
    --> services/ctl/src/push_component.rs:1301:10
     |
1301 | async fn verify_source_package_with_client(
     |          ^^^^^^^^^^^^^^^^^^^^^^^^^^^^^^^^^

warning: `wamn-ctl` (lib) generated 2 warnings
warning: type does not implement `std::fmt::Debug`; consider adding `#[derive(Debug)]` or a manual implementation
  --> test-support/harness/src/ceiling.rs:72:1
   |
72 | / pub struct Ramp {
73 | |     tolerance: f64,
74 | |     max_levels: usize,
75 | |     levels: Vec<LevelStats>,
...  |
82 | |     retrying: bool,
83 | | }
   | |_^
   |
   = note: requested on the command line with `-W missing-debug-implementations`

warning: `wamn-gate-harness` (lib) generated 1 warning
warning: type does not implement `std::fmt::Debug`; consider adding `#[derive(Debug)]` or a manual implementation
   --> services/scenario-worker/src/authoring.rs:218:1
    |
218 | / pub struct InternalAuthoringBackend {
219 | |     authority: InternalDevAdmin,
220 | |     client: Client,
221 | |     connection_task: tokio::task::JoinHandle<()>,
222 | |     tenant_id: Box<str>,
223 | |     source_schema: BareSchemaName,
224 | | }
    | |_^
    |
    = note: requested on the command line with `-W missing-debug-implementations`

warning: type does not implement `std::fmt::Debug`; consider adding `#[derive(Debug)]` or a manual implementation
   --> services/scenario-worker/src/store/admission.rs:316:1
    |
316 | / pub struct AdmissionSurface {
317 | |     /// The explicit credential and exact server-side predicates are retained so
318 | |     /// every replacement physical connection is checked identically.
319 | |     probe: CredentialExactnessProbe,
...   |
322 | |     tenant_id: Box<str>,
323 | | }
    | |_^

warning: `wamn-scenario-worker` (lib) generated 2 warnings
warning: function `models` is never used
  --> tests/integration/src/measurement_schema.rs:25:8
   |
25 | pub fn models(schema: &str) -> Vec<ManagedModel> {
   |        ^^^^^^
   |
   = note: `#[warn(dead_code)]` (part of `#[warn(unused)]`) on by default

warning: field `release` is never read
   --> tests/integration/src/trusted_http_route.rs:110:16
    |
105 | pub struct TrustedHttpRoute {
    |            ---------------- field in this struct
...
110 |     pub(crate) release: Arc<ReleaseManifestWeld>,
    |                ^^^^^^^

warning: type does not implement `std::fmt::Debug`; consider adding `#[derive(Debug)]` or a manual implementation
   --> tests/integration/src/trusted_http_route.rs:105:1
    |
105 | / pub struct TrustedHttpRoute {
106 | |     pub driver: Arc<RouterDriver>,
107 | |     /// The same welded release the driver authorizes. Callers that exercise a
108 | |     /// release-owned ingress plugin must share this exact weld rather than mint
...   |
116 | |     pub wiring_hash: String,
117 | | }
    | |_^
    |
    = note: requested on the command line with `-W missing-debug-implementations`

warning: `wamn-proof-integration` (lib) generated 3 warnings
   Compiling wamn-receiving-tests v0.1.0 (/home/kaalin/dev/wamn/apps/wamn_receiving/tests)
    Finished `test` profile [unoptimized + debuginfo] target(s) in 30.60s
     Running unittests lib.rs (target/debug/deps/wamn_receiving_tests-a1b045d8511c803f)

running 27 tests
test route_authentication_live::cluster::default_case::released_routes_materializer_startup_and_environment_isolation ... ignored, builds and runs the complete Receiving application on owned local services
test route_authentication_live::cluster::measurement::tests::overhead_limit_uses_five_sample_median ... ok
test route_authentication_live::cluster::measurement::tests::restarting_a_replaced_or_unready_pod_does_not_pass ... ok
test route_authentication_live::cluster::measurement::tests::startup_request_keeps_the_recovery_limit_and_purchase_order_identity ... ok
test route_authentication_live::cluster::measurement::tests::throughput_statement_retains_the_generated_read_and_refuses_missing_substitutions ... ok
test route_authentication_live::cluster::measurement_cases::receiving_fresh_authority ... ignored, compares service and human Receiving request authority on an owned cluster
test route_authentication_live::cluster::measurement_cases::receiving_throughput ... ignored, runs the retained Receiving throughput sweep on an owned cluster
test route_authentication_live::cluster::measurement_cases::startup_and_steady_request_overhead ... ignored, measures cold, restarted, and steady Receiving requests on an owned cluster
test route_authentication_live::cluster::postcommit_case::additive_overlay_and_materializer_progress ... ignored, builds and runs the complete additive Receiving cluster on owned local services
test route_authentication_live::cluster::postcommit_case::baseline_overlay_and_materializer_progress ... ignored, builds and runs the complete baseline Receiving cluster on owned local services
test route_authentication_live::cluster::postcommit_pair::unchanged_overlay_across_baseline_and_additive_installations ... ignored, builds two independent Receiving installations and compares the unchanged overlay
test route_authentication_live::cluster::route_cases::command_histories ... ignored, builds and runs Receiving command histories against an owned disposable cluster
test route_authentication_live::cluster::route_cases::human_membership_and_permission_revocation ... ignored, builds and runs the retained in-cluster Receiving membership cases
test route_authentication_live::cluster::session_cases::fresh_only_session_selection ... ignored, builds and runs Receiving fresh-only session selection
test route_authentication_live::cluster::session_cases::session_client_login_and_fresh_selection ... ignored, builds and runs Receiving client login and fresh session selection
test route_authentication_live::cluster::session_cases::session_hosts_preserve_the_original_caller ... ignored, builds and runs the Receiving session issuer and two native hosts
test route_authentication_live::cluster::resources::tests::rejects_wildcard_extra_and_unallocated_postgres_ports ... ok
test route_authentication_live::cluster::postcommit_pair::tests::requires_the_exact_ownership_refusal_and_private_database_cleanup ... ok
test route_authentication_live::cluster::postcommit_pair::tests::requires_the_same_overlay_and_distinct_observed_base ... ok
test route_authentication_live::cluster::startup_case::tests::preserves_tempo_trace_id_normalization_and_refusals ... ok
test route_authentication_live::cluster::resources::tests::requires_the_owned_kind_network_address ... ok
test route_authentication_live::cluster::session_cluster::tests::only_session_gates_accept_a_loaded_image_without_a_repository_digest ... ok
test route_authentication_live::cluster::startup_case::tests::requires_progress_inside_measured_overlapping_starts ... ok
test route_authentication_live::cluster::startup_case::tests::requires_queued_demand_beyond_the_declared_limit_and_live_warm_route ... ok
test route_authentication_live::cluster::session_cluster::tests::pinning_changes_only_the_two_declared_host_placements ... ok
test route_authentication_live::cluster::startup_case::tests::rejects_missing_duplicate_and_nonpositive_start_spans ... ok
test route_authentication_live::cluster::session_cluster::tests::session_overlay_preserves_existing_fields_and_refuses_missing_or_repeated_groups ... ok

test result: ok. 15 passed; 0 failed; 12 ignored; 0 measured; 27 filtered out; finished in 0.00s

