build-components: m1 selects 9 component packages across 2 workspaces
warning: field `adjusted_quantity` is never read
  --> /wamn/components/data/wms-data/../../../packages/wms/generated/wamn/inventory_adjust.rs:12:9
   |
11 | pub(crate) struct FinalizeCommandRow {
   |                   ------------------ field in this struct
12 |     pub adjusted_quantity: Option<wamn_postgres_statements::Numeric>,
   |         ^^^^^^^^^^^^^^^^^
   |
   = note: `FinalizeCommandRow` has a derived impl for the trait `Debug`, but this is intentionally ignored during dead code analysis
   = note: `#[warn(dead_code)]` (part of `#[warn(unused)]`) on by default

warning: field `id` is never read
  --> /wamn/components/data/wms-data/../../../packages/wms/generated/wamn/inventory_adjust.rs:27:9
   |
26 | pub(crate) struct InsertMovementRow {
   |                   ----------------- field in this struct
27 |     pub id: wamn_postgres_statements::Uuid,
   |         ^^
   |
   = note: `InsertMovementRow` has a derived impl for the trait `Debug`, but this is intentionally ignored during dead code analysis

warning: field `location_id` is never read
  --> /wamn/components/data/wms-data/../../../packages/wms/generated/wamn/inventory_adjust.rs:32:9
   |
31 | pub(crate) struct LockPalletRow {
   |                   ------------- field in this struct
32 |     pub location_id: wamn_postgres_statements::Uuid,
   |         ^^^^^^^^^^^
   |
   = note: `LockPalletRow` has a derived impl for the trait `Debug`, but this is intentionally ignored during dead code analysis

warning: field `id` is never read
  --> /wamn/components/data/wms-data/../../../packages/wms/generated/wamn/inventory_adjust.rs:39:9
   |
38 | pub(crate) struct SetQuantityRow {
   |                   -------------- field in this struct
39 |     pub id: wamn_postgres_statements::Uuid,
   |         ^^
   |
   = note: `SetQuantityRow` has a derived impl for the trait `Debug`, but this is intentionally ignored during dead code analysis

warning: fields `id` and `quantity` are never read
 --> /wamn/components/data/wms-data/../../../packages/wms/generated/wamn/inventory_merge.rs:7:9
  |
6 | pub(crate) struct AddToTargetRow {
  |                   -------------- fields in this struct
7 |     pub id: wamn_postgres_statements::Uuid,
  |         ^^
8 |     pub quantity: wamn_postgres_statements::Numeric,
  |         ^^^^^^^^
  |
  = note: `AddToTargetRow` has a derived impl for the trait `Debug`, but this is intentionally ignored during dead code analysis

warning: field `row_version` is never read
  --> /wamn/components/data/wms-data/../../../packages/wms/generated/wamn/inventory_merge.rs:18:9
   |
17 | pub(crate) struct ConsumeSourceRow {
   |                   ---------------- field in this struct
18 |     pub row_version: i64,
   |         ^^^^^^^^^^^
   |
   = note: `ConsumeSourceRow` has a derived impl for the trait `Debug`, but this is intentionally ignored during dead code analysis

warning: field `id` is never read
  --> /wamn/components/data/wms-data/../../../packages/wms/generated/wamn/inventory_merge.rs:37:9
   |
36 | pub(crate) struct InsertMovementRow {
   |                   ----------------- field in this struct
37 |     pub id: wamn_postgres_statements::Uuid,
   |         ^^
   |
   = note: `InsertMovementRow` has a derived impl for the trait `Debug`, but this is intentionally ignored during dead code analysis

warning: field `location_id` is never read
  --> /wamn/components/data/wms-data/../../../packages/wms/generated/wamn/inventory_merge.rs:43:9
   |
41 | pub(crate) struct LockBothPalletsRow {
   |                   ------------------ field in this struct
42 |     pub id: wamn_postgres_statements::Uuid,
43 |     pub location_id: wamn_postgres_statements::Uuid,
   |         ^^^^^^^^^^^
   |
   = note: `LockBothPalletsRow` has a derived impl for the trait `Debug`, but this is intentionally ignored during dead code analysis

warning: fields `id` and `quantity` are never read
  --> /wamn/components/data/wms-data/../../../packages/wms/generated/wamn/inventory_merge.rs:50:9
   |
49 | pub(crate) struct PlaceOnTargetRow {
   |                   ---------------- fields in this struct
50 |     pub id: wamn_postgres_statements::Uuid,
   |         ^^
51 |     pub quantity: wamn_postgres_statements::Numeric,
   |         ^^^^^^^^
   |
   = note: `PlaceOnTargetRow` has a derived impl for the trait `Debug`, but this is intentionally ignored during dead code analysis

warning: field `pallet_status` is never read
  --> /wamn/components/data/wms-data/../../../packages/wms/generated/wamn/inventory_move.rs:12:9
   |
11 | pub(crate) struct FinalizeCommandRow {
   |                   ------------------ field in this struct
12 |     pub pallet_status: Option<String>,
   |         ^^^^^^^^^^^^^
   |
   = note: `FinalizeCommandRow` has a derived impl for the trait `Debug`, but this is intentionally ignored during dead code analysis

warning: field `id` is never read
  --> /wamn/components/data/wms-data/../../../packages/wms/generated/wamn/inventory_move.rs:27:9
   |
26 | pub(crate) struct InsertMovementRow {
   |                   ----------------- field in this struct
27 |     pub id: wamn_postgres_statements::Uuid,
   |         ^^
   |
   = note: `InsertMovementRow` has a derived impl for the trait `Debug`, but this is intentionally ignored during dead code analysis

warning: field `status` is never read
  --> /wamn/components/data/wms-data/../../../packages/wms/generated/wamn/inventory_move.rs:34:9
   |
31 | pub(crate) struct LockPalletRow {
   |                   ------------- field in this struct
...
34 |     pub status: String,
   |         ^^^^^^
   |
   = note: `LockPalletRow` has a derived impl for the trait `Debug`, but this is intentionally ignored during dead code analysis

warning: field `status` is never read
  --> /wamn/components/data/wms-data/../../../packages/wms/generated/wamn/inventory_move.rs:48:9
   |
45 | pub(crate) struct SelectPalletQuantityRow {
   |                   ----------------------- field in this struct
...
48 |     pub status: String,
   |         ^^^^^^
   |
   = note: `SelectPalletQuantityRow` has a derived impl for the trait `Debug`, but this is intentionally ignored during dead code analysis

warning: field `id` is never read
  --> /wamn/components/data/wms-data/../../../packages/wms/generated/wamn/inventory_move.rs:53:9
   |
52 | pub(crate) struct ValidateLocationRow {
   |                   ------------------- field in this struct
53 |     pub id: wamn_postgres_statements::Uuid,
   |         ^^
   |
   = note: `ValidateLocationRow` has a derived impl for the trait `Debug`, but this is intentionally ignored during dead code analysis

warning: fields `id`, `row_version`, and `status` are never read
  --> /wamn/components/data/wms-data/../../../packages/wms/generated/wamn/inventory_split.rs:13:9
   |
12 | pub(crate) struct CreatePalletRow {
   |                   --------------- fields in this struct
13 |     pub id: wamn_postgres_statements::Uuid,
   |         ^^
14 |     pub row_version: i64,
   |         ^^^^^^^^^^^
15 |     pub status: String,
   |         ^^^^^^
   |
   = note: `CreatePalletRow` has a derived impl for the trait `Debug`, but this is intentionally ignored during dead code analysis

warning: field `id` is never read
  --> /wamn/components/data/wms-data/../../../packages/wms/generated/wamn/inventory_split.rs:34:9
   |
33 | pub(crate) struct InsertMovementRow {
   |                   ----------------- field in this struct
34 |     pub id: wamn_postgres_statements::Uuid,
   |         ^^
   |
   = note: `InsertMovementRow` has a derived impl for the trait `Debug`, but this is intentionally ignored during dead code analysis

warning: field `location_id` is never read
  --> /wamn/components/data/wms-data/../../../packages/wms/generated/wamn/inventory_split.rs:39:9
   |
38 | pub(crate) struct LockPalletRow {
   |                   ------------- field in this struct
39 |     pub location_id: wamn_postgres_statements::Uuid,
   |         ^^^^^^^^^^^
   |
   = note: `LockPalletRow` has a derived impl for the trait `Debug`, but this is intentionally ignored during dead code analysis

warning: fields `id` and `quantity` are never read
  --> /wamn/components/data/wms-data/../../../packages/wms/generated/wamn/inventory_split.rs:46:9
   |
45 | pub(crate) struct PlaceQuantityRow {
   |                   ---------------- fields in this struct
46 |     pub id: wamn_postgres_statements::Uuid,
   |         ^^
47 |     pub quantity: wamn_postgres_statements::Numeric,
   |         ^^^^^^^^
   |
   = note: `PlaceQuantityRow` has a derived impl for the trait `Debug`, but this is intentionally ignored during dead code analysis

warning: fields `id` and `quantity` are never read
  --> /wamn/components/data/wms-data/../../../packages/wms/generated/wamn/inventory_split.rs:57:9
   |
56 | pub(crate) struct TakeFromSourceRow {
   |                   ----------------- fields in this struct
57 |     pub id: wamn_postgres_statements::Uuid,
   |         ^^
58 |     pub quantity: wamn_postgres_statements::Numeric,
   |         ^^^^^^^^
   |
   = note: `TakeFromSourceRow` has a derived impl for the trait `Debug`, but this is intentionally ignored during dead code analysis

warning: field `id` is never read
  --> /wamn/components/data/wms-data/../../../packages/wms/generated/wamn/inventory_split.rs:69:9
   |
68 | pub(crate) struct ValidateLocationRow {
   |                   ------------------- field in this struct
69 |     pub id: wamn_postgres_statements::Uuid,
   |         ^^
   |
   = note: `ValidateLocationRow` has a derived impl for the trait `Debug`, but this is intentionally ignored during dead code analysis

warning: constant `REFUSALS` is never used
  --> data/wms-data/src/inventory_adjust.rs:28:18
   |
28 | pub(crate) const REFUSALS: &[AccessErrorKind] = &[
   |                  ^^^^^^^^

warning: constant `REFUSALS` is never used
  --> data/wms-data/src/inventory_aggregate.rs:14:18
   |
14 | pub(crate) const REFUSALS: &[AccessErrorKind] = &[
   |                  ^^^^^^^^

warning: constant `REFUSALS` is never used
  --> data/wms-data/src/inventory_merge.rs:30:18
   |
30 | pub(crate) const REFUSALS: &[AccessErrorKind] = &[
   |                  ^^^^^^^^

warning: constant `REFUSALS` is never used
  --> data/wms-data/src/inventory_move.rs:33:18
   |
33 | pub(crate) const REFUSALS: &[AccessErrorKind] = &[
   |                  ^^^^^^^^

warning: constant `REFUSALS` is never used
  --> data/wms-data/src/inventory_split.rs:29:18
   |
29 | pub(crate) const REFUSALS: &[AccessErrorKind] = &[
   |                  ^^^^^^^^

warning: constant `GET_REFUSALS` is never used
  --> data/wms-data/src/pallet.rs:16:18
   |
16 | pub(crate) const GET_REFUSALS: &[AccessErrorKind] = &[
   |                  ^^^^^^^^^^^^

warning: constant `QUERY_REFUSALS` is never used
  --> data/wms-data/src/pallet.rs:25:18
   |
25 | pub(crate) const QUERY_REFUSALS: &[AccessErrorKind] = &[
   |                  ^^^^^^^^^^^^^^

warning: `wamn-wms-data-access` (lib) generated 27 warnings
    Finished `release` profile [optimized] target(s) in 0.06s
warning: suspicious definition of the runtime `memcmp` symbol used by the standard library
  --> transform/src/../../guest_runtime.rs:60:1
   |
60 | unsafe extern "C" fn memcmp(left: *const u8, right: *const u8, length: usize) -> i32 {
   | ^^^^^^^^^^^^^^^^^^^^^^^^^^^^^^^^^^^^^^^^^^^^^^^^^^^^^^^^^^^^^^^^^^^^^^^^^^^^^^^^^^^^
   |
   = note: expected `unsafe extern "C" fn(*const c_void, *const c_void, usize) -> i32`
           found    `unsafe extern "C" fn(*const u8, *const u8, usize) -> i32`
   = help: either fix the signature or remove any attributes like `#[unsafe(no_mangle)]`, `#[unsafe(export_name = "memcmp")]`, or `#[link_name = "memcmp"]`
   = help: allow this lint if the signature is compatible
   = note: `#[warn(suspicious_runtime_symbol_definitions)]` on by default

warning: unused variable: `record`
  --> label-render/src/lib.rs:86:22
   |
86 |             let Some(record) = fields.as_object_mut() else {
   |                      ^^^^^^ help: if this is intentional, prefix it with an underscore: `_record`
   |
   = note: `#[warn(unused_variables)]` (part of `#[warn(unused)]`) on by default

warning: suspicious definition of the runtime `memcmp` symbol used by the standard library
  --> label-render/src/../../guest_runtime.rs:60:1
   |
60 | unsafe extern "C" fn memcmp(left: *const u8, right: *const u8, length: usize) -> i32 {
   | ^^^^^^^^^^^^^^^^^^^^^^^^^^^^^^^^^^^^^^^^^^^^^^^^^^^^^^^^^^^^^^^^^^^^^^^^^^^^^^^^^^^^
   |
   = note: expected `unsafe extern "C" fn(*const c_void, *const c_void, usize) -> i32`
           found    `unsafe extern "C" fn(*const u8, *const u8, usize) -> i32`
   = help: either fix the signature or remove any attributes like `#[unsafe(no_mangle)]`, `#[unsafe(export_name = "memcmp")]`, or `#[link_name = "memcmp"]`
   = help: allow this lint if the signature is compatible
   = note: `#[warn(suspicious_runtime_symbol_definitions)]` on by default

warning: suspicious definition of the runtime `memcmp` symbol used by the standard library
  --> http-request/src/../../guest_runtime.rs:60:1
   |
60 | unsafe extern "C" fn memcmp(left: *const u8, right: *const u8, length: usize) -> i32 {
   | ^^^^^^^^^^^^^^^^^^^^^^^^^^^^^^^^^^^^^^^^^^^^^^^^^^^^^^^^^^^^^^^^^^^^^^^^^^^^^^^^^^^^
   |
   = note: expected `unsafe extern "C" fn(*const c_void, *const c_void, usize) -> i32`
           found    `unsafe extern "C" fn(*const u8, *const u8, usize) -> i32`
   = help: either fix the signature or remove any attributes like `#[unsafe(no_mangle)]`, `#[unsafe(export_name = "memcmp")]`, or `#[link_name = "memcmp"]`
   = help: allow this lint if the signature is compatible
   = note: `#[warn(suspicious_runtime_symbol_definitions)]` on by default

warning: `transform` (lib) generated 1 warning
warning: `label-render` (lib) generated 2 warnings (run `cargo fix --lib -p label-render` to apply 1 suggestion)
warning: `http-request` (lib) generated 1 warning
    Finished `release` profile [optimized] target(s) in 0.05s
build-components: m1 normalizes 4 declared artifacts with profile std-empty-environment
    Finished `dev` profile [unoptimized + debuginfo] target(s) in 0.17s
     Running `target/debug/wamn-component-virtualizer --input /home/kaalin/.cache/wamn-lanes/wasmcloud-2-9-20260909/target/wasm32-wasip2/release/blob_put.wasm --output /home/kaalin/.cache/wamn-lanes/wasmcloud-2-9-20260909/target/virtualized/std-empty-environment/blob_put.wasm.partial.3604201`
wasi-virt-source-rev=448f6df8f688cee5d6995e96b1ffc31f9bf00742 wasi-virt-adapter-sha256=sha256:28eff8a2255812b440fbad2784a5a87660321e667331c17fb9a95f29caa85632
build-components: normalized blob-put -> /home/kaalin/.cache/wamn-lanes/wasmcloud-2-9-20260909/target/virtualized/std-empty-environment/blob_put.wasm
    Finished `dev` profile [unoptimized + debuginfo] target(s) in 0.17s
     Running `target/debug/wamn-component-virtualizer --input /home/kaalin/.cache/wamn-lanes/wasmcloud-2-9-20260909/target/wasm32-wasip2/release/client_acme_receiving.wasm --output /home/kaalin/.cache/wamn-lanes/wasmcloud-2-9-20260909/target/virtualized/std-empty-environment/client_acme_receiving.wasm.partial.3604201`
wasi-virt-source-rev=448f6df8f688cee5d6995e96b1ffc31f9bf00742 wasi-virt-adapter-sha256=sha256:28eff8a2255812b440fbad2784a5a87660321e667331c17fb9a95f29caa85632
build-components: normalized client-acme-receiving -> /home/kaalin/.cache/wamn-lanes/wasmcloud-2-9-20260909/target/virtualized/std-empty-environment/client_acme_receiving.wasm
    Finished `dev` profile [unoptimized + debuginfo] target(s) in 0.18s
     Running `target/debug/wamn-component-virtualizer --input /home/kaalin/.cache/wamn-lanes/wasmcloud-2-9-20260909/target/wasm32-wasip2/release/receiving.wasm --output /home/kaalin/.cache/wamn-lanes/wasmcloud-2-9-20260909/target/virtualized/std-empty-environment/receiving.wasm.partial.3604201`
wasi-virt-source-rev=448f6df8f688cee5d6995e96b1ffc31f9bf00742 wasi-virt-adapter-sha256=sha256:28eff8a2255812b440fbad2784a5a87660321e667331c17fb9a95f29caa85632
build-components: normalized receiving -> /home/kaalin/.cache/wamn-lanes/wasmcloud-2-9-20260909/target/virtualized/std-empty-environment/receiving.wasm
    Finished `dev` profile [unoptimized + debuginfo] target(s) in 0.18s
     Running `target/debug/wamn-component-virtualizer --input /home/kaalin/.cache/wamn-lanes/wasmcloud-2-9-20260909/target/wasm32-wasip2/release/wms.wasm --output /home/kaalin/.cache/wamn-lanes/wasmcloud-2-9-20260909/target/virtualized/std-empty-environment/wms.wasm.partial.3604201`
wasi-virt-source-rev=448f6df8f688cee5d6995e96b1ffc31f9bf00742 wasi-virt-adapter-sha256=sha256:28eff8a2255812b440fbad2784a5a87660321e667331c17fb9a95f29caa85632
build-components: normalized wms -> /home/kaalin/.cache/wamn-lanes/wasmcloud-2-9-20260909/target/virtualized/std-empty-environment/wms.wasm
warning: function `canonical_serialized` is never used
   --> crates/catalog/model/src/lib.rs:792:4
    |
792 | fn canonical_serialized(value: &impl Serialize) -> Vec<u8> {
    |    ^^^^^^^^^^^^^^^^^^^^
    |
    = note: `#[warn(dead_code)]` (part of `#[warn(unused)]`) on by default

warning: `wamn-catalog` (lib) generated 1 warning
   Compiling wamn-runtime v0.1.0 (/home/kaalin/.cache/wamn-lanes/wasmcloud-2-9-20260909/crates/platform/runtime)
warning: the item `Future` is imported redundantly
 --> crates/platform/runtime/src/connection_authority.rs:3:5
  |
3 | use std::future::Future;
  |     ^^^^^^^^^^^^^^^^^^^
  |
 --> /rustc/88d9e12ae178fab0fb5cc050a94da85685d449ea/library/std/src/prelude/mod.rs:166:12
  |
  = note: the item `Future` is already defined here
  |
  = note: requested on the command line with `-W redundant-imports`

warning: the item `Future` is imported redundantly
 --> crates/platform/runtime/src/plugins/wamn_postgres/pool.rs:7:5
  |
7 | use std::future::Future;
  |     ^^^^^^^^^^^^^^^^^^^
  |
 --> /rustc/88d9e12ae178fab0fb5cc050a94da85685d449ea/library/std/src/prelude/mod.rs:166:12
  |
  = note: the item `Future` is already defined here

warning: constant `HTTP_CONTRACT` is never used
  --> crates/platform/runtime/src/plugins/connection_http.rs:51:7
   |
51 | const HTTP_CONTRACT: &str = "wamn:connection/http@0.1.0";
   |       ^^^^^^^^^^^^^
   |
   = note: `#[warn(dead_code)]` (part of `#[warn(unused)]`) on by default

warning: type does not implement `std::fmt::Debug`; consider adding `#[derive(Debug)]` or a manual implementation
   --> crates/platform/runtime/src/plugins/connection_http.rs:111:1
    |
111 | / pub struct ConnectionHttp {
112 | |     postgres: Arc<WamnPostgres>,
113 | |     vault: Arc<WamnCredentials>,
114 | |     tenant: Box<str>,
...   |
130 | |     invocations: std::sync::RwLock<HashMap<String, ConnectionInvocation>>,
131 | | }
    | |_^
    |
    = note: requested on the command line with `-W missing-debug-implementations`

warning: type does not implement `std::fmt::Debug`; consider adding `#[derive(Debug)]` or a manual implementation
  --> crates/platform/runtime/src/plugins/wamn_credentials.rs:27:1
   |
27 | / pub struct WamnCredentials {
28 | |     /// Whether ANY backing source was configured. Distinguishes `unavailable`
29 | |     /// (no source — retryable) from `not-found` (source present, name absent —
30 | |     /// config-shaped).
...  |
33 | |     projects: HashMap<String, HashMap<String, String>>,
34 | | }
   | |_^

warning: type does not implement `std::fmt::Debug`; consider adding `#[derive(Debug)]` or a manual implementation
   --> crates/platform/runtime/src/plugins/wamn_jetstream.rs:544:1
    |
544 | / pub struct WamnJetstream {
545 | |     nats_url: Option<String>,
546 | |     /// Lazily-connected, memoized JetStream context. A `Mutex<Option<_>>` (not a
547 | |     /// `OnceCell`) so a transient connect failure is retried on the next call
...   |
569 | |     dlq_depth: Arc<DeadLetterDepth>,
570 | | }
    | |_^

warning: type does not implement `std::fmt::Debug`; consider adding `#[derive(Debug)]` or a manual implementation
    --> crates/platform/runtime/src/plugins/wamn_jetstream.rs:1209:1
     |
1209 | / pub struct JsConsumer {
1210 | |     consumer: Consumer<PullConfig>,
1211 | |     dead_letter: Option<DeadLetterIdentity>,
1212 | | }
     | |_^

warning: type does not implement `std::fmt::Debug`; consider adding `#[derive(Debug)]` or a manual implementation
    --> crates/platform/runtime/src/plugins/wamn_jetstream.rs:1216:1
     |
1216 | / pub struct JsMessage {
1217 | |     msg: async_nats::jetstream::Message,
1218 | |     dead_letter: Option<DeadLetterIdentity>,
1219 | | }
     | |_^

warning: type does not implement `std::fmt::Debug`; consider adding `#[derive(Debug)]` or a manual implementation
   --> crates/platform/runtime/src/plugins/wamn_logging.rs:213:1
    |
213 | / pub struct Capture {
214 | |     records: std::sync::Mutex<Vec<CapturedRec>>,
215 | | }
    | |_^

warning: type does not implement `std::fmt::Debug`; consider adding `#[derive(Debug)]` or a manual implementation
   --> crates/platform/runtime/src/plugins/wamn_logging.rs:235:1
    |
235 | / pub struct WamnLogging {
236 | |     /// component id → host-trusted {tenant, project}.
237 | |     claims: std::sync::RwLock<HashMap<String, Claim>>,
238 | |     /// Bounded front queue; `try_send` keeps `log()` non-blocking.
...   |
243 | |     _drain: tokio::task::JoinHandle<()>,
244 | | }
    | |_^

warning: type does not implement `std::fmt::Debug`; consider adding `#[derive(Debug)]` or a manual implementation
   --> crates/platform/runtime/src/plugins/wamn_postgres/claims.rs:55:1
    |
 55 | / pub struct WamnPostgres {
 56 | |     /// Resolves a project id → its database connection + policy.
 57 | |     provider: Arc<dyn CredentialProvider>,
 58 | |     /// Guest-visible project pools, built lazily and never shared with host-owned
...   |
121 | |     pub(super) bind_counters: super::BindCounters,
122 | | }
    | |_^

warning: type does not implement `std::fmt::Debug`; consider adding `#[derive(Debug)]` or a manual implementation
   --> crates/platform/runtime/src/plugins/wamn_postgres/pool.rs:339:1
    |
339 | / pub struct StaticCredentialProvider {
340 | |     projects: HashMap<String, ProjectConfig>,
341 | | }
    | |_^

warning: type does not implement `std::fmt::Debug`; consider adding `#[derive(Debug)]` or a manual implementation
   --> crates/platform/runtime/src/plugins/wamn_postgres/pool.rs:514:1
    |
514 | / pub struct K8sSecretProvider {
515 | |     pub namespace: String,
516 | | }
    | |_^

warning: type does not implement `std::fmt::Debug`; consider adding `#[derive(Debug)]` or a manual implementation
   --> crates/platform/runtime/src/plugins/wamn_postgres/resources.rs:99:1
    |
 99 | / pub struct PgTransaction {
100 | |     state: SharedTxnState,
101 | |     destroyed: Arc<AtomicU64>,
102 | |     cursor_seq: u32,
103 | |     /// Row limit of the project this transaction's connection belongs to.
104 | |     row_limit: u64,
105 | | }
    | |_^

warning: type does not implement `std::fmt::Debug`; consider adding `#[derive(Debug)]` or a manual implementation
   --> crates/platform/runtime/src/plugins/wamn_postgres/resources.rs:145:1
    |
145 | / pub struct PgCursor {
146 | |     state: SharedTxnState,
147 | |     destroyed: Arc<AtomicU64>,
148 | |     name: String,
149 | | }
    | |_^

warning: type does not implement `std::fmt::Debug`; consider adding `#[derive(Debug)]` or a manual implementation
   --> crates/platform/runtime/src/wiring_doorbell.rs:145:1
    |
145 | / pub struct WiringDoorbellListener {
146 | |     shutdown: tokio::sync::watch::Sender<bool>,
147 | |     task: tokio::task::JoinHandle<()>,
148 | | }
    | |_^

   Compiling wamn-ctl v0.1.0 (/home/kaalin/.cache/wamn-lanes/wasmcloud-2-9-20260909/services/ctl)
   Compiling wamn-scenario-worker v0.1.0 (/home/kaalin/.cache/wamn-lanes/wasmcloud-2-9-20260909/services/scenario-worker)
   Compiling wamn-execution-host v0.1.0 (/home/kaalin/.cache/wamn-lanes/wasmcloud-2-9-20260909/crates/execution/host)
warning: type does not implement `std::fmt::Debug`; consider adding `#[derive(Debug)]` or a manual implementation
   --> services/scenario-worker/src/authoring.rs:218:1
    |
218 | / pub struct InternalAuthoringBackend {
219 | |     authority: InternalDevAdmin,
220 | |     client: Client,
221 | |     connection_task: tokio::task::JoinHandle<()>,
222 | |     tenant_id: Box<str>,
223 | |     source_schema: BareSchemaName,
224 | | }
    | |_^
    |
    = note: requested on the command line with `-W missing-debug-implementations`

warning: type does not implement `std::fmt::Debug`; consider adding `#[derive(Debug)]` or a manual implementation
   --> services/scenario-worker/src/store/admission.rs:316:1
    |
316 | / pub struct AdmissionSurface {
317 | |     /// The explicit credential and exact server-side predicates are retained so
318 | |     /// every replacement physical connection is checked identically.
319 | |     probe: CredentialExactnessProbe,
...   |
322 | |     tenant_id: Box<str>,
323 | | }
    | |_^

warning: `wamn-runtime` (lib) generated 16 warnings
warning: `wamn-scenario-worker` (lib) generated 2 warnings
warning: function `run_once_stages` is never used
   --> services/ctl/src/dev.rs:603:10
    |
603 | async fn run_once_stages<R>(
    |          ^^^^^^^^^^^^^^^
    |
    = note: `#[warn(dead_code)]` (part of `#[warn(unused)]`) on by default

warning: function `verify_source_package_with_client` is never used
    --> services/ctl/src/push_component.rs:1301:10
     |
1301 | async fn verify_source_package_with_client(
     |          ^^^^^^^^^^^^^^^^^^^^^^^^^^^^^^^^^

   Compiling wamn-host v0.1.0 (/home/kaalin/.cache/wamn-lanes/wasmcloud-2-9-20260909/services/host)
warning: `wamn-ctl` (lib) generated 2 warnings
    Finished `dev` profile [unoptimized + debuginfo] target(s) in 8.36s
#0 building with "default" instance using docker driver

#1 [internal] load build definition from Dockerfile
#1 transferring dockerfile: 378B done
#1 DONE 0.0s

#2 [internal] load metadata for docker.io/library/debian:trixie-slim
#2 DONE 0.0s

#3 [internal] load .dockerignore
#3 transferring context: 2B done
#3 DONE 0.0s

#4 [1/3] FROM docker.io/library/debian:trixie-slim
#4 DONE 0.0s

#5 [internal] load build context
#5 transferring context: 456.01MB 1.5s done
#5 DONE 1.6s

#6 [2/3] RUN apt-get update && apt-get install -y --no-install-recommends ca-certificates curl  && rm -rf /var/lib/apt/lists/*
#6 CACHED

#7 [3/3] COPY wamn-host /usr/local/bin/wamn-host
#7 DONE 1.0s

#8 exporting to image
#8 exporting layers
#8 exporting layers 0.7s done
#8 writing image sha256:3d515e02b1468b34268bb1b9e95ad8b957ca56c4e49d43b606273c9d4da82c9d
#8 writing image sha256:3d515e02b1468b34268bb1b9e95ad8b957ca56c4e49d43b606273c9d4da82c9d done
#8 naming to docker.io/library/wamn-host:wms-6bfda73b730e-3604069-debug 0.0s done
#8 DONE 0.8s
Creating cluster "wamn-wms-journey" ...
 • Ensuring node image (kindest/node:v1.36.1) 🖼  ...
 ✓ Ensuring node image (kindest/node:v1.36.1) 🖼
 • Preparing nodes 📦 📦 📦   ...
 ✓ Preparing nodes 📦 📦 📦 
 • Writing configuration 📜  ...
 ✓ Writing configuration 📜
 • Starting control-plane 🕹️  ...
 ✓ Starting control-plane 🕹️
 • Installing CNI 🔌  ...
 ✓ Installing CNI 🔌
 • Installing StorageClass 💾  ...
 ✓ Installing StorageClass 💾
 • Joining worker nodes 🚜  ...
 ✓ Joining worker nodes 🚜
Set kubectl context to "kind-wamn-wms-journey"
You can now use your cluster with:

kubectl cluster-info --context kind-wamn-wms-journey --kubeconfig /tmp/tmp.r7hkA1kUBQ/kubeconfig

Have a nice day! 👋
node/wamn-wms-journey-control-plane condition met
node/wamn-wms-journey-worker condition met
node/wamn-wms-journey-worker2 condition met
namespace/wamn-wms-journey created
Image: "wamn-host:wms-6bfda73b730e-3604069-debug" with ID "sha256:3d515e02b1468b34268bb1b9e95ad8b957ca56c4e49d43b606273c9d4da82c9d" not yet present on node "wamn-wms-journey-worker2", loading...
Image: "wamn-host:wms-6bfda73b730e-3604069-debug" with ID "sha256:3d515e02b1468b34268bb1b9e95ad8b957ca56c4e49d43b606273c9d4da82c9d" not yet present on node "wamn-wms-journey-control-plane", loading...
Image: "wamn-host:wms-6bfda73b730e-3604069-debug" with ID "sha256:3d515e02b1468b34268bb1b9e95ad8b957ca56c4e49d43b606273c9d4da82c9d" not yet present on node "wamn-wms-journey-worker", loading...
af8511448cde6d37c7fff51ce1f357da25ffd49b795f682a2e09fd98fe64c56f
20c98f56a79c4dc1ef62a7a46549bac9846110e8484c547c19e3d740c1cf1608
c1e53b92b290cf2869e591f376bb89c00b80709ca019d52f8662f876466c1f04
7843257e2feea491efcf14c0ec6c067df14681598004dc2b23b189cb168a108b
Bucket created successfully `journey/labels`.
DO
DO
DO
SET
CREATE SCHEMA
CREATE SCHEMA
CREATE SCHEMA
CREATE TABLE
INSERT 0 1
CREATE TABLE
CREATE TABLE
CREATE TABLE
CREATE TABLE
CREATE TABLE
CREATE TABLE
CREATE INDEX
CREATE TABLE
CREATE TABLE
CREATE TABLE
CREATE TABLE
ALTER TABLE
CREATE TABLE
CREATE FUNCTION
CREATE TRIGGER
CREATE TABLE
CREATE TABLE
CREATE EXTENSION
CREATE SCHEMA
CREATE SCHEMA
REVOKE
CREATE FUNCTION
REVOKE
CREATE TABLE
CREATE INDEX
CREATE FUNCTION
REVOKE
CREATE TABLE
CREATE TABLE
CREATE TABLE
CREATE FUNCTION
REVOKE
CREATE TRIGGER
CREATE FUNCTION
REVOKE
CREATE TRIGGER
CREATE TABLE
CREATE TABLE
CREATE TABLE
CREATE TABLE
CREATE FUNCTION
REVOKE
CREATE FUNCTION
REVOKE
CREATE TABLE
CREATE INDEX
CREATE TABLE
CREATE TABLE
CREATE FUNCTION
REVOKE
CREATE FUNCTION
REVOKE
DO
DO
CREATE SCHEMA
REVOKE
CREATE TABLE
REVOKE
CREATE FUNCTION
REVOKE
DO
REVOKE
GRANT
GRANT
REVOKE
GRANT
REVOKE
GRANT
REVOKE
REVOKE
DO
RESET
DO
DO
2026-09-09T17:40:17.191743Z  INFO tokio_postgres::connection: NOTICE: column "durability_class" of relation "env_policies" already exists, skipping
recorded org "acme" (template "trials") in registry.orgs + 2 env policy row(s) stamped insert-if-absent (wamn_system)
org "acme" (template "trials", pooled): placed on the shared pool "route-auth-pg18" (owns no clusters)
project-env acme/wms/dev: database "wamn-db-acme--wms--dev--2bhdocwu" on cluster "route-auth-pg18" (owner wamn_db_owner)
wrote /tmp/tmp.r7hkA1kUBQ/database.json (Database CR (kubectl apply))
wrote /tmp/tmp.r7hkA1kUBQ/roles.sql (role SQL (psql the TARGET cluster BEFORE the Database CR))
wrote /tmp/tmp.r7hkA1kUBQ/privileges.sql (privilege SQL (psql the TARGET cluster AFTER the Database is ready))
wrote /tmp/tmp.r7hkA1kUBQ/project-db.json (database credential Secret; kubectl apply)
recorded project "wms" + project-env acme/wms/dev in the registry (wamn_system)
environment namespace "wamn-acme--wms--dev--2bhdocwu" (instance suffix "2bhdocwu")
wrote /tmp/tmp.r7hkA1kUBQ/management-author-pat.json (management-author PAT Secret; kubectl apply)
wrote /tmp/tmp.r7hkA1kUBQ/route-caller-pat.json (route-caller PAT Secret; kubectl apply)
DO
DO
DO
CREATE DATABASE
ALTER DATABASE
REVOKE
REVOKE
REVOKE
BEGIN
CREATE SCHEMA
DO
GRANT
GRANT
DO
CREATE FUNCTION
REVOKE
CREATE TABLE
CREATE INDEX
CREATE FUNCTION
REVOKE
CREATE TABLE
CREATE TABLE
CREATE TABLE
CREATE TABLE
CREATE FUNCTION
REVOKE
CREATE TRIGGER
CREATE FUNCTION
REVOKE
CREATE TRIGGER
CREATE TABLE
CREATE FUNCTION
REVOKE
CREATE TABLE
CREATE TABLE
CREATE TABLE
CREATE TABLE
ALTER TABLE
CREATE TABLE
CREATE FUNCTION
CREATE TRIGGER
CREATE TRIGGER
CREATE TABLE
CREATE TABLE
CREATE TABLE
CREATE TABLE
CREATE FUNCTION
CREATE TRIGGER
CREATE FUNCTION
CREATE TRIGGER
CREATE TABLE
CREATE TABLE
CREATE FUNCTION
CREATE TRIGGER
CREATE TABLE
CREATE INDEX
DO
DO
GRANT
REVOKE
REVOKE
COMMIT
CREATE SCHEMA
DO
GRANT
psql:/home/kaalin/.cache/wamn-lanes/wasmcloud-2-9-20260909/deploy/sql/app-schema.sql:155: NOTICE:  schema "wamn_authority" already exists, skipping
DO
CREATE TABLE
ALTER TABLE
ALTER TABLE
CREATE POLICY
CREATE POLICY
CREATE INDEX
GRANT
CREATE TABLE
ALTER TABLE
ALTER TABLE
CREATE POLICY
CREATE POLICY
CREATE INDEX
GRANT
CREATE TABLE
ALTER TABLE
ALTER TABLE
CREATE POLICY
CREATE POLICY
CREATE INDEX
GRANT
CREATE TABLE
ALTER TABLE
ALTER TABLE
CREATE POLICY
CREATE POLICY
CREATE INDEX
GRANT
CREATE TABLE
ALTER TABLE
ALTER TABLE
CREATE POLICY
CREATE POLICY
CREATE INDEX
GRANT
CREATE TABLE
ALTER TABLE
ALTER TABLE
CREATE POLICY
CREATE POLICY
CREATE INDEX
GRANT
CREATE INDEX
CREATE TABLE
ALTER TABLE
ALTER TABLE
CREATE POLICY
CREATE POLICY
CREATE INDEX
GRANT
2026-09-09T17:40:18.045293Z  INFO tokio_postgres::connection: NOTICE: column "durability_class" of relation "env_policies" already exists, skipping
2026-09-09T17:40:18.094070Z  INFO tokio_postgres::connection: WARNING: role "wamn_app" has not been granted membership in role "wamn_scenario_author" by role "postgres"
2026-09-09T17:40:18.095014Z  INFO tokio_postgres::connection: NOTICE: schema "wamn_authority" already exists, skipping
applied EnsureSchema: wamn_run
applied RepairHelperFunction: require_executor_platform_authority
applied RepairHelperFunction: require_management_admission_authority
applied RepairHelperFunction: pin_run_durability_class
applied RepairHelperFunction: guard_event_lineage_immutable
applied RepairHelperFunction: guard_run_admission_pins_immutable
applied RepairHelperFunction: guard_terminal_run_delete
applied RepairHelperFunction: reject_immutable_effect_fact_change
applied RepairHelperFunction: reject_immutable_operator_run_action_change
applied CreateTable: environment_policies
applied CreateTable: runs
applied CreateTable: effect_attempts
applied CreateTable: effect_attempt_dispatches
applied CreateTable: effect_attempt_outcomes
applied CreateTable: operator_run_actions
applied CreateTable: run_queue
applied RepairEffectWriterPrivilege: wamn_run.usage
applied RepairAuthoringPrivilege: wamn_run.usage
applied RepairDispatchReaderPrivilege: wamn_run.dispatch-reader-read-surface
  converged environment policy tenant="wms-route-auth" environment="dev" durability_class=standard
2026-09-09T17:40:18.600508Z  INFO tokio_postgres::connection: WARNING: role "wamn_app" has not been granted membership in role "wamn_platform" by role "postgres"
2026-09-09T17:40:18.600610Z  INFO tokio_postgres::connection: WARNING: role "wamn_app_b78b1c4637c5b9214c9ac02ebe980fbdfc5f0332_a" has not been granted membership in role "wamn_app" by role "postgres"
prepared and authenticated app credential generation a for acme/wms/dev; wrote /tmp/tmp.r7hkA1kUBQ/host-secrets/guest-sql.json
2026-09-09T17:40:19.232115Z  INFO tokio_postgres::connection: WARNING: role "wamn_executor_platform" has not been granted membership in role "wamn_platform" by role "postgres"
2026-09-09T17:40:19.232201Z  INFO tokio_postgres::connection: WARNING: role "wamn_exec_platform_59a90c757def9834da1bf58370fcce50b7657878_a" has not been granted membership in role "wamn_executor_platform" by role "postgres"
prepared and authenticated executor-platform credential generation a for acme/wms/dev; wrote /tmp/tmp.r7hkA1kUBQ/host-secrets/executor-platform.json
2026-09-09T17:40:20.139408Z  INFO tokio_postgres::connection: WARNING: role "wamn_event_materializer" has not been granted membership in role "wamn_platform" by role "postgres"
2026-09-09T17:40:20.139528Z  INFO tokio_postgres::connection: WARNING: role "wamn_materializer_fef83d7f0bd66a47021f175418ec620b49a2de48_a" has not been granted membership in role "wamn_event_materializer" by role "postgres"
prepared and authenticated event-materializer credential generation a for acme/wms/dev; wrote /tmp/tmp.r7hkA1kUBQ/host-secrets/event-materializer.json
2026-09-09T17:40:20.997003Z  INFO tokio_postgres::connection: WARNING: role "wamn_http_admitter" has not been granted membership in role "wamn_platform" by role "postgres"
2026-09-09T17:40:20.997109Z  INFO tokio_postgres::connection: WARNING: role "wamn_http_admitter_530f9b2f393690717c9765cc95cf4ac7ee56500b_a" has not been granted membership in role "wamn_http_admitter" by role "postgres"
prepared and authenticated http-admitter credential generation a for acme/wms/dev; wrote /tmp/tmp.r7hkA1kUBQ/host-secrets/http-admitter.json
2026-09-09T17:40:21.781745Z  INFO tokio_postgres::connection: WARNING: role "wamn_identity_reader" has not been granted membership in role "wamn_platform" by role "postgres"
2026-09-09T17:40:21.781803Z  INFO tokio_postgres::connection: WARNING: role "wamn_identity_reader_bc8b5898f6ad84b302200c4cae7ba5b9ae76e54e_a" has not been granted membership in role "wamn_identity_reader" by role "postgres"
prepared and authenticated identity-reader credential generation a for acme/wms/dev; wrote /tmp/tmp.r7hkA1kUBQ/host-secrets/identity-reader.json
2026-09-09T17:40:22.586563Z  INFO tokio_postgres::connection: WARNING: role "wamn_control_author" has not been granted membership in role "wamn_platform" by role "postgres"
2026-09-09T17:40:22.586699Z  INFO tokio_postgres::connection: WARNING: role "wamn_control_author_8b9a22a2ff73cd988b040d6c0eb5a6959759f81e_a" has not been granted membership in role "wamn_control_author" by role "postgres"
prepared and authenticated control-author credential generation a for acme/wms/dev; wrote /tmp/tmp.r7hkA1kUBQ/gate-credentials/control-author.json
2026-09-09T17:40:23.241913Z  INFO tokio_postgres::connection: WARNING: role "wamn_management_admitter" has not been granted membership in role "wamn_platform" by role "postgres"
2026-09-09T17:40:23.242016Z  INFO tokio_postgres::connection: WARNING: role "wamn_mgmt_admitter_d397679af12b221f199a058f60173338da1e33d6_a" has not been granted membership in role "wamn_management_admitter" by role "postgres"
prepared and authenticated management-admitter credential generation a for acme/wms/dev; wrote /tmp/tmp.r7hkA1kUBQ/gate-credentials/management-admitter.json
applied wamn_wms@1.0.0: 1 migration(s)
reconciled data access for [wamn_wms@1.0.0]
2026-09-09T17:40:24.152400Z  INFO wash_runtime::engine: host memory resolved max_guest_memory=45.7GiB guest_memory_mode="count" default_heap_memory=256MiB core_instances=512 memories=512 pool_reservation=128GiB
projected sha256:2d97fe10d16f4f28e3a82cd84210a6c398d2c33ac6e872b2d86cd03b228087eb (source-project: already converged; control: changed)
sha256:2d97fe10d16f4f28e3a82cd84210a6c398d2c33ac6e872b2d86cd03b228087eb
2026-09-09T17:40:29.039665Z  INFO wash_runtime::engine: host memory resolved max_guest_memory=45.7GiB guest_memory_mode="count" default_heap_memory=256MiB core_instances=512 memories=512 pool_reservation=128GiB
projected sha256:ca30504d1d8f900f9435207203bb99843b9e453c510498193caeed6997658886 (source-project: already converged; control: changed)
sha256:ca30504d1d8f900f9435207203bb99843b9e453c510498193caeed6997658886
2026-09-09T17:40:30.036644Z  INFO wash_runtime::engine: host memory resolved max_guest_memory=45.7GiB guest_memory_mode="count" default_heap_memory=256MiB core_instances=512 memories=512 pool_reservation=128GiB
projected sha256:65b61aa32d0a13070299685c97b0730a27dcb641629eccc4f3608dd33001445c (source-project: already converged; control: changed)
sha256:65b61aa32d0a13070299685c97b0730a27dcb641629eccc4f3608dd33001445c
sha256:fcc8980cffa3dea8bf0aa66cb042dd1ab7a0ff9534c2bf88889eb9d078e42462
sha256:c82ec528498ac7d88cdcc7c97c0a830c8e5873ef90fec28e265b84b55eceab72
sha256:679dd5e4bd8e71fd32e7ee259dc401dfad1b9792ac0734ed5a5e8157262882d7
sha256:f2f045927da9516d00f9364315025e444a2114412652dea18770eb48b0509a3e
sha256:aaa912bfb9171178b43a61f04fc679b69cbfc38eca6ee1564be97a0b8d2ff54a
sha256:09912d05e153e21099fffd2f19a2f732dbbe5453dc7d416b668ab6a5996fba2c
sha256:b6f19def680f78e1da3ab4064bde4efee2392954a3828b1680eca54e6c3de57d
sha256:dbb814b0540cce73436cc9cb887fa585e5c2e6c4ba695da127310991467dfd49
2026-09-09T17:40:35.346696Z  INFO wamn_ctl::publish_release: release carries a complete deployment attestation coordinate org=acme project=wms environment=dev tenant=wms-route-auth effective_release_id=1 manifest_hash=sha256:815452e40e4e6da7ac9feb0788f7279bf3972bfc0891eb44b16904c6d52b53cf
sha256:815452e40e4e6da7ac9feb0788f7279bf3972bfc0891eb44b16904c6d52b53cf
bound sha256:65b61aa32d0a13070299685c97b0730a27dcb641629eccc4f3608dd33001445c:labels to labels-store generation 1 in release 1 (definition sha256:cc58d3cfd3d7066f6d17ce3d0f5b6d3146c93172fa318fdb6882342cc042c552, validation sha256:6d3f5751c4625325589cbaa19a62e40e04f336564a99ed65b2c8297a423f8be3)
2026-09-09T17:40:35.945535Z  INFO wamn_ctl::publish_release: release carries a complete deployment attestation coordinate org=acme project=wms environment=dev tenant=wms-route-auth effective_release_id=1 manifest_hash=sha256:815452e40e4e6da7ac9feb0788f7279bf3972bfc0891eb44b16904c6d52b53cf
sha256:815452e40e4e6da7ac9feb0788f7279bf3972bfc0891eb44b16904c6d52b53cf
INSERT 0 1
INSERT 0 2
INSERT 0 1
INSERT 0 1
secret/wamn-pat-route-caller-acme--wms--dev created
secret/wamn-guest-acme--wms--dev created
secret/wamn-executor-platform-acme--wms--dev created
secret/wamn-identity-reader-acme--wms--dev created
secret/wamn-http-admitter-acme--wms--dev created
secret/wamn-event-materializer-acme--wms--dev created
secret/wamn-object-store-credentials-acme--wms--dev created
secret/wamn-registry-pull created
namespace/cert-manager created
customresourcedefinition.apiextensions.k8s.io/challenges.acme.cert-manager.io created
customresourcedefinition.apiextensions.k8s.io/orders.acme.cert-manager.io created
customresourcedefinition.apiextensions.k8s.io/certificaterequests.cert-manager.io created
customresourcedefinition.apiextensions.k8s.io/certificates.cert-manager.io created
customresourcedefinition.apiextensions.k8s.io/clusterissuers.cert-manager.io created
customresourcedefinition.apiextensions.k8s.io/issuers.cert-manager.io created
serviceaccount/cert-manager-cainjector created
serviceaccount/cert-manager created
serviceaccount/cert-manager-webhook created
clusterrole.rbac.authorization.k8s.io/cert-manager-cainjector created
clusterrole.rbac.authorization.k8s.io/cert-manager-controller-issuers created
clusterrole.rbac.authorization.k8s.io/cert-manager-controller-clusterissuers created
clusterrole.rbac.authorization.k8s.io/cert-manager-controller-certificates created
clusterrole.rbac.authorization.k8s.io/cert-manager-controller-orders created
clusterrole.rbac.authorization.k8s.io/cert-manager-controller-challenges created
clusterrole.rbac.authorization.k8s.io/cert-manager-controller-ingress-shim created
clusterrole.rbac.authorization.k8s.io/cert-manager-cluster-view created
clusterrole.rbac.authorization.k8s.io/cert-manager-view created
clusterrole.rbac.authorization.k8s.io/cert-manager-edit created
clusterrole.rbac.authorization.k8s.io/cert-manager-controller-approve:cert-manager-io created
clusterrole.rbac.authorization.k8s.io/cert-manager-controller-certificatesigningrequests created
clusterrole.rbac.authorization.k8s.io/cert-manager-webhook:subjectaccessreviews created
clusterrolebinding.rbac.authorization.k8s.io/cert-manager-cainjector created
clusterrolebinding.rbac.authorization.k8s.io/cert-manager-controller-issuers created
clusterrolebinding.rbac.authorization.k8s.io/cert-manager-controller-clusterissuers created
clusterrolebinding.rbac.authorization.k8s.io/cert-manager-controller-certificates created
clusterrolebinding.rbac.authorization.k8s.io/cert-manager-controller-orders created
clusterrolebinding.rbac.authorization.k8s.io/cert-manager-controller-challenges created
clusterrolebinding.rbac.authorization.k8s.io/cert-manager-controller-ingress-shim created
clusterrolebinding.rbac.authorization.k8s.io/cert-manager-controller-approve:cert-manager-io created
clusterrolebinding.rbac.authorization.k8s.io/cert-manager-controller-certificatesigningrequests created
clusterrolebinding.rbac.authorization.k8s.io/cert-manager-webhook:subjectaccessreviews created
role.rbac.authorization.k8s.io/cert-manager-cainjector:leaderelection created
role.rbac.authorization.k8s.io/cert-manager:leaderelection created
role.rbac.authorization.k8s.io/cert-manager-webhook:dynamic-serving created
rolebinding.rbac.authorization.k8s.io/cert-manager-cainjector:leaderelection created
rolebinding.rbac.authorization.k8s.io/cert-manager:leaderelection created
rolebinding.rbac.authorization.k8s.io/cert-manager-webhook:dynamic-serving created
service/cert-manager-cainjector created
service/cert-manager created
service/cert-manager-webhook created
deployment.apps/cert-manager-cainjector created
deployment.apps/cert-manager created
deployment.apps/cert-manager-webhook created
mutatingwebhookconfiguration.admissionregistration.k8s.io/cert-manager-webhook created
validatingwebhookconfiguration.admissionregistration.k8s.io/cert-manager-webhook created
deployment.apps/cert-manager condition met
deployment.apps/cert-manager-cainjector condition met
deployment.apps/cert-manager-webhook condition met
Release "wamn" does not exist. Installing it now.
Pulled: ghcr.io/wasmcloud/charts/runtime-operator:2.9.0
Digest: sha256:d70b240cfc3c745f306fc6ebecebff4370e6c8c0568b55c1d02b1eda1716fd17
NAME: wamn
LAST DEPLOYED: Wed Sep  9 13:40:53 2026
NAMESPACE: wamn-system
STATUS: deployed
REVISION: 1
DESCRIPTION: Install complete
TEST SUITE: None
NOTES:
The wasmCloud runtime-operator is installed.

To verify your deployment:
  kubectl get pods -l app.kubernetes.io/instance=wamn -n wamn-system
role.rbac.authorization.k8s.io/wamn-runtime-operator-events created
rolebinding.rbac.authorization.k8s.io/wamn-runtime-operator-events created
configmap/tempo-config created
deployment.apps/tempo created
service/tempo created
configmap/otel-collector-config created
deployment.apps/otel-collector created
service/otel-collector created
deployment.apps/tempo condition met
deployment.apps/otel-collector condition met
secret/wasmcloud-ca created
clusterissuer.cert-manager.io/wasmcloud-ca created
clusterissuer.cert-manager.io/wasmcloud-ca condition met
certificate.cert-manager.io/wasmcloud-runtime-tls created
certificate.cert-manager.io/wasmcloud-data-tls created
certificate.cert-manager.io/wasmcloud-runtime-tls condition met
certificate.cert-manager.io/wasmcloud-data-tls condition met
Release "wamn-host" does not exist. Installing it now.
Pulled: ghcr.io/wasmcloud/charts/runtime-operator:2.9.0
Digest: sha256:d70b240cfc3c745f306fc6ebecebff4370e6c8c0568b55c1d02b1eda1716fd17
NAME: wamn-host
LAST DEPLOYED: Wed Sep  9 13:41:39 2026
NAMESPACE: wamn-wms-journey
STATUS: deployed
REVISION: 1
DESCRIPTION: Install complete
TEST SUITE: None
NOTES:
The wasmCloud runtime-operator is installed.

To verify your deployment:
  kubectl get pods -l app.kubernetes.io/instance=wamn-host -n wamn-wms-journey
deployment.apps/hostgroup-default scaled
deployment.apps/hostgroup-default condition met
deployment "hostgroup-default" successfully rolled out
service/flow-http created
workloaddeployment.runtime.wasmcloud.dev/flow-http created
workloaddeployment.runtime.wasmcloud.dev/flow-http condition met
job.batch/startup-request-cold created
job.batch/startup-request-cold condition met
pod/hostgroup-default-5cf8968459-f7clx condition met
pod/hostgroup-default-5cf8968459-f7clx condition met
job.batch/startup-request-restart-first created
job.batch/startup-request-restart-first condition met
job.batch/startup-request-steady created
job.batch/startup-request-steady condition met
