{
  "summary": {
    "successRate": 1.0,
    "total": 10.00714316,
    "slowest": 0.047618945,
    "fastest": 0.000341782,
    "average": 0.005376132021227439,
    "requestsPerSec": 11888.108134150047,
    "totalData": 4280472,
    "sizePerRequest": 36,
    "sizePerSec": 427741.657290331
  },
  "metrics": {
    "success_rate": 1.0,
    "requests_per_sec": 11888.108134150047,
    "latency_ms": {
      "min": 0.342,
      "mean": 5.376,
      "p50": 5.194,
      "p95": 9.255,
      "p99": 12.025,
      "max": 47.619
    }
  },
  "responseTimeHistogram": {
    "0.000341782": 1,
    "0.0050694983": 56510,
    "0.009797214600000001": 58233,
    "0.014524930900000002": 3771,
    "0.0192526472": 303,
    "0.0239803635": 52,
    "0.0287080798": 20,
    "0.0334357961": 8,
    "0.0381635124": 2,
    "0.042891228700000006": 0,
    "0.047618945": 2
  },
  "latencyPercentiles": {
    "p10": 0.00272106,
    "p25": 0.003877278,
    "p50": 0.005194275,
    "p75": 0.006662325,
    "p90": 0.008193351,
    "p95": 0.009255475,
    "p99": 0.012025436,
    "p99.9": 0.017988246,
    "p99.99": 0.029637697
  },
  "firstByteHistogram": {
    "0.000337541": 1,
    "0.005065262400000001": 56697,
    "0.009792983800000002": 58146,
    "0.014520705200000003": 3681,
    "0.019248426600000004": 294,
    "0.023976148000000006": 53,
    "0.028703869400000005": 19,
    "0.0334315908": 7,
    "0.0381593122": 2,
    "0.042887033600000006": 0,
    "0.04761475500000001": 2
  },
  "firstBytePercentiles": {
    "p10": 0.002711345,
    "p25": 0.00386667,
    "p50": 0.005181868,
    "p75": 0.006646584,
    "p90": 0.008171858,
    "p95": 0.009231647,
    "p99": 0.01192531,
    "p99.9": 0.017957522,
    "p99.99": 0.028240625
  },
  "rps": {
    "mean": 11882.626953435038,
    "stddev": 1877.747108111597,
    "max": 17684.853696521266,
    "min": 97.39709193710836,
    "percentiles": {
      "p10": 9526.042510117879,
      "p25": 10917.16615205754,
      "p50": 12138.515509712452,
      "p75": 13100.089456347308,
      "p90": 13838.694373337305,
      "p95": 14431.608108078406,
      "p99": 15829.696510653983,
      "p99.9": 17024.782976579034,
      "p99.99": 17684.853696521266
    }
  },
  "details": {
    "DNSDialup": {
      "average": 0.005219950984374999,
      "fastest": 0.000474959,
      "slowest": 0.007746012
    },
    "DNSLookup": {
      "average": 0.000030597124999999994,
      "fastest": 0.000013533,
      "slowest": 0.000101182
    },
    "firstByte": {
      "average": 0.005360406286975852,
      "fastest": 0.000337541,
      "slowest": 0.047614755
    }
  },
  "statusCodeDistribution": {
    "404": 118902
  },
  "errorDistribution": {
    "aborted due to deadline": 64
  }
}