{
  "summary": {
    "successRate": 1.0,
    "total": 10.003519842,
    "slowest": 0.0581531,
    "fastest": 0.000354716,
    "average": 0.002886875234338996,
    "requestsPerSec": 11066.6047299874,
    "totalData": 3984228,
    "sizePerRequest": 36,
    "sizePerSec": 398282.6108138588
  },
  "metrics": {
    "success_rate": 1.0,
    "requests_per_sec": 11066.6047299874,
    "latency_ms": {
      "min": 0.355,
      "mean": 2.887,
      "p50": 2.75,
      "p95": 5.058,
      "p99": 7.192,
      "max": 58.153
    }
  },
  "responseTimeHistogram": {
    "0.000354716": 1,
    "0.0061345544": 108397,
    "0.0119143928": 2073,
    "0.0176942312": 153,
    "0.0234740696": 29,
    "0.029253908000000002": 9,
    "0.035033746399999996": 2,
    "0.0408135848": 1,
    "0.0465934232": 0,
    "0.0523732616": 0,
    "0.0581531": 8
  },
  "latencyPercentiles": {
    "p10": 0.001419914,
    "p25": 0.002036767,
    "p50": 0.002749871,
    "p75": 0.003525457,
    "p90": 0.004365889,
    "p95": 0.005057784,
    "p99": 0.007192462,
    "p99.9": 0.014086977,
    "p99.99": 0.028252021
  },
  "firstByteHistogram": {
    "0.00035079": 1,
    "0.0061267409": 108470,
    "0.0119026918": 2004,
    "0.0176786427": 151,
    "0.0234545936": 29,
    "0.0292305445": 7,
    "0.0350064954": 2,
    "0.0407824463": 1,
    "0.0465583972": 0,
    "0.0523343481": 0,
    "0.058110299": 8
  },
  "firstBytePercentiles": {
    "p10": 0.001410402,
    "p25": 0.002027101,
    "p50": 0.002737971,
    "p75": 0.003511301,
    "p90": 0.004343176,
    "p95": 0.005027585,
    "p99": 0.007140461,
    "p99.9": 0.013892715,
    "p99.99": 0.026604531
  },
  "rps": {
    "mean": 11061.060851693512,
    "stddev": 1872.1916748353735,
    "max": 16556.41100357137,
    "min": 3718.032831033786,
    "percentiles": {
      "p10": 8245.964656186528,
      "p25": 10116.98471768776,
      "p50": 11307.090676563705,
      "p75": 12329.000801182365,
      "p90": 13176.77182568785,
      "p95": 13625.324371032333,
      "p99": 14588.050178435158,
      "p99.9": 16442.91112606537,
      "p99.99": 16556.41100357137
    }
  },
  "details": {
    "DNSDialup": {
      "average": 0.002130871125,
      "fastest": 0.000461587,
      "slowest": 0.004136482
    },
    "DNSLookup": {
      "average": 0.00003110850000000001,
      "fastest": 0.000014154,
      "slowest": 0.00009061
    },
    "firstByte": {
      "average": 0.0028724393553622145,
      "fastest": 0.00035079,
      "slowest": 0.058110299
    }
  },
  "statusCodeDistribution": {
    "404": 110673
  },
  "errorDistribution": {
    "aborted due to deadline": 32
  }
}