     Locking 534 packages to latest Rust 1.98.0 compatible versions
      Adding cranelift-bforest v0.134.3 (available: v0.134.4)
      Adding cranelift-bitset v0.134.3 (available: v0.134.4)
      Adding cranelift-codegen v0.134.3 (available: v0.134.4)
      Adding cranelift-codegen-meta v0.134.3 (available: v0.134.4)
      Adding cranelift-entity v0.134.3 (available: v0.134.4)
      Adding cranelift-frontend v0.134.3 (available: v0.134.4)
      Adding cranelift-isle v0.134.3 (available: v0.134.4)
      Adding cranelift-native v0.134.3 (available: v0.134.4)
      Adding generic-array v0.14.7 (available: v0.14.9)
      Adding pulley-interpreter v47.0.3 (available: v47.0.4)
      Adding pulley-macros v47.0.3 (available: v47.0.4)
      Adding wasmtime v47.0.3 (available: v47.0.4)
      Adding wasmtime-environ v47.0.3 (available: v47.0.4)
      Adding wasmtime-internal-cache v47.0.3 (available: v47.0.4)
      Adding wasmtime-internal-component-macro v47.0.3 (available: v47.0.4)
      Adding wasmtime-internal-component-util v47.0.3 (available: v47.0.4)
      Adding wasmtime-internal-core v47.0.3 (available: v47.0.4)
      Adding wasmtime-internal-cranelift v47.0.3 (available: v47.0.4)
      Adding wasmtime-internal-fiber v47.0.3 (available: v47.0.4)
      Adding wasmtime-internal-jit-debug v47.0.3 (available: v47.0.4)
      Adding wasmtime-internal-jit-icache-coherence v47.0.3 (available: v47.0.4)
      Adding wasmtime-internal-unwinder v47.0.3 (available: v47.0.4)
      Adding wasmtime-internal-versioned-export-macros v47.0.3 (available: v47.0.4)
      Adding wasmtime-internal-wit-bindgen v47.0.3 (available: v47.0.4)
      Adding wasmtime-wasi v47.0.3 (available: v47.0.4)
      Adding wasmtime-wasi-http v47.0.3 (available: v47.0.4)
      Adding wasmtime-wasi-io v47.0.3 (available: v47.0.4)
      Adding wiggle v47.0.3 (available: v47.0.4)
      Adding wiggle-generate v47.0.3 (available: v47.0.4)
      Adding wiggle-macro v47.0.3 (available: v47.0.4)
