{
    "apiVersion": "v1",
    "items": [
        {
            "apiVersion": "runtime.wasmcloud.dev/v1alpha1",
            "kind": "Workload",
            "metadata": {
                "annotations": {
                    "runtime.wasmcloud.dev/workload-replica-set-generation": "745749dfcf"
                },
                "creationTimestamp": "2026-09-12T00:52:18Z",
                "generation": 1,
                "name": "flow-http-75f5776577-6464b4fb57",
                "namespace": "wamn-receiving-daab1f529cd24f3391208b0500e2b342",
                "ownerReferences": [
                    {
                        "apiVersion": "runtime.wasmcloud.dev/v1alpha1",
                        "blockOwnerDeletion": true,
                        "controller": true,
                        "kind": "WorkloadReplicaSet",
                        "name": "flow-http-75f5776577",
                        "uid": "fa1e6962-df4e-480d-aacd-eb98f6d047c7"
                    }
                ],
                "resourceVersion": "2205",
                "uid": "352e52d5-a23d-409d-893d-44eab3f263af"
            },
            "spec": {
                "components": [
                    {
                        "image": "172.28.0.9:5000/wamn/flow-http@sha256:2c1d00d44c942c47c9c0ff020cbe1b24bd7fc368065b5b41caf14712e1b75a64",
                        "imagePullPolicy": "Always",
                        "localResources": {
                            "config": {
                                "wamn.catalog": "default",
                                "wamn.environment": "wamn-receiving-daab1f529cd24f3391208b0500e2b342",
                                "wamn.project": "receiving",
                                "wamn.schema": "receiving",
                                "wamn.tenant": "receiving-route-auth"
                            }
                        },
                        "name": "flow-http"
                    }
                ],
                "environment": "wamn-receiving-daab1f529cd24f3391208b0500e2b342",
                "hostInterfaces": [
                    {
                        "config": {
                            "host": "receiving.localhost"
                        },
                        "interfaces": [
                            "handler"
                        ],
                        "namespace": "wasi",
                        "package": "http",
                        "version": "0.3.0"
                    },
                    {
                        "interfaces": [
                            "routing"
                        ],
                        "namespace": "wamn",
                        "package": "flow-http-routing",
                        "version": "0.1.0"
                    },
                    {
                        "interfaces": [
                            "delivery"
                        ],
                        "namespace": "wamn",
                        "package": "router-delivery",
                        "version": "0.1.0"
                    }
                ],
                "hostSelector": {
                    "hostgroup": "default"
                },
                "kubernetes": {
                    "service": {
                        "name": "flow-http"
                    }
                }
            }
        },
        {
            "apiVersion": "runtime.wasmcloud.dev/v1alpha1",
            "kind": "Workload",
            "metadata": {
                "annotations": {
                    "kubectl.kubernetes.io/last-applied-configuration": "{\"apiVersion\":\"runtime.wasmcloud.dev/v1alpha1\",\"kind\":\"Workload\",\"metadata\":{\"annotations\":{},\"labels\":{\"app\":\"flow-http-cross-environment\"},\"name\":\"flow-http-cross-environment\",\"namespace\":\"wamn-receiving-daab1f529cd24f3391208b0500e2b342\"},\"spec\":{\"components\":[{\"image\":\"172.28.0.9:5000/wamn/flow-http@sha256:2c1d00d44c942c47c9c0ff020cbe1b24bd7fc368065b5b41caf14712e1b75a64\",\"imagePullPolicy\":\"Always\",\"localResources\":{\"config\":{\"wamn.catalog\":\"default\",\"wamn.environment\":\"wamn-receiving-daab1f529cd24f3391208b0500e2b342\",\"wamn.project\":\"receiving\",\"wamn.schema\":\"receiving\",\"wamn.tenant\":\"receiving-route-auth\"}},\"name\":\"flow-http\"}],\"environment\":\"wamn-receiving-daab1f529cd24f3391208b0500e2b342-denied\",\"hostInterfaces\":[{\"config\":{\"host\":\"receiving.localhost\"},\"interfaces\":[\"handler\"],\"namespace\":\"wasi\",\"package\":\"http\",\"version\":\"0.3.0\"},{\"interfaces\":[\"routing\"],\"namespace\":\"wamn\",\"package\":\"flow-http-routing\",\"version\":\"0.1.0\"},{\"interfaces\":[\"delivery\"],\"namespace\":\"wamn\",\"package\":\"router-delivery\",\"version\":\"0.1.0\"}],\"hostSelector\":{\"hostgroup\":\"default\"},\"kubernetes\":{\"service\":{\"name\":\"flow-http\"}}}}\n"
                },
                "creationTimestamp": "2026-09-12T00:48:41Z",
                "finalizers": [
                    "runtime.wasmcloud.dev/workload-finalizer"
                ],
                "generation": 1,
                "labels": {
                    "app": "flow-http-cross-environment"
                },
                "name": "flow-http-cross-environment",
                "namespace": "wamn-receiving-daab1f529cd24f3391208b0500e2b342",
                "resourceVersion": "1646",
                "uid": "4d4a5344-b9da-4ad4-8e55-99405aaeed4d"
            },
            "spec": {
                "components": [
                    {
                        "image": "172.28.0.9:5000/wamn/flow-http@sha256:2c1d00d44c942c47c9c0ff020cbe1b24bd7fc368065b5b41caf14712e1b75a64",
                        "imagePullPolicy": "Always",
                        "localResources": {
                            "config": {
                                "wamn.catalog": "default",
                                "wamn.environment": "wamn-receiving-daab1f529cd24f3391208b0500e2b342",
                                "wamn.project": "receiving",
                                "wamn.schema": "receiving",
                                "wamn.tenant": "receiving-route-auth"
                            }
                        },
                        "name": "flow-http"
                    }
                ],
                "environment": "wamn-receiving-daab1f529cd24f3391208b0500e2b342-denied",
                "hostInterfaces": [
                    {
                        "config": {
                            "host": "receiving.localhost"
                        },
                        "interfaces": [
                            "handler"
                        ],
                        "namespace": "wasi",
                        "package": "http",
                        "version": "0.3.0"
                    },
                    {
                        "interfaces": [
                            "routing"
                        ],
                        "namespace": "wamn",
                        "package": "flow-http-routing",
                        "version": "0.1.0"
                    },
                    {
                        "interfaces": [
                            "delivery"
                        ],
                        "namespace": "wamn",
                        "package": "router-delivery",
                        "version": "0.1.0"
                    }
                ],
                "hostSelector": {
                    "hostgroup": "default"
                },
                "kubernetes": {
                    "service": {
                        "name": "flow-http"
                    }
                }
            },
            "status": {
                "conditions": [
                    {
                        "lastTransitionTime": "2026-09-12T00:48:41Z",
                        "reason": "Available",
                        "status": "True",
                        "type": "Config"
                    },
                    {
                        "lastTransitionTime": "2026-09-12T00:48:41Z",
                        "message": "workload targets Environment \"wamn-receiving-daab1f529cd24f3391208b0500e2b342-denied\" but operator has allowSharedHosts=false",
                        "reason": "Reconcile",
                        "status": "False",
                        "type": "HostSelection"
                    },
                    {
                        "lastTransitionTime": "2026-09-12T00:48:41Z",
                        "message": "status unknown: waiting for Host Selection",
                        "reason": "Reconcile",
                        "status": "Unknown",
                        "type": "Placement"
                    },
                    {
                        "lastTransitionTime": "2026-09-12T00:48:41Z",
                        "message": "status unknown: workload is not placed yet",
                        "reason": "Reconcile",
                        "status": "Unknown",
                        "type": "Sync"
                    },
                    {
                        "lastTransitionTime": "2026-09-12T00:48:41Z",
                        "message": "workload is not placed or not synced",
                        "reason": "Reconcile",
                        "status": "False",
                        "type": "Ready"
                    }
                ]
            }
        },
        {
            "apiVersion": "runtime.wasmcloud.dev/v1alpha1",
            "kind": "Workload",
            "metadata": {
                "annotations": {
                    "runtime.wasmcloud.dev/workload-replica-set-generation": "5bddfb4b6c"
                },
                "creationTimestamp": "2026-09-12T00:47:28Z",
                "deletionGracePeriodSeconds": 0,
                "deletionTimestamp": "2026-09-12T00:51:52Z",
                "finalizers": [
                    "runtime.wasmcloud.dev/workload-finalizer"
                ],
                "generation": 2,
                "name": "receiving-materializer-5f7bddcf97-6c7945876d",
                "namespace": "wamn-receiving-daab1f529cd24f3391208b0500e2b342",
                "ownerReferences": [
                    {
                        "apiVersion": "runtime.wasmcloud.dev/v1alpha1",
                        "blockOwnerDeletion": true,
                        "controller": true,
                        "kind": "WorkloadReplicaSet",
                        "name": "receiving-materializer-5f7bddcf97",
                        "uid": "abe9691c-d0b7-4abe-a7ea-7106cab1b22d"
                    }
                ],
                "resourceVersion": "2144",
                "uid": "a021671f-62bf-44e8-afaa-7cecc539c7ec"
            },
            "spec": {
                "environment": "wamn-receiving-daab1f529cd24f3391208b0500e2b342",
                "hostInterfaces": [
                    {
                        "interfaces": [
                            "types",
                            "client"
                        ],
                        "namespace": "wamn",
                        "package": "postgres",
                        "version": "0.1.0"
                    },
                    {
                        "interfaces": [
                            "types",
                            "registration"
                        ],
                        "namespace": "wamn",
                        "package": "jetstream",
                        "version": "0.1.0"
                    },
                    {
                        "interfaces": [
                            "types",
                            "jetstream"
                        ],
                        "name": "events",
                        "namespace": "wasmcloud",
                        "package": "nats",
                        "version": "0.1.0"
                    },
                    {
                        "interfaces": [
                            "routing"
                        ],
                        "namespace": "wamn",
                        "package": "flow-http-routing",
                        "version": "0.1.0"
                    },
                    {
                        "interfaces": [
                            "delivery"
                        ],
                        "namespace": "wamn",
                        "package": "router-delivery",
                        "version": "0.1.0"
                    }
                ],
                "hostSelector": {
                    "hostgroup": "default"
                },
                "service": {
                    "image": "172.28.0.9:5000/wamn/materializer@sha256:549e456b4b14d1e148f2515b3b3d311ab6589e2df0d8f799e9dc02c5f641b7ce",
                    "imagePullPolicy": "Always",
                    "localResources": {
                        "config": {
                            "wamn.environment": "dev",
                            "wamn.postgres.authority": "event-materializer",
                            "wamn.project": "receiving",
                            "wamn.tenant": "receiving-route-auth"
                        },
                        "environment": {
                            "config": {
                                "WAMN_MAT_ENV": "dev",
                                "WAMN_MAT_FETCH_MS": "500",
                                "WAMN_MAT_MAX_DELIVER": "5",
                                "WAMN_MAT_ORG": "acme",
                                "WAMN_MAT_PROJECT": "receiving",
                                "WAMN_MAT_STREAM": "EVT_4_acme_9_receiving_3_dev",
                                "WAMN_MAT_SWEEP_MS": "500",
                                "WAMN_MAT_TENANT": "receiving-route-auth"
                            }
                        }
                    },
                    "maxRestarts": 5
                }
            },
            "status": {
                "conditions": [
                    {
                        "lastTransitionTime": "2026-09-12T00:47:28Z",
                        "reason": "Available",
                        "status": "True",
                        "type": "Config"
                    },
                    {
                        "lastTransitionTime": "2026-09-12T00:47:28Z",
                        "reason": "Available",
                        "status": "True",
                        "type": "HostSelection"
                    },
                    {
                        "lastTransitionTime": "2026-09-12T00:47:28Z",
                        "reason": "Available",
                        "status": "True",
                        "type": "Placement"
                    },
                    {
                        "lastTransitionTime": "2026-09-12T00:50:40Z",
                        "message": "context deadline exceeded",
                        "reason": "Reconcile",
                        "status": "False",
                        "type": "Sync"
                    },
                    {
                        "lastTransitionTime": "2026-09-12T00:50:52Z",
                        "message": "workload is not placed or not synced",
                        "reason": "Reconcile",
                        "status": "False",
                        "type": "Ready"
                    }
                ],
                "environment": "wamn-receiving-daab1f529cd24f3391208b0500e2b342",
                "hostId": "ccc1edb8-3671-4423-8b50-ce4b4a68830b",
                "workloadId": "a021671f-62bf-44e8-afaa-7cecc539c7ec"
            }
        }
    ],
    "kind": "List",
    "metadata": {
        "resourceVersion": ""
    }
}
