2026-09-12T00:46:52Z	INFO	setup	starting manager
2026-09-12T00:46:52Z	INFO	controller-runtime.metrics	Starting metrics server
2026-09-12T00:46:52Z	INFO	starting server	{"name": "health probe", "addr": "[::]:8082"}
2026-09-12T00:46:52Z	INFO	controller-runtime.metrics	Serving metrics server	{"bindAddress": ":8081", "secure": false}
I0912 00:46:52.259392       1 leaderelection.go:258] "Attempting to acquire leader lease..." lock="wamn-system/d34db3ef.wasmcloud.dev"
I0912 00:46:52.265260       1 leaderelection.go:272] "Successfully acquired lease" lock="wamn-system/d34db3ef.wasmcloud.dev"
2026-09-12T00:46:52Z	INFO	Starting EventSource	{"controller": "runtime-artifact", "controllerGroup": "runtime.wasmcloud.dev", "controllerKind": "Artifact", "source": "kind source: *v1alpha1.Artifact"}
2026-09-12T00:46:52Z	INFO	Starting EventSource	{"controller": "host-pod", "controllerGroup": "", "controllerKind": "Pod", "source": "kind source: *v1.Pod"}
2026-09-12T00:46:52Z	INFO	Starting EventSource	{"controller": "workload-deployment", "controllerGroup": "runtime.wasmcloud.dev", "controllerKind": "WorkloadDeployment", "source": "kind source: *v1alpha1.WorkloadReplicaSet"}
2026-09-12T00:46:52Z	INFO	Starting EventSource	{"controller": "workload-replicaset", "controllerGroup": "runtime.wasmcloud.dev", "controllerKind": "WorkloadReplicaSet", "source": "kind source: *v1alpha1.WorkloadReplicaSet"}
2026-09-12T00:46:52Z	INFO	Starting EventSource	{"controller": "workload-route", "source": "kind source: *v1alpha1.Workload"}
2026-09-12T00:46:52Z	INFO	Starting EventSource	{"controller": "workload-host", "controllerGroup": "runtime.wasmcloud.dev", "controllerKind": "Host", "source": "kind source: *v1alpha1.Host"}
2026-09-12T00:46:52Z	INFO	Starting EventSource	{"controller": "workload-replica", "controllerGroup": "runtime.wasmcloud.dev", "controllerKind": "Workload", "source": "kind source: *v1alpha1.Workload"}
2026-09-12T00:46:52Z	INFO	Starting EventSource	{"controller": "workload-replicaset", "controllerGroup": "runtime.wasmcloud.dev", "controllerKind": "WorkloadReplicaSet", "source": "kind source: *v1alpha1.Workload"}
2026-09-12T00:46:52Z	INFO	Starting EventSource	{"controller": "workload-deployment", "controllerGroup": "runtime.wasmcloud.dev", "controllerKind": "WorkloadDeployment", "source": "kind source: *v1alpha1.WorkloadDeployment"}
2026-09-12T00:46:52Z	INFO	Starting Controller	{"controller": "workload-replica", "controllerGroup": "runtime.wasmcloud.dev", "controllerKind": "Workload"}
2026-09-12T00:46:52Z	INFO	Starting workers	{"controller": "workload-replica", "controllerGroup": "runtime.wasmcloud.dev", "controllerKind": "Workload", "worker count": 1}
2026-09-12T00:46:52Z	INFO	Starting Controller	{"controller": "workload-route"}
2026-09-12T00:46:52Z	INFO	Starting workers	{"controller": "workload-route", "worker count": 1}
2026-09-12T00:46:52Z	INFO	Starting Controller	{"controller": "workload-host", "controllerGroup": "runtime.wasmcloud.dev", "controllerKind": "Host"}
2026-09-12T00:46:52Z	INFO	Starting Controller	{"controller": "runtime-artifact", "controllerGroup": "runtime.wasmcloud.dev", "controllerKind": "Artifact"}
2026-09-12T00:46:52Z	INFO	Starting workers	{"controller": "workload-host", "controllerGroup": "runtime.wasmcloud.dev", "controllerKind": "Host", "worker count": 1}
2026-09-12T00:46:52Z	INFO	Starting workers	{"controller": "runtime-artifact", "controllerGroup": "runtime.wasmcloud.dev", "controllerKind": "Artifact", "worker count": 1}
2026-09-12T00:46:52Z	INFO	Starting Controller	{"controller": "host-pod", "controllerGroup": "", "controllerKind": "Pod"}
2026-09-12T00:46:52Z	INFO	Starting workers	{"controller": "host-pod", "controllerGroup": "", "controllerKind": "Pod", "worker count": 1}
2026-09-12T00:46:52Z	INFO	Starting Controller	{"controller": "workload-deployment", "controllerGroup": "runtime.wasmcloud.dev", "controllerKind": "WorkloadDeployment"}
2026-09-12T00:46:52Z	INFO	Starting workers	{"controller": "workload-deployment", "controllerGroup": "runtime.wasmcloud.dev", "controllerKind": "WorkloadDeployment", "worker count": 1}
2026-09-12T00:46:52Z	INFO	Starting Controller	{"controller": "workload-replicaset", "controllerGroup": "runtime.wasmcloud.dev", "controllerKind": "WorkloadReplicaSet"}
2026-09-12T00:46:52Z	INFO	Starting workers	{"controller": "workload-replicaset", "controllerGroup": "runtime.wasmcloud.dev", "controllerKind": "WorkloadReplicaSet", "worker count": 1}
2026-09-12T00:47:24Z	INFO	deleted EndpointSlice (no ready endpoints)	{"controller": "workload-route", "namespace": "wamn-receiving-daab1f529cd24f3391208b0500e2b342", "name": "flow-http", "reconcileID": "66b740bb-053b-4d09-a2ed-6f7fc2e32c4e", "service": {"name":"flow-http","namespace":"wamn-receiving-daab1f529cd24f3391208b0500e2b342"}, "endpointSlice": "flow-http-98924a98"}
2026-09-12T00:47:24Z	INFO	deleted EndpointSlice (no ready endpoints)	{"controller": "workload-route", "namespace": "wamn-receiving-daab1f529cd24f3391208b0500e2b342", "name": "flow-http", "reconcileID": "0eff1beb-32fb-44bf-8f69-b066120c00de", "service": {"name":"flow-http","namespace":"wamn-receiving-daab1f529cd24f3391208b0500e2b342"}, "endpointSlice": "flow-http-98924a98"}
2026-09-12T00:47:24Z	INFO	deleted EndpointSlice (no ready endpoints)	{"controller": "workload-route", "namespace": "wamn-receiving-daab1f529cd24f3391208b0500e2b342", "name": "flow-http", "reconcileID": "19c49378-fc7a-4e8e-9cc8-cd63f6860d23", "service": {"name":"flow-http","namespace":"wamn-receiving-daab1f529cd24f3391208b0500e2b342"}, "endpointSlice": "flow-http-98924a98"}
2026-09-12T00:47:24Z	INFO	deleted EndpointSlice (no ready endpoints)	{"controller": "workload-route", "namespace": "wamn-receiving-daab1f529cd24f3391208b0500e2b342", "name": "flow-http", "reconcileID": "954c5d34-ed04-4415-9161-5a05f99a5f3c", "service": {"name":"flow-http","namespace":"wamn-receiving-daab1f529cd24f3391208b0500e2b342"}, "endpointSlice": "flow-http-98924a98"}
2026-09-12T00:47:24Z	INFO	created EndpointSlice	{"controller": "workload-route", "namespace": "wamn-receiving-daab1f529cd24f3391208b0500e2b342", "name": "flow-http", "reconcileID": "60ba85f4-19ca-4c35-961a-b15d7eead926", "service": {"name":"flow-http","namespace":"wamn-receiving-daab1f529cd24f3391208b0500e2b342"}, "endpointSlice": "flow-http-98924a98", "endpoints": 1}
2026-09-12T00:48:32Z	ERROR	setup	nats disconnected	{"error": "EOF"}
main.main.func1
	/workspace/runtime-operator/cmd/main.go:198
github.com/nats-io/nats%2ego.(*Conn).doReconnect.func1
	/go/pkg/mod/github.com/nats-io/nats.go@v1.53.1/nats.go:3292
github.com/nats-io/nats%2ego.(*asyncCallbacksHandler).asyncCBDispatcher
	/go/pkg/mod/github.com/nats-io/nats.go@v1.53.1/nats.go:3610
2026-09-12T00:48:33Z	INFO	setup	nats reconnected	{"url": "nats://nats.wamn-system.svc.cluster.local:4222"}
2026-09-12T00:50:14Z	ERROR	setup	nats disconnected	{"error": "EOF"}
main.main.func1
	/workspace/runtime-operator/cmd/main.go:198
github.com/nats-io/nats%2ego.(*Conn).doReconnect.func1
	/go/pkg/mod/github.com/nats-io/nats.go@v1.53.1/nats.go:3292
github.com/nats-io/nats%2ego.(*asyncCallbacksHandler).asyncCBDispatcher
	/go/pkg/mod/github.com/nats-io/nats.go@v1.53.1/nats.go:3610
2026-09-12T00:50:46Z	INFO	deleted EndpointSlice (no ready endpoints)	{"controller": "workload-route", "namespace": "wamn-receiving-daab1f529cd24f3391208b0500e2b342", "name": "flow-http", "reconcileID": "aecc1f87-632e-4858-9bfd-8ce49ee3de46", "service": {"name":"flow-http","namespace":"wamn-receiving-daab1f529cd24f3391208b0500e2b342"}, "endpointSlice": "flow-http-98924a98"}
2026-09-12T00:51:46Z	INFO	deleted EndpointSlice (no ready endpoints)	{"controller": "workload-route", "namespace": "wamn-receiving-daab1f529cd24f3391208b0500e2b342", "name": "flow-http", "reconcileID": "73657cd4-0307-4fd0-bfba-43923d0ff2e3", "service": {"name":"flow-http","namespace":"wamn-receiving-daab1f529cd24f3391208b0500e2b342"}, "endpointSlice": "flow-http-98924a98"}
2026-09-12T00:52:18Z	ERROR	failed to stop workload on host	{"controller": "workload-replica", "controllerGroup": "runtime.wasmcloud.dev", "controllerKind": "Workload", "Workload": {"name":"flow-http-75f5776577-6fd87b9bfd","namespace":"wamn-receiving-daab1f529cd24f3391208b0500e2b342"}, "namespace": "wamn-receiving-daab1f529cd24f3391208b0500e2b342", "name": "flow-http-75f5776577-6fd87b9bfd", "reconcileID": "02d54f88-0a51-467b-a155-2b35214ee52e", "hostID": "4c4be377-c603-4e64-b876-c200eddf91a5", "workloadID": "88bf6a9a-911b-4a72-abda-65e7fbd791ed", "error": "context deadline exceeded"}
go.wasmcloud.dev/runtime-operator/v2/internal/controller/runtime.(*WorkloadReconciler).finalize
	/workspace/runtime-operator/internal/controller/runtime/workload_controller.go:463
go.wasmcloud.dev/runtime-operator/v2/api/condition.HandleFinalizer[...]
	/workspace/runtime-operator/api/condition/conditioned_reconciler.go:87
go.wasmcloud.dev/runtime-operator/v2/api/condition.(*ConditionedReconciler[...]).Reconcile
	/workspace/runtime-operator/api/condition/conditioned_reconciler.go:212
go.wasmcloud.dev/runtime-operator/v2/internal/controller/runtime.(*WorkloadReconciler).Reconcile
	/workspace/runtime-operator/internal/controller/runtime/workload_controller.go:57
sigs.k8s.io/controller-runtime/pkg/internal/controller.(*Controller[...]).Reconcile
	/go/pkg/mod/sigs.k8s.io/controller-runtime@v0.24.1/pkg/internal/controller/controller.go:221
sigs.k8s.io/controller-runtime/pkg/internal/controller.(*Controller[...]).reconcileHandler
	/go/pkg/mod/sigs.k8s.io/controller-runtime@v0.24.1/pkg/internal/controller/controller.go:478
sigs.k8s.io/controller-runtime/pkg/internal/controller.(*Controller[...]).processNextWorkItem
	/go/pkg/mod/sigs.k8s.io/controller-runtime@v0.24.1/pkg/internal/controller/controller.go:437
sigs.k8s.io/controller-runtime/pkg/internal/controller.(*Controller[...]).Start.func1.1
	/go/pkg/mod/sigs.k8s.io/controller-runtime@v0.24.1/pkg/internal/controller/controller.go:312
2026-09-12T00:52:18Z	INFO	deleted EndpointSlice (no ready endpoints)	{"controller": "workload-route", "namespace": "wamn-receiving-daab1f529cd24f3391208b0500e2b342", "name": "flow-http", "reconcileID": "47d009ac-7753-47e4-832b-03eace3ec8ba", "service": {"name":"flow-http","namespace":"wamn-receiving-daab1f529cd24f3391208b0500e2b342"}, "endpointSlice": "flow-http-98924a98"}
2026-09-12T00:52:18Z	INFO	deleted EndpointSlice (no ready endpoints)	{"controller": "workload-route", "namespace": "wamn-receiving-daab1f529cd24f3391208b0500e2b342", "name": "flow-http", "reconcileID": "f31b8c76-0f63-4151-8eea-96b2e159e315", "service": {"name":"flow-http","namespace":"wamn-receiving-daab1f529cd24f3391208b0500e2b342"}, "endpointSlice": "flow-http-98924a98"}
2026-09-12T00:52:51Z	ERROR	failed to stop workload on host	{"controller": "workload-replica", "controllerGroup": "runtime.wasmcloud.dev", "controllerKind": "Workload", "Workload": {"name":"receiving-materializer-5f7bddcf97-6c7945876d","namespace":"wamn-receiving-daab1f529cd24f3391208b0500e2b342"}, "namespace": "wamn-receiving-daab1f529cd24f3391208b0500e2b342", "name": "receiving-materializer-5f7bddcf97-6c7945876d", "reconcileID": "ffbbe3d0-abc2-474a-928f-245a63b87e9d", "hostID": "ccc1edb8-3671-4423-8b50-ce4b4a68830b", "workloadID": "a021671f-62bf-44e8-afaa-7cecc539c7ec", "error": "context deadline exceeded"}
go.wasmcloud.dev/runtime-operator/v2/internal/controller/runtime.(*WorkloadReconciler).finalize
	/workspace/runtime-operator/internal/controller/runtime/workload_controller.go:463
go.wasmcloud.dev/runtime-operator/v2/api/condition.HandleFinalizer[...]
	/workspace/runtime-operator/api/condition/conditioned_reconciler.go:87
go.wasmcloud.dev/runtime-operator/v2/api/condition.(*ConditionedReconciler[...]).Reconcile
	/workspace/runtime-operator/api/condition/conditioned_reconciler.go:212
go.wasmcloud.dev/runtime-operator/v2/internal/controller/runtime.(*WorkloadReconciler).Reconcile
	/workspace/runtime-operator/internal/controller/runtime/workload_controller.go:57
sigs.k8s.io/controller-runtime/pkg/internal/controller.(*Controller[...]).Reconcile
	/go/pkg/mod/sigs.k8s.io/controller-runtime@v0.24.1/pkg/internal/controller/controller.go:221
sigs.k8s.io/controller-runtime/pkg/internal/controller.(*Controller[...]).reconcileHandler
	/go/pkg/mod/sigs.k8s.io/controller-runtime@v0.24.1/pkg/internal/controller/controller.go:478
sigs.k8s.io/controller-runtime/pkg/internal/controller.(*Controller[...]).processNextWorkItem
	/go/pkg/mod/sigs.k8s.io/controller-runtime@v0.24.1/pkg/internal/controller/controller.go:437
sigs.k8s.io/controller-runtime/pkg/internal/controller.(*Controller[...]).Start.func1.1
	/go/pkg/mod/sigs.k8s.io/controller-runtime@v0.24.1/pkg/internal/controller/controller.go:312
2026-09-12T00:52:51Z	INFO	deleted EndpointSlice (no ready endpoints)	{"controller": "workload-route", "namespace": "wamn-receiving-daab1f529cd24f3391208b0500e2b342", "name": "flow-http", "reconcileID": "fe265b3c-9e0c-4334-90e9-128e2f1e377d", "service": {"name":"flow-http","namespace":"wamn-receiving-daab1f529cd24f3391208b0500e2b342"}, "endpointSlice": "flow-http-98924a98"}
2026-09-12T00:52:51Z	INFO	deleted EndpointSlice (no ready endpoints)	{"controller": "workload-route", "namespace": "wamn-receiving-daab1f529cd24f3391208b0500e2b342", "name": "flow-http", "reconcileID": "97d1bd60-e112-45c6-9cf9-78ee5389187c", "service": {"name":"flow-http","namespace":"wamn-receiving-daab1f529cd24f3391208b0500e2b342"}, "endpointSlice": "flow-http-98924a98"}
2026-09-12T00:52:51Z	INFO	deleted EndpointSlice (no ready endpoints)	{"controller": "workload-route", "namespace": "wamn-receiving-daab1f529cd24f3391208b0500e2b342", "name": "flow-http", "reconcileID": "78899559-01cc-46a6-b4f9-9ed7477e92aa", "service": {"name":"flow-http","namespace":"wamn-receiving-daab1f529cd24f3391208b0500e2b342"}, "endpointSlice": "flow-http-98924a98"}
2026-09-12T00:52:51Z	INFO	deleted EndpointSlice (no ready endpoints)	{"controller": "workload-route", "namespace": "wamn-receiving-daab1f529cd24f3391208b0500e2b342", "name": "flow-http", "reconcileID": "89e4126b-8902-4d52-9f65-1218dd33e2a0", "service": {"name":"flow-http","namespace":"wamn-receiving-daab1f529cd24f3391208b0500e2b342"}, "endpointSlice": "flow-http-98924a98"}
2026-09-12T00:52:51Z	INFO	deleted EndpointSlice (no ready endpoints)	{"controller": "workload-route", "namespace": "wamn-receiving-daab1f529cd24f3391208b0500e2b342", "name": "flow-http", "reconcileID": "238122f1-dfae-4f02-952f-4e0fd014a184", "service": {"name":"flow-http","namespace":"wamn-receiving-daab1f529cd24f3391208b0500e2b342"}, "endpointSlice": "flow-http-98924a98"}
2026-09-12T00:52:51Z	INFO	deleted EndpointSlice (no ready endpoints)	{"controller": "workload-route", "namespace": "wamn-receiving-daab1f529cd24f3391208b0500e2b342", "name": "flow-http", "reconcileID": "8bdd1512-87a0-4cb5-9b3b-7880b8622ead", "service": {"name":"flow-http","namespace":"wamn-receiving-daab1f529cd24f3391208b0500e2b342"}, "endpointSlice": "flow-http-98924a98"}
2026-09-12T00:53:01Z	INFO	setup	nats reconnected	{"url": "nats://nats.wamn-system.svc.cluster.local:4222"}
2026-09-12T00:53:51Z	INFO	deleted EndpointSlice (no ready endpoints)	{"controller": "workload-route", "namespace": "wamn-receiving-daab1f529cd24f3391208b0500e2b342", "name": "flow-http", "reconcileID": "f8553b12-fbf1-49f9-8ad8-7a82c4bf3062", "service": {"name":"flow-http","namespace":"wamn-receiving-daab1f529cd24f3391208b0500e2b342"}, "endpointSlice": "flow-http-98924a98"}
2026-09-12T00:53:51Z	INFO	deleted EndpointSlice (no ready endpoints)	{"controller": "workload-route", "namespace": "wamn-receiving-daab1f529cd24f3391208b0500e2b342", "name": "flow-http", "reconcileID": "5b1286a5-1721-4a98-931b-5a5ea124cb07", "service": {"name":"flow-http","namespace":"wamn-receiving-daab1f529cd24f3391208b0500e2b342"}, "endpointSlice": "flow-http-98924a98"}
2026-09-12T00:53:51Z	INFO	deleted EndpointSlice (no ready endpoints)	{"controller": "workload-route", "namespace": "wamn-receiving-daab1f529cd24f3391208b0500e2b342", "name": "flow-http", "reconcileID": "731085f0-83e7-465b-ad65-b631c39f0fd7", "service": {"name":"flow-http","namespace":"wamn-receiving-daab1f529cd24f3391208b0500e2b342"}, "endpointSlice": "flow-http-98924a98"}
2026-09-12T00:53:51Z	INFO	deleted EndpointSlice (no ready endpoints)	{"controller": "workload-route", "namespace": "wamn-receiving-daab1f529cd24f3391208b0500e2b342", "name": "flow-http", "reconcileID": "2050c638-29a3-4ee6-bb8c-bd5c4e40c959", "service": {"name":"flow-http","namespace":"wamn-receiving-daab1f529cd24f3391208b0500e2b342"}, "endpointSlice": "flow-http-98924a98"}
2026-09-12T00:53:51Z	INFO	deleted EndpointSlice (no ready endpoints)	{"controller": "workload-route", "namespace": "wamn-receiving-daab1f529cd24f3391208b0500e2b342", "name": "flow-http", "reconcileID": "714f784c-009a-4ff8-ba17-13bc947abc0a", "service": {"name":"flow-http","namespace":"wamn-receiving-daab1f529cd24f3391208b0500e2b342"}, "endpointSlice": "flow-http-98924a98"}
2026-09-12T00:53:51Z	INFO	deleted EndpointSlice (no ready endpoints)	{"controller": "workload-route", "namespace": "wamn-receiving-daab1f529cd24f3391208b0500e2b342", "name": "flow-http", "reconcileID": "b594fd95-c42f-47b9-bf21-3c1bad1eeefd", "service": {"name":"flow-http","namespace":"wamn-receiving-daab1f529cd24f3391208b0500e2b342"}, "endpointSlice": "flow-http-98924a98"}
2026-09-12T00:53:52Z	INFO	deleted EndpointSlice (no ready endpoints)	{"controller": "workload-route", "namespace": "wamn-receiving-daab1f529cd24f3391208b0500e2b342", "name": "flow-http", "reconcileID": "b532fb07-0292-4603-8571-d28698558052", "service": {"name":"flow-http","namespace":"wamn-receiving-daab1f529cd24f3391208b0500e2b342"}, "endpointSlice": "flow-http-98924a98"}
2026-09-12T00:53:52Z	INFO	deleted EndpointSlice (no ready endpoints)	{"controller": "workload-route", "namespace": "wamn-receiving-daab1f529cd24f3391208b0500e2b342", "name": "flow-http", "reconcileID": "9a95d238-c239-4285-88ef-f63c67d6ab76", "service": {"name":"flow-http","namespace":"wamn-receiving-daab1f529cd24f3391208b0500e2b342"}, "endpointSlice": "flow-http-98924a98"}
2026-09-12T00:53:52Z	INFO	deleted EndpointSlice (no ready endpoints)	{"controller": "workload-route", "namespace": "wamn-receiving-daab1f529cd24f3391208b0500e2b342", "name": "flow-http", "reconcileID": "36e010bc-2722-4ed6-813e-4bcd5704d015", "service": {"name":"flow-http","namespace":"wamn-receiving-daab1f529cd24f3391208b0500e2b342"}, "endpointSlice": "flow-http-98924a98"}
2026-09-12T00:53:52Z	INFO	created EndpointSlice	{"controller": "workload-route", "namespace": "wamn-receiving-daab1f529cd24f3391208b0500e2b342", "name": "flow-http", "reconcileID": "a05d6ca5-44f7-46f3-bae5-bcac7ac85dc2", "service": {"name":"flow-http","namespace":"wamn-receiving-daab1f529cd24f3391208b0500e2b342"}, "endpointSlice": "flow-http-98924a98", "endpoints": 1}
