{
    "apiVersion": "v1",
    "items": [
        {
            "apiVersion": "v1",
            "count": 1,
            "eventTime": null,
            "firstTimestamp": "2026-09-12T00:46:24Z",
            "involvedObject": {
                "apiVersion": "v1",
                "kind": "Pod",
                "name": "runtime-operator-6dd4b8b57f-4llpq",
                "namespace": "wamn-system",
                "resourceVersion": "905",
                "uid": "cde9629f-a21f-4b3e-aac1-e0891438a565"
            },
            "kind": "Event",
            "lastTimestamp": "2026-09-12T00:46:24Z",
            "message": "Successfully assigned wamn-system/runtime-operator-6dd4b8b57f-4llpq to wamn-receiving-daab1f529cd24f3391208b0500e2b342-worker2",
            "metadata": {
                "creationTimestamp": "2026-09-12T00:46:24Z",
                "name": "runtime-operator-6dd4b8b57f-4llpq.18d46c426da1a317",
                "namespace": "wamn-system",
                "resourceVersion": "915",
                "uid": "0b2827a0-542f-4849-8280-9eb1e5e30a84"
            },
            "reason": "Scheduled",
            "reportingComponent": "default-scheduler",
            "reportingInstance": "",
            "source": {
                "component": "default-scheduler"
            },
            "type": "Normal"
        },
        {
            "apiVersion": "v1",
            "count": 3,
            "eventTime": null,
            "firstTimestamp": "2026-09-12T00:46:25Z",
            "involvedObject": {
                "apiVersion": "v1",
                "fieldPath": "spec.containers{runtime-operator}",
                "kind": "Pod",
                "name": "runtime-operator-6dd4b8b57f-4llpq",
                "namespace": "wamn-system",
                "resourceVersion": "909",
                "uid": "cde9629f-a21f-4b3e-aac1-e0891438a565"
            },
            "kind": "Event",
            "lastTimestamp": "2026-09-12T00:46:51Z",
            "message": "Pulling image \"ghcr.io/wasmcloud/runtime-operator:2.9.0\"",
            "metadata": {
                "creationTimestamp": "2026-09-12T00:46:25Z",
                "name": "runtime-operator-6dd4b8b57f-4llpq.18d46c428d9017cd",
                "namespace": "wamn-system",
                "resourceVersion": "1012",
                "uid": "8bbcc5f4-7179-4c00-bf98-0f0358399f05"
            },
            "reason": "Pulling",
            "reportingComponent": "kubelet",
            "reportingInstance": "wamn-receiving-daab1f529cd24f3391208b0500e2b342-worker2",
            "source": {
                "component": "kubelet",
                "host": "wamn-receiving-daab1f529cd24f3391208b0500e2b342-worker2"
            },
            "type": "Normal"
        },
        {
            "apiVersion": "v1",
            "count": 1,
            "eventTime": null,
            "firstTimestamp": "2026-09-12T00:46:27Z",
            "involvedObject": {
                "apiVersion": "v1",
                "fieldPath": "spec.containers{runtime-operator}",
                "kind": "Pod",
                "name": "runtime-operator-6dd4b8b57f-4llpq",
                "namespace": "wamn-system",
                "resourceVersion": "909",
                "uid": "cde9629f-a21f-4b3e-aac1-e0891438a565"
            },
            "kind": "Event",
            "lastTimestamp": "2026-09-12T00:46:27Z",
            "message": "Successfully pulled image \"ghcr.io/wasmcloud/runtime-operator:2.9.0\" in 2.41s (2.41s including waiting). Image size: 35628580 bytes.",
            "metadata": {
                "creationTimestamp": "2026-09-12T00:46:27Z",
                "name": "runtime-operator-6dd4b8b57f-4llpq.18d46c431d3d2d5c",
                "namespace": "wamn-system",
                "resourceVersion": "932",
                "uid": "d02131aa-5bf6-4fb3-97e0-6c8495efc8f5"
            },
            "reason": "Pulled",
            "reportingComponent": "kubelet",
            "reportingInstance": "wamn-receiving-daab1f529cd24f3391208b0500e2b342-worker2",
            "source": {
                "component": "kubelet",
                "host": "wamn-receiving-daab1f529cd24f3391208b0500e2b342-worker2"
            },
            "type": "Normal"
        },
        {
            "apiVersion": "v1",
            "count": 3,
            "eventTime": null,
            "firstTimestamp": "2026-09-12T00:46:27Z",
            "involvedObject": {
                "apiVersion": "v1",
                "fieldPath": "spec.containers{runtime-operator}",
                "kind": "Pod",
                "name": "runtime-operator-6dd4b8b57f-4llpq",
                "namespace": "wamn-system",
                "resourceVersion": "909",
                "uid": "cde9629f-a21f-4b3e-aac1-e0891438a565"
            },
            "kind": "Event",
            "lastTimestamp": "2026-09-12T00:46:52Z",
            "message": "Container created",
            "metadata": {
                "creationTimestamp": "2026-09-12T00:46:27Z",
                "name": "runtime-operator-6dd4b8b57f-4llpq.18d46c43220a445c",
                "namespace": "wamn-system",
                "resourceVersion": "1014",
                "uid": "b7e3983f-7810-4e17-8866-6d492b138d97"
            },
            "reason": "Created",
            "reportingComponent": "kubelet",
            "reportingInstance": "wamn-receiving-daab1f529cd24f3391208b0500e2b342-worker2",
            "source": {
                "component": "kubelet",
                "host": "wamn-receiving-daab1f529cd24f3391208b0500e2b342-worker2"
            },
            "type": "Normal"
        },
        {
            "apiVersion": "v1",
            "count": 3,
            "eventTime": null,
            "firstTimestamp": "2026-09-12T00:46:27Z",
            "involvedObject": {
                "apiVersion": "v1",
                "fieldPath": "spec.containers{runtime-operator}",
                "kind": "Pod",
                "name": "runtime-operator-6dd4b8b57f-4llpq",
                "namespace": "wamn-system",
                "resourceVersion": "909",
                "uid": "cde9629f-a21f-4b3e-aac1-e0891438a565"
            },
            "kind": "Event",
            "lastTimestamp": "2026-09-12T00:46:52Z",
            "message": "Container started",
            "metadata": {
                "creationTimestamp": "2026-09-12T00:46:27Z",
                "name": "runtime-operator-6dd4b8b57f-4llpq.18d46c4325eecfd2",
                "namespace": "wamn-system",
                "resourceVersion": "1015",
                "uid": "5ba54836-f992-48c6-ab2a-a90eb35cf210"
            },
            "reason": "Started",
            "reportingComponent": "kubelet",
            "reportingInstance": "wamn-receiving-daab1f529cd24f3391208b0500e2b342-worker2",
            "source": {
                "component": "kubelet",
                "host": "wamn-receiving-daab1f529cd24f3391208b0500e2b342-worker2"
            },
            "type": "Normal"
        },
        {
            "apiVersion": "v1",
            "count": 2,
            "eventTime": null,
            "firstTimestamp": "2026-09-12T00:46:30Z",
            "involvedObject": {
                "apiVersion": "v1",
                "fieldPath": "spec.containers{runtime-operator}",
                "kind": "Pod",
                "name": "runtime-operator-6dd4b8b57f-4llpq",
                "namespace": "wamn-system",
                "resourceVersion": "909",
                "uid": "cde9629f-a21f-4b3e-aac1-e0891438a565"
            },
            "kind": "Event",
            "lastTimestamp": "2026-09-12T00:46:35Z",
            "message": "Startup probe failed: Get \"http://10.244.1.3:8082/healthz\": context deadline exceeded (Client.Timeout exceeded while awaiting headers)",
            "metadata": {
                "creationTimestamp": "2026-09-12T00:46:30Z",
                "name": "runtime-operator-6dd4b8b57f-4llpq.18d46c43e99a7cdb",
                "namespace": "wamn-system",
                "resourceVersion": "970",
                "uid": "5b4dae9d-795f-44da-9796-2eee5da7bd30"
            },
            "reason": "Unhealthy",
            "reportingComponent": "kubelet",
            "reportingInstance": "wamn-receiving-daab1f529cd24f3391208b0500e2b342-worker2",
            "source": {
                "component": "kubelet",
                "host": "wamn-receiving-daab1f529cd24f3391208b0500e2b342-worker2"
            },
            "type": "Warning"
        },
        {
            "apiVersion": "v1",
            "count": 1,
            "eventTime": null,
            "firstTimestamp": "2026-09-12T00:46:34Z",
            "involvedObject": {
                "apiVersion": "v1",
                "fieldPath": "spec.containers{runtime-operator}",
                "kind": "Pod",
                "name": "runtime-operator-6dd4b8b57f-4llpq",
                "namespace": "wamn-system",
                "resourceVersion": "909",
                "uid": "cde9629f-a21f-4b3e-aac1-e0891438a565"
            },
            "kind": "Event",
            "lastTimestamp": "2026-09-12T00:46:34Z",
            "message": "Successfully pulled image \"ghcr.io/wasmcloud/runtime-operator:2.9.0\" in 392ms (392ms including waiting). Image size: 35628580 bytes.",
            "metadata": {
                "creationTimestamp": "2026-09-12T00:46:34Z",
                "name": "runtime-operator-6dd4b8b57f-4llpq.18d46c44adf00b2e",
                "namespace": "wamn-system",
                "resourceVersion": "964",
                "uid": "2280b3e6-3d03-461d-975b-24dacd652961"
            },
            "reason": "Pulled",
            "reportingComponent": "kubelet",
            "reportingInstance": "wamn-receiving-daab1f529cd24f3391208b0500e2b342-worker2",
            "source": {
                "component": "kubelet",
                "host": "wamn-receiving-daab1f529cd24f3391208b0500e2b342-worker2"
            },
            "type": "Normal"
        },
        {
            "apiVersion": "v1",
            "count": 3,
            "eventTime": null,
            "firstTimestamp": "2026-09-12T00:46:39Z",
            "involvedObject": {
                "apiVersion": "v1",
                "fieldPath": "spec.containers{runtime-operator}",
                "kind": "Pod",
                "name": "runtime-operator-6dd4b8b57f-4llpq",
                "namespace": "wamn-system",
                "resourceVersion": "909",
                "uid": "cde9629f-a21f-4b3e-aac1-e0891438a565"
            },
            "kind": "Event",
            "lastTimestamp": "2026-09-12T00:46:44Z",
            "message": "Back-off restarting failed container runtime-operator in pod runtime-operator-6dd4b8b57f-4llpq_wamn-system(cde9629f-a21f-4b3e-aac1-e0891438a565)",
            "metadata": {
                "creationTimestamp": "2026-09-12T00:46:39Z",
                "name": "runtime-operator-6dd4b8b57f-4llpq.18d46c45fcaf2468",
                "namespace": "wamn-system",
                "resourceVersion": "998",
                "uid": "25fc6386-6785-4162-97de-9328c5c95526"
            },
            "reason": "BackOff",
            "reportingComponent": "kubelet",
            "reportingInstance": "wamn-receiving-daab1f529cd24f3391208b0500e2b342-worker2",
            "source": {
                "component": "kubelet",
                "host": "wamn-receiving-daab1f529cd24f3391208b0500e2b342-worker2"
            },
            "type": "Warning"
        },
        {
            "apiVersion": "v1",
            "count": 1,
            "eventTime": null,
            "firstTimestamp": "2026-09-12T00:46:52Z",
            "involvedObject": {
                "apiVersion": "v1",
                "fieldPath": "spec.containers{runtime-operator}",
                "kind": "Pod",
                "name": "runtime-operator-6dd4b8b57f-4llpq",
                "namespace": "wamn-system",
                "resourceVersion": "909",
                "uid": "cde9629f-a21f-4b3e-aac1-e0891438a565"
            },
            "kind": "Event",
            "lastTimestamp": "2026-09-12T00:46:52Z",
            "message": "Successfully pulled image \"ghcr.io/wasmcloud/runtime-operator:2.9.0\" in 366ms (366ms including waiting). Image size: 35628580 bytes.",
            "metadata": {
                "creationTimestamp": "2026-09-12T00:46:52Z",
                "name": "runtime-operator-6dd4b8b57f-4llpq.18d46c48d3a07e75",
                "namespace": "wamn-system",
                "resourceVersion": "1013",
                "uid": "7fd1d7f7-bcba-4e3b-a2ce-bb18596b46a1"
            },
            "reason": "Pulled",
            "reportingComponent": "kubelet",
            "reportingInstance": "wamn-receiving-daab1f529cd24f3391208b0500e2b342-worker2",
            "source": {
                "component": "kubelet",
                "host": "wamn-receiving-daab1f529cd24f3391208b0500e2b342-worker2"
            },
            "type": "Normal"
        },
        {
            "apiVersion": "v1",
            "count": 4,
            "eventTime": null,
            "firstTimestamp": "2026-09-12T00:50:25Z",
            "involvedObject": {
                "apiVersion": "v1",
                "fieldPath": "spec.containers{runtime-operator}",
                "kind": "Pod",
                "name": "runtime-operator-6dd4b8b57f-4llpq",
                "namespace": "wamn-system",
                "resourceVersion": "909",
                "uid": "cde9629f-a21f-4b3e-aac1-e0891438a565"
            },
            "kind": "Event",
            "lastTimestamp": "2026-09-12T00:52:05Z",
            "message": "Liveness probe failed: Get \"http://10.244.1.3:8082/healthz\": context deadline exceeded (Client.Timeout exceeded while awaiting headers)",
            "metadata": {
                "creationTimestamp": "2026-09-12T00:50:25Z",
                "name": "runtime-operator-6dd4b8b57f-4llpq.18d46c7aa09272df",
                "namespace": "wamn-system",
                "resourceVersion": "2172",
                "uid": "22d166f1-cca4-4adc-a5b5-0534e98063f5"
            },
            "reason": "Unhealthy",
            "reportingComponent": "kubelet",
            "reportingInstance": "wamn-receiving-daab1f529cd24f3391208b0500e2b342-worker2",
            "source": {
                "component": "kubelet",
                "host": "wamn-receiving-daab1f529cd24f3391208b0500e2b342-worker2"
            },
            "type": "Warning"
        },
        {
            "apiVersion": "v1",
            "count": 1,
            "eventTime": null,
            "firstTimestamp": "2026-09-12T00:53:59Z",
            "involvedObject": {
                "apiVersion": "v1",
                "fieldPath": "spec.containers{runtime-operator}",
                "kind": "Pod",
                "name": "runtime-operator-6dd4b8b57f-4llpq",
                "namespace": "wamn-system",
                "resourceVersion": "909",
                "uid": "cde9629f-a21f-4b3e-aac1-e0891438a565"
            },
            "kind": "Event",
            "lastTimestamp": "2026-09-12T00:53:59Z",
            "message": "Stopping container runtime-operator",
            "metadata": {
                "creationTimestamp": "2026-09-12T00:53:59Z",
                "name": "runtime-operator-6dd4b8b57f-4llpq.18d46cac5a83cfdd",
                "namespace": "wamn-system",
                "resourceVersion": "2564",
                "uid": "ee50701f-35af-401c-a081-dd478a4e8fa2"
            },
            "reason": "Killing",
            "reportingComponent": "kubelet",
            "reportingInstance": "wamn-receiving-daab1f529cd24f3391208b0500e2b342-worker2",
            "source": {
                "component": "kubelet",
                "host": "wamn-receiving-daab1f529cd24f3391208b0500e2b342-worker2"
            },
            "type": "Normal"
        }
    ],
    "kind": "List",
    "metadata": {
        "resourceVersion": ""
    }
}
