The files belonging to this database system will be owned by user "postgres".
This user must also own the server process.

The database cluster will be initialized with locale "en_US.utf8".
The default database encoding has accordingly been set to "UTF8".
The default text search configuration will be set to "english".

Data page checksums are enabled.

fixing permissions on existing directory /var/lib/postgresql/18/docker ... ok
creating subdirectories ... ok
selecting dynamic shared memory implementation ... posix
selecting default "max_connections" ... 100
selecting default "shared_buffers" ... 128MB
selecting default time zone ... Etc/UTC
creating configuration files ... ok
running bootstrap script ... ok
performing post-bootstrap initialization ... ok
initdb: warning: enabling "trust" authentication for local connections
initdb: hint: You can change this by editing pg_hba.conf or using the option -A, or --auth-local and --auth-host, the next time you run initdb.
syncing data to disk ... ok


Success. You can now start the database server using:

    pg_ctl -D /var/lib/postgresql/18/docker -l logfile start

waiting for server to start....2026-09-08 14:40:04.712 UTC [54] LOG:  starting PostgreSQL 18.6 (Debian 18.6-1.pgdg13+2) on x86_64-pc-linux-gnu, compiled by gcc (Debian 14.2.0-19) 14.2.0, 64-bit
2026-09-08 14:40:04.719 UTC [54] LOG:  listening on Unix socket "/var/run/postgresql/.s.PGSQL.5432"
2026-09-08 14:40:04.740 UTC [60] LOG:  database system was shut down at 2026-09-08 14:40:04 UTC
2026-09-08 14:40:04.748 UTC [54] LOG:  database system is ready to accept connections
 done
server started
CREATE DATABASE


/usr/local/bin/docker-entrypoint.sh: ignoring /docker-entrypoint-initdb.d/*

waiting for server to shut down....2026-09-08 14:40:04.906 UTC [54] LOG:  received fast shutdown request
2026-09-08 14:40:04.912 UTC [54] LOG:  aborting any active transactions
2026-09-08 14:40:04.913 UTC [54] LOG:  background worker "logical replication launcher" (PID 63) exited with exit code 1
2026-09-08 14:40:04.914 UTC [58] LOG:  shutting down
2026-09-08 14:40:04.920 UTC [58] LOG:  checkpoint starting: shutdown immediate
2026-09-08 14:40:05.097 UTC [58] LOG:  checkpoint complete: wrote 943 buffers (5.8%), wrote 3 SLRU buffers; 0 WAL file(s) added, 0 removed, 0 recycled; write=0.021 s, sync=0.136 s, total=0.184 s; sync files=303, longest=0.007 s, average=0.001 s; distance=4352 kB, estimate=4352 kB; lsn=0/1BA1BE8, redo lsn=0/1BA1BE8
2026-09-08 14:40:05.117 UTC [54] LOG:  database system is shut down
 done
server stopped

PostgreSQL init process complete; ready for start up.

2026-09-08 14:40:05.234 UTC [1] LOG:  starting PostgreSQL 18.6 (Debian 18.6-1.pgdg13+2) on x86_64-pc-linux-gnu, compiled by gcc (Debian 14.2.0-19) 14.2.0, 64-bit
2026-09-08 14:40:05.235 UTC [1] LOG:  listening on IPv4 address "0.0.0.0", port 5432
2026-09-08 14:40:05.235 UTC [1] LOG:  listening on IPv6 address "::", port 5432
2026-09-08 14:40:05.247 UTC [1] LOG:  listening on Unix socket "/var/run/postgresql/.s.PGSQL.5432"
2026-09-08 14:40:05.262 UTC [76] LOG:  database system was shut down at 2026-09-08 14:40:05 UTC
2026-09-08 14:40:05.271 UTC [1] LOG:  database system is ready to accept connections
2026-09-08 14:40:08.049 UTC [96] WARNING:  role "wamn_identity_reader" has not been granted membership in role "wamn_platform" by role "postgres"
2026-09-08 14:40:08.049 UTC [96] CONTEXT:  SQL statement "REVOKE "wamn_platform" FROM "wamn_identity_reader""
	PL/pgSQL function inline_code_block line 1 at SQL statement
2026-09-08 14:40:08.050 UTC [96] WARNING:  role "wamn_identity_reader_8aaee2a4745eb8ff812536e6d10c887ccf1f6d6d_a" has not been granted membership in role "wamn_identity_reader" by role "postgres"
2026-09-08 14:40:08.408 UTC [103] ERROR:  permission denied for table principals
2026-09-08 14:40:08.408 UTC [103] STATEMENT:  SELECT * FROM identity.principals
2026-09-08 14:40:08.454 UTC [104] ERROR:  permission denied for table pats
2026-09-08 14:40:08.454 UTC [104] STATEMENT:  SELECT * FROM identity.pats
2026-09-08 14:40:08.497 UTC [105] ERROR:  permission denied for schema registry at character 15
2026-09-08 14:40:08.497 UTC [105] STATEMENT:  SELECT * FROM registry.orgs
2026-09-08 14:40:08.540 UTC [106] ERROR:  permission denied to create role
2026-09-08 14:40:08.540 UTC [106] DETAIL:  Only roles with the CREATEROLE attribute may create roles.
2026-09-08 14:40:08.540 UTC [106] STATEMENT:  CREATE ROLE identity_escape
2026-09-08 14:40:08.583 UTC [107] ERROR:  permission denied for database wamn_system
2026-09-08 14:40:08.583 UTC [107] STATEMENT:  CREATE SCHEMA identity_escape
2026-09-08 14:40:08.624 UTC [108] ERROR:  permission denied for schema identity at character 14
2026-09-08 14:40:08.624 UTC [108] STATEMENT:  CREATE TABLE identity.identity_escape (n int)
2026-09-08 14:40:08.665 UTC [109] ERROR:  permission denied to create temporary tables in database "wamn_system" at character 19
2026-09-08 14:40:08.665 UTC [109] STATEMENT:  CREATE TEMP TABLE identity_escape (n int)
2026-09-08 14:40:08.710 UTC [110] ERROR:  permission denied to set role "wamn_system"
2026-09-08 14:40:08.710 UTC [110] STATEMENT:  SET ROLE wamn_system
2026-09-08 14:40:08.750 UTC [111] ERROR:  permission denied to set role "wamn_identity_issuer"
2026-09-08 14:40:08.750 UTC [111] STATEMENT:  SET ROLE wamn_identity_issuer
2026-09-08 14:40:08.789 UTC [112] ERROR:  permission denied for table session_keys
2026-09-08 14:40:08.789 UTC [112] STATEMENT:  TRUNCATE identity.session_keys CASCADE
2026-09-08 14:40:08.828 UTC [113] ERROR:  must be owner of table session_keys
2026-09-08 14:40:08.828 UTC [113] STATEMENT:  ALTER TABLE identity.session_keys ADD COLUMN escape text
2026-09-08 14:40:08.868 UTC [114] ERROR:  permission denied for table session_keys
2026-09-08 14:40:08.868 UTC [114] STATEMENT:  SELECT private_pkcs8 FROM identity.session_keys
2026-09-08 14:40:08.908 UTC [115] ERROR:  permission denied for table session_signing_state
2026-09-08 14:40:08.908 UTC [115] STATEMENT:  SELECT * FROM identity.session_signing_state
2026-09-08 14:40:08.948 UTC [116] FATAL:  permission denied for database "postgres"
2026-09-08 14:40:08.948 UTC [116] DETAIL:  User does not have CONNECT privilege.
2026-09-08 14:40:09.114 UTC [120] FATAL:  password authentication failed for user "wamn_identity_issuer_21608cfc4d1a4f9d4ee70605bf87aa52d9221a1c_a"
2026-09-08 14:40:09.114 UTC [120] DETAIL:  User "wamn_identity_issuer_21608cfc4d1a4f9d4ee70605bf87aa52d9221a1c_a" has no password assigned.
	Connection matched file "/var/lib/postgresql/18/docker/pg_hba.conf" line 128: "host all all all scram-sha-256"
