2026-09-09T22:01:32.792518Z  INFO connected to NATS
2026-09-09T22:01:32.792769Z  INFO host memory resolved max_guest_memory=4GiB guest_memory_mode="count" default_heap_memory=256MiB core_instances=512 memories=512 pool_reservation=128GiB
2026-09-09T22:01:32.811235Z  INFO wiring activation doorbell listening; dropped every cached pointer channel="wamn_wiring_activation" dropped=0
2026-09-09T22:01:32.905890Z  INFO release component pull completed component_digest=sha256:1f481deceaea9e217fb19819c750ce39fec8e9a1e19686e43dc2ebf65b1d9fef component_bytes=669281 elapsed_ms=15
2026-09-09T22:01:32.908148Z  INFO release component pull completed component_digest=sha256:710586d8b7fa9ff054d84203d981832659ae9baa618ed03b14588d1168d68d2e component_bytes=466355 elapsed_ms=17
2026-09-09T22:01:33.319954Z  INFO release component compilation completed component_digest=sha256:710586d8b7fa9ff054d84203d981832659ae9baa618ed03b14588d1168d68d2e compile_ms=411 compile_wall_ms=411
2026-09-09T22:01:33.328335Z  INFO release component compilation completed component_digest=sha256:1f481deceaea9e217fb19819c750ce39fec8e9a1e19686e43dc2ebf65b1d9fef compile_ms=422 compile_wall_ms=422
2026-09-09T22:01:33.328707Z  WARN wamn.component.linker_setup:wamn.linker.register: component imports wamn:postgres but sets no wamn.tenant; calls will be refused component="receiving#0"
2026-09-09T22:01:33.328989Z  INFO release component instantiation completed component_digest=sha256:1f481deceaea9e217fb19819c750ce39fec8e9a1e19686e43dc2ebf65b1d9fef elapsed_ms=0 total_elapsed_ms=438
2026-09-09T22:01:33.329322Z  WARN wamn.component.linker_setup:wamn.linker.register: component imports wamn:postgres but sets no wamn.tenant; calls will be refused component="client_acme_receiving#1"
2026-09-09T22:01:33.329508Z  INFO release component instantiation completed component_digest=sha256:710586d8b7fa9ff054d84203d981832659ae9baa618ed03b14588d1168d68d2e elapsed_ms=0 total_elapsed_ms=438
2026-09-09T22:01:33.329531Z  INFO synchronous release preload completed synchronous_wirings=13 component_digests=2 elapsed_ms=524
2026-09-09T22:01:33.329640Z  INFO release preload completed; component cache warm
2026-09-09T22:01:33.337350Z  INFO wamn-host starting (base plugins: wasi:config, wamn:logging, wasi:otel, wamn:postgres, wamn:jetstream, wamn:flow-http-routing) router_delivery=true
2026-09-09T22:01:33.337366Z  INFO wamn-host welded to its release effective_release_id=1 manifest_digest=sha256:e633957452b28418875cdc69a5574d078da95daf94aa9fda76c5ad84cc3dee94
2026-09-09T22:01:33.337387Z  INFO HTTP server listening addr=127.0.0.1:38215 protocol="HTTP"
2026-09-09T22:01:33.337404Z  INFO probe server listening addr=127.0.0.1:39833
2026-09-09T22:01:33.337413Z  INFO Starting WASI OTel plugin endpoint=http://127.0.0.1:38781 protocol="grpc"
2026-09-09T22:01:33.337998Z  INFO WASI OTel plugin started
2026-09-09T22:01:33.338014Z  INFO Host started host_id="dc2e2d96-e355-44a8-b025-da6db0d39ea7" friendly_name="arrogant-vase-5955" host_name="startup-38318082c7ea-4035355" labels={"hostgroup": "startup-38318082c7ea-4035355"} version="2.9.0" max_concurrent_starts=4
2026-09-09T22:01:33.338126Z  INFO Host provides interfaces count=10 interfaces=["wasi:cli/stderr,terminal-stderr,terminal-input,stdout,environment,terminal-stdout,terminal-stdin,stdin,exit,terminal-output@0.2.0", "wasi:clocks/wall-time,monotonic-clock@0.2.0", "wasi:clocks/wall-clock,monotonic-clock@0.2.0", "wasi:filesystem/types,preopens@0.2.0", "wasi:http/incoming-handler,outgoing-handler,types@0.2.0", "wasi:http/handler,types@0.3.0", "wasi:io/streams,error,poll@0.2.0", "wasi:random/random,insecure,insecure-seed@0.2.0", "wasi:random/random@0.2.0", "wasi:sockets/tcp,udp,ip-name-lookup,instance-network,tcp-create-socket,network,udp-create-socket@0.2.0"]
2026-09-09T22:01:33.338146Z  INFO wamn-host runtime startup completed elapsed_ms=566 cleanup_budget_secs=51
2026-09-09T22:01:33.437199Z  INFO workload_start{workload_id=startup-38318082c7ea-4035355-cold-2 workload.name="startup-38318082c7ea-4035355-cold-2" workload.namespace="wamn-receiving-journey"}: Starting workload workload_id="startup-38318082c7ea-4035355-cold-2" namespace="wamn-receiving-journey" name="startup-38318082c7ea-4035355-cold-2"
2026-09-09T22:01:33.438941Z  INFO workload_start{workload_id=startup-38318082c7ea-4035355-cold-1 workload.name="startup-38318082c7ea-4035355-cold-1" workload.namespace="wamn-receiving-journey"}: Starting workload workload_id="startup-38318082c7ea-4035355-cold-1" namespace="wamn-receiving-journey" name="startup-38318082c7ea-4035355-cold-1"
2026-09-09T22:01:33.440577Z  WARN handle_http_request{http.method=POST http.uri=/purchase_order/get http.host=receiving.localhost http.request.method=POST url.path=/purchase_order/get server.address="receiving.localhost"}: failed to route incoming request err=router is temporarily unavailable
2026-09-09T22:01:33.457607Z  WARN handle_http_request{http.method=POST http.uri=/purchase_order/get http.host=receiving.localhost http.request.method=POST url.path=/purchase_order/get server.address="receiving.localhost"}: failed to route incoming request err=router is temporarily unavailable
2026-09-09T22:01:33.466601Z  INFO workload_start{workload_id=startup-38318082c7ea-4035355-cold-0 workload.name="startup-38318082c7ea-4035355-cold-0" workload.namespace="wamn-receiving-journey"}: Starting workload workload_id="startup-38318082c7ea-4035355-cold-0" namespace="wamn-receiving-journey" name="startup-38318082c7ea-4035355-cold-0"
2026-09-09T22:01:33.481311Z  INFO workload_start{workload_id=startup-38318082c7ea-4035355-cold-5 workload.name="startup-38318082c7ea-4035355-cold-5" workload.namespace="wamn-receiving-journey"}: Starting workload workload_id="startup-38318082c7ea-4035355-cold-5" namespace="wamn-receiving-journey" name="startup-38318082c7ea-4035355-cold-5"
2026-09-09T22:01:33.487478Z  WARN handle_http_request{http.method=POST http.uri=/purchase_order/get http.host=receiving.localhost http.request.method=POST url.path=/purchase_order/get server.address="receiving.localhost"}: failed to route incoming request err=router is temporarily unavailable
2026-09-09T22:01:33.530092Z  WARN handle_http_request{http.method=POST http.uri=/purchase_order/get http.host=receiving.localhost http.request.method=POST url.path=/purchase_order/get server.address="receiving.localhost"}: failed to route incoming request err=router is temporarily unavailable
2026-09-09T22:01:33.594098Z  INFO workload_start{workload_id=startup-38318082c7ea-4035355-cold-7 workload.name="startup-38318082c7ea-4035355-cold-7" workload.namespace="wamn-receiving-journey"}: Starting workload workload_id="startup-38318082c7ea-4035355-cold-7" namespace="wamn-receiving-journey" name="startup-38318082c7ea-4035355-cold-7"
2026-09-09T22:01:33.594391Z  WARN handle_http_request{http.method=POST http.uri=/purchase_order/get http.host=receiving.localhost http.request.method=POST url.path=/purchase_order/get server.address="receiving.localhost"}:invoke_component_handler{workload.name="startup-38318082c7ea-4035355-cold-5" workload.namespace="wamn-receiving-journey" workload.id="startup-38318082c7ea-4035355-cold-5"}:wamn.component.invoke{wamn.tenant=receiving-route-auth wamn.project=receiving wamn.environment=dev wamn.wiring_id=purchase_order_get wamn.wiring_version=1 wamn.component_digest=sha256:1f481deceaea9e217fb19819c750ce39fec8e9a1e19686e43dc2ebf65b1d9fef wamn.node_id=operation wamn.operation=wamn-receiving:purchase-order/get@1.0.0 wamn.caller_principal_id="ed422eb1-39db-4ec9-94bb-80e48bceb8c5" wamn.caller_credential_kind="pat"}:wamn.component.linker_setup:wamn.linker.register: component imports wamn:postgres but sets no wamn.tenant; calls will be refused component="receiving#2"
2026-09-09T22:01:33.594968Z  INFO workload_start{workload_id=startup-38318082c7ea-4035355-cold-6 workload.name="startup-38318082c7ea-4035355-cold-6" workload.namespace="wamn-receiving-journey"}: Starting workload workload_id="startup-38318082c7ea-4035355-cold-6" namespace="wamn-receiving-journey" name="startup-38318082c7ea-4035355-cold-6"
2026-09-09T22:01:33.595553Z  INFO workload_start{workload_id=startup-38318082c7ea-4035355-cold-3 workload.name="startup-38318082c7ea-4035355-cold-3" workload.namespace="wamn-receiving-journey"}: Starting workload workload_id="startup-38318082c7ea-4035355-cold-3" namespace="wamn-receiving-journey" name="startup-38318082c7ea-4035355-cold-3"
2026-09-09T22:01:33.596396Z  INFO workload_start{workload_id=startup-38318082c7ea-4035355-cold-4 workload.name="startup-38318082c7ea-4035355-cold-4" workload.namespace="wamn-receiving-journey"}: Starting workload workload_id="startup-38318082c7ea-4035355-cold-4" namespace="wamn-receiving-journey" name="startup-38318082c7ea-4035355-cold-4"
2026-09-09T22:01:33.606062Z  WARN handle_http_request{http.method=POST http.uri=/purchase_order/get http.host=receiving.localhost http.request.method=POST url.path=/purchase_order/get server.address="receiving.localhost"}:invoke_component_handler{workload.name="startup-38318082c7ea-4035355-cold-1" workload.namespace="wamn-receiving-journey" workload.id="startup-38318082c7ea-4035355-cold-1"}:wamn.component.invoke{wamn.tenant=receiving-route-auth wamn.project=receiving wamn.environment=dev wamn.wiring_id=purchase_order_get wamn.wiring_version=1 wamn.component_digest=sha256:1f481deceaea9e217fb19819c750ce39fec8e9a1e19686e43dc2ebf65b1d9fef wamn.node_id=operation wamn.operation=wamn-receiving:purchase-order/get@1.0.0 wamn.caller_principal_id="ed422eb1-39db-4ec9-94bb-80e48bceb8c5" wamn.caller_credential_kind="pat"}:wamn.component.linker_setup:wamn.linker.register: component imports wamn:postgres but sets no wamn.tenant; calls will be refused component="receiving#3"
2026-09-09T22:01:33.615847Z  WARN handle_http_request{http.method=POST http.uri=/purchase_order/get http.host=receiving.localhost http.request.method=POST url.path=/purchase_order/get server.address="receiving.localhost"}:invoke_component_handler{workload.name="startup-38318082c7ea-4035355-cold-6" workload.namespace="wamn-receiving-journey" workload.id="startup-38318082c7ea-4035355-cold-6"}:wamn.component.invoke{wamn.tenant=receiving-route-auth wamn.project=receiving wamn.environment=dev wamn.wiring_id=purchase_order_get wamn.wiring_version=1 wamn.component_digest=sha256:1f481deceaea9e217fb19819c750ce39fec8e9a1e19686e43dc2ebf65b1d9fef wamn.node_id=operation wamn.operation=wamn-receiving:purchase-order/get@1.0.0 wamn.caller_principal_id="ed422eb1-39db-4ec9-94bb-80e48bceb8c5" wamn.caller_credential_kind="pat"}:wamn.component.linker_setup:wamn.linker.register: component imports wamn:postgres but sets no wamn.tenant; calls will be refused component="receiving#4"
2026-09-09T22:01:33.651331Z  INFO workload_start{workload_id=startup-38318082c7ea-4035355-warm-4 workload.name="startup-38318082c7ea-4035355-warm-4" workload.namespace="wamn-receiving-journey"}: Starting workload workload_id="startup-38318082c7ea-4035355-warm-4" namespace="wamn-receiving-journey" name="startup-38318082c7ea-4035355-warm-4"
2026-09-09T22:01:33.660600Z  INFO workload_start{workload_id=startup-38318082c7ea-4035355-warm-0 workload.name="startup-38318082c7ea-4035355-warm-0" workload.namespace="wamn-receiving-journey"}: Starting workload workload_id="startup-38318082c7ea-4035355-warm-0" namespace="wamn-receiving-journey" name="startup-38318082c7ea-4035355-warm-0"
2026-09-09T22:01:33.660848Z  INFO workload_start{workload_id=startup-38318082c7ea-4035355-warm-5 workload.name="startup-38318082c7ea-4035355-warm-5" workload.namespace="wamn-receiving-journey"}: Starting workload workload_id="startup-38318082c7ea-4035355-warm-5" namespace="wamn-receiving-journey" name="startup-38318082c7ea-4035355-warm-5"
2026-09-09T22:01:33.662250Z  INFO workload_start{workload_id=startup-38318082c7ea-4035355-warm-6 workload.name="startup-38318082c7ea-4035355-warm-6" workload.namespace="wamn-receiving-journey"}: Starting workload workload_id="startup-38318082c7ea-4035355-warm-6" namespace="wamn-receiving-journey" name="startup-38318082c7ea-4035355-warm-6"
2026-09-09T22:01:33.667780Z  WARN handle_http_request{http.method=POST http.uri=/purchase_order/get http.host=receiving.localhost http.request.method=POST url.path=/purchase_order/get server.address="receiving.localhost"}:invoke_component_handler{workload.name="startup-38318082c7ea-4035355-cold-5" workload.namespace="wamn-receiving-journey" workload.id="startup-38318082c7ea-4035355-cold-5"}:wamn.component.invoke{wamn.tenant=receiving-route-auth wamn.project=receiving wamn.environment=dev wamn.wiring_id=purchase_order_get wamn.wiring_version=1 wamn.component_digest=sha256:1f481deceaea9e217fb19819c750ce39fec8e9a1e19686e43dc2ebf65b1d9fef wamn.node_id=operation wamn.operation=wamn-receiving:purchase-order/get@1.0.0 wamn.caller_principal_id="ed422eb1-39db-4ec9-94bb-80e48bceb8c5" wamn.caller_credential_kind="pat"}:wamn.component.linker_setup:wamn.linker.register: component imports wamn:postgres but sets no wamn.tenant; calls will be refused component="receiving#5"
2026-09-09T22:01:33.689997Z  INFO workload_start{workload_id=startup-38318082c7ea-4035355-warm-1 workload.name="startup-38318082c7ea-4035355-warm-1" workload.namespace="wamn-receiving-journey"}: Starting workload workload_id="startup-38318082c7ea-4035355-warm-1" namespace="wamn-receiving-journey" name="startup-38318082c7ea-4035355-warm-1"
2026-09-09T22:01:33.700886Z  INFO workload_start{workload_id=startup-38318082c7ea-4035355-warm-2 workload.name="startup-38318082c7ea-4035355-warm-2" workload.namespace="wamn-receiving-journey"}: Starting workload workload_id="startup-38318082c7ea-4035355-warm-2" namespace="wamn-receiving-journey" name="startup-38318082c7ea-4035355-warm-2"
2026-09-09T22:01:33.701084Z  INFO workload_start{workload_id=startup-38318082c7ea-4035355-warm-7 workload.name="startup-38318082c7ea-4035355-warm-7" workload.namespace="wamn-receiving-journey"}: Starting workload workload_id="startup-38318082c7ea-4035355-warm-7" namespace="wamn-receiving-journey" name="startup-38318082c7ea-4035355-warm-7"
2026-09-09T22:01:33.705790Z  INFO workload_start{workload_id=startup-38318082c7ea-4035355-warm-3 workload.name="startup-38318082c7ea-4035355-warm-3" workload.namespace="wamn-receiving-journey"}: Starting workload workload_id="startup-38318082c7ea-4035355-warm-3" namespace="wamn-receiving-journey" name="startup-38318082c7ea-4035355-warm-3"
2026-09-09T22:01:33.709230Z  WARN handle_http_request{http.method=POST http.uri=/purchase_order/get http.host=receiving.localhost http.request.method=POST url.path=/purchase_order/get server.address="receiving.localhost"}:invoke_component_handler{workload.name="startup-38318082c7ea-4035355-warm-6" workload.namespace="wamn-receiving-journey" workload.id="startup-38318082c7ea-4035355-warm-6"}:wamn.component.invoke{wamn.tenant=receiving-route-auth wamn.project=receiving wamn.environment=dev wamn.wiring_id=purchase_order_get wamn.wiring_version=1 wamn.component_digest=sha256:1f481deceaea9e217fb19819c750ce39fec8e9a1e19686e43dc2ebf65b1d9fef wamn.node_id=operation wamn.operation=wamn-receiving:purchase-order/get@1.0.0 wamn.caller_principal_id="ed422eb1-39db-4ec9-94bb-80e48bceb8c5" wamn.caller_credential_kind="pat"}:wamn.component.linker_setup:wamn.linker.register: component imports wamn:postgres but sets no wamn.tenant; calls will be refused component="receiving#6"
2026-09-09T22:01:33.711386Z  INFO workload_stop{workload_id=startup-38318082c7ea-4035355-cold-0}: Stopping workload workload_id="startup-38318082c7ea-4035355-cold-0"
2026-09-09T22:01:33.712127Z  INFO workload_stop{workload_id=startup-38318082c7ea-4035355-cold-1}: Stopping workload workload_id="startup-38318082c7ea-4035355-cold-1"
2026-09-09T22:01:33.712775Z  INFO workload_stop{workload_id=startup-38318082c7ea-4035355-cold-2}: Stopping workload workload_id="startup-38318082c7ea-4035355-cold-2"
2026-09-09T22:01:33.713437Z  INFO workload_stop{workload_id=startup-38318082c7ea-4035355-cold-3}: Stopping workload workload_id="startup-38318082c7ea-4035355-cold-3"
2026-09-09T22:01:33.714090Z  INFO workload_stop{workload_id=startup-38318082c7ea-4035355-cold-4}: Stopping workload workload_id="startup-38318082c7ea-4035355-cold-4"
2026-09-09T22:01:33.714596Z  INFO workload_stop{workload_id=startup-38318082c7ea-4035355-cold-5}: Stopping workload workload_id="startup-38318082c7ea-4035355-cold-5"
2026-09-09T22:01:33.715183Z  INFO workload_stop{workload_id=startup-38318082c7ea-4035355-cold-6}: Stopping workload workload_id="startup-38318082c7ea-4035355-cold-6"
2026-09-09T22:01:33.715765Z  INFO workload_stop{workload_id=startup-38318082c7ea-4035355-cold-7}: Stopping workload workload_id="startup-38318082c7ea-4035355-cold-7"
2026-09-09T22:01:33.716336Z  INFO workload_stop{workload_id=startup-38318082c7ea-4035355-warm-0}: Stopping workload workload_id="startup-38318082c7ea-4035355-warm-0"
2026-09-09T22:01:33.716891Z  INFO workload_stop{workload_id=startup-38318082c7ea-4035355-warm-1}: Stopping workload workload_id="startup-38318082c7ea-4035355-warm-1"
2026-09-09T22:01:33.717474Z  INFO workload_stop{workload_id=startup-38318082c7ea-4035355-warm-2}: Stopping workload workload_id="startup-38318082c7ea-4035355-warm-2"
2026-09-09T22:01:33.718062Z  INFO workload_stop{workload_id=startup-38318082c7ea-4035355-warm-3}: Stopping workload workload_id="startup-38318082c7ea-4035355-warm-3"
2026-09-09T22:01:33.718663Z  INFO workload_stop{workload_id=startup-38318082c7ea-4035355-warm-4}: Stopping workload workload_id="startup-38318082c7ea-4035355-warm-4"
2026-09-09T22:01:33.719214Z  INFO workload_stop{workload_id=startup-38318082c7ea-4035355-warm-5}: Stopping workload workload_id="startup-38318082c7ea-4035355-warm-5"
2026-09-09T22:01:33.719669Z  INFO workload_stop{workload_id=startup-38318082c7ea-4035355-warm-6}: Stopping workload workload_id="startup-38318082c7ea-4035355-warm-6"
2026-09-09T22:01:33.720239Z  INFO workload_stop{workload_id=startup-38318082c7ea-4035355-warm-7}: Stopping workload workload_id="startup-38318082c7ea-4035355-warm-7"
2026-09-09T22:01:33.722534Z  INFO shutting down wamn-host
2026-09-09T22:01:33.722563Z  INFO HTTP server stopping addr=127.0.0.1:38215
2026-09-09T22:01:33.722583Z  INFO Stopping WASI OTel plugin
2026-09-09T22:01:33.722868Z  INFO WASI OTel plugin stopped
2026-09-09T22:01:33.723078Z  INFO HTTP server received shutdown signal
