{
  "summary": {
    "successRate": 1.0,
    "total": 10.001509029,
    "slowest": 0.012746026,
    "fastest": 0.000262267,
    "average": 0.0006695469640435725,
    "requestsPerSec": 5928.905310994746,
    "totalData": 2134584,
    "sizePerRequest": 36,
    "sizePerSec": 213426.19336848476
  },
  "metrics": {
    "success_rate": 1.0,
    "requests_per_sec": 5928.905310994746,
    "latency_ms": {
      "min": 0.262,
      "mean": 0.67,
      "p50": 0.571,
      "p95": 1.198,
      "p99": 2.21,
      "max": 12.746
    }
  },
  "responseTimeHistogram": {
    "0.000262267": 1,
    "0.0015106429": 57695,
    "0.0027590188": 1292,
    "0.0040073947": 205,
    "0.0052557706": 67,
    "0.0065041465": 20,
    "0.0077525224": 10,
    "0.0090008983": 3,
    "0.0102492742": 0,
    "0.0114976501": 0,
    "0.012746026": 1
  },
  "latencyPercentiles": {
    "p10": 0.000468021,
    "p25": 0.000511962,
    "p50": 0.000570705,
    "p75": 0.000688767,
    "p90": 0.000938156,
    "p95": 0.001198352,
    "p99": 0.002210055,
    "p99.9": 0.004606033,
    "p99.99": 0.007062754
  },
  "firstByteHistogram": {
    "0.00026003": 1,
    "0.0014855651000000001": 57648,
    "0.0027111002": 1327,
    "0.0039366353": 218,
    "0.0051621704": 68,
    "0.0063877055": 17,
    "0.0076132406": 10,
    "0.0088387757": 4,
    "0.0100643108": 0,
    "0.0112898459": 0,
    "0.012515381": 1
  },
  "firstBytePercentiles": {
    "p10": 0.000462899,
    "p25": 0.000506399,
    "p50": 0.000564686,
    "p75": 0.000682037,
    "p90": 0.000930468,
    "p95": 0.001189619,
    "p99": 0.00220344,
    "p99.9": 0.004549316,
    "p99.99": 0.007056794
  },
  "rps": {
    "mean": 5921.646514353757,
    "stddev": 1320.0487053435556,
    "max": 9404.210264935606,
    "min": 1128.5912800523706,
    "percentiles": {
      "p10": 4025.7362219952633,
      "p25": 5201.486584865947,
      "p50": 6205.215005105011,
      "p75": 6880.220437751204,
      "p90": 7310.8741220897955,
      "p95": 7518.970362222954,
      "p99": 8160.857966110688,
      "p99.9": 9161.4070793716,
      "p99.99": 9404.210264935606
    }
  },
  "details": {
    "DNSDialup": {
      "average": 0.0004313955,
      "fastest": 0.000391905,
      "slowest": 0.000467826
    },
    "DNSLookup": {
      "average": 0.0000955125,
      "fastest": 0.000078963,
      "slowest": 0.000127845
    },
    "firstByte": {
      "average": 0.0006632516589705568,
      "fastest": 0.00026003,
      "slowest": 0.012515381
    }
  },
  "statusCodeDistribution": {
    "404": 59294
  },
  "errorDistribution": {
    "aborted due to deadline": 4
  }
}