{
  "summary": {
    "successRate": 1.0,
    "total": 10.002992399,
    "slowest": 0.042922259,
    "fastest": 0.002703844,
    "average": 0.006755484795294933,
    "requestsPerSec": 1182.1462546729663,
    "totalData": 3403296,
    "sizePerRequest": 288,
    "sizePerSec": 340227.79027006234
  },
  "metrics": {
    "success_rate": 1.0,
    "requests_per_sec": 1182.1462546729663,
    "latency_ms": {
      "min": 2.704,
      "mean": 6.755,
      "p50": 6.236,
      "p95": 10.885,
      "p99": 14.996,
      "max": 42.922
    }
  },
  "responseTimeHistogram": {
    "0.002703844": 1,
    "0.0067256855": 7091,
    "0.010747527": 4094,
    "0.0147693685": 504,
    "0.01879121": 83,
    "0.022813051499999997": 19,
    "0.026834893": 12,
    "0.0308567345": 6,
    "0.034878575999999994": 4,
    "0.03890041749999999": 1,
    "0.04292225899999999": 2
  },
  "latencyPercentiles": {
    "p10": 0.004498229,
    "p25": 0.005188978,
    "p50": 0.006235718,
    "p75": 0.007690057,
    "p90": 0.009454699,
    "p95": 0.01088536,
    "p99": 0.014995688,
    "p99.9": 0.026932908,
    "p99.99": 0.041724189
  },
  "firstByteHistogram": {
    "0.002679632": 1,
    "0.0067028781": 7075,
    "0.0107261242": 4111,
    "0.0147493703": 502,
    "0.0187726164": 84,
    "0.0227958625": 19,
    "0.026819108600000002": 12,
    "0.0308423547": 6,
    "0.0348656008": 4,
    "0.0388888469": 1,
    "0.042912093": 2
  },
  "firstBytePercentiles": {
    "p10": 0.004485774,
    "p25": 0.005178474,
    "p50": 0.006222666,
    "p75": 0.007678687,
    "p90": 0.009439706,
    "p95": 0.010874243,
    "p99": 0.014979701,
    "p99.9": 0.026920885,
    "p99.99": 0.04170937
  },
  "rps": {
    "mean": 1180.5789545364225,
    "stddev": 307.5734042690855,
    "max": 1987.0936939845876,
    "min": 87.42808602783809,
    "percentiles": {
      "p10": 800.9181725930569,
      "p25": 993.3704662572126,
      "p50": 1202.0304698696884,
      "p75": 1400.3149074840785,
      "p90": 1568.0887663690592,
      "p95": 1658.3742770395047,
      "p99": 1770.9568391252924,
      "p99.9": 1888.2754091892764,
      "p99.99": 1987.0936939845876
    }
  },
  "details": {
    "DNSDialup": {
      "average": 0.0004968895000000001,
      "fastest": 0.000333165,
      "slowest": 0.000741368
    },
    "DNSLookup": {
      "average": 0.000058183875,
      "fastest": 0.000024041,
      "slowest": 0.000128833
    },
    "firstByte": {
      "average": 0.006741009261910813,
      "fastest": 0.002679632,
      "slowest": 0.042912093
    }
  },
  "statusCodeDistribution": {
    "200": 11817
  },
  "errorDistribution": {
    "aborted due to deadline": 8
  }
}