{
  "summary": {
    "successRate": 1.0,
    "total": 10.002251163,
    "slowest": 0.053432405,
    "fastest": 0.006901352,
    "average": 0.02775739065178485,
    "requestsPerSec": 1154.240161725481,
    "totalData": 3315744,
    "sizePerRequest": 288,
    "sizePerSec": 331499.77399742685
  },
  "metrics": {
    "success_rate": 1.0,
    "requests_per_sec": 1154.240161725481,
    "latency_ms": {
      "min": 6.901,
      "mean": 27.757,
      "p50": 27.052,
      "p95": 37.603,
      "p99": 43.77,
      "max": 53.432
    }
  },
  "responseTimeHistogram": {
    "0.006901352": 1,
    "0.011554457300000001": 3,
    "0.0162075626": 126,
    "0.0208606679": 619,
    "0.0255137732": 3142,
    "0.0301668785": 4601,
    "0.0348199838": 1935,
    "0.0394730891": 704,
    "0.0441261944": 282,
    "0.0487792997": 89,
    "0.053432405": 11
  },
  "latencyPercentiles": {
    "p10": 0.022101395,
    "p25": 0.024552308,
    "p50": 0.027052026,
    "p75": 0.03039257,
    "p90": 0.03457077,
    "p95": 0.037602691,
    "p99": 0.043769863,
    "p99.9": 0.048604042,
    "p99.99": 0.052474294
  },
  "firstByteHistogram": {
    "0.006891695": 1,
    "0.0115450925": 3,
    "0.016198490000000003": 127,
    "0.020851887500000003": 619,
    "0.025505285000000003": 3146,
    "0.030158682500000002": 4598,
    "0.03481208000000001": 1933,
    "0.0394654775": 705,
    "0.044118875": 283,
    "0.048772272500000005": 87,
    "0.05342567000000001": 11
  },
  "firstBytePercentiles": {
    "p10": 0.022084224,
    "p25": 0.024541434,
    "p50": 0.027037976,
    "p75": 0.03038134,
    "p90": 0.034565689,
    "p95": 0.037593814,
    "p99": 0.043758691,
    "p99.9": 0.048591963,
    "p99.99": 0.052469465
  },
  "rps": {
    "mean": 1153.5855876491974,
    "stddev": 466.212677666418,
    "max": 6425.867974107655,
    "min": 80.55807411423385,
    "percentiles": {
      "p10": 627.4253912781165,
      "p25": 828.2829642383823,
      "p50": 1107.0206140320995,
      "p75": 1419.3684618293494,
      "p90": 1780.7950265118773,
      "p95": 1947.9244053824516,
      "p99": 2304.0063146035964,
      "p99.9": 2689.4903993933563,
      "p99.99": 6425.867974107655
    }
  },
  "details": {
    "DNSDialup": {
      "average": 0.0016839778125,
      "fastest": 0.000489646,
      "slowest": 0.002870507
    },
    "DNSLookup": {
      "average": 0.000030650375,
      "fastest": 0.000013784,
      "slowest": 0.000103522
    },
    "firstByte": {
      "average": 0.027743058540171915,
      "fastest": 0.006891695,
      "slowest": 0.05342567
    }
  },
  "statusCodeDistribution": {
    "200": 11513
  },
  "errorDistribution": {
    "aborted due to deadline": 32
  }
}