
running 26 tests
test tests::cancellation_mid_pipeline_reports_cancelled ... ok
test tests::classify_routes_the_session_fates ... ok
test tests::delivery_advisory_stream_drift_pins_the_subject_cap ... ok
test tests::event_broker_credentials_refuse_partial_invalid_and_unreadable_inputs ... ok
test tests::excluded_relation_skip_is_counted_by_package_relation_identity ... ok
test tests::in_flight_bound_drains_mid_transaction ... ok
test tests::in_flight_bound_is_pinned_under_the_client_semaphore ... ok
test tests::ladder_open_then_err_flap_terminates_within_the_cap ... ok
test tests::ladder_productivity_resets_the_streak ... ok
test tests::ladder_rate_cap_catches_a_slow_productive_flap ... ok
test tests::parse_causation_accepts_only_the_transactional_wamn_contract ... ok
test tests::pipeline_settles_every_ack_in_publish_order ... ok
test tests::pipelined_publish_lands_in_order_and_dedupes_live ... ok
test tests::relation_classification_lookup_is_by_oid_in_the_event_schema ... ok
test tests::resolved_relation_classification_is_cached_as_one_closed_identity ... ok
test tests::retry_restarts_from_the_first_unacked_row ... ok
test tests::row_map_keeps_null_and_absence_distinct ... ok
test tests::row_to_map_passes_clean_utf8_through_unchanged ... ok
test tests::row_to_map_refuses_non_utf8_rather_than_corrupting ... ok
test tests::slot_health_maps_wal_status_and_the_safe_wal_floor ... ok
test tests::stall_level_escalates_at_the_threshold ... ok
test tests::stream_config_drift_flags_replicas_dup_window_and_storage ... ok
test tests::the_registration_read_accepts_its_own_generation_and_then_connects ... ok
test tests::the_registration_read_refuses_the_wide_system_owner_before_connecting ... ok
test tests::unmapped_managed_relation_refusal_is_fatal_and_names_its_remedy ... ok
test tests::walsender_url_appends_replication_database ... ok

test result: ok. 26 passed; 0 failed; 0 ignored; 0 measured; 0 filtered out; finished in 0.02s

