   Compiling wasmtime-internal-core v47.0.4
   Compiling pulley-macros v47.0.4
   Compiling cranelift-isle v0.134.4
   Compiling wasmtime-internal-versioned-export-macros v47.0.4
   Compiling wasmtime-internal-component-util v47.0.4
   Compiling wasmtime-internal-unwinder v47.0.4
   Compiling wasmtime-internal-fiber v47.0.4
   Compiling cranelift-bitset v0.134.4
   Compiling wasmtime-internal-cache v47.0.4
   Compiling wasmtime-internal-component-macro v47.0.4
   Compiling wasmtime-internal-cranelift v47.0.4
   Compiling pulley-interpreter v47.0.4
   Compiling cranelift-entity v0.134.4
   Compiling cranelift-bforest v0.134.4
   Compiling wasmtime-environ v47.0.4
   Compiling wasmtime-internal-wit-bindgen v47.0.4
   Compiling cranelift-codegen-meta v0.134.4
   Compiling wasmtime v47.0.4
   Compiling cranelift-codegen v0.134.4
   Compiling wasmtime-internal-jit-icache-coherence v47.0.4
   Compiling wiggle-macro v47.0.4
   Compiling wiggle-generate v47.0.4
warning: function `canonical_serialized` is never used
   --> /home/kaalin/.cache/wamn-lanes/ctc8-13-native-http-20260907/crates/catalog/model/src/lib.rs:791:4
    |
791 | fn canonical_serialized(value: &impl Serialize) -> Vec<u8> {
    |    ^^^^^^^^^^^^^^^^^^^^
    |
    = note: `#[warn(dead_code)]` (part of `#[warn(unused)]`) on by default

warning: `wamn-catalog` (lib) generated 1 warning
   Compiling cranelift-native v0.134.4
   Compiling cranelift-frontend v0.134.4
   Compiling wasmtime-wasi-io v47.0.4
   Compiling wiggle v47.0.4
   Compiling wasmtime-wasi v47.0.4
   Compiling wasmtime-wasi-http v47.0.4
   Compiling wash-runtime v2.8.0 (https://github.com/dkkloimwieder/wasmCloud?rev=735b57982545358409a7d965a22549b08487ca09#735b5798)
   Compiling wamn-runtime v0.1.0 (/home/kaalin/.cache/wamn-lanes/ctc8-13-native-http-20260907/crates/platform/runtime)
warning: the item `Future` is imported redundantly
 --> /home/kaalin/.cache/wamn-lanes/ctc8-13-native-http-20260907/crates/platform/runtime/src/connection_authority.rs:3:5
  |
3 | use std::future::Future;
  |     ^^^^^^^^^^^^^^^^^^^
  |
 --> /rustc/88d9e12ae178fab0fb5cc050a94da85685d449ea/library/std/src/prelude/mod.rs:166:12
  |
  = note: the item `Future` is already defined here
  |
  = note: requested on the command line with `-W redundant-imports`

warning: the item `Future` is imported redundantly
 --> /home/kaalin/.cache/wamn-lanes/ctc8-13-native-http-20260907/crates/platform/runtime/src/plugins/wamn_postgres/pool.rs:7:5
  |
7 | use std::future::Future;
  |     ^^^^^^^^^^^^^^^^^^^
  |
 --> /rustc/88d9e12ae178fab0fb5cc050a94da85685d449ea/library/std/src/prelude/mod.rs:166:12
  |
  = note: the item `Future` is already defined here

warning: constant `HTTP_CONTRACT` is never used
  --> /home/kaalin/.cache/wamn-lanes/ctc8-13-native-http-20260907/crates/platform/runtime/src/plugins/connection_http.rs:51:7
   |
51 | const HTTP_CONTRACT: &str = "wamn:connection/http@0.1.0";
   |       ^^^^^^^^^^^^^
   |
   = note: `#[warn(dead_code)]` (part of `#[warn(unused)]`) on by default

warning: type does not implement `std::fmt::Debug`; consider adding `#[derive(Debug)]` or a manual implementation
   --> /home/kaalin/.cache/wamn-lanes/ctc8-13-native-http-20260907/crates/platform/runtime/src/plugins/connection_http.rs:111:1
    |
111 | / pub struct ConnectionHttp {
112 | |     postgres: Arc<WamnPostgres>,
113 | |     vault: Arc<WamnCredentials>,
114 | |     tenant: Box<str>,
...   |
130 | |     invocations: std::sync::RwLock<HashMap<String, ConnectionInvocation>>,
131 | | }
    | |_^
    |
    = note: requested on the command line with `-W missing-debug-implementations`

warning: type does not implement `std::fmt::Debug`; consider adding `#[derive(Debug)]` or a manual implementation
  --> /home/kaalin/.cache/wamn-lanes/ctc8-13-native-http-20260907/crates/platform/runtime/src/plugins/wamn_credentials.rs:27:1
   |
27 | / pub struct WamnCredentials {
28 | |     /// Whether ANY backing source was configured. Distinguishes `unavailable`
29 | |     /// (no source — retryable) from `not-found` (source present, name absent —
30 | |     /// config-shaped).
...  |
33 | |     projects: HashMap<String, HashMap<String, String>>,
34 | | }
   | |_^

warning: type does not implement `std::fmt::Debug`; consider adding `#[derive(Debug)]` or a manual implementation
   --> /home/kaalin/.cache/wamn-lanes/ctc8-13-native-http-20260907/crates/platform/runtime/src/plugins/wamn_jetstream.rs:544:1
    |
544 | / pub struct WamnJetstream {
545 | |     nats_url: Option<String>,
546 | |     /// Lazily-connected, memoized JetStream context. A `Mutex<Option<_>>` (not a
547 | |     /// `OnceCell`) so a transient connect failure is retried on the next call
...   |
569 | |     dlq_depth: Arc<DeadLetterDepth>,
570 | | }
    | |_^

warning: type does not implement `std::fmt::Debug`; consider adding `#[derive(Debug)]` or a manual implementation
    --> /home/kaalin/.cache/wamn-lanes/ctc8-13-native-http-20260907/crates/platform/runtime/src/plugins/wamn_jetstream.rs:1209:1
     |
1209 | / pub struct JsConsumer {
1210 | |     consumer: Consumer<PullConfig>,
1211 | |     dead_letter: Option<DeadLetterIdentity>,
1212 | | }
     | |_^

warning: type does not implement `std::fmt::Debug`; consider adding `#[derive(Debug)]` or a manual implementation
    --> /home/kaalin/.cache/wamn-lanes/ctc8-13-native-http-20260907/crates/platform/runtime/src/plugins/wamn_jetstream.rs:1216:1
     |
1216 | / pub struct JsMessage {
1217 | |     msg: async_nats::jetstream::Message,
1218 | |     dead_letter: Option<DeadLetterIdentity>,
1219 | | }
     | |_^

warning: type does not implement `std::fmt::Debug`; consider adding `#[derive(Debug)]` or a manual implementation
   --> /home/kaalin/.cache/wamn-lanes/ctc8-13-native-http-20260907/crates/platform/runtime/src/plugins/wamn_logging.rs:213:1
    |
213 | / pub struct Capture {
214 | |     records: std::sync::Mutex<Vec<CapturedRec>>,
215 | | }
    | |_^

warning: type does not implement `std::fmt::Debug`; consider adding `#[derive(Debug)]` or a manual implementation
   --> /home/kaalin/.cache/wamn-lanes/ctc8-13-native-http-20260907/crates/platform/runtime/src/plugins/wamn_logging.rs:235:1
    |
235 | / pub struct WamnLogging {
236 | |     /// component id → host-trusted {tenant, project}.
237 | |     claims: std::sync::RwLock<HashMap<String, Claim>>,
238 | |     /// Bounded front queue; `try_send` keeps `log()` non-blocking.
...   |
243 | |     _drain: tokio::task::JoinHandle<()>,
244 | | }
    | |_^

warning: type does not implement `std::fmt::Debug`; consider adding `#[derive(Debug)]` or a manual implementation
   --> /home/kaalin/.cache/wamn-lanes/ctc8-13-native-http-20260907/crates/platform/runtime/src/plugins/wamn_postgres/claims.rs:50:1
    |
 50 | / pub struct WamnPostgres {
 51 | |     /// Resolves a project id → its database connection + policy.
 52 | |     provider: Arc<dyn CredentialProvider>,
 53 | |     /// Guest-visible project pools, built lazily and never shared with host-owned
...   |
116 | |     pub(super) bind_counters: super::BindCounters,
117 | | }
    | |_^

warning: type does not implement `std::fmt::Debug`; consider adding `#[derive(Debug)]` or a manual implementation
   --> /home/kaalin/.cache/wamn-lanes/ctc8-13-native-http-20260907/crates/platform/runtime/src/plugins/wamn_postgres/pool.rs:339:1
    |
339 | / pub struct StaticCredentialProvider {
340 | |     projects: HashMap<String, ProjectConfig>,
341 | | }
    | |_^

warning: type does not implement `std::fmt::Debug`; consider adding `#[derive(Debug)]` or a manual implementation
   --> /home/kaalin/.cache/wamn-lanes/ctc8-13-native-http-20260907/crates/platform/runtime/src/plugins/wamn_postgres/pool.rs:514:1
    |
514 | / pub struct K8sSecretProvider {
515 | |     pub namespace: String,
516 | | }
    | |_^

warning: type does not implement `std::fmt::Debug`; consider adding `#[derive(Debug)]` or a manual implementation
   --> /home/kaalin/.cache/wamn-lanes/ctc8-13-native-http-20260907/crates/platform/runtime/src/plugins/wamn_postgres/resources.rs:99:1
    |
 99 | / pub struct PgTransaction {
100 | |     state: SharedTxnState,
101 | |     destroyed: Arc<AtomicU64>,
102 | |     cursor_seq: u32,
103 | |     /// Row limit of the project this transaction's connection belongs to.
104 | |     row_limit: u64,
105 | | }
    | |_^

warning: type does not implement `std::fmt::Debug`; consider adding `#[derive(Debug)]` or a manual implementation
   --> /home/kaalin/.cache/wamn-lanes/ctc8-13-native-http-20260907/crates/platform/runtime/src/plugins/wamn_postgres/resources.rs:145:1
    |
145 | / pub struct PgCursor {
146 | |     state: SharedTxnState,
147 | |     destroyed: Arc<AtomicU64>,
148 | |     name: String,
149 | | }
    | |_^

warning: type does not implement `std::fmt::Debug`; consider adding `#[derive(Debug)]` or a manual implementation
   --> /home/kaalin/.cache/wamn-lanes/ctc8-13-native-http-20260907/crates/platform/runtime/src/wiring_doorbell.rs:145:1
    |
145 | / pub struct WiringDoorbellListener {
146 | |     shutdown: tokio::sync::watch::Sender<bool>,
147 | |     task: tokio::task::JoinHandle<()>,
148 | | }
    | |_^

warning: `wamn-runtime` (lib) generated 16 warnings
   Compiling ctc8-13-native-http v0.0.0 (/home/kaalin/.cache/wamn-lanes/ctc8-13-native-http-20260907/tools/probes/ctc8-13-native-http)
    Finished `dev` profile [unoptimized + debuginfo] target(s) in 2m 16s
