2026-09-11T20:08:13.036937Z  INFO native descriptor limits initialized descriptor_soft_limit=Some(2147483584) default_max_connections=32768 default_max_http_ingress_connections=32768
2026-09-11T20:08:13.189816Z  INFO connected to NATS
2026-09-11T20:08:13.190191Z  INFO host memory resolved max_guest_memory=4GiB guest_memory_mode="count" default_heap_memory=256MiB core_instances=512 memories=512 pool_reservation=128GiB
2026-09-11T20:08:15.163979Z  INFO synchronous release preload completed synchronous_wirings=13 component_digests=2 elapsed_ms=1941
2026-09-11T20:08:15.164233Z  INFO release preload completed; component cache warm
2026-09-11T20:08:15.201411Z  INFO wamn-host starting (base plugins: wasi:config, wamn:logging, wasi:otel, wamn:postgres, wamn:jetstream, wamn:flow-http-routing) router_delivery=true
2026-09-11T20:08:15.201807Z  INFO wamn-host welded to its release effective_release_id=1 manifest_digest=sha256:52feceaa7255c21a354995ea59ad6056edef22c929467fe4adad2c90c4cf5bb3
2026-09-11T20:08:15.202138Z  INFO probe server listening addr=0.0.0.0:8081
2026-09-11T20:08:15.202315Z  INFO HTTP server listening addr=0.0.0.0:80 protocol="HTTP"
2026-09-11T20:08:15.202436Z  INFO Starting WASI OTel plugin endpoint=http://otel-collector.wamn-system.svc.cluster.local:4317 protocol="grpc"
2026-09-11T20:08:15.203569Z  INFO WASI OTel plugin started
2026-09-11T20:08:15.203850Z  INFO Host started host_id="84b963be-da94-4c2f-a712-098247650e10" friendly_name="marvelous-division-8373" host_name="10.244.2.5" labels={"hostgroup": "default"} version="2.9.0" max_concurrent_starts=4
2026-09-11T20:08:15.204183Z  INFO Host provides interfaces count=11 interfaces=["wasi:cli/terminal-stderr,exit,terminal-stdin,terminal-input,environment,stdin,stderr,terminal-stdout,terminal-output,stdout@0.2.0", "wasi:clocks/wall-clock,monotonic-clock@0.2.0", "wasi:clocks/monotonic-clock,wall-time@0.2.0", "wasi:filesystem/preopens,types@0.2.0", "wasi:http/incoming-handler,outgoing-handler,types@0.2.0", "wasi:http/types,handler@0.3.0", "wasi:io/error,poll,streams@0.2.0", "wasi:random/random@0.2.0", "wasi:random/insecure-seed,insecure,random@0.2.0", "wasi:sockets/udp,network,tcp,tcp-create-socket,ip-name-lookup,udp-create-socket,instance-network@0.2.0", "wasmcloud:nats/core-handler,kv-handler,jetstream-handler@0.1.0"]
2026-09-11T20:08:15.204407Z  INFO wamn-host runtime startup completed elapsed_ms=2167 cleanup_budget_secs=57
2026-09-11T20:08:25.796198Z  INFO workload_start{workload_id=49e62fe9-f46e-4207-aeea-922b65144628 workload.name="receiving-materializer-6dc5b5998b-54fb88fc57" workload.namespace="wamn-receiving-f88928c32e044d419e79727f885365ac"}: Starting workload workload_id="49e62fe9-f46e-4207-aeea-922b65144628" namespace="wamn-receiving-f88928c32e044d419e79727f885365ac" name="receiving-materializer-6dc5b5998b-54fb88fc57"
2026-09-11T20:08:26.174747Z  INFO workload_start{workload_id=49e62fe9-f46e-4207-aeea-922b65144628 workload.name="receiving-materializer-6dc5b5998b-54fb88fc57" workload.namespace="wamn-receiving-f88928c32e044d419e79727f885365ac"}:workload_start_reserved:resolve_workload{workload.id="49e62fe9-f46e-4207-aeea-922b65144628" workload.name="receiving-materializer-6dc5b5998b-54fb88fc57" workload.namespace="wamn-receiving-f88928c32e044d419e79727f885365ac"}:bind_plugins:plugin_on_workload_bind{plugin_id="wasmcloud-nats"}: opened NATS connection workload_id="49e62fe9-f46e-4207-aeea-922b65144628" binding="events" servers="nats://172.28.0.10:4222" auth="user-password" server_version="2.10.29"
wamn::materializer up: stream=EVT_4_acme_9_receiving_3_dev filter=evt.acme.receiving.dev.*.* tenant=receiving-route-auth batch=64 fetch_ms=500 max_deliver=5 max_sweeps=0
2026-09-11T20:08:26.189334Z ERROR service execution failed err=error while executing at wasm backtrace:
    0:  0x83714 - <unknown>!<wasm function 7>
    1:  0x1c51f - <unknown>!<wasm function 332>
    2:   0xd338 - <unknown>!<wasm function 129>
    3:   0x64e1 - <unknown>!<wasm function 74>
    4:  0x15706 - <unknown>!<wasm function 203>
    5:  0x18aec - <unknown>!<wasm function 272>
    6:  0x61734 - <unknown>!<wasm function 1168>
    7:   0x9560 - <unknown>!<wasm function 85>
    8:   0x3094 - <unknown>!<wasm function 53> retries=5
2026-09-11T20:08:26.189365Z ERROR service execution failed err=wasm trap: cannot enter component instance retries=4
2026-09-11T20:08:26.189372Z ERROR service execution failed err=wasm trap: cannot enter component instance retries=3
2026-09-11T20:08:26.189376Z ERROR service execution failed err=wasm trap: cannot enter component instance retries=2
2026-09-11T20:08:26.189380Z ERROR service execution failed err=wasm trap: cannot enter component instance retries=1
2026-09-11T20:08:26.189383Z ERROR service execution failed err=wasm trap: cannot enter component instance retries=0
2026-09-11T20:08:26.189393Z  WARN max restarts reached, service will not be restarted
2026-09-11T20:08:26.215215Z  INFO workload_stop{workload_id=49e62fe9-f46e-4207-aeea-922b65144628}: Stopping workload workload_id="49e62fe9-f46e-4207-aeea-922b65144628"
