   Compiling serde_json v1.0.151
   Compiling tokio-util v0.7.19
   Compiling semver v1.0.28
   Compiling icu_normalizer v2.3.0
   Compiling gimli v0.33.0
   Compiling idna_adapter v1.2.2
   Compiling idna v1.1.0
   Compiling h2 v0.4.19
   Compiling wasmparser v0.252.0
   Compiling url v2.5.8
   Compiling tower v0.5.3
   Compiling wasm-encoder v0.252.0
   Compiling hyper v1.11.0
   Compiling cranelift-codegen v0.134.4
   Compiling hyper-util v0.1.20
   Compiling wit-parser v0.252.0
   Compiling postgres-types v0.2.14
   Compiling wasmprinter v0.252.0
   Compiling toml v0.9.12+spec-1.1.0
   Compiling schemars v0.8.22
   Compiling wasmtime-environ v47.0.4
   Compiling tokio-postgres v0.7.18
   Compiling wasmtime-internal-wit-bindgen v47.0.4
   Compiling tokio-stream v0.1.19
   Compiling wasmtime-internal-component-macro v47.0.4
   Compiling wamn-event-wire v0.1.0 (/home/kaalin/.cache/wamn-lanes/ctc8-auth-integration-20260908/components/events/wire)
   Compiling wasmparser v0.253.0
   Compiling axum v0.8.9
   Compiling wasmtime-internal-fiber v47.0.4
   Compiling wasmtime-internal-cache v47.0.4
   Compiling wiggle-generate v47.0.4
   Compiling wamn-execution-contract v0.1.0 (/home/kaalin/.cache/wamn-lanes/ctc8-auth-integration-20260908/components/execution/contract)
   Compiling hyper-rustls v0.27.9
   Compiling hyper-timeout v0.5.2
   Compiling tower-http v0.6.11
   Compiling prost v0.14.4
   Compiling wasmparser v0.254.0
   Compiling boon v0.6.1
   Compiling reqwest v0.13.4
   Compiling tonic v0.14.6
   Compiling wiggle-macro v47.0.4
   Compiling wasm-encoder v0.253.0
   Compiling cranelift-frontend v0.134.4
   Compiling wasmtime-internal-unwinder v47.0.4
   Compiling cranelift-native v0.134.4
   Compiling oci-spec v0.9.0
   Compiling wasmtime-internal-cranelift v47.0.4
   Compiling tonic-prost v0.14.6
   Compiling jsonwebtoken v10.4.0
   Compiling wasm-encoder v0.254.0
   Compiling wamn-catalog v0.1.0 (/home/kaalin/.cache/wamn-lanes/ctc8-auth-integration-20260908/crates/catalog/model)
   Compiling tracing-subscriber v0.3.23
warning: function `canonical_serialized` is never used
   --> crates/catalog/model/src/lib.rs:791:4
    |
791 | fn canonical_serialized(value: &impl Serialize) -> Vec<u8> {
    |    ^^^^^^^^^^^^^^^^^^^^
    |
    = note: `#[warn(dead_code)]` (part of `#[warn(unused)]`) on by default

warning: `wamn-catalog` (lib) generated 1 warning
   Compiling opentelemetry_sdk v0.31.0
   Compiling wasm-metadata v0.253.0
   Compiling wasmtime v47.0.4
   Compiling wit-parser v0.253.0
   Compiling olpc-cjson v0.1.4
   Compiling unicode-truncate v2.0.1
   Compiling oci-client v0.17.0
   Compiling opentelemetry-proto v0.31.0
   Compiling jmespath v0.3.0
   Compiling wasm-metadata v0.254.0
   Compiling wit-parser v0.254.0
   Compiling wamn-control-registry v0.1.0 (/home/kaalin/.cache/wamn-lanes/ctc8-auth-integration-20260908/crates/control/registry)
   Compiling wit-component v0.253.0
   Compiling combine v4.6.8
   Compiling kasuari v0.4.12
   Compiling async-nats v0.49.1
   Compiling ratatui-core v0.1.2
   Compiling redis v0.27.6
   Compiling pbjson-types v0.8.0
   Compiling wit-component v0.254.0
   Compiling wasmtime-wasi-io v47.0.4
   Compiling wiggle v47.0.4
   Compiling oci-wasm v0.6.0
   Compiling opentelemetry-otlp v0.31.1
   Compiling wamn-run-state v0.1.0 (/home/kaalin/.cache/wamn-lanes/ctc8-auth-integration-20260908/crates/execution/run-state)
   Compiling opentelemetry-appender-tracing v0.31.1
   Compiling wasmtime-wasi v47.0.4
   Compiling tracing-opentelemetry v0.32.1
   Compiling wamn-schema-introspection v0.1.0 (/home/kaalin/.cache/wamn-lanes/ctc8-auth-integration-20260908/crates/schema/introspection)
   Compiling docker_credential v1.4.0
   Compiling object_store v0.14.1
   Compiling wamn-schema-generator v0.1.0 (/home/kaalin/.cache/wamn-lanes/ctc8-auth-integration-20260908/crates/schema/generator)
   Compiling deadpool-postgres v0.14.2
   Compiling wamn-router v0.1.0 (/home/kaalin/.cache/wamn-lanes/ctc8-auth-integration-20260908/crates/execution/router)
   Compiling wamn-platform-identity v0.1.0 (/home/kaalin/.cache/wamn-lanes/ctc8-auth-integration-20260908/crates/identity/platform)
   Compiling clap_builder v4.6.6
   Compiling ratatui-widgets v0.3.2
   Compiling wamn-event-reg v0.1.0 (/home/kaalin/.cache/wamn-lanes/ctc8-auth-integration-20260908/components/events/registration)
   Compiling ratatui-crossterm v0.1.2
   Compiling clap v4.6.6
   Compiling ratatui v0.30.2
   Compiling wamn-schema-control v0.1.0 (/home/kaalin/.cache/wamn-lanes/ctc8-auth-integration-20260908/crates/schema/control)
   Compiling wamn-control-provision v0.1.0 (/home/kaalin/.cache/wamn-lanes/ctc8-auth-integration-20260908/crates/control/provision)
   Compiling wamn-authoring-model v0.1.0 (/home/kaalin/.cache/wamn-lanes/ctc8-auth-integration-20260908/crates/authoring/model)
   Compiling wamn-client-terminal v0.1.0 (/home/kaalin/.cache/wamn-lanes/ctc8-auth-integration-20260908/crates/client/terminal)
   Compiling pg_walstream v0.8.0 (https://github.com/dkkloimwieder/pg-walstream?rev=0b007cd627bb913d4b159c705a106b6d4152c91a#0b007cd6)
   Compiling wamn-gate-harness v0.1.0 (/home/kaalin/.cache/wamn-lanes/ctc8-auth-integration-20260908/test-support/harness)
warning: type does not implement `std::fmt::Debug`; consider adding `#[derive(Debug)]` or a manual implementation
  --> test-support/harness/src/ceiling.rs:72:1
   |
72 | / pub struct Ramp {
73 | |     tolerance: f64,
74 | |     max_levels: usize,
75 | |     levels: Vec<LevelStats>,
...  |
82 | |     retrying: bool,
83 | | }
   | |_^
   |
   = note: requested on the command line with `-W missing-debug-implementations`

warning: `wamn-gate-harness` (lib) generated 1 warning
   Compiling wasmtime-wasi-http v47.0.4
   Compiling wash-runtime v2.8.0 (https://github.com/dkkloimwieder/wasmCloud?rev=735b57982545358409a7d965a22549b08487ca09#735b5798)
   Compiling wamn-runtime v0.1.0 (/home/kaalin/.cache/wamn-lanes/ctc8-auth-integration-20260908/crates/platform/runtime)
warning: the item `Future` is imported redundantly
 --> crates/platform/runtime/src/connection_authority.rs:3:5
  |
3 | use std::future::Future;
  |     ^^^^^^^^^^^^^^^^^^^
  |
 --> /rustc/88d9e12ae178fab0fb5cc050a94da85685d449ea/library/std/src/prelude/mod.rs:166:12
  |
  = note: the item `Future` is already defined here
  |
  = note: requested on the command line with `-W redundant-imports`

warning: the item `Future` is imported redundantly
 --> crates/platform/runtime/src/plugins/wamn_postgres/pool.rs:7:5
  |
7 | use std::future::Future;
  |     ^^^^^^^^^^^^^^^^^^^
  |
 --> /rustc/88d9e12ae178fab0fb5cc050a94da85685d449ea/library/std/src/prelude/mod.rs:166:12
  |
  = note: the item `Future` is already defined here

warning: constant `HTTP_CONTRACT` is never used
  --> crates/platform/runtime/src/plugins/connection_http.rs:51:7
   |
51 | const HTTP_CONTRACT: &str = "wamn:connection/http@0.1.0";
   |       ^^^^^^^^^^^^^
   |
   = note: `#[warn(dead_code)]` (part of `#[warn(unused)]`) on by default

warning: type does not implement `std::fmt::Debug`; consider adding `#[derive(Debug)]` or a manual implementation
   --> crates/platform/runtime/src/plugins/connection_http.rs:111:1
    |
111 | / pub struct ConnectionHttp {
112 | |     postgres: Arc<WamnPostgres>,
113 | |     vault: Arc<WamnCredentials>,
114 | |     tenant: Box<str>,
...   |
130 | |     invocations: std::sync::RwLock<HashMap<String, ConnectionInvocation>>,
131 | | }
    | |_^
    |
    = note: requested on the command line with `-W missing-debug-implementations`

warning: type does not implement `std::fmt::Debug`; consider adding `#[derive(Debug)]` or a manual implementation
  --> crates/platform/runtime/src/plugins/wamn_credentials.rs:27:1
   |
27 | / pub struct WamnCredentials {
28 | |     /// Whether ANY backing source was configured. Distinguishes `unavailable`
29 | |     /// (no source — retryable) from `not-found` (source present, name absent —
30 | |     /// config-shaped).
...  |
33 | |     projects: HashMap<String, HashMap<String, String>>,
34 | | }
   | |_^

warning: type does not implement `std::fmt::Debug`; consider adding `#[derive(Debug)]` or a manual implementation
   --> crates/platform/runtime/src/plugins/wamn_jetstream.rs:544:1
    |
544 | / pub struct WamnJetstream {
545 | |     nats_url: Option<String>,
546 | |     /// Lazily-connected, memoized JetStream context. A `Mutex<Option<_>>` (not a
547 | |     /// `OnceCell`) so a transient connect failure is retried on the next call
...   |
569 | |     dlq_depth: Arc<DeadLetterDepth>,
570 | | }
    | |_^

warning: type does not implement `std::fmt::Debug`; consider adding `#[derive(Debug)]` or a manual implementation
    --> crates/platform/runtime/src/plugins/wamn_jetstream.rs:1209:1
     |
1209 | / pub struct JsConsumer {
1210 | |     consumer: Consumer<PullConfig>,
1211 | |     dead_letter: Option<DeadLetterIdentity>,
1212 | | }
     | |_^

warning: type does not implement `std::fmt::Debug`; consider adding `#[derive(Debug)]` or a manual implementation
    --> crates/platform/runtime/src/plugins/wamn_jetstream.rs:1216:1
     |
1216 | / pub struct JsMessage {
1217 | |     msg: async_nats::jetstream::Message,
1218 | |     dead_letter: Option<DeadLetterIdentity>,
1219 | | }
     | |_^

warning: type does not implement `std::fmt::Debug`; consider adding `#[derive(Debug)]` or a manual implementation
   --> crates/platform/runtime/src/plugins/wamn_logging.rs:213:1
    |
213 | / pub struct Capture {
214 | |     records: std::sync::Mutex<Vec<CapturedRec>>,
215 | | }
    | |_^

warning: type does not implement `std::fmt::Debug`; consider adding `#[derive(Debug)]` or a manual implementation
   --> crates/platform/runtime/src/plugins/wamn_logging.rs:235:1
    |
235 | / pub struct WamnLogging {
236 | |     /// component id → host-trusted {tenant, project}.
237 | |     claims: std::sync::RwLock<HashMap<String, Claim>>,
238 | |     /// Bounded front queue; `try_send` keeps `log()` non-blocking.
...   |
243 | |     _drain: tokio::task::JoinHandle<()>,
244 | | }
    | |_^

warning: type does not implement `std::fmt::Debug`; consider adding `#[derive(Debug)]` or a manual implementation
   --> crates/platform/runtime/src/plugins/wamn_postgres/claims.rs:50:1
    |
 50 | / pub struct WamnPostgres {
 51 | |     /// Resolves a project id → its database connection + policy.
 52 | |     provider: Arc<dyn CredentialProvider>,
 53 | |     /// Guest-visible project pools, built lazily and never shared with host-owned
...   |
116 | |     pub(super) bind_counters: super::BindCounters,
117 | | }
    | |_^

warning: type does not implement `std::fmt::Debug`; consider adding `#[derive(Debug)]` or a manual implementation
   --> crates/platform/runtime/src/plugins/wamn_postgres/pool.rs:339:1
    |
339 | / pub struct StaticCredentialProvider {
340 | |     projects: HashMap<String, ProjectConfig>,
341 | | }
    | |_^

warning: type does not implement `std::fmt::Debug`; consider adding `#[derive(Debug)]` or a manual implementation
   --> crates/platform/runtime/src/plugins/wamn_postgres/pool.rs:514:1
    |
514 | / pub struct K8sSecretProvider {
515 | |     pub namespace: String,
516 | | }
    | |_^

warning: type does not implement `std::fmt::Debug`; consider adding `#[derive(Debug)]` or a manual implementation
   --> crates/platform/runtime/src/plugins/wamn_postgres/resources.rs:99:1
    |
 99 | / pub struct PgTransaction {
100 | |     state: SharedTxnState,
101 | |     destroyed: Arc<AtomicU64>,
102 | |     cursor_seq: u32,
103 | |     /// Row limit of the project this transaction's connection belongs to.
104 | |     row_limit: u64,
105 | | }
    | |_^

warning: type does not implement `std::fmt::Debug`; consider adding `#[derive(Debug)]` or a manual implementation
   --> crates/platform/runtime/src/plugins/wamn_postgres/resources.rs:145:1
    |
145 | / pub struct PgCursor {
146 | |     state: SharedTxnState,
147 | |     destroyed: Arc<AtomicU64>,
148 | |     name: String,
149 | | }
    | |_^

warning: type does not implement `std::fmt::Debug`; consider adding `#[derive(Debug)]` or a manual implementation
   --> crates/platform/runtime/src/wiring_doorbell.rs:145:1
    |
145 | / pub struct WiringDoorbellListener {
146 | |     shutdown: tokio::sync::watch::Sender<bool>,
147 | |     task: tokio::task::JoinHandle<()>,
148 | | }
    | |_^

   Compiling wamn-execution-host v0.1.0 (/home/kaalin/.cache/wamn-lanes/ctc8-auth-integration-20260908/crates/execution/host)
   Compiling wamn-ctl v0.1.0 (/home/kaalin/.cache/wamn-lanes/ctc8-auth-integration-20260908/services/ctl)
   Compiling wamn-scenario-worker v0.1.0 (/home/kaalin/.cache/wamn-lanes/ctc8-auth-integration-20260908/services/scenario-worker)
warning: type does not implement `std::fmt::Debug`; consider adding `#[derive(Debug)]` or a manual implementation
   --> services/scenario-worker/src/authoring.rs:218:1
    |
218 | / pub struct InternalAuthoringBackend {
219 | |     authority: InternalDevAdmin,
220 | |     client: Client,
221 | |     connection_task: tokio::task::JoinHandle<()>,
222 | |     tenant_id: Box<str>,
223 | |     source_schema: BareSchemaName,
224 | | }
    | |_^
    |
    = note: requested on the command line with `-W missing-debug-implementations`

warning: type does not implement `std::fmt::Debug`; consider adding `#[derive(Debug)]` or a manual implementation
   --> services/scenario-worker/src/store/admission.rs:316:1
    |
316 | / pub struct AdmissionSurface {
317 | |     /// The explicit credential and exact server-side predicates are retained so
318 | |     /// every replacement physical connection is checked identically.
319 | |     probe: CredentialExactnessProbe,
...   |
322 | |     tenant_id: Box<str>,
323 | | }
    | |_^

warning: `wamn-scenario-worker` (lib) generated 2 warnings
warning: `wamn-runtime` (lib) generated 16 warnings
warning: function `run_once_stages` is never used
   --> services/ctl/src/dev.rs:541:10
    |
541 | async fn run_once_stages<R>(
    |          ^^^^^^^^^^^^^^^
    |
    = note: `#[warn(dead_code)]` (part of `#[warn(unused)]`) on by default

warning: function `verify_source_package_with_client` is never used
    --> services/ctl/src/push_component.rs:1228:10
     |
1228 | async fn verify_source_package_with_client(
     |          ^^^^^^^^^^^^^^^^^^^^^^^^^^^^^^^^^

warning: `wamn-ctl` (lib) generated 2 warnings
   Compiling wamn-proof-integration v0.1.0 (/home/kaalin/.cache/wamn-lanes/ctc8-auth-integration-20260908/tests/integration)
warning: function `models` is never used
  --> tests/integration/src/measurement_schema.rs:25:8
   |
25 | pub fn models(schema: &str) -> Vec<ManagedModel> {
   |        ^^^^^^
   |
   = note: `#[warn(dead_code)]` (part of `#[warn(unused)]`) on by default

warning: type does not implement `std::fmt::Debug`; consider adding `#[derive(Debug)]` or a manual implementation
   --> tests/integration/src/trusted_http_route.rs:104:1
    |
104 | / pub struct TrustedHttpRoute {
105 | |     pub driver: Arc<RouterDriver>,
106 | |     /// The same welded release the driver authorizes. Callers that exercise a
107 | |     /// release-owned ingress plugin must share this exact weld rather than mint
...   |
115 | |     pub wiring_hash: String,
116 | | }
    | |_^
    |
    = note: requested on the command line with `-W missing-debug-implementations`

warning: `wamn-proof-integration` (lib test) generated 2 warnings
    Finished `test` profile [unoptimized + debuginfo] target(s) in 3m 28s
     Running unittests src/lib.rs (target/debug/deps/wamn_proof_integration-c377294ff3b62c8e)

running 1 test
test route_authentication_live::production_route_caller_authentication_and_operation_authorization ... project-env acme/receiving/dev: database "wamn-db-acme--receiving--dev--4o23wepl" on cluster "route-auth-pg18" (owner wamn_db_owner)
wrote /tmp/route-authentication-live-2568212/database.json (Database CR (kubectl apply))
wrote /tmp/route-authentication-live-2568212/roles.sql (role SQL (psql the TARGET cluster BEFORE the Database CR))
wrote /tmp/route-authentication-live-2568212/privileges.sql (privilege SQL (psql the TARGET cluster AFTER the Database is ready))
wrote /tmp/route-authentication-live-2568212/database-secret.json (database credential Secret; kubectl apply)
recorded project "receiving" + project-env acme/receiving/dev in the registry (wamn_system)
environment namespace "wamn-acme--receiving--dev--4o23wepl" (instance suffix "4o23wepl")
wrote /tmp/route-authentication-live-2568212/route-caller-pat.json (route-caller PAT Secret; kubectl apply)
applied wamn_receiving@1.0.0: 1 migration(s)
applied wamn_receiving@1.0.0: 0 migration(s) (already converged)
prepared and authenticated identity-reader credential generation a for acme/receiving/dev; wrote /tmp/route-authentication-live-2568212/identity-reader.json
prepared and authenticated http-admitter credential generation a for acme/receiving/dev; wrote /tmp/route-authentication-live-2568212/http-admitter.json
membership granted principal_id=4053610f-0a8f-473c-90fc-4ef1814a73a0 org=acme project=receiving env=prod
membership granted principal_id=4053610f-0a8f-473c-90fc-4ef1814a73a0 org=other-org project=receiving env=dev
membership granted principal_id=4053610f-0a8f-473c-90fc-4ef1814a73a0 org=acme project=other env=dev
membership granted principal_id=4053610f-0a8f-473c-90fc-4ef1814a73a0 org=acme project=receiving env=dev
membership granted principal_id=4053610f-0a8f-473c-90fc-4ef1814a73a0 org=acme project=receiving env=dev
membership granted principal_id=9119ec23-f64a-4da8-bba0-7763c7580319 org=acme project=receiving env=dev
membership revoked principal_id=4053610f-0a8f-473c-90fc-4ef1814a73a0 org=acme project=receiving env=dev
membership revoked principal_id=4053610f-0a8f-473c-90fc-4ef1814a73a0 org=acme project=receiving env=dev
membership granted principal_id=4053610f-0a8f-473c-90fc-4ef1814a73a0 org=acme project=receiving env=dev
ok

test result: ok. 1 passed; 0 failed; 0 ignored; 0 measured; 56 filtered out; finished in 2.74s

