2026-09-09T16:14:23.879401Z  INFO connected to NATS
2026-09-09T16:14:23.879582Z  INFO host memory resolved max_guest_memory=4GiB guest_memory_mode="count" default_heap_memory=256MiB core_instances=512 memories=512 pool_reservation=128GiB
2026-09-09T16:14:23.895199Z  INFO wiring activation doorbell listening; dropped every cached pointer channel="wamn_wiring_activation" dropped=0
2026-09-09T16:14:23.999620Z  INFO release component pull completed component_digest=sha256:1f481deceaea9e217fb19819c750ce39fec8e9a1e19686e43dc2ebf65b1d9fef component_bytes=669281 elapsed_ms=16
2026-09-09T16:14:24.001403Z  INFO release component pull completed component_digest=sha256:710586d8b7fa9ff054d84203d981832659ae9baa618ed03b14588d1168d68d2e component_bytes=466355 elapsed_ms=18
2026-09-09T16:14:24.456486Z  INFO release component compilation completed component_digest=sha256:710586d8b7fa9ff054d84203d981832659ae9baa618ed03b14588d1168d68d2e compile_ms=454 compile_wall_ms=455
2026-09-09T16:14:24.463338Z  INFO release component compilation completed component_digest=sha256:1f481deceaea9e217fb19819c750ce39fec8e9a1e19686e43dc2ebf65b1d9fef compile_ms=463 compile_wall_ms=463
2026-09-09T16:14:24.463753Z  WARN wamn.component.linker_setup:wamn.linker.register: component imports wamn:postgres but sets no wamn.tenant; calls will be refused component="receiving#0"
2026-09-09T16:14:24.464021Z  INFO release component instantiation completed component_digest=sha256:1f481deceaea9e217fb19819c750ce39fec8e9a1e19686e43dc2ebf65b1d9fef elapsed_ms=0 total_elapsed_ms=481
2026-09-09T16:14:24.464380Z  WARN wamn.component.linker_setup:wamn.linker.register: component imports wamn:postgres but sets no wamn.tenant; calls will be refused component="client_acme_receiving#1"
2026-09-09T16:14:24.464672Z  INFO release component instantiation completed component_digest=sha256:710586d8b7fa9ff054d84203d981832659ae9baa618ed03b14588d1168d68d2e elapsed_ms=0 total_elapsed_ms=481
2026-09-09T16:14:24.464704Z  INFO synchronous release preload completed synchronous_wirings=13 component_digests=2 elapsed_ms=575
2026-09-09T16:14:24.464790Z  INFO release preload completed; component cache warm
2026-09-09T16:14:24.472501Z  INFO wamn-host starting (base plugins: wasi:config, wamn:logging, wasi:otel, wamn:postgres, wamn:jetstream, wamn:flow-http-routing) router_delivery=true
2026-09-09T16:14:24.472514Z  INFO wamn-host welded to its release effective_release_id=1 manifest_digest=sha256:e633957452b28418875cdc69a5574d078da95daf94aa9fda76c5ad84cc3dee94
2026-09-09T16:14:24.472533Z  INFO HTTP server listening addr=127.0.0.1:44199 protocol="HTTP"
2026-09-09T16:14:24.472536Z  INFO probe server listening addr=127.0.0.1:43789
2026-09-09T16:14:24.472555Z  INFO Starting WASI OTel plugin endpoint=http://127.0.0.1:40521 protocol="grpc"
2026-09-09T16:14:24.473186Z  INFO WASI OTel plugin started
2026-09-09T16:14:24.473212Z  INFO Host started host_id="688b842c-cf24-4bf2-b961-8f1a4cc91e68" friendly_name="three-clocks-5042" host_name="startup-802aed068819-3404563" labels={"hostgroup": "startup-802aed068819-3404563"} version="2.9.0" max_concurrent_starts=4
2026-09-09T16:14:24.473322Z  INFO Host provides interfaces count=10 interfaces=["wasi:cli/terminal-output,terminal-input,terminal-stdout,stdout,stdin,environment,terminal-stderr,stderr,terminal-stdin,exit@0.2.0", "wasi:clocks/monotonic-clock,wall-clock@0.2.0", "wasi:clocks/monotonic-clock,wall-time@0.2.0", "wasi:filesystem/preopens,types@0.2.0", "wasi:http/outgoing-handler,incoming-handler,types@0.2.0", "wasi:http/types,handler@0.3.0", "wasi:io/poll,error,streams@0.2.0", "wasi:random/insecure,random,insecure-seed@0.2.0", "wasi:random/random@0.2.0", "wasi:sockets/ip-name-lookup,network,udp-create-socket,udp,tcp-create-socket,instance-network,tcp@0.2.0"]
2026-09-09T16:14:24.473342Z  INFO wamn-host runtime startup completed elapsed_ms=618 cleanup_budget_secs=51
2026-09-09T16:14:24.575829Z  WARN handle_http_request{http.method=POST http.uri=/purchase_order/get http.host=receiving.localhost http.request.method=POST url.path=/purchase_order/get server.address="receiving.localhost"}: failed to route incoming request err=router is temporarily unavailable
2026-09-09T16:14:24.580802Z  INFO workload_start{workload_id=startup-802aed068819-3404563-cold-2 workload.name="startup-802aed068819-3404563-cold-2" workload.namespace="wamn-receiving-journey"}: Starting workload workload_id="startup-802aed068819-3404563-cold-2" namespace="wamn-receiving-journey" name="startup-802aed068819-3404563-cold-2"
2026-09-09T16:14:24.581383Z  WARN handle_http_request{http.method=POST http.uri=/purchase_order/get http.host=receiving.localhost http.request.method=POST url.path=/purchase_order/get server.address="receiving.localhost"}: failed to route incoming request err=router is temporarily unavailable
2026-09-09T16:14:24.582726Z  INFO workload_start{workload_id=startup-802aed068819-3404563-cold-3 workload.name="startup-802aed068819-3404563-cold-3" workload.namespace="wamn-receiving-journey"}: Starting workload workload_id="startup-802aed068819-3404563-cold-3" namespace="wamn-receiving-journey" name="startup-802aed068819-3404563-cold-3"
2026-09-09T16:14:24.593633Z  INFO workload_start{workload_id=startup-802aed068819-3404563-cold-0 workload.name="startup-802aed068819-3404563-cold-0" workload.namespace="wamn-receiving-journey"}: Starting workload workload_id="startup-802aed068819-3404563-cold-0" namespace="wamn-receiving-journey" name="startup-802aed068819-3404563-cold-0"
2026-09-09T16:14:24.607784Z  INFO workload_start{workload_id=startup-802aed068819-3404563-cold-1 workload.name="startup-802aed068819-3404563-cold-1" workload.namespace="wamn-receiving-journey"}: Starting workload workload_id="startup-802aed068819-3404563-cold-1" namespace="wamn-receiving-journey" name="startup-802aed068819-3404563-cold-1"
2026-09-09T16:14:24.617977Z  WARN handle_http_request{http.method=POST http.uri=/purchase_order/get http.host=receiving.localhost http.request.method=POST url.path=/purchase_order/get server.address="receiving.localhost"}: failed to route incoming request err=router is temporarily unavailable
2026-09-09T16:14:24.667461Z  WARN handle_http_request{http.method=POST http.uri=/purchase_order/get http.host=receiving.localhost http.request.method=POST url.path=/purchase_order/get server.address="receiving.localhost"}: failed to route incoming request err=router is temporarily unavailable
2026-09-09T16:14:24.724492Z  INFO workload_start{workload_id=startup-802aed068819-3404563-cold-7 workload.name="startup-802aed068819-3404563-cold-7" workload.namespace="wamn-receiving-journey"}: Starting workload workload_id="startup-802aed068819-3404563-cold-7" namespace="wamn-receiving-journey" name="startup-802aed068819-3404563-cold-7"
2026-09-09T16:14:24.724588Z  INFO workload_start{workload_id=startup-802aed068819-3404563-cold-5 workload.name="startup-802aed068819-3404563-cold-5" workload.namespace="wamn-receiving-journey"}: Starting workload workload_id="startup-802aed068819-3404563-cold-5" namespace="wamn-receiving-journey" name="startup-802aed068819-3404563-cold-5"
2026-09-09T16:14:24.728110Z  INFO workload_start{workload_id=startup-802aed068819-3404563-cold-6 workload.name="startup-802aed068819-3404563-cold-6" workload.namespace="wamn-receiving-journey"}: Starting workload workload_id="startup-802aed068819-3404563-cold-6" namespace="wamn-receiving-journey" name="startup-802aed068819-3404563-cold-6"
2026-09-09T16:14:24.729895Z  INFO workload_start{workload_id=startup-802aed068819-3404563-cold-4 workload.name="startup-802aed068819-3404563-cold-4" workload.namespace="wamn-receiving-journey"}: Starting workload workload_id="startup-802aed068819-3404563-cold-4" namespace="wamn-receiving-journey" name="startup-802aed068819-3404563-cold-4"
2026-09-09T16:14:24.731301Z  WARN handle_http_request{http.method=POST http.uri=/purchase_order/get http.host=receiving.localhost http.request.method=POST url.path=/purchase_order/get server.address="receiving.localhost"}:invoke_component_handler{workload.name="startup-802aed068819-3404563-cold-1" workload.namespace="wamn-receiving-journey" workload.id="startup-802aed068819-3404563-cold-1"}:wamn.component.invoke{wamn.tenant=receiving-route-auth wamn.project=receiving wamn.environment=dev wamn.wiring_id=purchase_order_get wamn.wiring_version=1 wamn.component_digest=sha256:1f481deceaea9e217fb19819c750ce39fec8e9a1e19686e43dc2ebf65b1d9fef wamn.node_id=operation wamn.operation=wamn-receiving:purchase-order/get@1.0.0 wamn.caller_principal_id="71104b41-1291-4aa8-b471-ca6509f1b2fd" wamn.caller_credential_kind="pat"}:wamn.component.linker_setup:wamn.linker.register: component imports wamn:postgres but sets no wamn.tenant; calls will be refused component="receiving#2"
2026-09-09T16:14:24.743452Z  WARN handle_http_request{http.method=POST http.uri=/purchase_order/get http.host=receiving.localhost http.request.method=POST url.path=/purchase_order/get server.address="receiving.localhost"}:invoke_component_handler{workload.name="startup-802aed068819-3404563-cold-1" workload.namespace="wamn-receiving-journey" workload.id="startup-802aed068819-3404563-cold-1"}:wamn.component.invoke{wamn.tenant=receiving-route-auth wamn.project=receiving wamn.environment=dev wamn.wiring_id=purchase_order_get wamn.wiring_version=1 wamn.component_digest=sha256:1f481deceaea9e217fb19819c750ce39fec8e9a1e19686e43dc2ebf65b1d9fef wamn.node_id=operation wamn.operation=wamn-receiving:purchase-order/get@1.0.0 wamn.caller_principal_id="71104b41-1291-4aa8-b471-ca6509f1b2fd" wamn.caller_credential_kind="pat"}:wamn.component.linker_setup:wamn.linker.register: component imports wamn:postgres but sets no wamn.tenant; calls will be refused component="receiving#3"
2026-09-09T16:14:24.755254Z  WARN handle_http_request{http.method=POST http.uri=/purchase_order/get http.host=receiving.localhost http.request.method=POST url.path=/purchase_order/get server.address="receiving.localhost"}:invoke_component_handler{workload.name="startup-802aed068819-3404563-cold-2" workload.namespace="wamn-receiving-journey" workload.id="startup-802aed068819-3404563-cold-2"}:wamn.component.invoke{wamn.tenant=receiving-route-auth wamn.project=receiving wamn.environment=dev wamn.wiring_id=purchase_order_get wamn.wiring_version=1 wamn.component_digest=sha256:1f481deceaea9e217fb19819c750ce39fec8e9a1e19686e43dc2ebf65b1d9fef wamn.node_id=operation wamn.operation=wamn-receiving:purchase-order/get@1.0.0 wamn.caller_principal_id="71104b41-1291-4aa8-b471-ca6509f1b2fd" wamn.caller_credential_kind="pat"}:wamn.component.linker_setup:wamn.linker.register: component imports wamn:postgres but sets no wamn.tenant; calls will be refused component="receiving#4"
2026-09-09T16:14:24.795077Z  INFO workload_start{workload_id=startup-802aed068819-3404563-warm-1 workload.name="startup-802aed068819-3404563-warm-1" workload.namespace="wamn-receiving-journey"}: Starting workload workload_id="startup-802aed068819-3404563-warm-1" namespace="wamn-receiving-journey" name="startup-802aed068819-3404563-warm-1"
2026-09-09T16:14:24.797310Z  INFO workload_start{workload_id=startup-802aed068819-3404563-warm-7 workload.name="startup-802aed068819-3404563-warm-7" workload.namespace="wamn-receiving-journey"}: Starting workload workload_id="startup-802aed068819-3404563-warm-7" namespace="wamn-receiving-journey" name="startup-802aed068819-3404563-warm-7"
2026-09-09T16:14:24.798974Z  INFO workload_start{workload_id=startup-802aed068819-3404563-warm-3 workload.name="startup-802aed068819-3404563-warm-3" workload.namespace="wamn-receiving-journey"}: Starting workload workload_id="startup-802aed068819-3404563-warm-3" namespace="wamn-receiving-journey" name="startup-802aed068819-3404563-warm-3"
2026-09-09T16:14:24.803996Z  INFO workload_start{workload_id=startup-802aed068819-3404563-warm-0 workload.name="startup-802aed068819-3404563-warm-0" workload.namespace="wamn-receiving-journey"}: Starting workload workload_id="startup-802aed068819-3404563-warm-0" namespace="wamn-receiving-journey" name="startup-802aed068819-3404563-warm-0"
2026-09-09T16:14:24.813077Z  WARN handle_http_request{http.method=POST http.uri=/purchase_order/get http.host=receiving.localhost http.request.method=POST url.path=/purchase_order/get server.address="receiving.localhost"}:invoke_component_handler{workload.name="startup-802aed068819-3404563-warm-3" workload.namespace="wamn-receiving-journey" workload.id="startup-802aed068819-3404563-warm-3"}:wamn.component.invoke{wamn.tenant=receiving-route-auth wamn.project=receiving wamn.environment=dev wamn.wiring_id=purchase_order_get wamn.wiring_version=1 wamn.component_digest=sha256:1f481deceaea9e217fb19819c750ce39fec8e9a1e19686e43dc2ebf65b1d9fef wamn.node_id=operation wamn.operation=wamn-receiving:purchase-order/get@1.0.0 wamn.caller_principal_id="71104b41-1291-4aa8-b471-ca6509f1b2fd" wamn.caller_credential_kind="pat"}:wamn.component.linker_setup:wamn.linker.register: component imports wamn:postgres but sets no wamn.tenant; calls will be refused component="receiving#5"
2026-09-09T16:14:24.829751Z  INFO workload_start{workload_id=startup-802aed068819-3404563-warm-5 workload.name="startup-802aed068819-3404563-warm-5" workload.namespace="wamn-receiving-journey"}: Starting workload workload_id="startup-802aed068819-3404563-warm-5" namespace="wamn-receiving-journey" name="startup-802aed068819-3404563-warm-5"
2026-09-09T16:14:24.831170Z  INFO workload_start{workload_id=startup-802aed068819-3404563-warm-2 workload.name="startup-802aed068819-3404563-warm-2" workload.namespace="wamn-receiving-journey"}: Starting workload workload_id="startup-802aed068819-3404563-warm-2" namespace="wamn-receiving-journey" name="startup-802aed068819-3404563-warm-2"
2026-09-09T16:14:24.838795Z  INFO workload_start{workload_id=startup-802aed068819-3404563-warm-6 workload.name="startup-802aed068819-3404563-warm-6" workload.namespace="wamn-receiving-journey"}: Starting workload workload_id="startup-802aed068819-3404563-warm-6" namespace="wamn-receiving-journey" name="startup-802aed068819-3404563-warm-6"
2026-09-09T16:14:24.854018Z  WARN handle_http_request{http.method=POST http.uri=/purchase_order/get http.host=receiving.localhost http.request.method=POST url.path=/purchase_order/get server.address="receiving.localhost"}:invoke_component_handler{workload.name="startup-802aed068819-3404563-cold-1" workload.namespace="wamn-receiving-journey" workload.id="startup-802aed068819-3404563-cold-1"}:wamn.component.invoke{wamn.tenant=receiving-route-auth wamn.project=receiving wamn.environment=dev wamn.wiring_id=purchase_order_get wamn.wiring_version=1 wamn.component_digest=sha256:1f481deceaea9e217fb19819c750ce39fec8e9a1e19686e43dc2ebf65b1d9fef wamn.node_id=operation wamn.operation=wamn-receiving:purchase-order/get@1.0.0 wamn.caller_principal_id="71104b41-1291-4aa8-b471-ca6509f1b2fd" wamn.caller_credential_kind="pat"}:wamn.component.linker_setup:wamn.linker.register: component imports wamn:postgres but sets no wamn.tenant; calls will be refused component="receiving#6"
2026-09-09T16:14:24.858270Z  INFO workload_start{workload_id=startup-802aed068819-3404563-warm-4 workload.name="startup-802aed068819-3404563-warm-4" workload.namespace="wamn-receiving-journey"}: Starting workload workload_id="startup-802aed068819-3404563-warm-4" namespace="wamn-receiving-journey" name="startup-802aed068819-3404563-warm-4"
2026-09-09T16:14:24.862810Z  WARN handle_http_request{http.method=POST http.uri=/purchase_order/get http.host=receiving.localhost http.request.method=POST url.path=/purchase_order/get server.address="receiving.localhost"}:invoke_component_handler{workload.name="startup-802aed068819-3404563-warm-0" workload.namespace="wamn-receiving-journey" workload.id="startup-802aed068819-3404563-warm-0"}:wamn.component.invoke{wamn.tenant=receiving-route-auth wamn.project=receiving wamn.environment=dev wamn.wiring_id=purchase_order_get wamn.wiring_version=1 wamn.component_digest=sha256:1f481deceaea9e217fb19819c750ce39fec8e9a1e19686e43dc2ebf65b1d9fef wamn.node_id=operation wamn.operation=wamn-receiving:purchase-order/get@1.0.0 wamn.caller_principal_id="71104b41-1291-4aa8-b471-ca6509f1b2fd" wamn.caller_credential_kind="pat"}:wamn.component.linker_setup:wamn.linker.register: component imports wamn:postgres but sets no wamn.tenant; calls will be refused component="receiving#7"
2026-09-09T16:14:24.865424Z  INFO workload_stop{workload_id=startup-802aed068819-3404563-cold-0}: Stopping workload workload_id="startup-802aed068819-3404563-cold-0"
2026-09-09T16:14:24.867100Z  INFO workload_stop{workload_id=startup-802aed068819-3404563-cold-1}: Stopping workload workload_id="startup-802aed068819-3404563-cold-1"
2026-09-09T16:14:24.868458Z  INFO workload_stop{workload_id=startup-802aed068819-3404563-cold-2}: Stopping workload workload_id="startup-802aed068819-3404563-cold-2"
2026-09-09T16:14:24.869324Z  INFO workload_stop{workload_id=startup-802aed068819-3404563-cold-3}: Stopping workload workload_id="startup-802aed068819-3404563-cold-3"
2026-09-09T16:14:24.870193Z  INFO workload_stop{workload_id=startup-802aed068819-3404563-cold-4}: Stopping workload workload_id="startup-802aed068819-3404563-cold-4"
2026-09-09T16:14:24.870980Z  INFO workload_stop{workload_id=startup-802aed068819-3404563-cold-5}: Stopping workload workload_id="startup-802aed068819-3404563-cold-5"
2026-09-09T16:14:24.871874Z  INFO workload_stop{workload_id=startup-802aed068819-3404563-cold-6}: Stopping workload workload_id="startup-802aed068819-3404563-cold-6"
2026-09-09T16:14:24.872709Z  INFO workload_stop{workload_id=startup-802aed068819-3404563-cold-7}: Stopping workload workload_id="startup-802aed068819-3404563-cold-7"
2026-09-09T16:14:24.873413Z  INFO workload_stop{workload_id=startup-802aed068819-3404563-warm-0}: Stopping workload workload_id="startup-802aed068819-3404563-warm-0"
2026-09-09T16:14:24.874281Z  INFO workload_stop{workload_id=startup-802aed068819-3404563-warm-1}: Stopping workload workload_id="startup-802aed068819-3404563-warm-1"
2026-09-09T16:14:24.875084Z  INFO workload_stop{workload_id=startup-802aed068819-3404563-warm-2}: Stopping workload workload_id="startup-802aed068819-3404563-warm-2"
2026-09-09T16:14:24.876157Z  INFO workload_stop{workload_id=startup-802aed068819-3404563-warm-3}: Stopping workload workload_id="startup-802aed068819-3404563-warm-3"
2026-09-09T16:14:24.876936Z  INFO workload_stop{workload_id=startup-802aed068819-3404563-warm-4}: Stopping workload workload_id="startup-802aed068819-3404563-warm-4"
2026-09-09T16:14:24.877733Z  INFO workload_stop{workload_id=startup-802aed068819-3404563-warm-5}: Stopping workload workload_id="startup-802aed068819-3404563-warm-5"
2026-09-09T16:14:24.878522Z  INFO workload_stop{workload_id=startup-802aed068819-3404563-warm-6}: Stopping workload workload_id="startup-802aed068819-3404563-warm-6"
2026-09-09T16:14:24.879257Z  INFO workload_stop{workload_id=startup-802aed068819-3404563-warm-7}: Stopping workload workload_id="startup-802aed068819-3404563-warm-7"
2026-09-09T16:14:24.882473Z  INFO shutting down wamn-host
2026-09-09T16:14:24.882516Z  INFO HTTP server stopping addr=127.0.0.1:44199
2026-09-09T16:14:24.882535Z  INFO Stopping WASI OTel plugin
2026-09-09T16:14:24.883077Z  INFO WASI OTel plugin stopped
2026-09-09T16:14:24.883340Z  INFO HTTP server received shutdown signal
