2026-09-05T03:16:22.158822282Z 2026-09-05T03:16:22.158745Z  INFO connected to NATS
2026-09-05T03:16:22.267452036Z 2026-09-05T03:16:22.267334Z  INFO wiring activation doorbell listening; dropped every cached pointer channel="wamn_wiring_activation" dropped=0
2026-09-05T03:16:22.479891064Z 2026-09-05T03:16:22.479795Z  INFO release component pull completed component_digest=sha256:ae12741669b22abbc09b72f4243c83e996c15c46a5b3d925cbd1cf11d4355715 component_bytes=466014 elapsed_ms=65
2026-09-05T03:16:22.483287892Z 2026-09-05T03:16:22.483224Z  INFO release component pull completed component_digest=sha256:43fcb1f18e8e9d6be3ea0a84b838a400e5a179665dc4019914a5076d14e03b7d component_bytes=669593 elapsed_ms=69
2026-09-05T03:16:22.500739661Z 2026-09-05T03:16:22.500612Z  INFO release component compilation completed component_digest=sha256:ae12741669b22abbc09b72f4243c83e996c15c46a5b3d925cbd1cf11d4355715 compile_ms=20 compile_wall_ms=20
2026-09-05T03:16:22.512242443Z 2026-09-05T03:16:22.512161Z  INFO release component compilation completed component_digest=sha256:43fcb1f18e8e9d6be3ea0a84b838a400e5a179665dc4019914a5076d14e03b7d compile_ms=28 compile_wall_ms=28
2026-09-05T03:16:22.513396311Z 2026-09-05T03:16:22.513311Z  WARN wamn.component.linker_setup:wamn.linker.plugins: component imports wamn:postgres but sets no wamn.tenant; calls will be refused component="6cc20425-e2d3-4df7-b42b-d3d04b2cb64d"
2026-09-05T03:16:22.516122441Z 2026-09-05T03:16:22.516031Z  INFO release component instantiation completed component_digest=sha256:43fcb1f18e8e9d6be3ea0a84b838a400e5a179665dc4019914a5076d14e03b7d elapsed_ms=3 total_elapsed_ms=102
2026-09-05T03:16:22.517243756Z 2026-09-05T03:16:22.517164Z  WARN wamn.component.linker_setup:wamn.linker.plugins: component imports wamn:postgres but sets no wamn.tenant; calls will be refused component="805acdfd-a3ca-43f8-a3a5-3d818be31703"
2026-09-05T03:16:22.519768377Z 2026-09-05T03:16:22.519679Z  INFO release component instantiation completed component_digest=sha256:ae12741669b22abbc09b72f4243c83e996c15c46a5b3d925cbd1cf11d4355715 elapsed_ms=3 total_elapsed_ms=105
2026-09-05T03:16:22.519819514Z 2026-09-05T03:16:22.519795Z  INFO synchronous release preload completed synchronous_wirings=13 component_digests=2 elapsed_ms=293
2026-09-05T03:16:22.519964733Z 2026-09-05T03:16:22.519941Z  INFO release preload completed; component cache warm
2026-09-05T03:16:22.543111388Z 2026-09-05T03:16:22.542981Z  INFO wamn-host starting (base plugins: wasi:config, wamn:logging, wasi:otel, wamn:postgres, wamn:jetstream, wamn:flow-http-routing) router_delivery=true
2026-09-05T03:16:22.543129616Z 2026-09-05T03:16:22.543037Z  INFO wamn-host welded to its release effective_release_id=1 manifest_digest=sha256:117166d61dfa9792bcf8ac73d5079672be54e4007f43534cfe6dd487ce384911
2026-09-05T03:16:22.543135538Z 2026-09-05T03:16:22.543087Z  INFO HTTP server listening addr=0.0.0.0:80 protocol="HTTP"
2026-09-05T03:16:22.543173182Z 2026-09-05T03:16:22.543151Z  INFO Starting WASI OTel plugin endpoint=http://otel-collector.wamn-system.svc.cluster.local:4317 protocol="grpc"
2026-09-05T03:16:22.543951536Z 2026-09-05T03:16:22.543918Z  INFO WASI OTel plugin started
2026-09-05T03:16:22.544009215Z 2026-09-05T03:16:22.543980Z  INFO Host started host_id="009d73c7-9ee7-4376-9cbd-eb7390887c7c" friendly_name="assorted-part-0669" host_name="10.244.2.5" labels={"hostgroup": "default"} version="2.8.0"
2026-09-05T03:16:22.544388985Z 2026-09-05T03:16:22.544307Z  INFO Host provides interfaces count=10 interfaces=["wasi:cli/stderr,terminal-output,terminal-stderr,environment,exit,stdout,stdin,terminal-stdout,terminal-stdin,terminal-input@0.2.0", "wasi:clocks/monotonic-clock,wall-clock@0.2.0", "wasi:clocks/wall-time,monotonic-clock@0.2.0", "wasi:filesystem/preopens,types@0.2.0", "wasi:http/incoming-handler,types,outgoing-handler@0.2.0", "wasi:http/handler,types@0.3.0", "wasi:io/streams,poll,error@0.2.0", "wasi:random/random,insecure,insecure-seed@0.2.0", "wasi:random/random@0.2.0", "wasi:sockets/tcp-create-socket,ip-name-lookup,network,instance-network,tcp,udp-create-socket,udp@0.2.0"]
2026-09-05T03:16:22.544403369Z 2026-09-05T03:16:22.544376Z  INFO wamn-host runtime startup completed elapsed_ms=633
