   Compiling proc-macro2 v1.0.107
   Compiling unicode-ident v1.0.24
   Compiling quote v1.0.47
   Compiling serde_core v1.0.229
   Compiling syn v3.0.4
   Compiling syn v2.0.119
   Compiling libc v0.2.189
   Compiling serde v1.0.229
   Compiling serde_derive v1.0.229
   Compiling synstructure v0.13.2
   Compiling cfg-if v1.0.4
   Compiling zerofrom-derive v0.1.7
   Compiling zerofrom v0.1.8
   Compiling yoke-derive v0.8.2
   Compiling stable_deref_trait v1.2.1
   Compiling memchr v2.8.3
   Compiling yoke v0.8.3
   Compiling zerovec-derive v0.11.6
   Compiling typenum v1.20.1
   Compiling zerovec v0.11.8
   Compiling hybrid-array v0.4.14
   Compiling displaydoc v0.2.7
   Compiling zmij v1.0.23
   Compiling cmov v0.5.4
   Compiling serde_json v1.0.151
   Compiling ctutils v0.4.2
   Compiling block-buffer v0.12.1
   Compiling crypto-common v0.2.2
   Compiling smallvec v1.15.2
   Compiling itoa v1.0.18
   Compiling cpufeatures v0.3.0
   Compiling const-oid v0.10.2
   Compiling digest v0.11.3
   Compiling tinystr v0.8.4
   Compiling litemap v0.8.3
   Compiling writeable v0.6.4
   Compiling icu_locale_core v2.3.0
   Compiling zerotrie v0.2.5
   Compiling potential_utf v0.1.6
   Compiling bytes v1.12.1
   Compiling icu_normalizer_data v2.3.0
   Compiling utf8_iter v1.0.4
   Compiling pin-project-lite v0.2.17
   Compiling icu_properties_data v2.3.0
   Compiling icu_collections v2.3.0
   Compiling icu_provider v2.3.1
   Compiling sha2 v0.11.0
   Compiling socket2 v0.6.5
   Compiling mio v1.2.2
   Compiling tokio-macros v2.7.2
   Compiling getrandom v0.4.3
   Compiling once_cell v1.21.4
   Compiling percent-encoding v2.3.2
   Compiling rand_core v0.10.1
   Compiling tokio v1.53.1
   Compiling icu_properties v2.3.0
   Compiling icu_normalizer v2.3.0
   Compiling autocfg v1.5.1
   Compiling tinyvec_macros v0.1.1
   Compiling base64 v0.22.1
   Compiling futures-core v0.3.34
   Compiling tinyvec v1.12.0
   Compiling num-traits v0.2.19
   Compiling idna_adapter v1.2.2
   Compiling chacha20 v0.10.1
   Compiling futures-sink v0.3.34
   Compiling rand v0.10.2
   Compiling idna v1.1.0
   Compiling unicode-normalization v0.1.25
   Compiling form_urlencoded v1.2.2
   Compiling aho-corasick v1.1.5
   Compiling serde_derive_internals v0.29.1
   Compiling zerocopy v0.8.56
   Compiling ref-cast v1.0.27
   Compiling version_check v0.9.5
   Compiling unicode-bidi v0.3.18
   Compiling unicode-properties v0.1.4
   Compiling zeroize v1.9.0
   Compiling parking_lot_core v0.9.12
   Compiling regex-syntax v0.8.11
   Compiling schemars v0.8.22
   Compiling getrandom v0.3.4
   Compiling rustls-pki-types v1.15.1
   Compiling stringprep v0.1.5
   Compiling ahash v0.8.12
   Compiling schemars_derive v0.8.22
   Compiling regex-automata v0.4.18
   Compiling url v2.5.8
   Compiling hmac v0.13.0
   Compiling md-5 v0.11.0
   Compiling ref-cast-impl v1.0.27
   Compiling scopeguard v1.2.0
   Compiling siphasher v1.0.3
   Compiling byteorder v1.5.0
   Compiling slab v0.4.12
   Compiling fallible-iterator v0.2.0
   Compiling futures-task v0.3.34
   Compiling dyn-clone v1.0.20
   Compiling futures-util v0.3.34
   Compiling postgres-protocol v0.6.12
   Compiling phf_shared v0.13.1
   Compiling regex v1.13.1
   Compiling lock_api v0.4.14
   Compiling chrono v0.4.45
   Compiling tokio-util v0.7.19
   Compiling untrusted v0.9.0
   Compiling rustls v0.23.43
   Compiling borrow-or-share v0.2.4
   Compiling fluent-uri v0.3.2
   Compiling rustls-webpki v0.103.15
   Compiling parking_lot v0.12.5
   Compiling phf v0.13.1
   Compiling postgres-types v0.2.14
   Compiling wamn-execution-contract v0.1.0 (/home/kaalin/.cache/wamn-lanes/consolidation-sql-wiring-20260912/apps/platform/execution/contract)
   Compiling futures-channel v0.3.34
   Compiling whoami v2.1.3
   Compiling async-trait v0.1.92
   Compiling anyhow v1.0.104
   Compiling log v0.4.34
   Compiling thiserror v2.0.20
   Compiling portable-atomic v1.15.0
   Compiling winnow v1.0.4
   Compiling subtle v2.6.1
   Compiling appendlist v1.4.0
   Compiling boon v0.6.1
   Compiling toml_parser v1.1.3+spec-1.1.0
   Compiling tokio-postgres v0.7.18
   Compiling wamn-event-wire v0.1.0 (/home/kaalin/.cache/wamn-lanes/consolidation-sql-wiring-20260912/apps/platform/events/wire)
   Compiling tracing-core v0.1.36
   Compiling tracing-attributes v0.1.31
   Compiling pin-project-internal v1.1.13
   Compiling thiserror-impl v2.0.20
   Compiling toml_datetime v0.7.5+spec-1.1.0
   Compiling serde_spanned v1.1.1
   Compiling deranged v0.5.8
   Compiling powerfmt v0.2.0
   Compiling num-conv v0.2.2
   Compiling toml_writer v1.1.2+spec-1.1.0
   Compiling time-core v0.1.9
   Compiling wamn-component-policy v0.1.0 (/home/kaalin/.cache/wamn-lanes/consolidation-sql-wiring-20260912/crates/platform/component-policy)
   Compiling hex v0.4.3
   Compiling winnow v0.7.15
   Compiling openssl-probe v0.2.1
   Compiling rustls-native-certs v0.8.4
   Compiling time v0.3.55
   Compiling toml v0.9.12+spec-1.1.0
   Compiling wamn-catalog v0.1.0 (/home/kaalin/.cache/wamn-lanes/consolidation-sql-wiring-20260912/crates/catalog/model)
   Compiling tracing v0.1.44
   Compiling pin-project v1.1.13
   Compiling wamn-schema-introspection v0.1.0 (/home/kaalin/.cache/wamn-lanes/consolidation-sql-wiring-20260912/crates/schema/introspection)
warning: function `canonical_serialized` is never used
   --> crates/catalog/model/src/lib.rs:793:4
    |
793 | fn canonical_serialized(value: &impl Serialize) -> Vec<u8> {
    |    ^^^^^^^^^^^^^^^^^^^^
    |
    = note: `#[warn(dead_code)]` (part of `#[warn(unused)]`) on by default

   Compiling tokio-rustls v0.26.4
   Compiling tokio-stream v0.1.19
   Compiling tryhard v0.5.2
   Compiling serde_nanos v0.1.4
   Compiling serde_repr v0.1.21
warning: `wamn-catalog` (lib) generated 1 warning
   Compiling wamn-pg-core v0.1.0 (/home/kaalin/.cache/wamn-lanes/consolidation-sql-wiring-20260912/crates/platform/pg-core)
   Compiling async-nats v0.49.1
   Compiling wamn-run-state v0.1.0 (/home/kaalin/.cache/wamn-lanes/consolidation-sql-wiring-20260912/crates/execution/run-state)
   Compiling wamn-schema-generator v0.1.0 (/home/kaalin/.cache/wamn-lanes/consolidation-sql-wiring-20260912/crates/schema/generator)
   Compiling wamn-control-registry v0.1.0 (/home/kaalin/.cache/wamn-lanes/consolidation-sql-wiring-20260912/crates/control/registry)
   Compiling wamn-control-provision v0.1.0 (/home/kaalin/.cache/wamn-lanes/consolidation-sql-wiring-20260912/crates/control/provision)
warning: `wamn-catalog` (lib test) generated 1 warning (1 duplicate)
    Finished `test` profile [unoptimized + debuginfo] target(s) in 1m 14s
     Running unittests src/lib.rs (target/debug/deps/wamn_catalog-a20a9926060a5838)

running 4 tests
test wiring_activation::tests::disabled_activation_accepts_each_retirement_and_membership_state ... ok
test wiring_activation::tests::no_statement_lets_the_caller_choose_the_tenant ... ok
test wiring_activation::tests::retirement_takes_precedence_over_missing_release_membership ... ok
test wiring_activation::tests::the_only_pointer_write_carries_both_the_hash_and_the_enabled_flag ... ok

test result: ok. 4 passed; 0 failed; 0 ignored; 0 measured; 64 filtered out; finished in 0.00s

