warning: function `canonical_serialized` is never used
   --> crates/catalog/model/src/lib.rs:793:4
    |
793 | fn canonical_serialized(value: &impl Serialize) -> Vec<u8> {
    |    ^^^^^^^^^^^^^^^^^^^^
    |
    = note: `#[warn(dead_code)]` (part of `#[warn(unused)]`) on by default

warning: `wamn-catalog` (lib) generated 1 warning
   Compiling wamn-catalog v0.1.0 (/home/kaalin/.cache/wamn-lanes/consolidation-sql-wiring-20260912/crates/catalog/model)
    Finished `test` profile [unoptimized + debuginfo] target(s) in 0.71s
     Running tests/wiring_activation_live.rs (target/debug/deps/wiring_activation_live-800a77a6ce2a2671)

running 2 tests
test the_terminal_document_reaches_a_converged_database_and_survives_the_column ... 
thread 'the_terminal_document_reaches_a_converged_database_and_survives_the_column' (1548986) panicked at crates/catalog/model/tests/wiring_activation_live.rs:362:10:
the converge slice is delimited
note: run with `RUST_BACKTRACE=1` environment variable to display a backtrace
FAILED
test wiring_activation_live ... ok

failures:

failures:
    the_terminal_document_reaches_a_converged_database_and_survives_the_column

test result: FAILED. 1 passed; 1 failed; 0 ignored; 0 measured; 0 filtered out; finished in 0.14s

error: test failed, to rerun pass `-p wamn-catalog --test wiring_activation_live`
