2026-09-05T21:24:38.292585238Z 2026-09-05T21:24:38.292489Z  INFO connected to NATS
2026-09-05T21:24:38.422201982Z 2026-09-05T21:24:38.422102Z  INFO wiring activation doorbell listening; dropped every cached pointer channel="wamn_wiring_activation" dropped=0
2026-09-05T21:24:38.631760109Z 2026-09-05T21:24:38.631639Z  INFO release component pull completed component_digest=sha256:ae12741669b22abbc09b72f4243c83e996c15c46a5b3d925cbd1cf11d4355715 component_bytes=466014 elapsed_ms=81
2026-09-05T21:24:38.635641092Z 2026-09-05T21:24:38.635552Z  INFO release component pull completed component_digest=sha256:43fcb1f18e8e9d6be3ea0a84b838a400e5a179665dc4019914a5076d14e03b7d component_bytes=669593 elapsed_ms=86
2026-09-05T21:24:38.656335465Z 2026-09-05T21:24:38.656222Z  INFO release component compilation completed component_digest=sha256:ae12741669b22abbc09b72f4243c83e996c15c46a5b3d925cbd1cf11d4355715 compile_ms=24 compile_wall_ms=24
2026-09-05T21:24:38.669708364Z 2026-09-05T21:24:38.669571Z  INFO release component compilation completed component_digest=sha256:43fcb1f18e8e9d6be3ea0a84b838a400e5a179665dc4019914a5076d14e03b7d compile_ms=33 compile_wall_ms=33
2026-09-05T21:24:38.673281926Z 2026-09-05T21:24:38.673174Z  WARN wamn.component.linker_setup:wamn.linker.register: component imports wamn:postgres but sets no wamn.tenant; calls will be refused component="receiving#0"
2026-09-05T21:24:38.676035232Z 2026-09-05T21:24:38.675942Z  INFO release component instantiation completed component_digest=sha256:43fcb1f18e8e9d6be3ea0a84b838a400e5a179665dc4019914a5076d14e03b7d elapsed_ms=6 total_elapsed_ms=126
2026-09-05T21:24:38.679337862Z 2026-09-05T21:24:38.679246Z  WARN wamn.component.linker_setup:wamn.linker.register: component imports wamn:postgres but sets no wamn.tenant; calls will be refused component="client_acme_receiving#1"
2026-09-05T21:24:38.681683709Z 2026-09-05T21:24:38.681579Z  INFO release component instantiation completed component_digest=sha256:ae12741669b22abbc09b72f4243c83e996c15c46a5b3d925cbd1cf11d4355715 elapsed_ms=5 total_elapsed_ms=131
2026-09-05T21:24:38.681766965Z 2026-09-05T21:24:38.681697Z  INFO synchronous release preload completed synchronous_wirings=13 component_digests=2 elapsed_ms=310
2026-09-05T21:24:38.681980065Z 2026-09-05T21:24:38.681933Z  INFO release preload completed; component cache warm
2026-09-05T21:24:38.713421113Z 2026-09-05T21:24:38.713308Z  INFO wamn-host starting (base plugins: wasi:config, wamn:logging, wasi:otel, wamn:postgres, wamn:jetstream, wamn:flow-http-routing) router_delivery=true
2026-09-05T21:24:38.713448795Z 2026-09-05T21:24:38.713390Z  INFO wamn-host welded to its release effective_release_id=1 manifest_digest=sha256:117166d61dfa9792bcf8ac73d5079672be54e4007f43534cfe6dd487ce384911
2026-09-05T21:24:38.713494914Z 2026-09-05T21:24:38.713464Z  INFO HTTP server listening addr=0.0.0.0:80 protocol="HTTP"
2026-09-05T21:24:38.713589308Z 2026-09-05T21:24:38.713548Z  INFO Starting WASI OTel plugin endpoint=http://otel-collector.wamn-system.svc.cluster.local:4317 protocol="grpc"
2026-09-05T21:24:38.714810272Z 2026-09-05T21:24:38.714755Z  INFO WASI OTel plugin started
2026-09-05T21:24:38.714893350Z 2026-09-05T21:24:38.714844Z  INFO Host started host_id="bf1c9d0d-0e38-4b37-b388-45e42aefee0f" friendly_name="careful-order-3393" host_name="10.244.2.5" labels={"hostgroup": "default"} version="2.8.0"
2026-09-05T21:24:38.715480999Z 2026-09-05T21:24:38.715402Z  INFO Host provides interfaces count=10 interfaces=["wasi:cli/stdout,terminal-stderr,stderr,terminal-stdin,exit,terminal-stdout,stdin,terminal-input,terminal-output,environment@0.2.0", "wasi:clocks/wall-clock,monotonic-clock@0.2.0", "wasi:clocks/wall-time,monotonic-clock@0.2.0", "wasi:filesystem/types,preopens@0.2.0", "wasi:http/types,incoming-handler,outgoing-handler@0.2.0", "wasi:http/handler,types@0.3.0", "wasi:io/poll,streams,error@0.2.0", "wasi:random/insecure-seed,insecure,random@0.2.0", "wasi:random/random@0.2.0", "wasi:sockets/tcp-create-socket,udp-create-socket,udp,tcp,ip-name-lookup,network,instance-network@0.2.0"]
2026-09-05T21:24:38.715535515Z 2026-09-05T21:24:38.715494Z  INFO wamn-host runtime startup completed elapsed_ms=680
