    Checking serde_core v1.0.229
    Checking cfg-if v1.0.4
    Checking libc v0.2.189
    Checking memchr v2.8.3
    Checking log v0.4.34
    Checking serde v1.0.229
    Checking itoa v1.0.18
    Checking allocator-api2 v0.2.21
    Checking smallvec v1.15.2
    Checking equivalent v1.0.2
    Checking foldhash v0.2.0
    Checking typenum v1.20.1
    Checking hashbrown v0.17.1
    Checking pin-project-lite v0.2.17
    Checking bytes v1.12.1
    Checking once_cell v1.21.4
    Checking futures-core v0.3.34
    Checking errno v0.3.14
    Checking bitflags v2.13.1
    Checking scopeguard v1.2.0
    Checking signal-hook-registry v1.4.8
    Checking lock_api v0.4.14
    Checking parking_lot_core v0.9.12
    Checking indexmap v2.14.0
    Checking parking_lot v0.12.5
    Checking mio v1.2.2
    Checking futures-sink v0.3.34
    Checking socket2 v0.6.5
    Checking zmij v1.0.23
    Checking base64 v0.22.1
    Checking tokio v1.53.1
    Checking serde_json v1.0.151
    Checking futures-channel v0.3.34
    Checking futures-io v0.3.34
    Checking slab v0.4.12
    Checking futures-task v0.3.34
    Checking futures-util v0.3.34
    Checking thiserror v2.0.20
    Checking percent-encoding v2.3.2
    Checking zerofrom v0.1.8
    Checking tracing-core v0.1.36
    Checking stable_deref_trait v1.2.1
    Checking zeroize v1.9.0
    Checking yoke v0.8.3
    Checking generic-array v0.14.7
    Checking anyhow v1.0.104
    Checking tokio-util v0.7.19
    Checking fnv v1.0.7
    Checking zerovec v0.11.8
    Checking tracing v0.1.44
    Checking block-buffer v0.10.4
    Checking crypto-common v0.1.7
    Checking hybrid-array v0.4.14
    Checking cpufeatures v0.3.0
    Checking digest v0.10.7
    Checking getrandom v0.2.17
    Checking cmov v0.5.4
    Checking block-buffer v0.12.1
    Checking ctutils v0.4.2
    Checking crypto-common v0.2.2
    Checking const-oid v0.10.2
    Checking num-traits v0.2.19
    Checking digest v0.11.3
    Checking tinystr v0.8.4
    Checking litemap v0.8.3
    Checking writeable v0.6.4
    Checking zerotrie v0.2.5
    Checking icu_locale_core v2.3.0
    Checking potential_utf v0.1.6
    Checking utf8_iter v1.0.4
    Checking icu_collections v2.3.0
    Checking icu_provider v2.3.1
    Checking icu_properties_data v2.3.0
    Checking icu_normalizer_data v2.3.0
    Checking rustls-pki-types v1.15.1
    Checking semver v1.0.28
    Checking linux-raw-sys v0.12.1
    Checking rand_core v0.10.1
    Checking iana-time-zone v0.1.65
    Checking chrono v0.4.45
    Checking rustix v1.1.4
    Checking icu_normalizer v2.3.0
    Checking icu_properties v2.3.0
    Checking sha2 v0.11.0
    Checking http v1.5.0
    Checking hashbrown v0.16.1
    Checking untrusted v0.9.0
    Checking subtle v2.6.1
    Checking ring v0.17.14
    Checking idna_adapter v1.2.2
    Checking getrandom v0.4.3
    Checking zerocopy v0.8.56
    Checking aws-lc-sys v0.44.0
    Checking form_urlencoded v1.2.2
    Checking ipnet v2.12.1
    Checking untrusted v0.7.1
    Checking aws-lc-rs v1.18.0
    Checking idna v1.1.0
    Checking cpufeatures v0.2.17
    Checking http-body v1.1.0
    Checking url v2.5.8
    Checking libm v0.2.16
    Checking aho-corasick v1.1.5
    Checking regex-syntax v0.8.11
    Checking either v1.18.0
    Checking leb128fmt v0.1.0
    Checking wasmtime-internal-core v47.0.4
    Checking sha2 v0.10.9
    Checking regex-automata v0.4.18
    Checking rustls-webpki v0.103.15
    Checking rustls v0.23.43
    Checking tinyvec_macros v0.1.1
    Checking tower-service v0.3.3
    Checking tinyvec v1.12.0
    Checking crc32fast v1.5.1
    Checking getrandom v0.3.4
    Checking cranelift-bitset v0.134.4
    Checking chacha20 v0.10.1
    Checking try-lock v0.2.5
    Checking atomic-waker v1.1.2
    Checking rand v0.10.2
    Checking h2 v0.4.19
    Checking want v0.3.1
    Checking tokio-rustls v0.26.4
    Checking httparse v1.10.1
    Checking unicode-normalization v0.1.25
    Checking httpdate v1.0.3
    Checking ryu v1.0.23
    Checking cranelift-entity v0.134.4
    Checking gimli v0.33.0
    Checking hyper v1.11.0
    Checking cobs v0.3.0
    Checking sync_wrapper v1.0.2
    Checking openssl-probe v0.2.1
    Checking tower-layer v0.3.3
    Checking rustls-native-certs v0.8.4
    Checking postcard v1.1.3
    Checking cranelift-bforest v0.134.4
    Checking regex v1.13.1
    Checking target-lexicon v0.13.5
    Checking itertools v0.14.0
    Checking http-body-util v0.1.5
    Checking uuid v1.26.0
    Checking tower v0.5.3
    Checking hyper-util v0.1.20
    Checking ppv-lite86 v0.2.21
    Checking winnow v1.0.4
    Checking toml_parser v1.1.3+spec-1.1.0
    Checking crossbeam-utils v0.8.22
    Checking wasmparser v0.252.0
    Checking md-5 v0.11.0
    Checking bumpalo v3.20.3
    Checking toml_datetime v0.7.5+spec-1.1.0
    Checking serde_spanned v1.1.1
    Checking winnow v0.7.15
    Checking unicode-properties v0.1.4
    Checking toml_writer v1.1.2+spec-1.1.0
    Checking rustc-hash v2.1.3
    Checking termcolor v1.4.1
    Checking dyn-clone v1.0.20
    Checking unicode-bidi v0.3.18
    Checking arbitrary v1.4.2
    Checking wasmprinter v0.252.0
    Checking cranelift-control v0.134.4
    Checking stringprep v0.1.5
    Checking schemars v0.8.22
    Checking regalloc2 v0.15.2
    Checking toml v0.9.12+spec-1.1.0
    Checking cranelift-assembler-x64 v0.134.4
    Checking object v0.39.1
    Checking cpp_demangle v0.5.1
    Checking io-lifetimes v2.0.4
    Checking pulley-interpreter v47.0.4
    Checking wasm-encoder v0.252.0
    Checking hmac v0.13.0
    Checking signature v2.2.0
    Checking fallible-iterator v0.2.0
    Checking wasmtime-internal-component-util v47.0.4
    Checking byteorder v1.5.0
    Checking rustc-demangle v0.1.28
    Checking cranelift-codegen-shared v0.134.4
    Checking cranelift-codegen v0.134.4
    Checking wasmtime-environ v47.0.4
    Checking postgres-protocol v0.6.12
    Checking ref-cast v1.0.27
    Checking crossbeam-epoch v0.9.20
    Checking deranged v0.5.8
    Checking time-core v0.1.9
    Checking num-conv v0.2.2
    Checking lazy_static v1.5.0
    Checking powerfmt v0.2.0
    Checking borrow-or-share v0.2.4
    Checking siphasher v1.0.3
    Checking base64ct v1.8.3
    Checking pem-rfc7468 v0.7.0
    Checking phf_shared v0.13.1
    Checking fluent-uri v0.3.2
    Checking time v0.3.55
    Checking ahash v0.8.12
    Checking fs-set-times v0.20.3
    Checking zstd-sys v2.0.16+zstd.1.5.7
    Checking wamn-execution-contract v0.1.0 (/home/kaalin/dev/wamn/apps/platform/execution/contract)
    Checking rustix-linux-procfs v0.1.1
    Checking rand_core v0.6.4
    Checking tokio-stream v0.1.19
    Checking unicode-ident v1.0.24
    Checking ambient-authority v0.0.2
    Checking const-oid v0.9.6
    Checking appendlist v1.4.0
    Checking hex v0.4.3
    Checking maybe-owned v0.3.4
    Checking boon v0.6.1
    Checking der v0.7.10
    Checking pin-project v1.1.13
    Checking zstd-safe v7.2.4
    Checking crossbeam-deque v0.8.7
    Checking phf v0.13.1
    Checking postgres-types v0.2.14
    Checking opentelemetry v0.31.0
    Checking dirs-sys-next v0.1.2
    Checking whoami v2.1.3
    Checking directories-next v2.0.0
    Checking tokio-postgres v0.7.18
    Checking rayon-core v1.13.0
    Checking zstd v0.13.3
    Checking spki v0.7.3
    Checking wasmtime-internal-unwinder v47.0.4
    Checking io-lifetimes v3.0.1
    Checking rand_chacha v0.3.1
    Checking cranelift-native v0.134.4
    Checking cranelift-frontend v0.134.4
    Checking hyper-rustls v0.27.9
    Checking tower-http v0.6.11
    Checking rustls-platform-verifier v0.7.0
    Checking serde_urlencoded v0.7.1
    Checking wamn-event-wire v0.1.0 (/home/kaalin/dev/wamn/apps/platform/events/wire)
    Checking simd-adler32 v0.3.10
    Checking mime v0.3.17
    Checking adler2 v2.0.1
    Checking miniz_oxide v0.8.9
    Checking axum-core v0.5.6
    Checking curve25519-dalek v4.1.3
    Checking reqwest v0.13.4
    Checking wasmtime-internal-cranelift v47.0.4
    Checking rand v0.8.8
    Checking io-extras v0.19.0
    Checking pkcs8 v0.10.2
    Checking wasmtime-internal-cache v47.0.4
    Checking rayon v1.12.0
    Checking wasmtime-internal-fiber v47.0.4
    Checking ed25519 v2.2.3
    Checking addr2line v0.26.1
    Checking rand_core v0.9.5
    Checking wasmtime-internal-jit-icache-coherence v47.0.4
    Checking memfd v0.6.5
    Checking wasmparser v0.253.0
    Checking futures v0.3.34
    Checking encoding_rs v0.8.35
    Checking id-arena v2.3.0
    Checking matchit v0.8.4
    Checking konst_macro_rules v0.2.19
    Checking konst v0.2.20
    Checking axum v0.8.9
    Checking wasmtime v47.0.4
    Checking rand_chacha v0.9.0
    Checking ed25519-dalek v2.2.0
    Checking signatory v0.27.1
    Checking cap-primitives v4.0.3
    Checking portable-atomic v1.15.0
    Checking flate2 v1.1.9
    Checking prost v0.14.4
    Checking hyper-timeout v0.5.2
    Checking wasmparser v0.254.0
    Checking data-encoding v2.11.0
    Checking wamn-component-policy v0.1.0 (/home/kaalin/dev/wamn/crates/platform/component-policy)
    Checking wamn-catalog v0.1.0 (/home/kaalin/dev/wamn/crates/catalog/model)
    Checking nkeys v0.4.5
    Checking tonic v0.14.6
warning: function `canonical_serialized` is never used
   --> crates/catalog/model/src/lib.rs:791:4
    |
791 | fn canonical_serialized(value: &impl Serialize) -> Vec<u8> {
    |    ^^^^^^^^^^^^^^^^^^^^
    |
    = note: `#[warn(dead_code)]` (part of `#[warn(unused)]`) on by default

warning: `wamn-catalog` (lib) generated 1 warning
    Checking cap-std v4.0.3
    Checking derive_builder v0.20.2
    Checking rand v0.9.5
    Checking wasm-encoder v0.253.0
    Checking io-extras v0.18.4
    Checking const_format v0.2.36
    Checking wamn-schema-introspection v0.1.0 (/home/kaalin/dev/wamn/crates/schema/introspection)
    Checking sharded-slab v0.1.7
    Checking matchers v0.2.0
    Checking webpki-roots v1.0.9
    Checking tracing-log v0.2.0
    Checking tracing-serde v0.2.0
    Checking futures-executor v0.3.34
    Checking tryhard v0.5.2
    Checking serde_nanos v0.1.4
    Checking thread_local v1.1.10
    Checking nu-ansi-term v0.50.3
    Checking strum v0.27.2
    Checking wamn-pg-core v0.1.0 (/home/kaalin/dev/wamn/crates/platform/pg-core)
    Checking oci-spec v0.9.0
    Checking tracing-subscriber v0.3.23
    Checking async-nats v0.49.1
    Checking opentelemetry_sdk v0.31.0
    Checking wamn-schema-generator v0.1.0 (/home/kaalin/dev/wamn/crates/schema/generator)
    Checking wasm-metadata v0.253.0
    Checking cap-primitives v3.4.6
    Checking tonic-prost v0.14.6
    Checking wiggle v47.0.4
    Checking cap-fs-ext v4.0.3
    Checking wasmtime-wasi-io v47.0.4
    Checking wasm-encoder v0.254.0
    Checking wit-parser v0.253.0
    Checking jsonwebtoken v10.4.0
    Checking castaway v0.2.4
    Checking olpc-cjson v0.1.4
    Checking num-integer v0.1.47
    Checking wamn-control-registry v0.1.0 (/home/kaalin/dev/wamn/crates/control/registry)
    Checking http-auth v0.1.10
    Checking unicode-segmentation v1.13.3
    Checking unicase v2.9.0
    Checking unicode-width v0.2.2
    Checking static_assertions v1.1.0
    Checking compact_str v0.9.1
    Checking unicode-truncate v2.0.1
    Checking oci-client v0.17.0
    Checking num-bigint v0.4.8
    Checking strum v0.28.0
    Checking wit-component v0.253.0
    Checking wasm-metadata v0.254.0
    Checking wasmtime-wasi v47.0.4
    Checking opentelemetry-proto v0.31.0
    Checking cap-std v3.4.6
    Checking wamn-run-state v0.1.0 (/home/kaalin/dev/wamn/crates/execution/run-state)
    Checking wit-parser v0.254.0
    Checking opentelemetry-http v0.31.0
    Checking arc-swap v1.9.2
    Checking crossbeam-channel v0.5.16
    Checking itertools v0.13.0
    Checking kasuari v0.4.12
    Checking combine v4.6.8
    Checking deadpool-runtime v0.3.1
    Checking pbjson v0.8.0
    Checking lru v0.18.4
    Checking utf8parse v0.2.2
    Checking humantime v2.4.0
    Checking spin v0.10.1
    Checking home v0.5.12
    Checking fastrand v2.5.0
    Checking tagptr v0.2.0
    Checking moka v0.12.16
    Checking tempfile v3.27.0
    Checking etcetera v0.10.0
    Checking crc-fast v1.10.0
    Checking anstyle-parse v1.0.0
    Checking ratatui-core v0.1.2
    Checking pbjson-types v0.8.0
    Checking deadpool v0.13.1
    Checking redis v0.27.6
    Checking wasmtime-wasi-http v47.0.4
    Checking opentelemetry-otlp v0.31.1
    Checking wit-component v0.254.0
    Checking wamn-control-provision v0.1.0 (/home/kaalin/dev/wamn/crates/control/provision)
    Checking cap-net-ext v3.4.6
    Checking bon v3.10.0
    Checking oci-wasm v0.6.0
    Checking signal-hook v0.3.18
    Checking names v0.14.0
    Checking opentelemetry-appender-tracing v0.31.1
    Checking tracing-opentelemetry v0.32.1
    Checking webpki-roots v0.26.11
    Checking itertools v0.15.0
    Checking docker_credential v1.4.0
    Checking quick-xml v0.41.0
    Checking sysinfo v0.32.1
    Checking hostname v0.4.2
    Checking is_terminal_polyfill v1.70.2
    Checking colorchoice v1.0.5
    Checking anstyle v1.0.14
    Checking opentelemetry-semantic-conventions v0.31.0
    Checking anstyle-query v1.1.5
    Checking wash-runtime v2.9.0 (https://github.com/wasmCloud/wasmCloud?rev=68ebece9c537f8bb4b5c9999f274ec68d60f35a9#68ebece9)
    Checking anstream v1.0.0
    Checking object_store v0.14.1
    Checking derive_more v2.1.1
    Checking signal-hook-mio v0.2.5
    Checking deadpool-postgres v0.14.2
    Checking wamn-router v0.1.0 (/home/kaalin/dev/wamn/crates/execution/router)
    Checking wamn-platform-identity v0.1.0 (/home/kaalin/dev/wamn/crates/identity/platform)
    Checking clap_lex v1.1.0
    Checking strsim v0.11.1
    Checking clap_builder v4.6.6
    Checking crossterm v0.29.0
    Checking jmespath v0.3.0
    Checking line-clipping v0.3.8
    Checking ratatui-widgets v0.3.2
    Checking clap v4.6.6
    Checking wamn-event-reg v0.1.0 (/home/kaalin/dev/wamn/apps/platform/events/registration)
    Checking ratatui-crossterm v0.1.2
    Checking wamn-client v0.1.0 (/home/kaalin/dev/wamn/crates/client/core)
    Checking wamn-authoring-model v0.1.0 (/home/kaalin/dev/wamn/crates/authoring/model)
    Checking wamn-client-tui v0.1.0 (/home/kaalin/dev/wamn/crates/client/tui)
    Checking ratatui v0.30.2
    Checking wamn-schema-control v0.1.0 (/home/kaalin/dev/wamn/crates/schema/control)
    Checking yasna v0.6.0
    Checking pem v3.0.6
    Checking rcgen v0.14.8
    Checking wamn-client-terminal v0.1.0 (/home/kaalin/dev/wamn/crates/client/terminal)
    Checking proc-macro2 v1.0.107
    Checking unsafe-libyaml v0.2.11
    Checking serde_yaml v0.9.34+deprecated
    Checking quote v1.0.47
   Compiling wamn-proof-system v0.1.0 (/home/kaalin/dev/wamn/tests/system)
    Checking syn v2.0.119
    Checking wamn-runtime v0.1.0 (/home/kaalin/dev/wamn/crates/platform/runtime)
    Checking wamn-test-infrastructure v0.1.0 (/home/kaalin/dev/wamn/test-support/infrastructure)
warning: the item `Future` is imported redundantly
 --> crates/platform/runtime/src/connection_authority.rs:3:5
  |
3 | use std::future::Future;
  |     ^^^^^^^^^^^^^^^^^^^
  |
 --> /rustc/88d9e12ae178fab0fb5cc050a94da85685d449ea/library/std/src/prelude/mod.rs:166:12
  |
  = note: the item `Future` is already defined here
  |
  = note: requested on the command line with `-W redundant-imports`

    Checking pg_walstream v0.8.0 (https://github.com/dkkloimwieder/pg-walstream?rev=0b007cd627bb913d4b159c705a106b6d4152c91a#0b007cd6)
    Checking wasm-encoder v0.251.0
warning: constant `HTTP_CONTRACT` is never used
  --> crates/platform/runtime/src/plugins/connection_http.rs:56:7
   |
56 | const HTTP_CONTRACT: &str = "wamn:connection/http@0.1.0";
   |       ^^^^^^^^^^^^^
   |
   = note: `#[warn(dead_code)]` (part of `#[warn(unused)]`) on by default

warning: type does not implement `std::fmt::Debug`; consider adding `#[derive(Debug)]` or a manual implementation
   --> crates/platform/runtime/src/plugins/connection_http.rs:131:1
    |
131 | / pub struct ConnectionHttp {
132 | |     postgres: Arc<WamnPostgres>,
133 | |     transport: Arc<HttpTransport>,
134 | |     vault: Arc<WamnCredentials>,
...   |
151 | |     invocations: std::sync::RwLock<HashMap<String, ConnectionInvocation>>,
152 | | }
    | |_^
    |
    = note: requested on the command line with `-W missing-debug-implementations`

warning: type does not implement `std::fmt::Debug`; consider adding `#[derive(Debug)]` or a manual implementation
  --> crates/platform/runtime/src/plugins/wamn_credentials.rs:27:1
   |
27 | / pub struct WamnCredentials {
28 | |     /// Whether ANY backing source was configured. Distinguishes `unavailable`
29 | |     /// (no source — retryable) from `not-found` (source present, name absent —
30 | |     /// config-shaped).
...  |
33 | |     projects: HashMap<String, HashMap<String, String>>,
34 | | }
   | |_^

warning: type does not implement `std::fmt::Debug`; consider adding `#[derive(Debug)]` or a manual implementation
   --> crates/platform/runtime/src/plugins/wamn_jetstream.rs:507:1
    |
507 | / pub struct WamnJetstream {
508 | |     nats_url: Option<String>,
509 | |     stream_replicas: Option<usize>,
510 | |     dup_window_secs: Option<u64>,
...   |
536 | |     release: Option<Arc<ReleaseManifestWeld>>,
537 | | }
    | |_^

warning: type does not implement `std::fmt::Debug`; consider adding `#[derive(Debug)]` or a manual implementation
   --> crates/platform/runtime/src/plugins/wamn_logging.rs:213:1
    |
213 | / pub struct Capture {
214 | |     records: std::sync::Mutex<Vec<CapturedRec>>,
215 | | }
    | |_^

warning: type does not implement `std::fmt::Debug`; consider adding `#[derive(Debug)]` or a manual implementation
   --> crates/platform/runtime/src/plugins/wamn_logging.rs:235:1
    |
235 | / pub struct WamnLogging {
236 | |     /// component id → host-trusted {tenant, project}.
237 | |     claims: std::sync::RwLock<HashMap<String, Claim>>,
238 | |     /// Bounded front queue; `try_send` keeps `log()` non-blocking.
...   |
243 | |     _drain: tokio::task::JoinHandle<()>,
244 | | }
    | |_^

warning: type does not implement `std::fmt::Debug`; consider adding `#[derive(Debug)]` or a manual implementation
   --> crates/platform/runtime/src/plugins/wamn_postgres/claims.rs:54:1
    |
 54 | / pub struct WamnPostgres {
 55 | |     /// Resolves a project id → its database connection + policy.
 56 | |     provider: Arc<dyn CredentialProvider>,
 57 | |     /// Guest-visible project pools, built lazily and never shared with host-owned
...   |
117 | |     pub(super) bind_counters: super::BindCounters,
118 | | }
    | |_^

warning: type does not implement `std::fmt::Debug`; consider adding `#[derive(Debug)]` or a manual implementation
   --> crates/platform/runtime/src/plugins/wamn_postgres/pool.rs:248:1
    |
248 | / pub struct StaticCredentialProvider {
249 | |     projects: HashMap<String, ProjectConfig>,
250 | | }
    | |_^

warning: type does not implement `std::fmt::Debug`; consider adding `#[derive(Debug)]` or a manual implementation
   --> crates/platform/runtime/src/plugins/wamn_postgres/pool.rs:423:1
    |
423 | / pub struct K8sSecretProvider {
424 | |     pub namespace: String,
425 | | }
    | |_^

warning: type does not implement `std::fmt::Debug`; consider adding `#[derive(Debug)]` or a manual implementation
   --> crates/platform/runtime/src/plugins/wamn_postgres/resources.rs:99:1
    |
 99 | / pub struct PgTransaction {
100 | |     state: SharedTxnState,
101 | |     destroyed: Arc<AtomicU64>,
102 | |     cursor_seq: u32,
103 | |     /// Row limit of the project this transaction's connection belongs to.
104 | |     row_limit: u64,
105 | | }
    | |_^

warning: type does not implement `std::fmt::Debug`; consider adding `#[derive(Debug)]` or a manual implementation
   --> crates/platform/runtime/src/plugins/wamn_postgres/resources.rs:145:1
    |
145 | / pub struct PgCursor {
146 | |     state: SharedTxnState,
147 | |     destroyed: Arc<AtomicU64>,
148 | |     name: String,
149 | | }
    | |_^

warning: `wamn-runtime` (lib) generated 12 warnings
    Checking wamn-ctl v0.1.0 (/home/kaalin/dev/wamn/services/ctl)
    Checking wamn-execution-host v0.1.0 (/home/kaalin/dev/wamn/crates/execution/host)
    Checking wamn-scenario-worker v0.1.0 (/home/kaalin/dev/wamn/services/scenario-worker)
warning: function `run_once_stages` is never used
   --> services/ctl/src/dev.rs:604:10
    |
604 | async fn run_once_stages<R>(
    |          ^^^^^^^^^^^^^^^
    |
    = note: `#[warn(dead_code)]` (part of `#[warn(unused)]`) on by default

warning: function `verify_source_package_with_client` is never used
    --> services/ctl/src/push_component.rs:1301:10
     |
1301 | async fn verify_source_package_with_client(
     |          ^^^^^^^^^^^^^^^^^^^^^^^^^^^^^^^^^

warning: type does not implement `std::fmt::Debug`; consider adding `#[derive(Debug)]` or a manual implementation
   --> services/scenario-worker/src/authoring.rs:218:1
    |
218 | / pub struct InternalAuthoringBackend {
219 | |     authority: InternalDevAdmin,
220 | |     client: Client,
221 | |     connection_task: tokio::task::JoinHandle<()>,
222 | |     tenant_id: Box<str>,
223 | |     source_schema: BareSchemaName,
224 | | }
    | |_^
    |
    = note: requested on the command line with `-W missing-debug-implementations`

warning: type does not implement `std::fmt::Debug`; consider adding `#[derive(Debug)]` or a manual implementation
   --> services/scenario-worker/src/store/admission.rs:316:1
    |
316 | / pub struct AdmissionSurface {
317 | |     /// The explicit credential and exact server-side predicates are retained so
318 | |     /// every replacement physical connection is checked identically.
319 | |     probe: CredentialExactnessProbe,
...   |
322 | |     tenant_id: Box<str>,
323 | | }
    | |_^

warning: `wamn-ctl` (lib) generated 2 warnings
    Checking wamn-gate-harness v0.1.0 (/home/kaalin/dev/wamn/test-support/harness)
warning: `wamn-scenario-worker` (lib) generated 2 warnings
warning: type does not implement `std::fmt::Debug`; consider adding `#[derive(Debug)]` or a manual implementation
  --> test-support/harness/src/ceiling.rs:72:1
   |
72 | / pub struct Ramp {
73 | |     tolerance: f64,
74 | |     max_levels: usize,
75 | |     levels: Vec<LevelStats>,
...  |
82 | |     retrying: bool,
83 | | }
   | |_^
   |
   = note: requested on the command line with `-W missing-debug-implementations`

warning: `wamn-gate-harness` (lib) generated 1 warning
    Checking wamn-proof-conformance v0.1.0 (/home/kaalin/dev/wamn/tests/conformance)
    Checking wamn-proof-integration v0.1.0 (/home/kaalin/dev/wamn/tests/integration)
warning: function `models` is never used
  --> tests/integration/src/measurement_schema.rs:25:8
   |
25 | pub fn models(schema: &str) -> Vec<ManagedModel> {
   |        ^^^^^^
   |
   = note: `#[warn(dead_code)]` (part of `#[warn(unused)]`) on by default

warning: field `release` is never read
   --> tests/integration/src/trusted_http_route.rs:110:16
    |
105 | pub struct TrustedHttpRoute {
    |            ---------------- field in this struct
...
110 |     pub(crate) release: Arc<ReleaseManifestWeld>,
    |                ^^^^^^^

warning: type does not implement `std::fmt::Debug`; consider adding `#[derive(Debug)]` or a manual implementation
   --> tests/integration/src/trusted_http_route.rs:105:1
    |
105 | / pub struct TrustedHttpRoute {
106 | |     pub driver: Arc<RouterDriver>,
107 | |     /// The same welded release the driver authorizes. Callers that exercise a
108 | |     /// release-owned ingress plugin must share this exact weld rather than mint
...   |
116 | |     pub wiring_hash: String,
117 | | }
    | |_^
    |
    = note: requested on the command line with `-W missing-debug-implementations`

warning: `wamn-proof-integration` (lib) generated 3 warnings
    Checking wamn-gates v0.1.0 (/home/kaalin/dev/wamn/tests/orchestrator)
    Finished `dev` profile [unoptimized + debuginfo] target(s) in 3m 27s
