2026-09-09T03:50:18.597534Z  INFO connected to NATS
2026-09-09T03:50:18.616360Z  INFO wiring activation doorbell listening; dropped every cached pointer channel="wamn_wiring_activation" dropped=0
2026-09-09T03:50:18.699487Z  INFO release component pull completed component_digest=sha256:49f05bdc5ad9063ea219ece441076aa7601e2f299932fe5573f9a712b2f0383e component_bytes=466355 elapsed_ms=14
2026-09-09T03:50:18.702279Z  INFO release component pull completed component_digest=sha256:0d03e48ca79b13b6fbdace12977a4ed1c91a7208d22d62fd242542f1b0695229 component_bytes=668833 elapsed_ms=17
2026-09-09T03:50:19.138011Z  INFO release component compilation completed component_digest=sha256:49f05bdc5ad9063ea219ece441076aa7601e2f299932fe5573f9a712b2f0383e compile_ms=438 compile_wall_ms=438
2026-09-09T03:50:19.143711Z  INFO release component compilation completed component_digest=sha256:0d03e48ca79b13b6fbdace12977a4ed1c91a7208d22d62fd242542f1b0695229 compile_ms=441 compile_wall_ms=441
2026-09-09T03:50:19.144043Z  WARN wamn.component.linker_setup:wamn.linker.register: component imports wamn:postgres but sets no wamn.tenant; calls will be refused component="receiving#0"
2026-09-09T03:50:19.144334Z  INFO release component instantiation completed component_digest=sha256:0d03e48ca79b13b6fbdace12977a4ed1c91a7208d22d62fd242542f1b0695229 elapsed_ms=0 total_elapsed_ms=459
2026-09-09T03:50:19.144650Z  WARN wamn.component.linker_setup:wamn.linker.register: component imports wamn:postgres but sets no wamn.tenant; calls will be refused component="client_acme_receiving#1"
2026-09-09T03:50:19.144863Z  INFO release component instantiation completed component_digest=sha256:49f05bdc5ad9063ea219ece441076aa7601e2f299932fe5573f9a712b2f0383e elapsed_ms=0 total_elapsed_ms=460
2026-09-09T03:50:19.144888Z  INFO synchronous release preload completed synchronous_wirings=13 component_digests=2 elapsed_ms=533
2026-09-09T03:50:19.144974Z  INFO release preload completed; component cache warm
2026-09-09T03:50:19.152247Z  INFO wamn-host starting (base plugins: wasi:config, wamn:logging, wasi:otel, wamn:postgres, wamn:jetstream, wamn:flow-http-routing) router_delivery=true
2026-09-09T03:50:19.152258Z  INFO wamn-host welded to its release effective_release_id=2 manifest_digest=sha256:2f80318b589dd384adb36e595ce8318fa5e084f5d2263cc326dfeaeefb1b1263
2026-09-09T03:50:19.152266Z  INFO HTTP server listening addr=0.0.0.0:80 protocol="HTTP"
2026-09-09T03:50:19.152286Z  INFO Starting WASI OTel plugin endpoint=http://otel-collector.wamn-system.svc.cluster.local:4317 protocol="grpc"
2026-09-09T03:50:19.152874Z  INFO WASI OTel plugin started
2026-09-09T03:50:19.152889Z  INFO Host started host_id="70f376dc-6029-4ac0-a6fa-d02a33c5ccaf" friendly_name="reflective-daughter-1723" host_name="10.244.2.9" labels={"hostgroup": "default"} version="2.8.0"
2026-09-09T03:50:19.152986Z  INFO Host provides interfaces count=10 interfaces=["wasi:cli/terminal-input,stderr,terminal-stderr,terminal-stdout,environment,stdin,stdout,terminal-stdin,exit,terminal-output@0.2.0", "wasi:clocks/monotonic-clock,wall-clock@0.2.0", "wasi:clocks/wall-time,monotonic-clock@0.2.0", "wasi:filesystem/types,preopens@0.2.0", "wasi:http/incoming-handler,types,outgoing-handler@0.2.0", "wasi:http/types,handler@0.3.0", "wasi:io/streams,poll,error@0.2.0", "wasi:random/random@0.2.0", "wasi:random/insecure,random,insecure-seed@0.2.0", "wasi:sockets/ip-name-lookup,tcp,instance-network,tcp-create-socket,network,udp-create-socket,udp@0.2.0"]
2026-09-09T03:50:19.153021Z  INFO wamn-host runtime startup completed elapsed_ms=635
2026-09-09T03:50:40.532521Z  INFO workload_start{workload_id=d2c880c5-9e0f-4697-a407-c0a1cd79da77 workload.name="flow-http-session-b-8c4f6b5fc-565d59d47b" workload.namespace="wamn-receiving-journey"}: Starting workload workload_id="d2c880c5-9e0f-4697-a407-c0a1cd79da77" namespace="wamn-receiving-journey" name="flow-http-session-b-8c4f6b5fc-565d59d47b"
2026-09-09T03:50:42.049226Z  WARN handle_http_request{http.method=POST http.uri=/purchase_order/get http.host=receiving.localhost http.request.method=POST url.path=/purchase_order/get server.address="receiving.localhost"}:invoke_component_handler{workload.name="flow-http-session-b-8c4f6b5fc-565d59d47b" workload.namespace="wamn-receiving-journey" workload.id="d2c880c5-9e0f-4697-a407-c0a1cd79da77"}:http.handle:wamn.component.invoke{wamn.tenant=receiving-route-auth wamn.project=receiving wamn.environment=dev wamn.wiring_id=purchase_order_get wamn.wiring_version=1 wamn.component_digest=sha256:0d03e48ca79b13b6fbdace12977a4ed1c91a7208d22d62fd242542f1b0695229 wamn.node_id=operation wamn.operation=wamn-receiving:purchase-order/get@1.0.0 wamn.caller_principal_id="90211b02-d424-49ad-b6c2-e950070d294e" wamn.caller_credential_kind="session"}:wamn.component.linker_setup:wamn.linker.register: component imports wamn:postgres but sets no wamn.tenant; calls will be refused component="receiving#2"
