2026-09-09T03:44:42.265490Z  INFO connected to NATS
2026-09-09T03:44:42.315863Z  INFO wiring activation doorbell listening; dropped every cached pointer channel="wamn_wiring_activation" dropped=0
2026-09-09T03:44:42.487575Z  INFO release component pull completed component_digest=sha256:49f05bdc5ad9063ea219ece441076aa7601e2f299932fe5573f9a712b2f0383e component_bytes=466355 elapsed_ms=31
2026-09-09T03:44:42.487883Z  INFO release component pull completed component_digest=sha256:0d03e48ca79b13b6fbdace12977a4ed1c91a7208d22d62fd242542f1b0695229 component_bytes=668833 elapsed_ms=32
2026-09-09T03:44:43.593851Z  INFO release component compilation completed component_digest=sha256:49f05bdc5ad9063ea219ece441076aa7601e2f299932fe5573f9a712b2f0383e compile_ms=1106 compile_wall_ms=1106
2026-09-09T03:44:43.640797Z  INFO release component compilation completed component_digest=sha256:0d03e48ca79b13b6fbdace12977a4ed1c91a7208d22d62fd242542f1b0695229 compile_ms=1152 compile_wall_ms=1152
2026-09-09T03:44:43.641635Z  WARN wamn.component.linker_setup:wamn.linker.register: component imports wamn:postgres but sets no wamn.tenant; calls will be refused component="receiving#0"
2026-09-09T03:44:43.642196Z  INFO release component instantiation completed component_digest=sha256:0d03e48ca79b13b6fbdace12977a4ed1c91a7208d22d62fd242542f1b0695229 elapsed_ms=1 total_elapsed_ms=1186
2026-09-09T03:44:43.642859Z  WARN wamn.component.linker_setup:wamn.linker.register: component imports wamn:postgres but sets no wamn.tenant; calls will be refused component="client_acme_receiving#1"
2026-09-09T03:44:43.643248Z  INFO release component instantiation completed component_digest=sha256:49f05bdc5ad9063ea219ece441076aa7601e2f299932fe5573f9a712b2f0383e elapsed_ms=0 total_elapsed_ms=1187
2026-09-09T03:44:43.643331Z  INFO synchronous release preload completed synchronous_wirings=13 component_digests=2 elapsed_ms=1345
2026-09-09T03:44:43.643455Z  INFO release preload completed; component cache warm
2026-09-09T03:44:43.654189Z  INFO wamn-host starting (base plugins: wasi:config, wamn:logging, wasi:otel, wamn:postgres, wamn:jetstream, wamn:flow-http-routing) router_delivery=true
2026-09-09T03:44:43.654209Z  INFO wamn-host welded to its release effective_release_id=2 manifest_digest=sha256:2f80318b589dd384adb36e595ce8318fa5e084f5d2263cc326dfeaeefb1b1263
2026-09-09T03:44:43.654224Z  INFO HTTP server listening addr=0.0.0.0:80 protocol="HTTP"
2026-09-09T03:44:43.654277Z  INFO Starting WASI OTel plugin endpoint=http://otel-collector.wamn-system.svc.cluster.local:4317 protocol="grpc"
2026-09-09T03:44:43.655278Z  INFO WASI OTel plugin started
2026-09-09T03:44:43.655363Z  INFO Host started host_id="42156394-1d8c-470d-945e-86b9b5ada59c" friendly_name="wild-hobbies-4792" host_name="10.244.2.7" labels={"hostgroup": "default"} version="2.8.0"
2026-09-09T03:44:43.655520Z  INFO Host provides interfaces count=10 interfaces=["wasi:cli/stdout,terminal-output,terminal-stdout,terminal-stderr,stdin,environment,exit,stderr,terminal-input,terminal-stdin@0.2.0", "wasi:clocks/monotonic-clock,wall-time@0.2.0", "wasi:clocks/monotonic-clock,wall-clock@0.2.0", "wasi:filesystem/preopens,types@0.2.0", "wasi:http/types,handler@0.3.0", "wasi:http/incoming-handler,outgoing-handler,types@0.2.0", "wasi:io/streams,poll,error@0.2.0", "wasi:random/insecure-seed,random,insecure@0.2.0", "wasi:random/random@0.2.0", "wasi:sockets/instance-network,ip-name-lookup,udp-create-socket,network,tcp-create-socket,udp,tcp@0.2.0"]
2026-09-09T03:44:43.655582Z  INFO wamn-host runtime startup completed elapsed_ms=1579
2026-09-09T03:45:11.630435Z  INFO workload_start{workload_id=3b654171-4c19-4cd1-b41f-cc756e5c524e workload.name="flow-http-session-b-59b497dbf4-5b5f5cb57b" workload.namespace="wamn-receiving-journey"}: Starting workload workload_id="3b654171-4c19-4cd1-b41f-cc756e5c524e" namespace="wamn-receiving-journey" name="flow-http-session-b-59b497dbf4-5b5f5cb57b"
2026-09-09T03:45:13.515114Z  WARN handle_http_request{http.method=POST http.uri=/purchase_order/get http.host=receiving.localhost http.request.method=POST url.path=/purchase_order/get server.address="receiving.localhost"}:invoke_component_handler{workload.name="flow-http-session-b-59b497dbf4-5b5f5cb57b" workload.namespace="wamn-receiving-journey" workload.id="3b654171-4c19-4cd1-b41f-cc756e5c524e"}:http.handle:wamn.component.invoke{wamn.tenant=receiving-route-auth wamn.project=receiving wamn.environment=dev wamn.wiring_id=purchase_order_get wamn.wiring_version=1 wamn.component_digest=sha256:0d03e48ca79b13b6fbdace12977a4ed1c91a7208d22d62fd242542f1b0695229 wamn.node_id=operation wamn.operation=wamn-receiving:purchase-order/get@1.0.0 wamn.caller_principal_id="90211b02-d424-49ad-b6c2-e950070d294e" wamn.caller_credential_kind="session"}:wamn.component.linker_setup:wamn.linker.register: component imports wamn:postgres but sets no wamn.tenant; calls will be refused component="receiving#2"
