{
    "apiVersion": "v1",
    "items": [
        {
            "apiVersion": "runtime.wasmcloud.dev/v1alpha1",
            "kind": "Workload",
            "metadata": {
                "annotations": {
                    "runtime.wasmcloud.dev/workload-replica-set-generation": "59c56ccb68"
                },
                "creationTimestamp": "2026-09-09T16:28:13Z",
                "finalizers": [
                    "runtime.wasmcloud.dev/workload-finalizer"
                ],
                "generation": 1,
                "name": "flow-http-55b96f969b-559b95568d",
                "namespace": "wamn-receiving-journey",
                "ownerReferences": [
                    {
                        "apiVersion": "runtime.wasmcloud.dev/v1alpha1",
                        "blockOwnerDeletion": true,
                        "controller": true,
                        "kind": "WorkloadReplicaSet",
                        "name": "flow-http-55b96f969b",
                        "uid": "aa2e650c-9637-4c0c-85b1-e5415148c01b"
                    }
                ],
                "resourceVersion": "2004",
                "uid": "11df82aa-f2af-4fcb-9e3c-d5486be8d0e9"
            },
            "spec": {
                "components": [
                    {
                        "image": "172.28.0.9:5000/wamn/flow-http@sha256:f8a24928c8d1dce785eece87e0765a4a0bb37278488b8f2c1ca62fa49603406a",
                        "imagePullPolicy": "Always",
                        "localResources": {
                            "config": {
                                "wamn.catalog": "default",
                                "wamn.environment": "dev",
                                "wamn.project": "receiving",
                                "wamn.schema": "receiving",
                                "wamn.tenant": "receiving-route-auth"
                            }
                        },
                        "name": "flow-http"
                    }
                ],
                "environment": "wamn-receiving-journey",
                "hostInterfaces": [
                    {
                        "config": {
                            "host": "receiving.localhost"
                        },
                        "interfaces": [
                            "incoming-handler"
                        ],
                        "namespace": "wasi",
                        "package": "http"
                    },
                    {
                        "interfaces": [
                            "routing"
                        ],
                        "namespace": "wamn",
                        "package": "flow-http-routing",
                        "version": "0.1.0"
                    },
                    {
                        "interfaces": [
                            "delivery"
                        ],
                        "namespace": "wamn",
                        "package": "router-delivery",
                        "version": "0.1.0"
                    }
                ],
                "hostSelector": {
                    "hostgroup": "default"
                },
                "kubernetes": {
                    "service": {
                        "name": "flow-http"
                    }
                }
            },
            "status": {
                "conditions": [
                    {
                        "lastTransitionTime": "2026-09-09T16:28:13Z",
                        "reason": "Available",
                        "status": "True",
                        "type": "Config"
                    },
                    {
                        "lastTransitionTime": "2026-09-09T16:28:13Z",
                        "reason": "Available",
                        "status": "True",
                        "type": "HostSelection"
                    },
                    {
                        "lastTransitionTime": "2026-09-09T16:28:13Z",
                        "reason": "Available",
                        "status": "True",
                        "type": "Placement"
                    },
                    {
                        "lastTransitionTime": "2026-09-09T16:31:48Z",
                        "message": "context deadline exceeded",
                        "reason": "Reconcile",
                        "status": "False",
                        "type": "Sync"
                    },
                    {
                        "lastTransitionTime": "2026-09-09T16:32:01Z",
                        "message": "workload is not placed or not synced",
                        "reason": "Reconcile",
                        "status": "False",
                        "type": "Ready"
                    }
                ],
                "environment": "wamn-receiving-journey",
                "hostId": "f0cd804f-04e8-46be-bb73-134d05325abf",
                "workloadId": "11df82aa-f2af-4fcb-9e3c-d5486be8d0e9"
            }
        },
        {
            "apiVersion": "runtime.wasmcloud.dev/v1alpha1",
            "kind": "Workload",
            "metadata": {
                "annotations": {
                    "kubectl.kubernetes.io/last-applied-configuration": "{\"apiVersion\":\"runtime.wasmcloud.dev/v1alpha1\",\"kind\":\"Workload\",\"metadata\":{\"annotations\":{},\"labels\":{\"app\":\"flow-http-cross-environment\"},\"name\":\"flow-http-cross-environment\",\"namespace\":\"wamn-receiving-journey\"},\"spec\":{\"components\":[{\"image\":\"172.28.0.9:5000/wamn/flow-http@sha256:f8a24928c8d1dce785eece87e0765a4a0bb37278488b8f2c1ca62fa49603406a\",\"imagePullPolicy\":\"Always\",\"localResources\":{\"config\":{\"wamn.catalog\":\"default\",\"wamn.environment\":\"dev\",\"wamn.project\":\"receiving\",\"wamn.schema\":\"receiving\",\"wamn.tenant\":\"receiving-route-auth\"}},\"name\":\"flow-http\"}],\"environment\":\"wamn-receiving-journey-denied\",\"hostInterfaces\":[{\"config\":{\"host\":\"receiving.localhost\"},\"interfaces\":[\"incoming-handler\"],\"namespace\":\"wasi\",\"package\":\"http\"},{\"interfaces\":[\"routing\"],\"namespace\":\"wamn\",\"package\":\"flow-http-routing\",\"version\":\"0.1.0\"},{\"interfaces\":[\"delivery\"],\"namespace\":\"wamn\",\"package\":\"router-delivery\",\"version\":\"0.1.0\"}],\"hostSelector\":{\"hostgroup\":\"default\"},\"kubernetes\":{\"service\":{\"name\":\"flow-http\"}}}}\n"
                },
                "creationTimestamp": "2026-09-09T16:29:13Z",
                "finalizers": [
                    "runtime.wasmcloud.dev/workload-finalizer"
                ],
                "generation": 1,
                "labels": {
                    "app": "flow-http-cross-environment"
                },
                "name": "flow-http-cross-environment",
                "namespace": "wamn-receiving-journey",
                "resourceVersion": "1560",
                "uid": "c1602d75-ca4b-4250-acab-523096ff8802"
            },
            "spec": {
                "components": [
                    {
                        "image": "172.28.0.9:5000/wamn/flow-http@sha256:f8a24928c8d1dce785eece87e0765a4a0bb37278488b8f2c1ca62fa49603406a",
                        "imagePullPolicy": "Always",
                        "localResources": {
                            "config": {
                                "wamn.catalog": "default",
                                "wamn.environment": "dev",
                                "wamn.project": "receiving",
                                "wamn.schema": "receiving",
                                "wamn.tenant": "receiving-route-auth"
                            }
                        },
                        "name": "flow-http"
                    }
                ],
                "environment": "wamn-receiving-journey-denied",
                "hostInterfaces": [
                    {
                        "config": {
                            "host": "receiving.localhost"
                        },
                        "interfaces": [
                            "incoming-handler"
                        ],
                        "namespace": "wasi",
                        "package": "http"
                    },
                    {
                        "interfaces": [
                            "routing"
                        ],
                        "namespace": "wamn",
                        "package": "flow-http-routing",
                        "version": "0.1.0"
                    },
                    {
                        "interfaces": [
                            "delivery"
                        ],
                        "namespace": "wamn",
                        "package": "router-delivery",
                        "version": "0.1.0"
                    }
                ],
                "hostSelector": {
                    "hostgroup": "default"
                },
                "kubernetes": {
                    "service": {
                        "name": "flow-http"
                    }
                }
            },
            "status": {
                "conditions": [
                    {
                        "lastTransitionTime": "2026-09-09T16:29:13Z",
                        "reason": "Available",
                        "status": "True",
                        "type": "Config"
                    },
                    {
                        "lastTransitionTime": "2026-09-09T16:29:13Z",
                        "message": "workload targets Environment \"wamn-receiving-journey-denied\" but operator has allowSharedHosts=false",
                        "reason": "Reconcile",
                        "status": "False",
                        "type": "HostSelection"
                    },
                    {
                        "lastTransitionTime": "2026-09-09T16:29:13Z",
                        "message": "status unknown: waiting for Host Selection",
                        "reason": "Reconcile",
                        "status": "Unknown",
                        "type": "Placement"
                    },
                    {
                        "lastTransitionTime": "2026-09-09T16:29:13Z",
                        "message": "status unknown: workload is not placed yet",
                        "reason": "Reconcile",
                        "status": "Unknown",
                        "type": "Sync"
                    },
                    {
                        "lastTransitionTime": "2026-09-09T16:29:13Z",
                        "message": "workload is not placed or not synced",
                        "reason": "Reconcile",
                        "status": "False",
                        "type": "Ready"
                    }
                ]
            }
        },
        {
            "apiVersion": "runtime.wasmcloud.dev/v1alpha1",
            "kind": "Workload",
            "metadata": {
                "annotations": {
                    "runtime.wasmcloud.dev/workload-replica-set-generation": "fcd68464f"
                },
                "creationTimestamp": "2026-09-09T16:28:17Z",
                "finalizers": [
                    "runtime.wasmcloud.dev/workload-finalizer"
                ],
                "generation": 1,
                "name": "receiving-materializer-65bf75b8cb-578b4d5c56",
                "namespace": "wamn-receiving-journey",
                "ownerReferences": [
                    {
                        "apiVersion": "runtime.wasmcloud.dev/v1alpha1",
                        "blockOwnerDeletion": true,
                        "controller": true,
                        "kind": "WorkloadReplicaSet",
                        "name": "receiving-materializer-65bf75b8cb",
                        "uid": "06b26000-6260-4431-a3c2-650774a50a02"
                    }
                ],
                "resourceVersion": "1988",
                "uid": "c0aa8195-e4ae-4d60-90ce-b6cd4803d272"
            },
            "spec": {
                "environment": "wamn-receiving-journey",
                "hostInterfaces": [
                    {
                        "interfaces": [
                            "types",
                            "client"
                        ],
                        "namespace": "wamn",
                        "package": "postgres",
                        "version": "0.1.0"
                    },
                    {
                        "interfaces": [
                            "types",
                            "consumer"
                        ],
                        "namespace": "wamn",
                        "package": "jetstream",
                        "version": "0.1.0"
                    },
                    {
                        "interfaces": [
                            "routing"
                        ],
                        "namespace": "wamn",
                        "package": "flow-http-routing",
                        "version": "0.1.0"
                    },
                    {
                        "interfaces": [
                            "delivery"
                        ],
                        "namespace": "wamn",
                        "package": "router-delivery",
                        "version": "0.1.0"
                    }
                ],
                "hostSelector": {
                    "hostgroup": "default"
                },
                "service": {
                    "image": "172.28.0.9:5000/wamn/materializer@sha256:d54980345a83eba5b8f9669118eb3d3a767fba54497a2d7c2a35b6c4f824a92c",
                    "imagePullPolicy": "Always",
                    "localResources": {
                        "config": {
                            "wamn.environment": "dev",
                            "wamn.postgres.authority": "event-materializer",
                            "wamn.project": "receiving",
                            "wamn.tenant": "receiving-route-auth"
                        },
                        "environment": {
                            "config": {
                                "WAMN_MAT_ENV": "dev",
                                "WAMN_MAT_FETCH_MS": "500",
                                "WAMN_MAT_MAX_DELIVER": "5",
                                "WAMN_MAT_ORG": "acme",
                                "WAMN_MAT_PROJECT": "receiving",
                                "WAMN_MAT_STREAM": "EVT_acme_dev",
                                "WAMN_MAT_SWEEP_MS": "500",
                                "WAMN_MAT_TENANT": "receiving-route-auth"
                            }
                        }
                    },
                    "maxRestarts": 5
                }
            },
            "status": {
                "conditions": [
                    {
                        "lastTransitionTime": "2026-09-09T16:28:17Z",
                        "reason": "Available",
                        "status": "True",
                        "type": "Config"
                    },
                    {
                        "lastTransitionTime": "2026-09-09T16:28:17Z",
                        "reason": "Available",
                        "status": "True",
                        "type": "HostSelection"
                    },
                    {
                        "lastTransitionTime": "2026-09-09T16:28:17Z",
                        "reason": "Available",
                        "status": "True",
                        "type": "Placement"
                    },
                    {
                        "lastTransitionTime": "2026-09-09T16:31:54Z",
                        "message": "context deadline exceeded",
                        "reason": "Reconcile",
                        "status": "False",
                        "type": "Sync"
                    },
                    {
                        "lastTransitionTime": "2026-09-09T16:28:17Z",
                        "reason": "Available",
                        "status": "True",
                        "type": "Ready"
                    }
                ],
                "environment": "wamn-receiving-journey",
                "hostId": "3f306643-1816-4547-8c24-0c57a72f50c0",
                "workloadId": "c0aa8195-e4ae-4d60-90ce-b6cd4803d272"
            }
        }
    ],
    "kind": "List",
    "metadata": {
        "resourceVersion": ""
    }
}
