2026-09-04T17:07:17.318462Z  INFO connected to NATS
2026-09-04T17:07:17.537624Z  INFO wiring activation doorbell listening; dropped every cached pointer channel="wamn_wiring_activation" dropped=0
2026-09-04T17:07:20.454198Z  INFO release component pull completed component_digest=sha256:9b101fefec3b115f6ed15f4812a70e7cf37255e0d24222ae18e676bc07dc7e8e component_bytes=10019001 elapsed_ms=2617
2026-09-04T17:07:20.464451Z  INFO release component pull completed component_digest=sha256:498894030af16b22edaf7f0b2104b90673efdc0e32d2a85459368fa308ad8296 component_bytes=20634368 elapsed_ms=2629
2026-09-04T17:07:20.869506Z  INFO release component compilation completed component_digest=sha256:9b101fefec3b115f6ed15f4812a70e7cf37255e0d24222ae18e676bc07dc7e8e compile_ms=413 compile_wall_ms=415
2026-09-04T17:08:01.756533Z  INFO release component compilation completed component_digest=sha256:498894030af16b22edaf7f0b2104b90673efdc0e32d2a85459368fa308ad8296 compile_ms=41290 compile_wall_ms=41291
2026-09-04T17:08:01.758639Z  WARN wamn.component.linker_setup: component imports wamn:postgres but sets no wamn.tenant; calls will be refused component="0d810bea-b6cc-43b1-a322-12b6e99c4bb7"
2026-09-04T17:08:01.762333Z  INFO release component instantiation completed component_digest=sha256:498894030af16b22edaf7f0b2104b90673efdc0e32d2a85459368fa308ad8296 elapsed_ms=5 total_elapsed_ms=43927
2026-09-04T17:08:01.764387Z  WARN wamn.component.linker_setup: component imports wamn:postgres but sets no wamn.tenant; calls will be refused component="1bc08283-d1b1-482c-81ed-a97548e3f854"
2026-09-04T17:08:01.767169Z  INFO release component instantiation completed component_digest=sha256:9b101fefec3b115f6ed15f4812a70e7cf37255e0d24222ae18e676bc07dc7e8e elapsed_ms=4 total_elapsed_ms=43930
2026-09-04T17:08:01.767306Z  INFO synchronous release preload completed synchronous_wirings=13 component_digests=2 elapsed_ms=44314
2026-09-04T17:08:01.767541Z  INFO release preload completed; component cache warm
2026-09-04T17:08:01.800632Z  INFO wamn-host starting (base plugins: wasi:config, wamn:logging, wasi:otel, wamn:postgres, wamn:jetstream, wamn:flow-http-routing) router_delivery=true
2026-09-04T17:08:01.800711Z  INFO wamn-host welded to its release effective_release_id=1 manifest_digest=sha256:05b41e28ad68505f7102b48e844a903269c6443a71ad6f83c9e6c467ca276c4e
2026-09-04T17:08:01.800814Z  INFO HTTP server listening addr=0.0.0.0:80 protocol="HTTP"
2026-09-04T17:08:01.800910Z  INFO Starting WASI OTel plugin endpoint=http://otel-collector.wamn-system.svc.cluster.local:4317 protocol="grpc"
2026-09-04T17:08:01.801977Z  INFO WASI OTel plugin started
2026-09-04T17:08:01.802066Z  INFO Host started host_id="2073506a-8099-4273-b762-47c5bd8b6605" friendly_name="unhealthy-hall-9135" host_name="10.244.2.6" labels={"hostgroup": "default"} version="2.8.0"
2026-09-04T17:08:01.802535Z  INFO Host provides interfaces count=10 interfaces=["wasi:cli/exit,stdin,terminal-output,terminal-stderr,terminal-input,stdout,environment,terminal-stdout,stderr,terminal-stdin@0.2.0", "wasi:clocks/wall-time,monotonic-clock@0.2.0", "wasi:clocks/monotonic-clock,wall-clock@0.2.0", "wasi:filesystem/types,preopens@0.2.0", "wasi:http/types,incoming-handler,outgoing-handler@0.2.0", "wasi:http/handler,types@0.3.0", "wasi:io/streams,error,poll@0.2.0", "wasi:random/random@0.2.0", "wasi:random/random,insecure-seed,insecure@0.2.0", "wasi:sockets/instance-network,tcp-create-socket,udp-create-socket,udp,tcp,ip-name-lookup,network@0.2.0"]
2026-09-04T17:08:01.802635Z  INFO wamn-host runtime startup completed elapsed_ms=44907
2026-09-04T17:08:08.608369Z  INFO workload_start{workload_id=6c85dc47-091f-4ac0-b7a6-0d9aef3b6c52 workload.name="flow-http-95c785c99-7965b86595" workload.namespace="wamn-receiving-journey"}: Starting workload workload_id="6c85dc47-091f-4ac0-b7a6-0d9aef3b6c52" namespace="wamn-receiving-journey" name="flow-http-95c785c99-7965b86595"
2026-09-04T17:08:22.223031Z  WARN handle_http_request{http.method=POST http.uri=/purchase_order/get http.host=receiving.localhost http.request.method=POST url.path=/purchase_order/get server.address="receiving.localhost"}:invoke_component_handler{workload.name="flow-http-95c785c99-7965b86595" workload.namespace="wamn-receiving-journey" workload.id="6c85dc47-091f-4ac0-b7a6-0d9aef3b6c52"}:wamn.component.invoke{wamn.tenant=receiving-route-auth wamn.project=receiving wamn.environment=dev wamn.wiring_id=purchase_order_get wamn.wiring_version=1 wamn.component_digest=sha256:498894030af16b22edaf7f0b2104b90673efdc0e32d2a85459368fa308ad8296 wamn.node_id=operation wamn.operation=wamn-receiving:purchase-order/get@1.0.0 wamn.caller_principal_id="0641e280-6d0a-457a-811b-036a9cda4d64"}:wamn.component.linker_setup: component imports wamn:postgres but sets no wamn.tenant; calls will be refused component="d05d4050-b74d-4991-83ac-b0bd85308ff8"
2026-09-04T17:08:22.379863Z  WARN handle_http_request{http.method=POST http.uri=/purchase_order/get http.host=receiving.localhost http.request.method=POST url.path=/purchase_order/get server.address="receiving.localhost"}:invoke_component_handler{workload.name="flow-http-95c785c99-7965b86595" workload.namespace="wamn-receiving-journey" workload.id="6c85dc47-091f-4ac0-b7a6-0d9aef3b6c52"}:wamn.component.invoke{wamn.tenant=receiving-route-auth wamn.project=receiving wamn.environment=dev wamn.wiring_id=purchase_order_get wamn.wiring_version=1 wamn.component_digest=sha256:498894030af16b22edaf7f0b2104b90673efdc0e32d2a85459368fa308ad8296 wamn.node_id=operation wamn.operation=wamn-receiving:purchase-order/get@1.0.0 wamn.caller_principal_id="0641e280-6d0a-457a-811b-036a9cda4d64"}:wamn.component.linker_setup: component imports wamn:postgres but sets no wamn.tenant; calls will be refused component="b3184999-3ea0-477f-b688-3ccf915dd7c1"
2026-09-04T17:08:22.490989Z  WARN handle_http_request{http.method=POST http.uri=/purchase_order/get http.host=receiving.localhost http.request.method=POST url.path=/purchase_order/get server.address="receiving.localhost"}:invoke_component_handler{workload.name="flow-http-95c785c99-7965b86595" workload.namespace="wamn-receiving-journey" workload.id="6c85dc47-091f-4ac0-b7a6-0d9aef3b6c52"}:wamn.component.invoke{wamn.tenant=receiving-route-auth wamn.project=receiving wamn.environment=dev wamn.wiring_id=purchase_order_get wamn.wiring_version=1 wamn.component_digest=sha256:498894030af16b22edaf7f0b2104b90673efdc0e32d2a85459368fa308ad8296 wamn.node_id=operation wamn.operation=wamn-receiving:purchase-order/get@1.0.0 wamn.caller_principal_id="0641e280-6d0a-457a-811b-036a9cda4d64"}:wamn.component.linker_setup: component imports wamn:postgres but sets no wamn.tenant; calls will be refused component="46287b87-f8de-45b2-8583-73e080159bbb"
2026-09-04T17:08:22.600776Z  WARN handle_http_request{http.method=POST http.uri=/purchase_order/get http.host=receiving.localhost http.request.method=POST url.path=/purchase_order/get server.address="receiving.localhost"}:invoke_component_handler{workload.name="flow-http-95c785c99-7965b86595" workload.namespace="wamn-receiving-journey" workload.id="6c85dc47-091f-4ac0-b7a6-0d9aef3b6c52"}:wamn.component.invoke{wamn.tenant=receiving-route-auth wamn.project=receiving wamn.environment=dev wamn.wiring_id=purchase_order_get wamn.wiring_version=1 wamn.component_digest=sha256:498894030af16b22edaf7f0b2104b90673efdc0e32d2a85459368fa308ad8296 wamn.node_id=operation wamn.operation=wamn-receiving:purchase-order/get@1.0.0 wamn.caller_principal_id="0641e280-6d0a-457a-811b-036a9cda4d64"}:wamn.component.linker_setup: component imports wamn:postgres but sets no wamn.tenant; calls will be refused component="54119343-7088-4be6-b3d7-cbe5a460da59"
2026-09-04T17:08:22.724830Z  WARN handle_http_request{http.method=POST http.uri=/purchase_order/get http.host=receiving.localhost http.request.method=POST url.path=/purchase_order/get server.address="receiving.localhost"}:invoke_component_handler{workload.name="flow-http-95c785c99-7965b86595" workload.namespace="wamn-receiving-journey" workload.id="6c85dc47-091f-4ac0-b7a6-0d9aef3b6c52"}:wamn.component.invoke{wamn.tenant=receiving-route-auth wamn.project=receiving wamn.environment=dev wamn.wiring_id=purchase_order_get wamn.wiring_version=1 wamn.component_digest=sha256:498894030af16b22edaf7f0b2104b90673efdc0e32d2a85459368fa308ad8296 wamn.node_id=operation wamn.operation=wamn-receiving:purchase-order/get@1.0.0 wamn.caller_principal_id="0641e280-6d0a-457a-811b-036a9cda4d64"}:wamn.component.linker_setup: component imports wamn:postgres but sets no wamn.tenant; calls will be refused component="2324b8c4-1a9c-4802-9ae5-7edd31ad214e"
2026-09-04T17:08:22.881279Z  WARN handle_http_request{http.method=POST http.uri=/purchase_order/update http.host=receiving.localhost http.request.method=POST url.path=/purchase_order/update server.address="receiving.localhost"}:invoke_component_handler{workload.name="flow-http-95c785c99-7965b86595" workload.namespace="wamn-receiving-journey" workload.id="6c85dc47-091f-4ac0-b7a6-0d9aef3b6c52"}:wamn.component.invoke{wamn.tenant=receiving-route-auth wamn.project=receiving wamn.environment=dev wamn.wiring_id=purchase_order_update wamn.wiring_version=1 wamn.component_digest=sha256:498894030af16b22edaf7f0b2104b90673efdc0e32d2a85459368fa308ad8296 wamn.node_id=operation wamn.operation=wamn-receiving:purchase-order/update@1.0.0 wamn.caller_principal_id="0641e280-6d0a-457a-811b-036a9cda4d64"}:wamn.component.linker_setup: component imports wamn:postgres but sets no wamn.tenant; calls will be refused component="1e406808-097d-4e3d-92a0-71ff043be3a9"
2026-09-04T17:08:50.595328Z  INFO workload_start{workload_id=a6bf9206-26f9-49d1-bd73-4b93fb319f62 workload.name="receiving-materializer-8f684fd97-64969788bf" workload.namespace="wamn-receiving-journey"}: Starting workload workload_id="a6bf9206-26f9-49d1-bd73-4b93fb319f62" namespace="wamn-receiving-journey" name="receiving-materializer-8f684fd97-64969788bf"
wamn::materializer up: stream=EVT_acme_dev filter=evt.acme.receiving.dev.*.* tenant=receiving-route-auth batch=64 fetch_ms=500 max_deliver=5 max_sweeps=0
2026-09-04T17:09:17.119037Z  WARN handle_http_request{http.method=POST http.uri=/acme/purchase_order/update http.host=receiving.localhost http.request.method=POST url.path=/acme/purchase_order/update server.address="receiving.localhost"}:invoke_component_handler{workload.name="flow-http-95c785c99-7965b86595" workload.namespace="wamn-receiving-journey" workload.id="6c85dc47-091f-4ac0-b7a6-0d9aef3b6c52"}:wamn.component.invoke{wamn.tenant=receiving-route-auth wamn.project=receiving wamn.environment=dev wamn.wiring_id=purchase_order_update wamn.wiring_version=1 wamn.component_digest=sha256:9b101fefec3b115f6ed15f4812a70e7cf37255e0d24222ae18e676bc07dc7e8e wamn.node_id=operation wamn.operation=client-acme-receiving:purchase-order/update@3.0.0 wamn.caller_principal_id="0641e280-6d0a-457a-811b-036a9cda4d64"}:wamn.component.linker_setup: component imports wamn:postgres but sets no wamn.tenant; calls will be refused component="efbbf14b-819c-4685-a9d5-fc6c8b76e3e5"
2026-09-04T17:09:17.189882Z  WARN handle_http_request{http.method=POST http.uri=/acme/receiving/record_receipt http.host=receiving.localhost http.request.method=POST url.path=/acme/receiving/record_receipt server.address="receiving.localhost"}:invoke_component_handler{workload.name="flow-http-95c785c99-7965b86595" workload.namespace="wamn-receiving-journey" workload.id="6c85dc47-091f-4ac0-b7a6-0d9aef3b6c52"}:wamn.component.invoke{wamn.tenant=receiving-route-auth wamn.project=receiving wamn.environment=dev wamn.wiring_id=receiving_record_receipt wamn.wiring_version=1 wamn.component_digest=sha256:9b101fefec3b115f6ed15f4812a70e7cf37255e0d24222ae18e676bc07dc7e8e wamn.node_id=operation wamn.operation=client-acme-receiving:receiving/record-receipt@3.0.0 wamn.caller_principal_id="0641e280-6d0a-457a-811b-036a9cda4d64"}:wamn.component.linker_setup: component imports wamn:postgres but sets no wamn.tenant; calls will be refused component="d1ea45e5-5a72-4aa0-af9a-92a4677712da"
2026-09-04T17:09:17.199048Z  WARN handle_http_request{http.method=POST http.uri=/acme/receiving/record_receipt http.host=receiving.localhost http.request.method=POST url.path=/acme/receiving/record_receipt server.address="receiving.localhost"}:invoke_component_handler{workload.name="flow-http-95c785c99-7965b86595" workload.namespace="wamn-receiving-journey" workload.id="6c85dc47-091f-4ac0-b7a6-0d9aef3b6c52"}:wamn.component.invoke{wamn.tenant=receiving-route-auth wamn.project=receiving wamn.environment=dev wamn.wiring_id=receiving_record_receipt wamn.wiring_version=1 wamn.component_digest=sha256:9b101fefec3b115f6ed15f4812a70e7cf37255e0d24222ae18e676bc07dc7e8e wamn.node_id=operation wamn.operation=client-acme-receiving:receiving/record-receipt@3.0.0 wamn.caller_principal_id="0641e280-6d0a-457a-811b-036a9cda4d64"}:wamn.component.linker_setup: component imports wamn:postgres but sets no wamn.tenant; calls will be refused component="d6690338-c575-42e8-84d1-d479bbd85adb"
2026-09-04T17:09:17.782495Z  WARN wamn.component.invoke{wamn.tenant=receiving-route-auth wamn.project=receiving wamn.environment=dev wamn.wiring_id=quality_create_inspection wamn.wiring_version=1 wamn.component_digest=sha256:9b101fefec3b115f6ed15f4812a70e7cf37255e0d24222ae18e676bc07dc7e8e wamn.node_id=operation wamn.operation=client-acme-receiving:quality/create-inspection@3.0.0}:wamn.component.linker_setup: component imports wamn:postgres but sets no wamn.tenant; calls will be refused component="1030fee2-c616-48bc-8f13-10d8878f523c"
2026-09-04T17:07:17.274567Z  INFO connected to NATS
2026-09-04T17:07:17.467227Z  INFO wiring activation doorbell listening; dropped every cached pointer channel="wamn_wiring_activation" dropped=0
2026-09-04T17:07:20.273135Z  INFO release component pull completed component_digest=sha256:498894030af16b22edaf7f0b2104b90673efdc0e32d2a85459368fa308ad8296 component_bytes=20634368 elapsed_ms=2606
2026-09-04T17:07:20.281236Z  INFO release component pull completed component_digest=sha256:9b101fefec3b115f6ed15f4812a70e7cf37255e0d24222ae18e676bc07dc7e8e component_bytes=10019001 elapsed_ms=2614
2026-09-04T17:07:20.756214Z  INFO release component compilation completed component_digest=sha256:9b101fefec3b115f6ed15f4812a70e7cf37255e0d24222ae18e676bc07dc7e8e compile_ms=470 compile_wall_ms=474
2026-09-04T17:08:01.628525Z  INFO release component compilation completed component_digest=sha256:498894030af16b22edaf7f0b2104b90673efdc0e32d2a85459368fa308ad8296 compile_ms=41353 compile_wall_ms=41355
2026-09-04T17:08:01.631673Z  WARN wamn.component.linker_setup: component imports wamn:postgres but sets no wamn.tenant; calls will be refused component="f6a53709-1575-4691-8433-a15bd9eaac1a"
2026-09-04T17:08:01.636548Z  INFO release component instantiation completed component_digest=sha256:498894030af16b22edaf7f0b2104b90673efdc0e32d2a85459368fa308ad8296 elapsed_ms=7 total_elapsed_ms=43970
2026-09-04T17:08:01.639811Z  WARN wamn.component.linker_setup: component imports wamn:postgres but sets no wamn.tenant; calls will be refused component="18d608fb-2bfe-4e29-a671-d7a153c5c233"
2026-09-04T17:08:01.643916Z  INFO release component instantiation completed component_digest=sha256:9b101fefec3b115f6ed15f4812a70e7cf37255e0d24222ae18e676bc07dc7e8e elapsed_ms=7 total_elapsed_ms=43976
2026-09-04T17:08:01.644176Z  INFO synchronous release preload completed synchronous_wirings=13 component_digests=2 elapsed_ms=44257
2026-09-04T17:08:01.644445Z  INFO release preload completed; component cache warm
2026-09-04T17:08:01.692475Z  INFO wamn-host starting (base plugins: wasi:config, wamn:logging, wasi:otel, wamn:postgres, wamn:jetstream, wamn:flow-http-routing) router_delivery=true
2026-09-04T17:08:01.692559Z  INFO wamn-host welded to its release effective_release_id=1 manifest_digest=sha256:05b41e28ad68505f7102b48e844a903269c6443a71ad6f83c9e6c467ca276c4e
2026-09-04T17:08:01.692646Z  INFO HTTP server listening addr=0.0.0.0:80 protocol="HTTP"
2026-09-04T17:08:01.692768Z  INFO Starting WASI OTel plugin endpoint=http://otel-collector.wamn-system.svc.cluster.local:4317 protocol="grpc"
2026-09-04T17:08:01.694167Z  INFO WASI OTel plugin started
2026-09-04T17:08:01.694262Z  INFO Host started host_id="5ac8c4f2-7d12-4503-a3bd-8d04291a00a8" friendly_name="addicted-street-3303" host_name="10.244.2.5" labels={"hostgroup": "default"} version="2.8.0"
2026-09-04T17:08:01.694959Z  INFO Host provides interfaces count=10 interfaces=["wasi:cli/terminal-stderr,terminal-stdin,exit,stdout,stderr,terminal-output,terminal-stdout,stdin,terminal-input,environment@0.2.0", "wasi:clocks/monotonic-clock,wall-time@0.2.0", "wasi:clocks/wall-clock,monotonic-clock@0.2.0", "wasi:filesystem/preopens,types@0.2.0", "wasi:http/types,incoming-handler,outgoing-handler@0.2.0", "wasi:http/types,handler@0.3.0", "wasi:io/streams,error,poll@0.2.0", "wasi:random/random@0.2.0", "wasi:random/random,insecure-seed,insecure@0.2.0", "wasi:sockets/tcp,ip-name-lookup,network,udp,instance-network,udp-create-socket,tcp-create-socket@0.2.0"]
2026-09-04T17:08:01.695068Z  INFO wamn-host runtime startup completed elapsed_ms=44811
2026-09-04T17:08:24.950082Z  INFO workload_start{workload_id=728ca086-3ffd-4b37-934c-46b48f11b195 workload.name="receiving-materializer-689d786bc6-59cc9d44f7" workload.namespace="wamn-receiving-journey"}: Starting workload workload_id="728ca086-3ffd-4b37-934c-46b48f11b195" namespace="wamn-receiving-journey" name="receiving-materializer-689d786bc6-59cc9d44f7"
wamn::materializer up: stream=EVT_acme_dev filter=evt.acme.receiving.dev.*.* tenant=receiving-route-auth batch=64 fetch_ms=500 max_deliver=5 max_sweeps=0
2026-09-04T17:08:49.609496Z  INFO workload_stop{workload_id=728ca086-3ffd-4b37-934c-46b48f11b195}: Stopping workload workload_id="728ca086-3ffd-4b37-934c-46b48f11b195"
2026-09-04T17:07:17.287700Z  INFO connected to NATS
2026-09-04T17:07:17.505646Z  INFO wiring activation doorbell listening; dropped every cached pointer channel="wamn_wiring_activation" dropped=0
2026-09-04T17:07:20.123329Z  INFO release component pull completed component_digest=sha256:9b101fefec3b115f6ed15f4812a70e7cf37255e0d24222ae18e676bc07dc7e8e component_bytes=10019001 elapsed_ms=2413
2026-09-04T17:07:20.129829Z  INFO release component pull completed component_digest=sha256:498894030af16b22edaf7f0b2104b90673efdc0e32d2a85459368fa308ad8296 component_bytes=20634368 elapsed_ms=2420
2026-09-04T17:07:20.604432Z  INFO release component compilation completed component_digest=sha256:9b101fefec3b115f6ed15f4812a70e7cf37255e0d24222ae18e676bc07dc7e8e compile_ms=478 compile_wall_ms=480
2026-09-04T17:08:02.003118Z  INFO release component compilation completed component_digest=sha256:498894030af16b22edaf7f0b2104b90673efdc0e32d2a85459368fa308ad8296 compile_ms=41870 compile_wall_ms=41873
2026-09-04T17:08:02.006413Z  WARN wamn.component.linker_setup: component imports wamn:postgres but sets no wamn.tenant; calls will be refused component="1bd85b49-4509-46e4-8b58-a245531699f6"
2026-09-04T17:08:02.011841Z  INFO release component instantiation completed component_digest=sha256:498894030af16b22edaf7f0b2104b90673efdc0e32d2a85459368fa308ad8296 elapsed_ms=8 total_elapsed_ms=44302
2026-09-04T17:08:02.014958Z  WARN wamn.component.linker_setup: component imports wamn:postgres but sets no wamn.tenant; calls will be refused component="42689aad-058c-428e-9728-7267978f743c"
2026-09-04T17:08:02.019179Z  INFO release component instantiation completed component_digest=sha256:9b101fefec3b115f6ed15f4812a70e7cf37255e0d24222ae18e676bc07dc7e8e elapsed_ms=7 total_elapsed_ms=44309
2026-09-04T17:08:02.019438Z  INFO synchronous release preload completed synchronous_wirings=13 component_digests=2 elapsed_ms=44612
2026-09-04T17:08:02.019766Z  INFO release preload completed; component cache warm
2026-09-04T17:08:02.069300Z  INFO wamn-host starting (base plugins: wasi:config, wamn:logging, wasi:otel, wamn:postgres, wamn:jetstream, wamn:flow-http-routing) router_delivery=true
2026-09-04T17:08:02.069475Z  INFO wamn-host welded to its release effective_release_id=1 manifest_digest=sha256:05b41e28ad68505f7102b48e844a903269c6443a71ad6f83c9e6c467ca276c4e
2026-09-04T17:08:02.069614Z  INFO HTTP server listening addr=0.0.0.0:80 protocol="HTTP"
2026-09-04T17:08:02.069761Z  INFO Starting WASI OTel plugin endpoint=http://otel-collector.wamn-system.svc.cluster.local:4317 protocol="grpc"
2026-09-04T17:08:02.071050Z  INFO WASI OTel plugin started
2026-09-04T17:08:02.071354Z  INFO Host started host_id="3216c5ca-963a-45a9-b4cd-cb42abe3d136" friendly_name="special-hole-8672" host_name="10.244.1.6" labels={"hostgroup": "default"} version="2.8.0"
2026-09-04T17:08:02.072205Z  INFO Host provides interfaces count=10 interfaces=["wasi:cli/environment,terminal-stderr,terminal-output,terminal-input,exit,terminal-stdout,terminal-stdin,stdin,stderr,stdout@0.2.0", "wasi:clocks/monotonic-clock,wall-clock@0.2.0", "wasi:clocks/wall-time,monotonic-clock@0.2.0", "wasi:filesystem/preopens,types@0.2.0", "wasi:http/types,handler@0.3.0", "wasi:http/outgoing-handler,incoming-handler,types@0.2.0", "wasi:io/poll,streams,error@0.2.0", "wasi:random/random@0.2.0", "wasi:random/random,insecure-seed,insecure@0.2.0", "wasi:sockets/instance-network,tcp-create-socket,udp-create-socket,udp,ip-name-lookup,network,tcp@0.2.0"]
2026-09-04T17:08:02.072743Z  INFO wamn-host runtime startup completed elapsed_ms=45253
