warning: function `canonical_serialized` is never used
   --> crates/catalog/model/src/lib.rs:792:4
    |
792 | fn canonical_serialized(value: &impl Serialize) -> Vec<u8> {
    |    ^^^^^^^^^^^^^^^^^^^^
    |
    = note: `#[warn(dead_code)]` (part of `#[warn(unused)]`) on by default

warning: `wamn-catalog` (lib) generated 1 warning
    Checking wamn-runtime v0.1.0 (/home/kaalin/.cache/wamn-lanes/native-c-advisories-20260910/crates/platform/runtime)
warning: the item `Future` is imported redundantly
 --> crates/platform/runtime/src/connection_authority.rs:3:5
  |
3 | use std::future::Future;
  |     ^^^^^^^^^^^^^^^^^^^
  |
 --> /rustc/88d9e12ae178fab0fb5cc050a94da85685d449ea/library/std/src/prelude/mod.rs:166:12
  |
  = note: the item `Future` is already defined here
  |
  = note: requested on the command line with `-W redundant-imports`

warning: the item `Future` is imported redundantly
 --> crates/platform/runtime/src/plugins/wamn_postgres/pool.rs:7:5
  |
7 | use std::future::Future;
  |     ^^^^^^^^^^^^^^^^^^^
  |
 --> /rustc/88d9e12ae178fab0fb5cc050a94da85685d449ea/library/std/src/prelude/mod.rs:166:12
  |
  = note: the item `Future` is already defined here

warning: constant `HTTP_CONTRACT` is never used
  --> crates/platform/runtime/src/plugins/connection_http.rs:56:7
   |
56 | const HTTP_CONTRACT: &str = "wamn:connection/http@0.1.0";
   |       ^^^^^^^^^^^^^
   |
   = note: `#[warn(dead_code)]` (part of `#[warn(unused)]`) on by default

warning: function `release_sources` is never used
    --> crates/platform/runtime/src/plugins/wamn_jetstream.rs:1167:4
     |
1167 | fn release_sources(manifest: &ServingManifest, entity: &str, op: &str) -> bool {
     |    ^^^^^^^^^^^^^^^

warning: function `bind_refusal` is never used
    --> crates/platform/runtime/src/plugins/wamn_jetstream.rs:1179:4
     |
1179 | fn bind_refusal(release: Option<&ServingManifest>, filter_subject: &str) -> Option<String> {
     |    ^^^^^^^^^^^^

warning: type does not implement `std::fmt::Debug`; consider adding `#[derive(Debug)]` or a manual implementation
   --> crates/platform/runtime/src/plugins/connection_http.rs:131:1
    |
131 | / pub struct ConnectionHttp {
132 | |     postgres: Arc<WamnPostgres>,
133 | |     transport: Arc<HttpTransport>,
134 | |     vault: Arc<WamnCredentials>,
...   |
151 | |     invocations: std::sync::RwLock<HashMap<String, ConnectionInvocation>>,
152 | | }
    | |_^
    |
    = note: requested on the command line with `-W missing-debug-implementations`

warning: type does not implement `std::fmt::Debug`; consider adding `#[derive(Debug)]` or a manual implementation
  --> crates/platform/runtime/src/plugins/wamn_credentials.rs:27:1
   |
27 | / pub struct WamnCredentials {
28 | |     /// Whether ANY backing source was configured. Distinguishes `unavailable`
29 | |     /// (no source — retryable) from `not-found` (source present, name absent —
30 | |     /// config-shaped).
...  |
33 | |     projects: HashMap<String, HashMap<String, String>>,
34 | | }
   | |_^

warning: type does not implement `std::fmt::Debug`; consider adding `#[derive(Debug)]` or a manual implementation
   --> crates/platform/runtime/src/plugins/wamn_jetstream.rs:535:1
    |
535 | / pub struct WamnJetstream {
536 | |     nats_url: Option<String>,
537 | |     /// Lazily-connected, memoized JetStream context. A `Mutex<Option<_>>` (not a
538 | |     /// `OnceCell`) so a transient connect failure is retried on the next call
...   |
558 | |     release: Option<Arc<ReleaseManifestWeld>>,
559 | | }
    | |_^

warning: type does not implement `std::fmt::Debug`; consider adding `#[derive(Debug)]` or a manual implementation
   --> crates/platform/runtime/src/plugins/wamn_logging.rs:213:1
    |
213 | / pub struct Capture {
214 | |     records: std::sync::Mutex<Vec<CapturedRec>>,
215 | | }
    | |_^

warning: type does not implement `std::fmt::Debug`; consider adding `#[derive(Debug)]` or a manual implementation
   --> crates/platform/runtime/src/plugins/wamn_logging.rs:235:1
    |
235 | / pub struct WamnLogging {
236 | |     /// component id → host-trusted {tenant, project}.
237 | |     claims: std::sync::RwLock<HashMap<String, Claim>>,
238 | |     /// Bounded front queue; `try_send` keeps `log()` non-blocking.
...   |
243 | |     _drain: tokio::task::JoinHandle<()>,
244 | | }
    | |_^

warning: type does not implement `std::fmt::Debug`; consider adding `#[derive(Debug)]` or a manual implementation
   --> crates/platform/runtime/src/plugins/wamn_postgres/claims.rs:55:1
    |
 55 | / pub struct WamnPostgres {
 56 | |     /// Resolves a project id → its database connection + policy.
 57 | |     provider: Arc<dyn CredentialProvider>,
 58 | |     /// Guest-visible project pools, built lazily and never shared with host-owned
...   |
121 | |     pub(super) bind_counters: super::BindCounters,
122 | | }
    | |_^

warning: type does not implement `std::fmt::Debug`; consider adding `#[derive(Debug)]` or a manual implementation
   --> crates/platform/runtime/src/plugins/wamn_postgres/pool.rs:339:1
    |
339 | / pub struct StaticCredentialProvider {
340 | |     projects: HashMap<String, ProjectConfig>,
341 | | }
    | |_^

warning: type does not implement `std::fmt::Debug`; consider adding `#[derive(Debug)]` or a manual implementation
   --> crates/platform/runtime/src/plugins/wamn_postgres/pool.rs:514:1
    |
514 | / pub struct K8sSecretProvider {
515 | |     pub namespace: String,
516 | | }
    | |_^

warning: type does not implement `std::fmt::Debug`; consider adding `#[derive(Debug)]` or a manual implementation
   --> crates/platform/runtime/src/plugins/wamn_postgres/resources.rs:99:1
    |
 99 | / pub struct PgTransaction {
100 | |     state: SharedTxnState,
101 | |     destroyed: Arc<AtomicU64>,
102 | |     cursor_seq: u32,
103 | |     /// Row limit of the project this transaction's connection belongs to.
104 | |     row_limit: u64,
105 | | }
    | |_^

warning: type does not implement `std::fmt::Debug`; consider adding `#[derive(Debug)]` or a manual implementation
   --> crates/platform/runtime/src/plugins/wamn_postgres/resources.rs:145:1
    |
145 | / pub struct PgCursor {
146 | |     state: SharedTxnState,
147 | |     destroyed: Arc<AtomicU64>,
148 | |     name: String,
149 | | }
    | |_^

warning: type does not implement `std::fmt::Debug`; consider adding `#[derive(Debug)]` or a manual implementation
   --> crates/platform/runtime/src/wiring_doorbell.rs:145:1
    |
145 | / pub struct WiringDoorbellListener {
146 | |     shutdown: tokio::sync::watch::Sender<bool>,
147 | |     task: tokio::task::JoinHandle<()>,
148 | | }
    | |_^

warning: `wamn-runtime` (lib) generated 16 warnings
    Checking wamn-ctl v0.1.0 (/home/kaalin/.cache/wamn-lanes/native-c-advisories-20260910/services/ctl)
error[E0599]: the method `context` exists for enum `Result<Message, Box<dyn Error + Send + Sync>>`, but its trait bounds were not satisfied
   --> services/ctl/src/event_advisories.rs:119:35
    |
119 |             let message = message.context("read a delivery advisory")?;
    |                                   ^^^^^^^
    |
    = note: the following trait bounds were not satisfied:
            `Box<dyn StdError + std::marker::Send + Sync>: anyhow::context::ext::StdError`
            which is required by `std::result::Result<async_nats::jetstream::Message, Box<dyn StdError + std::marker::Send + Sync>>: anyhow::Context<async_nats::jetstream::Message, Box<dyn StdError + std::marker::Send + Sync>>`
    = note: the full name for the type has been written to '/home/kaalin/.cache/wamn-lanes/native-c-advisories-20260910/target/debug/deps/wamn_ctl-4f255f5e1ab4d09c.long-type-16062587639953637140.txt'
    = note: consider using `--verbose` to print the full type name to the console

For more information about this error, try `rustc --explain E0599`.
error: could not compile `wamn-ctl` (lib) due to 1 previous error
