   Compiling icu_normalizer v2.3.0
   Compiling http v1.5.0
   Compiling idna_adapter v1.2.2
   Compiling idna v1.1.0
   Compiling http-body v1.1.0
   Compiling url v2.5.8
   Compiling tokio-postgres v0.7.18
   Compiling boon v0.6.1
   Compiling hyper v1.11.0
   Compiling tower v0.5.3
   Compiling wamn-catalog v0.1.0 (/home/kaalin/dev/wamn/crates/catalog/model)
   Compiling wamn-schema-introspection v0.1.0 (/home/kaalin/dev/wamn/crates/schema/introspection)
warning: function `canonical_serialized` is never used
   --> crates/catalog/model/src/lib.rs:791:4
    |
791 | fn canonical_serialized(value: &impl Serialize) -> Vec<u8> {
    |    ^^^^^^^^^^^^^^^^^^^^
    |
    = note: `#[warn(dead_code)]` (part of `#[warn(unused)]`) on by default

   Compiling rustix v1.1.4
   Compiling wamn-run-state v0.1.0 (/home/kaalin/dev/wamn/crates/execution/run-state)
warning: `wamn-catalog` (lib) generated 1 warning
   Compiling hyper-util v0.1.20
   Compiling async-nats v0.49.1
   Compiling wamn-schema-generator v0.1.0 (/home/kaalin/dev/wamn/crates/schema/generator)
   Compiling tower-http v0.6.11
   Compiling http-body-util v0.1.5
   Compiling linux-raw-sys v0.12.1
   Compiling wamn-control-provision v0.1.0 (/home/kaalin/dev/wamn/crates/control/provision)
   Compiling reqwest v0.13.4
   Compiling wamn-test-infrastructure v0.1.0 (/home/kaalin/dev/wamn/test-support/infrastructure)
    Finished `test` profile [unoptimized + debuginfo] target(s) in 25.85s
     Running unittests lib.rs (target/debug/deps/wamn_test_infrastructure-49aba57abb0c1c2b)

running 1 test
test executor::tests::log_redaction_covers_database_registry_and_event_credentials ... ok

test result: ok. 1 passed; 0 failed; 0 ignored; 0 measured; 55 filtered out; finished in 0.00s

