[481157] 2026/09/11 14:34:45.112771 [INF] Starting nats-server
[481157] 2026/09/11 14:34:45.114051 [INF]   Version:  2.10.29
[481157] 2026/09/11 14:34:45.114056 [INF]   Git:      [f91ddd8]
[481157] 2026/09/11 14:34:45.114058 [INF]   Name:     NB7Z3HRNLD6FIRTMSLQDL6YA6PXZFXAUKBYL7XLYEOAE3UCNUIU5W55R
[481157] 2026/09/11 14:34:45.114062 [INF]   Node:     0qP4qLqr
[481157] 2026/09/11 14:34:45.114064 [INF]   ID:       NB7Z3HRNLD6FIRTMSLQDL6YA6PXZFXAUKBYL7XLYEOAE3UCNUIU5W55R
[481157] 2026/09/11 14:34:45.115339 [INF] Starting JetStream
[481157] 2026/09/11 14:34:45.115549 [INF]     _ ___ _____ ___ _____ ___ ___   _   __  __
[481157] 2026/09/11 14:34:45.115553 [INF]  _ | | __|_   _/ __|_   _| _ \ __| /_\ |  \/  |
[481157] 2026/09/11 14:34:45.115554 [INF] | || | _|  | | \__ \ | | |   / _| / _ \| |\/| |
[481157] 2026/09/11 14:34:45.115555 [INF]  \__/|___| |_| |___/ |_| |_|_\___/_/ \_\_|  |_|
[481157] 2026/09/11 14:34:45.115556 [INF] 
[481157] 2026/09/11 14:34:45.115558 [INF]          https://docs.nats.io/jetstream
[481157] 2026/09/11 14:34:45.115559 [INF] 
[481157] 2026/09/11 14:34:45.115560 [INF] ---------------- JETSTREAM ----------------
[481157] 2026/09/11 14:34:45.115562 [INF]   Max Memory:      45.71 GB
[481157] 2026/09/11 14:34:45.115564 [INF]   Max Storage:     19.17 GB
[481157] 2026/09/11 14:34:45.115565 [INF]   Store Directory: "/tmp/wamn-c-retained-pq88di6s/store/jetstream"
[481157] 2026/09/11 14:34:45.115566 [INF] -------------------------------------------
[481157] 2026/09/11 14:34:45.116101 [INF] Listening for client connections on 127.0.0.1:44347
[481157] 2026/09/11 14:34:45.116114 [INF] Server is ready
[481157] 2026/09/11 14:35:17.087317 [INF] Trapped "terminated" signal
[481157] 2026/09/11 14:35:17.087446 [INF] Initiating Shutdown...
[481157] 2026/09/11 14:35:17.087456 [INF] Initiating JetStream Shutdown...
[481157] 2026/09/11 14:35:17.087462 [INF] JetStream Shutdown
[481157] 2026/09/11 14:35:17.087527 [INF] Server Exiting..
