[1] 2026/09/11 03:46:54.239300 [INF] Starting nats-server
[1] 2026/09/11 03:46:54.239370 [INF]   Version:  2.10.29
[1] 2026/09/11 03:46:54.239372 [INF]   Git:      [f91ddd8]
[1] 2026/09/11 03:46:54.239373 [INF]   Name:     NAZZ3DDOCG2KMONAMSSSHK35QJKXO6COCIMWKCSC525H6G3CGZUI5B4L
[1] 2026/09/11 03:46:54.239378 [INF]   Node:     0y1YXsqB
[1] 2026/09/11 03:46:54.239379 [INF]   ID:       NAZZ3DDOCG2KMONAMSSSHK35QJKXO6COCIMWKCSC525H6G3CGZUI5B4L
[1] 2026/09/11 03:46:54.239672 [INF] Starting JetStream
[1] 2026/09/11 03:46:54.239865 [INF]     _ ___ _____ ___ _____ ___ ___   _   __  __
[1] 2026/09/11 03:46:54.239868 [INF]  _ | | __|_   _/ __|_   _| _ \ __| /_\ |  \/  |
[1] 2026/09/11 03:46:54.239869 [INF] | || | _|  | | \__ \ | | |   / _| / _ \| |\/| |
[1] 2026/09/11 03:46:54.239870 [INF]  \__/|___| |_| |___/ |_| |_|_\___/_/ \_\_|  |_|
[1] 2026/09/11 03:46:54.239871 [INF] 
[1] 2026/09/11 03:46:54.239871 [INF]          https://docs.nats.io/jetstream
[1] 2026/09/11 03:46:54.239872 [INF] 
[1] 2026/09/11 03:46:54.239873 [INF] ---------------- JETSTREAM ----------------
[1] 2026/09/11 03:46:54.239875 [INF]   Max Memory:      45.71 GB
[1] 2026/09/11 03:46:54.239877 [INF]   Max Storage:     253.75 GB
[1] 2026/09/11 03:46:54.239879 [INF]   Store Directory: "/data/jetstream"
[1] 2026/09/11 03:46:54.239880 [INF] -------------------------------------------
[1] 2026/09/11 03:46:54.240180 [INF] Listening for client connections on 0.0.0.0:4222
[1] 2026/09/11 03:46:54.240286 [INF] Server is ready
