 Network wamn-receiving-parity-0538a751f41450ad_default  Creating
 Network wamn-receiving-parity-0538a751f41450ad_default  Created
 Container wamn-receiving-parity-0538a751f41450ad-receiving-route-postgres-1  Creating
 Container wamn-receiving-parity-0538a751f41450ad-receiving-dev-tempo-1  Creating
 Container wamn-receiving-parity-0538a751f41450ad-authenticated-registry-1  Creating
 Container wamn-receiving-parity-0538a751f41450ad-receiving-dev-nats-1  Creating
 Container wamn-receiving-parity-0538a751f41450ad-receiving-dev-nats-1  Created
 Container wamn-receiving-parity-0538a751f41450ad-authenticated-registry-1  Created
 Container wamn-receiving-parity-0538a751f41450ad-receiving-dev-tempo-1  Created
 Container wamn-receiving-parity-0538a751f41450ad-receiving-route-postgres-1  Created
 Container wamn-receiving-parity-0538a751f41450ad-receiving-route-postgres-1  Starting
 Container wamn-receiving-parity-0538a751f41450ad-authenticated-registry-1  Starting
 Container wamn-receiving-parity-0538a751f41450ad-receiving-dev-nats-1  Starting
 Container wamn-receiving-parity-0538a751f41450ad-receiving-dev-tempo-1  Starting
 Container wamn-receiving-parity-0538a751f41450ad-receiving-dev-tempo-1  Started
 Container wamn-receiving-parity-0538a751f41450ad-authenticated-registry-1  Started
 Container wamn-receiving-parity-0538a751f41450ad-receiving-route-postgres-1  Started
 Container wamn-receiving-parity-0538a751f41450ad-receiving-dev-nats-1  Started
 Container wamn-receiving-parity-0538a751f41450ad-authenticated-registry-1  Waiting
 Container wamn-receiving-parity-0538a751f41450ad-receiving-dev-nats-1  Waiting
 Container wamn-receiving-parity-0538a751f41450ad-receiving-dev-tempo-1  Waiting
 Container wamn-receiving-parity-0538a751f41450ad-receiving-route-postgres-1  Waiting
 Container wamn-receiving-parity-0538a751f41450ad-receiving-dev-tempo-1  Healthy
 Container wamn-receiving-parity-0538a751f41450ad-authenticated-registry-1  Healthy
 Container wamn-receiving-parity-0538a751f41450ad-receiving-dev-nats-1  Healthy
 Container wamn-receiving-parity-0538a751f41450ad-receiving-route-postgres-1  Healthy
