{
  "summary": {
    "successRate": 1.0,
    "total": 10.004279139,
    "slowest": 0.040954399,
    "fastest": 0.000391574,
    "average": 0.0036544236296991253,
    "requestsPerSec": 8740.359878516982,
    "totalData": 3146760,
    "sizePerRequest": 36,
    "sizePerSec": 314541.4033613762
  },
  "metrics": {
    "success_rate": 1.0,
    "requests_per_sec": 8740.359878516982,
    "latency_ms": {
      "min": 0.392,
      "mean": 3.654,
      "p50": 3.452,
      "p95": 6.532,
      "p99": 9.387,
      "max": 40.954
    }
  },
  "responseTimeHistogram": {
    "0.000391574": 1,
    "0.0044478565": 64721,
    "0.008504139": 21410,
    "0.0125604215": 996,
    "0.016616704": 169,
    "0.0206729865": 52,
    "0.024729268999999998": 30,
    "0.0287855515": 10,
    "0.032841834": 1,
    "0.0368981165": 10,
    "0.040954399": 10
  },
  "latencyPercentiles": {
    "p10": 0.001747261,
    "p25": 0.002529834,
    "p50": 0.003451583,
    "p75": 0.004499858,
    "p90": 0.005658942,
    "p95": 0.006532035,
    "p99": 0.00938682,
    "p99.9": 0.018555991,
    "p99.99": 0.037199613
  },
  "firstByteHistogram": {
    "0.000387499": 1,
    "0.0044436492": 64925,
    "0.008499799399999999": 21242,
    "0.012555949599999998": 970,
    "0.0166120998": 162,
    "0.02066825": 50,
    "0.024724400199999996": 30,
    "0.028780550399999997": 10,
    "0.0328367006": 1,
    "0.036892850799999995": 10,
    "0.040949001": 9
  },
  "firstBytePercentiles": {
    "p10": 0.001737677,
    "p25": 0.002518669,
    "p50": 0.003437623,
    "p75": 0.00448284,
    "p90": 0.005636668,
    "p95": 0.006508166,
    "p99": 0.009288285,
    "p99.9": 0.018475681,
    "p99.99": 0.03689364
  },
  "rps": {
    "mean": 8729.143447392875,
    "stddev": 1749.7241898265338,
    "max": 14866.297004991,
    "min": 2842.452940033078,
    "percentiles": {
      "p10": 6516.424648326263,
      "p25": 7636.380335082403,
      "p50": 8839.016735444853,
      "p75": 9908.955714174645,
      "p90": 10828.333479258157,
      "p95": 11366.70093777275,
      "p99": 12381.964723992525,
      "p99.9": 14834.314332258553,
      "p99.99": 14866.297004991
    }
  },
  "details": {
    "DNSDialup": {
      "average": 0.00148838425,
      "fastest": 0.000537293,
      "slowest": 0.003361033
    },
    "DNSLookup": {
      "average": 0.00003402078125,
      "fastest": 0.000016839,
      "slowest": 0.000104605
    },
    "firstByte": {
      "average": 0.0036380435487701804,
      "fastest": 0.000387499,
      "slowest": 0.040949001
    }
  },
  "statusCodeDistribution": {
    "404": 87410
  },
  "errorDistribution": {
    "aborted due to deadline": 31
  }
}