{
  "summary": {
    "successRate": 1.0,
    "total": 10.003016273,
    "slowest": 0.109034195,
    "fastest": 0.014368565,
    "average": 0.057276729375000106,
    "requestsPerSec": 1119.662279289786,
    "totalData": 3207168,
    "sizePerRequest": 288,
    "sizePerSec": 320620.09222725575
  },
  "metrics": {
    "success_rate": 1.0,
    "requests_per_sec": 1119.662279289786,
    "latency_ms": {
      "min": 14.369,
      "mean": 57.277,
      "p50": 56.003,
      "p95": 76.669,
      "p99": 97.792,
      "max": 109.034
    }
  },
  "responseTimeHistogram": {
    "0.014368565": 1,
    "0.023835128": 18,
    "0.033301691": 78,
    "0.042768254000000006": 655,
    "0.052234817": 2640,
    "0.06170138": 4904,
    "0.07116794300000001": 1839,
    "0.08063450600000001": 588,
    "0.090101069": 180,
    "0.099567632": 144,
    "0.109034195": 89
  },
  "latencyPercentiles": {
    "p10": 0.04668491,
    "p25": 0.051160903,
    "p50": 0.05600274,
    "p75": 0.061841492,
    "p90": 0.070331571,
    "p95": 0.076669092,
    "p99": 0.097791853,
    "p99.9": 0.106402388,
    "p99.99": 0.108557731
  },
  "firstByteHistogram": {
    "0.014362488": 1,
    "0.0238263983": 18,
    "0.0332903086": 78,
    "0.0427542189": 654,
    "0.0522181292": 2638,
    "0.0616820395": 4905,
    "0.0711459498": 1840,
    "0.08060986009999999": 589,
    "0.0900737704": 180,
    "0.09953768069999999": 143,
    "0.10900159100000001": 90
  },
  "firstBytePercentiles": {
    "p10": 0.046680234,
    "p25": 0.051149175,
    "p50": 0.055989851,
    "p75": 0.061829027,
    "p90": 0.070290219,
    "p95": 0.076623563,
    "p99": 0.097776944,
    "p99.9": 0.106397449,
    "p99.99": 0.108548796
  },
  "rps": {
    "mean": 1107.1089356967311,
    "stddev": 482.99171675734397,
    "max": 3097.8346001456493,
    "min": 64.99913973638559,
    "percentiles": {
      "p10": 518.0518804091718,
      "p25": 768.0609533172528,
      "p50": 1052.1478370587454,
      "p75": 1421.0951629271403,
      "p90": 1760.781289730816,
      "p95": 1988.2196936717205,
      "p99": 2462.313016822897,
      "p99.9": 2872.0536319801167,
      "p99.99": 3097.8346001456493
    }
  },
  "details": {
    "DNSDialup": {
      "average": 0.0029773535468750004,
      "fastest": 0.000389008,
      "slowest": 0.00443051
    },
    "DNSLookup": {
      "average": 0.000029392343749999998,
      "fastest": 0.000013654,
      "slowest": 0.000097047
    },
    "firstByte": {
      "average": 0.05726218555756091,
      "fastest": 0.014362488,
      "slowest": 0.109001591
    }
  },
  "statusCodeDistribution": {
    "200": 11136
  },
  "errorDistribution": {
    "aborted due to deadline": 64
  }
}