{
  "summary": {
    "successRate": 1.0,
    "total": 10.002737476,
    "slowest": 0.041467701,
    "fastest": 0.002135496,
    "average": 0.004200049948931231,
    "requestsPerSec": 949.8399835841099,
    "totalData": 2735136,
    "sizePerRequest": 288,
    "sizePerSec": 273438.74679931666
  },
  "metrics": {
    "success_rate": 1.0,
    "requests_per_sec": 949.8399835841099,
    "latency_ms": {
      "min": 2.135,
      "mean": 4.2,
      "p50": 3.868,
      "p95": 6.5,
      "p99": 8.993,
      "max": 41.468
    }
  },
  "responseTimeHistogram": {
    "0.002135496": 1,
    "0.0060687165": 8828,
    "0.010001937": 605,
    "0.0139351575": 45,
    "0.017868378": 8,
    "0.0218015985": 3,
    "0.025734819": 1,
    "0.0296680395": 2,
    "0.03360126": 0,
    "0.0375344805": 1,
    "0.041467701": 3
  },
  "latencyPercentiles": {
    "p10": 0.003095592,
    "p25": 0.003393886,
    "p50": 0.00386757,
    "p75": 0.004590253,
    "p90": 0.005567454,
    "p95": 0.006500309,
    "p99": 0.0089933,
    "p99.9": 0.018797715,
    "p99.99": 0.041467701
  },
  "firstByteHistogram": {
    "0.002131052": 1,
    "0.0060638966": 8833,
    "0.0099967412": 600,
    "0.0139295858": 45,
    "0.0178624304": 8,
    "0.021795275": 3,
    "0.025728119600000002": 1,
    "0.0296609642": 2,
    "0.0335938088": 0,
    "0.0375266534": 1,
    "0.041459498": 3
  },
  "firstBytePercentiles": {
    "p10": 0.003087537,
    "p25": 0.003384551,
    "p50": 0.003858002,
    "p75": 0.004578056,
    "p90": 0.005557609,
    "p95": 0.006492373,
    "p99": 0.008984889,
    "p99.9": 0.018780964,
    "p99.99": 0.041459498
  },
  "rps": {
    "mean": 952.8203867731544,
    "stddev": 223.32366614363164,
    "max": 1590.2092042531976,
    "min": 34.10471025951241,
    "percentiles": {
      "p10": 635.6997539206101,
      "p25": 842.0251378184306,
      "p50": 965.5086516816228,
      "p75": 1105.1240673672992,
      "p90": 1215.8235791353613,
      "p95": 1286.5038774691184,
      "p99": 1434.3464292919505,
      "p99.9": 1538.1114800641772,
      "p99.99": 1590.2092042531976
    }
  },
  "details": {
    "DNSDialup": {
      "average": 0.00046896525,
      "fastest": 0.000366502,
      "slowest": 0.000564006
    },
    "DNSLookup": {
      "average": 0.000078589,
      "fastest": 0.000067972,
      "slowest": 0.000096001
    },
    "firstByte": {
      "average": 0.00418925901579446,
      "fastest": 0.002131052,
      "slowest": 0.041459498
    }
  },
  "statusCodeDistribution": {
    "200": 9497
  },
  "errorDistribution": {
    "aborted due to deadline": 4
  }
}