HEAD is now at dfa1c318 test(wamn-ctc8.15.4): retain partial boundary evidence
Preparing worktree (detached HEAD dfa1c318)
Updating files:  34% (3344/9764)
Updating files:  35% (3418/9764)
Updating files:  36% (3516/9764)
Updating files:  37% (3613/9764)
Updating files:  38% (3711/9764)
Updating files:  39% (3808/9764)
Updating files:  40% (3906/9764)
Updating files:  41% (4004/9764)
Updating files:  42% (4101/9764)
Updating files:  43% (4199/9764)
Updating files:  44% (4297/9764)
Updating files:  45% (4394/9764)
Updating files:  46% (4492/9764)
Updating files:  47% (4590/9764)
Updating files:  48% (4687/9764)
Updating files:  49% (4785/9764)
Updating files:  50% (4882/9764)
Updating files:  51% (4980/9764)
Updating files:  52% (5078/9764)
Updating files:  53% (5175/9764)
Updating files:  54% (5273/9764)
Updating files:  55% (5371/9764)
Updating files:  56% (5468/9764)
Updating files:  57% (5566/9764)
Updating files:  58% (5664/9764)
Updating files:  59% (5761/9764)
Updating files:  60% (5859/9764)
Updating files:  61% (5957/9764)
Updating files:  62% (6054/9764)
Updating files:  62% (6128/9764)
Updating files:  63% (6152/9764)
Updating files:  64% (6249/9764)
Updating files:  65% (6347/9764)
Updating files:  66% (6445/9764)
Updating files:  67% (6542/9764)
Updating files:  68% (6640/9764)
Updating files:  69% (6738/9764)
Updating files:  70% (6835/9764)
Updating files:  71% (6933/9764)
Updating files:  72% (7031/9764)
Updating files:  73% (7128/9764)
Updating files:  74% (7226/9764)
Updating files:  75% (7323/9764)
Updating files:  76% (7421/9764)
Updating files:  77% (7519/9764)
Updating files:  78% (7616/9764)
Updating files:  79% (7714/9764)
Updating files:  80% (7812/9764)
Updating files:  81% (7909/9764)
Updating files:  82% (8007/9764)
Updating files:  83% (8105/9764)
Updating files:  84% (8202/9764)
Updating files:  85% (8300/9764)
Updating files:  86% (8398/9764)
Updating files:  87% (8495/9764)
Updating files:  88% (8593/9764)
Updating files:  89% (8690/9764)
Updating files:  90% (8788/9764)
Updating files:  91% (8886/9764)
Updating files:  92% (8983/9764)
Updating files:  93% (9081/9764)
Updating files:  94% (9179/9764)
Updating files:  95% (9276/9764)
Updating files:  96% (9374/9764)
Updating files:  97% (9472/9764)
Updating files:  98% (9569/9764)
Updating files:  99% (9667/9764)
Updating files: 100% (9764/9764)
Updating files: 100% (9764/9764), done.
