    Finished `dev` profile [unoptimized] target(s) in 0.11s
	Command being timed: "cargo build --offline --locked --manifest-path tools/probes/ctc8-14-wasi-http/Cargo.toml -p ctc8-14-wasi-http-guest --target wasm32-wasip2"
	User time (seconds): 0.08
	System time (seconds): 0.04
	Percent of CPU this job got: 84%
	Elapsed (wall clock) time (h:mm:ss or m:ss): 0:00.14
	Average shared text size (kbytes): 0
	Average unshared data size (kbytes): 0
	Average stack size (kbytes): 0
	Average total size (kbytes): 0
	Maximum resident set size (kbytes): 82884
	Average resident set size (kbytes): 0
	Major (requiring I/O) page faults: 0
	Minor (reclaiming a frame) page faults: 21296
	Voluntary context switches: 89
	Involuntary context switches: 2
	Swaps: 0
	File system inputs: 344
	File system outputs: 80
	Socket messages sent: 0
	Socket messages received: 0
	Signals delivered: 0
	Page size (bytes): 4096
	Exit status: 0

exit_code=0
