   Compiling proc-macro2 v1.0.107
   Compiling unicode-ident v1.0.24
   Compiling quote v1.0.47
   Compiling serde_core v1.0.229
   Compiling libc v0.2.189
   Compiling serde v1.0.229
   Compiling cfg-if v1.0.4
   Compiling foldhash v0.2.0
   Compiling anyhow v1.0.104
   Compiling equivalent v1.0.2
   Compiling memchr v2.8.3
   Compiling syn v3.0.5
   Compiling syn v2.0.119
   Compiling once_cell v1.21.4
   Compiling pin-project-lite v0.2.17
   Compiling bitflags v2.13.1
   Compiling hashbrown v0.17.1
   Compiling futures-core v0.3.34
   Compiling jobserver v0.1.35
   Compiling find-msvc-tools v0.1.12
   Compiling shlex v2.0.1
   Compiling libm v0.2.16
   Compiling cc v1.4.5
   Compiling serde_derive v1.0.229
   Compiling itoa v1.0.18
   Compiling thiserror-impl v2.0.20
   Compiling futures-sink v0.3.34
   Compiling parking_lot_core v0.9.12
   Compiling log v0.4.34
   Compiling indexmap v2.14.2
   Compiling tracing-core v0.1.36
   Compiling scopeguard v1.2.0
   Compiling lock_api v0.4.14
   Compiling futures-channel v0.3.34
   Compiling smallvec v1.16.0
   Compiling bytes v1.12.1
   Compiling futures-macro v0.3.34
   Compiling slab v0.4.12
   Compiling futures-io v0.3.34
   Compiling thiserror v2.0.20
   Compiling futures-task v0.3.34
   Compiling parking_lot v0.12.5
   Compiling tracing-attributes v0.1.31
   Compiling futures-util v0.3.34
   Compiling errno v0.3.14
   Compiling signal-hook-registry v1.4.8
   Compiling tokio-macros v2.7.2
   Compiling tracing v0.1.44
   Compiling mio v1.2.3
   Compiling socket2 v0.6.5
   Compiling fnv v1.0.7
   Compiling wasmtime-internal-core v47.0.4
   Compiling version_check v0.9.5
   Compiling heck v0.5.0
   Compiling tokio v1.53.1
   Compiling generic-array v0.14.7
   Compiling either v1.18.0
   Compiling synstructure v0.13.2
   Compiling typenum v1.20.1
   Compiling cranelift-bitset v0.134.4
   Compiling zerofrom-derive v0.1.7
   Compiling itertools v0.14.0
   Compiling rustix v1.1.4
   Compiling zerofrom v0.1.8
   Compiling block-buffer v0.10.4
   Compiling crypto-common v0.1.7
   Compiling yoke-derive v0.8.2
   Compiling cmake v0.1.58
   Compiling crc32fast v1.5.1
   Compiling fs_extra v1.3.0
   Compiling stable_deref_trait v1.2.1
   Compiling cranelift-srcgen v0.134.4
   Compiling linux-raw-sys v0.12.1
   Compiling dunce v1.0.5
   Compiling pkg-config v0.3.34
   Compiling target-lexicon v0.13.5
   Compiling cranelift-assembler-x64-meta v0.134.4
   Compiling aws-lc-sys v0.45.0
   Compiling yoke v0.8.3
   Compiling digest v0.10.7
   Compiling zeroize v1.9.0
   Compiling cpufeatures v0.2.17
   Compiling zmij v1.0.23
   Compiling sha2 v0.10.9
   Compiling tokio-util v0.7.19
   Compiling http v1.5.0
   Compiling pulley-macros v47.0.4
   Compiling zerovec-derive v0.11.6
   Compiling getrandom v0.2.17
   Compiling serde_json v1.0.151
   Compiling zerovec v0.11.8
   Compiling rustls-pki-types v1.15.1
   Compiling displaydoc v0.2.7
   Compiling cranelift-isle v0.134.4
   Compiling aws-lc-rs v1.18.1
   Compiling pulley-interpreter v47.0.4
   Compiling cranelift-entity v0.134.4
   Compiling cobs v0.3.0
   Compiling ring v0.17.14
   Compiling hashbrown v0.16.1
   Compiling cranelift-codegen-shared v0.134.4
   Compiling gimli v0.33.0
   Compiling cranelift-codegen-meta v0.134.4
   Compiling postcard v1.1.3
   Compiling cranelift-bforest v0.134.4
   Compiling http-body v1.1.0
   Compiling cranelift-assembler-x64 v0.134.4
   Compiling allocator-api2 v0.2.21
   Compiling semver v1.0.28
   Compiling percent-encoding v2.3.2
   Compiling io-lifetimes v2.0.4
   Compiling untrusted v0.7.1
   Compiling cranelift-codegen v0.134.4
   Compiling wasmparser v0.252.0
   Compiling bumpalo v3.20.3
   Compiling tinystr v0.8.4
   Compiling prost-derive v0.14.4
   Compiling wasmtime-internal-versioned-export-macros v47.0.4
   Compiling async-trait v0.1.92
   Compiling untrusted v0.9.0
   Compiling httparse v1.10.1
   Compiling arbitrary v1.4.2
   Compiling zerocopy v0.8.56
   Compiling object v0.39.1
   Compiling rustc-hash v2.1.3
   Compiling writeable v0.6.4
   Compiling litemap v0.8.3
   Compiling icu_locale_core v2.3.0
   Compiling regalloc2 v0.15.2
   Compiling cranelift-control v0.134.4
   Compiling zerotrie v0.2.5
   Compiling potential_utf v0.1.6
   Compiling wasmtime-internal-component-util v47.0.4
   Compiling try-lock v0.2.5
   Compiling atomic-waker v1.1.2
   Compiling termcolor v1.4.1
   Compiling utf8_iter v1.0.4
   Compiling leb128fmt v0.1.0
   Compiling tower-service v0.3.3
   Compiling icu_normalizer_data v2.3.0
   Compiling rustls v0.23.43
   Compiling icu_properties_data v2.3.0
   Compiling wasm-encoder v0.252.0
   Compiling icu_collections v2.3.0
   Compiling wasmprinter v0.252.0
   Compiling h2 v0.4.19
   Compiling want v0.3.1
   Compiling icu_provider v2.3.1
   Compiling subtle v2.6.1
   Compiling httpdate v1.0.3
   Compiling wasmtime-environ v47.0.4
   Compiling hyper v1.11.1
   Compiling ppv-lite86 v0.2.21
   Compiling fs-set-times v0.20.3
   Compiling rustix-linux-procfs v0.1.1
   Compiling thiserror v1.0.69
   Compiling wasmtime-internal-unwinder v47.0.4
   Compiling rand_core v0.10.1
   Compiling getrandom v0.4.3
   Compiling autocfg v1.5.1
   Compiling maybe-owned v0.3.4
   Compiling ambient-authority v0.0.2
   Compiling id-arena v2.3.0
   Compiling getrandom v0.3.4
   Compiling io-lifetimes v3.0.1
   Compiling ipnet v2.12.1
   Compiling wit-parser v0.252.0
   Compiling num-traits v0.2.19
   Compiling icu_normalizer v2.3.0
   Compiling icu_properties v2.3.0
   Compiling wasmtime-internal-fiber v47.0.4
   Compiling http-body-util v0.1.5
   Compiling thiserror-impl v1.0.69
   Compiling deranged v0.5.8
   Compiling aho-corasick v1.1.5
   Compiling io-extras v0.19.0
   Compiling wasmtime-internal-component-macro v47.0.4
   Compiling regex-syntax v0.8.11
   Compiling tower-layer v0.3.3
   Compiling sync_wrapper v1.0.2
   Compiling num-conv v0.2.2
   Compiling leb128 v0.2.7
   Compiling base64 v0.22.1
   Compiling powerfmt v0.2.0
   Compiling wasmtime-internal-cranelift v47.0.4
   Compiling time-core v0.1.9
   Compiling regex-automata v0.4.18
   Compiling time v0.3.55
   Compiling cranelift-frontend v0.134.4
   Compiling cranelift-native v0.134.4
   Compiling prost v0.14.4
   Compiling wast v35.0.2
   Compiling idna_adapter v1.2.2
   Compiling wasmtime-internal-wit-bindgen v47.0.4
   Compiling hyper-util v0.1.20
   Compiling wasmtime v47.0.4
   Compiling tokio-stream v0.1.19
   Compiling opentelemetry v0.31.0
   Compiling pin-project-internal v1.1.13
   Compiling fastrand v2.5.0
   Compiling cap-primitives v4.0.3
   Compiling prettyplease v0.2.37
   Compiling foldhash v0.1.5
   Compiling adler2 v2.0.1
   Compiling simd-adler32 v0.3.10
   Compiling mime v0.3.17
   Compiling openssl-probe v0.2.1
   Compiling axum-core v0.5.6
   Compiling rustls-native-certs v0.8.4
   Compiling miniz_oxide v0.8.9
   Compiling hashbrown v0.15.5
   Compiling pin-project v1.1.13
   Compiling rand_core v0.9.5
   Compiling witx v0.9.1
   Compiling idna v1.1.0
   Compiling prost-types v0.14.4
   Compiling tower v0.5.3
   Compiling form_urlencoded v1.2.2
   Compiling memfd v0.6.5
   Compiling wasmtime-internal-jit-icache-coherence v47.0.4
   Compiling futures v0.3.34
   Compiling encoding_rs v0.8.35
   Compiling cap-std v4.0.3
   Compiling cpufeatures v0.3.1
   Compiling wiggle-macro v47.0.4
   Compiling ident_case v1.0.1
   Compiling matchit v0.8.4
   Compiling fixedbitset v0.5.7
   Compiling strsim v0.11.1
   Compiling io-extras v0.18.4
   Compiling crossbeam-utils v0.8.22
   Compiling darling_core v0.24.1
   Compiling petgraph v0.8.3
   Compiling axum v0.8.9
   Compiling tempfile v3.27.0
   Compiling chacha20 v0.10.2
   Compiling url v2.5.8
   Compiling wiggle-generate v47.0.4
   Compiling rand_chacha v0.9.0
   Compiling regex v1.13.1
   Compiling flate2 v1.1.9
   Compiling hyper-timeout v0.5.2
   Compiling rustversion v1.0.23
   Compiling prettyplease v0.3.0
   Compiling lazy_static v1.5.0
   Compiling cap-primitives v3.4.6
   Compiling cap-fs-ext v4.0.3
   Compiling portable-atomic v1.15.0
   Compiling multimap v0.10.1
   Compiling prost-build v0.14.4
   Compiling sharded-slab v0.1.7
   Compiling rand v0.9.5
   Compiling rand v0.10.2
   Compiling darling_macro v0.24.1
   Compiling pbjson-build v0.8.0
   Compiling matchers v0.2.0
   Compiling rand_core v0.6.4
   Compiling futures-executor v0.3.34
   Compiling tracing-serde v0.2.0
   Compiling tracing-log v0.2.0
   Compiling thread_local v1.1.10
   Compiling cap-std v3.4.6
   Compiling nu-ansi-term v0.50.3
   Compiling crossbeam-epoch v0.9.20
   Compiling opentelemetry_sdk v0.31.0
   Compiling tracing-subscriber v0.3.23
   Compiling rand_chacha v0.3.1
   Compiling pbjson-types v0.8.0
   Compiling wasmtime-wasi-io v47.0.4
   Compiling wiggle v47.0.4
   Compiling darling v0.24.1
   Compiling num-integer v0.1.47
   Compiling webpki-roots v1.0.9
   Compiling iana-time-zone v0.1.65
   Compiling names v0.14.0
   Compiling bon-macros v3.10.0
   Compiling num-bigint v0.4.8
   Compiling chrono v0.4.45
   Compiling arc-swap v1.9.2
   Compiling wasmtime-wasi v47.0.4
   Compiling rand v0.8.8
   Compiling crossbeam-channel v0.5.16
   Compiling opentelemetry-http v0.31.0
   Compiling uuid v1.26.0
   Compiling pbjson v0.8.0
   Compiling combine v4.6.8
   Compiling tryhard v0.5.2
   Compiling itertools v0.13.0
   Compiling serde_nanos v0.1.4
   Compiling serde_repr v0.1.21
   Compiling tagptr v0.2.0
   Compiling home v0.5.12
   Compiling ryu v1.0.23
   Compiling etcetera v0.10.0
   Compiling moka v0.12.16
   Compiling redis v0.27.6
   Compiling bon v3.10.0
   Compiling cap-net-ext v3.4.6
   Compiling webpki-roots v0.26.11
   Compiling opentelemetry-appender-tracing v0.31.1
   Compiling tracing-opentelemetry v0.32.1
   Compiling yasna v0.6.0
   Compiling sysinfo v0.32.1
   Compiling hostname v0.4.2
   Compiling opentelemetry-semantic-conventions v0.31.0
   Compiling humantime v2.4.0
   Compiling wamn-component-policy v0.1.0 (/home/kaalin/.cache/wamn-lanes/ctc8-14-wasi-http-20260907/crates/platform/component-policy)
   Compiling rustls-webpki v0.103.15
   Compiling rcgen v0.14.8
   Compiling tokio-rustls v0.26.4
   Compiling tonic v0.14.6
   Compiling async-nats v0.49.1
   Compiling hyper-rustls v0.27.9
   Compiling wasmtime-wasi-http v47.0.4
   Compiling tonic-prost v0.14.6
   Compiling opentelemetry-proto v0.31.0
   Compiling opentelemetry-otlp v0.31.1
   Compiling wash-runtime v2.8.0 (https://github.com/dkkloimwieder/wasmCloud?rev=735b57982545358409a7d965a22549b08487ca09#735b5798)
error[E0433]: cannot find `oci` in `crate`
    --> /home/kaalin/.cargo/git/checkouts/wasmcloud-8b42214d254eda9e/735b579/crates/wash-runtime/src/host/mod.rs:1378:16
     |
1378 |         crate::oci::set_extra_ca_certificates(&config.oci_ca_paths)
     |                ^^^ could not find `oci` in the crate root
     |
note: found an item that was configured out
    --> /home/kaalin/.cargo/git/checkouts/wasmcloud-8b42214d254eda9e/735b579/crates/wash-runtime/src/lib.rs:17:9
     |
  16 | #[cfg(feature = "oci")]
     |       --------------- the item is gated behind the `oci` feature
  17 | pub mod oci;
     |         ^^^

For more information about this error, try `rustc --explain E0433`.
error: could not compile `wash-runtime` (lib) due to 1 previous error
Command exited with non-zero status 101
	Command being timed: "cargo build --offline --locked --manifest-path tools/probes/ctc8-14-wasi-http/Cargo.toml -p ctc8-14-wasi-http-probe"
	User time (seconds): 41.75
	System time (seconds): 16.00
	Percent of CPU this job got: 30%
	Elapsed (wall clock) time (h:mm:ss or m:ss): 3:10.03
	Average shared text size (kbytes): 0
	Average unshared data size (kbytes): 0
	Average stack size (kbytes): 0
	Average total size (kbytes): 0
	Maximum resident set size (kbytes): 339236
	Average resident set size (kbytes): 0
	Major (requiring I/O) page faults: 163
	Minor (reclaiming a frame) page faults: 2619610
	Voluntary context switches: 46424
	Involuntary context switches: 19879
	Swaps: 0
	File system inputs: 28448
	File system outputs: 570728
	Socket messages sent: 0
	Socket messages received: 0
	Signals delivered: 0
	Page size (bytes): 4096
	Exit status: 101

exit_code=101
