2026-09-11T19:39:18.149268Z  INFO wamn_cdc_reader: registration loaded publication="wamn_cdc_acme__receiving__dev__4mnnn8wq" slot="wamn_cdc_acme__receiving__dev__4mnnn8wq" stream="EVT_4_acme_9_receiving_3_dev"
2026-09-11T19:39:18.150252Z  INFO async_nats::connector: connected successfully server=4222 max_payload=1048576
2026-09-11T19:39:18.224145Z  INFO wamn_cdc_reader: preflight: slot healthy (resume position = confirmed LSN) slot="wamn_cdc_acme__receiving__dev__4mnnn8wq" active=false confirmed_flush_lsn="0/338DE50" wal_status="reserved"
2026-09-11T19:39:18.224233Z  INFO pg_walstream::stream: Creating logical replication stream with retry support
2026-09-11T19:39:18.224255Z  INFO pg_walstream::retry: Attempting to connect to PostgreSQL with retry logic
2026-09-11T19:39:18.278116Z  INFO pg_walstream::retry: Successfully connected to PostgreSQL on attempt 1 after 53.840459ms
2026-09-11T19:39:18.278174Z  INFO pg_walstream::stream: Starting logical replication stream
2026-09-11T19:39:18.278183Z  INFO pg_walstream::stream: Initializing replication stream
2026-09-11T19:39:18.278333Z  INFO pg_walstream::stream: System identification successful
2026-09-11T19:39:18.278347Z  INFO pg_walstream::stream: Creating replication slot: wamn_cdc_acme__receiving__dev__4mnnn8wq
2026-09-11T19:39:18.287036Z  WARN pg_walstream::stream: Replication slot already exists, continuing
2026-09-11T19:39:18.287076Z  INFO pg_walstream::stream: Replication stream initialized
2026-09-11T19:39:18.287710Z  INFO pg_walstream::stream: Logical replication started with LSN: 0/0
2026-09-11T19:39:18.287743Z  INFO wamn_cdc_reader: walsender session open; draining reopens=0
2026-09-11T19:39:48.293499Z  INFO pg_walstream::connection::native::connection: Sent standby status update: received=0/388CE78, flushed=0/0, applied=0/0, reply_requested=false
2026-09-11T19:40:18.294630Z  INFO pg_walstream::connection::native::connection: Sent standby status update: received=0/388CEB0, flushed=0/0, applied=0/0, reply_requested=false
2026-09-11T19:40:33.798033Z  INFO wamn::event_reader: drain summary commits=0 events_published=0 deduped=0 excluded_by_relation={} ending="shutdown"
2026-09-11T19:40:33.798182Z  INFO pg_walstream::connection::native::connection: Sent standby status update: received=0/388D480, flushed=0/0, applied=0/0, reply_requested=false
2026-09-11T19:40:33.798204Z  INFO pg_walstream::stream: Stopping logical replication stream (last received LSN: 0/388D480)
2026-09-11T19:40:33.798214Z  INFO wamn_cdc_reader: shutdown requested; exiting cleanly reopens=0 commits=0
