2026-09-10T15:55:10Z env CARGO_TARGET_DIR=/home/kaalin/.cache/wamn-lanes/ctc8-20-pat-service-20260910/target RUSTC_WRAPPER= /home/kaalin/.cache/wamn-lanes/ctc8-20-pat-service-20260910/tools/build-components m1 
2026-09-10T15:56:28Z env CARGO_TARGET_DIR=/home/kaalin/.cache/wamn-lanes/ctc8-20-pat-service-20260910/target RUSTC_WRAPPER= cargo build --locked -p wamn-ctl -p wamn-identity -p wamn-cdc-reader -p wamn-scenario-worker -p wamn-executor 
2026-09-10T15:57:41Z env CARGO_TARGET_DIR=/home/kaalin/.cache/wamn-lanes/ctc8-20-pat-service-20260910/target RUSTC_WRAPPER= cargo test --locked --offline -p wamn-proof-integration --test receiving_command_histories_live --no-run 
2026-09-10T15:59:02Z docker build --platform=linux/amd64 --provenance=false --file /home/kaalin/.cache/wamn-lanes/ctc8-20-pat-service-20260910/Dockerfile --target host --tag wamn-host:receiving-6b91d423bcb3-1870736-release --label wamn.dev/source-head=6b91d423bcb350321099c3e26e5f46c7aae515c2 --label wamn.dev/build-profile=release /home/kaalin/.cache/wamn-lanes/ctc8-20-pat-service-20260910 
2026-09-10T16:04:38Z docker build --platform=linux/amd64 --provenance=false --file /home/kaalin/.cache/wamn-lanes/ctc8-20-pat-service-20260910/Dockerfile --target gates --tag wamn-gates:receiving-6b91d423bcb3-1870736-release --label wamn.dev/source-head=6b91d423bcb350321099c3e26e5f46c7aae515c2 --label wamn.dev/build-profile=release /home/kaalin/.cache/wamn-lanes/ctc8-20-pat-service-20260910 
2026-09-10T16:18:10Z kind create cluster --name wamn-receiving-correctness --config /tmp/tmp.3Q3Dm4sGWX/kind-config.yaml --kubeconfig /tmp/tmp.3Q3Dm4sGWX/kubeconfig 
2026-09-10T16:18:32Z kubectl --kubeconfig /tmp/tmp.3Q3Dm4sGWX/kubeconfig --context kind-wamn-receiving-correctness wait --for=condition=Ready nodes --all --timeout=180s 
2026-09-10T16:18:45Z kubectl --kubeconfig /tmp/tmp.3Q3Dm4sGWX/kubeconfig --context kind-wamn-receiving-correctness create namespace wamn-receiving-correctness 
2026-09-10T16:18:45Z kind load docker-image wamn-host:receiving-6b91d423bcb3-1870736-release --name wamn-receiving-correctness 
2026-09-10T16:18:51Z kind load docker-image wamn-gates:receiving-6b91d423bcb3-1870736-release --name wamn-receiving-correctness 
2026-09-10T16:19:03Z htpasswd \<credential-bearing\ arguments\ redacted\> 
2026-09-10T16:19:03Z postgres \<credential-bearing\ arguments\ redacted\> 
2026-09-10T16:19:04Z docker run --detach --name wamn-receiving-registry-6b91d423bcb3-1870736 --network kind --env REGISTRY_AUTH=htpasswd --env REGISTRY_AUTH_HTPASSWD_REALM=WAMN\ Receiving\ cluster\ journey --env REGISTRY_AUTH_HTPASSWD_PATH=/auth/htpasswd --volume /tmp/tmp.3Q3Dm4sGWX/htpasswd:/auth/htpasswd:ro registry:2 
2026-09-10T16:19:04Z docker run --detach --name wamn-receiving-nats-6b91d423bcb3-1870736 --network kind nats:2.10-alpine --jetstream --store_dir /data --http_port 8222 
2026-09-10T16:19:07Z psql \<owned\ PostgreSQL\ administrator\> CREATE\ DATABASE\ wamn_system 
2026-09-10T16:19:07Z cargo test production_two_package_release_serves_all_thirteen_pat_routes \<journey\ document\ with\ disposable\ PostgreSQL\ and\ OCI\ inputs\ redacted\> 
2026-09-10T16:19:52Z kubectl --kubeconfig /tmp/tmp.3Q3Dm4sGWX/kubeconfig --context kind-wamn-receiving-correctness apply -f /tmp/tmp.3Q3Dm4sGWX/route-caller-pat-kube.json 
2026-09-10T16:19:54Z env DOCKER_CONFIG=\<private-registry-directory\> /home/kaalin/.cache/wamn-lanes/ctc8-20-pat-service-20260910/.tools/wash/2.9.0/wash -o json oci push --insecure 172.28.0.9:5000/wamn/flow-http:receiving-6b91d423bcb3-1870736-release /home/kaalin/.cache/wamn-lanes/ctc8-20-pat-service-20260910/target/wasm32-wasip2/release/http_route.wasm 
2026-09-10T16:19:54Z env DOCKER_CONFIG=\<private-registry-directory\> /home/kaalin/.cache/wamn-lanes/ctc8-20-pat-service-20260910/.tools/wash/2.9.0/wash -o json oci push --insecure 172.28.0.9:5000/wamn/materializer:receiving-6b91d423bcb3-1870736-release /home/kaalin/.cache/wamn-lanes/ctc8-20-pat-service-20260910/target/wasm32-wasip2/release/materializer.wasm 
2026-09-10T16:19:55Z print-release-env \<credential-bearing\ arguments\ redacted\> 
2026-09-10T16:19:55Z kubectl --kubeconfig /tmp/tmp.3Q3Dm4sGWX/kubeconfig --context kind-wamn-receiving-correctness apply -f /tmp/tmp.3Q3Dm4sGWX/host-secrets/guest-sql.json 
2026-09-10T16:19:55Z kubectl --kubeconfig /tmp/tmp.3Q3Dm4sGWX/kubeconfig --context kind-wamn-receiving-correctness apply -f /tmp/tmp.3Q3Dm4sGWX/host-secrets/executor-platform.json 
2026-09-10T16:19:55Z kubectl --kubeconfig /tmp/tmp.3Q3Dm4sGWX/kubeconfig --context kind-wamn-receiving-correctness apply -f /tmp/tmp.3Q3Dm4sGWX/host-secrets/identity-reader.json 
2026-09-10T16:19:55Z kubectl --kubeconfig /tmp/tmp.3Q3Dm4sGWX/kubeconfig --context kind-wamn-receiving-correctness apply -f /tmp/tmp.3Q3Dm4sGWX/host-secrets/http-admitter.json 
2026-09-10T16:19:55Z kubectl --kubeconfig /tmp/tmp.3Q3Dm4sGWX/kubeconfig --context kind-wamn-receiving-correctness apply -f /tmp/tmp.3Q3Dm4sGWX/host-secrets/event-materializer.json 
2026-09-10T16:19:55Z kubectl --kubeconfig /tmp/tmp.3Q3Dm4sGWX/kubeconfig --context kind-wamn-receiving-correctness -n wamn-receiving-correctness create secret generic wamn-registry-pull --type=kubernetes.io/dockerconfigjson --from-file=.dockerconfigjson=\<redacted\> --dry-run=client -o yaml 
2026-09-10T16:19:55Z kubectl --kubeconfig /tmp/tmp.3Q3Dm4sGWX/kubeconfig --context kind-wamn-receiving-correctness apply -f /tmp/tmp.3Q3Dm4sGWX/registry-pull.yaml 
2026-09-10T16:19:55Z kubectl --kubeconfig /tmp/tmp.3Q3Dm4sGWX/kubeconfig --context kind-wamn-receiving-correctness apply -f /home/kaalin/.cache/wamn-lanes/ctc8-20-pat-service-20260910/deploy/infra/cert-manager.yaml 
2026-09-10T16:19:57Z kubectl --kubeconfig /tmp/tmp.3Q3Dm4sGWX/kubeconfig --context kind-wamn-receiving-correctness -n cert-manager wait --for=condition=Available deployment --all --timeout=240s 
2026-09-10T16:20:09Z helm upgrade --install --create-namespace --kubeconfig /tmp/tmp.3Q3Dm4sGWX/kubeconfig --kube-context kind-wamn-receiving-correctness --namespace wamn-system wamn oci://ghcr.io/wasmcloud/charts/runtime-operator --version 2.9.0 -f /home/kaalin/.cache/wamn-lanes/ctc8-20-pat-service-20260910/deploy/infra/values-wamn.yaml -f /tmp/tmp.3Q3Dm4sGWX/operator-values.yaml --wait --timeout 5m 
2026-09-10T16:20:37Z kubectl --kubeconfig /tmp/tmp.3Q3Dm4sGWX/kubeconfig --context kind-wamn-receiving-correctness -n wamn-system get deployment runtime-operator -o json 
2026-09-10T16:20:37Z kubectl --kubeconfig /tmp/tmp.3Q3Dm4sGWX/kubeconfig --context kind-wamn-receiving-correctness apply -f /tmp/tmp.3Q3Dm4sGWX/runtime-operator-events-rbac.yaml 
2026-09-10T16:20:37Z kubectl --kubeconfig /tmp/tmp.3Q3Dm4sGWX/kubeconfig --context kind-wamn-receiving-correctness -n wamn-receiving-correctness get role wamn-runtime-operator-events -o json 
2026-09-10T16:20:38Z kubectl --kubeconfig /tmp/tmp.3Q3Dm4sGWX/kubeconfig --context kind-wamn-receiving-correctness -n wamn-receiving-correctness get rolebinding wamn-runtime-operator-events -o json 
2026-09-10T16:20:38Z kubectl --kubeconfig /tmp/tmp.3Q3Dm4sGWX/kubeconfig --context kind-wamn-receiving-correctness apply -f /home/kaalin/.cache/wamn-lanes/ctc8-20-pat-service-20260910/deploy/infra/tempo.yaml 
2026-09-10T16:20:38Z kubectl --kubeconfig /tmp/tmp.3Q3Dm4sGWX/kubeconfig --context kind-wamn-receiving-correctness apply -f /home/kaalin/.cache/wamn-lanes/ctc8-20-pat-service-20260910/deploy/infra/otel-collector.yaml 
2026-09-10T16:20:38Z kubectl --kubeconfig /tmp/tmp.3Q3Dm4sGWX/kubeconfig --context kind-wamn-receiving-correctness -n wamn-system wait --for=condition=Available deployment/tempo deployment/otel-collector --timeout=120s 
2026-09-10T16:20:45Z kubectl --kubeconfig /tmp/tmp.3Q3Dm4sGWX/kubeconfig --context kind-wamn-receiving-correctness apply -f /tmp/tmp.3Q3Dm4sGWX/wasmcloud-ca-copy.json 
2026-09-10T16:20:45Z kubectl --kubeconfig /tmp/tmp.3Q3Dm4sGWX/kubeconfig --context kind-wamn-receiving-correctness apply -f /home/kaalin/.cache/wamn-lanes/ctc8-20-pat-service-20260910/deploy/infra/wasmcloud-ca-issuer.yaml 
2026-09-10T16:20:45Z kubectl --kubeconfig /tmp/tmp.3Q3Dm4sGWX/kubeconfig --context kind-wamn-receiving-correctness wait --for=condition=Ready clusterissuer/wasmcloud-ca --timeout=60s 
2026-09-10T16:20:46Z kubectl --kubeconfig /tmp/tmp.3Q3Dm4sGWX/kubeconfig --context kind-wamn-receiving-correctness apply -f /tmp/tmp.3Q3Dm4sGWX/host-environment-certs.yaml 
2026-09-10T16:20:46Z kubectl --kubeconfig /tmp/tmp.3Q3Dm4sGWX/kubeconfig --context kind-wamn-receiving-correctness -n wamn-receiving-correctness wait --for=condition=Ready certificate/wasmcloud-runtime-tls certificate/wasmcloud-data-tls --timeout=120s 
2026-09-10T16:20:46Z helm upgrade --install --kubeconfig /tmp/tmp.3Q3Dm4sGWX/kubeconfig --kube-context kind-wamn-receiving-correctness --namespace wamn-receiving-correctness wamn-host oci://ghcr.io/wasmcloud/charts/runtime-operator --version 2.9.0 -f /tmp/tmp.3Q3Dm4sGWX/host-base.yaml -f /tmp/tmp.3Q3Dm4sGWX/host-overlay.yaml --wait --timeout 5m 
2026-09-10T16:20:53Z kubectl --kubeconfig /tmp/tmp.3Q3Dm4sGWX/kubeconfig --context kind-wamn-receiving-correctness -n wamn-receiving-correctness rollout status deployment/hostgroup-default --timeout=240s 
2026-09-10T16:20:54Z kubectl --kubeconfig /tmp/tmp.3Q3Dm4sGWX/kubeconfig --context kind-wamn-receiving-correctness apply -f /tmp/tmp.3Q3Dm4sGWX/flow-http.yaml 
2026-09-10T16:20:54Z kubectl --kubeconfig /tmp/tmp.3Q3Dm4sGWX/kubeconfig --context kind-wamn-receiving-correctness -n wamn-receiving-correctness wait --for=condition=Ready workloaddeployment/flow-http --timeout=240s 
2026-09-10T16:20:55Z kubectl --kubeconfig /tmp/tmp.3Q3Dm4sGWX/kubeconfig --context kind-wamn-receiving-correctness apply -f /tmp/tmp.3Q3Dm4sGWX/receiving-correctness-nodeport.json 
2026-09-10T16:20:55Z timeout --signal=TERM --kill-after=10s 600s env WAMN_RECEIVING_CORRECTNESS_DOCUMENT=\<private-fixture-path\> CARGO_TARGET_DIR=/home/kaalin/.cache/wamn-lanes/ctc8-20-pat-service-20260910/target RUSTC_WRAPPER= cargo test --locked --offline -p wamn-proof-integration --test receiving_command_histories_live production_receiving_command_histories -- --exact --include-ignored --nocapture 
2026-09-10T16:20:58Z kind delete cluster --name wamn-receiving-correctness --kubeconfig /tmp/tmp.3Q3Dm4sGWX/kubeconfig 
2026-09-10T16:21:00Z docker rm --force --volumes wamn-receiving-pg18-6b91d423bcb3-1870736 
2026-09-10T16:21:00Z docker rm --force --volumes wamn-receiving-registry-6b91d423bcb3-1870736 
2026-09-10T16:21:00Z docker rm --force --volumes wamn-receiving-nats-6b91d423bcb3-1870736 
2026-09-10T16:21:00Z docker image rm wamn-gates:receiving-6b91d423bcb3-1870736-release 
2026-09-10T16:21:00Z docker image rm wamn-host:receiving-6b91d423bcb3-1870736-release 
2026-09-10T16:21:00Z rm -rf -- /tmp/tmp.3Q3Dm4sGWX 
