{
  "summary": {
    "successRate": 1.0,
    "total": 10.006230245,
    "slowest": 0.049139331,
    "fastest": 0.000365404,
    "average": 0.003606804468722838,
    "requestsPerSec": 8855.58275498187,
    "totalData": 3188844,
    "sizePerRequest": 36,
    "sizePerSec": 318685.85090708156
  },
  "metrics": {
    "success_rate": 1.0,
    "requests_per_sec": 8855.58275498187,
    "latency_ms": {
      "min": 0.365,
      "mean": 3.607,
      "p50": 3.35,
      "p95": 6.738,
      "p99": 9.699,
      "max": 49.139
    }
  },
  "responseTimeHistogram": {
    "0.000365404": 1,
    "0.0052427967": 75996,
    "0.0101201894": 11845,
    "0.0149975821": 581,
    "0.0198749748": 83,
    "0.0247523675": 33,
    "0.0296297602": 34,
    "0.034507152900000004": 4,
    "0.0393845456": 0,
    "0.0442619383": 1,
    "0.049139331": 1
  },
  "latencyPercentiles": {
    "p10": 0.0016485,
    "p25": 0.00241825,
    "p50": 0.003349845,
    "p75": 0.004457077,
    "p90": 0.005730436,
    "p95": 0.006738062,
    "p99": 0.009698636,
    "p99.9": 0.018426717,
    "p99.99": 0.028671798
  },
  "firstByteHistogram": {
    "0.000362951": 1,
    "0.0052353421": 76153,
    "0.0101077332": 11711,
    "0.0149801243": 561,
    "0.0198525154": 80,
    "0.024724906499999998": 33,
    "0.0295972976": 34,
    "0.0344696887": 4,
    "0.0393420798": 0,
    "0.0442144709": 1,
    "0.049086861999999995": 1
  },
  "firstBytePercentiles": {
    "p10": 0.001637258,
    "p25": 0.002404383,
    "p50": 0.003334202,
    "p75": 0.004436338,
    "p90": 0.005700817,
    "p95": 0.006700711,
    "p99": 0.00962059,
    "p99.9": 0.018376783,
    "p99.99": 0.028547563
  },
  "rps": {
    "mean": 8844.016081810825,
    "stddev": 1962.7516093601114,
    "max": 14920.828872207132,
    "min": 3301.357962013903,
    "percentiles": {
      "p10": 6346.041750088327,
      "p25": 7468.0940818384215,
      "p50": 8853.115149652096,
      "p75": 10252.937969323339,
      "p90": 11335.04796831808,
      "p95": 12084.894044928658,
      "p99": 12967.544046675808,
      "p99.9": 14429.984063886375,
      "p99.99": 14920.828872207132
    }
  },
  "details": {
    "DNSDialup": {
      "average": 0.0020648682500000004,
      "fastest": 0.000974402,
      "slowest": 0.003149378
    },
    "DNSLookup": {
      "average": 0.000049066875,
      "fastest": 0.000017047,
      "slowest": 0.000224463
    },
    "firstByte": {
      "average": 0.0035874522334074423,
      "fastest": 0.000362951,
      "slowest": 0.049086862
    }
  },
  "statusCodeDistribution": {
    "404": 88579
  },
  "errorDistribution": {
    "aborted due to deadline": 32
  }
}