{
  "summary": {
    "successRate": 1.0,
    "total": 10.00194952,
    "slowest": 0.034123399,
    "fastest": 0.00254313,
    "average": 0.006298741533322826,
    "requestsPerSec": 1268.452712606772,
    "totalData": 3651552,
    "sizePerRequest": 288,
    "sizePerSec": 365084.02613893617
  },
  "metrics": {
    "success_rate": 1.0,
    "requests_per_sec": 1268.452712606772,
    "latency_ms": {
      "min": 2.543,
      "mean": 6.299,
      "p50": 5.889,
      "p95": 9.872,
      "p99": 12.966,
      "max": 34.123
    }
  },
  "responseTimeHistogram": {
    "0.00254313": 1,
    "0.0057011569000000005": 5724,
    "0.0088591838": 5836,
    "0.012017210700000003": 943,
    "0.015175237600000002": 114,
    "0.0183332645": 37,
    "0.021491291400000005": 15,
    "0.024649318300000004": 5,
    "0.027807345200000003": 1,
    "0.030965372100000003": 1,
    "0.034123399": 2
  },
  "latencyPercentiles": {
    "p10": 0.004350935,
    "p25": 0.004967506,
    "p50": 0.005889038,
    "p75": 0.007155889,
    "p90": 0.008667782,
    "p95": 0.009871869,
    "p99": 0.01296629,
    "p99.9": 0.020836118,
    "p99.99": 0.032897314
  },
  "firstByteHistogram": {
    "0.002536628": 1,
    "0.0056941173": 5742,
    "0.008851606599999999": 5823,
    "0.012009095899999999": 938,
    "0.015166585199999999": 116,
    "0.0183240745": 35,
    "0.0214815638": 15,
    "0.0246390531": 5,
    "0.0277965424": 1,
    "0.0309540317": 1,
    "0.034111521": 2
  },
  "firstBytePercentiles": {
    "p10": 0.004337314,
    "p25": 0.004953103,
    "p50": 0.005877109,
    "p75": 0.00714547,
    "p90": 0.008656011,
    "p95": 0.009855185,
    "p99": 0.012958798,
    "p99.9": 0.02082829,
    "p99.99": 0.03286133
  },
  "rps": {
    "mean": 1270.8635922046954,
    "stddev": 297.96548640723125,
    "max": 3206.489935627359,
    "min": 90.84904794739917,
    "percentiles": {
      "p10": 906.4733071813071,
      "p25": 1073.7816872976925,
      "p50": 1281.5867068700875,
      "p75": 1482.2902315803192,
      "p90": 1630.9871243761986,
      "p95": 1707.3105329710752,
      "p99": 1877.894774795307,
      "p99.9": 2291.312945230502,
      "p99.99": 3206.489935627359
    }
  },
  "details": {
    "DNSDialup": {
      "average": 0.0005534437500000001,
      "fastest": 0.000323188,
      "slowest": 0.00073188
    },
    "DNSLookup": {
      "average": 0.000048210375,
      "fastest": 0.000020882,
      "slowest": 0.000084636
    },
    "firstByte": {
      "average": 0.00628604715119488,
      "fastest": 0.002536628,
      "slowest": 0.034111521
    }
  },
  "statusCodeDistribution": {
    "200": 12679
  },
  "errorDistribution": {
    "aborted due to deadline": 8
  }
}