2026-09-12T00:46:02.230824Z  INFO native descriptor limits initialized descriptor_soft_limit=Some(524288) default_max_connections=32768 default_max_http_ingress_connections=32768
2026-09-12T00:46:02.371167Z  INFO host memory resolved max_guest_memory=45.7GiB guest_memory_mode="count" default_heap_memory=256MiB core_instances=512 memories=512 pool_reservation=128GiB
2026-09-12T00:46:02.397338Z  INFO executor router queue driver ready runner=cutover-sigint tenant=receiving-route-auth package_count=2 environment=dev effective_release_id=1 manifest_digest=sha256:52feceaa7255c21a354995ea59ad6056edef22c929467fe4adad2c90c4cf5bb3 wiring_cache_capacity=1024 lease_ttl_ms=30000
2026-09-12T00:46:02.397589Z  INFO probe server listening addr=127.0.0.1:42857
2026-09-12T00:46:02.447643Z  WARN executor queue turn failed; retrying error=production claim prepare exhausted candidate failed: db error: ERROR: function require_executor_platform_authority() does not exist
HINT: No function matches the given name and argument types. You might need to add explicit type casts.
2026-09-12T00:46:02.699927Z  WARN executor queue turn failed; retrying error=production claim prepare exhausted candidate failed: db error: ERROR: function require_executor_platform_authority() does not exist
HINT: No function matches the given name and argument types. You might need to add explicit type casts.
2026-09-12T00:46:02.956184Z  WARN executor queue turn failed; retrying error=production claim prepare exhausted candidate failed: db error: ERROR: function require_executor_platform_authority() does not exist
HINT: No function matches the given name and argument types. You might need to add explicit type casts.
2026-09-12T00:46:03.213158Z  WARN executor queue turn failed; retrying error=production claim prepare exhausted candidate failed: db error: ERROR: function require_executor_platform_authority() does not exist
HINT: No function matches the given name and argument types. You might need to add explicit type casts.
2026-09-12T00:46:03.467805Z  WARN executor queue turn failed; retrying error=production claim prepare exhausted candidate failed: db error: ERROR: function require_executor_platform_authority() does not exist
HINT: No function matches the given name and argument types. You might need to add explicit type casts.
2026-09-12T00:46:03.722775Z  WARN executor queue turn failed; retrying error=production claim prepare exhausted candidate failed: db error: ERROR: function require_executor_platform_authority() does not exist
HINT: No function matches the given name and argument types. You might need to add explicit type casts.
2026-09-12T00:46:03.978297Z  WARN executor queue turn failed; retrying error=production claim prepare exhausted candidate failed: db error: ERROR: function require_executor_platform_authority() does not exist
HINT: No function matches the given name and argument types. You might need to add explicit type casts.
2026-09-12T00:46:04.235176Z  WARN executor queue turn failed; retrying error=production claim prepare exhausted candidate failed: db error: ERROR: function require_executor_platform_authority() does not exist
HINT: No function matches the given name and argument types. You might need to add explicit type casts.
2026-09-12T00:46:04.526030Z  WARN executor queue turn failed; retrying error=production claim prepare exhausted candidate failed: db error: ERROR: function require_executor_platform_authority() does not exist
HINT: No function matches the given name and argument types. You might need to add explicit type casts.
2026-09-12T00:46:04.782665Z  WARN executor queue turn failed; retrying error=production claim prepare exhausted candidate failed: db error: ERROR: function require_executor_platform_authority() does not exist
HINT: No function matches the given name and argument types. You might need to add explicit type casts.
2026-09-12T00:46:05.034855Z  WARN executor queue turn failed; retrying error=production claim prepare exhausted candidate failed: db error: ERROR: function require_executor_platform_authority() does not exist
HINT: No function matches the given name and argument types. You might need to add explicit type casts.
2026-09-12T00:46:05.289476Z  WARN executor queue turn failed; retrying error=production claim prepare exhausted candidate failed: db error: ERROR: function require_executor_platform_authority() does not exist
HINT: No function matches the given name and argument types. You might need to add explicit type casts.
2026-09-12T00:46:05.545315Z  WARN executor queue turn failed; retrying error=production claim prepare exhausted candidate failed: db error: ERROR: function require_executor_platform_authority() does not exist
HINT: No function matches the given name and argument types. You might need to add explicit type casts.
2026-09-12T00:46:05.800077Z  WARN executor queue turn failed; retrying error=production claim prepare exhausted candidate failed: db error: ERROR: function require_executor_platform_authority() does not exist
HINT: No function matches the given name and argument types. You might need to add explicit type casts.
2026-09-12T00:46:06.054994Z  WARN executor queue turn failed; retrying error=production claim prepare exhausted candidate failed: db error: ERROR: function require_executor_platform_authority() does not exist
HINT: No function matches the given name and argument types. You might need to add explicit type casts.
2026-09-12T00:46:06.312127Z  WARN executor queue turn failed; retrying error=production claim prepare exhausted candidate failed: db error: ERROR: function require_executor_platform_authority() does not exist
HINT: No function matches the given name and argument types. You might need to add explicit type casts.
2026-09-12T00:46:06.566754Z  WARN executor queue turn failed; retrying error=production claim prepare exhausted candidate failed: db error: ERROR: function require_executor_platform_authority() does not exist
HINT: No function matches the given name and argument types. You might need to add explicit type casts.
2026-09-12T00:46:06.821790Z  WARN executor queue turn failed; retrying error=production claim prepare exhausted candidate failed: db error: ERROR: function require_executor_platform_authority() does not exist
HINT: No function matches the given name and argument types. You might need to add explicit type casts.
2026-09-12T00:46:07.074699Z  WARN executor queue turn failed; retrying error=production claim prepare exhausted candidate failed: db error: ERROR: function require_executor_platform_authority() does not exist
HINT: No function matches the given name and argument types. You might need to add explicit type casts.
2026-09-12T00:46:07.331809Z  WARN executor queue turn failed; retrying error=production claim prepare exhausted candidate failed: db error: ERROR: function require_executor_platform_authority() does not exist
HINT: No function matches the given name and argument types. You might need to add explicit type casts.
2026-09-12T00:46:07.585319Z  WARN executor queue turn failed; retrying error=production claim prepare exhausted candidate failed: db error: ERROR: function require_executor_platform_authority() does not exist
HINT: No function matches the given name and argument types. You might need to add explicit type casts.
2026-09-12T00:46:07.846519Z  WARN executor queue turn failed; retrying error=production claim prepare exhausted candidate failed: db error: ERROR: function require_executor_platform_authority() does not exist
HINT: No function matches the given name and argument types. You might need to add explicit type casts.
2026-09-12T00:46:08.100213Z  WARN executor queue turn failed; retrying error=production claim prepare exhausted candidate failed: db error: ERROR: function require_executor_platform_authority() does not exist
HINT: No function matches the given name and argument types. You might need to add explicit type casts.
2026-09-12T00:46:08.357708Z  WARN executor queue turn failed; retrying error=production claim prepare exhausted candidate failed: db error: ERROR: function require_executor_platform_authority() does not exist
HINT: No function matches the given name and argument types. You might need to add explicit type casts.
2026-09-12T00:46:08.612039Z  WARN executor queue turn failed; retrying error=production claim prepare exhausted candidate failed: db error: ERROR: function require_executor_platform_authority() does not exist
HINT: No function matches the given name and argument types. You might need to add explicit type casts.
2026-09-12T00:46:08.869818Z  WARN executor queue turn failed; retrying error=production claim prepare exhausted candidate failed: db error: ERROR: function require_executor_platform_authority() does not exist
HINT: No function matches the given name and argument types. You might need to add explicit type casts.
2026-09-12T00:46:09.122251Z  WARN executor queue turn failed; retrying error=production claim prepare exhausted candidate failed: db error: ERROR: function require_executor_platform_authority() does not exist
HINT: No function matches the given name and argument types. You might need to add explicit type casts.
2026-09-12T00:46:09.269786Z  INFO synchronous release preload completed synchronous_wirings=13 component_digests=2 elapsed_ms=6872
2026-09-12T00:46:09.286464Z  INFO executor router driver stopping cache_hits=0 cache_evictions=0
