initdb: warning: enabling "trust" authentication for local connections
initdb: hint: You can change this by editing pg_hba.conf or using the option -A, or --auth-local and --auth-host, the next time you run initdb.
2026-09-11 15:23:12.763 UTC [1] LOG:  starting PostgreSQL 18.6 (Debian 18.6-1.pgdg13+2) on x86_64-pc-linux-gnu, compiled by gcc (Debian 14.2.0-19) 14.2.0, 64-bit
2026-09-11 15:23:12.763 UTC [1] LOG:  listening on IPv4 address "0.0.0.0", port 5432
2026-09-11 15:23:12.763 UTC [1] LOG:  listening on IPv6 address "::", port 5432
2026-09-11 15:23:12.780 UTC [1] LOG:  listening on Unix socket "/var/run/postgresql/.s.PGSQL.5432"
2026-09-11 15:23:12.800 UTC [85] LOG:  database system was shut down at 2026-09-11 15:23:12 UTC
2026-09-11 15:23:12.810 UTC [1] LOG:  database system is ready to accept connections
2026-09-11 15:23:15.893 UTC [130] WARNING:  role "wamn_app" has not been granted membership in role "wamn_platform" by role "postgres"
2026-09-11 15:23:15.893 UTC [130] CONTEXT:  SQL statement "REVOKE "wamn_platform" FROM "wamn_app""
	PL/pgSQL function inline_code_block line 1 at SQL statement
2026-09-11 15:23:15.893 UTC [130] WARNING:  role "wamn_app_720a0b775a9b2981f6b99943103503481465980c_a" has not been granted membership in role "wamn_app" by role "postgres"
2026-09-11 15:23:15.939 UTC [131] WARNING:  role "wamn_effect_writer" has not been granted membership in role "wamn_platform" by role "postgres"
2026-09-11 15:23:15.939 UTC [131] CONTEXT:  SQL statement "REVOKE "wamn_platform" FROM "wamn_effect_writer""
	PL/pgSQL function inline_code_block line 1 at SQL statement
2026-09-11 15:23:15.940 UTC [131] WARNING:  role "wamn_effect_writer_1aab4b4fbe20753d632bdee6f7e02f8a67ddb41b_a" has not been granted membership in role "wamn_effect_writer" by role "postgres"
2026-09-11 15:23:15.996 UTC [132] WARNING:  role "wamn_run_retention_fe3a551fc91ed5b61ecab900f431671ec22d59d6_a" has not been granted membership in role "wamn_run_retention" by role "postgres"
2026-09-11 15:23:16.088 UTC [133] WARNING:  role "wamn_management_admitter" has not been granted membership in role "wamn_platform" by role "postgres"
2026-09-11 15:23:16.088 UTC [133] CONTEXT:  SQL statement "REVOKE "wamn_platform" FROM "wamn_management_admitter""
	PL/pgSQL function inline_code_block line 1 at SQL statement
2026-09-11 15:23:16.091 UTC [133] WARNING:  role "wamn_mgmt_admitter_71aef590bbd63537b25210acc14d0d91c4e4a9bf_a" has not been granted membership in role "wamn_management_admitter" by role "postgres"
2026-09-11 15:23:16.217 UTC [134] WARNING:  role "wamn_executor_platform" has not been granted membership in role "wamn_platform" by role "postgres"
2026-09-11 15:23:16.217 UTC [134] CONTEXT:  SQL statement "REVOKE "wamn_platform" FROM "wamn_executor_platform""
	PL/pgSQL function inline_code_block line 1 at SQL statement
2026-09-11 15:23:16.220 UTC [134] WARNING:  role "wamn_exec_platform_4d18fca45e2885d49d28ff13e9832ddbee75ea05_a" has not been granted membership in role "wamn_executor_platform" by role "postgres"
2026-09-11 15:23:16.317 UTC [135] WARNING:  role "wamn_http_admitter" has not been granted membership in role "wamn_platform" by role "postgres"
2026-09-11 15:23:16.317 UTC [135] CONTEXT:  SQL statement "REVOKE "wamn_platform" FROM "wamn_http_admitter""
	PL/pgSQL function inline_code_block line 1 at SQL statement
2026-09-11 15:23:16.321 UTC [135] WARNING:  role "wamn_http_admitter_a8860bb395da1e35429f9b0388b47f9766d22ace_a" has not been granted membership in role "wamn_http_admitter" by role "postgres"
2026-09-11 15:23:16.400 UTC [136] WARNING:  role "wamn_session_role_reader" has not been granted membership in role "wamn_platform" by role "postgres"
2026-09-11 15:23:16.400 UTC [136] CONTEXT:  SQL statement "REVOKE "wamn_platform" FROM "wamn_session_role_reader""
	PL/pgSQL function inline_code_block line 1 at SQL statement
2026-09-11 15:23:16.403 UTC [136] WARNING:  role "wamn_session_roles_9896cde1dde1a4afdd6088eae3670c6a6966b55a_a" has not been granted membership in role "wamn_session_role_reader" by role "postgres"
2026-09-11 15:23:16.458 UTC [137] WARNING:  role "wamn_dispatch_reader" has not been granted membership in role "wamn_platform" by role "postgres"
2026-09-11 15:23:16.458 UTC [137] CONTEXT:  SQL statement "REVOKE "wamn_platform" FROM "wamn_dispatch_reader""
	PL/pgSQL function inline_code_block line 1 at SQL statement
2026-09-11 15:23:16.462 UTC [137] WARNING:  role "wamn_dispatch_reader_ddd0770d7af749849df65680517c851c347fcea8_a" has not been granted membership in role "wamn_dispatch_reader" by role "postgres"
2026-09-11 15:23:16.562 UTC [139] WARNING:  role "wamn_service_reader" has not been granted membership in role "wamn_platform" by role "postgres"
2026-09-11 15:23:16.562 UTC [139] CONTEXT:  SQL statement "REVOKE "wamn_platform" FROM "wamn_service_reader""
	PL/pgSQL function inline_code_block line 1 at SQL statement
2026-09-11 15:23:16.565 UTC [139] WARNING:  role "wamn_service_reader_2f678e64c434c4ab479c339d68f31f0a3aaf6304_a" has not been granted membership in role "wamn_service_reader" by role "postgres"
2026-09-11 15:23:16.638 UTC [140] WARNING:  role "wamn_event_materializer" has not been granted membership in role "wamn_platform" by role "postgres"
2026-09-11 15:23:16.638 UTC [140] CONTEXT:  SQL statement "REVOKE "wamn_platform" FROM "wamn_event_materializer""
	PL/pgSQL function inline_code_block line 1 at SQL statement
2026-09-11 15:23:16.641 UTC [140] WARNING:  role "wamn_materializer_547208780f204bdd824105168bb058b8b3364a24_a" has not been granted membership in role "wamn_event_materializer" by role "postgres"
2026-09-11 15:23:16.785 UTC [144] ERROR:  permission denied for schema wamn_authority at character 8
2026-09-11 15:23:16.785 UTC [144] STATEMENT:  SELECT wamn_authority.current_tenant_key();
2026-09-11 15:23:16.876 UTC [147] ERROR:  permission denied for table effect_attempt_dispatches
2026-09-11 15:23:16.876 UTC [147] STATEMENT:  SELECT count(*) FROM wamn_run.effect_attempt_dispatches;
2026-09-11 15:23:16.907 UTC [148] ERROR:  permission denied for table effect_attempt_outcomes
2026-09-11 15:23:16.907 UTC [148] STATEMENT:  SELECT count(*) FROM wamn_run.effect_attempt_outcomes;
2026-09-11 15:23:17.338 UTC [163] ERROR:  permission denied for table environment_policies
2026-09-11 15:23:17.338 UTC [163] STATEMENT:  SELECT count(*) FROM wamn_run.environment_policies;
2026-09-11 15:23:18.726 UTC [209] ERROR:  permission denied for table environment_policies
2026-09-11 15:23:18.726 UTC [209] STATEMENT:  SELECT count(*) FROM wamn_run.environment_policies;
2026-09-11 15:23:18.778 UTC [211] ERROR:  permission denied for table runs
2026-09-11 15:23:18.778 UTC [211] STATEMENT:  SELECT count(*) FROM wamn_run.runs;
2026-09-11 15:23:19.130 UTC [223] ERROR:  permission denied for table effect_attempts
2026-09-11 15:23:19.130 UTC [223] STATEMENT:  SELECT count(*) FROM wamn_run.effect_attempts;
2026-09-11 15:23:19.156 UTC [224] ERROR:  permission denied for table effect_attempt_dispatches
2026-09-11 15:23:19.156 UTC [224] STATEMENT:  SELECT count(*) FROM wamn_run.effect_attempt_dispatches;
2026-09-11 15:23:19.183 UTC [225] ERROR:  permission denied for table effect_attempt_outcomes
2026-09-11 15:23:19.183 UTC [225] STATEMENT:  SELECT count(*) FROM wamn_run.effect_attempt_outcomes;
2026-09-11 15:23:19.218 UTC [226] ERROR:  permission denied for table environment_policies
2026-09-11 15:23:19.218 UTC [226] STATEMENT:  SELECT count(*) FROM wamn_run.environment_policies;
2026-09-11 15:23:19.246 UTC [227] ERROR:  permission denied for table run_queue
2026-09-11 15:23:19.246 UTC [227] STATEMENT:  SELECT count(*) FROM wamn_run.run_queue;
2026-09-11 15:23:19.273 UTC [228] ERROR:  permission denied for schema catalog at character 22
2026-09-11 15:23:19.273 UTC [228] STATEMENT:  SELECT count(*) FROM catalog.wirings;
