{
  "schema": "wamn-nested-workspace-interpretation/v1",
  "source": "dd28c68cadf825fe9eec44f7ae2e24ab28b89442",
  "workspace_exit_code": 101,
  "counts": {
    "test_targets": 194,
    "test_nonempty_targets": 174,
    "test_empty_targets": 20,
    "test_failed_targets": 38,
    "test_reported_passed": 2235,
    "test_failed": 83,
    "test_ignored": 0,
    "test_measured": 0,
    "test_filtered_out": 2,
    "test_explicit_self_skip_count": 85,
    "test_reported_passes_after_excluding_explicit_self_skips": 2150,
    "doctest_targets": 37,
    "doctest_nonempty_targets": 6,
    "doctest_empty_targets": 31,
    "doctest_failed_targets": 0,
    "doctest_reported_passed": 6,
    "doctest_failed": 0,
    "doctest_ignored": 0,
    "doctest_measured": 0,
    "doctest_filtered_out": 0,
    "doctest_explicit_self_skip_count": 0,
    "doctest_reported_passes_after_excluding_explicit_self_skips": 6
  },
  "comparisons": {
    "pooling": {
      "exact_identity_and_cause_matches": 79,
      "checkout_path_only_difference": [
        "wamn-proof-conformance",
        "--lib",
        "version_identity::wamn_wit_packages_stay_at_mvp_version"
      ],
      "renamed_test_same_fixture_refusal": {
        "before": "trusted_http_route::tests::nested_http_keeps_original_caller_and_refuses_unproven_child_authority",
        "after": "trusted_http_route::tests::nested_http_authorizes_child_and_preserves_original_caller"
      },
      "other_added_failures": [
        "route_authentication_live::overlay_compatibility::installed_contract_observer_preserves_acls_and_refuses_changed_requirements",
        "route_authentication_live::postcommit::production_materializer_preserves_replay_and_progress"
      ],
      "other_absent_failures": []
    },
    "receiving": {
      "exact_identity_and_cause_matches": 81,
      "checkout_path_only_difference": [
        "wamn-proof-conformance",
        "--lib",
        "version_identity::wamn_wit_packages_stay_at_mvp_version"
      ],
      "renamed_test_same_fixture_refusal": {
        "before": "trusted_http_route::tests::nested_http_keeps_original_caller_and_refuses_unproven_child_authority",
        "after": "trusted_http_route::tests::nested_http_authorizes_child_and_preserves_original_caller"
      },
      "other_added_failures": [],
      "other_absent_failures": [
        [
          "wamn-proof-conformance",
          "--test workspace_tiers",
          "workspace_tier_helper_runs_safely_outside_repository"
        ]
      ]
    }
  },
  "receiving_additions_match_the_receiving_run": true,
  "outside_repository_test_passed_in_this_run": true,
  "unresolved_classifications": [],
  "full_workspace_green": false,
  "inputs": [
    {
      "path": "/home/kaalin/dev/wamn/docs/perf/2026.09/ctc8-33-nested-authority/integrated-workspace-001/workspace-results.json",
      "bytes": 324082,
      "sha256": "8c0aabae7b005377cac77ae1567ee677827bebe44d0e061d3b0d05058679eb93"
    },
    {
      "path": "/home/kaalin/dev/wamn/docs/perf/2026.09/ctc8-33-nested-authority/integrated-workspace-001/workspace-comparison.json",
      "bytes": 151520,
      "sha256": "29c695dfeb58f64d43f5baf7417f07ad7973055a75be228b7f64ea4b694e68cb"
    },
    {
      "path": "/home/kaalin/dev/wamn/docs/perf/2026.09/ctc8-33-nested-authority/integrated-workspace-001/source-stability.json",
      "bytes": 60,
      "sha256": "5e7c50068edb7bfa2849bb669dc3b162a5392879f47351b30329d98748524b15"
    },
    {
      "path": "/home/kaalin/dev/wamn/docs/perf/2026.09/ctc8-16-http-reuse/integrated-workspace-001/workspace-results.json",
      "bytes": 322143,
      "sha256": "cb97caf86f18e34b845ab8a96bbe0cc4d04469e4c016f143de83843773895241"
    },
    {
      "path": "/home/kaalin/dev/wamn/docs/perf/2026.09/receiving-postcommit/integrated-workspace-001/workspace-results.json",
      "bytes": 325243,
      "sha256": "b7a38e7e6cefc270417b8da054cd06efb014b5aa3f954af5e8289f278f862487"
    },
    {
      "path": "/home/kaalin/dev/wamn/docs/perf/2026.09/receiving-postcommit/workspace-tempdir-rerun-001/classification.json",
      "bytes": 818,
      "sha256": "4f03c918a589cf373f14233445b32631872b60a603fdad0e1a97aef9b363f68a"
    }
  ]
}
