warning: function `canonical_serialized` is never used
   --> crates/catalog/model/src/lib.rs:792:4
    |
792 | fn canonical_serialized(value: &impl Serialize) -> Vec<u8> {
    |    ^^^^^^^^^^^^^^^^^^^^
    |
    = note: `#[warn(dead_code)]` (part of `#[warn(unused)]`) on by default

warning: `wamn-catalog` (lib) generated 1 warning
warning: the item `Future` is imported redundantly
 --> crates/platform/runtime/src/connection_authority.rs:3:5
  |
3 | use std::future::Future;
  |     ^^^^^^^^^^^^^^^^^^^
  |
 --> /rustc/88d9e12ae178fab0fb5cc050a94da85685d449ea/library/std/src/prelude/mod.rs:166:12
  |
  = note: the item `Future` is already defined here
  |
  = note: requested on the command line with `-W redundant-imports`

warning: the item `Future` is imported redundantly
 --> crates/platform/runtime/src/plugins/wamn_postgres/pool.rs:7:5
  |
7 | use std::future::Future;
  |     ^^^^^^^^^^^^^^^^^^^
  |
 --> /rustc/88d9e12ae178fab0fb5cc050a94da85685d449ea/library/std/src/prelude/mod.rs:166:12
  |
  = note: the item `Future` is already defined here

warning: constant `HTTP_CONTRACT` is never used
  --> crates/platform/runtime/src/plugins/connection_http.rs:52:7
   |
52 | const HTTP_CONTRACT: &str = "wamn:connection/http@0.1.0";
   |       ^^^^^^^^^^^^^
   |
   = note: `#[warn(dead_code)]` (part of `#[warn(unused)]`) on by default

warning: type does not implement `std::fmt::Debug`; consider adding `#[derive(Debug)]` or a manual implementation
   --> crates/platform/runtime/src/plugins/connection_http.rs:114:1
    |
114 | / pub struct ConnectionHttp {
115 | |     postgres: Arc<WamnPostgres>,
116 | |     vault: Arc<WamnCredentials>,
117 | |     tenant: Box<str>,
...   |
133 | |     invocations: std::sync::RwLock<HashMap<String, ConnectionInvocation>>,
134 | | }
    | |_^
    |
    = note: requested on the command line with `-W missing-debug-implementations`

warning: type does not implement `std::fmt::Debug`; consider adding `#[derive(Debug)]` or a manual implementation
  --> crates/platform/runtime/src/plugins/wamn_credentials.rs:27:1
   |
27 | / pub struct WamnCredentials {
28 | |     /// Whether ANY backing source was configured. Distinguishes `unavailable`
29 | |     /// (no source — retryable) from `not-found` (source present, name absent —
30 | |     /// config-shaped).
...  |
33 | |     projects: HashMap<String, HashMap<String, String>>,
34 | | }
   | |_^

warning: type does not implement `std::fmt::Debug`; consider adding `#[derive(Debug)]` or a manual implementation
   --> crates/platform/runtime/src/plugins/wamn_jetstream.rs:544:1
    |
544 | / pub struct WamnJetstream {
545 | |     nats_url: Option<String>,
546 | |     /// Lazily-connected, memoized JetStream context. A `Mutex<Option<_>>` (not a
547 | |     /// `OnceCell`) so a transient connect failure is retried on the next call
...   |
569 | |     dlq_depth: Arc<DeadLetterDepth>,
570 | | }
    | |_^

warning: type does not implement `std::fmt::Debug`; consider adding `#[derive(Debug)]` or a manual implementation
    --> crates/platform/runtime/src/plugins/wamn_jetstream.rs:1209:1
     |
1209 | / pub struct JsConsumer {
1210 | |     consumer: Consumer<PullConfig>,
1211 | |     dead_letter: Option<DeadLetterIdentity>,
1212 | | }
     | |_^

warning: type does not implement `std::fmt::Debug`; consider adding `#[derive(Debug)]` or a manual implementation
    --> crates/platform/runtime/src/plugins/wamn_jetstream.rs:1216:1
     |
1216 | / pub struct JsMessage {
1217 | |     msg: async_nats::jetstream::Message,
1218 | |     dead_letter: Option<DeadLetterIdentity>,
1219 | | }
     | |_^

warning: type does not implement `std::fmt::Debug`; consider adding `#[derive(Debug)]` or a manual implementation
   --> crates/platform/runtime/src/plugins/wamn_logging.rs:213:1
    |
213 | / pub struct Capture {
214 | |     records: std::sync::Mutex<Vec<CapturedRec>>,
215 | | }
    | |_^

warning: type does not implement `std::fmt::Debug`; consider adding `#[derive(Debug)]` or a manual implementation
   --> crates/platform/runtime/src/plugins/wamn_logging.rs:235:1
    |
235 | / pub struct WamnLogging {
236 | |     /// component id → host-trusted {tenant, project}.
237 | |     claims: std::sync::RwLock<HashMap<String, Claim>>,
238 | |     /// Bounded front queue; `try_send` keeps `log()` non-blocking.
...   |
243 | |     _drain: tokio::task::JoinHandle<()>,
244 | | }
    | |_^

warning: type does not implement `std::fmt::Debug`; consider adding `#[derive(Debug)]` or a manual implementation
   --> crates/platform/runtime/src/plugins/wamn_postgres/claims.rs:55:1
    |
 55 | / pub struct WamnPostgres {
 56 | |     /// Resolves a project id → its database connection + policy.
 57 | |     provider: Arc<dyn CredentialProvider>,
 58 | |     /// Guest-visible project pools, built lazily and never shared with host-owned
...   |
121 | |     pub(super) bind_counters: super::BindCounters,
122 | | }
    | |_^

warning: type does not implement `std::fmt::Debug`; consider adding `#[derive(Debug)]` or a manual implementation
   --> crates/platform/runtime/src/plugins/wamn_postgres/pool.rs:339:1
    |
339 | / pub struct StaticCredentialProvider {
340 | |     projects: HashMap<String, ProjectConfig>,
341 | | }
    | |_^

warning: type does not implement `std::fmt::Debug`; consider adding `#[derive(Debug)]` or a manual implementation
   --> crates/platform/runtime/src/plugins/wamn_postgres/pool.rs:514:1
    |
514 | / pub struct K8sSecretProvider {
515 | |     pub namespace: String,
516 | | }
    | |_^

warning: type does not implement `std::fmt::Debug`; consider adding `#[derive(Debug)]` or a manual implementation
   --> crates/platform/runtime/src/plugins/wamn_postgres/resources.rs:99:1
    |
 99 | / pub struct PgTransaction {
100 | |     state: SharedTxnState,
101 | |     destroyed: Arc<AtomicU64>,
102 | |     cursor_seq: u32,
103 | |     /// Row limit of the project this transaction's connection belongs to.
104 | |     row_limit: u64,
105 | | }
    | |_^

warning: type does not implement `std::fmt::Debug`; consider adding `#[derive(Debug)]` or a manual implementation
   --> crates/platform/runtime/src/plugins/wamn_postgres/resources.rs:145:1
    |
145 | / pub struct PgCursor {
146 | |     state: SharedTxnState,
147 | |     destroyed: Arc<AtomicU64>,
148 | |     name: String,
149 | | }
    | |_^

warning: type does not implement `std::fmt::Debug`; consider adding `#[derive(Debug)]` or a manual implementation
   --> crates/platform/runtime/src/wiring_doorbell.rs:145:1
    |
145 | / pub struct WiringDoorbellListener {
146 | |     shutdown: tokio::sync::watch::Sender<bool>,
147 | |     task: tokio::task::JoinHandle<()>,
148 | | }
    | |_^

warning: `wamn-runtime` (lib) generated 16 warnings
warning: function `run_once_stages` is never used
   --> services/ctl/src/dev.rs:604:10
    |
604 | async fn run_once_stages<R>(
    |          ^^^^^^^^^^^^^^^
    |
    = note: `#[warn(dead_code)]` (part of `#[warn(unused)]`) on by default

warning: function `verify_source_package_with_client` is never used
    --> services/ctl/src/push_component.rs:1301:10
     |
1301 | async fn verify_source_package_with_client(
     |          ^^^^^^^^^^^^^^^^^^^^^^^^^^^^^^^^^

warning: `wamn-ctl` (lib) generated 2 warnings
warning: type does not implement `std::fmt::Debug`; consider adding `#[derive(Debug)]` or a manual implementation
   --> services/scenario-worker/src/authoring.rs:218:1
    |
218 | / pub struct InternalAuthoringBackend {
219 | |     authority: InternalDevAdmin,
220 | |     client: Client,
221 | |     connection_task: tokio::task::JoinHandle<()>,
222 | |     tenant_id: Box<str>,
223 | |     source_schema: BareSchemaName,
224 | | }
    | |_^
    |
    = note: requested on the command line with `-W missing-debug-implementations`

warning: type does not implement `std::fmt::Debug`; consider adding `#[derive(Debug)]` or a manual implementation
   --> services/scenario-worker/src/store/admission.rs:316:1
    |
316 | / pub struct AdmissionSurface {
317 | |     /// The explicit credential and exact server-side predicates are retained so
318 | |     /// every replacement physical connection is checked identically.
319 | |     probe: CredentialExactnessProbe,
...   |
322 | |     tenant_id: Box<str>,
323 | | }
    | |_^

warning: `wamn-scenario-worker` (lib) generated 2 warnings
warning: type does not implement `std::fmt::Debug`; consider adding `#[derive(Debug)]` or a manual implementation
  --> test-support/harness/src/ceiling.rs:72:1
   |
72 | / pub struct Ramp {
73 | |     tolerance: f64,
74 | |     max_levels: usize,
75 | |     levels: Vec<LevelStats>,
...  |
82 | |     retrying: bool,
83 | | }
   | |_^
   |
   = note: requested on the command line with `-W missing-debug-implementations`

warning: `wamn-gate-harness` (lib) generated 1 warning
warning: binding's name is too similar to existing binding
    --> tests/integration/src/cdcbench.rs:1039:13
     |
1039 |     let mut wals: Vec<i64> = Vec::with_capacity(n);
     |             ^^^^
     |
note: existing binding defined here
    --> tests/integration/src/cdcbench.rs:1037:9
     |
1037 |     let wal0 = wal_lsn(admin).await?;
     |         ^^^^
     = help: for further information visit https://rust-lang.github.io/rust-clippy/rust-1.98.0/index.html#similar_names
     = note: `-W clippy::similar-names` implied by `-W clippy::pedantic`
     = help: to override `-W clippy::pedantic` add `#[allow(clippy::similar_names)]`

warning: unnecessary hashes around raw string literal
   --> tests/integration/src/measurement_schema.rs:86:34
    |
 86 |   const FLOOR_SQL_TEMPLATE: &str = r#"
    |  __________________________________^
 87 | | CREATE TABLE __SCHEMA__.users (
 88 | |     id uuid CONSTRAINT users_id_pkey PRIMARY KEY DEFAULT gen_random_uuid(),
 89 | |     tenant_id text NOT NULL,
...   |
179 | | $tenant_floor$;
180 | | "#;
    | |__^
    |
    = help: for further information visit https://rust-lang.github.io/rust-clippy/rust-1.98.0/index.html#needless_raw_string_hashes
    = note: `-W clippy::needless-raw-string-hashes` implied by `-W clippy::pedantic`
    = help: to override `-W clippy::pedantic` add `#[allow(clippy::needless_raw_string_hashes)]`
help: remove all the hashes around the string literal
    |
 86 ~ const FLOOR_SQL_TEMPLATE: &str = r"
 87 | CREATE TABLE __SCHEMA__.users (
...
179 | $tenant_floor$;
180 ~ ";
    |

warning: binding's name is too similar to existing binding
   --> tests/integration/src/provisionbench.rs:688:13
    |
688 |         let env_s = spec.env;
    |             ^^^^^
    |
note: existing binding defined here
   --> tests/integration/src/provisionbench.rs:531:5
    |
531 |     envs: &[EnvSpec],
    |     ^^^^
    = help: for further information visit https://rust-lang.github.io/rust-clippy/rust-1.98.0/index.html#similar_names

warning: long literal lacking separators
   --> tests/integration/src/walbench.rs:141:27
    |
141 |             .wrapping_mul(6364136223846793005)
    |                           ^^^^^^^^^^^^^^^^^^^ help: consider: `6_364_136_223_846_793_005`
    |
    = help: for further information visit https://rust-lang.github.io/rust-clippy/rust-1.98.0/index.html#unreadable_literal
    = note: `-W clippy::unreadable-literal` implied by `-W clippy::pedantic`
    = help: to override `-W clippy::pedantic` add `#[allow(clippy::unreadable_literal)]`

warning: long literal lacking separators
   --> tests/integration/src/walbench.rs:142:27
    |
142 |             .wrapping_add(1442695040888963407);
    |                           ^^^^^^^^^^^^^^^^^^^ help: consider: `1_442_695_040_888_963_407`
    |
    = help: for further information visit https://rust-lang.github.io/rust-clippy/rust-1.98.0/index.html#unreadable_literal

warning: function `models` is never used
  --> tests/integration/src/measurement_schema.rs:25:8
   |
25 | pub fn models(schema: &str) -> Vec<ManagedModel> {
   |        ^^^^^^
   |
   = note: `#[warn(dead_code)]` (part of `#[warn(unused)]`) on by default

warning: field `release` is never read
   --> tests/integration/src/trusted_http_route.rs:110:16
    |
105 | pub struct TrustedHttpRoute {
    |            ---------------- field in this struct
...
110 |     pub(crate) release: Arc<ReleaseManifestWeld>,
    |                ^^^^^^^

warning: this argument is passed by value, but not consumed in the function body
  --> tests/integration/src/cdc_reader_process.rs:35:15
   |
35 |         args: ReaderArgs,
   |               ^^^^^^^^^^
   |
   = help: for further information visit https://rust-lang.github.io/rust-clippy/rust-1.98.0/index.html#needless_pass_by_value
   = note: `-W clippy::needless-pass-by-value` implied by `-W clippy::pedantic`
   = help: to override `-W clippy::pedantic` add `#[allow(clippy::needless_pass_by_value)]`
help: consider taking a reference instead
   |
35 |         args: &ReaderArgs,
   |               +

warning: you seem to be trying to use `match` for destructuring a single pattern. Consider using `if let`
  --> tests/integration/src/cdc_reader_process.rs:86:9
   |
86 | /         match tokio::time::timeout(timeout, self.child.wait()).await {
87 | |             Ok(status) => Ok(status.context("wait for CDC reader shutdown")?.success()),
88 | |             Err(_) => {
89 | |                 self.child
...  |
95 | |         }
   | |_________^
   |
   = help: for further information visit https://rust-lang.github.io/rust-clippy/rust-1.98.0/index.html#single_match_else
   = note: `-W clippy::single-match-else` implied by `-W clippy::pedantic`
   = help: to override `-W clippy::pedantic` add `#[allow(clippy::single_match_else)]`
help: try
   |
86 ~         if let Ok(status) = tokio::time::timeout(timeout, self.child.wait()).await { Ok(status.context("wait for CDC reader shutdown")?.success()) } else {
87 +             self.child
88 +                 .start_kill()
89 +                 .context("kill CDC reader after shutdown timeout")?;
90 +             let _ = self.child.wait().await;
91 +             Ok(false)
92 +         }
   |

warning: called `map(<f>).unwrap_or_else(<g>)` on an `Option` value
   --> tests/integration/src/cdc_reader_process.rs:107:5
    |
107 | /     sibling
108 | |         .filter(|path| path.is_file())
109 | |         .map(PathBuf::into_os_string)
110 | |         .unwrap_or_else(|| OsString::from("wamn-cdc-reader"))
    | |_____________________________________________________________^
    |
    = help: for further information visit https://rust-lang.github.io/rust-clippy/rust-1.98.0/index.html#map_unwrap_or
    = note: `-W clippy::map-unwrap-or` implied by `-W clippy::pedantic`
    = help: to override `-W clippy::pedantic` add `#[allow(clippy::map_unwrap_or)]`
help: try
    |
107 ~     sibling
108 +         .filter(|path| path.is_file()).map_or_else(|| OsString::from("wamn-cdc-reader"), PathBuf::into_os_string)
    |

warning: called `map(<f>).unwrap_or(<a>)` on an `Option` value
   --> tests/integration/src/cdcbench.rs:266:8
    |
266 |       Ok(db
    |  ________^
267 | |         .query_opt(
268 | |             "SELECT COALESCE(pg_wal_lsn_diff(pg_current_wal_insert_lsn(), confirmed_flush_lsn), -1)::bigint \
269 | |              FROM pg_replication_slots WHERE slot_name = $1",
...   |
273 | |         .map(|r| r.get(0))
274 | |         .unwrap_or(-1))
    | |______________________^
    |
    = help: for further information visit https://rust-lang.github.io/rust-clippy/rust-1.98.0/index.html#map_unwrap_or
help: use `map_or(<a>, <f>)` instead
    |
273 -         .map(|r| r.get(0))
274 -         .unwrap_or(-1))
273 +         .map_or(-1, |r| r.get(0)))
    |

warning: called `map(<f>).unwrap_or(<a>)` on a `Result` value
   --> tests/integration/src/cdcbench.rs:344:22
    |
344 |         Ok(mut s) => s.info().await.map(|i| i.state.messages).unwrap_or(0),
    |                      ^^^^^^^^^^^^^^^^^^^^^^^^^^^^^^^^^^^^^^^^^^^^^^^^^^^^^
    |
    = help: for further information visit https://rust-lang.github.io/rust-clippy/rust-1.98.0/index.html#map_unwrap_or
help: use `map_or(<a>, <f>)` instead
    |
344 -         Ok(mut s) => s.info().await.map(|i| i.state.messages).unwrap_or(0),
344 +         Ok(mut s) => s.info().await.map_or(0, |i| i.state.messages),
    |

warning: called `map(<f>).unwrap_or(<a>)` on a `Result` value
   --> tests/integration/src/cdcbench.rs:386:5
    |
386 | /     SystemTime::now()
387 | |         .duration_since(UNIX_EPOCH)
388 | |         .map(|d| d.as_millis() as i64)
389 | |         .unwrap_or(0)
    | |_____________________^
    |
    = help: for further information visit https://rust-lang.github.io/rust-clippy/rust-1.98.0/index.html#map_unwrap_or
help: use `map_or(<a>, <f>)` instead
    |
388 -         .map(|d| d.as_millis() as i64)
389 -         .unwrap_or(0)
388 +         .map_or(0, |d| d.as_millis() as i64)
    |

warning: casting `u128` to `i64` may truncate the value
   --> tests/integration/src/cdcbench.rs:388:18
    |
388 |         .map(|d| d.as_millis() as i64)
    |                  ^^^^^^^^^^^^^^^^^^^^
    |
    = help: if this is intentional allow the lint with `#[allow(clippy::cast_possible_truncation)]` ...
    = help: for further information visit https://rust-lang.github.io/rust-clippy/rust-1.98.0/index.html#cast_possible_truncation
    = note: `-W clippy::cast-possible-truncation` implied by `-W clippy::pedantic`
    = help: to override `-W clippy::pedantic` add `#[allow(clippy::cast_possible_truncation)]`
help: ... or use `try_from` and handle the error accordingly
    |
388 -         .map(|d| d.as_millis() as i64)
388 +         .map(|d| i64::try_from(d.as_millis()))
    |

warning: `format!(..)` appended to existing `String`
   --> tests/integration/src/cdcbench.rs:776:13
    |
776 | /             series.push_str(&format!(
777 | |                 "{},{},{msgs},{lag}\n",
778 | |                 v.name,
779 | |                 t0.elapsed().as_millis()
780 | |             ));
    | |______________^
    |
    = note: you may need to import the `std::fmt::Write` trait
    = help: for further information visit https://rust-lang.github.io/rust-clippy/rust-1.98.0/index.html#format_push_string
    = note: `-W clippy::format-push-string` implied by `-W clippy::pedantic`
    = help: to override `-W clippy::pedantic` add `#[allow(clippy::format_push_string)]`
help: consider using `write!` to avoid the extra allocation
    |
776 ~             let _ = write!(series, "{},{},{msgs},{lag}\n",
777 +                 v.name,
778 ~                 t0.elapsed().as_millis());
    |

warning: casting `usize` to `f64` may cause a loss of precision (`usize` can be up to 64 bits wide depending on the target architecture, but `f64`'s mantissa is only 52 bits wide)
   --> tests/integration/src/cdcbench.rs:834:28
    |
834 |         let rows_per_sec = v.rows as f64 / drain_secs;
    |                            ^^^^^^^^^^^^^
    |
    = help: for further information visit https://rust-lang.github.io/rust-clippy/rust-1.98.0/index.html#cast_precision_loss
    = note: `-W clippy::cast-precision-loss` implied by `-W clippy::pedantic`
    = help: to override `-W clippy::pedantic` add `#[allow(clippy::cast_precision_loss)]`

warning: casting `i64` to `f64` may cause a loss of precision (`i64` is 64 bits wide, but `f64`'s mantissa is only 52 bits wide)
   --> tests/integration/src/cdcbench.rs:835:26
    |
835 |         let mb_per_sec = backlog as f64 / drain_secs / 1e6;
    |                          ^^^^^^^^^^^^^^
    |
    = help: for further information visit https://rust-lang.github.io/rust-clippy/rust-1.98.0/index.html#cast_precision_loss

warning: `format!(..)` appended to existing `String`
   --> tests/integration/src/cdcbench.rs:841:9
    |
841 | /         csv.push_str(&format!(
842 | |             "{},{},{txns},{import_secs:.1},{import_wal},{backlog},{drain_secs:.2},{rows_per_sec:.0},\
843 | |              {mb_per_sec:.2},{},{},{},{},{},{},{}\n",
844 | |             v.name,
...   |
852 | |             stats.total_bytes,
853 | |         ));
    | |__________^
    |
    = note: you may need to import the `std::fmt::Write` trait
    = help: for further information visit https://rust-lang.github.io/rust-clippy/rust-1.98.0/index.html#format_push_string
help: consider using `write!` to avoid the extra allocation
    |
841 ~         let _ = write!(csv, "{},{},{txns},{import_secs:.1},{import_wal},{backlog},{drain_secs:.2},{rows_per_sec:.0},\
842 +              {mb_per_sec:.2},{},{},{},{},{},{},{}\n",
843 +             v.name,
844 +             v.rows,
845 +             stats.spill_txns,
846 +             stats.spill_count,
847 +             stats.spill_bytes,
848 +             stats.stream_txns,
849 +             stats.stream_bytes,
850 +             stats.total_txns,
851 ~             stats.total_bytes);
    |

warning: casting `usize` to `f64` may cause a loss of precision (`usize` can be up to 64 bits wide depending on the target architecture, but `f64`'s mantissa is only 52 bits wide)
   --> tests/integration/src/cdcbench.rs:909:33
    |
909 |         let per_writer = rate / args.lag_writers as f64;
    |                                 ^^^^^^^^^^^^^^^^^^^^^^^
    |
    = help: for further information visit https://rust-lang.github.io/rust-clippy/rust-1.98.0/index.html#cast_precision_loss

warning: casting `u64` to `f64` may cause a loss of precision (`u64` is 64 bits wide, but `f64`'s mantissa is only 52 bits wide)
   --> tests/integration/src/cdcbench.rs:926:55
    |
926 |                 while start.elapsed().as_secs_f64() < step_secs as f64 {
    |                                                       ^^^^^^^^^^^^^^^^
    |
    = help: for further information visit https://rust-lang.github.io/rust-clippy/rust-1.98.0/index.html#cast_precision_loss

warning: casting `f64` to `u64` may truncate the value
   --> tests/integration/src/cdcbench.rs:927:31
    |
927 |                     let due = (start.elapsed().as_secs_f64() * per_writer) as u64 + 1;
    |                               ^^^^^^^^^^^^^^^^^^^^^^^^^^^^^^^^^^^^^^^^^^^^^^^^^^^
    |
    = help: if this is intentional allow the lint with `#[allow(clippy::cast_possible_truncation)]` ...
    = help: for further information visit https://rust-lang.github.io/rust-clippy/rust-1.98.0/index.html#cast_possible_truncation

warning: casting `f64` to `u64` may lose the sign of the value
   --> tests/integration/src/cdcbench.rs:927:31
    |
927 |                     let due = (start.elapsed().as_secs_f64() * per_writer) as u64 + 1;
    |                               ^^^^^^^^^^^^^^^^^^^^^^^^^^^^^^^^^^^^^^^^^^^^^^^^^^^
    |
    = help: for further information visit https://rust-lang.github.io/rust-clippy/rust-1.98.0/index.html#cast_sign_loss
    = note: `-W clippy::cast-sign-loss` implied by `-W clippy::pedantic`
    = help: to override `-W clippy::pedantic` add `#[allow(clippy::cast_sign_loss)]`

warning: `format!(..)` appended to existing `String`
   --> tests/integration/src/cdcbench.rs:945:13
    |
945 | /             series.push_str(&format!(
946 | |                 "{rate},{},{msgs},{lag}\n",
947 | |                 t0.elapsed().as_millis()
948 | |             ));
    | |______________^
    |
    = note: you may need to import the `std::fmt::Write` trait
    = help: for further information visit https://rust-lang.github.io/rust-clippy/rust-1.98.0/index.html#format_push_string
help: consider using `write!` to avoid the extra allocation
    |
945 ~             let _ = write!(series, "{rate},{},{msgs},{lag}\n",
946 ~                 t0.elapsed().as_millis());
    |

warning: redundant closure
   --> tests/integration/src/cdcbench.rs:949:35
    |
949 |             if handles.iter().all(|h| h.is_finished()) {
    |                                   ^^^^^^^^^^^^^^^^^^^ help: replace the closure with the method itself: `tokio::task::JoinHandle::is_finished`
    |
    = help: for further information visit https://rust-lang.github.io/rust-clippy/rust-1.98.0/index.html#redundant_closure_for_method_calls
    = note: `-W clippy::redundant-closure-for-method-calls` implied by `-W clippy::pedantic`
    = help: to override `-W clippy::pedantic` add `#[allow(clippy::redundant_closure_for_method_calls)]`

warning: casting `u64` to `f64` may cause a loss of precision (`u64` is 64 bits wide, but `f64`'s mantissa is only 52 bits wide)
   --> tests/integration/src/cdcbench.rs:962:24
    |
962 |         let achieved = written as f64 / elapsed;
    |                        ^^^^^^^^^^^^^^
    |
    = help: for further information visit https://rust-lang.github.io/rust-clippy/rust-1.98.0/index.html#cast_precision_loss

warning: casting `u64` to `f64` may cause a loss of precision (`u64` is 64 bits wide, but `f64`'s mantissa is only 52 bits wide)
   --> tests/integration/src/cdcbench.rs:964:24
    |
964 |         let pub_rate = published as f64 / elapsed;
    |                        ^^^^^^^^^^^^^^^^
    |
    = help: for further information visit https://rust-lang.github.io/rust-clippy/rust-1.98.0/index.html#cast_precision_loss

warning: `format!(..)` appended to existing `String`
   --> tests/integration/src/cdcbench.rs:969:9
    |
969 | /         csv.push_str(&format!(
970 | |             "{rate:.0},{},{},{written},{achieved:.0},{published},{pub_rate:.0},{lag_start},{lag_end},{lag_max}\n",
971 | |             args.lag_writers, args.lag_step_secs
972 | |         ));
    | |__________^
    |
    = note: you may need to import the `std::fmt::Write` trait
    = help: for further information visit https://rust-lang.github.io/rust-clippy/rust-1.98.0/index.html#format_push_string
help: consider using `write!` to avoid the extra allocation
    |
969 ~         let _ = write!(csv, "{rate:.0},{},{},{written},{achieved:.0},{published},{pub_rate:.0},{lag_start},{lag_end},{lag_max}\n",
970 ~             args.lag_writers, args.lag_step_secs);
    |

warning: casting `i64` to `f64` may cause a loss of precision (`i64` is 64 bits wide, but `f64`'s mantissa is only 52 bits wide)
    --> tests/integration/src/cdcbench.rs:1053:19
     |
1053 |         wal_mean: wal as f64 / n as f64,
     |                   ^^^^^^^^^^
     |
     = help: for further information visit https://rust-lang.github.io/rust-clippy/rust-1.98.0/index.html#cast_precision_loss

warning: casting `usize` to `f64` may cause a loss of precision (`usize` can be up to 64 bits wide depending on the target architecture, but `f64`'s mantissa is only 52 bits wide)
    --> tests/integration/src/cdcbench.rs:1053:32
     |
1053 |         wal_mean: wal as f64 / n as f64,
     |                                ^^^^^^^^
     |
     = help: for further information visit https://rust-lang.github.io/rust-clippy/rust-1.98.0/index.html#cast_precision_loss

warning: casting `i64` to `f64` may cause a loss of precision (`i64` is 64 bits wide, but `f64`'s mantissa is only 52 bits wide)
    --> tests/integration/src/cdcbench.rs:1054:18
     |
1054 |         wal_p50: wals.get(wals.len() / 2).copied().unwrap_or(0) as f64,
     |                  ^^^^^^^^^^^^^^^^^^^^^^^^^^^^^^^^^^^^^^^^^^^^^^^^^^^^^
     |
     = help: for further information visit https://rust-lang.github.io/rust-clippy/rust-1.98.0/index.html#cast_precision_loss

warning: `format!(..)` appended to existing `String`
    --> tests/integration/src/cdcbench.rs:1083:9
     |
1083 | /         csv.push_str(&format!(
1084 | |             "{shape},{op},{regime},{n},{:.3},{:.3},{:.0},{:.0}\n",
1085 | |             s.p50_ms, s.p99_ms, s.wal_p50, s.wal_mean
1086 | |         ));
     | |__________^
     |
     = note: you may need to import the `std::fmt::Write` trait
     = help: for further information visit https://rust-lang.github.io/rust-clippy/rust-1.98.0/index.html#format_push_string
help: consider using `write!` to avoid the extra allocation
     |
1083 ~         let _ = write!(csv, "{shape},{op},{regime},{n},{:.3},{:.3},{:.0},{:.0}\n",
1084 ~             s.p50_ms, s.p99_ms, s.wal_p50, s.wal_mean);
     |

warning: these match arms have identical bodies
    --> tests/integration/src/cdcbench.rs:1255:9
     |
1255 |         (Err(error), _) => return Err(error),
     |         ^^^^^^^^^^^^^^^^^^^^^^^^^^^^^^^^^^^^
1256 |         (Ok(_), Err(error)) => return Err(error),
     |         ^^^^^^^^^^^^^^^^^^^^^^^^^^^^^^^^^^^^^^^^
     |
     = help: if this is unintentional make the arms return different values
     = help: for further information visit https://rust-lang.github.io/rust-clippy/rust-1.98.0/index.html#match_same_arms
     = note: `-W clippy::match-same-arms` implied by `-W clippy::pedantic`
     = help: to override `-W clippy::pedantic` add `#[allow(clippy::match_same_arms)]`
help: otherwise merge the patterns into a single arm
     |
1255 ~         (Err(error), _) | (Ok(_), Err(error)) => return Err(error),
1256 ~         };
     |

warning: adding items after statements is confusing, since items exist from the start of the scope
    --> tests/integration/src/cdcbench.rs:1363:5
     |
1363 |     type Tail = Arc<Mutex<std::collections::BTreeMap<i64, (i64, u32)>>>;
     |     ^^^^^^^^^^^^^^^^^^^^^^^^^^^^^^^^^^^^^^^^^^^^^^^^^^^^^^^^^^^^^^^^^^^^
     |
     = help: for further information visit https://rust-lang.github.io/rust-clippy/rust-1.98.0/index.html#items_after_statements
     = note: `-W clippy::items-after-statements` implied by `-W clippy::pedantic`
     = help: to override `-W clippy::pedantic` add `#[allow(clippy::items_after_statements)]`

warning: this could be rewritten as `let...else`
    --> tests/integration/src/cdcbench.rs:1385:17
     |
1385 | /                 let mut batch = match consumer.fetch().max_messages(500).messages().await {
1386 | |                     Ok(b) => b,
1387 | |                     Err(_) => {
1388 | |                         tokio::time::sleep(Duration::from_millis(250)).await;
...    |
1391 | |                 };
     | |__________________^
     |
     = help: for further information visit https://rust-lang.github.io/rust-clippy/rust-1.98.0/index.html#manual_let_else
     = note: `-W clippy::manual-let-else` implied by `-W clippy::pedantic`
     = help: to override `-W clippy::pedantic` add `#[allow(clippy::manual_let_else)]`
help: consider writing
     |
1385 ~                 let Ok(mut batch) = consumer.fetch().max_messages(500).messages().await else {
1386 +                         tokio::time::sleep(Duration::from_millis(250)).await;
1387 +                         continue;
1388 +                     };
     |

warning: you seem to be trying to use `match` for destructuring a single pattern. Consider using `if let`
    --> tests/integration/src/cdcbench.rs:1385:33
     |
1385 |                   let mut batch = match consumer.fetch().max_messages(500).messages().await {
     |  _________________________________^
1386 | |                     Ok(b) => b,
1387 | |                     Err(_) => {
1388 | |                         tokio::time::sleep(Duration::from_millis(250)).await;
...    |
1391 | |                 };
     | |_________________^
     |
     = help: for further information visit https://rust-lang.github.io/rust-clippy/rust-1.98.0/index.html#single_match_else
help: try
     |
1385 ~                 let mut batch = if let Ok(b) = consumer.fetch().max_messages(500).messages().await { b } else {
1386 +                     tokio::time::sleep(Duration::from_millis(250)).await;
1387 +                     continue;
1388 ~                 };
     |

warning: called `map(<f>).unwrap_or_else(<g>)` on a `Result` value
    --> tests/integration/src/cdcbench.rs:1412:37
     |
1412 |                       let ingest_ms = msg
     |  _____________________________________^
1413 | |                         .info()
1414 | |                         .map(|i| (i.published.unix_timestamp_nanos() / 1_000_000) as i64)
1415 | |                         .unwrap_or_else(|_| unix_ms());
     | |______________________________________________________^
     |
     = help: for further information visit https://rust-lang.github.io/rust-clippy/rust-1.98.0/index.html#map_unwrap_or
help: try
     |
1412 ~                     let ingest_ms = msg
1413 ~                         .info().map_or_else(|_| unix_ms(), |i| (i.published.unix_timestamp_nanos() / 1_000_000) as i64);
     |

warning: casting `i128` to `i64` may truncate the value
    --> tests/integration/src/cdcbench.rs:1414:34
     |
1414 |                         .map(|i| (i.published.unix_timestamp_nanos() / 1_000_000) as i64)
     |                                  ^^^^^^^^^^^^^^^^^^^^^^^^^^^^^^^^^^^^^^^^^^^^^^^^^^^^^^^
     |
     = help: if this is intentional allow the lint with `#[allow(clippy::cast_possible_truncation)]` ...
     = help: for further information visit https://rust-lang.github.io/rust-clippy/rust-1.98.0/index.html#cast_possible_truncation
help: ... or use `try_from` and handle the error accordingly
     |
1414 -                         .map(|i| (i.published.unix_timestamp_nanos() / 1_000_000) as i64)
1414 +                         .map(|i| i64::try_from(i.published.unix_timestamp_nanos() / 1_000_000))
     |

warning: you seem to be trying to use `match` for destructuring a single pattern. Consider using `if let`
    --> tests/integration/src/cdcbench.rs:1444:13
     |
1444 | /             match connect(&swap_db(&args.admin_database_url, DB)).await {
1445 | |                 Ok(c) => {
1446 | |                     println!(
1447 | |                         "[writer {:>5.1}s] connected",
...    |
1456 | |             }
     | |_____________^
     |
     = help: for further information visit https://rust-lang.github.io/rust-clippy/rust-1.98.0/index.html#single_match_else
help: try
     |
1444 ~             if let Ok(c) = connect(&swap_db(&args.admin_database_url, DB)).await {
1445 +                 println!(
1446 +                     "[writer {:>5.1}s] connected",
1447 +                     started.elapsed().as_secs_f32()
1448 +                 );
1449 +                 writer = Some(c);
1450 +             } else {
1451 +                 tokio::time::sleep(Duration::from_millis(500)).await;
1452 +                 continue;
1453 +             }
     |

warning: casting `f64` to `usize` may truncate the value
    --> tests/integration/src/cdcbench.rs:1533:18
     |
1533 |             .get(((latencies.len() as f64 - 1.0) * p).round() as usize)
     |                  ^^^^^^^^^^^^^^^^^^^^^^^^^^^^^^^^^^^^^^^^^^^^^^^^^^^^^
     |
     = help: if this is intentional allow the lint with `#[allow(clippy::cast_possible_truncation)]` ...
     = help: for further information visit https://rust-lang.github.io/rust-clippy/rust-1.98.0/index.html#cast_possible_truncation

warning: casting `f64` to `usize` may lose the sign of the value
    --> tests/integration/src/cdcbench.rs:1533:18
     |
1533 |             .get(((latencies.len() as f64 - 1.0) * p).round() as usize)
     |                  ^^^^^^^^^^^^^^^^^^^^^^^^^^^^^^^^^^^^^^^^^^^^^^^^^^^^^
     |
     = help: for further information visit https://rust-lang.github.io/rust-clippy/rust-1.98.0/index.html#cast_sign_loss

warning: casting `usize` to `f64` may cause a loss of precision (`usize` can be up to 64 bits wide depending on the target architecture, but `f64`'s mantissa is only 52 bits wide)
    --> tests/integration/src/cdcbench.rs:1533:20
     |
1533 |             .get(((latencies.len() as f64 - 1.0) * p).round() as usize)
     |                    ^^^^^^^^^^^^^^^^^^^^^^
     |
     = help: for further information visit https://rust-lang.github.io/rust-clippy/rust-1.98.0/index.html#cast_precision_loss

warning: `format!(..)` appended to existing `String`
    --> tests/integration/src/cdcbench.rs:1580:5
     |
1580 | /     csv.push_str(&format!(
1581 | |         "{},{},{},{extras},{dupes},{write_blackout_ms},{publish_gap_ms},{catchup_secs:.1},{},{},{}\n",
1582 | |         committed.len(),
1583 | |         rec.len(),
...    |
1587 | |         latencies.last().copied().unwrap_or(0),
1588 | |     ));
     | |______^
     |
     = note: you may need to import the `std::fmt::Write` trait
     = help: for further information visit https://rust-lang.github.io/rust-clippy/rust-1.98.0/index.html#format_push_string
help: consider using `write!` to avoid the extra allocation
     |
1580 ~     let _ = write!(csv, "{},{},{},{extras},{dupes},{write_blackout_ms},{publish_gap_ms},{catchup_secs:.1},{},{},{}\n",
1581 +         committed.len(),
1582 +         rec.len(),
1583 +         missing.len(),
1584 +         lat(0.50),
1585 +         lat(0.95),
1586 ~         latencies.last().copied().unwrap_or(0));
     |

warning: `format!(..)` appended to existing `String`
    --> tests/integration/src/cdcbench.rs:1592:13
     |
1592 |             series.push_str(&format!("{s},{t},{i}\n"));
     |             ^^^^^^^^^^^^^^^^^^^^^^^^^^^^^^^^^^^^^^^^^^
     |
     = note: you may need to import the `std::fmt::Write` trait
     = help: for further information visit https://rust-lang.github.io/rust-clippy/rust-1.98.0/index.html#format_push_string
help: consider using `write!` to avoid the extra allocation
     |
1592 -             series.push_str(&format!("{s},{t},{i}\n"));
1592 +             let _ = write!(series, "{s},{t},{i}\n");
     |

warning: bit mask could be simplified with a call to `trailing_zeros`
   --> tests/integration/src/host_session_proof.rs:205:44
    |
205 |         metadata.is_file() && (!private || metadata.permissions().mode() & 0o077 == 0),
    |                                            ^^^^^^^^^^^^^^^^^^^^^^^^^^^^^^^^^^^^^^^^^^ help: try: `metadata.permissions().mode().trailing_zeros() >= 6`
    |
    = help: for further information visit https://rust-lang.github.io/rust-clippy/rust-1.98.0/index.html#verbose_bit_mask
    = note: `-W clippy::verbose-bit-mask` implied by `-W clippy::pedantic`
    = help: to override `-W clippy::pedantic` add `#[allow(clippy::verbose_bit_mask)]`

warning: casting `u64` to `i64` may wrap around the value
   --> tests/integration/src/host_session_proof.rs:414:30
    |
414 |                 .checked_add(KEY_MAX_AGE.as_secs() as i64)
    |                              ^^^^^^^^^^^^^^^^^^^^^^^^^^^^ help: if this is intentional, use `cast_signed()` instead: `KEY_MAX_AGE.as_secs().cast_signed()`
    |
    = help: for further information visit https://rust-lang.github.io/rust-clippy/rust-1.98.0/index.html#cast_possible_wrap
    = note: `-W clippy::cast-possible-wrap` implied by `-W clippy::pedantic`
    = help: to override `-W clippy::pedantic` add `#[allow(clippy::cast_possible_wrap)]`

warning: matching over `()` is more explicit
  --> tests/integration/src/identity_keys_proof.rs:79:19
   |
79 |         .map_err(|_| anyhow!("construct plaintext control"))?;
   |                   ^ help: use `()` instead of `_`: `()`
   |
   = help: for further information visit https://rust-lang.github.io/rust-clippy/rust-1.98.0/index.html#ignored_unit_patterns
   = note: `-W clippy::ignored-unit-patterns` implied by `-W clippy::pedantic`
   = help: to override `-W clippy::pedantic` add `#[allow(clippy::ignored_unit_patterns)]`

warning: matching over `()` is more explicit
  --> tests/integration/src/identity_keys_proof.rs:82:19
   |
82 |         .map_err(|_| anyhow!("preserve TLS listener port for plaintext control"))?;
   |                   ^ help: use `()` instead of `_`: `()`
   |
   = help: for further information visit https://rust-lang.github.io/rust-clippy/rust-1.98.0/index.html#ignored_unit_patterns

warning: constructing a `Duration` using a smaller unit when a larger unit would be more readable
   --> tests/integration/src/membershipproof.rs:105:17
    |
105 |                 Duration::from_secs(2 * 60 * 60),
    |                 ^^^^^^^^^^^^^^^^^^^^^^^^^^^^^^^^
    |
    = help: for further information visit https://rust-lang.github.io/rust-clippy/rust-1.98.0/index.html#duration_suboptimal_units
    = note: `-W clippy::duration-suboptimal-units` implied by `-W clippy::pedantic`
    = help: to override `-W clippy::pedantic` add `#[allow(clippy::duration_suboptimal_units)]`
help: try using from_hours
    |
105 -                 Duration::from_secs(2 * 60 * 60),
105 +                 Duration::from_hours(2),
    |

warning: casting `usize` to `i64` may wrap around the value on targets with 64-bit wide pointers
   --> tests/integration/src/provisionbench.rs:719:40
    |
719 |     if org_rows != 1 || policy_rows != stamped.len() as i64 || env_rows != envs.len() as i64 {
    |                                        ^^^^^^^^^^^^^^^^^^^^
    |
    = help: for further information visit https://rust-lang.github.io/rust-clippy/rust-1.98.0/index.html#cast_possible_wrap

warning: casting `usize` to `i64` may wrap around the value on targets with 64-bit wide pointers
   --> tests/integration/src/provisionbench.rs:719:76
    |
719 |     if org_rows != 1 || policy_rows != stamped.len() as i64 || env_rows != envs.len() as i64 {
    |                                                                            ^^^^^^^^^^^^^^^^^
    |
    = help: for further information visit https://rust-lang.github.io/rust-clippy/rust-1.98.0/index.html#cast_possible_wrap

warning: casting `usize` to `i32` may truncate the value on targets with 64-bit wide pointers
   --> tests/integration/src/provisionbench.rs:734:17
    |
734 |     let total = envs.len() as i32;
    |                 ^^^^^^^^^^^^^^^^^
    |
    = help: if this is intentional allow the lint with `#[allow(clippy::cast_possible_truncation)]` ...
    = help: for further information visit https://rust-lang.github.io/rust-clippy/rust-1.98.0/index.html#cast_possible_truncation
help: ... or use `try_from` and handle the error accordingly
    |
734 -     let total = envs.len() as i32;
734 +     let total = i32::try_from(envs.len());
    |

warning: casting `usize` to `i32` may wrap around the value on targets with 32-bit wide pointers
   --> tests/integration/src/provisionbench.rs:734:17
    |
734 |     let total = envs.len() as i32;
    |                 ^^^^^^^^^^^^^^^^^
    |
    = help: for further information visit https://rust-lang.github.io/rust-clippy/rust-1.98.0/index.html#cast_possible_wrap

warning: wildcard matches only a single variant and will also match any future added variants
   --> tests/integration/src/provisionbench.rs:898:13
    |
898 |             _ => None,
    |             ^ help: try: `tokio_postgres::config::Host::Unix(_)`
    |
    = help: for further information visit https://rust-lang.github.io/rust-clippy/rust-1.98.0/index.html#match_wildcard_for_single_variants
    = note: `-W clippy::match-wildcard-for-single-variants` implied by `-W clippy::pedantic`
    = help: to override `-W clippy::pedantic` add `#[allow(clippy::match_wildcard_for_single_variants)]`

warning: redundant closure
   --> tests/integration/src/readerbench.rs:178:22
    |
178 |                 .map(|v| v.to_string())
    |                      ^^^^^^^^^^^^^^^^^ help: replace the closure with the method itself: `std::string::ToString::to_string`
    |
    = help: for further information visit https://rust-lang.github.io/rust-clippy/rust-1.98.0/index.html#redundant_closure_for_method_calls

warning: casting `usize` to `u32` may truncate the value on targets with 64-bit wide pointers
   --> tests/integration/src/streambench.rs:151:19
    |
151 |         txid: 1 + i as u32,
    |                   ^^^^^^^^
    |
    = help: if this is intentional allow the lint with `#[allow(clippy::cast_possible_truncation)]` ...
    = help: for further information visit https://rust-lang.github.io/rust-clippy/rust-1.98.0/index.html#cast_possible_truncation
help: ... or use `try_from` and handle the error accordingly
    |
151 -         txid: 1 + i as u32,
151 +         txid: 1 + u32::try_from(i),
    |

warning: casting `u64` to `usize` may truncate the value on targets with 32-bit wide pointers
   --> tests/integration/src/streambench.rs:336:9
    |
336 |         stored as usize == n,
    |         ^^^^^^^^^^^^^^^
    |
    = help: if this is intentional allow the lint with `#[allow(clippy::cast_possible_truncation)]` ...
    = help: for further information visit https://rust-lang.github.io/rust-clippy/rust-1.98.0/index.html#cast_possible_truncation
help: ... or use `try_from` and handle the error accordingly
    |
336 -         stored as usize == n,
336 +         usize::try_from(stored) == n,
    |

warning: casting `u64` to `usize` may truncate the value on targets with 32-bit wide pointers
   --> tests/integration/src/streambench.rs:370:9
    |
370 |         stored_again as usize == n,
    |         ^^^^^^^^^^^^^^^^^^^^^
    |
    = help: if this is intentional allow the lint with `#[allow(clippy::cast_possible_truncation)]` ...
    = help: for further information visit https://rust-lang.github.io/rust-clippy/rust-1.98.0/index.html#cast_possible_truncation
help: ... or use `try_from` and handle the error accordingly
    |
370 -         stored_again as usize == n,
370 +         usize::try_from(stored_again) == n,
    |

warning: casting `u64` to `usize` may truncate the value on targets with 32-bit wide pointers
   --> tests/integration/src/streambench.rs:431:9
    |
431 |         delta as usize == n,
    |         ^^^^^^^^^^^^^^
    |
    = help: if this is intentional allow the lint with `#[allow(clippy::cast_possible_truncation)]` ...
    = help: for further information visit https://rust-lang.github.io/rust-clippy/rust-1.98.0/index.html#cast_possible_truncation
help: ... or use `try_from` and handle the error accordingly
    |
431 -         delta as usize == n,
431 +         usize::try_from(delta) == n,
    |

warning: called `map(<f>).unwrap_or(false)` on an `Option` value
   --> tests/integration/src/streambench.rs:540:25
    |
540 |               let id_ok = msg
    |  _________________________^
541 | |                 .headers
542 | |                 .as_ref()
543 | |                 .and_then(|h| h.get(NATS_MESSAGE_ID))
544 | |                 .map(|v| v.as_str().starts_with(&format!("{}:", args.project_env())))
545 | |                 .unwrap_or(false);
    | |_________________________________^
    |
    = help: for further information visit https://rust-lang.github.io/rust-clippy/rust-1.98.0/index.html#map_unwrap_or
help: use `is_some_and(<f>)` instead
    |
544 -                 .map(|v| v.as_str().starts_with(&format!("{}:", args.project_env())))
545 -                 .unwrap_or(false);
544 +                 .is_some_and(|v| v.as_str().starts_with(&format!("{}:", args.project_env())));
    |

warning: redundant closure
   --> tests/integration/src/streambench.rs:614:38
    |
614 |         resp.get("success").and_then(|v| v.as_bool()) == Some(true),
    |                                      ^^^^^^^^^^^^^^^ help: replace the closure with the method itself: `serde_json::Value::as_bool`
    |
    = help: for further information visit https://rust-lang.github.io/rust-clippy/rust-1.98.0/index.html#redundant_closure_for_method_calls

warning: casting `u64` to `usize` may truncate the value on targets with 32-bit wide pointers
   --> tests/integration/src/streambench.rs:675:9
    |
675 |         stored as usize == expect,
    |         ^^^^^^^^^^^^^^^
    |
    = help: if this is intentional allow the lint with `#[allow(clippy::cast_possible_truncation)]` ...
    = help: for further information visit https://rust-lang.github.io/rust-clippy/rust-1.98.0/index.html#cast_possible_truncation
help: ... or use `try_from` and handle the error accordingly
    |
675 -         stored as usize == expect,
675 +         usize::try_from(stored) == expect,
    |

warning: casting `i64` to `f64` may cause a loss of precision (`i64` is 64 bits wide, but `f64`'s mantissa is only 52 bits wide)
   --> tests/integration/src/walbench.rs:498:21
    |
498 |         wal_per_op: wal as f64 / n as f64,
    |                     ^^^^^^^^^^
    |
    = help: for further information visit https://rust-lang.github.io/rust-clippy/rust-1.98.0/index.html#cast_precision_loss

warning: casting `usize` to `f64` may cause a loss of precision (`usize` can be up to 64 bits wide depending on the target architecture, but `f64`'s mantissa is only 52 bits wide)
   --> tests/integration/src/walbench.rs:498:34
    |
498 |         wal_per_op: wal as f64 / n as f64,
    |                                  ^^^^^^^^
    |
    = help: for further information visit https://rust-lang.github.io/rust-clippy/rust-1.98.0/index.html#cast_precision_loss

warning: `format!(..)` appended to existing `String`
   --> tests/integration/src/walbench.rs:507:5
    |
507 | /     csv.push_str(&format!(
508 | |         "{shape},{op},{n},{:.3},{:.3},{:.0}\n",
509 | |         s.p50_ms, s.p99_ms, s.wal_per_op
510 | |     ));
    | |______^
    |
    = note: you may need to import the `std::fmt::Write` trait
    = help: for further information visit https://rust-lang.github.io/rust-clippy/rust-1.98.0/index.html#format_push_string
help: consider using `write!` to avoid the extra allocation
    |
507 ~     let _ = write!(csv, "{shape},{op},{n},{:.3},{:.3},{:.0}\n",
508 ~         s.p50_ms, s.p99_ms, s.wal_per_op);
    |

warning: casting `usize` to `i64` may wrap around the value on targets with 64-bit wide pointers
   --> tests/integration/src/walbench.rs:592:46
    |
592 |         count(&admin, "suppliers").await? == n as i64,
    |                                              ^^^^^^^^
    |
    = help: for further information visit https://rust-lang.github.io/rust-clippy/rust-1.98.0/index.html#cast_possible_wrap

warning: casting `usize` to `i64` may wrap around the value on targets with 64-bit wide pointers
   --> tests/integration/src/walbench.rs:657:42
    |
657 |         count(&admin, "users").await? == n as i64,
    |                                          ^^^^^^^^
    |
    = help: for further information visit https://rust-lang.github.io/rust-clippy/rust-1.98.0/index.html#cast_possible_wrap

warning: casting `u64` to `usize` may truncate the value on targets with 32-bit wide pointers
   --> tests/integration/src/walbench.rs:846:33
    |
846 |     let supplier = &r.suppliers[(seq as usize) % r.suppliers.len()];
    |                                 ^^^^^^^^^^^^^^
    |
    = help: if this is intentional allow the lint with `#[allow(clippy::cast_possible_truncation)]` ...
    = help: for further information visit https://rust-lang.github.io/rust-clippy/rust-1.98.0/index.html#cast_possible_truncation
help: ... or use `try_from` and handle the error accordingly
    |
846 -     let supplier = &r.suppliers[(seq as usize) % r.suppliers.len()];
846 +     let supplier = &r.suppliers[usize::try_from(seq) % r.suppliers.len()];
    |

warning: casting `u64` to `usize` may truncate the value on targets with 32-bit wide pointers
   --> tests/integration/src/walbench.rs:847:25
    |
847 |     let site = &r.sites[(seq as usize) % r.sites.len()];
    |                         ^^^^^^^^^^^^^^
    |
    = help: if this is intentional allow the lint with `#[allow(clippy::cast_possible_truncation)]` ...
    = help: for further information visit https://rust-lang.github.io/rust-clippy/rust-1.98.0/index.html#cast_possible_truncation
help: ... or use `try_from` and handle the error accordingly
    |
847 -     let site = &r.sites[(seq as usize) % r.sites.len()];
847 +     let site = &r.sites[usize::try_from(seq) % r.sites.len()];
    |

warning: casting `u64` to `usize` may truncate the value on targets with 32-bit wide pointers
   --> tests/integration/src/walbench.rs:855:38
    |
855 |         let material = &r.materials[(seq as usize + k) % r.materials.len()];
    |                                      ^^^^^^^^^^^^
    |
    = help: if this is intentional allow the lint with `#[allow(clippy::cast_possible_truncation)]` ...
    = help: for further information visit https://rust-lang.github.io/rust-clippy/rust-1.98.0/index.html#cast_possible_truncation
help: ... or use `try_from` and handle the error accordingly
    |
855 -         let material = &r.materials[(seq as usize + k) % r.materials.len()];
855 +         let material = &r.materials[(usize::try_from(seq) + k) % r.materials.len()];
    |

warning: casting `u64` to `usize` may truncate the value on targets with 32-bit wide pointers
   --> tests/integration/src/walbench.rs:866:34
    |
866 |         let inspector = &r.users[(seq as usize) % r.users.len()];
    |                                  ^^^^^^^^^^^^^^
    |
    = help: if this is intentional allow the lint with `#[allow(clippy::cast_possible_truncation)]` ...
    = help: for further information visit https://rust-lang.github.io/rust-clippy/rust-1.98.0/index.html#cast_possible_truncation
help: ... or use `try_from` and handle the error accordingly
    |
866 -         let inspector = &r.users[(seq as usize) % r.users.len()];
866 +         let inspector = &r.users[usize::try_from(seq) % r.users.len()];
    |

warning: casting `u64` to `f64` may cause a loss of precision (`u64` is 64 bits wide, but `f64`'s mantissa is only 52 bits wide)
   --> tests/integration/src/walbench.rs:918:47
    |
918 |         while start.elapsed().as_secs_f64() < args.mixed_secs as f64 {
    |                                               ^^^^^^^^^^^^^^^^^^^^^^
    |
    = help: for further information visit https://rust-lang.github.io/rust-clippy/rust-1.98.0/index.html#cast_precision_loss

warning: casting `f64` to `u64` may truncate the value
   --> tests/integration/src/walbench.rs:919:23
    |
919 |             let due = (start.elapsed().as_secs_f64() * rate) as u64 + 1;
    |                       ^^^^^^^^^^^^^^^^^^^^^^^^^^^^^^^^^^^^^^^^^^^^^
    |
    = help: if this is intentional allow the lint with `#[allow(clippy::cast_possible_truncation)]` ...
    = help: for further information visit https://rust-lang.github.io/rust-clippy/rust-1.98.0/index.html#cast_possible_truncation

warning: casting `f64` to `u64` may lose the sign of the value
   --> tests/integration/src/walbench.rs:919:23
    |
919 |             let due = (start.elapsed().as_secs_f64() * rate) as u64 + 1;
    |                       ^^^^^^^^^^^^^^^^^^^^^^^^^^^^^^^^^^^^^^^^^^^^^
    |
    = help: for further information visit https://rust-lang.github.io/rust-clippy/rust-1.98.0/index.html#cast_sign_loss

warning: casting `i64` to `f64` may cause a loss of precision (`i64` is 64 bits wide, but `f64`'s mantissa is only 52 bits wide)
   --> tests/integration/src/walbench.rs:930:20
    |
930 |         let mean = total as f64 / sent.max(1) as f64;
    |                    ^^^^^^^^^^^^
    |
    = help: for further information visit https://rust-lang.github.io/rust-clippy/rust-1.98.0/index.html#cast_precision_loss

warning: casting `u64` to `f64` may cause a loss of precision (`u64` is 64 bits wide, but `f64`'s mantissa is only 52 bits wide)
   --> tests/integration/src/walbench.rs:930:35
    |
930 |         let mean = total as f64 / sent.max(1) as f64;
    |                                   ^^^^^^^^^^^^^^^^^^
    |
    = help: for further information visit https://rust-lang.github.io/rust-clippy/rust-1.98.0/index.html#cast_precision_loss

warning: casting `i64` to `f64` may cause a loss of precision (`i64` is 64 bits wide, but `f64`'s mantissa is only 52 bits wide)
   --> tests/integration/src/walbench.rs:936:23
    |
936 |         let per_sec = total as f64 / elapsed;
    |                       ^^^^^^^^^^^^
    |
    = help: for further information visit https://rust-lang.github.io/rust-clippy/rust-1.98.0/index.html#cast_precision_loss

warning: casting `u64` to `f64` may cause a loss of precision (`u64` is 64 bits wide, but `f64`'s mantissa is only 52 bits wide)
   --> tests/integration/src/walbench.rs:937:26
    |
937 |         let ev_per_sec = sent as f64 / elapsed;
    |                          ^^^^^^^^^^^
    |
    = help: for further information visit https://rust-lang.github.io/rust-clippy/rust-1.98.0/index.html#cast_precision_loss

warning: `format!(..)` appended to existing `String`
   --> tests/integration/src/walbench.rs:942:9
    |
942 | /         csv.push_str(&format!(
943 | |             "{rate:.0},{sent},{elapsed:.1},{total},{mean:.0},{p50},{per_sec:.0},{ev_per_sec:.1}\n"
944 | |         ));
    | |__________^
    |
    = note: you may need to import the `std::fmt::Write` trait
    = help: for further information visit https://rust-lang.github.io/rust-clippy/rust-1.98.0/index.html#format_push_string
help: consider using `write!` to avoid the extra allocation
    |
942 -         csv.push_str(&format!(
943 -             "{rate:.0},{sent},{elapsed:.1},{total},{mean:.0},{p50},{per_sec:.0},{ev_per_sec:.1}\n"
944 -         ));
942 +         let _ = write!(csv, "{rate:.0},{sent},{elapsed:.1},{total},{mean:.0},{p50},{per_sec:.0},{ev_per_sec:.1}\n");
    |

warning: type does not implement `std::fmt::Debug`; consider adding `#[derive(Debug)]` or a manual implementation
   --> tests/integration/src/trusted_http_route.rs:105:1
    |
105 | / pub struct TrustedHttpRoute {
106 | |     pub driver: Arc<RouterDriver>,
107 | |     /// The same welded release the driver authorizes. Callers that exercise a
108 | |     /// release-owned ingress plugin must share this exact weld rather than mint
...   |
116 | |     pub wiring_hash: String,
117 | | }
    | |_^
    |
    = note: requested on the command line with `-W missing-debug-implementations`

warning: `wamn-proof-integration` (lib) generated 79 warnings (run `cargo clippy --fix --lib -p wamn-proof-integration -- --no-deps` to apply 16 suggestions)
warning: casting `usize` to `f64` may cause a loss of precision (`usize` can be up to 64 bits wide depending on the target architecture, but `f64`'s mantissa is only 52 bits wide)
  --> tests/integration/src/bin/instantiate-bench.rs:41:19
   |
41 |         let mib = bytes.len() as f64 / (1024.0 * 1024.0);
   |                   ^^^^^^^^^^^^^^^^^^
   |
   = help: for further information visit https://rust-lang.github.io/rust-clippy/rust-1.98.0/index.html#cast_precision_loss
   = note: `-W clippy::cast-precision-loss` implied by `-W clippy::pedantic`
   = help: to override `-W clippy::pedantic` add `#[allow(clippy::cast_precision_loss)]`

warning: casting `usize` to `f64` may cause a loss of precision (`usize` can be up to 64 bits wide depending on the target architecture, but `f64`'s mantissa is only 52 bits wide)
  --> tests/integration/src/bin/instantiate-bench.rs:89:50
   |
89 |         let mean = samples.iter().sum::<f64>() / samples.len() as f64;
   |                                                  ^^^^^^^^^^^^^^^^^^^^
   |
   = help: for further information visit https://rust-lang.github.io/rust-clippy/rust-1.98.0/index.html#cast_precision_loss

warning: `wamn-proof-integration` (bin "instantiate-bench" test) generated 2 warnings
warning: unnecessary hashes around raw string literal
  --> tests/integration/tests/receiving_history/database.rs:67:9
   |
67 | /         r#"WITH item AS (
68 | |             INSERT INTO receiving.item (id, item_number)
69 | |             VALUES ($4, $7 || '-item') RETURNING id
70 | |         ), location AS (
...  |
85 | |         SELECT $3::uuid, purchase.id, 2, item.id, $10::int4::numeric, 0
86 | |         FROM purchase CROSS JOIN item"#,
   | |_______________________________________^
   |
   = help: for further information visit https://rust-lang.github.io/rust-clippy/rust-1.98.0/index.html#needless_raw_string_hashes
   = note: `-W clippy::needless-raw-string-hashes` implied by `-W clippy::pedantic`
   = help: to override `-W clippy::pedantic` add `#[allow(clippy::needless_raw_string_hashes)]`
help: remove all the hashes around the string literal
   |
67 ~         r"WITH item AS (
68 |             INSERT INTO receiving.item (id, item_number)
...
85 |         SELECT $3::uuid, purchase.id, 2, item.id, $10::int4::numeric, 0
86 ~         FROM purchase CROSS JOIN item",
   |

warning: unnecessary hashes around raw string literal
   --> tests/integration/tests/receiving_history/database.rs:111:13
    |
111 | /             r#"WITH orders AS (
112 | |             SELECT * FROM receiving.purchase_order WHERE id = $1
113 | |         ), lines AS (
114 | |             SELECT * FROM receiving.purchase_order_line WHERE purchase_order_id = $1
...   |
137 | |                 'quantity', l.quantity::text) ORDER BY l.id)
138 | |                 FROM receipt_lines l), '[]'::jsonb))"#,
    | |______________________________________________________^
    |
    = help: for further information visit https://rust-lang.github.io/rust-clippy/rust-1.98.0/index.html#needless_raw_string_hashes
help: remove all the hashes around the string literal
    |
111 ~             r"WITH orders AS (
112 |             SELECT * FROM receiving.purchase_order WHERE id = $1
...
137 |                 'quantity', l.quantity::text) ORDER BY l.id)
138 ~                 FROM receipt_lines l), '[]'::jsonb))",
    |

warning: unnecessary hashes around raw string literal
   --> tests/integration/tests/receiving_history/database.rs:273:17
    |
273 | /                 r#"WITH RECURSIVE activity AS MATERIALIZED (
274 | |                     SELECT a.pid, a.usename, a.wait_event_type, a.wait_event,
275 | |                         pg_blocking_pids(a.pid) AS blockers,
276 | |                         a.state = 'active' AND a.wait_event_type = 'Lock'
...   |
290 | |                     COALESCE(a.receiving_command, false) AND b.pid IS NOT NULL AS matched
291 | |                 FROM activity a LEFT JOIN blocked b ON b.pid = a.pid ORDER BY a.pid"#,
    | |_____________________________________________________________________________________^
    |
    = help: for further information visit https://rust-lang.github.io/rust-clippy/rust-1.98.0/index.html#needless_raw_string_hashes
help: remove all the hashes around the string literal
    |
273 ~                 r"WITH RECURSIVE activity AS MATERIALIZED (
274 |                     SELECT a.pid, a.usename, a.wait_event_type, a.wait_event,
...
290 |                     COALESCE(a.receiving_command, false) AND b.pid IS NOT NULL AS matched
291 ~                 FROM activity a LEFT JOIN blocked b ON b.pid = a.pid ORDER BY a.pid",
    |

warning: this argument is passed by value, but not consumed in the function body
   --> tests/integration/tests/receiving_command_histories_live.rs:134:39
    |
134 | fn record(evidence: &mut File, value: Value) -> Result<()> {
    |                                       ^^^^^
    |
    = help: for further information visit https://rust-lang.github.io/rust-clippy/rust-1.98.0/index.html#needless_pass_by_value
    = note: `-W clippy::needless-pass-by-value` implied by `-W clippy::pedantic`
    = help: to override `-W clippy::pedantic` add `#[allow(clippy::needless_pass_by_value)]`
help: consider taking a reference instead
    |
134 | fn record(evidence: &mut File, value: &Value) -> Result<()> {
    |                                       +

warning: this creates an owned instance just for comparison
   --> tests/integration/tests/receiving_command_histories_live.rs:388:49
    |
388 |                         value["row_version"] == revision.to_string(),
    |                                                 ^^^^^^^^^^^^^^^^^^^^ help: try: `revision`
    |
    = help: for further information visit https://rust-lang.github.io/rust-clippy/rust-1.98.0/index.html#cmp_owned
    = note: `-W clippy::cmp-owned` implied by `-W clippy::perf`
    = help: to override `-W clippy::perf` add `#[allow(clippy::cmp_owned)]`

warning: boolean to int conversion using if
   --> tests/integration/tests/receiving_command_histories_live.rs:670:18
    |
670 |             key: if same_key { 0 } else { 1 },
    |                  ^^^^^^^^^^^^^^^^^^^^^^^^^^^^ help: replace with from: `u8::from(!same_key)`
    |
    = note: `!same_key as u8` or `(!same_key).into()` can also be valid options
    = help: for further information visit https://rust-lang.github.io/rust-clippy/rust-1.98.0/index.html#bool_to_int_with_if
    = note: `-W clippy::bool-to-int-with-if` implied by `-W clippy::pedantic`
    = help: to override `-W clippy::pedantic` add `#[allow(clippy::bool_to_int_with_if)]`

warning: matching over `()` is more explicit
   --> tests/integration/tests/receiving_command_histories_live.rs:805:23
    |
805 |             .map_err(|_| anyhow::anyhow!("response control disappeared"))?;
    |                       ^ help: use `()` instead of `_`: `()`
    |
    = help: for further information visit https://rust-lang.github.io/rust-clippy/rust-1.98.0/index.html#ignored_unit_patterns
    = note: `-W clippy::ignored-unit-patterns` implied by `-W clippy::pedantic`
    = help: to override `-W clippy::pedantic` add `#[allow(clippy::ignored_unit_patterns)]`

warning: matching over `()` is more explicit
   --> tests/integration/tests/receiving_command_histories_live.rs:820:19
    |
820 |         .map_err(|_| anyhow::anyhow!("response suppression task disappeared"))?;
    |                   ^ help: use `()` instead of `_`: `()`
    |
    = help: for further information visit https://rust-lang.github.io/rust-clippy/rust-1.98.0/index.html#ignored_unit_patterns

warning: `wamn-proof-integration` (test "receiving_command_histories_live") generated 8 warnings (run `cargo clippy --fix --test "receiving_command_histories_live" -p wamn-proof-integration -- --no-deps` to apply 7 suggestions)
    Checking wamn-proof-integration v0.1.0 (/home/kaalin/.cache/wamn-lanes/receiving-postcommit-20260910/tests/integration)
warning: long literal lacking separators
   --> tests/integration/src/route_authentication_live/fresh_only.rs:198:39
    |
198 |         "raw-body-bytes": {"maximum": 1048576},
    |                                       ^^^^^^^ help: consider: `1_048_576`
    |
    = help: for further information visit https://rust-lang.github.io/rust-clippy/rust-1.98.0/index.html#unreadable_literal
    = note: `-W clippy::unreadable-literal` implied by `-W clippy::pedantic`
    = help: to override `-W clippy::pedantic` add `#[allow(clippy::unreadable_literal)]`

warning: binding's name is too similar to existing binding
    --> tests/integration/src/route_authentication_live.rs:4817:9
     |
4817 |     let verified = verifier.verify(token).await?;
     |         ^^^^^^^^
     |
note: existing binding defined here
    --> tests/integration/src/route_authentication_live.rs:4816:9
     |
4816 |     let verifier = SessionVerifier::new(keys, ORG, &audience)?;
     |         ^^^^^^^^
     = help: for further information visit https://rust-lang.github.io/rust-clippy/rust-1.98.0/index.html#similar_names

warning: long literal lacking separators
   --> tests/integration/src/throughput_bench.rs:775:44
    |
775 |         assert!((got.requests_per_second - 4081.211897645458).abs() < 1e-9);
    |                                            ^^^^^^^^^^^^^^^^^ help: consider: `4_081.211_897_645_458`
    |
    = help: for further information visit https://rust-lang.github.io/rust-clippy/rust-1.98.0/index.html#unreadable_literal

warning: long literal lacking separators
   --> tests/integration/src/throughput_bench.rs:776:31
    |
776 |         assert!((got.p50_ms - 0.931111).abs() < 1e-9);
    |                               ^^^^^^^^ help: consider: `0.931_111`
    |
    = help: for further information visit https://rust-lang.github.io/rust-clippy/rust-1.98.0/index.html#unreadable_literal

warning: long literal lacking separators
   --> tests/integration/src/throughput_bench.rs:777:31
    |
777 |         assert!((got.p99_ms - 1.877135).abs() < 1e-9);
    |                               ^^^^^^^^ help: consider: `1.877_135`
    |
    = help: for further information visit https://rust-lang.github.io/rust-clippy/rust-1.98.0/index.html#unreadable_literal

warning: long literal lacking separators
   --> tests/integration/src/throughput_bench.rs:799:44
    |
799 |         assert!((got.requests_per_second - 34879.230595).abs() < 1e-9);
    |                                            ^^^^^^^^^^^^ help: consider: `34_879.230_595`
    |
    = help: for further information visit https://rust-lang.github.io/rust-clippy/rust-1.98.0/index.html#unreadable_literal

warning: long literal lacking separators
   --> tests/integration/src/throughput_bench.rs:818:82
    |
818 |             (cpu_usage_seconds("usage_usec 20558\nuser_usec 14390\n").unwrap() - 0.020558).abs()
    |                                                                                  ^^^^^^^^ help: consider: `0.020_558`
    |
    = help: for further information visit https://rust-lang.github.io/rust-clippy/rust-1.98.0/index.html#unreadable_literal

warning: long literal lacking separators
   --> tests/integration/src/walbench.rs:141:27
    |
141 |             .wrapping_mul(6364136223846793005)
    |                           ^^^^^^^^^^^^^^^^^^^ help: consider: `6_364_136_223_846_793_005`
    |
    = help: for further information visit https://rust-lang.github.io/rust-clippy/rust-1.98.0/index.html#unreadable_literal

warning: this function has too many arguments (8/7)
   --> tests/integration/src/receiving_data_access.rs:765:5
    |
765 | /     async fn insert_receipt_fixtures(
766 | |         client: &Client,
767 | |         item_id: Uuid,
768 | |         purchase_order_id: Uuid,
...   |
773 | |         location_id: Uuid,
774 | |     ) -> Result<()> {
    | |___________________^
    |
    = help: for further information visit https://rust-lang.github.io/rust-clippy/rust-1.98.0/index.html#too_many_arguments
    = note: `-W clippy::too-many-arguments` implied by `-W clippy::complexity`
    = help: to override `-W clippy::complexity` add `#[allow(clippy::too_many_arguments)]`

warning: calling `BTreeSet::default()` is more clear than this expression
   --> tests/integration/src/route_authentication_live/fresh_only.rs:935:49
    |
935 |             effect_free_operation_dependencies: Default::default(),
    |                                                 ^^^^^^^^^^^^^^^^^^ help: try: `BTreeSet::default()`
    |
    = help: for further information visit https://rust-lang.github.io/rust-clippy/rust-1.98.0/index.html#default_trait_access
    = note: `-W clippy::default-trait-access` implied by `-W clippy::pedantic`
    = help: to override `-W clippy::pedantic` add `#[allow(clippy::default_trait_access)]`

warning: the borrowed expression implements the required traits
    --> tests/integration/src/route_authentication_live/fresh_only.rs:1288:53
     |
1288 |                 instance.get_typed_func(&mut store, &export)?;
     |                                                     ^^^^^^^ help: change this to: `export`
     |
     = help: for further information visit https://rust-lang.github.io/rust-clippy/rust-1.98.0/index.html#needless_borrows_for_generic_args
     = note: `-W clippy::needless-borrows-for-generic-args` implied by `-W clippy::style`
     = help: to override `-W clippy::style` add `#[allow(clippy::needless_borrows_for_generic_args)]`

warning: this argument is passed by value, but not consumed in the function body
   --> tests/integration/src/route_authentication_live/session_client.rs:222:13
    |
222 |     result: Result<Vec<ItemOutcome>, ClientError>,
    |             ^^^^^^^^^^^^^^^^^^^^^^^^^^^^^^^^^^^^^
    |
    = help: for further information visit https://rust-lang.github.io/rust-clippy/rust-1.98.0/index.html#needless_pass_by_value
help: consider taking a reference instead
    |
222 |     result: &Result<Vec<ItemOutcome>, ClientError>,
    |             +

warning: constructing a `Duration` using a smaller unit when a larger unit would be more readable
   --> tests/integration/src/route_authentication_live.rs:100:39
    |
100 | const DEV_COMMAND_TIMEOUT: Duration = Duration::from_secs(12 * 60);
    |                                       ^^^^^^^^^^^^^^^^^^^^^^^^^^^^
    |
    = help: for further information visit https://rust-lang.github.io/rust-clippy/rust-1.98.0/index.html#duration_suboptimal_units
help: try using from_mins
    |
100 - const DEV_COMMAND_TIMEOUT: Duration = Duration::from_secs(12 * 60);
100 + const DEV_COMMAND_TIMEOUT: Duration = Duration::from_mins(12);
    |

warning: this expression creates a reference which is immediately dereferenced by the compiler
   --> tests/integration/src/route_authentication_live.rs:930:53
    |
930 |     let route = provision_route(&admin_url, &admin, &root, None)
    |                                                     ^^^^^ help: change this to: `root`
    |
    = help: for further information visit https://rust-lang.github.io/rust-clippy/rust-1.98.0/index.html#needless_borrow
    = note: `-W clippy::needless-borrow` implied by `-W clippy::style`
    = help: to override `-W clippy::style` add `#[allow(clippy::needless_borrow)]`

warning: casting `u32` to `i32` may wrap around the value
    --> tests/integration/src/route_authentication_live.rs:2306:25
     |
2306 |             &[&TENANT, &(RELEASE_ID as i32)],
     |                         ^^^^^^^^^^^^^^^^^^^ help: if this is intentional, use `cast_signed()` instead: `RELEASE_ID.cast_signed()`
     |
     = help: for further information visit https://rust-lang.github.io/rust-clippy/rust-1.98.0/index.html#cast_possible_wrap

warning: casting `u32` to `i32` may wrap around the value
    --> tests/integration/src/route_authentication_live.rs:2324:25
     |
2324 |             &[&TENANT, &(RELEASE_ID as i32), &ORG, &PROJECT, &ENVIRONMENT],
     |                         ^^^^^^^^^^^^^^^^^^^ help: if this is intentional, use `cast_signed()` instead: `RELEASE_ID.cast_signed()`
     |
     = help: for further information visit https://rust-lang.github.io/rust-clippy/rust-1.98.0/index.html#cast_possible_wrap

warning: this argument is passed by value, but not consumed in the function body
    --> tests/integration/src/route_authentication_live.rs:2643:71
     |
2643 | fn gate_document(command_id: &str, package: JourneyPackage, document: Value) -> Value {
     |                                                                       ^^^^^
     |
     = help: for further information visit https://rust-lang.github.io/rust-clippy/rust-1.98.0/index.html#needless_pass_by_value
help: consider taking a reference instead
     |
2643 | fn gate_document(command_id: &str, package: JourneyPackage, document: &Value) -> Value {
     |                                                                       +

warning: casting `u32` to `i32` may wrap around the value
    --> tests/integration/src/route_authentication_live.rs:2833:25
     |
2833 |             &[&TENANT, &(release_id as i32), &ORG, &PROJECT, &ENVIRONMENT],
     |                         ^^^^^^^^^^^^^^^^^^^ help: if this is intentional, use `cast_signed()` instead: `release_id.cast_signed()`
     |
     = help: for further information visit https://rust-lang.github.io/rust-clippy/rust-1.98.0/index.html#cast_possible_wrap

warning: casting `u32` to `i32` may wrap around the value
    --> tests/integration/src/route_authentication_live.rs:2845:25
     |
2845 |             &[&TENANT, &(release_id as i32)],
     |                         ^^^^^^^^^^^^^^^^^^^ help: if this is intentional, use `cast_signed()` instead: `release_id.cast_signed()`
     |
     = help: for further information visit https://rust-lang.github.io/rust-clippy/rust-1.98.0/index.html#cast_possible_wrap

warning: casting `u32` to `i32` may wrap around the value
    --> tests/integration/src/route_authentication_live.rs:2868:25
     |
2868 |             &[&TENANT, &(release_id as i32), &ORG, &PROJECT, &ENVIRONMENT],
     |                         ^^^^^^^^^^^^^^^^^^^ help: if this is intentional, use `cast_signed()` instead: `release_id.cast_signed()`
     |
     = help: for further information visit https://rust-lang.github.io/rust-clippy/rust-1.98.0/index.html#cast_possible_wrap

warning: this function has too many arguments (9/7)
    --> tests/integration/src/route_authentication_live.rs:3126:1
     |
3126 | / async fn invoke_journey_route(
3127 | |     engine: &wash_runtime::engine::Engine,
3128 | |     flow_http: &Component,
3129 | |     routing: Arc<FlowHttpRouting>,
...    |
3135 | |     body: Bytes,
3136 | | ) -> anyhow::Result<hyper::Response<Bytes>> {
     | |___________________________________________^
     |
     = help: for further information visit https://rust-lang.github.io/rust-clippy/rust-1.98.0/index.html#too_many_arguments

warning: casting `u32` to `i32` may wrap around the value
    --> tests/integration/src/route_authentication_live.rs:4358:25
     |
4358 |             &[&TENANT, &(RELEASE_ID as i32)],
     |                         ^^^^^^^^^^^^^^^^^^^ help: if this is intentional, use `cast_signed()` instead: `RELEASE_ID.cast_signed()`
     |
     = help: for further information visit https://rust-lang.github.io/rust-clippy/rust-1.98.0/index.html#cast_possible_wrap

warning: casting `usize` to `f64` may cause a loss of precision (`usize` can be up to 64 bits wide depending on the target architecture, but `f64`'s mantissa is only 52 bits wide)
   --> tests/integration/src/walbench.rs:982:13
    |
982 |             *counts.iter().max().unwrap() as f64 / a.len() as f64
    |             ^^^^^^^^^^^^^^^^^^^^^^^^^^^^^^^^^^^^
    |
    = help: for further information visit https://rust-lang.github.io/rust-clippy/rust-1.98.0/index.html#cast_precision_loss

warning: casting `usize` to `f64` may cause a loss of precision (`usize` can be up to 64 bits wide depending on the target architecture, but `f64`'s mantissa is only 52 bits wide)
   --> tests/integration/src/walbench.rs:982:52
    |
982 |             *counts.iter().max().unwrap() as f64 / a.len() as f64
    |                                                    ^^^^^^^^^^^^^^
    |
    = help: for further information visit https://rust-lang.github.io/rust-clippy/rust-1.98.0/index.html#cast_precision_loss

warning: strict comparison of `f32` or `f64`
   --> tests/integration/src/wms_runtime_live.rs:336:9
    |
336 |         quantity(&adjusted["adjusted_quantity"])? == 7.0
    |         ^^^^^^^^^^^^^^^^^^^^^^^^^^^^^^^^^^^^^^^^^^^^^^^^ help: consider comparing them within some margin of error: `(quantity(&adjusted["adjusted_quantity"])? - 7.0).abs() < error_margin`
    |
    = help: for further information visit https://rust-lang.github.io/rust-clippy/rust-1.98.0/index.html#float_cmp
    = note: `-W clippy::float-cmp` implied by `-W clippy::pedantic`
    = help: to override `-W clippy::pedantic` add `#[allow(clippy::float_cmp)]`

warning: strict comparison of `f32` or `f64`
   --> tests/integration/src/wms_runtime_live.rs:384:48
    |
384 |         detail["field"] == "value.quantity" && quantity(&detail["observed"])? == 4.0,
    |                                                ^^^^^^^^^^^^^^^^^^^^^^^^^^^^^^^^^^^^^ help: consider comparing them within some margin of error: `(quantity(&detail["observed"])? - 4.0).abs() < error_margin`
    |
    = help: for further information visit https://rust-lang.github.io/rust-clippy/rust-1.98.0/index.html#float_cmp

warning: strict comparison of `f32` or `f64`
   --> tests/integration/src/wms_runtime_live.rs:450:28
    |
450 |         rows.len() == 1 && quantity(&rows[0]["quantity"])? == 7.0 && rows[0]["pallet_count"] == 1,
    |                            ^^^^^^^^^^^^^^^^^^^^^^^^^^^^^^^^^^^^^^ help: consider comparing them within some margin of error: `(quantity(&rows[0]["quantity"])? - 7.0).abs() < error_margin`
    |
    = help: for further information visit https://rust-lang.github.io/rust-clippy/rust-1.98.0/index.html#float_cmp

warning: `wamn-proof-integration` (lib test) generated 104 warnings (77 duplicates) (run `cargo clippy --fix --lib -p wamn-proof-integration --tests -- --no-deps` to apply 3 suggestions)
    Finished `dev` profile [unoptimized + debuginfo] target(s) in 4.52s
