
running 27 tests
test corpus_hash_uses_sorted_unambiguous_framing ... ok
test custom_sql_generated_rust_symbols_are_unique_before_emission ... ok
test component_grouping_defaults_one_group_and_refuses_invalid_splits ... ok
test explicit_cdc_exclusion_is_a_required_relation_without_fabricated_fields ... ok
test a_generated_operation_names_an_exclusion_violation_with_its_constraint ... ok
test generated_create_pins_and_grants_its_claim_relation ... ok
test a_model_identity_the_claim_does_not_mint_refuses ... ok
test every_generated_create_carries_the_two_claim_contract_tests ... ok
test duplicate_filters_and_schema_qualified_authored_sql_refuse ... ok
test generated_create_contracts_publish_the_claim_and_its_refusal ... ok
test generated_create_takes_every_identity_from_the_claim ... ok
test idempotency_conflict_is_closed_to_the_create ... ok
test generated_metadata_has_one_strict_canonical_reader ... ok
test generated_create_replay_writes_nothing ... ok
test generated_operations_ship_a_result_contract_with_closed_domains ... ok
test mutation_contract_refuses_server_owned_and_nonnullable_null ... ok
test generated_create_refuses_a_claim_that_does_not_pre_generate_identity ... ok
test only_a_create_carries_claim_contract_tests ... ok
test shared_operation_vocabulary_refuses_permission_identity_drift ... ok
test shared_operation_vocabulary_refuses_noncanonical_coordinates ... ok
test operation_identity_errors_and_constraint_names_are_closed ... ok
test generation_is_byte_stable_and_emits_both_projection_siblings ... ok
test metadata_hashes_exact_ir_and_sql_but_contract_ignores_unused_tables ... ok
test update_returning_names_only_the_declared_model_columns ... ok
test ordered_filters_and_query_variants_remain_structural_and_finite ... ok
test strict_manifest_and_ir_references_fail_loudly ... ok
test wamn_accessors_are_structurally_derived_from_operations_and_ir ... ok

test result: ok. 27 passed; 0 failed; 0 ignored; 0 measured; 0 filtered out; finished in 0.04s


running 5 tests
test frozen_postgres_native_and_wamn_mappings_validate ... ok
test nullability_mutant_fails_with_field_context ... ok
test unknown_matrix_members_and_postgres_types_fail_closed ... ok
test distinct_wamn_carrier_mutants_fail_with_field_context ... ok
test accessor_bind_mutants_fail_with_parameter_context ... ok

test result: ok. 5 passed; 0 failed; 0 ignored; 0 measured; 0 filtered out; finished in 0.00s

