SOURCE_HEAD=581016ee975d65ebaecd470619f8fae750a769ba
COMMAND=env -u CARGO_TARGET_DIR RUSTC_WRAPPER= cargo test --locked --offline -p wamn-runtime --lib plugins::flow_http_routing::tests -- --test-threads=1 
warning: function `canonical_serialized` is never used
   --> crates/catalog/model/src/lib.rs:792:4
    |
792 | fn canonical_serialized(value: &impl Serialize) -> Vec<u8> {
    |    ^^^^^^^^^^^^^^^^^^^^
    |
    = note: `#[warn(dead_code)]` (part of `#[warn(unused)]`) on by default

warning: `wamn-catalog` (lib) generated 1 warning
   Compiling wamn-runtime v0.1.0 (/home/kaalin/.cache/wamn-lanes/ctc8-15-3-host-sessions-20260908/crates/platform/runtime)
warning: the item `Future` is imported redundantly
 --> crates/platform/runtime/src/plugins/wamn_postgres/pool.rs:7:5
  |
7 | use std::future::Future;
  |     ^^^^^^^^^^^^^^^^^^^
  |
 --> /rustc/88d9e12ae178fab0fb5cc050a94da85685d449ea/library/std/src/prelude/mod.rs:166:12
  |
  = note: the item `Future` is already defined here
  |
  = note: requested on the command line with `-W redundant-imports`

warning: type does not implement `std::fmt::Debug`; consider adding `#[derive(Debug)]` or a manual implementation
   --> crates/platform/runtime/src/plugins/connection_http.rs:111:1
    |
111 | / pub struct ConnectionHttp {
112 | |     postgres: Arc<WamnPostgres>,
113 | |     vault: Arc<WamnCredentials>,
114 | |     tenant: Box<str>,
...   |
130 | |     invocations: std::sync::RwLock<HashMap<String, ConnectionInvocation>>,
131 | | }
    | |_^
    |
    = note: requested on the command line with `-W missing-debug-implementations`

warning: type does not implement `std::fmt::Debug`; consider adding `#[derive(Debug)]` or a manual implementation
  --> crates/platform/runtime/src/plugins/wamn_credentials.rs:27:1
   |
27 | / pub struct WamnCredentials {
28 | |     /// Whether ANY backing source was configured. Distinguishes `unavailable`
29 | |     /// (no source — retryable) from `not-found` (source present, name absent —
30 | |     /// config-shaped).
...  |
33 | |     projects: HashMap<String, HashMap<String, String>>,
34 | | }
   | |_^

warning: type does not implement `std::fmt::Debug`; consider adding `#[derive(Debug)]` or a manual implementation
   --> crates/platform/runtime/src/plugins/wamn_jetstream.rs:544:1
    |
544 | / pub struct WamnJetstream {
545 | |     nats_url: Option<String>,
546 | |     /// Lazily-connected, memoized JetStream context. A `Mutex<Option<_>>` (not a
547 | |     /// `OnceCell`) so a transient connect failure is retried on the next call
...   |
569 | |     dlq_depth: Arc<DeadLetterDepth>,
570 | | }
    | |_^

warning: type does not implement `std::fmt::Debug`; consider adding `#[derive(Debug)]` or a manual implementation
    --> crates/platform/runtime/src/plugins/wamn_jetstream.rs:1209:1
     |
1209 | / pub struct JsConsumer {
1210 | |     consumer: Consumer<PullConfig>,
1211 | |     dead_letter: Option<DeadLetterIdentity>,
1212 | | }
     | |_^

warning: type does not implement `std::fmt::Debug`; consider adding `#[derive(Debug)]` or a manual implementation
    --> crates/platform/runtime/src/plugins/wamn_jetstream.rs:1216:1
     |
1216 | / pub struct JsMessage {
1217 | |     msg: async_nats::jetstream::Message,
1218 | |     dead_letter: Option<DeadLetterIdentity>,
1219 | | }
     | |_^

warning: type does not implement `std::fmt::Debug`; consider adding `#[derive(Debug)]` or a manual implementation
   --> crates/platform/runtime/src/plugins/wamn_logging.rs:213:1
    |
213 | / pub struct Capture {
214 | |     records: std::sync::Mutex<Vec<CapturedRec>>,
215 | | }
    | |_^

warning: type does not implement `std::fmt::Debug`; consider adding `#[derive(Debug)]` or a manual implementation
   --> crates/platform/runtime/src/plugins/wamn_logging.rs:235:1
    |
235 | / pub struct WamnLogging {
236 | |     /// component id → host-trusted {tenant, project}.
237 | |     claims: std::sync::RwLock<HashMap<String, Claim>>,
238 | |     /// Bounded front queue; `try_send` keeps `log()` non-blocking.
...   |
243 | |     _drain: tokio::task::JoinHandle<()>,
244 | | }
    | |_^

warning: type does not implement `std::fmt::Debug`; consider adding `#[derive(Debug)]` or a manual implementation
   --> crates/platform/runtime/src/plugins/wamn_postgres/claims.rs:55:1
    |
 55 | / pub struct WamnPostgres {
 56 | |     /// Resolves a project id → its database connection + policy.
 57 | |     provider: Arc<dyn CredentialProvider>,
 58 | |     /// Guest-visible project pools, built lazily and never shared with host-owned
...   |
121 | |     pub(super) bind_counters: super::BindCounters,
122 | | }
    | |_^

warning: type does not implement `std::fmt::Debug`; consider adding `#[derive(Debug)]` or a manual implementation
   --> crates/platform/runtime/src/plugins/wamn_postgres/pool.rs:339:1
    |
339 | / pub struct StaticCredentialProvider {
340 | |     projects: HashMap<String, ProjectConfig>,
341 | | }
    | |_^

warning: type does not implement `std::fmt::Debug`; consider adding `#[derive(Debug)]` or a manual implementation
   --> crates/platform/runtime/src/plugins/wamn_postgres/pool.rs:514:1
    |
514 | / pub struct K8sSecretProvider {
515 | |     pub namespace: String,
516 | | }
    | |_^

warning: type does not implement `std::fmt::Debug`; consider adding `#[derive(Debug)]` or a manual implementation
   --> crates/platform/runtime/src/plugins/wamn_postgres/resources.rs:99:1
    |
 99 | / pub struct PgTransaction {
100 | |     state: SharedTxnState,
101 | |     destroyed: Arc<AtomicU64>,
102 | |     cursor_seq: u32,
103 | |     /// Row limit of the project this transaction's connection belongs to.
104 | |     row_limit: u64,
105 | | }
    | |_^

warning: type does not implement `std::fmt::Debug`; consider adding `#[derive(Debug)]` or a manual implementation
   --> crates/platform/runtime/src/plugins/wamn_postgres/resources.rs:145:1
    |
145 | / pub struct PgCursor {
146 | |     state: SharedTxnState,
147 | |     destroyed: Arc<AtomicU64>,
148 | |     name: String,
149 | | }
    | |_^

warning: type does not implement `std::fmt::Debug`; consider adding `#[derive(Debug)]` or a manual implementation
   --> crates/platform/runtime/src/wiring_doorbell.rs:145:1
    |
145 | / pub struct WiringDoorbellListener {
146 | |     shutdown: tokio::sync::watch::Sender<bool>,
147 | |     task: tokio::task::JoinHandle<()>,
148 | | }
    | |_^

warning: `wamn-runtime` (lib test) generated 14 warnings
    Finished `test` profile [unoptimized + debuginfo] target(s) in 15.73s
     Running unittests src/lib.rs (target/debug/deps/wamn_runtime-32c8893cf18137ee)

running 20 tests
test plugins::flow_http_routing::tests::a_mapping_whose_wire_value_is_unknown_fails_its_attachment_closed ... ok
test plugins::flow_http_routing::tests::a_matching_method_and_authority_serves_the_release_attachment ... ok
test plugins::flow_http_routing::tests::a_method_or_authority_that_matches_nothing_serves_no_route ... ok
test plugins::flow_http_routing::tests::a_present_raw_body_limit_never_falls_back_when_malformed ... ok
test plugins::flow_http_routing::tests::a_process_without_a_release_refuses_instead_of_serving_an_empty_route_set ... ok
test plugins::flow_http_routing::tests::a_wildcard_host_attachment_is_served_for_any_authority ... ok
test plugins::flow_http_routing::tests::an_attachment_without_a_serviceable_route_is_skipped_and_the_rest_still_serve ... ok
test plugins::flow_http_routing::tests::authored_input_schema_and_raw_body_limit_stay_with_their_owners ... ok
test plugins::flow_http_routing::tests::bearer_parsing_has_one_success_shape_and_one_opaque_refusal_class ... ok
test plugins::flow_http_routing::tests::canonical_schema_hash_deduplicates_reordered_schemas_and_isolates_distinct_ones ... ok
test plugins::flow_http_routing::tests::invalid_schema_and_nonmatching_payload_share_the_exact_refusal ... ok
test plugins::flow_http_routing::tests::omitted_projection_fields_defer_to_their_real_authority ... ok
test plugins::flow_http_routing::tests::only_an_externally_selectable_pat_attachment_requires_route_authentication ... ok
test plugins::flow_http_routing::tests::only_the_attachment_kinds_that_carry_an_http_route_are_served ... ok
test plugins::flow_http_routing::tests::originating_caller_keeps_exact_permissions_only ... ok
test plugins::flow_http_routing::tests::pat_mode_is_recognized_and_an_absent_backend_is_one_generic_outage ... ok
test plugins::flow_http_routing::tests::route_limit_is_nonzero_and_has_one_chart_default ... ok
test plugins::flow_http_routing::tests::route_slots_are_independent_shed_without_queueing_and_release_on_drop ... ok
test plugins::flow_http_routing::tests::session_and_pat_authorities_follow_only_the_released_modes ... ok
test plugins::flow_http_routing::tests::the_welded_manifest_is_the_only_source_the_plugin_reads ... ok

test result: ok. 20 passed; 0 failed; 0 ignored; 0 measured; 277 filtered out; finished in 0.04s


COMMAND_EXIT=0
SOURCE_HEAD_AFTER=581016ee975d65ebaecd470619f8fae750a769ba
