    Checking wamn-component-policy v0.1.0 (/home/kaalin/.cache/wamn-lanes/ctc8-20-pat-service-20260910/crates/platform/component-policy)
warning: type does not implement `std::fmt::Debug`; consider adding `#[derive(Debug)]` or a manual implementation
  --> test-support/harness/src/ceiling.rs:72:1
   |
72 | / pub struct Ramp {
73 | |     tolerance: f64,
74 | |     max_levels: usize,
75 | |     levels: Vec<LevelStats>,
...  |
82 | |     retrying: bool,
83 | | }
   | |_^
   |
   = note: requested on the command line with `-W missing-debug-implementations`

warning: `wamn-gate-harness` (lib) generated 1 warning
warning: type does not implement `std::fmt::Debug`; consider adding `#[derive(Debug)]` or a manual implementation
   --> services/dispatcher/src/lib.rs:293:1
    |
293 | / pub struct ProjectState {
294 | |     pub spec: ProjectSpec,
295 | |     client: Client,
296 | |     _conn: tokio::task::JoinHandle<()>,
...   |
299 | |     pub last_sweep_ms: i64,
300 | | }
    | |_^
    |
    = note: requested on the command line with `-W missing-debug-implementations`

warning: type does not implement `std::fmt::Debug`; consider adding `#[derive(Debug)]` or a manual implementation
   --> services/dispatcher/src/lib.rs:318:1
    |
318 | / pub struct DispatcherConfig {
319 | |     /// The validated adaptive poll cadence: an inverted `min > max` band is
320 | |     /// rejected at [`Cadence::new`], so the dispatcher's interval math can never
321 | |     /// see one (R13-hardening — inverted ranges are unrepresentable here).
322 | |     pub cadence: Cadence,
323 | |     pub batch: usize,
324 | | }
    | |_^

warning: type does not implement `std::fmt::Debug`; consider adding `#[derive(Debug)]` or a manual implementation
   --> services/dispatcher/src/lib.rs:352:1
    |
352 | / pub struct Dispatcher {
353 | |     pub projects: Vec<ProjectState>,
354 | |     nats: Option<async_nats::Client>,
355 | |     cfg: DispatcherConfig,
...   |
358 | |     depth: DepthRegistry,
359 | | }
    | |_^

warning: `wamn-dispatcher` (lib) generated 3 warnings
warning: `wamn-gate-harness` (lib test) generated 1 warning (1 duplicate)
    Checking wamn-catalog v0.1.0 (/home/kaalin/.cache/wamn-lanes/ctc8-20-pat-service-20260910/crates/catalog/model)
warning: function `canonical_serialized` is never used
   --> crates/catalog/model/src/lib.rs:792:4
    |
792 | fn canonical_serialized(value: &impl Serialize) -> Vec<u8> {
    |    ^^^^^^^^^^^^^^^^^^^^
    |
    = note: `#[warn(dead_code)]` (part of `#[warn(unused)]`) on by default

warning: `wamn-catalog` (lib) generated 1 warning
    Checking wamn-schema-generator v0.1.0 (/home/kaalin/.cache/wamn-lanes/ctc8-20-pat-service-20260910/crates/schema/generator)
    Checking wamn-runtime v0.1.0 (/home/kaalin/.cache/wamn-lanes/ctc8-20-pat-service-20260910/crates/platform/runtime)
warning: the item `Future` is imported redundantly
 --> crates/platform/runtime/src/connection_authority.rs:3:5
  |
3 | use std::future::Future;
  |     ^^^^^^^^^^^^^^^^^^^
  |
 --> /rustc/88d9e12ae178fab0fb5cc050a94da85685d449ea/library/std/src/prelude/mod.rs:166:12
  |
  = note: the item `Future` is already defined here
  |
  = note: requested on the command line with `-W redundant-imports`

warning: the item `Future` is imported redundantly
 --> crates/platform/runtime/src/plugins/wamn_postgres/pool.rs:7:5
  |
7 | use std::future::Future;
  |     ^^^^^^^^^^^^^^^^^^^
  |
 --> /rustc/88d9e12ae178fab0fb5cc050a94da85685d449ea/library/std/src/prelude/mod.rs:166:12
  |
  = note: the item `Future` is already defined here

    Checking wamn-control-provision v0.1.0 (/home/kaalin/.cache/wamn-lanes/ctc8-20-pat-service-20260910/crates/control/provision)
    Checking wamn-schema-control v0.1.0 (/home/kaalin/.cache/wamn-lanes/ctc8-20-pat-service-20260910/crates/schema/control)
    Checking wamn-client-tui v0.1.0 (/home/kaalin/.cache/wamn-lanes/ctc8-20-pat-service-20260910/crates/client/tui)
    Checking wamn-identity v0.1.0 (/home/kaalin/.cache/wamn-lanes/ctc8-20-pat-service-20260910/services/identity)
    Checking wamn-cdc-reader v0.1.0 (/home/kaalin/.cache/wamn-lanes/ctc8-20-pat-service-20260910/services/cdc-reader)
warning: constant `HTTP_CONTRACT` is never used
  --> crates/platform/runtime/src/plugins/connection_http.rs:52:7
   |
52 | const HTTP_CONTRACT: &str = "wamn:connection/http@0.1.0";
   |       ^^^^^^^^^^^^^
   |
   = note: `#[warn(dead_code)]` (part of `#[warn(unused)]`) on by default

warning: type does not implement `std::fmt::Debug`; consider adding `#[derive(Debug)]` or a manual implementation
   --> crates/platform/runtime/src/plugins/connection_http.rs:114:1
    |
114 | / pub struct ConnectionHttp {
115 | |     postgres: Arc<WamnPostgres>,
116 | |     vault: Arc<WamnCredentials>,
117 | |     tenant: Box<str>,
...   |
133 | |     invocations: std::sync::RwLock<HashMap<String, ConnectionInvocation>>,
134 | | }
    | |_^
    |
    = note: requested on the command line with `-W missing-debug-implementations`

warning: type does not implement `std::fmt::Debug`; consider adding `#[derive(Debug)]` or a manual implementation
  --> crates/platform/runtime/src/plugins/wamn_credentials.rs:27:1
   |
27 | / pub struct WamnCredentials {
28 | |     /// Whether ANY backing source was configured. Distinguishes `unavailable`
29 | |     /// (no source — retryable) from `not-found` (source present, name absent —
30 | |     /// config-shaped).
...  |
33 | |     projects: HashMap<String, HashMap<String, String>>,
34 | | }
   | |_^

warning: type does not implement `std::fmt::Debug`; consider adding `#[derive(Debug)]` or a manual implementation
   --> crates/platform/runtime/src/plugins/wamn_jetstream.rs:544:1
    |
544 | / pub struct WamnJetstream {
545 | |     nats_url: Option<String>,
546 | |     /// Lazily-connected, memoized JetStream context. A `Mutex<Option<_>>` (not a
547 | |     /// `OnceCell`) so a transient connect failure is retried on the next call
...   |
569 | |     dlq_depth: Arc<DeadLetterDepth>,
570 | | }
    | |_^

warning: type does not implement `std::fmt::Debug`; consider adding `#[derive(Debug)]` or a manual implementation
    --> crates/platform/runtime/src/plugins/wamn_jetstream.rs:1209:1
     |
1209 | / pub struct JsConsumer {
1210 | |     consumer: Consumer<PullConfig>,
1211 | |     dead_letter: Option<DeadLetterIdentity>,
1212 | | }
     | |_^

warning: type does not implement `std::fmt::Debug`; consider adding `#[derive(Debug)]` or a manual implementation
    --> crates/platform/runtime/src/plugins/wamn_jetstream.rs:1216:1
     |
1216 | / pub struct JsMessage {
1217 | |     msg: async_nats::jetstream::Message,
1218 | |     dead_letter: Option<DeadLetterIdentity>,
1219 | | }
     | |_^

warning: type does not implement `std::fmt::Debug`; consider adding `#[derive(Debug)]` or a manual implementation
   --> crates/platform/runtime/src/plugins/wamn_logging.rs:213:1
    |
213 | / pub struct Capture {
214 | |     records: std::sync::Mutex<Vec<CapturedRec>>,
215 | | }
    | |_^

warning: type does not implement `std::fmt::Debug`; consider adding `#[derive(Debug)]` or a manual implementation
   --> crates/platform/runtime/src/plugins/wamn_logging.rs:235:1
    |
235 | / pub struct WamnLogging {
236 | |     /// component id → host-trusted {tenant, project}.
237 | |     claims: std::sync::RwLock<HashMap<String, Claim>>,
238 | |     /// Bounded front queue; `try_send` keeps `log()` non-blocking.
...   |
243 | |     _drain: tokio::task::JoinHandle<()>,
244 | | }
    | |_^

warning: type does not implement `std::fmt::Debug`; consider adding `#[derive(Debug)]` or a manual implementation
   --> crates/platform/runtime/src/plugins/wamn_postgres/claims.rs:55:1
    |
 55 | / pub struct WamnPostgres {
 56 | |     /// Resolves a project id → its database connection + policy.
 57 | |     provider: Arc<dyn CredentialProvider>,
 58 | |     /// Guest-visible project pools, built lazily and never shared with host-owned
...   |
121 | |     pub(super) bind_counters: super::BindCounters,
122 | | }
    | |_^

warning: type does not implement `std::fmt::Debug`; consider adding `#[derive(Debug)]` or a manual implementation
   --> crates/platform/runtime/src/plugins/wamn_postgres/pool.rs:339:1
    |
339 | / pub struct StaticCredentialProvider {
340 | |     projects: HashMap<String, ProjectConfig>,
341 | | }
    | |_^

warning: type does not implement `std::fmt::Debug`; consider adding `#[derive(Debug)]` or a manual implementation
   --> crates/platform/runtime/src/plugins/wamn_postgres/pool.rs:514:1
    |
514 | / pub struct K8sSecretProvider {
515 | |     pub namespace: String,
516 | | }
    | |_^

warning: type does not implement `std::fmt::Debug`; consider adding `#[derive(Debug)]` or a manual implementation
   --> crates/platform/runtime/src/plugins/wamn_postgres/resources.rs:99:1
    |
 99 | / pub struct PgTransaction {
100 | |     state: SharedTxnState,
101 | |     destroyed: Arc<AtomicU64>,
102 | |     cursor_seq: u32,
103 | |     /// Row limit of the project this transaction's connection belongs to.
104 | |     row_limit: u64,
105 | | }
    | |_^

warning: type does not implement `std::fmt::Debug`; consider adding `#[derive(Debug)]` or a manual implementation
   --> crates/platform/runtime/src/plugins/wamn_postgres/resources.rs:145:1
    |
145 | / pub struct PgCursor {
146 | |     state: SharedTxnState,
147 | |     destroyed: Arc<AtomicU64>,
148 | |     name: String,
149 | | }
    | |_^

warning: type does not implement `std::fmt::Debug`; consider adding `#[derive(Debug)]` or a manual implementation
   --> crates/platform/runtime/src/wiring_doorbell.rs:145:1
    |
145 | / pub struct WiringDoorbellListener {
146 | |     shutdown: tokio::sync::watch::Sender<bool>,
147 | |     task: tokio::task::JoinHandle<()>,
148 | | }
    | |_^

warning: `wamn-runtime` (lib) generated 16 warnings
    Checking wamn-execution-host v0.1.0 (/home/kaalin/.cache/wamn-lanes/ctc8-20-pat-service-20260910/crates/execution/host)
    Checking wamn-ctl v0.1.0 (/home/kaalin/.cache/wamn-lanes/ctc8-20-pat-service-20260910/services/ctl)
    Checking wamn-proof-conformance v0.1.0 (/home/kaalin/.cache/wamn-lanes/ctc8-20-pat-service-20260910/tests/conformance)
    Checking wamn-scenario-worker v0.1.0 (/home/kaalin/.cache/wamn-lanes/ctc8-20-pat-service-20260910/services/scenario-worker)
warning: type does not implement `Debug`; consider adding `#[derive(Debug)]` or a manual implementation
  --> tests/conformance/src/socketguard.rs:26:1
   |
26 | pub struct SocketGuardArgs {}
   | ^^^^^^^^^^^^^^^^^^^^^^^^^^^^^
   |
   = note: requested on the command line with `-W missing-debug-implementations`

warning: `wamn-proof-conformance` (lib) generated 1 warning
    Checking wamn-proof-system v0.1.0 (/home/kaalin/.cache/wamn-lanes/ctc8-20-pat-service-20260910/tests/system)
warning: type does not implement `std::fmt::Debug`; consider adding `#[derive(Debug)]` or a manual implementation
   --> services/scenario-worker/src/authoring.rs:218:1
    |
218 | / pub struct InternalAuthoringBackend {
219 | |     authority: InternalDevAdmin,
220 | |     client: Client,
221 | |     connection_task: tokio::task::JoinHandle<()>,
222 | |     tenant_id: Box<str>,
223 | |     source_schema: BareSchemaName,
224 | | }
    | |_^
    |
    = note: requested on the command line with `-W missing-debug-implementations`

warning: type does not implement `std::fmt::Debug`; consider adding `#[derive(Debug)]` or a manual implementation
   --> services/scenario-worker/src/store/admission.rs:316:1
    |
316 | / pub struct AdmissionSurface {
317 | |     /// The explicit credential and exact server-side predicates are retained so
318 | |     /// every replacement physical connection is checked identically.
319 | |     probe: CredentialExactnessProbe,
...   |
322 | |     tenant_id: Box<str>,
323 | | }
    | |_^

warning: `wamn-scenario-worker` (lib) generated 2 warnings
    Checking wamn-executor v0.1.0 (/home/kaalin/.cache/wamn-lanes/ctc8-20-pat-service-20260910/services/executor)
warning: function `run_once_stages` is never used
   --> services/ctl/src/dev.rs:604:10
    |
604 | async fn run_once_stages<R>(
    |          ^^^^^^^^^^^^^^^
    |
    = note: `#[warn(dead_code)]` (part of `#[warn(unused)]`) on by default

warning: function `verify_source_package_with_client` is never used
    --> services/ctl/src/push_component.rs:1301:10
     |
1301 | async fn verify_source_package_with_client(
     |          ^^^^^^^^^^^^^^^^^^^^^^^^^^^^^^^^^

warning: `wamn-ctl` (lib) generated 2 warnings
    Checking wamn-proof-integration v0.1.0 (/home/kaalin/.cache/wamn-lanes/ctc8-20-pat-service-20260910/tests/integration)
warning: `wamn-proof-conformance` (lib test) generated 1 warning (1 duplicate)
warning: function `models` is never used
  --> tests/integration/src/measurement_schema.rs:25:8
   |
25 | pub fn models(schema: &str) -> Vec<ManagedModel> {
   |        ^^^^^^
   |
   = note: `#[warn(dead_code)]` (part of `#[warn(unused)]`) on by default

warning: field `release` is never read
   --> tests/integration/src/trusted_http_route.rs:110:16
    |
105 | pub struct TrustedHttpRoute {
    |            ---------------- field in this struct
...
110 |     pub(crate) release: Arc<ReleaseManifestWeld>,
    |                ^^^^^^^

warning: type does not implement `std::fmt::Debug`; consider adding `#[derive(Debug)]` or a manual implementation
   --> tests/integration/src/trusted_http_route.rs:105:1
    |
105 | / pub struct TrustedHttpRoute {
106 | |     pub driver: Arc<RouterDriver>,
107 | |     /// The same welded release the driver authorizes. Callers that exercise a
108 | |     /// release-owned ingress plugin must share this exact weld rather than mint
...   |
116 | |     pub wiring_hash: String,
117 | | }
    | |_^
    |
    = note: requested on the command line with `-W missing-debug-implementations`

warning: `wamn-proof-integration` (lib) generated 3 warnings
    Checking wamn-gates v0.1.0 (/home/kaalin/.cache/wamn-lanes/ctc8-20-pat-service-20260910/tests/orchestrator)
warning: constant `EXECUTION_HOST_SOURCE` is never used
  --> tests/conformance/tests/dispatcher_boundary.rs:12:7
   |
12 | const EXECUTION_HOST_SOURCE: &str = "crates/execution/host/src/lib.rs";
   |       ^^^^^^^^^^^^^^^^^^^^^
   |
   = note: `#[warn(dead_code)]` (part of `#[warn(unused)]`) on by default

warning: constant `EXECUTOR_SOURCE` is never used
  --> tests/conformance/tests/dispatcher_boundary.rs:22:7
   |
22 | const EXECUTOR_SOURCE: &str = "services/executor/src/lib.rs";
   |       ^^^^^^^^^^^^^^^

warning: constant `EXECUTOR_MANIFEST` is never used
  --> tests/conformance/tests/dispatcher_boundary.rs:23:7
   |
23 | const EXECUTOR_MANIFEST: &str = "services/executor/Cargo.toml";
   |       ^^^^^^^^^^^^^^^^^

warning: `wamn-proof-conformance` (test "dispatcher_boundary") generated 3 warnings
    Checking wamn-host v0.1.0 (/home/kaalin/.cache/wamn-lanes/ctc8-20-pat-service-20260910/services/host)
warning: field `package_component_source` is never read
  --> tests/conformance/tests/workspace_tiers.rs:74:5
   |
70 | struct SourceInventory {
   |        --------------- field in this struct
...
74 |     package_component_source: String,
   |     ^^^^^^^^^^^^^^^^^^^^^^^^
   |
   = note: `SourceInventory` has a derived impl for the trait `Debug`, but this is intentionally ignored during dead code analysis
   = note: `#[warn(dead_code)]` (part of `#[warn(unused)]`) on by default

warning: fields `manifest_path`, `target_class`, and `bounded_context` are never read
   --> tests/conformance/tests/workspace_tiers.rs:151:5
    |
148 | struct PackageRole {
    |        ----------- fields in this struct
...
151 |     manifest_path: String,
    |     ^^^^^^^^^^^^^
152 |     role: Role,
153 |     target_class: String,
    |     ^^^^^^^^^^^^
154 |     bounded_context: String,
    |     ^^^^^^^^^^^^^^^
    |
    = note: `PackageRole` has a derived impl for the trait `Debug`, but this is intentionally ignored during dead code analysis

warning: `wamn-proof-conformance` (test "workspace_tiers") generated 2 warnings
warning: the item `Future` is imported redundantly
 --> crates/platform/runtime/tests/connection_generation_validation.rs:2:5
  |
2 | use std::future::Future;
  |     ^^^^^^^^^^^^^^^^^^^
  |
 --> /rustc/88d9e12ae178fab0fb5cc050a94da85685d449ea/library/std/src/prelude/mod.rs:166:12
  |
  = note: the item `Future` is already defined here
  |
  = note: requested on the command line with `-W redundant-imports`

warning: `wamn-runtime` (test "connection_generation_validation") generated 1 warning
warning: the item `AdmittedComponentOperation` is imported redundantly
    --> crates/execution/host/src/router_driver.rs:2956:34
     |
2956 |         AdmittedComponentEffect, AdmittedComponentOperation, ComponentPackageScope,
     |                                  ^^^^^^^^^^^^^^^^^^^^^^^^^^
...
2962 |     use super::*;
     |         -------- the item `AdmittedComponentOperation` is already imported here
     |
     = note: requested on the command line with `-W redundant-imports`

warning: the item `Future` is imported redundantly
 --> crates/platform/runtime/tests/connection_authority.rs:2:5
  |
2 | use std::future::Future;
  |     ^^^^^^^^^^^^^^^^^^^
  |
 --> /rustc/88d9e12ae178fab0fb5cc050a94da85685d449ea/library/std/src/prelude/mod.rs:166:12
  |
  = note: the item `Future` is already defined here
  |
  = note: requested on the command line with `-W redundant-imports`

warning: `wamn-runtime` (test "connection_authority") generated 1 warning
warning: `wamn-execution-host` (lib test) generated 1 warning
warning: `wamn-scenario-worker` (lib test) generated 2 warnings (2 duplicates)
    Checking wamn-run-state v0.1.0 (/home/kaalin/.cache/wamn-lanes/ctc8-20-pat-service-20260910/crates/execution/run-state)
    Checking wamn-project-state v0.1.0 (/home/kaalin/.cache/wamn-lanes/ctc8-20-pat-service-20260910/crates/identity/project-state)
    Checking wamn-dispatcher v0.1.0 (/home/kaalin/.cache/wamn-lanes/ctc8-20-pat-service-20260910/services/dispatcher)
warning: `wamn-proof-integration` (lib test) generated 2 warnings (2 duplicates)
warning: `wamn-dispatcher` (lib test) generated 3 warnings (3 duplicates)
warning: `wamn-catalog` (lib test) generated 1 warning (1 duplicate)
warning: the item `Future` is imported redundantly
 --> crates/platform/runtime/src/plugins/wamn_postgres/pool.rs:7:5
  |
7 | use std::future::Future;
  |     ^^^^^^^^^^^^^^^^^^^
  |
 --> /rustc/88d9e12ae178fab0fb5cc050a94da85685d449ea/library/std/src/prelude/mod.rs:166:12
  |
  = note: the item `Future` is already defined here
  |
  = note: requested on the command line with `-W redundant-imports`

warning: `wamn-runtime` (lib test) generated 14 warnings (13 duplicates)
    Finished `dev` profile [unoptimized + debuginfo] target(s) in 17.98s
