#0 building with "default" instance using docker driver

#1 [internal] load build definition from Dockerfile
#1 transferring dockerfile: 18.69kB done
#1 DONE 0.0s

#2 [internal] load metadata for docker.io/library/debian:trixie-slim
#2 DONE 0.0s

#3 [internal] load metadata for docker.io/library/rust:1.98-trixie
#3 DONE 0.0s

#4 [internal] load .dockerignore
#4 transferring context: 242B done
#4 DONE 0.0s

#5 [host 1/3] FROM docker.io/library/debian:trixie-slim
#5 DONE 0.0s

#6 [chef 1/4] FROM docker.io/library/rust:1.98-trixie
#6 DONE 0.0s

#7 [internal] load build context
#7 transferring context: 101.86kB 0.0s done
#7 DONE 0.1s

#8 [root-source 1/2] COPY .cargo/config.toml ./.cargo/config.toml
#8 CACHED

#9 [chef 3/4] WORKDIR /build
#9 CACHED

#10 [root-planner 3/7] COPY apps ./apps
#10 CACHED

#11 [root-planner 7/7] RUN cargo chef prepare --recipe-path root-recipe.json
#11 CACHED

#12 [cook-host 1/1] RUN --mount=type=cache,id=wamn-root-cargo-registry,target=/usr/local/cargo/registry,sharing=locked     --mount=type=cache,id=wamn-root-cargo-git,target=/usr/local/cargo/git,sharing=locked     --mount=type=cache,id=wamn-root-target,target=/build/target,sharing=locked     cargo chef cook --locked --release --recipe-path root-recipe.json -p wamn-host
#12 CACHED

#13 [root-recipe 3/3] COPY apps ./apps
#13 CACHED

#14 [host 2/3] RUN apt-get update && apt-get install -y --no-install-recommends ca-certificates && rm -rf /var/lib/apt/lists/*
#14 CACHED

#15 [root-planner 4/7] COPY services ./services
#15 CACHED

#16 [root-source 2/2] COPY deploy ./deploy
#16 CACHED

#17 [build-host 1/2] COPY --from=root-source /build /build
#17 CACHED

#18 [chef 2/4] RUN apt-get update && apt-get install -y --no-install-recommends clang mold protobuf-compiler libprotobuf-dev git && rm -rf /var/lib/apt/lists/*
#18 CACHED

#19 [chef 4/4] RUN --mount=type=cache,id=wamn-chef-cargo-registry,target=/usr/local/cargo/registry,sharing=locked     --mount=type=cache,id=wamn-chef-cargo-git,target=/usr/local/cargo/git,sharing=locked     cargo install cargo-chef --version 0.1.77 --locked
#19 CACHED

#20 [root-planner 2/7] COPY crates ./crates
#20 CACHED

#21 [root-planner 6/7] COPY tests ./tests
#21 CACHED

#22 [root-recipe 2/3] COPY --from=root-planner /build/root-recipe.json ./root-recipe.json
#22 CACHED

#23 [build-host 2/2] RUN --mount=type=cache,id=wamn-root-cargo-registry,target=/usr/local/cargo/registry,sharing=locked     --mount=type=cache,id=wamn-root-cargo-git,target=/usr/local/cargo/git,sharing=locked     --mount=type=cache,id=wamn-root-target,target=/build/target,sharing=locked     cargo build --locked --release -p wamn-host  && install -D -m 0755 target/release/wamn-host /native-output/wamn-host
#23 CACHED

#24 [root-recipe 1/3] COPY .cargo/config.toml ./.cargo/config.toml
#24 CACHED

#25 [root-planner 1/7] COPY Cargo.toml Cargo.lock ./
#25 CACHED

#26 [root-planner 5/7] COPY test-support ./test-support
#26 CACHED

#27 [host 3/3] COPY --from=build-host /native-output/wamn-host /usr/local/bin/wamn-host
#27 CACHED

#28 exporting to image
#28 exporting layers done
#28 writing image sha256:dca8a8a458fb3300bb88ffb8bb007f1eddf0ba5314476dfbfa78d2745d18f3d4 done
#28 naming to docker.io/library/wamn-host:wamn-receiving-ca36e6c706854528979aace4afa05313 0.0s done
#28 DONE 0.0s
#0 building with "default" instance using docker driver

#1 [internal] load build definition from Dockerfile
#1 transferring dockerfile: 18.69kB done
#1 DONE 0.0s

#2 [internal] load metadata for docker.io/library/rust:1.98-trixie
#2 DONE 0.0s

#3 [internal] load metadata for docker.io/library/debian:trixie-slim
#3 DONE 0.0s

#4 [internal] load .dockerignore
#4 transferring context: 242B done
#4 DONE 0.0s

#5 [host 1/3] FROM docker.io/library/debian:trixie-slim
#5 DONE 0.0s

#6 [chef 1/4] FROM docker.io/library/rust:1.98-trixie
#6 DONE 0.0s

#7 [internal] load build context
#7 transferring context: 101.86kB 0.1s done
#7 DONE 0.1s

#8 [cook-cdc-reader 1/1] RUN --mount=type=cache,id=wamn-root-cargo-registry,target=/usr/local/cargo/registry,sharing=locked     --mount=type=cache,id=wamn-root-cargo-git,target=/usr/local/cargo/git,sharing=locked     --mount=type=cache,id=wamn-root-target,target=/build/target,sharing=locked     cargo chef cook --locked --release --recipe-path root-recipe.json -p wamn-cdc-reader
#8 CACHED

#9 [chef 3/4] WORKDIR /build
#9 CACHED

#10 [build-cdc-reader 2/2] RUN --mount=type=cache,id=wamn-root-cargo-registry,target=/usr/local/cargo/registry,sharing=locked     --mount=type=cache,id=wamn-root-cargo-git,target=/usr/local/cargo/git,sharing=locked     --mount=type=cache,id=wamn-root-target,target=/build/target,sharing=locked     cargo build --locked --release -p wamn-cdc-reader  && install -D -m 0755 target/release/wamn-cdc-reader /native-output/wamn-cdc-reader
#10 CACHED

#11 [gates  8/10] COPY --from=component-builder /component-output/http_route.wasm /bench/http-route.wasm
#11 CACHED

#12 [build-host 1/2] COPY --from=root-source /build /build
#12 CACHED

#13 [root-planner 1/7] COPY Cargo.toml Cargo.lock ./
#13 CACHED

#14 [root-source 2/2] COPY deploy ./deploy
#14 CACHED

#15 [host 3/3] COPY --from=build-host /native-output/wamn-host /usr/local/bin/wamn-host
#15 CACHED

#16 [build-ctl 1/2] COPY --from=root-source /build /build
#16 CACHED

#17 [component-toolchain 4/6] COPY crates /build/crates
#17 CACHED

#18 [root-recipe 1/3] COPY .cargo/config.toml ./.cargo/config.toml
#18 CACHED

#19 [cook-ctl 1/1] RUN --mount=type=cache,id=wamn-root-cargo-registry,target=/usr/local/cargo/registry,sharing=locked     --mount=type=cache,id=wamn-root-cargo-git,target=/usr/local/cargo/git,sharing=locked     --mount=type=cache,id=wamn-root-target,target=/build/target,sharing=locked     cargo chef cook --locked --release --recipe-path root-recipe.json -p wamn-ctl
#19 CACHED

#20 [root-source 1/2] COPY .cargo/config.toml ./.cargo/config.toml
#20 CACHED

#21 [chef 4/4] RUN --mount=type=cache,id=wamn-chef-cargo-registry,target=/usr/local/cargo/registry,sharing=locked     --mount=type=cache,id=wamn-chef-cargo-git,target=/usr/local/cargo/git,sharing=locked     cargo install cargo-chef --version 0.1.77 --locked
#21 CACHED

#22 [root-recipe 3/3] COPY apps ./apps
#22 CACHED

#23 [root-planner 5/7] COPY test-support ./test-support
#23 CACHED

#24 [gates  2/10] COPY --from=build-ctl /native-output/wamn-ctl /usr/local/bin/wamn-ctl
#24 CACHED

#25 [host 2/3] RUN apt-get update && apt-get install -y --no-install-recommends ca-certificates && rm -rf /var/lib/apt/lists/*
#25 CACHED

#26 [root-recipe 2/3] COPY --from=root-planner /build/root-recipe.json ./root-recipe.json
#26 CACHED

#27 [gates  7/10] COPY --from=component-builder /component-output/sockprobe.wasm /bench/sockprobe.wasm
#27 CACHED

#28 [root-planner 7/7] RUN cargo chef prepare --recipe-path root-recipe.json
#28 CACHED

#29 [gates  1/10] COPY --from=build-gates /native-output/wamn-gates /usr/local/bin/wamn-gates
#29 CACHED

#30 [root-planner 4/7] COPY services ./services
#30 CACHED

#31 [cook-dispatcher 1/1] RUN --mount=type=cache,id=wamn-root-cargo-registry,target=/usr/local/cargo/registry,sharing=locked     --mount=type=cache,id=wamn-root-cargo-git,target=/usr/local/cargo/git,sharing=locked     --mount=type=cache,id=wamn-root-target,target=/build/target,sharing=locked     cargo chef cook --locked --release --recipe-path root-recipe.json -p wamn-dispatcher
#31 CACHED

#32 [gates  5/10] COPY --from=build-dispatcher /native-output/wamn-dispatcher /usr/local/bin/wamn-dispatcher
#32 CACHED

#33 [root-planner 2/7] COPY crates ./crates
#33 CACHED

#34 [component-toolchain 2/6] COPY .cargo/config.toml /build/.cargo/config.toml
#34 CACHED

#35 [component-toolchain 3/6] COPY Cargo.toml /build/Cargo.toml
#35 CACHED

#36 [root-planner 6/7] COPY tests ./tests
#36 CACHED

#37 [build-ctl 2/2] RUN --mount=type=cache,id=wamn-root-cargo-registry,target=/usr/local/cargo/registry,sharing=locked     --mount=type=cache,id=wamn-root-cargo-git,target=/usr/local/cargo/git,sharing=locked     --mount=type=cache,id=wamn-root-target,target=/build/target,sharing=locked     cargo build --locked --release -p wamn-ctl  && cargo build --locked --release -p wamn-ctl --features ops --bin wamn-ctl-ops  && install -D -m 0755 target/release/wamn-ctl /native-output/wamn-ctl  && install -D -m 0755 target/release/wamn-ctl-ops /native-output/wamn-ctl-ops
#37 CACHED

#38 [build-cdc-reader 1/2] COPY --from=root-source /build /build
#38 CACHED

#39 [build-dispatcher 2/2] RUN --mount=type=cache,id=wamn-root-cargo-registry,target=/usr/local/cargo/registry,sharing=locked     --mount=type=cache,id=wamn-root-cargo-git,target=/usr/local/cargo/git,sharing=locked     --mount=type=cache,id=wamn-root-target,target=/build/target,sharing=locked     cargo build --locked --release -p wamn-dispatcher  && install -D -m 0755 target/release/wamn-dispatcher /native-output/wamn-dispatcher
#39 CACHED

#40 [gates  3/10] COPY --from=build-ctl /native-output/wamn-ctl-ops /usr/local/bin/wamn-ctl-ops
#40 CACHED

#41 [component-toolchain 5/6] COPY apps /build/apps
#41 CACHED

#42 [component-toolchain 6/6] WORKDIR /build/apps
#42 CACHED

#43 [gates  6/10] COPY --from=component-builder /component-output/busyloop.wasm /bench/busyloop.wasm
#43 CACHED

#44 [root-planner 3/7] COPY apps ./apps
#44 CACHED

#45 [gates  9/10] COPY --from=component-builder /component-output/materializer.wasm /bench/materializer.wasm
#45 CACHED

#46 [component-toolchain 1/6] RUN rustup target add --toolchain 1.97.0 wasm32-wasip2  && rustup toolchain install 1.98.0 --profile minimal --target wasm32-wasip2
#46 CACHED

#47 [cook-host 1/1] RUN --mount=type=cache,id=wamn-root-cargo-registry,target=/usr/local/cargo/registry,sharing=locked     --mount=type=cache,id=wamn-root-cargo-git,target=/usr/local/cargo/git,sharing=locked     --mount=type=cache,id=wamn-root-target,target=/build/target,sharing=locked     cargo chef cook --locked --release --recipe-path root-recipe.json -p wamn-host
#47 CACHED

#48 [build-host 2/2] RUN --mount=type=cache,id=wamn-root-cargo-registry,target=/usr/local/cargo/registry,sharing=locked     --mount=type=cache,id=wamn-root-cargo-git,target=/usr/local/cargo/git,sharing=locked     --mount=type=cache,id=wamn-root-target,target=/build/target,sharing=locked     cargo build --locked --release -p wamn-host  && install -D -m 0755 target/release/wamn-host /native-output/wamn-host
#48 CACHED

#49 [gates  4/10] COPY --from=build-cdc-reader /native-output/wamn-cdc-reader /usr/local/bin/wamn-cdc-reader
#49 CACHED

#50 [build-dispatcher 1/2] COPY --from=root-source /build /build
#50 CACHED

#51 [component-builder 1/1] RUN --mount=type=cache,id=wamn-component-cargo-registry,target=/usr/local/cargo/registry,sharing=locked     --mount=type=cache,id=wamn-component-cargo-git,target=/usr/local/cargo/git,sharing=locked     --mount=type=cache,id=wamn-component-target,target=/build/apps/target,sharing=locked     cargo +1.97.0 build --locked --release --target wasm32-wasip2       -p http-route  && cargo +1.98.0 build --locked --release --target wasm32-wasip2       -p materializer  && cargo +1.97.0 build --locked --release --target wasm32-wasip2       -p busyloop  && cargo +1.97.0 build --locked --release --target wasm32-wasip2       -p connection-http-standard  && cargo +1.97.0 build --locked --release --target wasm32-wasip2       -p sockprobe  && install -d /component-output  && for artifact in       http_route materializer       busyloop connection_http_standard sockprobe; do       install -m 0644 "target/wasm32-wasip2/release/${artifact}.wasm"         "/component-output/${artifact}.wasm";     done
#51 CACHED

#52 [chef 2/4] RUN apt-get update && apt-get install -y --no-install-recommends clang mold protobuf-compiler libprotobuf-dev git && rm -rf /var/lib/apt/lists/*
#52 CACHED

#53 [build-gates 1/1] RUN --mount=type=cache,id=wamn-root-cargo-registry,target=/usr/local/cargo/registry,sharing=locked     --mount=type=cache,id=wamn-root-cargo-git,target=/usr/local/cargo/git,sharing=locked     --mount=type=cache,id=wamn-root-target,target=/build/target,sharing=locked     cargo build --locked --release -p wamn-gates  && install -D -m 0755 target/release/wamn-gates /native-output/wamn-gates
#53 CACHED

#54 [gates 10/10] COPY --from=component-builder /component-output/connection_http_standard.wasm /bench/connection-http-standard.wasm
#54 CACHED

#55 exporting to image
#55 exporting layers done
#55 writing image sha256:970a42ad633b84894986ab52c4c061c89c6f9c459f8263212ec4b997a7142734 0.0s done
#55 naming to docker.io/library/wamn-gates:wamn-receiving-ca36e6c706854528979aace4afa05313
#55 naming to docker.io/library/wamn-gates:wamn-receiving-ca36e6c706854528979aace4afa05313 0.0s done
#55 DONE 0.0s
