2026-09-05T02:48:28.371317259Z 2026-09-05T02:48:28.371197Z  INFO connected to NATS
2026-09-05T02:48:28.533620950Z 2026-09-05T02:48:28.533507Z  INFO wiring activation doorbell listening; dropped every cached pointer channel="wamn_wiring_activation" dropped=0
2026-09-05T02:48:28.871842944Z 2026-09-05T02:48:28.871697Z  INFO release component pull completed component_digest=sha256:ae12741669b22abbc09b72f4243c83e996c15c46a5b3d925cbd1cf11d4355715 component_bytes=466014 elapsed_ms=104
2026-09-05T02:48:28.877158106Z 2026-09-05T02:48:28.877036Z  INFO release component pull completed component_digest=sha256:43fcb1f18e8e9d6be3ea0a84b838a400e5a179665dc4019914a5076d14e03b7d component_bytes=669593 elapsed_ms=110
2026-09-05T02:48:28.907326451Z 2026-09-05T02:48:28.907150Z  INFO release component compilation completed component_digest=sha256:ae12741669b22abbc09b72f4243c83e996c15c46a5b3d925cbd1cf11d4355715 compile_ms=35 compile_wall_ms=35
2026-09-05T02:48:28.920877221Z 2026-09-05T02:48:28.920756Z  INFO release component compilation completed component_digest=sha256:43fcb1f18e8e9d6be3ea0a84b838a400e5a179665dc4019914a5076d14e03b7d compile_ms=43 compile_wall_ms=43
2026-09-05T02:48:28.922244850Z 2026-09-05T02:48:28.922160Z  WARN wamn.component.linker_setup:wamn.linker.plugins: component imports wamn:postgres but sets no wamn.tenant; calls will be refused component="dfc0eefd-a0fc-4fe2-948b-0dd36d3a48f4"
2026-09-05T02:48:28.925825603Z 2026-09-05T02:48:28.925713Z  INFO release component instantiation completed component_digest=sha256:43fcb1f18e8e9d6be3ea0a84b838a400e5a179665dc4019914a5076d14e03b7d elapsed_ms=4 total_elapsed_ms=159
2026-09-05T02:48:28.927475594Z 2026-09-05T02:48:28.927368Z  WARN wamn.component.linker_setup:wamn.linker.plugins: component imports wamn:postgres but sets no wamn.tenant; calls will be refused component="4cd2caea-2c4c-465c-b1ea-f7cb18117c2a"
2026-09-05T02:48:28.934490115Z 2026-09-05T02:48:28.934325Z  INFO release component instantiation completed component_digest=sha256:ae12741669b22abbc09b72f4243c83e996c15c46a5b3d925cbd1cf11d4355715 elapsed_ms=8 total_elapsed_ms=167
2026-09-05T02:48:28.934613511Z 2026-09-05T02:48:28.934540Z  INFO synchronous release preload completed synchronous_wirings=13 component_digests=2 elapsed_ms=463
2026-09-05T02:48:28.934925749Z 2026-09-05T02:48:28.934842Z  INFO release preload completed; component cache warm
2026-09-05T02:48:28.973735794Z 2026-09-05T02:48:28.973592Z  INFO wamn-host starting (base plugins: wasi:config, wamn:logging, wasi:otel, wamn:postgres, wamn:jetstream, wamn:flow-http-routing) router_delivery=true
2026-09-05T02:48:28.973802365Z 2026-09-05T02:48:28.973676Z  INFO wamn-host welded to its release effective_release_id=1 manifest_digest=sha256:117166d61dfa9792bcf8ac73d5079672be54e4007f43534cfe6dd487ce384911
2026-09-05T02:48:28.973857980Z 2026-09-05T02:48:28.973800Z  INFO HTTP server listening addr=0.0.0.0:80 protocol="HTTP"
2026-09-05T02:48:28.973962810Z 2026-09-05T02:48:28.973916Z  INFO Starting WASI OTel plugin endpoint=http://otel-collector.wamn-system.svc.cluster.local:4317 protocol="grpc"
2026-09-05T02:48:28.975800907Z 2026-09-05T02:48:28.975022Z  INFO WASI OTel plugin started
2026-09-05T02:48:28.975842950Z 2026-09-05T02:48:28.975138Z  INFO Host started host_id="a0a8a618-683c-4bec-990f-eaa35b716188" friendly_name="victorious-dime-9172" host_name="10.244.2.5" labels={"hostgroup": "default"} version="2.8.0"
2026-09-05T02:48:28.976033883Z 2026-09-05T02:48:28.975940Z  INFO Host provides interfaces count=10 interfaces=["wasi:cli/stdout,terminal-stderr,environment,exit,terminal-stdin,terminal-input,stdin,terminal-stdout,terminal-output,stderr@0.2.0", "wasi:clocks/wall-clock,monotonic-clock@0.2.0", "wasi:clocks/monotonic-clock,wall-time@0.2.0", "wasi:filesystem/types,preopens@0.2.0", "wasi:http/outgoing-handler,incoming-handler,types@0.2.0", "wasi:http/types,handler@0.3.0", "wasi:io/streams,poll,error@0.2.0", "wasi:random/random@0.2.0", "wasi:random/insecure,random,insecure-seed@0.2.0", "wasi:sockets/network,udp-create-socket,udp,ip-name-lookup,tcp-create-socket,instance-network,tcp@0.2.0"]
2026-09-05T02:48:28.976107257Z 2026-09-05T02:48:28.976055Z  INFO wamn-host runtime startup completed elapsed_ms=928
