2026-09-05T02:47:57.094534809Z 2026-09-05T02:47:57.094438Z  INFO connected to NATS
2026-09-05T02:47:57.260557897Z 2026-09-05T02:47:57.260438Z  INFO wiring activation doorbell listening; dropped every cached pointer channel="wamn_wiring_activation" dropped=0
2026-09-05T02:47:57.542615769Z 2026-09-05T02:47:57.542493Z  INFO release component pull completed component_digest=sha256:ae12741669b22abbc09b72f4243c83e996c15c46a5b3d925cbd1cf11d4355715 component_bytes=466014 elapsed_ms=107
2026-09-05T02:47:57.547511732Z 2026-09-05T02:47:57.547421Z  INFO release component pull completed component_digest=sha256:43fcb1f18e8e9d6be3ea0a84b838a400e5a179665dc4019914a5076d14e03b7d component_bytes=669593 elapsed_ms=112
2026-09-05T02:48:10.387430991Z 2026-09-05T02:48:10.387308Z  INFO release component compilation completed component_digest=sha256:ae12741669b22abbc09b72f4243c83e996c15c46a5b3d925cbd1cf11d4355715 compile_ms=12844 compile_wall_ms=12844
2026-09-05T02:48:15.421535662Z 2026-09-05T02:48:15.421376Z  INFO release component compilation completed component_digest=sha256:43fcb1f18e8e9d6be3ea0a84b838a400e5a179665dc4019914a5076d14e03b7d compile_ms=17873 compile_wall_ms=17873
2026-09-05T02:48:15.422935580Z 2026-09-05T02:48:15.422830Z  WARN wamn.component.linker_setup:wamn.linker.plugins: component imports wamn:postgres but sets no wamn.tenant; calls will be refused component="e644e077-3d8c-4409-99ab-00c56e9a469b"
2026-09-05T02:48:15.426936145Z 2026-09-05T02:48:15.426828Z  INFO release component instantiation completed component_digest=sha256:43fcb1f18e8e9d6be3ea0a84b838a400e5a179665dc4019914a5076d14e03b7d elapsed_ms=5 total_elapsed_ms=17992
2026-09-05T02:48:15.428316492Z 2026-09-05T02:48:15.428231Z  WARN wamn.component.linker_setup:wamn.linker.plugins: component imports wamn:postgres but sets no wamn.tenant; calls will be refused component="9a61f8f9-3f39-4b2c-b34d-f143a6f5c803"
2026-09-05T02:48:15.431385855Z 2026-09-05T02:48:15.431270Z  INFO release component instantiation completed component_digest=sha256:ae12741669b22abbc09b72f4243c83e996c15c46a5b3d925cbd1cf11d4355715 elapsed_ms=4 total_elapsed_ms=17996
2026-09-05T02:48:15.431488013Z 2026-09-05T02:48:15.431414Z  INFO synchronous release preload completed synchronous_wirings=13 component_digests=2 elapsed_ms=18233
2026-09-05T02:48:15.431756833Z 2026-09-05T02:48:15.431692Z  INFO release preload completed; component cache warm
2026-09-05T02:48:15.462387533Z 2026-09-05T02:48:15.462287Z  INFO wamn-host starting (base plugins: wasi:config, wamn:logging, wasi:otel, wamn:postgres, wamn:jetstream, wamn:flow-http-routing) router_delivery=true
2026-09-05T02:48:15.462416953Z 2026-09-05T02:48:15.462357Z  INFO wamn-host welded to its release effective_release_id=1 manifest_digest=sha256:117166d61dfa9792bcf8ac73d5079672be54e4007f43534cfe6dd487ce384911
2026-09-05T02:48:15.462456068Z 2026-09-05T02:48:15.462420Z  INFO HTTP server listening addr=0.0.0.0:80 protocol="HTTP"
2026-09-05T02:48:15.462539924Z 2026-09-05T02:48:15.462498Z  INFO Starting WASI OTel plugin endpoint=http://otel-collector.wamn-system.svc.cluster.local:4317 protocol="grpc"
2026-09-05T02:48:15.463507497Z 2026-09-05T02:48:15.463442Z  INFO WASI OTel plugin started
2026-09-05T02:48:15.463571798Z 2026-09-05T02:48:15.463530Z  INFO Host started host_id="d856c510-afe6-4d35-8925-ba12d3593a71" friendly_name="strange-apple-1872" host_name="10.244.2.5" labels={"hostgroup": "default"} version="2.8.0"
2026-09-05T02:48:15.464065311Z 2026-09-05T02:48:15.463987Z  INFO Host provides interfaces count=10 interfaces=["wasi:cli/terminal-stdout,exit,stdin,stdout,stderr,environment,terminal-input,terminal-output,terminal-stdin,terminal-stderr@0.2.0", "wasi:clocks/wall-time,monotonic-clock@0.2.0", "wasi:clocks/wall-clock,monotonic-clock@0.2.0", "wasi:filesystem/preopens,types@0.2.0", "wasi:http/incoming-handler,types,outgoing-handler@0.2.0", "wasi:http/handler,types@0.3.0", "wasi:io/error,streams,poll@0.2.0", "wasi:random/random@0.2.0", "wasi:random/insecure,random,insecure-seed@0.2.0", "wasi:sockets/udp-create-socket,network,tcp,tcp-create-socket,udp,instance-network,ip-name-lookup@0.2.0"]
2026-09-05T02:48:15.464091353Z 2026-09-05T02:48:15.464070Z  INFO wamn-host runtime startup completed elapsed_ms=18725
