2026-09-10T12:39:11Z env CARGO_TARGET_DIR=/home/kaalin/.cache/wamn-lanes/generated-tui-20260908/target RUSTC_WRAPPER= /home/kaalin/.cache/wamn-lanes/generated-tui-20260908/tools/build-components m1 
2026-09-10T12:39:20Z env CARGO_TARGET_DIR=/home/kaalin/.cache/wamn-lanes/generated-tui-20260908/target RUSTC_WRAPPER= cargo build --locked -p wamn-host -p wamn-ctl -p wamn-cdc-reader -p wamn-scenario-worker 
2026-09-10T12:39:24Z env CARGO_TARGET_DIR=/home/kaalin/.cache/wamn-lanes/generated-tui-20260908/target RUSTC_WRAPPER= cargo build --locked --offline -p wamn-client-terminal --example wms_move 
2026-09-10T12:39:25Z docker build --platform=linux/amd64 --provenance=false --file /tmp/tmp.GD0Zt7TTJ3/host-image/Dockerfile --tag wamn-host:wms-a0cfbdea802e-1318114-debug /tmp/tmp.GD0Zt7TTJ3/host-image 
2026-09-10T12:39:27Z kind create cluster --name wamn-wms-journey --config /tmp/tmp.GD0Zt7TTJ3/kind-config.yaml --kubeconfig /tmp/tmp.GD0Zt7TTJ3/kubeconfig 
2026-09-10T12:39:48Z kubectl --kubeconfig /tmp/tmp.GD0Zt7TTJ3/kubeconfig --context kind-wamn-wms-journey wait --for=condition=Ready nodes --all --timeout=180s 
2026-09-10T12:40:01Z kubectl --kubeconfig /tmp/tmp.GD0Zt7TTJ3/kubeconfig --context kind-wamn-wms-journey create namespace wamn-wms-journey 
2026-09-10T12:40:01Z kind load docker-image wamn-host:wms-a0cfbdea802e-1318114-debug --name wamn-wms-journey 
2026-09-10T12:40:16Z htpasswd \<credential-bearing\ arguments\ redacted\> 
2026-09-10T12:40:20Z postgres \<credential-bearing\ arguments\ redacted\> 
2026-09-10T12:40:20Z docker run --detach --name wamn-wms-registry-a0cfbdea802e-1318114 --network kind --env REGISTRY_AUTH=htpasswd --env REGISTRY_AUTH_HTPASSWD_REALM=WAMN\ WMS\ cluster\ journey --env REGISTRY_AUTH_HTPASSWD_PATH=/auth/htpasswd --volume /tmp/tmp.GD0Zt7TTJ3/htpasswd:/auth/htpasswd:ro registry:2 
2026-09-10T12:40:21Z docker run --detach --name wamn-wms-nats-a0cfbdea802e-1318114 --network kind nats:2.10-alpine --jetstream --store_dir /data --http_port 8222 
2026-09-10T12:40:21Z minio \<credential-bearing\ arguments\ redacted\> 
2026-09-10T12:40:24Z minio-bucket \<credential-bearing\ arguments\ redacted\> 
2026-09-10T12:40:24Z install-control-owner \<credential-bearing\ arguments\ redacted\> 
2026-09-10T12:40:24Z install-control-store \<credential-bearing\ arguments\ redacted\> 
2026-09-10T12:40:25Z converge-public-floor \<credential-bearing\ arguments\ redacted\> 
2026-09-10T12:40:25Z provision-org \<credential-bearing\ arguments\ redacted\> 
2026-09-10T12:40:25Z provision-project-env \<credential-bearing\ arguments\ redacted\> 
2026-09-10T12:40:25Z apply-role-sql \<credential-bearing\ arguments\ redacted\> 
2026-09-10T12:40:25Z create-project-database \<credential-bearing\ arguments\ redacted\> 
2026-09-10T12:40:25Z apply-privilege-sql \<credential-bearing\ arguments\ redacted\> 
2026-09-10T12:40:25Z install-catalog-schema \<credential-bearing\ arguments\ redacted\> 
2026-09-10T12:40:25Z install-app-schema \<credential-bearing\ arguments\ redacted\> 
2026-09-10T12:40:25Z reconcile-run-plane \<credential-bearing\ arguments\ redacted\> 
2026-09-10T12:40:25Z prepare-guest \<credential-bearing\ arguments\ redacted\> 
2026-09-10T12:40:26Z prepare-executor-platform \<credential-bearing\ arguments\ redacted\> 
2026-09-10T12:40:27Z prepare-event-materializer \<credential-bearing\ arguments\ redacted\> 
2026-09-10T12:40:28Z prepare-http-admitter \<credential-bearing\ arguments\ redacted\> 
2026-09-10T12:40:28Z prepare-identity-reader \<credential-bearing\ arguments\ redacted\> 
2026-09-10T12:40:29Z prepare-control-author \<credential-bearing\ arguments\ redacted\> 
2026-09-10T12:40:30Z prepare-management-admitter \<credential-bearing\ arguments\ redacted\> 
2026-09-10T12:40:30Z apply-package \<credential-bearing\ arguments\ redacted\> 
2026-09-10T12:40:31Z reconcile-package-data-access \<credential-bearing\ arguments\ redacted\> 
2026-09-10T12:40:31Z push-component\ wms \<credential-bearing\ arguments\ redacted\> 
2026-09-10T12:40:35Z push-component\ label-render \<credential-bearing\ arguments\ redacted\> 
2026-09-10T12:40:36Z push-component\ blob-put \<credential-bearing\ arguments\ redacted\> 
2026-09-10T12:40:40Z author-wiring\ inventory_adjust \<credential-bearing\ arguments\ redacted\> 
2026-09-10T12:40:40Z author-wiring\ inventory_aggregate \<credential-bearing\ arguments\ redacted\> 
2026-09-10T12:40:40Z author-wiring\ inventory_merge \<credential-bearing\ arguments\ redacted\> 
2026-09-10T12:40:40Z author-wiring\ inventory_move \<credential-bearing\ arguments\ redacted\> 
2026-09-10T12:40:40Z author-wiring\ inventory_move_and_label \<credential-bearing\ arguments\ redacted\> 
2026-09-10T12:40:41Z author-wiring\ inventory_split \<credential-bearing\ arguments\ redacted\> 
2026-09-10T12:40:41Z author-wiring\ pallet_get \<credential-bearing\ arguments\ redacted\> 
2026-09-10T12:40:41Z author-wiring\ pallet_query \<credential-bearing\ arguments\ redacted\> 
2026-09-10T12:40:41Z publish-release \<credential-bearing\ arguments\ redacted\> 
2026-09-10T12:40:41Z bind-connection \<credential-bearing\ arguments\ redacted\> 
2026-09-10T12:40:41Z push-release-manifest \<credential-bearing\ arguments\ redacted\> 
2026-09-10T12:40:42Z seed-fixture-rows \<credential-bearing\ arguments\ redacted\> 
2026-09-10T12:40:42Z kubectl --kubeconfig /tmp/tmp.GD0Zt7TTJ3/kubeconfig --context kind-wamn-wms-journey apply -f /tmp/tmp.GD0Zt7TTJ3/route-caller-pat-kube.json 
2026-09-10T12:40:42Z env DOCKER_CONFIG=\<private-registry-directory\> /home/kaalin/.cache/wamn-lanes/generated-tui-20260908/.tools/wash/2.9.0/wash -o json oci push --insecure 172.28.0.9:5000/wamn/flow-http:wms-a0cfbdea802e-1318114-debug /home/kaalin/.cache/wamn-lanes/generated-tui-20260908/target/wasm32-wasip2/release/http_route.wasm 
2026-09-10T12:40:42Z env DOCKER_CONFIG=\<private-registry-directory\> /home/kaalin/.cache/wamn-lanes/generated-tui-20260908/.tools/wash/2.9.0/wash -o json oci push --insecure 172.28.0.9:5000/wamn/materializer:wms-a0cfbdea802e-1318114-debug /home/kaalin/.cache/wamn-lanes/generated-tui-20260908/target/wasm32-wasip2/release/materializer.wasm 
2026-09-10T12:40:43Z enable-cdc-project-env \<credential-bearing\ arguments\ redacted\> 
2026-09-10T12:40:43Z apply-cdc-role \<credential-bearing\ arguments\ redacted\> 
2026-09-10T12:40:43Z apply-cdc-stream \<credential-bearing\ arguments\ redacted\> 
2026-09-10T12:40:43Z prepare-registry-reader \<credential-bearing\ arguments\ redacted\> 
2026-09-10T12:40:44Z env WAMN_SYSTEM_URL=\<registry-reader\ credential\ redacted\> WAMN_CDC_URL=\<replication\ credential\ redacted\> /home/kaalin/.cache/wamn-lanes/generated-tui-20260908/target/debug/wamn-cdc-reader --log-level info --org acme --project wms --env dev --nats-url nats://172.28.0.10:4222 --sslmode disable --stream-replicas 1 --dup-window-secs 120 --feedback-secs 1 --stall-threshold-secs 30 --slot-poll-secs 0 --slot-safe-wal-warn-bytes 268435456 
2026-09-10T12:40:45Z print-release-env \<credential-bearing\ arguments\ redacted\> 
2026-09-10T12:40:45Z kubectl --kubeconfig /tmp/tmp.GD0Zt7TTJ3/kubeconfig --context kind-wamn-wms-journey apply -f /tmp/tmp.GD0Zt7TTJ3/host-secrets/guest-sql.json 
2026-09-10T12:40:45Z kubectl --kubeconfig /tmp/tmp.GD0Zt7TTJ3/kubeconfig --context kind-wamn-wms-journey apply -f /tmp/tmp.GD0Zt7TTJ3/host-secrets/executor-platform.json 
2026-09-10T12:40:45Z kubectl --kubeconfig /tmp/tmp.GD0Zt7TTJ3/kubeconfig --context kind-wamn-wms-journey apply -f /tmp/tmp.GD0Zt7TTJ3/host-secrets/identity-reader.json 
2026-09-10T12:40:45Z kubectl --kubeconfig /tmp/tmp.GD0Zt7TTJ3/kubeconfig --context kind-wamn-wms-journey apply -f /tmp/tmp.GD0Zt7TTJ3/host-secrets/http-admitter.json 
2026-09-10T12:40:45Z kubectl --kubeconfig /tmp/tmp.GD0Zt7TTJ3/kubeconfig --context kind-wamn-wms-journey apply -f /tmp/tmp.GD0Zt7TTJ3/host-secrets/event-materializer.json 
2026-09-10T12:40:45Z apply-credentials-secret \<credential-bearing\ arguments\ redacted\> 
2026-09-10T12:40:45Z kubectl --kubeconfig /tmp/tmp.GD0Zt7TTJ3/kubeconfig --context kind-wamn-wms-journey -n wamn-wms-journey create secret generic wamn-registry-pull --type=kubernetes.io/dockerconfigjson --from-file=.dockerconfigjson=\<redacted\> --dry-run=client -o yaml 
2026-09-10T12:40:45Z kubectl --kubeconfig /tmp/tmp.GD0Zt7TTJ3/kubeconfig --context kind-wamn-wms-journey apply -f /tmp/tmp.GD0Zt7TTJ3/registry-pull.yaml 
2026-09-10T12:40:45Z kubectl --kubeconfig /tmp/tmp.GD0Zt7TTJ3/kubeconfig --context kind-wamn-wms-journey apply -f /home/kaalin/.cache/wamn-lanes/generated-tui-20260908/deploy/infra/cert-manager.yaml 
2026-09-10T12:40:47Z kubectl --kubeconfig /tmp/tmp.GD0Zt7TTJ3/kubeconfig --context kind-wamn-wms-journey -n cert-manager wait --for=condition=Available deployment --all --timeout=240s 
2026-09-10T12:40:58Z helm upgrade --install --create-namespace --kubeconfig /tmp/tmp.GD0Zt7TTJ3/kubeconfig --kube-context kind-wamn-wms-journey --namespace wamn-system wamn oci://ghcr.io/wasmcloud/charts/runtime-operator --version 2.9.0 -f /home/kaalin/.cache/wamn-lanes/generated-tui-20260908/deploy/infra/values-wamn.yaml -f /tmp/tmp.GD0Zt7TTJ3/operator-values.yaml --wait --timeout 5m 
2026-09-10T12:41:41Z kubectl --kubeconfig /tmp/tmp.GD0Zt7TTJ3/kubeconfig --context kind-wamn-wms-journey -n wamn-system get deployment runtime-operator -o json 
2026-09-10T12:41:42Z kubectl --kubeconfig /tmp/tmp.GD0Zt7TTJ3/kubeconfig --context kind-wamn-wms-journey apply -f /tmp/tmp.GD0Zt7TTJ3/runtime-operator-events-rbac.yaml 
2026-09-10T12:41:42Z kubectl --kubeconfig /tmp/tmp.GD0Zt7TTJ3/kubeconfig --context kind-wamn-wms-journey -n wamn-wms-journey get role wamn-runtime-operator-events -o json 
2026-09-10T12:41:42Z kubectl --kubeconfig /tmp/tmp.GD0Zt7TTJ3/kubeconfig --context kind-wamn-wms-journey -n wamn-wms-journey get rolebinding wamn-runtime-operator-events -o json 
2026-09-10T12:41:42Z kubectl --kubeconfig /tmp/tmp.GD0Zt7TTJ3/kubeconfig --context kind-wamn-wms-journey apply -f /home/kaalin/.cache/wamn-lanes/generated-tui-20260908/deploy/infra/tempo.yaml 
2026-09-10T12:41:42Z kubectl --kubeconfig /tmp/tmp.GD0Zt7TTJ3/kubeconfig --context kind-wamn-wms-journey apply -f /home/kaalin/.cache/wamn-lanes/generated-tui-20260908/deploy/infra/otel-collector.yaml 
2026-09-10T12:41:42Z kubectl --kubeconfig /tmp/tmp.GD0Zt7TTJ3/kubeconfig --context kind-wamn-wms-journey -n wamn-system wait --for=condition=Available deployment/tempo deployment/otel-collector --timeout=120s 
2026-09-10T12:41:51Z kubectl --kubeconfig /tmp/tmp.GD0Zt7TTJ3/kubeconfig --context kind-wamn-wms-journey apply -f /tmp/tmp.GD0Zt7TTJ3/wasmcloud-ca-copy.json 
2026-09-10T12:41:51Z kubectl --kubeconfig /tmp/tmp.GD0Zt7TTJ3/kubeconfig --context kind-wamn-wms-journey apply -f /home/kaalin/.cache/wamn-lanes/generated-tui-20260908/deploy/infra/wasmcloud-ca-issuer.yaml 
2026-09-10T12:41:51Z kubectl --kubeconfig /tmp/tmp.GD0Zt7TTJ3/kubeconfig --context kind-wamn-wms-journey wait --for=condition=Ready clusterissuer/wasmcloud-ca --timeout=60s 
2026-09-10T12:41:52Z kubectl --kubeconfig /tmp/tmp.GD0Zt7TTJ3/kubeconfig --context kind-wamn-wms-journey apply -f /tmp/tmp.GD0Zt7TTJ3/host-environment-certs.yaml 
2026-09-10T12:41:52Z kubectl --kubeconfig /tmp/tmp.GD0Zt7TTJ3/kubeconfig --context kind-wamn-wms-journey -n wamn-wms-journey wait --for=condition=Ready certificate/wasmcloud-runtime-tls certificate/wasmcloud-data-tls --timeout=120s 
2026-09-10T12:41:52Z helm upgrade --install --kubeconfig /tmp/tmp.GD0Zt7TTJ3/kubeconfig --kube-context kind-wamn-wms-journey --namespace wamn-wms-journey wamn-host oci://ghcr.io/wasmcloud/charts/runtime-operator --version 2.9.0 -f /tmp/tmp.GD0Zt7TTJ3/host-base.yaml -f /tmp/tmp.GD0Zt7TTJ3/host-overlay.yaml --wait --timeout 5m 
2026-09-10T12:42:19Z kubectl --kubeconfig /tmp/tmp.GD0Zt7TTJ3/kubeconfig --context kind-wamn-wms-journey -n wamn-wms-journey rollout status deployment/hostgroup-default --timeout=240s 
2026-09-10T12:42:19Z kubectl --kubeconfig /tmp/tmp.GD0Zt7TTJ3/kubeconfig --context kind-wamn-wms-journey apply -f /tmp/tmp.GD0Zt7TTJ3/flow-http.yaml 
2026-09-10T12:42:19Z kubectl --kubeconfig /tmp/tmp.GD0Zt7TTJ3/kubeconfig --context kind-wamn-wms-journey -n wamn-wms-journey wait --for=condition=Ready workloaddeployment/flow-http --timeout=240s 
2026-09-10T12:42:25Z kubectl --kubeconfig /tmp/tmp.GD0Zt7TTJ3/kubeconfig --context kind-wamn-wms-journey apply -f /tmp/tmp.GD0Zt7TTJ3/flow-http-reachability.yaml 
2026-09-10T12:42:25Z kubectl --kubeconfig /tmp/tmp.GD0Zt7TTJ3/kubeconfig --context kind-wamn-wms-journey -n wamn-wms-journey wait --for=condition=Complete job/flow-http-reachability --timeout=90s 
2026-09-10T12:42:28Z kubectl --kubeconfig /tmp/tmp.GD0Zt7TTJ3/kubeconfig --context kind-wamn-wms-journey apply -f /tmp/tmp.GD0Zt7TTJ3/flow-http-nodeport.yaml 
2026-09-10T12:42:30Z cargo test wms_runtime_live::contention_and_replay_through_the_composed_route \<journey\ document\ with\ the\ runtime\ phase\ redacted\> 
2026-09-10T12:42:34Z cargo test wms_runtime_live::the_remaining_operations_serve_their_released_routes \<journey\ document\ with\ the\ runtime\ phase\ redacted\> 
2026-09-10T12:42:35Z python3 /home/kaalin/.cache/wamn-lanes/generated-tui-20260908/docs/perf/2026.09/generated-tui-wms/tools/wms_pty.py --binary /home/kaalin/.cache/wamn-lanes/generated-tui-20260908/target/debug/examples/wms_move --operator-pat-file /tmp/tmp.GD0Zt7TTJ3/generated-tui-pat --target-postgres-url-file /tmp/tmp.GD0Zt7TTJ3/generated-tui-database-url --endpoint http://172.28.0.6:31023 --host wms.localhost --target-instance 96763804-bda4-4d63-9cef-a3c54c27e3e2 --mode success --evidence-dir /home/kaalin/dev/wamn/docs/perf/2026.09/generated-tui-recipe/run-001/wms-composition/generated-tui-success 
2026-09-10T12:42:38Z read-generated-tui-label \<credential-bearing\ arguments\ redacted\> 
2026-09-10T12:42:38Z remove-partial-labels-bucket \<credential-bearing\ arguments\ redacted\> 
2026-09-10T12:42:39Z python3 /home/kaalin/.cache/wamn-lanes/generated-tui-20260908/docs/perf/2026.09/generated-tui-wms/tools/wms_pty.py --binary /home/kaalin/.cache/wamn-lanes/generated-tui-20260908/target/debug/examples/wms_move --operator-pat-file /tmp/tmp.GD0Zt7TTJ3/generated-tui-pat --target-postgres-url-file /tmp/tmp.GD0Zt7TTJ3/generated-tui-database-url --endpoint http://172.28.0.6:31023 --host wms.localhost --target-instance 96763804-bda4-4d63-9cef-a3c54c27e3e2 --mode partial --evidence-dir /home/kaalin/dev/wamn/docs/perf/2026.09/generated-tui-recipe/run-001/wms-composition/generated-tui-partial 
2026-09-10T12:42:41Z cargo test wms_runtime_live::committed_move_survives_label_store_failure \<journey\ document\ with\ the\ runtime\ phase\ redacted\> 
2026-09-10T12:42:42Z restore-partial-labels-bucket \<credential-bearing\ arguments\ redacted\> 
2026-09-10T12:42:42Z read-partial-committed-rows \<credential-bearing\ arguments\ redacted\> 
2026-09-10T12:42:42Z kubectl --kubeconfig /tmp/tmp.GD0Zt7TTJ3/kubeconfig --context kind-wamn-wms-journey -n wamn-wms-journey delete service flow-http-nodeport 
2026-09-10T12:42:42Z kubectl --kubeconfig /tmp/tmp.GD0Zt7TTJ3/kubeconfig --context kind-wamn-wms-journey -n wamn-wms-journey delete endpointslice flow-http-nodeport 
2026-09-10T12:42:42Z kubectl --kubeconfig /tmp/tmp.GD0Zt7TTJ3/kubeconfig --context kind-wamn-wms-journey apply -f /tmp/tmp.GD0Zt7TTJ3/materializer.yaml 
2026-09-10T12:42:42Z kubectl --kubeconfig /tmp/tmp.GD0Zt7TTJ3/kubeconfig --context kind-wamn-wms-journey -n wamn-wms-journey wait --for=condition=Ready workloaddeployment/wms-materializer --timeout=240s 
2026-09-10T12:42:54Z kubectl --kubeconfig /tmp/tmp.GD0Zt7TTJ3/kubeconfig --context kind-wamn-wms-journey apply -f /tmp/tmp.GD0Zt7TTJ3/cross-environment-workload.json 
2026-09-10T12:42:54Z kubectl --kubeconfig /tmp/tmp.GD0Zt7TTJ3/kubeconfig --context kind-wamn-wms-journey -n wamn-wms-journey wait --for=condition=HostSelection=False workload/flow-http-cross-environment --timeout=240s 
2026-09-10T12:42:55Z kubectl --kubeconfig /tmp/tmp.GD0Zt7TTJ3/kubeconfig --context kind-wamn-wms-journey -n wamn-wms-journey get workload flow-http-cross-environment -o json 
2026-09-10T12:42:55Z timeout 240s kubectl --kubeconfig /tmp/tmp.GD0Zt7TTJ3/kubeconfig --context kind-wamn-wms-journey -n wamn-wms-journey get events.events.k8s.io --field-selector regarding.uid=a590560b-cc96-4105-a557-b152eb224222 --watch --output-watch-events -o json 
2026-09-10T12:43:25Z kubectl --kubeconfig /tmp/tmp.GD0Zt7TTJ3/kubeconfig --context kind-wamn-wms-journey auth can-i create events.events.k8s.io --namespace wamn-wms-journey --as system:serviceaccount:wamn-system:wamn-runtime-operator 
2026-09-10T12:43:25Z kubectl --kubeconfig /tmp/tmp.GD0Zt7TTJ3/kubeconfig --context kind-wamn-wms-journey auth can-i patch events.events.k8s.io --namespace wamn-wms-journey --as system:serviceaccount:wamn-system:wamn-runtime-operator 
2026-09-10T12:43:25Z kubectl --kubeconfig /tmp/tmp.GD0Zt7TTJ3/kubeconfig --context kind-wamn-wms-journey auth can-i get events.events.k8s.io --namespace wamn-wms-journey --as system:serviceaccount:wamn-system:wamn-runtime-operator 
2026-09-10T12:43:25Z kubectl --kubeconfig /tmp/tmp.GD0Zt7TTJ3/kubeconfig --context kind-wamn-wms-journey auth can-i list events.events.k8s.io --namespace wamn-wms-journey --as system:serviceaccount:wamn-system:wamn-runtime-operator 
2026-09-10T12:43:25Z kubectl --kubeconfig /tmp/tmp.GD0Zt7TTJ3/kubeconfig --context kind-wamn-wms-journey auth can-i watch events.events.k8s.io --namespace wamn-wms-journey --as system:serviceaccount:wamn-system:wamn-runtime-operator 
2026-09-10T12:43:25Z kubectl --kubeconfig /tmp/tmp.GD0Zt7TTJ3/kubeconfig --context kind-wamn-wms-journey auth can-i update events.events.k8s.io --namespace wamn-wms-journey --as system:serviceaccount:wamn-system:wamn-runtime-operator 
2026-09-10T12:43:25Z kubectl --kubeconfig /tmp/tmp.GD0Zt7TTJ3/kubeconfig --context kind-wamn-wms-journey auth can-i delete events.events.k8s.io --namespace wamn-wms-journey --as system:serviceaccount:wamn-system:wamn-runtime-operator 
2026-09-10T12:43:25Z kubectl --kubeconfig /tmp/tmp.GD0Zt7TTJ3/kubeconfig --context kind-wamn-wms-journey auth can-i deletecollection events.events.k8s.io --namespace wamn-wms-journey --as system:serviceaccount:wamn-system:wamn-runtime-operator 
2026-09-10T12:43:25Z kill -TERM 1328460 
2026-09-10T12:43:25Z kind delete cluster --name wamn-wms-journey --kubeconfig /tmp/tmp.GD0Zt7TTJ3/kubeconfig 
2026-09-10T12:43:26Z docker rm --force --volumes wamn-wms-pg18-a0cfbdea802e-1318114 
2026-09-10T12:43:27Z docker rm --force --volumes wamn-wms-registry-a0cfbdea802e-1318114 
2026-09-10T12:43:27Z docker rm --force --volumes wamn-wms-nats-a0cfbdea802e-1318114 
2026-09-10T12:43:27Z docker rm --force --volumes wamn-wms-minio-a0cfbdea802e-1318114 
2026-09-10T12:43:27Z docker image rm wamn-host:wms-a0cfbdea802e-1318114-debug 
2026-09-10T12:43:27Z rm -rf -- /tmp/tmp.GD0Zt7TTJ3 
