Creating cluster "wamn-identity-jwks-8cbf57c885c9-3195773" ...
 • Ensuring node image (kindest/node:v1.36.1) 🖼  ...
 ✓ Ensuring node image (kindest/node:v1.36.1) 🖼
 • Preparing nodes 📦   ...
 ✓ Preparing nodes 📦 
 • Writing configuration 📜  ...
 ✓ Writing configuration 📜
 • Starting control-plane 🕹️  ...
 ✓ Starting control-plane 🕹️
 • Installing CNI 🔌  ...
 ✓ Installing CNI 🔌
 • Installing StorageClass 💾  ...
 ✓ Installing StorageClass 💾
 • Waiting ≤ 3m0s for control-plane = Ready ⏳  ...
 ✓ Waiting ≤ 3m0s for control-plane = Ready ⏳
 • Ready after 17s 💚
Set kubectl context to "kind-wamn-identity-jwks-8cbf57c885c9-3195773"
You can now use your cluster with:

kubectl cluster-info --context kind-wamn-identity-jwks-8cbf57c885c9-3195773 --kubeconfig /tmp/wamn-identity-jwks.TISwDgAf/kubeconfig

Not sure what to do next? 😅  Check out https://kind.sigs.k8s.io/docs/user/quick-start/
