{
    "apiVersion": "v1",
    "items": [
        {
            "apiVersion": "runtime.wasmcloud.dev/v1alpha1",
            "environment": "wamn-receiving-journey",
            "hostId": "aaa99131-2a89-4cf2-a59d-94602dc1e794",
            "hostname": "10.244.1.6",
            "httpPort": 80,
            "kind": "Host",
            "metadata": {
                "creationTimestamp": "2026-09-09T21:41:52Z",
                "finalizers": [
                    "runtime.wasmcloud.dev/host-finalizer"
                ],
                "generation": 1,
                "labels": {
                    "hostgroup": "default"
                },
                "name": "good-woman-0318",
                "namespace": "wamn-system",
                "resourceVersion": "1770",
                "uid": "d007346b-5f50-4b77-b517-350a6b5c9f46"
            },
            "status": {
                "conditions": [
                    {
                        "lastTransitionTime": "2026-09-09T21:41:52Z",
                        "reason": "Available",
                        "status": "True",
                        "type": "Reporting"
                    },
                    {
                        "lastTransitionTime": "2026-09-09T21:41:53Z",
                        "reason": "Available",
                        "status": "True",
                        "type": "Ready"
                    }
                ],
                "lastSeen": "2026-09-09T21:43:54Z",
                "osArch": "x86_64",
                "osKernel": "unix",
                "osName": "linux",
                "systemCPUUsage": "5.6220098",
                "systemMemoryFree": 1731039232,
                "systemMemoryTotal": 65437421568,
                "version": "2.9.0"
            }
        },
        {
            "apiVersion": "runtime.wasmcloud.dev/v1alpha1",
            "environment": "wamn-receiving-journey",
            "hostId": "b019e33d-d424-478f-97b7-907a8fdd2a95",
            "hostname": "10.244.2.5",
            "httpPort": 80,
            "kind": "Host",
            "metadata": {
                "creationTimestamp": "2026-09-09T21:41:52Z",
                "finalizers": [
                    "runtime.wasmcloud.dev/host-finalizer"
                ],
                "generation": 1,
                "labels": {
                    "hostgroup": "default"
                },
                "name": "marvelous-giants-7343",
                "namespace": "wamn-system",
                "resourceVersion": "1763",
                "uid": "622fb8a7-8fc6-488c-b204-214bf22e1c5e"
            },
            "status": {
                "componentCount": 1,
                "conditions": [
                    {
                        "lastTransitionTime": "2026-09-09T21:41:52Z",
                        "reason": "Available",
                        "status": "True",
                        "type": "Reporting"
                    },
                    {
                        "lastTransitionTime": "2026-09-09T21:41:53Z",
                        "reason": "Available",
                        "status": "True",
                        "type": "Ready"
                    }
                ],
                "lastSeen": "2026-09-09T21:43:52Z",
                "osArch": "x86_64",
                "osKernel": "unix",
                "osName": "linux",
                "systemCPUUsage": "23.74541",
                "systemMemoryFree": 1718890496,
                "systemMemoryTotal": 65437421568,
                "version": "2.9.0",
                "workloadCount": 1
            }
        },
        {
            "apiVersion": "runtime.wasmcloud.dev/v1alpha1",
            "environment": "wamn-receiving-journey",
            "hostId": "6292d01e-36b9-4eff-a802-58682c75ba2b",
            "hostname": "10.244.2.6",
            "httpPort": 80,
            "kind": "Host",
            "metadata": {
                "creationTimestamp": "2026-09-09T21:41:52Z",
                "finalizers": [
                    "runtime.wasmcloud.dev/host-finalizer"
                ],
                "generation": 1,
                "labels": {
                    "hostgroup": "default"
                },
                "name": "sharp-quiet-3826",
                "namespace": "wamn-system",
                "resourceVersion": "1764",
                "uid": "a65d6575-ad1b-4a4b-990e-b8411098fe03"
            },
            "status": {
                "conditions": [
                    {
                        "lastTransitionTime": "2026-09-09T21:41:52Z",
                        "reason": "Available",
                        "status": "True",
                        "type": "Reporting"
                    },
                    {
                        "lastTransitionTime": "2026-09-09T21:41:53Z",
                        "reason": "Available",
                        "status": "True",
                        "type": "Ready"
                    }
                ],
                "lastSeen": "2026-09-09T21:43:52Z",
                "osArch": "x86_64",
                "osKernel": "unix",
                "osName": "linux",
                "systemCPUUsage": "23.859432",
                "systemMemoryFree": 1718890496,
                "systemMemoryTotal": 65437421568,
                "version": "2.9.0",
                "workloadCount": 1
            }
        }
    ],
    "kind": "List",
    "metadata": {
        "resourceVersion": ""
    }
}
