{
    "apiVersion": "v1",
    "items": [
        {
            "addressType": "IPv4",
            "apiVersion": "discovery.k8s.io/v1",
            "endpoints": [
                {
                    "addresses": [
                        "10.244.2.5"
                    ],
                    "conditions": {
                        "ready": true,
                        "serving": true
                    }
                }
            ],
            "kind": "EndpointSlice",
            "metadata": {
                "creationTimestamp": "2026-09-09T21:41:57Z",
                "generation": 1,
                "labels": {
                    "kubernetes.io/service-name": "flow-http",
                    "wasmcloud.dev/route-manager": "true"
                },
                "name": "flow-http-98924a98",
                "namespace": "wamn-receiving-journey",
                "ownerReferences": [
                    {
                        "apiVersion": "v1",
                        "blockOwnerDeletion": true,
                        "controller": true,
                        "kind": "Service",
                        "name": "flow-http",
                        "uid": "941a4bbd-f517-45b1-a1ae-f9a2197c117e"
                    }
                ],
                "resourceVersion": "1379",
                "uid": "f0e15cfc-8c21-4613-ab22-82d66c79bdd8"
            },
            "ports": [
                {
                    "name": "http",
                    "port": 80,
                    "protocol": "TCP"
                }
            ]
        }
    ],
    "kind": "List",
    "metadata": {
        "resourceVersion": ""
    }
}
