2026-09-09T17:58:39Z env CARGO_TARGET_DIR=/home/kaalin/.cache/wamn-lanes/wasmcloud-2-8-baseline-20260909/target RUSTC_WRAPPER= /home/kaalin/.cache/wamn-lanes/wasmcloud-2-8-baseline-20260909/tools/build-components m1 
2026-09-09T17:58:42Z env CARGO_TARGET_DIR=/home/kaalin/.cache/wamn-lanes/wasmcloud-2-8-baseline-20260909/target RUSTC_WRAPPER= cargo build --locked --release -p wamn-host 
2026-09-09T17:58:43Z env CARGO_TARGET_DIR=/home/kaalin/.cache/wamn-lanes/wasmcloud-2-8-baseline-20260909/target RUSTC_WRAPPER= cargo build --locked -p wamn-ctl -p wamn-cdc-reader -p wamn-scenario-worker 
2026-09-09T17:58:43Z env CARGO_TARGET_DIR=/home/kaalin/.cache/wamn-lanes/wasmcloud-2-8-baseline-20260909/target RUSTC_WRAPPER= cargo build --locked --offline -p wamn-gates 
2026-09-09T17:58:43Z env CARGO_TARGET_DIR=/home/kaalin/.cache/wamn-lanes/wasmcloud-2-8-baseline-20260909/target RUSTC_WRAPPER= cargo build --locked --offline -p wamn-proof-integration --bin wamn-throughput 
2026-09-09T17:58:44Z docker build --platform=linux/amd64 --provenance=false --file /tmp/tmp.wjqw4NLdFN/host-image/Dockerfile --tag wamn-host:receiving-dfa1c3187fe8-3663114-release /tmp/tmp.wjqw4NLdFN/host-image 
2026-09-09T17:58:45Z kind create cluster --name wamn-receiving-journey --config /tmp/tmp.wjqw4NLdFN/kind-config.yaml --kubeconfig /tmp/tmp.wjqw4NLdFN/kubeconfig 
2026-09-09T17:59:03Z kubectl --kubeconfig /tmp/tmp.wjqw4NLdFN/kubeconfig --context kind-wamn-receiving-journey wait --for=condition=Ready nodes --all --timeout=180s 
2026-09-09T17:59:16Z kubectl --kubeconfig /tmp/tmp.wjqw4NLdFN/kubeconfig --context kind-wamn-receiving-journey create namespace wamn-receiving-journey 
2026-09-09T17:59:16Z kind load docker-image wamn-host:receiving-dfa1c3187fe8-3663114-release --name wamn-receiving-journey 
2026-09-09T17:59:22Z htpasswd \<credential-bearing\ arguments\ redacted\> 
2026-09-09T17:59:22Z postgres \<credential-bearing\ arguments\ redacted\> 
2026-09-09T17:59:23Z docker run --detach --name wamn-receiving-registry-dfa1c3187fe8-3663114 --network kind --env REGISTRY_AUTH=htpasswd --env REGISTRY_AUTH_HTPASSWD_REALM=WAMN\ Receiving\ cluster\ journey --env REGISTRY_AUTH_HTPASSWD_PATH=/auth/htpasswd --volume /tmp/tmp.wjqw4NLdFN/htpasswd:/auth/htpasswd:ro registry:2 
2026-09-09T17:59:23Z docker run --detach --name wamn-receiving-nats-dfa1c3187fe8-3663114 --network kind nats:2.10-alpine --jetstream --store_dir /data --http_port 8222 
2026-09-09T17:59:26Z cargo test production_two_package_release_serves_all_thirteen_pat_routes \<journey\ document\ with\ disposable\ PostgreSQL\ and\ OCI\ inputs\ redacted\> 
2026-09-09T17:59:53Z kubectl --kubeconfig /tmp/tmp.wjqw4NLdFN/kubeconfig --context kind-wamn-receiving-journey apply -f /tmp/tmp.wjqw4NLdFN/route-caller-pat-kube.json 
2026-09-09T17:59:53Z env WASH_REG_USER=\<redacted\> WASH_REG_PASSWORD=\<redacted\> wash push --insecure --allow-latest --output json 172.28.0.9:5000/wamn/flow-http:receiving-dfa1c3187fe8-3663114-release /home/kaalin/.cache/wamn-lanes/wasmcloud-2-8-baseline-20260909/target/wasm32-wasip2/release/http_route.wasm 
2026-09-09T17:59:53Z env WASH_REG_USER=\<redacted\> WASH_REG_PASSWORD=\<redacted\> wash push --insecure --allow-latest --output json 172.28.0.9:5000/wamn/materializer:receiving-dfa1c3187fe8-3663114-release /home/kaalin/.cache/wamn-lanes/wasmcloud-2-8-baseline-20260909/target/wasm32-wasip2/release/materializer.wasm 
2026-09-09T17:59:54Z print-release-env \<credential-bearing\ arguments\ redacted\> 
2026-09-09T17:59:54Z kubectl --kubeconfig /tmp/tmp.wjqw4NLdFN/kubeconfig --context kind-wamn-receiving-journey apply -f /tmp/tmp.wjqw4NLdFN/host-secrets/guest-sql.json 
2026-09-09T17:59:54Z kubectl --kubeconfig /tmp/tmp.wjqw4NLdFN/kubeconfig --context kind-wamn-receiving-journey apply -f /tmp/tmp.wjqw4NLdFN/host-secrets/executor-platform.json 
2026-09-09T17:59:54Z kubectl --kubeconfig /tmp/tmp.wjqw4NLdFN/kubeconfig --context kind-wamn-receiving-journey apply -f /tmp/tmp.wjqw4NLdFN/host-secrets/identity-reader.json 
2026-09-09T17:59:54Z kubectl --kubeconfig /tmp/tmp.wjqw4NLdFN/kubeconfig --context kind-wamn-receiving-journey apply -f /tmp/tmp.wjqw4NLdFN/host-secrets/http-admitter.json 
2026-09-09T17:59:54Z kubectl --kubeconfig /tmp/tmp.wjqw4NLdFN/kubeconfig --context kind-wamn-receiving-journey apply -f /tmp/tmp.wjqw4NLdFN/host-secrets/event-materializer.json 
2026-09-09T17:59:54Z kubectl --kubeconfig /tmp/tmp.wjqw4NLdFN/kubeconfig --context kind-wamn-receiving-journey -n wamn-receiving-journey create secret generic wamn-registry-pull --type=kubernetes.io/dockerconfigjson --from-file=.dockerconfigjson=\<redacted\> --dry-run=client -o yaml 
2026-09-09T17:59:54Z kubectl --kubeconfig /tmp/tmp.wjqw4NLdFN/kubeconfig --context kind-wamn-receiving-journey apply -f /tmp/tmp.wjqw4NLdFN/registry-pull.yaml 
2026-09-09T17:59:55Z kubectl --kubeconfig /tmp/tmp.wjqw4NLdFN/kubeconfig --context kind-wamn-receiving-journey apply -f /home/kaalin/.cache/wamn-lanes/wasmcloud-2-8-baseline-20260909/deploy/infra/cert-manager.yaml 
2026-09-09T17:59:56Z kubectl --kubeconfig /tmp/tmp.wjqw4NLdFN/kubeconfig --context kind-wamn-receiving-journey -n cert-manager wait --for=condition=Available deployment --all --timeout=240s 
2026-09-09T18:00:06Z helm upgrade --install --create-namespace --kubeconfig /tmp/tmp.wjqw4NLdFN/kubeconfig --kube-context kind-wamn-receiving-journey --namespace wamn-system wamn oci://ghcr.io/wasmcloud/charts/runtime-operator --version 2.8.0 -f /home/kaalin/.cache/wamn-lanes/wasmcloud-2-8-baseline-20260909/deploy/infra/values-wamn.yaml -f /tmp/tmp.wjqw4NLdFN/operator-values.yaml --wait --timeout 5m 
2026-09-09T18:00:40Z kubectl --kubeconfig /tmp/tmp.wjqw4NLdFN/kubeconfig --context kind-wamn-receiving-journey -n wamn-system get deployment runtime-operator -o json 
2026-09-09T18:00:40Z kubectl --kubeconfig /tmp/tmp.wjqw4NLdFN/kubeconfig --context kind-wamn-receiving-journey apply -f /tmp/tmp.wjqw4NLdFN/runtime-operator-events-rbac.yaml 
2026-09-09T18:00:40Z kubectl --kubeconfig /tmp/tmp.wjqw4NLdFN/kubeconfig --context kind-wamn-receiving-journey -n wamn-receiving-journey get role wamn-runtime-operator-events -o json 
2026-09-09T18:00:40Z kubectl --kubeconfig /tmp/tmp.wjqw4NLdFN/kubeconfig --context kind-wamn-receiving-journey -n wamn-receiving-journey get rolebinding wamn-runtime-operator-events -o json 
2026-09-09T18:00:41Z kubectl --kubeconfig /tmp/tmp.wjqw4NLdFN/kubeconfig --context kind-wamn-receiving-journey apply -f /home/kaalin/.cache/wamn-lanes/wasmcloud-2-8-baseline-20260909/deploy/infra/tempo.yaml 
2026-09-09T18:00:41Z kubectl --kubeconfig /tmp/tmp.wjqw4NLdFN/kubeconfig --context kind-wamn-receiving-journey apply -f /home/kaalin/.cache/wamn-lanes/wasmcloud-2-8-baseline-20260909/deploy/infra/otel-collector.yaml 
2026-09-09T18:00:41Z kubectl --kubeconfig /tmp/tmp.wjqw4NLdFN/kubeconfig --context kind-wamn-receiving-journey -n wamn-system wait --for=condition=Available deployment/tempo deployment/otel-collector --timeout=120s 
2026-09-09T18:01:09Z kubectl --kubeconfig /tmp/tmp.wjqw4NLdFN/kubeconfig --context kind-wamn-receiving-journey apply -f /tmp/tmp.wjqw4NLdFN/wasmcloud-ca-copy.json 
2026-09-09T18:01:10Z kubectl --kubeconfig /tmp/tmp.wjqw4NLdFN/kubeconfig --context kind-wamn-receiving-journey apply -f /home/kaalin/.cache/wamn-lanes/wasmcloud-2-8-baseline-20260909/deploy/infra/wasmcloud-ca-issuer.yaml 
2026-09-09T18:01:10Z kubectl --kubeconfig /tmp/tmp.wjqw4NLdFN/kubeconfig --context kind-wamn-receiving-journey wait --for=condition=Ready clusterissuer/wasmcloud-ca --timeout=60s 
2026-09-09T18:01:10Z kubectl --kubeconfig /tmp/tmp.wjqw4NLdFN/kubeconfig --context kind-wamn-receiving-journey apply -f /tmp/tmp.wjqw4NLdFN/host-environment-certs.yaml 
2026-09-09T18:01:10Z kubectl --kubeconfig /tmp/tmp.wjqw4NLdFN/kubeconfig --context kind-wamn-receiving-journey -n wamn-receiving-journey wait --for=condition=Ready certificate/wasmcloud-runtime-tls certificate/wasmcloud-data-tls --timeout=120s 
2026-09-09T18:01:10Z helm upgrade --install --kubeconfig /tmp/tmp.wjqw4NLdFN/kubeconfig --kube-context kind-wamn-receiving-journey --namespace wamn-receiving-journey wamn-host oci://ghcr.io/wasmcloud/charts/runtime-operator --version 2.8.0 -f /tmp/tmp.wjqw4NLdFN/host-base.yaml -f /tmp/tmp.wjqw4NLdFN/host-overlay.yaml --wait --timeout 5m 
2026-09-09T18:01:11Z kubectl --kubeconfig /tmp/tmp.wjqw4NLdFN/kubeconfig --context kind-wamn-receiving-journey -n wamn-receiving-journey scale deployment/hostgroup-default --replicas=1 
2026-09-09T18:01:11Z kubectl --kubeconfig /tmp/tmp.wjqw4NLdFN/kubeconfig --context kind-wamn-receiving-journey -n wamn-receiving-journey wait --for=condition=Available deployment/hostgroup-default --timeout=120s 
2026-09-09T18:01:23Z kubectl --kubeconfig /tmp/tmp.wjqw4NLdFN/kubeconfig --context kind-wamn-receiving-journey -n wamn-receiving-journey rollout status deployment/hostgroup-default --timeout=240s 
2026-09-09T18:01:23Z kubectl --kubeconfig /tmp/tmp.wjqw4NLdFN/kubeconfig --context kind-wamn-receiving-journey apply -f /tmp/tmp.wjqw4NLdFN/flow-http.yaml 
2026-09-09T18:01:23Z kubectl --kubeconfig /tmp/tmp.wjqw4NLdFN/kubeconfig --context kind-wamn-receiving-journey -n wamn-receiving-journey wait --for=condition=Ready workloaddeployment/flow-http --timeout=240s 
2026-09-09T18:01:24Z kubectl --kubeconfig /tmp/tmp.wjqw4NLdFN/kubeconfig --context kind-wamn-receiving-journey apply -f /tmp/tmp.wjqw4NLdFN/startup-request-cold.yaml 
2026-09-09T18:01:24Z kubectl --kubeconfig /tmp/tmp.wjqw4NLdFN/kubeconfig --context kind-wamn-receiving-journey -n wamn-receiving-journey wait --for=condition=Complete job/startup-request-cold --timeout=240s 
2026-09-09T18:01:28Z kubectl --kubeconfig /tmp/tmp.wjqw4NLdFN/kubeconfig --context kind-wamn-receiving-journey -n wamn-receiving-journey exec hostgroup-default-6774ffdd49-gn4pg -c host -- find /tmp/wamn-wasmtime-cache/modules -type f \! -name \*.stats -printf \<inode\>\ \<mtime\>\ \<size\>\ \<path\>\\n 
2026-09-09T18:01:29Z kubectl --kubeconfig /tmp/tmp.wjqw4NLdFN/kubeconfig --context kind-wamn-receiving-journey -n wamn-receiving-journey exec hostgroup-default-6774ffdd49-gn4pg -c host -- /bin/sh -c kill\ -TERM\ 1\;\ exit\ 0 
2026-09-09T18:01:29Z kubectl --kubeconfig /tmp/tmp.wjqw4NLdFN/kubeconfig --context kind-wamn-receiving-journey -n wamn-receiving-journey wait --for=jsonpath=\{.status.containerStatuses\[0\].restartCount\}=1 pod/hostgroup-default-6774ffdd49-gn4pg --timeout=120s 
2026-09-09T18:01:30Z kubectl --kubeconfig /tmp/tmp.wjqw4NLdFN/kubeconfig --context kind-wamn-receiving-journey -n wamn-receiving-journey wait --for=condition=Ready pod/hostgroup-default-6774ffdd49-gn4pg --timeout=120s 
2026-09-09T18:01:41Z kubectl --kubeconfig /tmp/tmp.wjqw4NLdFN/kubeconfig --context kind-wamn-receiving-journey apply -f /tmp/tmp.wjqw4NLdFN/startup-request-restart-first.yaml 
2026-09-09T18:01:41Z kubectl --kubeconfig /tmp/tmp.wjqw4NLdFN/kubeconfig --context kind-wamn-receiving-journey -n wamn-receiving-journey wait --for=condition=Complete job/startup-request-restart-first --timeout=240s 
2026-09-09T18:02:57Z kubectl --kubeconfig /tmp/tmp.wjqw4NLdFN/kubeconfig --context kind-wamn-receiving-journey apply -f /tmp/tmp.wjqw4NLdFN/startup-request-steady.yaml 
2026-09-09T18:02:57Z kubectl --kubeconfig /tmp/tmp.wjqw4NLdFN/kubeconfig --context kind-wamn-receiving-journey -n wamn-receiving-journey wait --for=condition=Complete job/startup-request-steady --timeout=240s 
2026-09-09T18:03:00Z kubectl --kubeconfig /tmp/tmp.wjqw4NLdFN/kubeconfig --context kind-wamn-receiving-journey apply -f /tmp/tmp.wjqw4NLdFN/startup-request-steady-2.yaml 
2026-09-09T18:03:00Z kubectl --kubeconfig /tmp/tmp.wjqw4NLdFN/kubeconfig --context kind-wamn-receiving-journey -n wamn-receiving-journey wait --for=condition=Complete job/startup-request-steady-2 --timeout=240s 
2026-09-09T18:03:03Z kubectl --kubeconfig /tmp/tmp.wjqw4NLdFN/kubeconfig --context kind-wamn-receiving-journey apply -f /tmp/tmp.wjqw4NLdFN/startup-request-steady-3.yaml 
2026-09-09T18:03:03Z kubectl --kubeconfig /tmp/tmp.wjqw4NLdFN/kubeconfig --context kind-wamn-receiving-journey -n wamn-receiving-journey wait --for=condition=Complete job/startup-request-steady-3 --timeout=240s 
2026-09-09T18:03:06Z kubectl --kubeconfig /tmp/tmp.wjqw4NLdFN/kubeconfig --context kind-wamn-receiving-journey apply -f /tmp/tmp.wjqw4NLdFN/startup-request-steady-4.yaml 
2026-09-09T18:03:06Z kubectl --kubeconfig /tmp/tmp.wjqw4NLdFN/kubeconfig --context kind-wamn-receiving-journey -n wamn-receiving-journey wait --for=condition=Complete job/startup-request-steady-4 --timeout=240s 
2026-09-09T18:03:09Z kubectl --kubeconfig /tmp/tmp.wjqw4NLdFN/kubeconfig --context kind-wamn-receiving-journey apply -f /tmp/tmp.wjqw4NLdFN/startup-request-steady-5.yaml 
2026-09-09T18:03:09Z kubectl --kubeconfig /tmp/tmp.wjqw4NLdFN/kubeconfig --context kind-wamn-receiving-journey -n wamn-receiving-journey wait --for=condition=Complete job/startup-request-steady-5 --timeout=240s 
2026-09-09T18:03:12Z kubectl --kubeconfig /tmp/tmp.wjqw4NLdFN/kubeconfig --context kind-wamn-receiving-journey get --raw /api/v1/namespaces/wamn-system/services/http:tempo:3200/proxy/api/traces/22222222222222222222222222222222 
2026-09-09T18:03:12Z kubectl --kubeconfig /tmp/tmp.wjqw4NLdFN/kubeconfig --context kind-wamn-receiving-journey get --raw /api/v1/namespaces/wamn-system/services/http:tempo:3200/proxy/api/traces/33333333333333333333333333333333 
2026-09-09T18:03:12Z kubectl --kubeconfig /tmp/tmp.wjqw4NLdFN/kubeconfig --context kind-wamn-receiving-journey get --raw /api/v1/namespaces/wamn-system/services/http:tempo:3200/proxy/api/traces/33333333333333333333333333330002 
2026-09-09T18:03:12Z kubectl --kubeconfig /tmp/tmp.wjqw4NLdFN/kubeconfig --context kind-wamn-receiving-journey get --raw /api/v1/namespaces/wamn-system/services/http:tempo:3200/proxy/api/traces/33333333333333333333333333330003 
2026-09-09T18:03:12Z kubectl --kubeconfig /tmp/tmp.wjqw4NLdFN/kubeconfig --context kind-wamn-receiving-journey get --raw /api/v1/namespaces/wamn-system/services/http:tempo:3200/proxy/api/traces/33333333333333333333333333330004 
2026-09-09T18:03:12Z kubectl --kubeconfig /tmp/tmp.wjqw4NLdFN/kubeconfig --context kind-wamn-receiving-journey get --raw /api/v1/namespaces/wamn-system/services/http:tempo:3200/proxy/api/traces/33333333333333333333333333330005 
2026-09-09T18:03:12Z kubectl --kubeconfig /tmp/tmp.wjqw4NLdFN/kubeconfig --context kind-wamn-receiving-journey -n wamn-receiving-journey create secret generic wamn-throughput-human --from-file=token=/tmp/tmp.wjqw4NLdFN/throughput-human-pat 
2026-09-09T18:03:12Z kubectl --kubeconfig /tmp/tmp.wjqw4NLdFN/kubeconfig --context kind-wamn-receiving-journey apply -f /tmp/tmp.wjqw4NLdFN/startup-request-human-1.yaml 
2026-09-09T18:03:12Z kubectl --kubeconfig /tmp/tmp.wjqw4NLdFN/kubeconfig --context kind-wamn-receiving-journey -n wamn-receiving-journey wait --for=condition=Complete job/startup-request-human-1 --timeout=240s 
2026-09-09T18:03:16Z kubectl --kubeconfig /tmp/tmp.wjqw4NLdFN/kubeconfig --context kind-wamn-receiving-journey apply -f /tmp/tmp.wjqw4NLdFN/startup-request-human-2.yaml 
2026-09-09T18:03:16Z kubectl --kubeconfig /tmp/tmp.wjqw4NLdFN/kubeconfig --context kind-wamn-receiving-journey -n wamn-receiving-journey wait --for=condition=Complete job/startup-request-human-2 --timeout=240s 
2026-09-09T18:03:19Z kubectl --kubeconfig /tmp/tmp.wjqw4NLdFN/kubeconfig --context kind-wamn-receiving-journey apply -f /tmp/tmp.wjqw4NLdFN/startup-request-human-3.yaml 
2026-09-09T18:03:19Z kubectl --kubeconfig /tmp/tmp.wjqw4NLdFN/kubeconfig --context kind-wamn-receiving-journey -n wamn-receiving-journey wait --for=condition=Complete job/startup-request-human-3 --timeout=240s 
2026-09-09T18:03:22Z kubectl --kubeconfig /tmp/tmp.wjqw4NLdFN/kubeconfig --context kind-wamn-receiving-journey apply -f /tmp/tmp.wjqw4NLdFN/startup-request-human-4.yaml 
2026-09-09T18:03:22Z kubectl --kubeconfig /tmp/tmp.wjqw4NLdFN/kubeconfig --context kind-wamn-receiving-journey -n wamn-receiving-journey wait --for=condition=Complete job/startup-request-human-4 --timeout=240s 
2026-09-09T18:03:25Z kubectl --kubeconfig /tmp/tmp.wjqw4NLdFN/kubeconfig --context kind-wamn-receiving-journey apply -f /tmp/tmp.wjqw4NLdFN/startup-request-human-5.yaml 
2026-09-09T18:03:25Z kubectl --kubeconfig /tmp/tmp.wjqw4NLdFN/kubeconfig --context kind-wamn-receiving-journey -n wamn-receiving-journey wait --for=condition=Complete job/startup-request-human-5 --timeout=240s 
2026-09-09T18:03:28Z kubectl --kubeconfig /tmp/tmp.wjqw4NLdFN/kubeconfig --context kind-wamn-receiving-journey get --raw /api/v1/namespaces/wamn-system/services/http:tempo:3200/proxy/api/traces/44444444444444444444444444440001 
2026-09-09T18:03:28Z kubectl --kubeconfig /tmp/tmp.wjqw4NLdFN/kubeconfig --context kind-wamn-receiving-journey get --raw /api/v1/namespaces/wamn-system/services/http:tempo:3200/proxy/api/traces/44444444444444444444444444440002 
2026-09-09T18:03:28Z kubectl --kubeconfig /tmp/tmp.wjqw4NLdFN/kubeconfig --context kind-wamn-receiving-journey get --raw /api/v1/namespaces/wamn-system/services/http:tempo:3200/proxy/api/traces/44444444444444444444444444440003 
2026-09-09T18:03:28Z kubectl --kubeconfig /tmp/tmp.wjqw4NLdFN/kubeconfig --context kind-wamn-receiving-journey get --raw /api/v1/namespaces/wamn-system/services/http:tempo:3200/proxy/api/traces/44444444444444444444444444440004 
2026-09-09T18:03:28Z kubectl --kubeconfig /tmp/tmp.wjqw4NLdFN/kubeconfig --context kind-wamn-receiving-journey get --raw /api/v1/namespaces/wamn-system/services/http:tempo:3200/proxy/api/traces/44444444444444444444444444440005 
2026-09-09T18:03:28Z kubectl --kubeconfig /tmp/tmp.wjqw4NLdFN/kubeconfig --context kind-wamn-receiving-journey apply -f /tmp/tmp.wjqw4NLdFN/bench-service-r1-route-c1.json 
2026-09-09T18:03:48Z kubectl --kubeconfig /tmp/tmp.wjqw4NLdFN/kubeconfig --context kind-wamn-receiving-journey apply -f /tmp/tmp.wjqw4NLdFN/bench-service-r1-route-c4.json 
2026-09-09T18:04:04Z kubectl --kubeconfig /tmp/tmp.wjqw4NLdFN/kubeconfig --context kind-wamn-receiving-journey apply -f /tmp/tmp.wjqw4NLdFN/bench-service-r1-route-c8.json 
2026-09-09T18:04:20Z kubectl --kubeconfig /tmp/tmp.wjqw4NLdFN/kubeconfig --context kind-wamn-receiving-journey apply -f /tmp/tmp.wjqw4NLdFN/bench-service-r1-route-c16.json 
2026-09-09T18:04:37Z kubectl --kubeconfig /tmp/tmp.wjqw4NLdFN/kubeconfig --context kind-wamn-receiving-journey apply -f /tmp/tmp.wjqw4NLdFN/bench-service-r1-route-c32.json 
2026-09-09T18:04:53Z kubectl --kubeconfig /tmp/tmp.wjqw4NLdFN/kubeconfig --context kind-wamn-receiving-journey apply -f /tmp/tmp.wjqw4NLdFN/bench-service-r1-route-c64.json 
2026-09-09T18:05:09Z kubectl --kubeconfig /tmp/tmp.wjqw4NLdFN/kubeconfig --context kind-wamn-receiving-journey apply -f /tmp/tmp.wjqw4NLdFN/bench-service-r1-nodb-c1.json 
2026-09-09T18:05:25Z kubectl --kubeconfig /tmp/tmp.wjqw4NLdFN/kubeconfig --context kind-wamn-receiving-journey apply -f /tmp/tmp.wjqw4NLdFN/bench-service-r1-nodb-c4.json 
2026-09-09T18:05:41Z kubectl --kubeconfig /tmp/tmp.wjqw4NLdFN/kubeconfig --context kind-wamn-receiving-journey apply -f /tmp/tmp.wjqw4NLdFN/bench-service-r1-nodb-c8.json 
2026-09-09T18:05:57Z kubectl --kubeconfig /tmp/tmp.wjqw4NLdFN/kubeconfig --context kind-wamn-receiving-journey apply -f /tmp/tmp.wjqw4NLdFN/bench-service-r1-nodb-c16.json 
2026-09-09T18:06:13Z kubectl --kubeconfig /tmp/tmp.wjqw4NLdFN/kubeconfig --context kind-wamn-receiving-journey apply -f /tmp/tmp.wjqw4NLdFN/bench-service-r1-nodb-c32.json 
2026-09-09T18:06:29Z kubectl --kubeconfig /tmp/tmp.wjqw4NLdFN/kubeconfig --context kind-wamn-receiving-journey apply -f /tmp/tmp.wjqw4NLdFN/bench-service-r1-nodb-c64.json 
2026-09-09T18:06:45Z kubectl --kubeconfig /tmp/tmp.wjqw4NLdFN/kubeconfig --context kind-wamn-receiving-journey apply -f /tmp/tmp.wjqw4NLdFN/bench-service-r1-pg-c1.json 
2026-09-09T18:07:08Z kubectl --kubeconfig /tmp/tmp.wjqw4NLdFN/kubeconfig --context kind-wamn-receiving-journey apply -f /tmp/tmp.wjqw4NLdFN/bench-service-r1-pg-c4.json 
2026-09-09T18:07:24Z kubectl --kubeconfig /tmp/tmp.wjqw4NLdFN/kubeconfig --context kind-wamn-receiving-journey apply -f /tmp/tmp.wjqw4NLdFN/bench-service-r1-pg-c8.json 
2026-09-09T18:07:40Z kubectl --kubeconfig /tmp/tmp.wjqw4NLdFN/kubeconfig --context kind-wamn-receiving-journey apply -f /tmp/tmp.wjqw4NLdFN/bench-service-r1-pg-c16.json 
2026-09-09T18:07:56Z kubectl --kubeconfig /tmp/tmp.wjqw4NLdFN/kubeconfig --context kind-wamn-receiving-journey apply -f /tmp/tmp.wjqw4NLdFN/bench-service-r1-pg-c32.json 
2026-09-09T18:08:12Z kubectl --kubeconfig /tmp/tmp.wjqw4NLdFN/kubeconfig --context kind-wamn-receiving-journey apply -f /tmp/tmp.wjqw4NLdFN/bench-service-r1-pg-c64.json 
2026-09-09T18:08:28Z /home/kaalin/.cache/wamn-lanes/wasmcloud-2-8-baseline-20260909/target/debug/wamn-throughput report --evidence-dir /home/kaalin/dev/wamn/docs/perf/2026.09/wasmcloud-2-9-cutover/performance-baseline-001/journey/throughput/service-1 
2026-09-09T18:08:29Z kubectl --kubeconfig /tmp/tmp.wjqw4NLdFN/kubeconfig --context kind-wamn-receiving-journey apply -f /tmp/tmp.wjqw4NLdFN/bench-human-r1-route-c1.json 
2026-09-09T18:08:44Z kubectl --kubeconfig /tmp/tmp.wjqw4NLdFN/kubeconfig --context kind-wamn-receiving-journey apply -f /tmp/tmp.wjqw4NLdFN/bench-human-r1-route-c4.json 
2026-09-09T18:09:00Z kubectl --kubeconfig /tmp/tmp.wjqw4NLdFN/kubeconfig --context kind-wamn-receiving-journey apply -f /tmp/tmp.wjqw4NLdFN/bench-human-r1-route-c8.json 
2026-09-09T18:09:16Z kubectl --kubeconfig /tmp/tmp.wjqw4NLdFN/kubeconfig --context kind-wamn-receiving-journey apply -f /tmp/tmp.wjqw4NLdFN/bench-human-r1-route-c16.json 
2026-09-09T18:09:33Z kubectl --kubeconfig /tmp/tmp.wjqw4NLdFN/kubeconfig --context kind-wamn-receiving-journey apply -f /tmp/tmp.wjqw4NLdFN/bench-human-r1-route-c32.json 
2026-09-09T18:09:49Z kubectl --kubeconfig /tmp/tmp.wjqw4NLdFN/kubeconfig --context kind-wamn-receiving-journey apply -f /tmp/tmp.wjqw4NLdFN/bench-human-r1-route-c64.json 
2026-09-09T18:10:05Z kubectl --kubeconfig /tmp/tmp.wjqw4NLdFN/kubeconfig --context kind-wamn-receiving-journey apply -f /tmp/tmp.wjqw4NLdFN/bench-human-r1-nodb-c1.json 
2026-09-09T18:10:21Z kubectl --kubeconfig /tmp/tmp.wjqw4NLdFN/kubeconfig --context kind-wamn-receiving-journey apply -f /tmp/tmp.wjqw4NLdFN/bench-human-r1-nodb-c4.json 
2026-09-09T18:10:37Z kubectl --kubeconfig /tmp/tmp.wjqw4NLdFN/kubeconfig --context kind-wamn-receiving-journey apply -f /tmp/tmp.wjqw4NLdFN/bench-human-r1-nodb-c8.json 
2026-09-09T18:10:53Z kubectl --kubeconfig /tmp/tmp.wjqw4NLdFN/kubeconfig --context kind-wamn-receiving-journey apply -f /tmp/tmp.wjqw4NLdFN/bench-human-r1-nodb-c16.json 
2026-09-09T18:11:09Z kubectl --kubeconfig /tmp/tmp.wjqw4NLdFN/kubeconfig --context kind-wamn-receiving-journey apply -f /tmp/tmp.wjqw4NLdFN/bench-human-r1-nodb-c32.json 
2026-09-09T18:11:25Z kubectl --kubeconfig /tmp/tmp.wjqw4NLdFN/kubeconfig --context kind-wamn-receiving-journey apply -f /tmp/tmp.wjqw4NLdFN/bench-human-r1-nodb-c64.json 
2026-09-09T18:11:41Z kubectl --kubeconfig /tmp/tmp.wjqw4NLdFN/kubeconfig --context kind-wamn-receiving-journey apply -f /tmp/tmp.wjqw4NLdFN/bench-human-r1-pg-c1.json 
2026-09-09T18:11:57Z kubectl --kubeconfig /tmp/tmp.wjqw4NLdFN/kubeconfig --context kind-wamn-receiving-journey apply -f /tmp/tmp.wjqw4NLdFN/bench-human-r1-pg-c4.json 
2026-09-09T18:12:13Z kubectl --kubeconfig /tmp/tmp.wjqw4NLdFN/kubeconfig --context kind-wamn-receiving-journey apply -f /tmp/tmp.wjqw4NLdFN/bench-human-r1-pg-c8.json 
2026-09-09T18:12:30Z kubectl --kubeconfig /tmp/tmp.wjqw4NLdFN/kubeconfig --context kind-wamn-receiving-journey apply -f /tmp/tmp.wjqw4NLdFN/bench-human-r1-pg-c16.json 
2026-09-09T18:12:46Z kubectl --kubeconfig /tmp/tmp.wjqw4NLdFN/kubeconfig --context kind-wamn-receiving-journey apply -f /tmp/tmp.wjqw4NLdFN/bench-human-r1-pg-c32.json 
2026-09-09T18:13:02Z kubectl --kubeconfig /tmp/tmp.wjqw4NLdFN/kubeconfig --context kind-wamn-receiving-journey apply -f /tmp/tmp.wjqw4NLdFN/bench-human-r1-pg-c64.json 
2026-09-09T18:13:18Z /home/kaalin/.cache/wamn-lanes/wasmcloud-2-8-baseline-20260909/target/debug/wamn-throughput report --evidence-dir /home/kaalin/dev/wamn/docs/perf/2026.09/wasmcloud-2-9-cutover/performance-baseline-001/journey/throughput/human-1 
2026-09-09T18:13:18Z kubectl --kubeconfig /tmp/tmp.wjqw4NLdFN/kubeconfig --context kind-wamn-receiving-journey apply -f /tmp/tmp.wjqw4NLdFN/bench-human-r2-route-c1.json 
2026-09-09T18:13:34Z kubectl --kubeconfig /tmp/tmp.wjqw4NLdFN/kubeconfig --context kind-wamn-receiving-journey apply -f /tmp/tmp.wjqw4NLdFN/bench-human-r2-route-c4.json 
2026-09-09T18:13:50Z kubectl --kubeconfig /tmp/tmp.wjqw4NLdFN/kubeconfig --context kind-wamn-receiving-journey apply -f /tmp/tmp.wjqw4NLdFN/bench-human-r2-route-c8.json 
2026-09-09T18:14:06Z kubectl --kubeconfig /tmp/tmp.wjqw4NLdFN/kubeconfig --context kind-wamn-receiving-journey apply -f /tmp/tmp.wjqw4NLdFN/bench-human-r2-route-c16.json 
2026-09-09T18:14:22Z kubectl --kubeconfig /tmp/tmp.wjqw4NLdFN/kubeconfig --context kind-wamn-receiving-journey apply -f /tmp/tmp.wjqw4NLdFN/bench-human-r2-route-c32.json 
2026-09-09T18:14:38Z kubectl --kubeconfig /tmp/tmp.wjqw4NLdFN/kubeconfig --context kind-wamn-receiving-journey apply -f /tmp/tmp.wjqw4NLdFN/bench-human-r2-route-c64.json 
2026-09-09T18:14:54Z kubectl --kubeconfig /tmp/tmp.wjqw4NLdFN/kubeconfig --context kind-wamn-receiving-journey apply -f /tmp/tmp.wjqw4NLdFN/bench-human-r2-nodb-c1.json 
2026-09-09T18:15:11Z kubectl --kubeconfig /tmp/tmp.wjqw4NLdFN/kubeconfig --context kind-wamn-receiving-journey apply -f /tmp/tmp.wjqw4NLdFN/bench-human-r2-nodb-c4.json 
2026-09-09T18:15:26Z kubectl --kubeconfig /tmp/tmp.wjqw4NLdFN/kubeconfig --context kind-wamn-receiving-journey apply -f /tmp/tmp.wjqw4NLdFN/bench-human-r2-nodb-c8.json 
2026-09-09T18:15:43Z kubectl --kubeconfig /tmp/tmp.wjqw4NLdFN/kubeconfig --context kind-wamn-receiving-journey apply -f /tmp/tmp.wjqw4NLdFN/bench-human-r2-nodb-c16.json 
2026-09-09T18:15:59Z kubectl --kubeconfig /tmp/tmp.wjqw4NLdFN/kubeconfig --context kind-wamn-receiving-journey apply -f /tmp/tmp.wjqw4NLdFN/bench-human-r2-nodb-c32.json 
2026-09-09T18:16:15Z kubectl --kubeconfig /tmp/tmp.wjqw4NLdFN/kubeconfig --context kind-wamn-receiving-journey apply -f /tmp/tmp.wjqw4NLdFN/bench-human-r2-nodb-c64.json 
2026-09-09T18:16:31Z kubectl --kubeconfig /tmp/tmp.wjqw4NLdFN/kubeconfig --context kind-wamn-receiving-journey apply -f /tmp/tmp.wjqw4NLdFN/bench-human-r2-pg-c1.json 
2026-09-09T18:16:47Z kubectl --kubeconfig /tmp/tmp.wjqw4NLdFN/kubeconfig --context kind-wamn-receiving-journey apply -f /tmp/tmp.wjqw4NLdFN/bench-human-r2-pg-c4.json 
2026-09-09T18:17:03Z kubectl --kubeconfig /tmp/tmp.wjqw4NLdFN/kubeconfig --context kind-wamn-receiving-journey apply -f /tmp/tmp.wjqw4NLdFN/bench-human-r2-pg-c8.json 
2026-09-09T18:17:19Z kubectl --kubeconfig /tmp/tmp.wjqw4NLdFN/kubeconfig --context kind-wamn-receiving-journey apply -f /tmp/tmp.wjqw4NLdFN/bench-human-r2-pg-c16.json 
2026-09-09T18:17:35Z kubectl --kubeconfig /tmp/tmp.wjqw4NLdFN/kubeconfig --context kind-wamn-receiving-journey apply -f /tmp/tmp.wjqw4NLdFN/bench-human-r2-pg-c32.json 
2026-09-09T18:17:52Z kubectl --kubeconfig /tmp/tmp.wjqw4NLdFN/kubeconfig --context kind-wamn-receiving-journey apply -f /tmp/tmp.wjqw4NLdFN/bench-human-r2-pg-c64.json 
2026-09-09T18:18:07Z /home/kaalin/.cache/wamn-lanes/wasmcloud-2-8-baseline-20260909/target/debug/wamn-throughput report --evidence-dir /home/kaalin/dev/wamn/docs/perf/2026.09/wasmcloud-2-9-cutover/performance-baseline-001/journey/throughput/human-2 
2026-09-09T18:18:08Z kubectl --kubeconfig /tmp/tmp.wjqw4NLdFN/kubeconfig --context kind-wamn-receiving-journey apply -f /tmp/tmp.wjqw4NLdFN/bench-service-r2-route-c1.json 
2026-09-09T18:18:25Z kubectl --kubeconfig /tmp/tmp.wjqw4NLdFN/kubeconfig --context kind-wamn-receiving-journey apply -f /tmp/tmp.wjqw4NLdFN/bench-service-r2-route-c4.json 
2026-09-09T18:18:41Z kubectl --kubeconfig /tmp/tmp.wjqw4NLdFN/kubeconfig --context kind-wamn-receiving-journey apply -f /tmp/tmp.wjqw4NLdFN/bench-service-r2-route-c8.json 
2026-09-09T18:18:57Z kubectl --kubeconfig /tmp/tmp.wjqw4NLdFN/kubeconfig --context kind-wamn-receiving-journey apply -f /tmp/tmp.wjqw4NLdFN/bench-service-r2-route-c16.json 
2026-09-09T18:19:13Z kubectl --kubeconfig /tmp/tmp.wjqw4NLdFN/kubeconfig --context kind-wamn-receiving-journey apply -f /tmp/tmp.wjqw4NLdFN/bench-service-r2-route-c32.json 
2026-09-09T18:19:29Z kubectl --kubeconfig /tmp/tmp.wjqw4NLdFN/kubeconfig --context kind-wamn-receiving-journey apply -f /tmp/tmp.wjqw4NLdFN/bench-service-r2-route-c64.json 
2026-09-09T18:19:45Z kubectl --kubeconfig /tmp/tmp.wjqw4NLdFN/kubeconfig --context kind-wamn-receiving-journey apply -f /tmp/tmp.wjqw4NLdFN/bench-service-r2-nodb-c1.json 
2026-09-09T18:20:01Z kubectl --kubeconfig /tmp/tmp.wjqw4NLdFN/kubeconfig --context kind-wamn-receiving-journey apply -f /tmp/tmp.wjqw4NLdFN/bench-service-r2-nodb-c4.json 
2026-09-09T18:20:17Z kubectl --kubeconfig /tmp/tmp.wjqw4NLdFN/kubeconfig --context kind-wamn-receiving-journey apply -f /tmp/tmp.wjqw4NLdFN/bench-service-r2-nodb-c8.json 
2026-09-09T18:20:33Z kubectl --kubeconfig /tmp/tmp.wjqw4NLdFN/kubeconfig --context kind-wamn-receiving-journey apply -f /tmp/tmp.wjqw4NLdFN/bench-service-r2-nodb-c16.json 
2026-09-09T18:20:49Z kubectl --kubeconfig /tmp/tmp.wjqw4NLdFN/kubeconfig --context kind-wamn-receiving-journey apply -f /tmp/tmp.wjqw4NLdFN/bench-service-r2-nodb-c32.json 
2026-09-09T18:21:06Z kubectl --kubeconfig /tmp/tmp.wjqw4NLdFN/kubeconfig --context kind-wamn-receiving-journey apply -f /tmp/tmp.wjqw4NLdFN/bench-service-r2-nodb-c64.json 
2026-09-09T18:21:22Z kubectl --kubeconfig /tmp/tmp.wjqw4NLdFN/kubeconfig --context kind-wamn-receiving-journey apply -f /tmp/tmp.wjqw4NLdFN/bench-service-r2-pg-c1.json 
2026-09-09T18:21:38Z kubectl --kubeconfig /tmp/tmp.wjqw4NLdFN/kubeconfig --context kind-wamn-receiving-journey apply -f /tmp/tmp.wjqw4NLdFN/bench-service-r2-pg-c4.json 
2026-09-09T18:21:54Z kubectl --kubeconfig /tmp/tmp.wjqw4NLdFN/kubeconfig --context kind-wamn-receiving-journey apply -f /tmp/tmp.wjqw4NLdFN/bench-service-r2-pg-c8.json 
2026-09-09T18:22:10Z kubectl --kubeconfig /tmp/tmp.wjqw4NLdFN/kubeconfig --context kind-wamn-receiving-journey apply -f /tmp/tmp.wjqw4NLdFN/bench-service-r2-pg-c16.json 
2026-09-09T18:22:26Z kubectl --kubeconfig /tmp/tmp.wjqw4NLdFN/kubeconfig --context kind-wamn-receiving-journey apply -f /tmp/tmp.wjqw4NLdFN/bench-service-r2-pg-c32.json 
2026-09-09T18:22:43Z kubectl --kubeconfig /tmp/tmp.wjqw4NLdFN/kubeconfig --context kind-wamn-receiving-journey apply -f /tmp/tmp.wjqw4NLdFN/bench-service-r2-pg-c64.json 
2026-09-09T18:22:59Z /home/kaalin/.cache/wamn-lanes/wasmcloud-2-8-baseline-20260909/target/debug/wamn-throughput report --evidence-dir /home/kaalin/dev/wamn/docs/perf/2026.09/wasmcloud-2-9-cutover/performance-baseline-001/journey/throughput/service-2 
2026-09-09T18:23:00Z kubectl --kubeconfig /tmp/tmp.wjqw4NLdFN/kubeconfig --context kind-wamn-receiving-journey apply -f /tmp/tmp.wjqw4NLdFN/bench-service-r3-route-c1.json 
2026-09-09T18:23:16Z kubectl --kubeconfig /tmp/tmp.wjqw4NLdFN/kubeconfig --context kind-wamn-receiving-journey apply -f /tmp/tmp.wjqw4NLdFN/bench-service-r3-route-c4.json 
2026-09-09T18:23:32Z kubectl --kubeconfig /tmp/tmp.wjqw4NLdFN/kubeconfig --context kind-wamn-receiving-journey apply -f /tmp/tmp.wjqw4NLdFN/bench-service-r3-route-c8.json 
2026-09-09T18:23:48Z kubectl --kubeconfig /tmp/tmp.wjqw4NLdFN/kubeconfig --context kind-wamn-receiving-journey apply -f /tmp/tmp.wjqw4NLdFN/bench-service-r3-route-c16.json 
2026-09-09T18:24:04Z kubectl --kubeconfig /tmp/tmp.wjqw4NLdFN/kubeconfig --context kind-wamn-receiving-journey apply -f /tmp/tmp.wjqw4NLdFN/bench-service-r3-route-c32.json 
2026-09-09T18:24:20Z kubectl --kubeconfig /tmp/tmp.wjqw4NLdFN/kubeconfig --context kind-wamn-receiving-journey apply -f /tmp/tmp.wjqw4NLdFN/bench-service-r3-route-c64.json 
2026-09-09T18:24:36Z kubectl --kubeconfig /tmp/tmp.wjqw4NLdFN/kubeconfig --context kind-wamn-receiving-journey apply -f /tmp/tmp.wjqw4NLdFN/bench-service-r3-nodb-c1.json 
2026-09-09T18:24:52Z kubectl --kubeconfig /tmp/tmp.wjqw4NLdFN/kubeconfig --context kind-wamn-receiving-journey apply -f /tmp/tmp.wjqw4NLdFN/bench-service-r3-nodb-c4.json 
2026-09-09T18:25:09Z kubectl --kubeconfig /tmp/tmp.wjqw4NLdFN/kubeconfig --context kind-wamn-receiving-journey apply -f /tmp/tmp.wjqw4NLdFN/bench-service-r3-nodb-c8.json 
2026-09-09T18:25:25Z kubectl --kubeconfig /tmp/tmp.wjqw4NLdFN/kubeconfig --context kind-wamn-receiving-journey apply -f /tmp/tmp.wjqw4NLdFN/bench-service-r3-nodb-c16.json 
2026-09-09T18:25:41Z kubectl --kubeconfig /tmp/tmp.wjqw4NLdFN/kubeconfig --context kind-wamn-receiving-journey apply -f /tmp/tmp.wjqw4NLdFN/bench-service-r3-nodb-c32.json 
2026-09-09T18:25:57Z kubectl --kubeconfig /tmp/tmp.wjqw4NLdFN/kubeconfig --context kind-wamn-receiving-journey apply -f /tmp/tmp.wjqw4NLdFN/bench-service-r3-nodb-c64.json 
2026-09-09T18:26:13Z kubectl --kubeconfig /tmp/tmp.wjqw4NLdFN/kubeconfig --context kind-wamn-receiving-journey apply -f /tmp/tmp.wjqw4NLdFN/bench-service-r3-pg-c1.json 
2026-09-09T18:26:29Z kubectl --kubeconfig /tmp/tmp.wjqw4NLdFN/kubeconfig --context kind-wamn-receiving-journey apply -f /tmp/tmp.wjqw4NLdFN/bench-service-r3-pg-c4.json 
2026-09-09T18:26:46Z kubectl --kubeconfig /tmp/tmp.wjqw4NLdFN/kubeconfig --context kind-wamn-receiving-journey apply -f /tmp/tmp.wjqw4NLdFN/bench-service-r3-pg-c8.json 
2026-09-09T18:27:02Z kubectl --kubeconfig /tmp/tmp.wjqw4NLdFN/kubeconfig --context kind-wamn-receiving-journey apply -f /tmp/tmp.wjqw4NLdFN/bench-service-r3-pg-c16.json 
2026-09-09T18:27:18Z kubectl --kubeconfig /tmp/tmp.wjqw4NLdFN/kubeconfig --context kind-wamn-receiving-journey apply -f /tmp/tmp.wjqw4NLdFN/bench-service-r3-pg-c32.json 
2026-09-09T18:27:34Z kubectl --kubeconfig /tmp/tmp.wjqw4NLdFN/kubeconfig --context kind-wamn-receiving-journey apply -f /tmp/tmp.wjqw4NLdFN/bench-service-r3-pg-c64.json 
2026-09-09T18:27:50Z /home/kaalin/.cache/wamn-lanes/wasmcloud-2-8-baseline-20260909/target/debug/wamn-throughput report --evidence-dir /home/kaalin/dev/wamn/docs/perf/2026.09/wasmcloud-2-9-cutover/performance-baseline-001/journey/throughput/service-3 
2026-09-09T18:27:50Z kubectl --kubeconfig /tmp/tmp.wjqw4NLdFN/kubeconfig --context kind-wamn-receiving-journey apply -f /tmp/tmp.wjqw4NLdFN/bench-human-r3-route-c1.json 
2026-09-09T18:28:06Z kubectl --kubeconfig /tmp/tmp.wjqw4NLdFN/kubeconfig --context kind-wamn-receiving-journey apply -f /tmp/tmp.wjqw4NLdFN/bench-human-r3-route-c4.json 
2026-09-09T18:28:22Z kubectl --kubeconfig /tmp/tmp.wjqw4NLdFN/kubeconfig --context kind-wamn-receiving-journey apply -f /tmp/tmp.wjqw4NLdFN/bench-human-r3-route-c8.json 
2026-09-09T18:28:38Z kubectl --kubeconfig /tmp/tmp.wjqw4NLdFN/kubeconfig --context kind-wamn-receiving-journey apply -f /tmp/tmp.wjqw4NLdFN/bench-human-r3-route-c16.json 
2026-09-09T18:28:54Z kubectl --kubeconfig /tmp/tmp.wjqw4NLdFN/kubeconfig --context kind-wamn-receiving-journey apply -f /tmp/tmp.wjqw4NLdFN/bench-human-r3-route-c32.json 
2026-09-09T18:29:11Z kubectl --kubeconfig /tmp/tmp.wjqw4NLdFN/kubeconfig --context kind-wamn-receiving-journey apply -f /tmp/tmp.wjqw4NLdFN/bench-human-r3-route-c64.json 
2026-09-09T18:29:27Z kubectl --kubeconfig /tmp/tmp.wjqw4NLdFN/kubeconfig --context kind-wamn-receiving-journey apply -f /tmp/tmp.wjqw4NLdFN/bench-human-r3-nodb-c1.json 
2026-09-09T18:29:43Z kubectl --kubeconfig /tmp/tmp.wjqw4NLdFN/kubeconfig --context kind-wamn-receiving-journey apply -f /tmp/tmp.wjqw4NLdFN/bench-human-r3-nodb-c4.json 
2026-09-09T18:29:59Z kubectl --kubeconfig /tmp/tmp.wjqw4NLdFN/kubeconfig --context kind-wamn-receiving-journey apply -f /tmp/tmp.wjqw4NLdFN/bench-human-r3-nodb-c8.json 
2026-09-09T18:30:15Z kubectl --kubeconfig /tmp/tmp.wjqw4NLdFN/kubeconfig --context kind-wamn-receiving-journey apply -f /tmp/tmp.wjqw4NLdFN/bench-human-r3-nodb-c16.json 
2026-09-09T18:30:31Z kubectl --kubeconfig /tmp/tmp.wjqw4NLdFN/kubeconfig --context kind-wamn-receiving-journey apply -f /tmp/tmp.wjqw4NLdFN/bench-human-r3-nodb-c32.json 
2026-09-09T18:30:47Z kubectl --kubeconfig /tmp/tmp.wjqw4NLdFN/kubeconfig --context kind-wamn-receiving-journey apply -f /tmp/tmp.wjqw4NLdFN/bench-human-r3-nodb-c64.json 
2026-09-09T18:31:03Z kubectl --kubeconfig /tmp/tmp.wjqw4NLdFN/kubeconfig --context kind-wamn-receiving-journey apply -f /tmp/tmp.wjqw4NLdFN/bench-human-r3-pg-c1.json 
2026-09-09T18:31:20Z kubectl --kubeconfig /tmp/tmp.wjqw4NLdFN/kubeconfig --context kind-wamn-receiving-journey apply -f /tmp/tmp.wjqw4NLdFN/bench-human-r3-pg-c4.json 
2026-09-09T18:31:36Z kubectl --kubeconfig /tmp/tmp.wjqw4NLdFN/kubeconfig --context kind-wamn-receiving-journey apply -f /tmp/tmp.wjqw4NLdFN/bench-human-r3-pg-c8.json 
2026-09-09T18:31:52Z kubectl --kubeconfig /tmp/tmp.wjqw4NLdFN/kubeconfig --context kind-wamn-receiving-journey apply -f /tmp/tmp.wjqw4NLdFN/bench-human-r3-pg-c16.json 
2026-09-09T18:32:08Z kubectl --kubeconfig /tmp/tmp.wjqw4NLdFN/kubeconfig --context kind-wamn-receiving-journey apply -f /tmp/tmp.wjqw4NLdFN/bench-human-r3-pg-c32.json 
2026-09-09T18:32:24Z kubectl --kubeconfig /tmp/tmp.wjqw4NLdFN/kubeconfig --context kind-wamn-receiving-journey apply -f /tmp/tmp.wjqw4NLdFN/bench-human-r3-pg-c64.json 
2026-09-09T18:32:40Z /home/kaalin/.cache/wamn-lanes/wasmcloud-2-8-baseline-20260909/target/debug/wamn-throughput report --evidence-dir /home/kaalin/dev/wamn/docs/perf/2026.09/wasmcloud-2-9-cutover/performance-baseline-001/journey/throughput/human-3 
2026-09-09T18:32:41Z kind delete cluster --name wamn-receiving-journey 
2026-09-09T18:32:42Z docker rm --force --volumes wamn-receiving-pg18-dfa1c3187fe8-3663114 
2026-09-09T18:32:43Z docker rm --force --volumes wamn-receiving-registry-dfa1c3187fe8-3663114 
2026-09-09T18:32:43Z docker rm --force --volumes wamn-receiving-nats-dfa1c3187fe8-3663114 
2026-09-09T18:32:43Z docker image rm wamn-host:receiving-dfa1c3187fe8-3663114-release 
2026-09-09T18:32:43Z rm -rf -- /tmp/tmp.wjqw4NLdFN 
