2026-09-09T18:01:12.494729047Z 2026-09-09T18:01:12.494508Z  INFO connected to NATS
2026-09-09T18:01:12.538219695Z 2026-09-09T18:01:12.538115Z  INFO wiring activation doorbell listening; dropped every cached pointer channel="wamn_wiring_activation" dropped=0
2026-09-09T18:01:12.646215978Z 2026-09-09T18:01:12.646123Z  INFO release component pull completed component_digest=sha256:710586d8b7fa9ff054d84203d981832659ae9baa618ed03b14588d1168d68d2e component_bytes=466355 elapsed_ms=16
2026-09-09T18:01:12.647689959Z 2026-09-09T18:01:12.647609Z  INFO release component pull completed component_digest=sha256:1f481deceaea9e217fb19819c750ce39fec8e9a1e19686e43dc2ebf65b1d9fef component_bytes=669281 elapsed_ms=18
2026-09-09T18:01:13.221879759Z 2026-09-09T18:01:13.221798Z  INFO release component compilation completed component_digest=sha256:710586d8b7fa9ff054d84203d981832659ae9baa618ed03b14588d1168d68d2e compile_ms=575 compile_wall_ms=575
2026-09-09T18:01:13.228530019Z 2026-09-09T18:01:13.228442Z  INFO release component compilation completed component_digest=sha256:1f481deceaea9e217fb19819c750ce39fec8e9a1e19686e43dc2ebf65b1d9fef compile_ms=580 compile_wall_ms=580
2026-09-09T18:01:13.228872954Z 2026-09-09T18:01:13.228830Z  WARN wamn.component.linker_setup:wamn.linker.register: component imports wamn:postgres but sets no wamn.tenant; calls will be refused component="receiving#0"
2026-09-09T18:01:13.229138347Z 2026-09-09T18:01:13.229110Z  INFO release component instantiation completed component_digest=sha256:1f481deceaea9e217fb19819c750ce39fec8e9a1e19686e43dc2ebf65b1d9fef elapsed_ms=0 total_elapsed_ms=600
2026-09-09T18:01:13.229410077Z 2026-09-09T18:01:13.229384Z  WARN wamn.component.linker_setup:wamn.linker.register: component imports wamn:postgres but sets no wamn.tenant; calls will be refused component="client_acme_receiving#1"
2026-09-09T18:01:13.229562997Z 2026-09-09T18:01:13.229539Z  INFO release component instantiation completed component_digest=sha256:710586d8b7fa9ff054d84203d981832659ae9baa618ed03b14588d1168d68d2e elapsed_ms=0 total_elapsed_ms=600
2026-09-09T18:01:13.229585158Z 2026-09-09T18:01:13.229558Z  INFO synchronous release preload completed synchronous_wirings=13 component_digests=2 elapsed_ms=710
2026-09-09T18:01:13.229687035Z 2026-09-09T18:01:13.229648Z  INFO release preload completed; component cache warm
2026-09-09T18:01:13.236778170Z 2026-09-09T18:01:13.236694Z  INFO wamn-host starting (base plugins: wasi:config, wamn:logging, wasi:otel, wamn:postgres, wamn:jetstream, wamn:flow-http-routing) router_delivery=true
2026-09-09T18:01:13.236795764Z 2026-09-09T18:01:13.236713Z  INFO wamn-host welded to its release effective_release_id=1 manifest_digest=sha256:e633957452b28418875cdc69a5574d078da95daf94aa9fda76c5ad84cc3dee94
2026-09-09T18:01:13.236798206Z 2026-09-09T18:01:13.236724Z  INFO HTTP server listening addr=0.0.0.0:80 protocol="HTTP"
2026-09-09T18:01:13.236804968Z 2026-09-09T18:01:13.236748Z  INFO Starting WASI OTel plugin endpoint=http://otel-collector.wamn-system.svc.cluster.local:4317 protocol="grpc"
2026-09-09T18:01:13.237251945Z 2026-09-09T18:01:13.237208Z  INFO WASI OTel plugin started
2026-09-09T18:01:13.237258608Z 2026-09-09T18:01:13.237220Z  INFO Host started host_id="ee351b0b-600a-4218-b482-0e56be21058b" friendly_name="modern-rail-9562" host_name="10.244.2.5" labels={"hostgroup": "default"} version="2.8.0"
2026-09-09T18:01:13.237321877Z 2026-09-09T18:01:13.237290Z  INFO Host provides interfaces count=10 interfaces=["wasi:cli/stdout,terminal-stdin,terminal-output,exit,environment,stderr,terminal-stderr,stdin,terminal-stdout,terminal-input@0.2.0", "wasi:clocks/wall-clock,monotonic-clock@0.2.0", "wasi:clocks/wall-time,monotonic-clock@0.2.0", "wasi:filesystem/types,preopens@0.2.0", "wasi:http/types,handler@0.3.0", "wasi:http/types,incoming-handler,outgoing-handler@0.2.0", "wasi:io/streams,poll,error@0.2.0", "wasi:random/random@0.2.0", "wasi:random/insecure,random,insecure-seed@0.2.0", "wasi:sockets/instance-network,ip-name-lookup,network,tcp,udp-create-socket,udp,tcp-create-socket@0.2.0"]
2026-09-09T18:01:13.237364467Z 2026-09-09T18:01:13.237325Z  INFO wamn-host runtime startup completed elapsed_ms=883
2026-09-09T18:01:23.739573966Z 2026-09-09T18:01:23.739481Z  INFO workload_start{workload_id=07ab5020-a87e-44bb-aa60-21dd56479b84 workload.name="flow-http-659fc7c9df-6cf6b6fdb5" workload.namespace="wamn-receiving-journey"}: Starting workload workload_id="07ab5020-a87e-44bb-aa60-21dd56479b84" namespace="wamn-receiving-journey" name="flow-http-659fc7c9df-6cf6b6fdb5"
2026-09-09T18:01:23.881052713Z 2026-09-09T18:01:23.880992Z  INFO workload_stop{workload_id=07ab5020-a87e-44bb-aa60-21dd56479b84}: Stopping workload workload_id="07ab5020-a87e-44bb-aa60-21dd56479b84"
2026-09-09T18:01:23.945947854Z 2026-09-09T18:01:23.945874Z  INFO workload_start{workload_id=01aed260-275e-4b1f-a726-0a1c203376c6 workload.name="flow-http-77c9f77bcc-5b45c5ccc8" workload.namespace="wamn-receiving-journey"}: Starting workload workload_id="01aed260-275e-4b1f-a726-0a1c203376c6" namespace="wamn-receiving-journey" name="flow-http-77c9f77bcc-5b45c5ccc8"
2026-09-09T18:01:25.958740761Z 2026-09-09T18:01:25.958648Z  WARN handle_http_request{http.method=POST http.uri=/purchase_order/get http.host=receiving.localhost http.request.method=POST url.path=/purchase_order/get server.address="receiving.localhost"}:invoke_component_handler{workload.name="flow-http-77c9f77bcc-5b45c5ccc8" workload.namespace="wamn-receiving-journey" workload.id="01aed260-275e-4b1f-a726-0a1c203376c6"}:http.handle:wamn.component.invoke{wamn.tenant=receiving-route-auth wamn.project=receiving wamn.environment=dev wamn.wiring_id=purchase_order_get wamn.wiring_version=1 wamn.component_digest=sha256:1f481deceaea9e217fb19819c750ce39fec8e9a1e19686e43dc2ebf65b1d9fef wamn.node_id=operation wamn.operation=wamn-receiving:purchase-order/get@1.0.0 wamn.caller_principal_id="cb2d61e2-b73b-412c-9bd3-a5672c49aede" wamn.caller_credential_kind="pat"}:wamn.component.linker_setup:wamn.linker.register: component imports wamn:postgres but sets no wamn.tenant; calls will be refused component="receiving#2"
2026-09-09T18:01:29.199731395Z 2026-09-09T18:01:29.199673Z  INFO shutting down wamn-host
2026-09-09T18:01:29.199757012Z 2026-09-09T18:01:29.199715Z  INFO HTTP server stopping addr=0.0.0.0:80
2026-09-09T18:01:29.199759348Z 2026-09-09T18:01:29.199742Z  INFO Stopping WASI OTel plugin
2026-09-09T18:01:29.199997387Z 2026-09-09T18:01:29.199949Z  INFO WASI OTel plugin stopped
2026-09-09T18:01:29.200002173Z 2026-09-09T18:01:29.199975Z  INFO HTTP server received shutdown signal
