2026-09-09T18:01:30.150089641Z 2026-09-09T18:01:30.149988Z  INFO connected to NATS
2026-09-09T18:01:30.169743560Z 2026-09-09T18:01:30.169641Z  INFO wiring activation doorbell listening; dropped every cached pointer channel="wamn_wiring_activation" dropped=0
2026-09-09T18:01:30.272110208Z 2026-09-09T18:01:30.272035Z  INFO release component pull completed component_digest=sha256:1f481deceaea9e217fb19819c750ce39fec8e9a1e19686e43dc2ebf65b1d9fef component_bytes=669281 elapsed_ms=19
2026-09-09T18:01:30.272130873Z 2026-09-09T18:01:30.272086Z  INFO release component pull completed component_digest=sha256:710586d8b7fa9ff054d84203d981832659ae9baa618ed03b14588d1168d68d2e component_bytes=466355 elapsed_ms=19
2026-09-09T18:01:30.277821253Z 2026-09-09T18:01:30.277742Z  INFO release component compilation completed component_digest=sha256:710586d8b7fa9ff054d84203d981832659ae9baa618ed03b14588d1168d68d2e compile_ms=5 compile_wall_ms=5
2026-09-09T18:01:30.279740562Z 2026-09-09T18:01:30.279661Z  INFO release component compilation completed component_digest=sha256:1f481deceaea9e217fb19819c750ce39fec8e9a1e19686e43dc2ebf65b1d9fef compile_ms=7 compile_wall_ms=7
2026-09-09T18:01:30.280289481Z 2026-09-09T18:01:30.280229Z  WARN wamn.component.linker_setup:wamn.linker.register: component imports wamn:postgres but sets no wamn.tenant; calls will be refused component="receiving#0"
2026-09-09T18:01:30.280703539Z 2026-09-09T18:01:30.280657Z  INFO release component instantiation completed component_digest=sha256:1f481deceaea9e217fb19819c750ce39fec8e9a1e19686e43dc2ebf65b1d9fef elapsed_ms=0 total_elapsed_ms=28
2026-09-09T18:01:30.281179074Z 2026-09-09T18:01:30.281130Z  WARN wamn.component.linker_setup:wamn.linker.register: component imports wamn:postgres but sets no wamn.tenant; calls will be refused component="client_acme_receiving#1"
2026-09-09T18:01:30.281388789Z 2026-09-09T18:01:30.281349Z  INFO release component instantiation completed component_digest=sha256:710586d8b7fa9ff054d84203d981832659ae9baa618ed03b14588d1168d68d2e elapsed_ms=0 total_elapsed_ms=29
2026-09-09T18:01:30.281399476Z 2026-09-09T18:01:30.281373Z  INFO synchronous release preload completed synchronous_wirings=13 component_digests=2 elapsed_ms=116
2026-09-09T18:01:30.281480716Z 2026-09-09T18:01:30.281446Z  INFO release preload completed; component cache warm
2026-09-09T18:01:30.289032350Z 2026-09-09T18:01:30.288918Z  INFO wamn-host starting (base plugins: wasi:config, wamn:logging, wasi:otel, wamn:postgres, wamn:jetstream, wamn:flow-http-routing) router_delivery=true
2026-09-09T18:01:30.289050860Z 2026-09-09T18:01:30.288934Z  INFO wamn-host welded to its release effective_release_id=1 manifest_digest=sha256:e633957452b28418875cdc69a5574d078da95daf94aa9fda76c5ad84cc3dee94
2026-09-09T18:01:30.289052449Z 2026-09-09T18:01:30.288946Z  INFO HTTP server listening addr=0.0.0.0:80 protocol="HTTP"
2026-09-09T18:01:30.289054068Z 2026-09-09T18:01:30.288965Z  INFO Starting WASI OTel plugin endpoint=http://otel-collector.wamn-system.svc.cluster.local:4317 protocol="grpc"
2026-09-09T18:01:30.289577425Z 2026-09-09T18:01:30.289528Z  INFO WASI OTel plugin started
2026-09-09T18:01:30.289587797Z 2026-09-09T18:01:30.289542Z  INFO Host started host_id="d0c23a7a-bb4e-4895-a845-6dbcc71659d2" friendly_name="obsolete-money-1162" host_name="10.244.2.5" labels={"hostgroup": "default"} version="2.8.0"
2026-09-09T18:01:30.289678144Z 2026-09-09T18:01:30.289644Z  INFO Host provides interfaces count=10 interfaces=["wasi:cli/terminal-output,terminal-stdin,terminal-stdout,exit,terminal-input,stderr,environment,stdin,terminal-stderr,stdout@0.2.0", "wasi:clocks/wall-time,monotonic-clock@0.2.0", "wasi:clocks/monotonic-clock,wall-clock@0.2.0", "wasi:filesystem/types,preopens@0.2.0", "wasi:http/types,incoming-handler,outgoing-handler@0.2.0", "wasi:http/handler,types@0.3.0", "wasi:io/streams,error,poll@0.2.0", "wasi:random/random@0.2.0", "wasi:random/insecure,random,insecure-seed@0.2.0", "wasi:sockets/instance-network,network,udp-create-socket,tcp,udp,ip-name-lookup,tcp-create-socket@0.2.0"]
2026-09-09T18:01:30.289738761Z 2026-09-09T18:01:30.289687Z  INFO wamn-host runtime startup completed elapsed_ms=240
