{
  "summary": {
    "successRate": 1.0,
    "total": 10.002082268,
    "slowest": 0.008582412,
    "fastest": 0.000203906,
    "average": 0.0004885487052843016,
    "requestsPerSec": 8113.310591298167,
    "totalData": 2921256,
    "sizePerRequest": 36,
    "sizePerSec": 292064.7842845757
  },
  "metrics": {
    "success_rate": 1.0,
    "requests_per_sec": 8113.310591298167,
    "latency_ms": {
      "min": 0.204,
      "mean": 0.489,
      "p50": 0.452,
      "p95": 0.751,
      "p99": 1.165,
      "max": 8.582
    }
  },
  "responseTimeHistogram": {
    "0.000203906": 1,
    "0.0010417565999999998": 79981,
    "0.0018796071999999998": 1022,
    "0.0027174578": 90,
    "0.0035553083999999993": 32,
    "0.004393159": 13,
    "0.005231009599999999": 6,
    "0.0060688602": 0,
    "0.006906710799999999": 0,
    "0.007744561399999999": 0,
    "0.008582412": 1
  },
  "latencyPercentiles": {
    "p10": 0.000370268,
    "p25": 0.000409461,
    "p50": 0.000452029,
    "p75": 0.000510119,
    "p90": 0.000629113,
    "p95": 0.000750925,
    "p99": 0.00116456,
    "p99.9": 0.002205126,
    "p99.99": 0.004258942
  },
  "firstByteHistogram": {
    "0.000201747": 1,
    "0.0010394020999999999": 80004,
    "0.0018770571999999998": 999,
    "0.0027147122999999994": 91,
    "0.0035523673999999996": 32,
    "0.0043900225": 12,
    "0.005227677599999999": 6,
    "0.0060653326999999995": 0,
    "0.0069029878": 0,
    "0.0077406429": 0,
    "0.008578298": 1
  },
  "firstBytePercentiles": {
    "p10": 0.000365827,
    "p25": 0.000404706,
    "p50": 0.000446856,
    "p75": 0.000504726,
    "p90": 0.000623196,
    "p95": 0.000744893,
    "p99": 0.001153445,
    "p99.9": 0.002193658,
    "p99.99": 0.004255283
  },
  "rps": {
    "mean": 8112.421407313062,
    "stddev": 1156.4951424627584,
    "max": 11298.279149941925,
    "min": 2383.022051077896,
    "percentiles": {
      "p10": 6818.266818633813,
      "p25": 7521.7099113170625,
      "p50": 8207.558340475836,
      "p75": 8716.819325877932,
      "p90": 9362.259022499624,
      "p95": 10102.920471426623,
      "p99": 10884.050995406906,
      "p99.9": 11076.13444978001,
      "p99.99": 11298.279149941925
    }
  },
  "details": {
    "DNSDialup": {
      "average": 0.0005811244999999999,
      "fastest": 0.000489407,
      "slowest": 0.000630898
    },
    "DNSLookup": {
      "average": 0.00009739775,
      "fastest": 0.000074765,
      "slowest": 0.000119663
    },
    "firstByte": {
      "average": 0.0004833461592315108,
      "fastest": 0.000201747,
      "slowest": 0.008578298
    }
  },
  "statusCodeDistribution": {
    "404": 81146
  },
  "errorDistribution": {
    "aborted due to deadline": 4
  }
}