{
  "summary": {
    "successRate": 1.0,
    "total": 10.004443808,
    "slowest": 0.028477046,
    "fastest": 0.000278679,
    "average": 0.0024545762314519383,
    "requestsPerSec": 13010.918197762545,
    "totalData": 4684860,
    "sizePerRequest": 36,
    "sizePerSec": 468277.9062893808
  },
  "metrics": {
    "success_rate": 1.0,
    "requests_per_sec": 13010.918197762545,
    "latency_ms": {
      "min": 0.279,
      "mean": 2.455,
      "p50": 2.376,
      "p95": 4.174,
      "p99": 5.484,
      "max": 28.477
    }
  },
  "responseTimeHistogram": {
    "0.000278679": 1,
    "0.0030985157": 99765,
    "0.0059183524": 29541,
    "0.0087381891": 703,
    "0.0115580258": 75,
    "0.0143778625": 27,
    "0.0171976992": 5,
    "0.020017535899999998": 0,
    "0.0228373726": 1,
    "0.0256572093": 2,
    "0.028477046": 15
  },
  "latencyPercentiles": {
    "p10": 0.001237611,
    "p25": 0.001763671,
    "p50": 0.002376307,
    "p75": 0.003041595,
    "p90": 0.003707726,
    "p95": 0.004173888,
    "p99": 0.005483687,
    "p99.9": 0.008680605,
    "p99.99": 0.026259045
  },
  "firstByteHistogram": {
    "0.00027546": 1,
    "0.0030920937": 99973,
    "0.0059087274": 29360,
    "0.0087253611": 683,
    "0.0115419948": 70,
    "0.0143586285": 26,
    "0.017175262200000003": 4,
    "0.0199918959": 0,
    "0.022808529600000002": 1,
    "0.025625163300000003": 2,
    "0.028441797": 15
  },
  "firstBytePercentiles": {
    "p10": 0.001228545,
    "p25": 0.001754529,
    "p50": 0.002366309,
    "p75": 0.003029931,
    "p90": 0.003693652,
    "p95": 0.004156724,
    "p99": 0.00544973,
    "p99.9": 0.008632741,
    "p99.99": 0.026209113
  },
  "rps": {
    "mean": 13006.1823076924,
    "stddev": 2054.5579481442355,
    "max": 19046.482941619015,
    "min": 3682.0383928189985,
    "percentiles": {
      "p10": 10560.307581143,
      "p25": 11812.697468508468,
      "p50": 13108.885202389785,
      "p75": 14038.752572601104,
      "p90": 15606.529772056556,
      "p95": 16903.490570803035,
      "p99": 18100.39820876057,
      "p99.9": 18892.288830939102,
      "p99.99": 19046.482941619015
    }
  },
  "details": {
    "DNSDialup": {
      "average": 0.0016450702499999999,
      "fastest": 0.000454237,
      "slowest": 0.003131402
    },
    "DNSLookup": {
      "average": 0.00003842687500000001,
      "fastest": 0.000013712,
      "slowest": 0.000232739
    },
    "firstByte": {
      "average": 0.0024432216850194103,
      "fastest": 0.00027546,
      "slowest": 0.028441797
    }
  },
  "statusCodeDistribution": {
    "404": 130135
  },
  "errorDistribution": {
    "aborted due to deadline": 32
  }
}