{
  "summary": {
    "successRate": 1.0,
    "total": 10.001452483,
    "slowest": 0.004244591,
    "fastest": 0.00018553,
    "average": 0.00033764952256678014,
    "requestsPerSec": 2930.9742809683457,
    "totalData": 1055268,
    "sizePerRequest": 36,
    "sizePerSec": 105511.47463767839
  },
  "metrics": {
    "success_rate": 1.0,
    "requests_per_sec": 2930.9742809683457,
    "latency_ms": {
      "min": 0.186,
      "mean": 0.338,
      "p50": 0.329,
      "p95": 0.429,
      "p99": 0.517,
      "max": 4.245
    }
  },
  "responseTimeHistogram": {
    "0.00018553": 1,
    "0.0005914361": 29171,
    "0.0009973422": 108,
    "0.0014032483": 10,
    "0.0018091544": 11,
    "0.0022150605": 2,
    "0.0026209666000000004": 5,
    "0.0030268727": 2,
    "0.0034327788000000003": 1,
    "0.0038386849000000005": 0,
    "0.004244591": 2
  },
  "latencyPercentiles": {
    "p10": 0.000278317,
    "p25": 0.000301162,
    "p50": 0.000329015,
    "p75": 0.000361522,
    "p90": 0.000398995,
    "p95": 0.000428828,
    "p99": 0.000517456,
    "p99.9": 0.001107782,
    "p99.99": 0.003358716
  },
  "firstByteHistogram": {
    "0.000183434": 1,
    "0.000588613": 29175,
    "0.000993792": 104,
    "0.0013989710000000002": 10,
    "0.00180415": 11,
    "0.0022093290000000003": 2,
    "0.002614508": 5,
    "0.0030196870000000005": 2,
    "0.0034248660000000004": 1,
    "0.0038300450000000002": 0,
    "0.004235224": 2
  },
  "firstBytePercentiles": {
    "p10": 0.000275123,
    "p25": 0.00029761,
    "p50": 0.000325023,
    "p75": 0.000357047,
    "p90": 0.000394215,
    "p95": 0.000423436,
    "p99": 0.000511052,
    "p99.9": 0.001101005,
    "p99.99": 0.003348901
  },
  "rps": {
    "mean": 2930.4419007157085,
    "stddev": 298.08823154727116,
    "max": 3913.0464882966344,
    "min": 1135.153197179622,
    "percentiles": {
      "p10": 2561.4433917935853,
      "p25": 2791.5217143168943,
      "p50": 2958.6477959348827,
      "p75": 3092.9617490326905,
      "p90": 3218.348448172745,
      "p95": 3366.471999573174,
      "p99": 3713.9197713028525,
      "p99.9": 3881.8654365648003,
      "p99.99": 3913.0464882966344
    }
  },
  "details": {
    "DNSDialup": {
      "average": 0.00048499,
      "fastest": 0.00048499,
      "slowest": 0.00048499
    },
    "DNSLookup": {
      "average": 0.000105709,
      "fastest": 0.000105709,
      "slowest": 0.000105709
    },
    "firstByte": {
      "average": 0.00033359330921434014,
      "fastest": 0.000183434,
      "slowest": 0.004235224
    }
  },
  "statusCodeDistribution": {
    "404": 29313
  },
  "errorDistribution": {
    "aborted due to deadline": 1
  }
}