{
  "summary": {
    "successRate": 1.0,
    "total": 10.00190382,
    "slowest": 0.018637859,
    "fastest": 0.002693619,
    "average": 0.0052794709347352,
    "requestsPerSec": 1512.8119878281332,
    "totalData": 4355424,
    "sizePerRequest": 288,
    "sizePerSec": 435459.4963501658
  },
  "metrics": {
    "success_rate": 1.0,
    "requests_per_sec": 1512.8119878281332,
    "latency_ms": {
      "min": 2.694,
      "mean": 5.279,
      "p50": 4.994,
      "p95": 7.832,
      "p99": 10.299,
      "max": 18.638
    }
  },
  "responseTimeHistogram": {
    "0.002693619": 1,
    "0.004288043": 3463,
    "0.005882467": 7918,
    "0.007476890999999999": 2722,
    "0.009071315": 687,
    "0.010665738999999999": 211,
    "0.012260163": 88,
    "0.013854586999999998": 17,
    "0.015449010999999999": 11,
    "0.017043435": 3,
    "0.018637859": 2
  },
  "latencyPercentiles": {
    "p10": 0.00388564,
    "p25": 0.00434739,
    "p50": 0.004993911,
    "p75": 0.005870646,
    "p90": 0.00698421,
    "p95": 0.007831693,
    "p99": 0.010299191,
    "p99.9": 0.013857338,
    "p99.99": 0.018424931
  },
  "firstByteHistogram": {
    "0.002687224": 1,
    "0.0042817047": 3483,
    "0.0058761854": 7913,
    "0.0074706661": 2710,
    "0.0090651468": 685,
    "0.0106596275": 212,
    "0.0122541082": 86,
    "0.0138485889": 18,
    "0.0154430696": 10,
    "0.0170375503": 3,
    "0.018632031": 2
  },
  "firstBytePercentiles": {
    "p10": 0.003875583,
    "p25": 0.004335811,
    "p50": 0.004982842,
    "p75": 0.005856638,
    "p90": 0.006969058,
    "p95": 0.007816979,
    "p99": 0.010247615,
    "p99.9": 0.013847938,
    "p99.99": 0.01841797
  },
  "rps": {
    "mean": 1511.0273900484044,
    "stddev": 265.2083192354983,
    "max": 2312.1680153978305,
    "min": 283.84742122488944,
    "percentiles": {
      "p10": 1162.9712901506664,
      "p25": 1344.2225006715128,
      "p50": 1540.7666834472534,
      "p75": 1698.6936479616002,
      "p90": 1822.9556833776455,
      "p95": 1878.801810722921,
      "p99": 1999.9229503368294,
      "p99.9": 2107.3705284230286,
      "p99.99": 2312.1680153978305
    }
  },
  "details": {
    "DNSDialup": {
      "average": 0.0004901417499999999,
      "fastest": 0.000365518,
      "slowest": 0.000674423
    },
    "DNSLookup": {
      "average": 0.000054653625,
      "fastest": 0.000026428,
      "slowest": 0.000083952
    },
    "firstByte": {
      "average": 0.005267840617403966,
      "fastest": 0.002687224,
      "slowest": 0.018632031
    }
  },
  "statusCodeDistribution": {
    "200": 15123
  },
  "errorDistribution": {
    "aborted due to deadline": 8
  }
}