{
  "summary": {
    "successRate": 1.0,
    "total": 10.001943468,
    "slowest": 0.012349234,
    "fastest": 0.002059471,
    "average": 0.003484659231394126,
    "requestsPerSec": 1144.9774772912162,
    "totalData": 3297024,
    "sizePerRequest": 288,
    "sizePerSec": 329638.33584427135
  },
  "metrics": {
    "success_rate": 1.0,
    "requests_per_sec": 1144.9774772912162,
    "latency_ms": {
      "min": 2.059,
      "mean": 3.485,
      "p50": 3.306,
      "p95": 4.97,
      "p99": 6.374,
      "max": 12.349
    }
  },
  "responseTimeHistogram": {
    "0.002059471": 1,
    "0.0030884473": 3680,
    "0.0041174236": 6095,
    "0.0051463999": 1209,
    "0.006175376200000001": 319,
    "0.0072043525": 87,
    "0.0082333288": 33,
    "0.009262305100000002": 11,
    "0.010291281400000001": 5,
    "0.011320257700000001": 6,
    "0.012349234": 2
  },
  "latencyPercentiles": {
    "p10": 0.002760042,
    "p25": 0.002999881,
    "p50": 0.003306215,
    "p75": 0.003746986,
    "p90": 0.004375307,
    "p95": 0.004970173,
    "p99": 0.006373969,
    "p99.9": 0.009379531,
    "p99.99": 0.01159227
  },
  "firstByteHistogram": {
    "0.002052528": 1,
    "0.0030814953": 3698,
    "0.0041104626": 6083,
    "0.005139429900000001": 1206,
    "0.0061683972": 317,
    "0.007197364500000001": 87,
    "0.0082263318": 32,
    "0.009255299100000001": 11,
    "0.0102842664": 5,
    "0.0113132337": 6,
    "0.012342201": 2
  },
  "firstBytePercentiles": {
    "p10": 0.002752111,
    "p25": 0.002991075,
    "p50": 0.003297731,
    "p75": 0.003737586,
    "p90": 0.004365342,
    "p95": 0.004956068,
    "p99": 0.006364366,
    "p99.9": 0.009371285,
    "p99.99": 0.011585637
  },
  "rps": {
    "mean": 1145.5068971348803,
    "stddev": 201.90583527888754,
    "max": 1710.2267110732707,
    "min": 219.17947533255494,
    "percentiles": {
      "p10": 900.806942859473,
      "p25": 1014.0098987645765,
      "p50": 1153.843047345673,
      "p75": 1284.9933126806136,
      "p90": 1394.1564060980245,
      "p95": 1457.83822515,
      "p99": 1571.6293069799494,
      "p99.9": 1700.815257446741,
      "p99.99": 1710.2267110732707
    }
  },
  "details": {
    "DNSDialup": {
      "average": 0.00037306575,
      "fastest": 0.000340259,
      "slowest": 0.000388195
    },
    "DNSLookup": {
      "average": 0.00007440975,
      "fastest": 0.000050713,
      "slowest": 0.00009907
    },
    "firstByte": {
      "average": 0.003475837145440248,
      "fastest": 0.002052528,
      "slowest": 0.012342201
    }
  },
  "statusCodeDistribution": {
    "200": 11448
  },
  "errorDistribution": {
    "aborted due to deadline": 4
  }
}