    Checking wamn-postgres-statements v0.1.0 (/home/kaalin/.cache/wamn-lanes/exclusion-constraints-20260910/components/data/postgres-statements)
    Checking futures-core v0.3.34
    Checking futures-util v0.3.34
    Checking wamn-execution-contract v0.1.0 (/home/kaalin/.cache/wamn-lanes/exclusion-constraints-20260910/components/execution/contract)
    Checking wamn-receiving-data-access v0.1.0 (/home/kaalin/.cache/wamn-lanes/exclusion-constraints-20260910/components/data/receiving-data)
    Checking futures-executor v0.3.34
error: these match arms have identical bodies
   --> data/receiving-data/src/error.rs:293:9
    |
293 | /         StatementErrorKind::UniqueViolation
294 | |         | StatementErrorKind::ForeignKeyViolation
295 | |         | StatementErrorKind::CheckViolation
296 | |         | StatementErrorKind::ExclusionViolation => (AccessErrorKind::InternalError, None),
    | |__________________________________________________________________________________________^
297 |           StatementErrorKind::PermissionDenied => (AccessErrorKind::PermissionDenied, None),
298 | /         StatementErrorKind::UnknownStatement
299 | |         | StatementErrorKind::StatementContractMismatch
300 | |         | StatementErrorKind::RowLimitExceeded
301 | |         | StatementErrorKind::QueryError
302 | |         | StatementErrorKind::InvalidResult => (AccessErrorKind::InternalError, None),
    | |_____________________________________________________________________________________^
    |
    = help: if this is unintentional make the arms return different values
    = help: for further information visit https://rust-lang.github.io/rust-clippy/rust-1.98.0/index.html#match_same_arms
    = note: `-D clippy::match-same-arms` implied by `-D warnings`
    = help: to override `-D warnings` add `#[allow(clippy::match_same_arms)]`
help: otherwise merge the patterns into a single arm
    |
293 |         StatementErrorKind::UniqueViolation
294 |         | StatementErrorKind::ForeignKeyViolation
295 |         | StatementErrorKind::CheckViolation
296 ~         | StatementErrorKind::ExclusionViolation | StatementErrorKind::UnknownStatement
297 +         | StatementErrorKind::StatementContractMismatch
298 +         | StatementErrorKind::RowLimitExceeded
299 +         | StatementErrorKind::QueryError
300 ~         | StatementErrorKind::InvalidResult => (AccessErrorKind::InternalError, None),
301 |         StatementErrorKind::PermissionDenied => (AccessErrorKind::PermissionDenied, None),
302 ~         }
    |

    Checking wamn-client-acme-receiving-data-access v0.1.0 (/home/kaalin/.cache/wamn-lanes/exclusion-constraints-20260910/components/data/client-acme-receiving-data)
error: could not compile `wamn-receiving-data-access` (lib) due to 1 previous error
warning: build failed, waiting for other jobs to finish...
