    Checking serde_json v1.0.151
    Checking futures-io v0.3.34
    Checking futures-util v0.3.34
    Checking schemars v0.8.22
    Checking wamn-execution-contract v0.1.0 (/home/kaalin/.cache/wamn-lanes/consolidation-sql-wiring-20260912/apps/platform/execution/contract)
    Checking boon v0.6.1
    Checking tokio-util v0.7.19
    Checking postgres-types v0.2.14
    Checking wamn-event-wire v0.1.0 (/home/kaalin/.cache/wamn-lanes/consolidation-sql-wiring-20260912/apps/platform/events/wire)
    Checking tokio-postgres v0.7.18
    Checking wamn-component-policy v0.1.0 (/home/kaalin/.cache/wamn-lanes/consolidation-sql-wiring-20260912/crates/platform/component-policy)
    Checking wamn-catalog v0.1.0 (/home/kaalin/.cache/wamn-lanes/consolidation-sql-wiring-20260912/crates/catalog/model)
    Checking wamn-schema-introspection v0.1.0 (/home/kaalin/.cache/wamn-lanes/consolidation-sql-wiring-20260912/crates/schema/introspection)
warning: function `canonical_serialized` is never used
   --> crates/catalog/model/src/lib.rs:800:4
    |
800 | fn canonical_serialized(value: &impl Serialize) -> Vec<u8> {
    |    ^^^^^^^^^^^^^^^^^^^^
    |
    = note: `#[warn(dead_code)]` (part of `#[warn(unused)]`) on by default

warning: `wamn-catalog` (lib) generated 1 warning
    Checking tokio-stream v0.1.19
    Checking wamn-schema-generator v0.1.0 (/home/kaalin/.cache/wamn-lanes/consolidation-sql-wiring-20260912/crates/schema/generator)
    Checking wamn-control-registry v0.1.0 (/home/kaalin/.cache/wamn-lanes/consolidation-sql-wiring-20260912/crates/control/registry)
    Checking jmespath v0.3.0
    Checking either v1.18.0
    Checking wamn-event-reg v0.1.0 (/home/kaalin/.cache/wamn-lanes/consolidation-sql-wiring-20260912/apps/platform/events/registration)
    Checking async-nats v0.49.1
    Checking wasmparser v0.252.0
    Checking wamn-schema-control v0.1.0 (/home/kaalin/.cache/wamn-lanes/consolidation-sql-wiring-20260912/crates/schema/control)
    Checking wamn-run-state v0.1.0 (/home/kaalin/.cache/wamn-lanes/consolidation-sql-wiring-20260912/crates/execution/run-state)
    Checking h2 v0.4.19
    Checking wamn-control-provision v0.1.0 (/home/kaalin/.cache/wamn-lanes/consolidation-sql-wiring-20260912/crates/control/provision)
    Checking wasm-encoder v0.252.0
    Checking itertools v0.14.0
    Checking hyper v1.11.0
    Checking tower v0.5.3
    Checking wasmprinter v0.252.0
    Checking hyper-util v0.1.20
    Checking wasmtime-environ v47.0.4
    Checking cranelift-codegen v0.134.4
    Checking opentelemetry v0.31.0
    Checking hyper-rustls v0.27.9
    Checking tower-http v0.6.11
    Checking reqwest v0.13.4
    Checking wasmtime-internal-cache v47.0.4
    Checking rayon v1.12.0
    Checking wasmtime-internal-fiber v47.0.4
    Checking futures v0.3.34
    Checking unicode-truncate v2.0.1
    Checking axum v0.8.9
    Checking hyper-timeout v0.5.2
    Checking prost v0.14.4
    Checking ratatui-core v0.1.2
    Checking tonic v0.14.6
    Checking cranelift-frontend v0.134.4
    Checking cranelift-native v0.134.4
    Checking wasmtime-internal-unwinder v47.0.4
    Checking wasmtime-internal-cranelift v47.0.4
    Checking futures-executor v0.3.34
    Checking tracing-subscriber v0.3.23
    Checking oci-spec v0.9.0
    Checking wasmtime v47.0.4
    Checking opentelemetry_sdk v0.31.0
    Checking tonic-prost v0.14.6
    Checking wit-parser v0.253.0
    Checking jsonwebtoken v10.4.0
    Checking olpc-cjson v0.1.4
    Checking oci-client v0.17.0
    Checking wit-component v0.253.0
    Checking opentelemetry-proto v0.31.0
    Checking wasmtime-wasi-io v47.0.4
    Checking wiggle v47.0.4
    Checking wit-parser v0.254.0
    Checking wasmtime-wasi v47.0.4
    Checking opentelemetry-http v0.31.0
    Checking itertools v0.13.0
    Checking combine v4.6.8
    Checking pbjson-types v0.8.0
    Checking ratatui-widgets v0.3.2
    Checking redis v0.27.6
    Checking opentelemetry-otlp v0.31.1
    Checking wit-component v0.254.0
    Checking ratatui-crossterm v0.1.2
    Checking oci-wasm v0.6.0
    Checking opentelemetry-appender-tracing v0.31.1
    Checking tracing-opentelemetry v0.32.1
    Checking wamn-client v0.1.0 (/home/kaalin/.cache/wamn-lanes/consolidation-sql-wiring-20260912/crates/client/core)
    Checking itertools v0.15.0
    Checking docker_credential v1.4.0
    Checking object_store v0.14.1
    Checking wasmtime-wasi-http v47.0.4
    Checking wamn-client-tui v0.1.0 (/home/kaalin/.cache/wamn-lanes/consolidation-sql-wiring-20260912/crates/client/tui)
    Checking ratatui v0.30.2
    Checking deadpool-postgres v0.14.2
    Checking wamn-router v0.1.0 (/home/kaalin/.cache/wamn-lanes/consolidation-sql-wiring-20260912/crates/execution/router)
    Checking wamn-platform-identity v0.1.0 (/home/kaalin/.cache/wamn-lanes/consolidation-sql-wiring-20260912/crates/identity/platform)
    Checking wamn-authoring-model v0.1.0 (/home/kaalin/.cache/wamn-lanes/consolidation-sql-wiring-20260912/crates/authoring/model)
    Checking wamn-client-terminal v0.1.0 (/home/kaalin/.cache/wamn-lanes/consolidation-sql-wiring-20260912/crates/client/terminal)
    Checking wast v252.0.0
    Checking wash-runtime v2.9.0 (https://github.com/wasmCloud/wasmCloud?rev=68ebece9c537f8bb4b5c9999f274ec68d60f35a9#68ebece9)
    Checking wat v1.252.0
    Checking wit-parser v0.252.0
    Checking wasm-metadata v0.252.0
    Checking wit-component v0.252.0
    Checking wamn-test-infrastructure v0.1.0 (/home/kaalin/.cache/wamn-lanes/consolidation-sql-wiring-20260912/test-support/infrastructure)
    Checking wamn-runtime v0.1.0 (/home/kaalin/.cache/wamn-lanes/consolidation-sql-wiring-20260912/crates/platform/runtime)
warning: the item `Future` is imported redundantly
 --> crates/platform/runtime/src/connection_authority.rs:3:5
  |
3 | use std::future::Future;
  |     ^^^^^^^^^^^^^^^^^^^
  |
 --> /rustc/88d9e12ae178fab0fb5cc050a94da85685d449ea/library/std/src/prelude/mod.rs:166:12
  |
  = note: the item `Future` is already defined here
  |
  = note: requested on the command line with `-W redundant-imports`

warning: constant `HTTP_CONTRACT` is never used
  --> crates/platform/runtime/src/plugins/connection_http.rs:56:7
   |
56 | const HTTP_CONTRACT: &str = "wamn:connection/http@0.1.0";
   |       ^^^^^^^^^^^^^
   |
   = note: `#[warn(dead_code)]` (part of `#[warn(unused)]`) on by default

warning: type does not implement `std::fmt::Debug`; consider adding `#[derive(Debug)]` or a manual implementation
   --> crates/platform/runtime/src/plugins/connection_http.rs:131:1
    |
131 | / pub struct ConnectionHttp {
132 | |     postgres: Arc<WamnPostgres>,
133 | |     transport: Arc<HttpTransport>,
134 | |     vault: Arc<WamnCredentials>,
...   |
150 | |     invocations: std::sync::RwLock<HashMap<String, ConnectionInvocation>>,
151 | | }
    | |_^
    |
    = note: requested on the command line with `-W missing-debug-implementations`

warning: type does not implement `std::fmt::Debug`; consider adding `#[derive(Debug)]` or a manual implementation
  --> crates/platform/runtime/src/plugins/wamn_credentials.rs:27:1
   |
27 | / pub struct WamnCredentials {
28 | |     /// Whether ANY backing source was configured. Distinguishes `unavailable`
29 | |     /// (no source — retryable) from `not-found` (source present, name absent —
30 | |     /// config-shaped).
...  |
33 | |     projects: HashMap<String, HashMap<String, String>>,
34 | | }
   | |_^

warning: type does not implement `std::fmt::Debug`; consider adding `#[derive(Debug)]` or a manual implementation
   --> crates/platform/runtime/src/plugins/wamn_jetstream.rs:507:1
    |
507 | / pub struct WamnJetstream {
508 | |     nats_url: Option<String>,
509 | |     stream_replicas: Option<usize>,
510 | |     dup_window_secs: Option<u64>,
...   |
536 | |     release: Option<Arc<LoadedRelease>>,
537 | | }
    | |_^

warning: type does not implement `std::fmt::Debug`; consider adding `#[derive(Debug)]` or a manual implementation
   --> crates/platform/runtime/src/plugins/wamn_logging.rs:213:1
    |
213 | / pub struct Capture {
214 | |     records: std::sync::Mutex<Vec<CapturedRec>>,
215 | | }
    | |_^

warning: type does not implement `std::fmt::Debug`; consider adding `#[derive(Debug)]` or a manual implementation
   --> crates/platform/runtime/src/plugins/wamn_logging.rs:235:1
    |
235 | / pub struct WamnLogging {
236 | |     /// component id → host-trusted {tenant, project}.
237 | |     claims: std::sync::RwLock<HashMap<String, Claim>>,
238 | |     /// Bounded front queue; `try_send` keeps `log()` non-blocking.
...   |
243 | |     _drain: tokio::task::JoinHandle<()>,
244 | | }
    | |_^

warning: type does not implement `std::fmt::Debug`; consider adding `#[derive(Debug)]` or a manual implementation
   --> crates/platform/runtime/src/plugins/wamn_postgres/claims.rs:51:1
    |
 51 | / pub struct WamnPostgres {
 52 | |     /// Resolves a project id → its database connection + policy.
 53 | |     provider: Arc<dyn CredentialProvider>,
 54 | |     /// Guest-visible project pools, built lazily and never shared with host-owned
...   |
114 | |     pub(super) bind_counters: super::BindCounters,
115 | | }
    | |_^

warning: type does not implement `std::fmt::Debug`; consider adding `#[derive(Debug)]` or a manual implementation
   --> crates/platform/runtime/src/plugins/wamn_postgres/pool.rs:248:1
    |
248 | / pub struct StaticCredentialProvider {
249 | |     projects: HashMap<String, ProjectConfig>,
250 | | }
    | |_^

warning: type does not implement `std::fmt::Debug`; consider adding `#[derive(Debug)]` or a manual implementation
   --> crates/platform/runtime/src/plugins/wamn_postgres/pool.rs:423:1
    |
423 | / pub struct K8sSecretProvider {
424 | |     pub namespace: String,
425 | | }
    | |_^

warning: type does not implement `std::fmt::Debug`; consider adding `#[derive(Debug)]` or a manual implementation
   --> crates/platform/runtime/src/plugins/wamn_postgres/resources.rs:99:1
    |
 99 | / pub struct PgTransaction {
100 | |     state: SharedTxnState,
101 | |     destroyed: Arc<AtomicU64>,
102 | |     cursor_seq: u32,
103 | |     /// Row limit of the project this transaction's connection belongs to.
104 | |     row_limit: u64,
105 | | }
    | |_^

warning: type does not implement `std::fmt::Debug`; consider adding `#[derive(Debug)]` or a manual implementation
   --> crates/platform/runtime/src/plugins/wamn_postgres/resources.rs:145:1
    |
145 | / pub struct PgCursor {
146 | |     state: SharedTxnState,
147 | |     destroyed: Arc<AtomicU64>,
148 | |     name: String,
149 | | }
    | |_^

warning: `wamn-runtime` (lib) generated 12 warnings
    Checking wamn-ctl v0.1.0 (/home/kaalin/.cache/wamn-lanes/consolidation-sql-wiring-20260912/services/ctl)
warning: function `run_once_stages` is never used
   --> services/ctl/src/dev.rs:604:10
    |
604 | async fn run_once_stages<R>(
    |          ^^^^^^^^^^^^^^^
    |
    = note: `#[warn(dead_code)]` (part of `#[warn(unused)]`) on by default

warning: function `verify_source_package_with_client` is never used
    --> services/ctl/src/push_component.rs:1301:10
     |
1301 | async fn verify_source_package_with_client(
     |          ^^^^^^^^^^^^^^^^^^^^^^^^^^^^^^^^^

warning: `wamn-ctl` (lib) generated 2 warnings
    Finished `dev` profile [unoptimized + debuginfo] target(s) in 1m 29s
