{
  "summary": {
    "successRate": 1.0,
    "total": 10.001704197,
    "slowest": 0.017805801,
    "fastest": 0.002245247,
    "average": 0.0034442664891041145,
    "requestsPerSec": 289.15072302052806,
    "totalData": 832608,
    "sizePerRequest": 288,
    "sizePerSec": 83246.61313716315
  },
  "metrics": {
    "success_rate": 1.0,
    "requests_per_sec": 289.15072302052806,
    "latency_ms": {
      "min": 2.245,
      "mean": 3.444,
      "p50": 3.221,
      "p95": 5.106,
      "p99": 6.835,
      "max": 17.806
    }
  },
  "responseTimeHistogram": {
    "0.002245247": 1,
    "0.0038013024": 2185,
    "0.0053573578": 588,
    "0.006913413199999999": 90,
    "0.0084694686": 18,
    "0.010025524": 7,
    "0.0115815794": 0,
    "0.0131376348": 1,
    "0.0146936902": 0,
    "0.016249745599999997": 0,
    "0.017805801": 1
  },
  "latencyPercentiles": {
    "p10": 0.002596794,
    "p25": 0.002835193,
    "p50": 0.003220542,
    "p75": 0.003773712,
    "p90": 0.00450929,
    "p95": 0.005106338,
    "p99": 0.006835438,
    "p99.9": 0.009612492,
    "p99.99": 0.017805801
  },
  "firstByteHistogram": {
    "0.002237962": 1,
    "0.003793241": 2190,
    "0.005348520000000001": 583,
    "0.006903799": 90,
    "0.008459078": 18,
    "0.010014357": 7,
    "0.011569636000000001": 0,
    "0.013124915000000001": 1,
    "0.014680194": 0,
    "0.016235473": 0,
    "0.017790752": 1
  },
  "firstBytePercentiles": {
    "p10": 0.002588699,
    "p25": 0.002827801,
    "p50": 0.003210307,
    "p75": 0.003763061,
    "p90": 0.00449507,
    "p95": 0.005097732,
    "p99": 0.006824847,
    "p99.9": 0.009600178,
    "p99.99": 0.017790752
  },
  "rps": {
    "mean": 287.5655009274537,
    "stddev": 61.837461908933186,
    "max": 425.730921454135,
    "min": 55.92014558474355,
    "percentiles": {
      "p10": 211.7991842978015,
      "p25": 246.64793128980722,
      "p50": 294.3652601894613,
      "p75": 331.6369000439697,
      "p90": 364.52620524213484,
      "p95": 382.4880644599535,
      "p99": 408.8945607107912,
      "p99.9": 418.65676906245,
      "p99.99": 425.730921454135
    }
  },
  "details": {
    "DNSDialup": {
      "average": 0.00064151,
      "fastest": 0.00064151,
      "slowest": 0.00064151
    },
    "DNSLookup": {
      "average": 0.000114468,
      "fastest": 0.000114468,
      "slowest": 0.000114468
    },
    "firstByte": {
      "average": 0.0034333614271878313,
      "fastest": 0.002237962,
      "slowest": 0.017790752
    }
  },
  "statusCodeDistribution": {
    "200": 2891
  },
  "errorDistribution": {
    "aborted due to deadline": 1
  }
}