{
  "summary": {
    "successRate": 1.0,
    "total": 10.001219292,
    "slowest": 0.050309551,
    "fastest": 0.003814284,
    "average": 0.011336284112262238,
    "requestsPerSec": 1410.6280032560653,
    "totalData": 4058496,
    "sizePerRequest": 288,
    "sizePerSec": 405800.12111587246
  },
  "metrics": {
    "success_rate": 1.0,
    "requests_per_sec": 1410.6280032560653,
    "latency_ms": {
      "min": 3.814,
      "mean": 11.336,
      "p50": 10.723,
      "p95": 17.238,
      "p99": 23.001,
      "max": 50.31
    }
  },
  "responseTimeHistogram": {
    "0.003814284": 1,
    "0.0084638107": 2089,
    "0.0131133374": 8988,
    "0.0177628641": 2445,
    "0.0224123908": 408,
    "0.0270619175": 98,
    "0.0317114442": 29,
    "0.0363609709": 17,
    "0.0410104976": 7,
    "0.045660024300000004": 7,
    "0.050309551": 3
  },
  "latencyPercentiles": {
    "p10": 0.007999841,
    "p25": 0.00921104,
    "p50": 0.010723127,
    "p75": 0.012671905,
    "p90": 0.01513185,
    "p95": 0.017238284,
    "p99": 0.023000737,
    "p99.9": 0.038923948,
    "p99.99": 0.048769871
  },
  "firstByteHistogram": {
    "0.003806848": 1,
    "0.00845634": 2094,
    "0.013105832": 8992,
    "0.017755324": 2436,
    "0.022404816": 408,
    "0.027054308": 98,
    "0.0317038": 29,
    "0.036353292": 17,
    "0.041002784": 7,
    "0.045652276": 7,
    "0.050301768": 3
  },
  "firstBytePercentiles": {
    "p10": 0.007990894,
    "p25": 0.009197458,
    "p50": 0.010705113,
    "p75": 0.012658081,
    "p90": 0.01511917,
    "p95": 0.017217084,
    "p99": 0.022985144,
    "p99.9": 0.038907726,
    "p99.99": 0.048762308
  },
  "rps": {
    "mean": 1408.5596212465368,
    "stddev": 349.6287130876233,
    "max": 2367.540345424157,
    "min": 46.649297578201235,
    "percentiles": {
      "p10": 952.0894316645017,
      "p25": 1203.2059422330713,
      "p50": 1436.4194086118273,
      "p75": 1639.6501847321606,
      "p90": 1822.881722825741,
      "p95": 1915.3173675837782,
      "p99": 2177.1342555964316,
      "p99.9": 2362.7633890487336,
      "p99.99": 2367.540345424157
    }
  },
  "details": {
    "DNSDialup": {
      "average": 0.000822271625,
      "fastest": 0.000520781,
      "slowest": 0.001333905
    },
    "DNSLookup": {
      "average": 0.00005851906249999999,
      "fastest": 0.000027514,
      "slowest": 0.000141325
    },
    "firstByte": {
      "average": 0.011323133426270235,
      "fastest": 0.003806848,
      "slowest": 0.050301768
    }
  },
  "statusCodeDistribution": {
    "200": 14092
  },
  "errorDistribution": {
    "aborted due to deadline": 16
  }
}