2026-09-11T02:16:20.324837Z  INFO wamn_cdc_reader: registration loaded publication="wamn_cdc_acme__receiving__dev__wrgodlbm" slot="wamn_cdc_acme__receiving__dev__wrgodlbm" stream="EVT_acme_dev"
2026-09-11T02:16:20.329429Z  INFO async_nats::connector: connected successfully server=4222 max_payload=1048576
2026-09-11T02:16:20.329954Z  INFO async_nats: event: connected
2026-09-11T02:16:20.371877Z  INFO wamn_cdc_reader: preflight: slot healthy (resume position = confirmed LSN) slot="wamn_cdc_acme__receiving__dev__wrgodlbm" active=false confirmed_flush_lsn="0/3AC7820" wal_status="reserved"
2026-09-11T02:16:20.372282Z  INFO pg_walstream::stream: Creating logical replication stream with retry support
2026-09-11T02:16:20.372308Z  INFO pg_walstream::retry: Attempting to connect to PostgreSQL with retry logic
2026-09-11T02:16:20.408935Z  INFO pg_walstream::retry: Successfully connected to PostgreSQL on attempt 1 after 36.617683ms
2026-09-11T02:16:20.408977Z  INFO pg_walstream::stream: Starting logical replication stream
2026-09-11T02:16:20.408983Z  INFO pg_walstream::stream: Initializing replication stream
2026-09-11T02:16:20.409089Z  INFO pg_walstream::stream: System identification successful
2026-09-11T02:16:20.409231Z  INFO pg_walstream::stream: Creating replication slot: wamn_cdc_acme__receiving__dev__wrgodlbm
2026-09-11T02:16:20.409868Z  WARN pg_walstream::stream: Replication slot already exists, continuing
2026-09-11T02:16:20.409884Z  INFO pg_walstream::stream: Replication stream initialized
2026-09-11T02:16:20.410413Z  INFO pg_walstream::stream: Logical replication started with LSN: 0/0
2026-09-11T02:16:20.410425Z  INFO wamn_cdc_reader: walsender session open; draining reopens=0
2026-09-11T02:16:50.410821Z  INFO pg_walstream::connection::native::connection: Sent standby status update: received=0/40F1B90, flushed=0/0, applied=0/0, reply_requested=false
2026-09-11T02:17:11.228707Z  INFO wamn_cdc_reader: entity resolved table=purchase_order relation_oid=18614 package_id="wamn_receiving" entity="purchase_order"
2026-09-11T02:17:11.280666Z  INFO wamn_cdc_reader: CDC exclusion resolved table=record_receipt_command relation_oid=18665 package_id="wamn_receiving" relation="record_receipt_command"
2026-09-11T02:17:11.326784Z  INFO wamn_cdc_reader: entity resolved table=receipt relation_oid=18683 package_id="wamn_receiving" entity="receipt"
2026-09-11T02:17:11.373295Z  INFO wamn_cdc_reader: entity resolved table=receipt_line relation_oid=18712 package_id="wamn_receiving" entity="receipt_line"
2026-09-11T02:17:11.418791Z  INFO wamn_cdc_reader: entity resolved table=purchase_order_line relation_oid=18636 package_id="wamn_receiving" entity="purchase_order_line"
2026-09-11T02:17:11.419499Z  INFO wamn::event_reader: CDC exclusions committed excluded_by_relation={"wamn_receiving::record_receipt_command": 2}
2026-09-11T02:17:11.481633Z  INFO wamn_cdc_reader: entity resolved table=quality_inspection relation_oid=18768 package_id="client_acme_receiving" entity="quality_inspection"
2026-09-11T02:17:20.411082Z  INFO pg_walstream::connection::native::connection: Sent standby status update: received=0/40F4FA0, flushed=0/40F4D38, applied=0/40F4D38, reply_requested=false
2026-09-11T02:17:50.417950Z  INFO pg_walstream::connection::native::connection: Sent standby status update: received=0/40F9EA8, flushed=0/40F4D38, applied=0/40F4D38, reply_requested=false
2026-09-11T02:18:20.430044Z  INFO pg_walstream::connection::native::connection: Sent standby status update: received=0/40FA2A0, flushed=0/40FA1D0, applied=0/40FA1D0, reply_requested=false
2026-09-11T02:18:20.430093Z  INFO pg_walstream::connection::native::connection: Sent standby status update: received=0/40FA2A0, flushed=0/40FA1D0, applied=0/40FA1D0, reply_requested=false
2026-09-11T02:18:50.455899Z  INFO pg_walstream::connection::native::connection: Sent standby status update: received=0/40FA2D8, flushed=0/40FA1D0, applied=0/40FA1D0, reply_requested=false
2026-09-11T02:19:20.485799Z  INFO pg_walstream::connection::native::connection: Sent standby status update: received=0/40FA2D8, flushed=0/40FA1D0, applied=0/40FA1D0, reply_requested=false
2026-09-11T02:19:50.515822Z  INFO pg_walstream::connection::native::connection: Sent standby status update: received=0/40FA2D8, flushed=0/40FA1D0, applied=0/40FA1D0, reply_requested=false
2026-09-11T02:20:05.829007Z  INFO wamn::event_reader: drain summary commits=5 events_published=8 deduped=0 excluded_by_relation={"wamn_receiving::record_receipt_command": 2} ending="shutdown"
2026-09-11T02:20:05.829149Z  INFO pg_walstream::connection::native::connection: Sent standby status update: received=0/40FA3D0, flushed=0/40FA1D0, applied=0/40FA1D0, reply_requested=false
2026-09-11T02:20:05.829172Z  INFO pg_walstream::stream: Stopping logical replication stream (last received LSN: 0/40FA3D0)
2026-09-11T02:20:05.829182Z  INFO wamn_cdc_reader: shutdown requested; exiting cleanly reopens=0 commits=5
