    Checking wamn-execution-contract v0.1.0 (/home/kaalin/.cache/wamn-lanes/receiving-error-contract-20260910/components/execution/contract)
    Checking wamn-postgres-statements v0.1.0 (/home/kaalin/.cache/wamn-lanes/receiving-error-contract-20260910/components/data/postgres-statements)
    Checking wamn-receiving-data-access v0.1.0 (/home/kaalin/.cache/wamn-lanes/receiving-error-contract-20260910/components/data/receiving-data)
warning: the `Err`-variant returned from this function is very large
  --> /home/kaalin/.cache/wamn-lanes/receiving-error-contract-20260910/components/data/receiving-data/../../../packages/receiving/generated/wamn/location_list.rs:15:6
   |
15 | ) -> Result<Vec<ListLocationsRow>, wamn_postgres_statements::StatementError> {
   |      ^^^^^^^^^^^^^^^^^^^^^^^^^^^^^^^^^^^^^^^^^^^^^^^^^^^^^^^^^^^^^^^^^^^^^^^ the `Err`-variant is at least 144 bytes
   |
   = help: try reducing the size of `wamn_postgres_statements::StatementError`, for example by boxing large elements or replacing it with `Box<wamn_postgres_statements::StatementError>`
   = help: for further information visit https://rust-lang.github.io/rust-clippy/rust-1.98.0/index.html#result_large_err
   = note: `-W clippy::result-large-err` implied by `-W clippy::perf`
   = help: to override `-W clippy::perf` add `#[allow(clippy::result_large_err)]`

warning: the `Err`-variant returned from this closure is very large
  --> /home/kaalin/.cache/wamn-lanes/receiving-error-contract-20260910/components/data/receiving-data/../../../packages/receiving/generated/wamn/location_list.rs:18:71
   |
18 |       wamn_postgres_statements::decode_all(LIST_LOCATIONS_DIGEST, rows, |row| {
   |  _______________________________________________________________________^
19 | |         Ok(ListLocationsRow {
20 | |             id: row.decode("id")?,
21 | |             location_code: row.decode("location_code")?,
22 | |         })
23 | |     })
   | |_____^ the `Err`-variant is at least 144 bytes
   |
   = help: try reducing the size of `wamn_postgres_statements::StatementError`, for example by boxing large elements or replacing it with `Box<wamn_postgres_statements::StatementError>`
   = help: for further information visit https://rust-lang.github.io/rust-clippy/rust-1.98.0/index.html#result_large_err

warning: the `Err`-variant returned from this function is very large
  --> /home/kaalin/.cache/wamn-lanes/receiving-error-contract-20260910/components/data/receiving-data/../../../packages/receiving/generated/wamn/purchase_order.rs:46:6
   |
46 | ) -> Result<Option<PurchaseOrderRow>, wamn_postgres_statements::StatementError> {
   |      ^^^^^^^^^^^^^^^^^^^^^^^^^^^^^^^^^^^^^^^^^^^^^^^^^^^^^^^^^^^^^^^^^^^^^^^^^^ the `Err`-variant is at least 144 bytes
   |
   = help: try reducing the size of `wamn_postgres_statements::StatementError`, for example by boxing large elements or replacing it with `Box<wamn_postgres_statements::StatementError>`
   = help: for further information visit https://rust-lang.github.io/rust-clippy/rust-1.98.0/index.html#result_large_err

warning: the `Err`-variant returned from this closure is very large
  --> /home/kaalin/.cache/wamn-lanes/receiving-error-contract-20260910/components/data/receiving-data/../../../packages/receiving/generated/wamn/purchase_order.rs:50:65
   |
50 |       wamn_postgres_statements::decode_optional(GET_DIGEST, rows, |row| {
   |  _________________________________________________________________^
51 | |         Ok(PurchaseOrderRow {
52 | |             created_at: row.decode("created_at")?,
53 | |             id: row.decode("id")?,
...  |
59 | |         })
60 | |     })
   | |_____^ the `Err`-variant is at least 144 bytes
   |
   = help: try reducing the size of `wamn_postgres_statements::StatementError`, for example by boxing large elements or replacing it with `Box<wamn_postgres_statements::StatementError>`
   = help: for further information visit https://rust-lang.github.io/rust-clippy/rust-1.98.0/index.html#result_large_err

warning: the `Err`-variant returned from this function is very large
  --> /home/kaalin/.cache/wamn-lanes/receiving-error-contract-20260910/components/data/receiving-data/../../../packages/receiving/generated/wamn/purchase_order.rs:70:6
   |
70 | ) -> Result<Vec<PurchaseOrderRow>, wamn_postgres_statements::StatementError> {
   |      ^^^^^^^^^^^^^^^^^^^^^^^^^^^^^^^^^^^^^^^^^^^^^^^^^^^^^^^^^^^^^^^^^^^^^^^ the `Err`-variant is at least 144 bytes
   |
   = help: try reducing the size of `wamn_postgres_statements::StatementError`, for example by boxing large elements or replacing it with `Box<wamn_postgres_statements::StatementError>`
   = help: for further information visit https://rust-lang.github.io/rust-clippy/rust-1.98.0/index.html#result_large_err

warning: the `Err`-variant returned from this closure is very large
  --> /home/kaalin/.cache/wamn-lanes/receiving-error-contract-20260910/components/data/receiving-data/../../../packages/receiving/generated/wamn/purchase_order.rs:78:64
   |
78 |       wamn_postgres_statements::decode_all(QUERY_0_DIGEST, rows, |row| {
   |  ________________________________________________________________^
79 | |         Ok(PurchaseOrderRow {
80 | |             created_at: row.decode("created_at")?,
81 | |             id: row.decode("id")?,
...  |
87 | |         })
88 | |     })
   | |_____^ the `Err`-variant is at least 144 bytes
   |
   = help: try reducing the size of `wamn_postgres_statements::StatementError`, for example by boxing large elements or replacing it with `Box<wamn_postgres_statements::StatementError>`
   = help: for further information visit https://rust-lang.github.io/rust-clippy/rust-1.98.0/index.html#result_large_err

warning: the `Err`-variant returned from this function is very large
  --> /home/kaalin/.cache/wamn-lanes/receiving-error-contract-20260910/components/data/receiving-data/../../../packages/receiving/generated/wamn/purchase_order.rs:98:6
   |
98 | ) -> Result<Vec<PurchaseOrderRow>, wamn_postgres_statements::StatementError> {
   |      ^^^^^^^^^^^^^^^^^^^^^^^^^^^^^^^^^^^^^^^^^^^^^^^^^^^^^^^^^^^^^^^^^^^^^^^ the `Err`-variant is at least 144 bytes
   |
   = help: try reducing the size of `wamn_postgres_statements::StatementError`, for example by boxing large elements or replacing it with `Box<wamn_postgres_statements::StatementError>`
   = help: for further information visit https://rust-lang.github.io/rust-clippy/rust-1.98.0/index.html#result_large_err

warning: the `Err`-variant returned from this closure is very large
   --> /home/kaalin/.cache/wamn-lanes/receiving-error-contract-20260910/components/data/receiving-data/../../../packages/receiving/generated/wamn/purchase_order.rs:106:64
    |
106 |       wamn_postgres_statements::decode_all(QUERY_1_DIGEST, rows, |row| {
    |  ________________________________________________________________^
107 | |         Ok(PurchaseOrderRow {
108 | |             created_at: row.decode("created_at")?,
109 | |             id: row.decode("id")?,
...   |
115 | |         })
116 | |     })
    | |_____^ the `Err`-variant is at least 144 bytes
    |
    = help: try reducing the size of `wamn_postgres_statements::StatementError`, for example by boxing large elements or replacing it with `Box<wamn_postgres_statements::StatementError>`
    = help: for further information visit https://rust-lang.github.io/rust-clippy/rust-1.98.0/index.html#result_large_err

warning: the `Err`-variant returned from this function is very large
   --> /home/kaalin/.cache/wamn-lanes/receiving-error-contract-20260910/components/data/receiving-data/../../../packages/receiving/generated/wamn/purchase_order.rs:126:6
    |
126 | ) -> Result<Vec<PurchaseOrderRow>, wamn_postgres_statements::StatementError> {
    |      ^^^^^^^^^^^^^^^^^^^^^^^^^^^^^^^^^^^^^^^^^^^^^^^^^^^^^^^^^^^^^^^^^^^^^^^ the `Err`-variant is at least 144 bytes
    |
    = help: try reducing the size of `wamn_postgres_statements::StatementError`, for example by boxing large elements or replacing it with `Box<wamn_postgres_statements::StatementError>`
    = help: for further information visit https://rust-lang.github.io/rust-clippy/rust-1.98.0/index.html#result_large_err

warning: the `Err`-variant returned from this closure is very large
   --> /home/kaalin/.cache/wamn-lanes/receiving-error-contract-20260910/components/data/receiving-data/../../../packages/receiving/generated/wamn/purchase_order.rs:134:64
    |
134 |       wamn_postgres_statements::decode_all(QUERY_2_DIGEST, rows, |row| {
    |  ________________________________________________________________^
135 | |         Ok(PurchaseOrderRow {
136 | |             created_at: row.decode("created_at")?,
137 | |             id: row.decode("id")?,
...   |
143 | |         })
144 | |     })
    | |_____^ the `Err`-variant is at least 144 bytes
    |
    = help: try reducing the size of `wamn_postgres_statements::StatementError`, for example by boxing large elements or replacing it with `Box<wamn_postgres_statements::StatementError>`
    = help: for further information visit https://rust-lang.github.io/rust-clippy/rust-1.98.0/index.html#result_large_err

warning: the `Err`-variant returned from this function is very large
   --> /home/kaalin/.cache/wamn-lanes/receiving-error-contract-20260910/components/data/receiving-data/../../../packages/receiving/generated/wamn/purchase_order.rs:154:6
    |
154 | ) -> Result<Vec<PurchaseOrderRow>, wamn_postgres_statements::StatementError> {
    |      ^^^^^^^^^^^^^^^^^^^^^^^^^^^^^^^^^^^^^^^^^^^^^^^^^^^^^^^^^^^^^^^^^^^^^^^ the `Err`-variant is at least 144 bytes
    |
    = help: try reducing the size of `wamn_postgres_statements::StatementError`, for example by boxing large elements or replacing it with `Box<wamn_postgres_statements::StatementError>`
    = help: for further information visit https://rust-lang.github.io/rust-clippy/rust-1.98.0/index.html#result_large_err

warning: the `Err`-variant returned from this closure is very large
   --> /home/kaalin/.cache/wamn-lanes/receiving-error-contract-20260910/components/data/receiving-data/../../../packages/receiving/generated/wamn/purchase_order.rs:162:64
    |
162 |       wamn_postgres_statements::decode_all(QUERY_3_DIGEST, rows, |row| {
    |  ________________________________________________________________^
163 | |         Ok(PurchaseOrderRow {
164 | |             created_at: row.decode("created_at")?,
165 | |             id: row.decode("id")?,
...   |
171 | |         })
172 | |     })
    | |_____^ the `Err`-variant is at least 144 bytes
    |
    = help: try reducing the size of `wamn_postgres_statements::StatementError`, for example by boxing large elements or replacing it with `Box<wamn_postgres_statements::StatementError>`
    = help: for further information visit https://rust-lang.github.io/rust-clippy/rust-1.98.0/index.html#result_large_err

warning: the `Err`-variant returned from this function is very large
   --> /home/kaalin/.cache/wamn-lanes/receiving-error-contract-20260910/components/data/receiving-data/../../../packages/receiving/generated/wamn/purchase_order.rs:182:6
    |
182 | ) -> Result<Vec<PurchaseOrderRow>, wamn_postgres_statements::StatementError> {
    |      ^^^^^^^^^^^^^^^^^^^^^^^^^^^^^^^^^^^^^^^^^^^^^^^^^^^^^^^^^^^^^^^^^^^^^^^ the `Err`-variant is at least 144 bytes
    |
    = help: try reducing the size of `wamn_postgres_statements::StatementError`, for example by boxing large elements or replacing it with `Box<wamn_postgres_statements::StatementError>`
    = help: for further information visit https://rust-lang.github.io/rust-clippy/rust-1.98.0/index.html#result_large_err

warning: the `Err`-variant returned from this closure is very large
   --> /home/kaalin/.cache/wamn-lanes/receiving-error-contract-20260910/components/data/receiving-data/../../../packages/receiving/generated/wamn/purchase_order.rs:190:64
    |
190 |       wamn_postgres_statements::decode_all(QUERY_4_DIGEST, rows, |row| {
    |  ________________________________________________________________^
191 | |         Ok(PurchaseOrderRow {
192 | |             created_at: row.decode("created_at")?,
193 | |             id: row.decode("id")?,
...   |
199 | |         })
200 | |     })
    | |_____^ the `Err`-variant is at least 144 bytes
    |
    = help: try reducing the size of `wamn_postgres_statements::StatementError`, for example by boxing large elements or replacing it with `Box<wamn_postgres_statements::StatementError>`
    = help: for further information visit https://rust-lang.github.io/rust-clippy/rust-1.98.0/index.html#result_large_err

warning: the `Err`-variant returned from this function is very large
   --> /home/kaalin/.cache/wamn-lanes/receiving-error-contract-20260910/components/data/receiving-data/../../../packages/receiving/generated/wamn/purchase_order.rs:210:6
    |
210 | ) -> Result<Vec<PurchaseOrderRow>, wamn_postgres_statements::StatementError> {
    |      ^^^^^^^^^^^^^^^^^^^^^^^^^^^^^^^^^^^^^^^^^^^^^^^^^^^^^^^^^^^^^^^^^^^^^^^ the `Err`-variant is at least 144 bytes
    |
    = help: try reducing the size of `wamn_postgres_statements::StatementError`, for example by boxing large elements or replacing it with `Box<wamn_postgres_statements::StatementError>`
    = help: for further information visit https://rust-lang.github.io/rust-clippy/rust-1.98.0/index.html#result_large_err

warning: the `Err`-variant returned from this closure is very large
   --> /home/kaalin/.cache/wamn-lanes/receiving-error-contract-20260910/components/data/receiving-data/../../../packages/receiving/generated/wamn/purchase_order.rs:218:64
    |
218 |       wamn_postgres_statements::decode_all(QUERY_5_DIGEST, rows, |row| {
    |  ________________________________________________________________^
219 | |         Ok(PurchaseOrderRow {
220 | |             created_at: row.decode("created_at")?,
221 | |             id: row.decode("id")?,
...   |
227 | |         })
228 | |     })
    | |_____^ the `Err`-variant is at least 144 bytes
    |
    = help: try reducing the size of `wamn_postgres_statements::StatementError`, for example by boxing large elements or replacing it with `Box<wamn_postgres_statements::StatementError>`
    = help: for further information visit https://rust-lang.github.io/rust-clippy/rust-1.98.0/index.html#result_large_err

warning: the `Err`-variant returned from this function is very large
   --> /home/kaalin/.cache/wamn-lanes/receiving-error-contract-20260910/components/data/receiving-data/../../../packages/receiving/generated/wamn/purchase_order.rs:237:6
    |
237 | ) -> Result<PurchaseOrderUpdateRow, wamn_postgres_statements::StatementError> {
    |      ^^^^^^^^^^^^^^^^^^^^^^^^^^^^^^^^^^^^^^^^^^^^^^^^^^^^^^^^^^^^^^^^^^^^^^^^ the `Err`-variant is at least 144 bytes
    |
    = help: try reducing the size of `wamn_postgres_statements::StatementError`, for example by boxing large elements or replacing it with `Box<wamn_postgres_statements::StatementError>`
    = help: for further information visit https://rust-lang.github.io/rust-clippy/rust-1.98.0/index.html#result_large_err

warning: the `Err`-variant returned from this closure is very large
   --> /home/kaalin/.cache/wamn-lanes/receiving-error-contract-20260910/components/data/receiving-data/../../../packages/receiving/generated/wamn/purchase_order.rs:244:63
    |
244 |       wamn_postgres_statements::decode_one(UPDATE_DIGEST, rows, |row| {
    |  _______________________________________________________________^
245 | |         Ok(PurchaseOrderUpdateRow {
246 | |             outcome: row.decode("outcome")?,
247 | |             observed_row_version: row.decode("observed_row_version")?,
...   |
255 | |         })
256 | |     })
    | |_____^ the `Err`-variant is at least 144 bytes
    |
    = help: try reducing the size of `wamn_postgres_statements::StatementError`, for example by boxing large elements or replacing it with `Box<wamn_postgres_statements::StatementError>`
    = help: for further information visit https://rust-lang.github.io/rust-clippy/rust-1.98.0/index.html#result_large_err

warning: the `Err`-variant returned from this function is very large
  --> /home/kaalin/.cache/wamn-lanes/receiving-error-contract-20260910/components/data/receiving-data/../../../packages/receiving/generated/wamn/receipt.rs:21:6
   |
21 | ) -> Result<Option<ReceiptRow>, wamn_postgres_statements::StatementError> {
   |      ^^^^^^^^^^^^^^^^^^^^^^^^^^^^^^^^^^^^^^^^^^^^^^^^^^^^^^^^^^^^^^^^^^^^ the `Err`-variant is at least 144 bytes
   |
   = help: try reducing the size of `wamn_postgres_statements::StatementError`, for example by boxing large elements or replacing it with `Box<wamn_postgres_statements::StatementError>`
   = help: for further information visit https://rust-lang.github.io/rust-clippy/rust-1.98.0/index.html#result_large_err

warning: the `Err`-variant returned from this closure is very large
  --> /home/kaalin/.cache/wamn-lanes/receiving-error-contract-20260910/components/data/receiving-data/../../../packages/receiving/generated/wamn/receipt.rs:25:65
   |
25 |       wamn_postgres_statements::decode_optional(GET_DIGEST, rows, |row| {
   |  _________________________________________________________________^
26 | |         Ok(ReceiptRow {
27 | |             created_at: row.decode("created_at")?,
28 | |             id: row.decode("id")?,
...  |
33 | |         })
34 | |     })
   | |_____^ the `Err`-variant is at least 144 bytes
   |
   = help: try reducing the size of `wamn_postgres_statements::StatementError`, for example by boxing large elements or replacing it with `Box<wamn_postgres_statements::StatementError>`
   = help: for further information visit https://rust-lang.github.io/rust-clippy/rust-1.98.0/index.html#result_large_err

warning: the `Err`-variant returned from this function is very large
  --> /home/kaalin/.cache/wamn-lanes/receiving-error-contract-20260910/components/data/receiving-data/../../../packages/receiving/generated/wamn/receipt.rs:42:6
   |
42 | ) -> Result<Vec<ReceiptRow>, wamn_postgres_statements::StatementError> {
   |      ^^^^^^^^^^^^^^^^^^^^^^^^^^^^^^^^^^^^^^^^^^^^^^^^^^^^^^^^^^^^^^^^^ the `Err`-variant is at least 144 bytes
   |
   = help: try reducing the size of `wamn_postgres_statements::StatementError`, for example by boxing large elements or replacing it with `Box<wamn_postgres_statements::StatementError>`
   = help: for further information visit https://rust-lang.github.io/rust-clippy/rust-1.98.0/index.html#result_large_err

warning: the `Err`-variant returned from this closure is very large
  --> /home/kaalin/.cache/wamn-lanes/receiving-error-contract-20260910/components/data/receiving-data/../../../packages/receiving/generated/wamn/receipt.rs:48:62
   |
48 |       wamn_postgres_statements::decode_all(QUERY_DIGEST, rows, |row| {
   |  ______________________________________________________________^
49 | |         Ok(ReceiptRow {
50 | |             created_at: row.decode("created_at")?,
51 | |             id: row.decode("id")?,
...  |
56 | |         })
57 | |     })
   | |_____^ the `Err`-variant is at least 144 bytes
   |
   = help: try reducing the size of `wamn_postgres_statements::StatementError`, for example by boxing large elements or replacing it with `Box<wamn_postgres_statements::StatementError>`
   = help: for further information visit https://rust-lang.github.io/rust-clippy/rust-1.98.0/index.html#result_large_err

warning: the `Err`-variant returned from this function is very large
  --> /home/kaalin/.cache/wamn-lanes/receiving-error-contract-20260910/components/data/receiving-data/../../../packages/receiving/generated/wamn/receiving_record_receipt.rs:85:41
   |
85 |     pub(crate) async fn commit(self) -> Result<(), wamn_postgres_statements::StatementError> {
   |                                         ^^^^^^^^^^^^^^^^^^^^^^^^^^^^^^^^^^^^^^^^^^^^^^^^^^^^ the `Err`-variant is at least 144 bytes
   |
   = help: try reducing the size of `wamn_postgres_statements::StatementError`, for example by boxing large elements or replacing it with `Box<wamn_postgres_statements::StatementError>`
   = help: for further information visit https://rust-lang.github.io/rust-clippy/rust-1.98.0/index.html#result_large_err

warning: the `Err`-variant returned from this function is very large
  --> /home/kaalin/.cache/wamn-lanes/receiving-error-contract-20260910/components/data/receiving-data/../../../packages/receiving/generated/wamn/receiving_record_receipt.rs:95:6
   |
95 | ) -> Result<Option<ClaimCommandRow>, wamn_postgres_statements::StatementError> {
   |      ^^^^^^^^^^^^^^^^^^^^^^^^^^^^^^^^^^^^^^^^^^^^^^^^^^^^^^^^^^^^^^^^^^^^^^^^^ the `Err`-variant is at least 144 bytes
   |
   = help: try reducing the size of `wamn_postgres_statements::StatementError`, for example by boxing large elements or replacing it with `Box<wamn_postgres_statements::StatementError>`
   = help: for further information visit https://rust-lang.github.io/rust-clippy/rust-1.98.0/index.html#result_large_err

warning: the `Err`-variant returned from this closure is very large
   --> /home/kaalin/.cache/wamn-lanes/receiving-error-contract-20260910/components/data/receiving-data/../../../packages/receiving/generated/wamn/receiving_record_receipt.rs:101:75
    |
101 |       wamn_postgres_statements::decode_optional(CLAIM_COMMAND_DIGEST, rows, |row| {
    |  ___________________________________________________________________________^
102 | |         Ok(ClaimCommandRow {
103 | |             receipt_id: row.decode("receipt_id")?,
104 | |         })
105 | |     })
    | |_____^ the `Err`-variant is at least 144 bytes
    |
    = help: try reducing the size of `wamn_postgres_statements::StatementError`, for example by boxing large elements or replacing it with `Box<wamn_postgres_statements::StatementError>`
    = help: for further information visit https://rust-lang.github.io/rust-clippy/rust-1.98.0/index.html#result_large_err

warning: the `Err`-variant returned from this function is very large
   --> /home/kaalin/.cache/wamn-lanes/receiving-error-contract-20260910/components/data/receiving-data/../../../packages/receiving/generated/wamn/receiving_record_receipt.rs:115:6
    |
115 | ) -> Result<FinalizedClaim, wamn_postgres_statements::StatementError> {
    |      ^^^^^^^^^^^^^^^^^^^^^^^^^^^^^^^^^^^^^^^^^^^^^^^^^^^^^^^^^^^^^^^^ the `Err`-variant is at least 144 bytes
    |
    = help: try reducing the size of `wamn_postgres_statements::StatementError`, for example by boxing large elements or replacing it with `Box<wamn_postgres_statements::StatementError>`
    = help: for further information visit https://rust-lang.github.io/rust-clippy/rust-1.98.0/index.html#result_large_err

warning: the `Err`-variant returned from this closure is very large
   --> /home/kaalin/.cache/wamn-lanes/receiving-error-contract-20260910/components/data/receiving-data/../../../packages/receiving/generated/wamn/receiving_record_receipt.rs:123:83
    |
123 |       let row = wamn_postgres_statements::decode_one(FINALIZE_COMMAND_DIGEST, rows, |row| {
    |  ___________________________________________________________________________________^
124 | |         Ok(FinalizeCommandRow {
125 | |             purchase_order_status: row.decode("purchase_order_status")?,
126 | |             row_version: row.decode("row_version")?,
127 | |         })
128 | |     })?;
    | |_____^ the `Err`-variant is at least 144 bytes
    |
    = help: try reducing the size of `wamn_postgres_statements::StatementError`, for example by boxing large elements or replacing it with `Box<wamn_postgres_statements::StatementError>`
    = help: for further information visit https://rust-lang.github.io/rust-clippy/rust-1.98.0/index.html#result_large_err

warning: the `Err`-variant returned from this function is very large
   --> /home/kaalin/.cache/wamn-lanes/receiving-error-contract-20260910/components/data/receiving-data/../../../packages/receiving/generated/wamn/receiving_record_receipt.rs:135:6
    |
135 | ) -> Result<Option<FindReplayRow>, wamn_postgres_statements::StatementError> {
    |      ^^^^^^^^^^^^^^^^^^^^^^^^^^^^^^^^^^^^^^^^^^^^^^^^^^^^^^^^^^^^^^^^^^^^^^^ the `Err`-variant is at least 144 bytes
    |
    = help: try reducing the size of `wamn_postgres_statements::StatementError`, for example by boxing large elements or replacing it with `Box<wamn_postgres_statements::StatementError>`
    = help: for further information visit https://rust-lang.github.io/rust-clippy/rust-1.98.0/index.html#result_large_err

warning: the `Err`-variant returned from this closure is very large
   --> /home/kaalin/.cache/wamn-lanes/receiving-error-contract-20260910/components/data/receiving-data/../../../packages/receiving/generated/wamn/receiving_record_receipt.rs:139:73
    |
139 |       wamn_postgres_statements::decode_optional(FIND_REPLAY_DIGEST, rows, |row| {
    |  _________________________________________________________________________^
140 | |         Ok(FindReplayRow {
141 | |             canonical_command: row.decode("canonical_command")?,
142 | |             receipt_id: row.decode("receipt_id")?,
...   |
146 | |         })
147 | |     })
    | |_____^ the `Err`-variant is at least 144 bytes
    |
    = help: try reducing the size of `wamn_postgres_statements::StatementError`, for example by boxing large elements or replacing it with `Box<wamn_postgres_statements::StatementError>`
    = help: for further information visit https://rust-lang.github.io/rust-clippy/rust-1.98.0/index.html#result_large_err

warning: the `Err`-variant returned from this function is very large
   --> /home/kaalin/.cache/wamn-lanes/receiving-error-contract-20260910/components/data/receiving-data/../../../packages/receiving/generated/wamn/receiving_record_receipt.rs:153:6
    |
153 | ) -> Result<FinishPurchaseOrderRow, wamn_postgres_statements::StatementError> {
    |      ^^^^^^^^^^^^^^^^^^^^^^^^^^^^^^^^^^^^^^^^^^^^^^^^^^^^^^^^^^^^^^^^^^^^^^^^ the `Err`-variant is at least 144 bytes
    |
    = help: try reducing the size of `wamn_postgres_statements::StatementError`, for example by boxing large elements or replacing it with `Box<wamn_postgres_statements::StatementError>`
    = help: for further information visit https://rust-lang.github.io/rust-clippy/rust-1.98.0/index.html#result_large_err

warning: the `Err`-variant returned from this closure is very large
   --> /home/kaalin/.cache/wamn-lanes/receiving-error-contract-20260910/components/data/receiving-data/../../../packages/receiving/generated/wamn/receiving_record_receipt.rs:157:78
    |
157 |       wamn_postgres_statements::decode_one(FINISH_PURCHASE_ORDER_DIGEST, rows, |row| {
    |  ______________________________________________________________________________^
158 | |         Ok(FinishPurchaseOrderRow {
159 | |             status: row.decode("status")?,
160 | |             row_version: row.decode("row_version")?,
161 | |         })
162 | |     })
    | |_____^ the `Err`-variant is at least 144 bytes
    |
    = help: try reducing the size of `wamn_postgres_statements::StatementError`, for example by boxing large elements or replacing it with `Box<wamn_postgres_statements::StatementError>`
    = help: for further information visit https://rust-lang.github.io/rust-clippy/rust-1.98.0/index.html#result_large_err

warning: the `Err`-variant returned from this function is very large
   --> /home/kaalin/.cache/wamn-lanes/receiving-error-contract-20260910/components/data/receiving-data/../../../packages/receiving/generated/wamn/receiving_record_receipt.rs:172:6
    |
172 | ) -> Result<InsertReceiptRow, wamn_postgres_statements::StatementError> {
    |      ^^^^^^^^^^^^^^^^^^^^^^^^^^^^^^^^^^^^^^^^^^^^^^^^^^^^^^^^^^^^^^^^^^ the `Err`-variant is at least 144 bytes
    |
    = help: try reducing the size of `wamn_postgres_statements::StatementError`, for example by boxing large elements or replacing it with `Box<wamn_postgres_statements::StatementError>`
    = help: for further information visit https://rust-lang.github.io/rust-clippy/rust-1.98.0/index.html#result_large_err

warning: the `Err`-variant returned from this closure is very large
   --> /home/kaalin/.cache/wamn-lanes/receiving-error-contract-20260910/components/data/receiving-data/../../../packages/receiving/generated/wamn/receiving_record_receipt.rs:180:71
    |
180 |       wamn_postgres_statements::decode_one(INSERT_RECEIPT_DIGEST, rows, |row| {
    |  _______________________________________________________________________^
181 | |         Ok(InsertReceiptRow {
182 | |             id: row.decode("id")?,
183 | |         })
184 | |     })
    | |_____^ the `Err`-variant is at least 144 bytes
    |
    = help: try reducing the size of `wamn_postgres_statements::StatementError`, for example by boxing large elements or replacing it with `Box<wamn_postgres_statements::StatementError>`
    = help: for further information visit https://rust-lang.github.io/rust-clippy/rust-1.98.0/index.html#result_large_err

warning: the `Err`-variant returned from this function is very large
   --> /home/kaalin/.cache/wamn-lanes/receiving-error-contract-20260910/components/data/receiving-data/../../../packages/receiving/generated/wamn/receiving_record_receipt.rs:191:6
    |
191 | ) -> Result<Vec<InsertReceiptLineRow>, wamn_postgres_statements::StatementError> {
    |      ^^^^^^^^^^^^^^^^^^^^^^^^^^^^^^^^^^^^^^^^^^^^^^^^^^^^^^^^^^^^^^^^^^^^^^^^^^^ the `Err`-variant is at least 144 bytes
    |
    = help: try reducing the size of `wamn_postgres_statements::StatementError`, for example by boxing large elements or replacing it with `Box<wamn_postgres_statements::StatementError>`
    = help: for further information visit https://rust-lang.github.io/rust-clippy/rust-1.98.0/index.html#result_large_err

warning: the `Err`-variant returned from this closure is very large
   --> /home/kaalin/.cache/wamn-lanes/receiving-error-contract-20260910/components/data/receiving-data/../../../packages/receiving/generated/wamn/receiving_record_receipt.rs:196:76
    |
196 |       wamn_postgres_statements::decode_all(INSERT_RECEIPT_LINE_DIGEST, rows, |row| {
    |  ____________________________________________________________________________^
197 | |         Ok(InsertReceiptLineRow {
198 | |             id: row.decode("id")?,
199 | |         })
200 | |     })
    | |_____^ the `Err`-variant is at least 144 bytes
    |
    = help: try reducing the size of `wamn_postgres_statements::StatementError`, for example by boxing large elements or replacing it with `Box<wamn_postgres_statements::StatementError>`
    = help: for further information visit https://rust-lang.github.io/rust-clippy/rust-1.98.0/index.html#result_large_err

warning: the `Err`-variant returned from this function is very large
   --> /home/kaalin/.cache/wamn-lanes/receiving-error-contract-20260910/components/data/receiving-data/../../../packages/receiving/generated/wamn/receiving_record_receipt.rs:206:6
    |
206 | ) -> Result<Option<LockPurchaseOrderRow>, wamn_postgres_statements::StatementError> {
    |      ^^^^^^^^^^^^^^^^^^^^^^^^^^^^^^^^^^^^^^^^^^^^^^^^^^^^^^^^^^^^^^^^^^^^^^^^^^^^^^ the `Err`-variant is at least 144 bytes
    |
    = help: try reducing the size of `wamn_postgres_statements::StatementError`, for example by boxing large elements or replacing it with `Box<wamn_postgres_statements::StatementError>`
    = help: for further information visit https://rust-lang.github.io/rust-clippy/rust-1.98.0/index.html#result_large_err

warning: the `Err`-variant returned from this closure is very large
   --> /home/kaalin/.cache/wamn-lanes/receiving-error-contract-20260910/components/data/receiving-data/../../../packages/receiving/generated/wamn/receiving_record_receipt.rs:210:81
    |
210 |       wamn_postgres_statements::decode_optional(LOCK_PURCHASE_ORDER_DIGEST, rows, |row| {
    |  _________________________________________________________________________________^
211 | |         Ok(LockPurchaseOrderRow {
212 | |             status: row.decode("status")?,
213 | |         })
214 | |     })
    | |_____^ the `Err`-variant is at least 144 bytes
    |
    = help: try reducing the size of `wamn_postgres_statements::StatementError`, for example by boxing large elements or replacing it with `Box<wamn_postgres_statements::StatementError>`
    = help: for further information visit https://rust-lang.github.io/rust-clippy/rust-1.98.0/index.html#result_large_err

warning: the `Err`-variant returned from this function is very large
   --> /home/kaalin/.cache/wamn-lanes/receiving-error-contract-20260910/components/data/receiving-data/../../../packages/receiving/generated/wamn/receiving_record_receipt.rs:221:6
    |
221 | ) -> Result<Vec<UpdatePurchaseOrderLineRow>, wamn_postgres_statements::StatementError> {
    |      ^^^^^^^^^^^^^^^^^^^^^^^^^^^^^^^^^^^^^^^^^^^^^^^^^^^^^^^^^^^^^^^^^^^^^^^^^^^^^^^^^ the `Err`-variant is at least 144 bytes
    |
    = help: try reducing the size of `wamn_postgres_statements::StatementError`, for example by boxing large elements or replacing it with `Box<wamn_postgres_statements::StatementError>`
    = help: for further information visit https://rust-lang.github.io/rust-clippy/rust-1.98.0/index.html#result_large_err

warning: the `Err`-variant returned from this closure is very large
   --> /home/kaalin/.cache/wamn-lanes/receiving-error-contract-20260910/components/data/receiving-data/../../../packages/receiving/generated/wamn/receiving_record_receipt.rs:226:83
    |
226 |       wamn_postgres_statements::decode_all(UPDATE_PURCHASE_ORDER_LINE_DIGEST, rows, |row| {
    |  ___________________________________________________________________________________^
227 | |         Ok(UpdatePurchaseOrderLineRow {
228 | |             id: row.decode("id")?,
229 | |         })
230 | |     })
    | |_____^ the `Err`-variant is at least 144 bytes
    |
    = help: try reducing the size of `wamn_postgres_statements::StatementError`, for example by boxing large elements or replacing it with `Box<wamn_postgres_statements::StatementError>`
    = help: for further information visit https://rust-lang.github.io/rust-clippy/rust-1.98.0/index.html#result_large_err

warning: the `Err`-variant returned from this function is very large
   --> /home/kaalin/.cache/wamn-lanes/receiving-error-contract-20260910/components/data/receiving-data/../../../packages/receiving/generated/wamn/receiving_record_receipt.rs:237:6
    |
237 | ) -> Result<ValidateReceiptLineRow, wamn_postgres_statements::StatementError> {
    |      ^^^^^^^^^^^^^^^^^^^^^^^^^^^^^^^^^^^^^^^^^^^^^^^^^^^^^^^^^^^^^^^^^^^^^^^^ the `Err`-variant is at least 144 bytes
    |
    = help: try reducing the size of `wamn_postgres_statements::StatementError`, for example by boxing large elements or replacing it with `Box<wamn_postgres_statements::StatementError>`
    = help: for further information visit https://rust-lang.github.io/rust-clippy/rust-1.98.0/index.html#result_large_err

warning: the `Err`-variant returned from this closure is very large
   --> /home/kaalin/.cache/wamn-lanes/receiving-error-contract-20260910/components/data/receiving-data/../../../packages/receiving/generated/wamn/receiving_record_receipt.rs:242:78
    |
242 |       wamn_postgres_statements::decode_one(VALIDATE_RECEIPT_LINE_DIGEST, rows, |row| {
    |  ______________________________________________________________________________^
243 | |         Ok(ValidateReceiptLineRow {
244 | |             outcome: row.decode("outcome")?,
245 | |             id: row.decode("id")?,
246 | |         })
247 | |     })
    | |_____^ the `Err`-variant is at least 144 bytes
    |
    = help: try reducing the size of `wamn_postgres_statements::StatementError`, for example by boxing large elements or replacing it with `Box<wamn_postgres_statements::StatementError>`
    = help: for further information visit https://rust-lang.github.io/rust-clippy/rust-1.98.0/index.html#result_large_err

warning: the `Err`-variant returned from this function is very large
  --> /home/kaalin/.cache/wamn-lanes/receiving-error-contract-20260910/components/data/receiving-data/../../../packages/receiving/generated/wamn/receiving_load_receipt_screen.rs:26:6
   |
26 | ) -> Result<Vec<LoadReceiptScreenRow>, wamn_postgres_statements::StatementError> {
   |      ^^^^^^^^^^^^^^^^^^^^^^^^^^^^^^^^^^^^^^^^^^^^^^^^^^^^^^^^^^^^^^^^^^^^^^^^^^^ the `Err`-variant is at least 144 bytes
   |
   = help: try reducing the size of `wamn_postgres_statements::StatementError`, for example by boxing large elements or replacing it with `Box<wamn_postgres_statements::StatementError>`
   = help: for further information visit https://rust-lang.github.io/rust-clippy/rust-1.98.0/index.html#result_large_err

warning: the `Err`-variant returned from this closure is very large
  --> /home/kaalin/.cache/wamn-lanes/receiving-error-contract-20260910/components/data/receiving-data/../../../packages/receiving/generated/wamn/receiving_load_receipt_screen.rs:30:76
   |
30 |       wamn_postgres_statements::decode_all(LOAD_RECEIPT_SCREEN_DIGEST, rows, |row| {
   |  ____________________________________________________________________________^
31 | |         Ok(LoadReceiptScreenRow {
32 | |             purchase_order_id: row.decode("purchase_order_id")?,
33 | |             purchase_order_number: row.decode("purchase_order_number")?,
...  |
44 | |         })
45 | |     })
   | |_____^ the `Err`-variant is at least 144 bytes
   |
   = help: try reducing the size of `wamn_postgres_statements::StatementError`, for example by boxing large elements or replacing it with `Box<wamn_postgres_statements::StatementError>`
   = help: for further information visit https://rust-lang.github.io/rust-clippy/rust-1.98.0/index.html#result_large_err

warning: `wamn-receiving-data-access` (lib) generated 43 warnings
warning: `wamn-receiving-data-access` (lib test) generated 43 warnings (43 duplicates)
    Finished `dev` profile [unoptimized + debuginfo] target(s) in 1.44s
