{
  "source": "7f93f9cb6a26ea8c534372fc88e09432fce4aee2",
  "exit_code": 101,
  "elapsed_seconds": 229.281,
  "counts": {
    "test_targets": 193,
    "test_nonempty_targets": 174,
    "test_empty_targets": 19,
    "test_failed_targets": 40,
    "test_reported_passed": 2339,
    "test_failed": 101,
    "test_ignored": 0,
    "test_measured": 0,
    "test_filtered_out": 2,
    "test_explicit_self_skip_count": 84,
    "test_reported_passes_after_excluding_explicit_self_skips": 2255,
    "doctest_targets": 39,
    "doctest_nonempty_targets": 6,
    "doctest_empty_targets": 33,
    "doctest_failed_targets": 0,
    "doctest_reported_passed": 6,
    "doctest_failed": 0,
    "doctest_ignored": 0,
    "doctest_measured": 0,
    "doctest_filtered_out": 0,
    "doctest_explicit_self_skip_count": 0,
    "doctest_reported_passes_after_excluding_explicit_self_skips": 6
  },
  "classification_counts": {
    "missing_live_or_artifact_input": 93,
    "source_scan_misparses_retained_wit_evidence": 1,
    "unavailable_kubernetes_discovery": 1,
    "deployment_prerequisite_declaration_mismatch": 1,
    "setup_refusal": 5
  },
  "classification_complete": true,
  "pending_review_entries": 0,
  "unresolved_parser_entries": [],
  "source_stable": true,
  "tracked_files": 29110,
  "log_sha256": "24a3f210c87f64008fa2779609880e0afa106dd477111156d5f67c7e069f3a99",
  "previous_exact_failure_matches": 100,
  "previous_failure_matches_after_approved_rename": 101,
  "renamed_failed_cases": 1,
  "added_failures": 0,
  "changed_failure_causes": 0,
  "absent_reference_failures": 0,
  "moved_app_cases_with_passing_results": 34,
  "baseline_moved_failures": 17,
  "verified_source_files": 60,
  "executable_qualified_skips_equal": true,
  "report_sha256": "82b0e75f114ec34363c16a21f1586375074c05db388abdd2dfe6039318014868"
}
