 Network wamn-receiving-route-8azli5co_default  Creating
 Network wamn-receiving-route-8azli5co_default  Created
 Container wamn-receiving-route-8azli5co-receiving-route-postgres-1  Creating
 Container wamn-receiving-route-8azli5co-authenticated-registry-1  Creating
 Container wamn-receiving-route-8azli5co-authenticated-registry-1  Created
 Container wamn-receiving-route-8azli5co-receiving-route-postgres-1  Created
 Container wamn-receiving-route-8azli5co-receiving-route-postgres-1  Starting
 Container wamn-receiving-route-8azli5co-authenticated-registry-1  Starting
 Container wamn-receiving-route-8azli5co-authenticated-registry-1  Started
 Container wamn-receiving-route-8azli5co-receiving-route-postgres-1  Started
 Container wamn-receiving-route-8azli5co-receiving-route-postgres-1  Waiting
 Container wamn-receiving-route-8azli5co-authenticated-registry-1  Waiting
 Container wamn-receiving-route-8azli5co-authenticated-registry-1  Healthy
 Container wamn-receiving-route-8azli5co-receiving-route-postgres-1  Healthy
CREATE DATABASE

running 1 test
test route_authentication_live::production_two_package_release_serves_all_thirteen_pat_routes ... recorded org "acme" (template "trials") in registry.orgs + 2 env policy row(s) stamped insert-if-absent (wamn_system)
org "acme" (template "trials", pooled): placed on the shared pool "route-auth-pg18" (owns no clusters)
prepared identity database generation a
project-env acme/receiving/dev: database "wamn-db-acme--receiving--dev--1oqz8k5u" on cluster "route-auth-pg18" (owner wamn_db_owner)
wrote /tmp/wamn-receiving-route.8azli5co/route-authentication-live-3541523/database.json (Database CR (kubectl apply))
wrote /tmp/wamn-receiving-route.8azli5co/route-authentication-live-3541523/roles.sql (role SQL (psql the TARGET cluster BEFORE the Database CR))
wrote /tmp/wamn-receiving-route.8azli5co/route-authentication-live-3541523/privileges.sql (privilege SQL (psql the TARGET cluster AFTER the Database is ready))
wrote /tmp/wamn-receiving-route.8azli5co/route-authentication-live-3541523/database-secret.json (database credential Secret; kubectl apply)
recorded project "receiving" + project-env acme/receiving/dev in the registry (wamn_system)
environment namespace "wamn-acme--receiving--dev--1oqz8k5u" (instance suffix "1oqz8k5u")
wrote /tmp/wamn-receiving-route.8azli5co/route-authentication-live-3541523/management-author-pat.json (management-author PAT Secret; kubectl apply)
wrote /tmp/wamn-receiving-route.8azli5co/route-authentication-live-3541523/route-caller-pat.json (route-caller PAT Secret; kubectl apply)
aborted identity database generation a
applied wamn_receiving@1.0.0: 1 migration(s)
applied client_acme_receiving@3.0.0: 2 migration(s)
applied EnsureSchema: wamn_run
applied RepairHelperFunction: require_executor_platform_authority
applied RepairHelperFunction: require_management_admission_authority
applied RepairHelperFunction: pin_run_durability_class
applied RepairHelperFunction: guard_event_lineage_immutable
applied RepairHelperFunction: guard_run_admission_pins_immutable
applied RepairHelperFunction: guard_terminal_run_delete
applied RepairHelperFunction: reject_immutable_effect_fact_change
applied RepairHelperFunction: reject_immutable_operator_run_action_change
applied CreateTable: environment_policies
applied CreateTable: runs
applied CreateTable: effect_attempts
applied CreateTable: effect_attempt_dispatches
applied CreateTable: effect_attempt_outcomes
applied CreateTable: operator_run_actions
applied CreateTable: run_queue
applied RepairEffectWriterPrivilege: wamn_run.usage
applied RepairAuthoringPrivilege: wamn_run.usage
applied RepairDispatchReaderPrivilege: wamn_run.dispatch-reader-read-surface
  converged environment policy tenant="receiving-route-auth" environment="dev" durability_class=standard
prepared and authenticated app credential generation a for acme/receiving/dev; wrote /tmp/wamn-receiving-route.8azli5co/host-secrets/guest-sql.json
prepared and authenticated executor-platform credential generation a for acme/receiving/dev; wrote /tmp/wamn-receiving-route.8azli5co/host-secrets/executor-platform.json
prepared and authenticated event-materializer credential generation a for acme/receiving/dev; wrote /tmp/wamn-receiving-route.8azli5co/host-secrets/event-materializer.json
prepared and authenticated http-admitter credential generation a for acme/receiving/dev; wrote /tmp/wamn-receiving-route.8azli5co/host-secrets/http-admitter.json
prepared and authenticated identity-reader credential generation a for acme/receiving/dev; wrote /tmp/wamn-receiving-route.8azli5co/host-secrets/identity-reader.json
prepared and authenticated control-author credential generation a for acme/receiving/dev; wrote /tmp/wamn-receiving-route.8azli5co/route-authentication-live-3541523/control-author.json
prepared and authenticated management-admitter credential generation a for acme/receiving/dev; wrote /tmp/wamn-receiving-route.8azli5co/route-authentication-live-3541523/management-admitter.json
projected sha256:a092149c1c8df8b4f74babf64122f9747d15d7b1a78b82b35cb6e496f98fd9a1 (source-project: already converged; control: changed)
sha256:a092149c1c8df8b4f74babf64122f9747d15d7b1a78b82b35cb6e496f98fd9a1
projected sha256:d69ad067860bbc9cccf0c843475b75211ac7e9ce6e7e05a9d3a50918753a66ec (source-project: already converged; control: changed)
sha256:d69ad067860bbc9cccf0c843475b75211ac7e9ce6e7e05a9d3a50918753a66ec
2026-09-11T04:59:00.295016Z  INFO control authoring credential accepted database="wamn_system" role="wamn_control_author_8af1646575ff2081d34e71ba59848f0734b2e1f8_a" generation="a"
2026-09-11T04:59:00.342170Z  INFO management admission credential accepted database="wamn-db-acme--receiving--dev--1oqz8k5u" role="wamn_mgmt_admitter_c54444d8e954757c034856c605f4526e0c0c89f3_a" generation="a"
2026-09-11T04:59:00.378807Z  INFO project admission database connection ready endpoint=postgresql://127.0.0.1:54332/wamn-db-acme--receiving--dev--1oqz8k5u attempt=1
2026-09-11T04:59:00.378869Z  INFO management authoring surface listening address=127.0.0.1:18089
sha256:506e8a5861568ef66f0d944006c9e0535ead4d5006413ed667bf966a116cd8f4
sha256:682009a5c03a16c1093d13cf449046a197cbafb163b5c4bbc1a0b5542464b8f7
sha256:13b2e3972739106d9b35588201c732d3fc7cdb9b2900dae135ea0bf699c431f3
sha256:a6e70070435b43837194f2f8386cf54c0742a5a8f9d5f885789499e009b1751d
sha256:4cc692f557f2ed5d4dddd1a446e263c1358b229cfa48c8530be76caa42828073
sha256:c2f685cc1ca3a3a083b3fec01e5b6d6ebf6a0045f4fb74067718215a675b14b2
sha256:c8ce4012c813225ce4cc05b48637fbcf134f567b2f868bb6935d710936bc8e00
sha256:03f035ffb64b1f8fc0a6b6f175e4d7910a30af99bc247bc655d351143f73a7be
sha256:c5d614478655eebefb81cbb907796c381efe1fea951480cc8ce68a33d0208a4a
sha256:25379650819aa4282b572ea497f64bf9ca78e5e28dc32a92cb3783164ce2787d
sha256:003fea6dc6ed14076bc69528c8230384490b7a035c5f98d582f025bb75c84792
sha256:400cd2538d296fb24910be7a244241d801b75ba26f75176cc783e401d631d340
sha256:3e8ab8e57d877e66f22b432d929b3d98c53d11edfc184cdb6616b7304225fb61
sha256:2d8ec8d81933ef57c75b1c4760850eb1f77f3200d1ba87f6afb7a80ea59c52e8
run plane already at the schema of record — no actions (7 tables at target)
sha256:62de32341cfb39725f8e03adacb54d478e9421ae7f361384f6a86c9d8f1e829f
sha256:62de32341cfb39725f8e03adacb54d478e9421ae7f361384f6a86c9d8f1e829f
P3 protocol cases passed: origin-form-host, stalled-body-missing-auth, stalled-body-unknown-route, exact-1mib, 1mib-plus-one, transport-error-after-json, pending-body-cancellation, recovery-after-cancellation
applied wamn_receiving@1.0.0: 0 migration(s)
ok

test result: ok. 1 passed; 0 failed; 0 ignored; 0 measured; 80 filtered out; finished in 22.52s

