2026-09-09T16:27:07.432276Z  INFO wamn_cdc_reader: registration loaded publication="wamn_cdc_acme__receiving__dev__ogajv4a2" slot="wamn_cdc_acme__receiving__dev__ogajv4a2" stream="EVT_acme_dev"
2026-09-09T16:27:07.435010Z  INFO async_nats::connector: connected successfully server=4222 max_payload=1048576
2026-09-09T16:27:07.435160Z  INFO async_nats: event: connected
2026-09-09T16:27:07.505292Z  INFO wamn_cdc_reader: preflight: slot healthy (resume position = confirmed LSN) slot="wamn_cdc_acme__receiving__dev__ogajv4a2" active=false confirmed_flush_lsn="0/3039E68" wal_status="reserved"
2026-09-09T16:27:07.505372Z  INFO pg_walstream::stream: Creating logical replication stream with retry support
2026-09-09T16:27:07.505394Z  INFO pg_walstream::retry: Attempting to connect to PostgreSQL with retry logic
2026-09-09T16:27:07.556952Z  INFO pg_walstream::retry: Successfully connected to PostgreSQL on attempt 1 after 51.543099ms
2026-09-09T16:27:07.557004Z  INFO pg_walstream::stream: Starting logical replication stream
2026-09-09T16:27:07.557011Z  INFO pg_walstream::stream: Initializing replication stream
2026-09-09T16:27:07.557142Z  INFO pg_walstream::stream: System identification successful
2026-09-09T16:27:07.557155Z  INFO pg_walstream::stream: Creating replication slot: wamn_cdc_acme__receiving__dev__ogajv4a2
2026-09-09T16:27:07.566336Z  WARN pg_walstream::stream: Replication slot already exists, continuing
2026-09-09T16:27:07.566375Z  INFO pg_walstream::stream: Replication stream initialized
2026-09-09T16:27:07.566970Z  INFO pg_walstream::stream: Logical replication started with LSN: 0/0
2026-09-09T16:27:07.567001Z  INFO wamn_cdc_reader: walsender session open; draining reopens=0
2026-09-09T16:27:37.570295Z  INFO pg_walstream::connection::native::connection: Sent standby status update: received=0/34E18C0, flushed=0/0, applied=0/0, reply_requested=false
2026-09-09T16:28:07.576682Z  INFO pg_walstream::connection::native::connection: Sent standby status update: received=0/3529DE0, flushed=0/0, applied=0/0, reply_requested=false
2026-09-09T16:28:18.989675Z  INFO wamn_cdc_reader: entity resolved table=purchase_order relation_oid=18610 package_id="wamn_receiving" entity="purchase_order"
2026-09-09T16:28:19.029116Z  INFO wamn_cdc_reader: CDC exclusion resolved table=record_receipt_command relation_oid=18661 package_id="wamn_receiving" relation="record_receipt_command"
2026-09-09T16:28:19.069224Z  INFO wamn_cdc_reader: entity resolved table=receipt relation_oid=18679 package_id="wamn_receiving" entity="receipt"
2026-09-09T16:28:19.105660Z  INFO wamn_cdc_reader: entity resolved table=receipt_line relation_oid=18708 package_id="wamn_receiving" entity="receipt_line"
2026-09-09T16:28:19.141548Z  INFO wamn_cdc_reader: entity resolved table=purchase_order_line relation_oid=18632 package_id="wamn_receiving" entity="purchase_order_line"
2026-09-09T16:28:19.142195Z  INFO wamn::event_reader: CDC exclusions committed excluded_by_relation={"wamn_receiving::record_receipt_command": 2}
2026-09-09T16:28:19.199611Z  INFO wamn_cdc_reader: entity resolved table=quality_inspection relation_oid=18764 package_id="client_acme_receiving" entity="quality_inspection"
2026-09-09T16:28:37.579831Z  INFO pg_walstream::connection::native::connection: Sent standby status update: received=0/352AE28, flushed=0/352AC18, applied=0/352AC18, reply_requested=false
2026-09-09T16:29:07.585814Z  INFO pg_walstream::connection::native::connection: Sent standby status update: received=0/352AF30, flushed=0/352AC18, applied=0/352AC18, reply_requested=false
2026-09-09T16:29:37.588817Z  INFO pg_walstream::connection::native::connection: Sent standby status update: received=0/352B260, flushed=0/352AC18, applied=0/352AC18, reply_requested=false
2026-09-09T16:30:07.613828Z  INFO pg_walstream::connection::native::connection: Sent standby status update: received=0/352B298, flushed=0/352AC18, applied=0/352AC18, reply_requested=false
2026-09-09T16:30:37.643831Z  INFO pg_walstream::connection::native::connection: Sent standby status update: received=0/352B298, flushed=0/352AC18, applied=0/352AC18, reply_requested=false
2026-09-09T16:31:07.673867Z  INFO pg_walstream::connection::native::connection: Sent standby status update: received=0/352B298, flushed=0/352AC18, applied=0/352AC18, reply_requested=false
2026-09-09T16:31:37.676784Z  INFO pg_walstream::connection::native::connection: Sent standby status update: received=0/352B2F0, flushed=0/352AC18, applied=0/352AC18, reply_requested=false
2026-09-09T16:32:07.706875Z  INFO pg_walstream::connection::native::connection: Sent standby status update: received=0/352B2F0, flushed=0/352AC18, applied=0/352AC18, reply_requested=false
2026-09-09T16:32:37.736853Z  INFO pg_walstream::connection::native::connection: Sent standby status update: received=0/352B2F0, flushed=0/352AC18, applied=0/352AC18, reply_requested=false
2026-09-09T16:33:07.766830Z  INFO pg_walstream::connection::native::connection: Sent standby status update: received=0/352B2F0, flushed=0/352AC18, applied=0/352AC18, reply_requested=false
2026-09-09T16:33:37.797443Z  INFO pg_walstream::connection::native::connection: Sent standby status update: received=0/352B2F0, flushed=0/352AC18, applied=0/352AC18, reply_requested=false
2026-09-09T16:34:07.826996Z  INFO pg_walstream::connection::native::connection: Sent standby status update: received=0/352B2F0, flushed=0/352AC18, applied=0/352AC18, reply_requested=false
2026-09-09T16:34:11.270662Z  INFO wamn::event_reader: drain summary commits=4 events_published=6 deduped=0 excluded_by_relation={"wamn_receiving::record_receipt_command": 2} ending="shutdown"
2026-09-09T16:34:11.270783Z  INFO pg_walstream::connection::native::connection: Sent standby status update: received=0/352B2F0, flushed=0/352AC18, applied=0/352AC18, reply_requested=false
2026-09-09T16:34:11.270799Z  INFO pg_walstream::stream: Stopping logical replication stream (last received LSN: 0/352B2F0)
2026-09-09T16:34:11.270807Z  INFO wamn_cdc_reader: shutdown requested; exiting cleanly reopens=0 commits=4
