2026-09-09T16:27:17.894472Z  INFO host memory resolved max_guest_memory=45.7GiB guest_memory_mode="count" default_heap_memory=256MiB core_instances=512 memories=512 pool_reservation=128GiB
2026-09-09T16:27:17.897587Z  INFO executor router queue driver ready runner=cutover-sigint tenant=receiving-route-auth package_count=2 environment=dev effective_release_id=1 manifest_digest=sha256:e633957452b28418875cdc69a5574d078da95daf94aa9fda76c5ad84cc3dee94 wiring_cache_capacity=1024 lease_ttl_ms=30000
2026-09-09T16:27:17.897759Z  INFO probe server listening addr=127.0.0.1:45851
2026-09-09T16:27:17.948675Z  INFO wiring activation doorbell listening; dropped every cached pointer channel="wamn_wiring_activation" dropped=0
2026-09-09T16:27:17.996122Z  WARN executor queue turn failed; retrying error=production claim prepare exhausted candidate failed: db error: ERROR: function require_executor_platform_authority() does not exist
HINT: No function matches the given name and argument types. You might need to add explicit type casts.
2026-09-09T16:27:18.191776Z  INFO release component pull completed component_digest=sha256:710586d8b7fa9ff054d84203d981832659ae9baa618ed03b14588d1168d68d2e component_bytes=466355 elapsed_ms=60
2026-09-09T16:27:18.226583Z  INFO release component pull completed component_digest=sha256:1f481deceaea9e217fb19819c750ce39fec8e9a1e19686e43dc2ebf65b1d9fef component_bytes=669281 elapsed_ms=95
2026-09-09T16:27:18.255887Z  WARN executor queue turn failed; retrying error=production claim prepare exhausted candidate failed: db error: ERROR: function require_executor_platform_authority() does not exist
HINT: No function matches the given name and argument types. You might need to add explicit type casts.
2026-09-09T16:27:18.510991Z  WARN executor queue turn failed; retrying error=production claim prepare exhausted candidate failed: db error: ERROR: function require_executor_platform_authority() does not exist
HINT: No function matches the given name and argument types. You might need to add explicit type casts.
2026-09-09T16:27:18.765779Z  WARN executor queue turn failed; retrying error=production claim prepare exhausted candidate failed: db error: ERROR: function require_executor_platform_authority() does not exist
HINT: No function matches the given name and argument types. You might need to add explicit type casts.
2026-09-09T16:27:19.026235Z  WARN executor queue turn failed; retrying error=production claim prepare exhausted candidate failed: db error: ERROR: function require_executor_platform_authority() does not exist
HINT: No function matches the given name and argument types. You might need to add explicit type casts.
2026-09-09T16:27:19.283528Z  WARN executor queue turn failed; retrying error=production claim prepare exhausted candidate failed: db error: ERROR: function require_executor_platform_authority() does not exist
HINT: No function matches the given name and argument types. You might need to add explicit type casts.
2026-09-09T16:27:19.544478Z  WARN executor queue turn failed; retrying error=production claim prepare exhausted candidate failed: db error: ERROR: function require_executor_platform_authority() does not exist
HINT: No function matches the given name and argument types. You might need to add explicit type casts.
2026-09-09T16:27:19.802870Z  WARN executor queue turn failed; retrying error=production claim prepare exhausted candidate failed: db error: ERROR: function require_executor_platform_authority() does not exist
HINT: No function matches the given name and argument types. You might need to add explicit type casts.
2026-09-09T16:27:20.058289Z  WARN executor queue turn failed; retrying error=production claim prepare exhausted candidate failed: db error: ERROR: function require_executor_platform_authority() does not exist
HINT: No function matches the given name and argument types. You might need to add explicit type casts.
2026-09-09T16:27:20.323080Z  WARN executor queue turn failed; retrying error=production claim prepare exhausted candidate failed: db error: ERROR: function require_executor_platform_authority() does not exist
HINT: No function matches the given name and argument types. You might need to add explicit type casts.
2026-09-09T16:27:20.580845Z  WARN executor queue turn failed; retrying error=production claim prepare exhausted candidate failed: db error: ERROR: function require_executor_platform_authority() does not exist
HINT: No function matches the given name and argument types. You might need to add explicit type casts.
2026-09-09T16:27:20.835116Z  WARN executor queue turn failed; retrying error=production claim prepare exhausted candidate failed: db error: ERROR: function require_executor_platform_authority() does not exist
HINT: No function matches the given name and argument types. You might need to add explicit type casts.
2026-09-09T16:27:21.089862Z  WARN executor queue turn failed; retrying error=production claim prepare exhausted candidate failed: db error: ERROR: function require_executor_platform_authority() does not exist
HINT: No function matches the given name and argument types. You might need to add explicit type casts.
2026-09-09T16:27:21.355304Z  WARN executor queue turn failed; retrying error=production claim prepare exhausted candidate failed: db error: ERROR: function require_executor_platform_authority() does not exist
HINT: No function matches the given name and argument types. You might need to add explicit type casts.
2026-09-09T16:27:21.611935Z  WARN executor queue turn failed; retrying error=production claim prepare exhausted candidate failed: db error: ERROR: function require_executor_platform_authority() does not exist
HINT: No function matches the given name and argument types. You might need to add explicit type casts.
2026-09-09T16:27:21.890900Z  WARN executor queue turn failed; retrying error=production claim prepare exhausted candidate failed: db error: ERROR: function require_executor_platform_authority() does not exist
HINT: No function matches the given name and argument types. You might need to add explicit type casts.
2026-09-09T16:27:22.149166Z  WARN executor queue turn failed; retrying error=production claim prepare exhausted candidate failed: db error: ERROR: function require_executor_platform_authority() does not exist
HINT: No function matches the given name and argument types. You might need to add explicit type casts.
2026-09-09T16:27:22.404819Z  WARN executor queue turn failed; retrying error=production claim prepare exhausted candidate failed: db error: ERROR: function require_executor_platform_authority() does not exist
HINT: No function matches the given name and argument types. You might need to add explicit type casts.
2026-09-09T16:27:22.659064Z  WARN executor queue turn failed; retrying error=production claim prepare exhausted candidate failed: db error: ERROR: function require_executor_platform_authority() does not exist
HINT: No function matches the given name and argument types. You might need to add explicit type casts.
2026-09-09T16:27:22.914900Z  WARN executor queue turn failed; retrying error=production claim prepare exhausted candidate failed: db error: ERROR: function require_executor_platform_authority() does not exist
HINT: No function matches the given name and argument types. You might need to add explicit type casts.
2026-09-09T16:27:23.175191Z  WARN executor queue turn failed; retrying error=production claim prepare exhausted candidate failed: db error: ERROR: function require_executor_platform_authority() does not exist
HINT: No function matches the given name and argument types. You might need to add explicit type casts.
2026-09-09T16:27:23.431785Z  WARN executor queue turn failed; retrying error=production claim prepare exhausted candidate failed: db error: ERROR: function require_executor_platform_authority() does not exist
HINT: No function matches the given name and argument types. You might need to add explicit type casts.
2026-09-09T16:27:23.690985Z  WARN executor queue turn failed; retrying error=production claim prepare exhausted candidate failed: db error: ERROR: function require_executor_platform_authority() does not exist
HINT: No function matches the given name and argument types. You might need to add explicit type casts.
2026-09-09T16:27:23.945275Z  WARN executor queue turn failed; retrying error=production claim prepare exhausted candidate failed: db error: ERROR: function require_executor_platform_authority() does not exist
HINT: No function matches the given name and argument types. You might need to add explicit type casts.
2026-09-09T16:27:24.212400Z  WARN executor queue turn failed; retrying error=production claim prepare exhausted candidate failed: db error: ERROR: function require_executor_platform_authority() does not exist
HINT: No function matches the given name and argument types. You might need to add explicit type casts.
2026-09-09T16:27:24.467234Z  WARN executor queue turn failed; retrying error=production claim prepare exhausted candidate failed: db error: ERROR: function require_executor_platform_authority() does not exist
HINT: No function matches the given name and argument types. You might need to add explicit type casts.
2026-09-09T16:27:24.722601Z  WARN executor queue turn failed; retrying error=production claim prepare exhausted candidate failed: db error: ERROR: function require_executor_platform_authority() does not exist
HINT: No function matches the given name and argument types. You might need to add explicit type casts.
2026-09-09T16:27:24.976067Z  WARN executor queue turn failed; retrying error=production claim prepare exhausted candidate failed: db error: ERROR: function require_executor_platform_authority() does not exist
HINT: No function matches the given name and argument types. You might need to add explicit type casts.
2026-09-09T16:27:25.230753Z  WARN executor queue turn failed; retrying error=production claim prepare exhausted candidate failed: db error: ERROR: function require_executor_platform_authority() does not exist
HINT: No function matches the given name and argument types. You might need to add explicit type casts.
2026-09-09T16:27:25.492694Z  WARN executor queue turn failed; retrying error=production claim prepare exhausted candidate failed: db error: ERROR: function require_executor_platform_authority() does not exist
HINT: No function matches the given name and argument types. You might need to add explicit type casts.
2026-09-09T16:27:25.755970Z  WARN executor queue turn failed; retrying error=production claim prepare exhausted candidate failed: db error: ERROR: function require_executor_platform_authority() does not exist
HINT: No function matches the given name and argument types. You might need to add explicit type casts.
2026-09-09T16:27:26.011914Z  WARN executor queue turn failed; retrying error=production claim prepare exhausted candidate failed: db error: ERROR: function require_executor_platform_authority() does not exist
HINT: No function matches the given name and argument types. You might need to add explicit type casts.
2026-09-09T16:27:26.270799Z  WARN executor queue turn failed; retrying error=production claim prepare exhausted candidate failed: db error: ERROR: function require_executor_platform_authority() does not exist
HINT: No function matches the given name and argument types. You might need to add explicit type casts.
2026-09-09T16:27:26.507784Z  INFO release component compilation completed component_digest=sha256:710586d8b7fa9ff054d84203d981832659ae9baa618ed03b14588d1168d68d2e compile_ms=8315 compile_wall_ms=8315
2026-09-09T16:27:26.516815Z  INFO release component compilation completed component_digest=sha256:1f481deceaea9e217fb19819c750ce39fec8e9a1e19686e43dc2ebf65b1d9fef compile_ms=8289 compile_wall_ms=8290
2026-09-09T16:27:26.519829Z  WARN wamn.component.linker_setup:wamn.linker.register: component imports wamn:postgres but sets no wamn.tenant; calls will be refused component="receiving#0"
2026-09-09T16:27:26.522255Z  INFO release component instantiation completed component_digest=sha256:1f481deceaea9e217fb19819c750ce39fec8e9a1e19686e43dc2ebf65b1d9fef elapsed_ms=5 total_elapsed_ms=8391
2026-09-09T16:27:26.523131Z  WARN executor queue turn failed; retrying error=production claim prepare exhausted candidate failed: db error: ERROR: function require_executor_platform_authority() does not exist
HINT: No function matches the given name and argument types. You might need to add explicit type casts.
2026-09-09T16:27:26.524530Z  WARN wamn.component.linker_setup:wamn.linker.register: component imports wamn:postgres but sets no wamn.tenant; calls will be refused component="client_acme_receiving#1"
2026-09-09T16:27:26.526794Z  INFO release component instantiation completed component_digest=sha256:710586d8b7fa9ff054d84203d981832659ae9baa618ed03b14588d1168d68d2e elapsed_ms=4 total_elapsed_ms=8395
2026-09-09T16:27:26.526888Z  INFO synchronous release preload completed synchronous_wirings=13 component_digests=2 elapsed_ms=8629
2026-09-09T16:27:26.546701Z  INFO executor router driver stopping cache_hits=0 cache_evictions=0
