2026-09-09T16:28:07.243785Z  INFO connected to NATS
2026-09-09T16:28:07.244151Z  INFO host memory resolved max_guest_memory=4GiB guest_memory_mode="count" default_heap_memory=256MiB core_instances=512 memories=512 pool_reservation=128GiB
2026-09-09T16:28:07.272121Z  INFO wiring activation doorbell listening; dropped every cached pointer channel="wamn_wiring_activation" dropped=0
2026-09-09T16:28:07.597697Z  INFO release component pull completed component_digest=sha256:1f481deceaea9e217fb19819c750ce39fec8e9a1e19686e43dc2ebf65b1d9fef component_bytes=669281 elapsed_ms=80
2026-09-09T16:28:07.617750Z  INFO release component pull completed component_digest=sha256:710586d8b7fa9ff054d84203d981832659ae9baa618ed03b14588d1168d68d2e component_bytes=466355 elapsed_ms=100
2026-09-09T16:28:08.827979Z  INFO release component compilation completed component_digest=sha256:710586d8b7fa9ff054d84203d981832659ae9baa618ed03b14588d1168d68d2e compile_ms=1209 compile_wall_ms=1210
2026-09-09T16:28:08.834332Z  INFO release component compilation completed component_digest=sha256:1f481deceaea9e217fb19819c750ce39fec8e9a1e19686e43dc2ebf65b1d9fef compile_ms=1236 compile_wall_ms=1236
2026-09-09T16:28:08.834874Z  WARN wamn.component.linker_setup:wamn.linker.register: component imports wamn:postgres but sets no wamn.tenant; calls will be refused component="receiving#0"
2026-09-09T16:28:08.835265Z  INFO release component instantiation completed component_digest=sha256:1f481deceaea9e217fb19819c750ce39fec8e9a1e19686e43dc2ebf65b1d9fef elapsed_ms=0 total_elapsed_ms=1317
2026-09-09T16:28:08.835692Z  WARN wamn.component.linker_setup:wamn.linker.register: component imports wamn:postgres but sets no wamn.tenant; calls will be refused component="client_acme_receiving#1"
2026-09-09T16:28:08.835896Z  INFO release component instantiation completed component_digest=sha256:710586d8b7fa9ff054d84203d981832659ae9baa618ed03b14588d1168d68d2e elapsed_ms=0 total_elapsed_ms=1318
2026-09-09T16:28:08.835919Z  INFO synchronous release preload completed synchronous_wirings=13 component_digests=2 elapsed_ms=1572
2026-09-09T16:28:08.835983Z  INFO release preload completed; component cache warm
2026-09-09T16:28:08.842678Z  INFO wamn-host starting (base plugins: wasi:config, wamn:logging, wasi:otel, wamn:postgres, wamn:jetstream, wamn:flow-http-routing) router_delivery=true
2026-09-09T16:28:08.842690Z  INFO wamn-host welded to its release effective_release_id=1 manifest_digest=sha256:e633957452b28418875cdc69a5574d078da95daf94aa9fda76c5ad84cc3dee94
2026-09-09T16:28:08.842704Z  INFO HTTP server listening addr=0.0.0.0:80 protocol="HTTP"
2026-09-09T16:28:08.842702Z  INFO probe server listening addr=0.0.0.0:8081
2026-09-09T16:28:08.842779Z  INFO Starting WASI OTel plugin endpoint=http://otel-collector.wamn-system.svc.cluster.local:4317 protocol="grpc"
2026-09-09T16:28:08.843352Z  INFO WASI OTel plugin started
2026-09-09T16:28:08.843366Z  INFO Host started host_id="f0cd804f-04e8-46be-bb73-134d05325abf" friendly_name="makeshift-breath-0322" host_name="10.244.3.6" labels={"hostgroup": "default"} version="2.9.0" max_concurrent_starts=4
2026-09-09T16:28:08.843459Z  INFO Host provides interfaces count=10 interfaces=["wasi:cli/terminal-stdin,terminal-stdout,stderr,environment,terminal-input,terminal-output,stdout,stdin,terminal-stderr,exit@0.2.0", "wasi:clocks/monotonic-clock,wall-clock@0.2.0", "wasi:clocks/monotonic-clock,wall-time@0.2.0", "wasi:filesystem/preopens,types@0.2.0", "wasi:http/types,incoming-handler,outgoing-handler@0.2.0", "wasi:http/types,handler@0.3.0", "wasi:io/error,streams,poll@0.2.0", "wasi:random/random,insecure-seed,insecure@0.2.0", "wasi:random/random@0.2.0", "wasi:sockets/tcp,udp-create-socket,tcp-create-socket,udp,instance-network,ip-name-lookup,network@0.2.0"]
2026-09-09T16:28:08.843474Z  INFO wamn-host runtime startup completed elapsed_ms=1722 cleanup_budget_secs=51
2026-09-09T16:28:13.126189Z  INFO workload_start{workload_id=11df82aa-f2af-4fcb-9e3c-d5486be8d0e9 workload.name="flow-http-55b96f969b-559b95568d" workload.namespace="wamn-receiving-journey"}: Starting workload workload_id="11df82aa-f2af-4fcb-9e3c-d5486be8d0e9" namespace="wamn-receiving-journey" name="flow-http-55b96f969b-559b95568d"
2026-09-09T16:28:18.922985Z  WARN handle_http_request{http.method=POST http.uri=/acme/purchase_order/update http.host=receiving.localhost http.request.method=POST url.path=/acme/purchase_order/update server.address="receiving.localhost"}:invoke_component_handler{workload.name="flow-http-55b96f969b-559b95568d" workload.namespace="wamn-receiving-journey" workload.id="11df82aa-f2af-4fcb-9e3c-d5486be8d0e9"}:wamn.component.invoke{wamn.tenant=receiving-route-auth wamn.project=receiving wamn.environment=dev wamn.wiring_id=purchase_order_update wamn.wiring_version=1 wamn.component_digest=sha256:710586d8b7fa9ff054d84203d981832659ae9baa618ed03b14588d1168d68d2e wamn.node_id=operation wamn.operation=client-acme-receiving:purchase-order/update@3.0.0 wamn.caller_principal_id="5feb14de-4468-4774-9d81-883853691349" wamn.caller_credential_kind="pat"}:wamn.component.linker_setup:wamn.linker.register: component imports wamn:postgres but sets no wamn.tenant; calls will be refused component="client_acme_receiving#2"
2026-09-09T16:28:18.944608Z  WARN handle_http_request{http.method=POST http.uri=/acme/receiving/record_receipt http.host=receiving.localhost http.request.method=POST url.path=/acme/receiving/record_receipt server.address="receiving.localhost"}:invoke_component_handler{workload.name="flow-http-55b96f969b-559b95568d" workload.namespace="wamn-receiving-journey" workload.id="11df82aa-f2af-4fcb-9e3c-d5486be8d0e9"}:wamn.component.invoke{wamn.tenant=receiving-route-auth wamn.project=receiving wamn.environment=dev wamn.wiring_id=receiving_record_receipt wamn.wiring_version=1 wamn.component_digest=sha256:710586d8b7fa9ff054d84203d981832659ae9baa618ed03b14588d1168d68d2e wamn.node_id=operation wamn.operation=client-acme-receiving:receiving/record-receipt@3.0.0 wamn.caller_principal_id="5feb14de-4468-4774-9d81-883853691349" wamn.caller_credential_kind="pat"}:wamn.component.linker_setup:wamn.linker.register: component imports wamn:postgres but sets no wamn.tenant; calls will be refused component="client_acme_receiving#3"
2026-09-09T16:28:18.945162Z  WARN handle_http_request{http.method=POST http.uri=/acme/receiving/record_receipt http.host=receiving.localhost http.request.method=POST url.path=/acme/receiving/record_receipt server.address="receiving.localhost"}:invoke_component_handler{workload.name="flow-http-55b96f969b-559b95568d" workload.namespace="wamn-receiving-journey" workload.id="11df82aa-f2af-4fcb-9e3c-d5486be8d0e9"}:wamn.component.invoke{wamn.tenant=receiving-route-auth wamn.project=receiving wamn.environment=dev wamn.wiring_id=receiving_record_receipt wamn.wiring_version=1 wamn.component_digest=sha256:710586d8b7fa9ff054d84203d981832659ae9baa618ed03b14588d1168d68d2e wamn.node_id=operation wamn.operation=client-acme-receiving:receiving/record-receipt@3.0.0 wamn.caller_principal_id="5feb14de-4468-4774-9d81-883853691349" wamn.caller_credential_kind="pat"}:wamn.component.linker_setup:wamn.linker.register: component imports wamn:postgres but sets no wamn.tenant; calls will be refused component="receiving#4"
2026-09-09T16:28:07.160804Z  INFO connected to NATS
2026-09-09T16:28:07.161251Z  INFO host memory resolved max_guest_memory=4GiB guest_memory_mode="count" default_heap_memory=256MiB core_instances=512 memories=512 pool_reservation=128GiB
2026-09-09T16:28:07.197656Z  INFO wiring activation doorbell listening; dropped every cached pointer channel="wamn_wiring_activation" dropped=0
2026-09-09T16:28:07.370153Z  INFO release component pull completed component_digest=sha256:1f481deceaea9e217fb19819c750ce39fec8e9a1e19686e43dc2ebf65b1d9fef component_bytes=669281 elapsed_ms=57
2026-09-09T16:28:07.371812Z  INFO release component pull completed component_digest=sha256:710586d8b7fa9ff054d84203d981832659ae9baa618ed03b14588d1168d68d2e component_bytes=466355 elapsed_ms=57
2026-09-09T16:28:08.496560Z  INFO release component compilation completed component_digest=sha256:1f481deceaea9e217fb19819c750ce39fec8e9a1e19686e43dc2ebf65b1d9fef compile_ms=1125 compile_wall_ms=1126
2026-09-09T16:28:08.497313Z  WARN wamn.component.linker_setup:wamn.linker.register: component imports wamn:postgres but sets no wamn.tenant; calls will be refused component="receiving#0"
2026-09-09T16:28:08.497830Z  INFO release component instantiation completed component_digest=sha256:1f481deceaea9e217fb19819c750ce39fec8e9a1e19686e43dc2ebf65b1d9fef elapsed_ms=1 total_elapsed_ms=1185
2026-09-09T16:28:08.501832Z  INFO release component compilation completed component_digest=sha256:710586d8b7fa9ff054d84203d981832659ae9baa618ed03b14588d1168d68d2e compile_ms=1126 compile_wall_ms=1129
2026-09-09T16:28:08.502475Z  WARN wamn.component.linker_setup:wamn.linker.register: component imports wamn:postgres but sets no wamn.tenant; calls will be refused component="client_acme_receiving#1"
2026-09-09T16:28:08.502891Z  INFO release component instantiation completed component_digest=sha256:710586d8b7fa9ff054d84203d981832659ae9baa618ed03b14588d1168d68d2e elapsed_ms=1 total_elapsed_ms=1188
2026-09-09T16:28:08.502931Z  INFO synchronous release preload completed synchronous_wirings=13 component_digests=2 elapsed_ms=1320
2026-09-09T16:28:08.503022Z  INFO release preload completed; component cache warm
2026-09-09T16:28:08.528667Z  INFO wamn-host starting (base plugins: wasi:config, wamn:logging, wasi:otel, wamn:postgres, wamn:jetstream, wamn:flow-http-routing) router_delivery=true
2026-09-09T16:28:08.528701Z  INFO wamn-host welded to its release effective_release_id=1 manifest_digest=sha256:e633957452b28418875cdc69a5574d078da95daf94aa9fda76c5ad84cc3dee94
2026-09-09T16:28:08.528736Z  INFO HTTP server listening addr=0.0.0.0:80 protocol="HTTP"
2026-09-09T16:28:08.528768Z  INFO Starting WASI OTel plugin endpoint=http://otel-collector.wamn-system.svc.cluster.local:4317 protocol="grpc"
2026-09-09T16:28:08.528894Z  INFO probe server listening addr=0.0.0.0:8081
2026-09-09T16:28:08.529821Z  INFO WASI OTel plugin started
2026-09-09T16:28:08.530065Z  INFO Host started host_id="35bcda04-7eba-460d-92dd-670b0e46c41a" friendly_name="rustic-lock-5445" host_name="10.244.1.6" labels={"hostgroup": "default"} version="2.9.0" max_concurrent_starts=4
2026-09-09T16:28:08.530273Z  INFO Host provides interfaces count=10 interfaces=["wasi:cli/stdout,terminal-stdout,stderr,terminal-output,terminal-input,stdin,environment,exit,terminal-stderr,terminal-stdin@0.2.0", "wasi:clocks/wall-clock,monotonic-clock@0.2.0", "wasi:clocks/wall-time,monotonic-clock@0.2.0", "wasi:filesystem/preopens,types@0.2.0", "wasi:http/handler,types@0.3.0", "wasi:http/outgoing-handler,types,incoming-handler@0.2.0", "wasi:io/poll,error,streams@0.2.0", "wasi:random/random@0.2.0", "wasi:random/insecure,random,insecure-seed@0.2.0", "wasi:sockets/tcp,udp,tcp-create-socket,udp-create-socket,network,instance-network,ip-name-lookup@0.2.0"]
2026-09-09T16:28:08.530590Z  INFO wamn-host runtime startup completed elapsed_ms=1488 cleanup_budget_secs=51
2026-09-09T16:28:17.250314Z  INFO workload_start{workload_id=fa6b9890-e662-450b-9be8-490f388de2bb workload.name="receiving-materializer-57cddfb454-78bc98548" workload.namespace="wamn-receiving-journey"}: Starting workload workload_id="fa6b9890-e662-450b-9be8-490f388de2bb" namespace="wamn-receiving-journey" name="receiving-materializer-57cddfb454-78bc98548"
wamn::materializer up: stream=EVT_acme_dev filter=evt.acme.receiving.dev.*.* tenant=receiving-route-auth batch=64 fetch_ms=500 max_deliver=5 max_sweeps=0
2026-09-09T16:28:17.559146Z  INFO workload_stop{workload_id=fa6b9890-e662-450b-9be8-490f388de2bb}: Stopping workload workload_id="fa6b9890-e662-450b-9be8-490f388de2bb"
2026-09-09T16:28:07.219260Z  INFO connected to NATS
2026-09-09T16:28:07.220035Z  INFO host memory resolved max_guest_memory=4GiB guest_memory_mode="count" default_heap_memory=256MiB core_instances=512 memories=512 pool_reservation=128GiB
2026-09-09T16:28:07.248319Z  INFO wiring activation doorbell listening; dropped every cached pointer channel="wamn_wiring_activation" dropped=0
2026-09-09T16:28:07.513434Z  INFO release component pull completed component_digest=sha256:710586d8b7fa9ff054d84203d981832659ae9baa618ed03b14588d1168d68d2e component_bytes=466355 elapsed_ms=69
2026-09-09T16:28:07.540142Z  INFO release component pull completed component_digest=sha256:1f481deceaea9e217fb19819c750ce39fec8e9a1e19686e43dc2ebf65b1d9fef component_bytes=669281 elapsed_ms=96
2026-09-09T16:28:08.807856Z  INFO release component compilation completed component_digest=sha256:710586d8b7fa9ff054d84203d981832659ae9baa618ed03b14588d1168d68d2e compile_ms=1294 compile_wall_ms=1294
2026-09-09T16:28:08.811008Z  INFO release component compilation completed component_digest=sha256:1f481deceaea9e217fb19819c750ce39fec8e9a1e19686e43dc2ebf65b1d9fef compile_ms=1270 compile_wall_ms=1270
2026-09-09T16:28:08.811595Z  WARN wamn.component.linker_setup:wamn.linker.register: component imports wamn:postgres but sets no wamn.tenant; calls will be refused component="receiving#0"
2026-09-09T16:28:08.811985Z  INFO release component instantiation completed component_digest=sha256:1f481deceaea9e217fb19819c750ce39fec8e9a1e19686e43dc2ebf65b1d9fef elapsed_ms=0 total_elapsed_ms=1368
2026-09-09T16:28:08.812390Z  WARN wamn.component.linker_setup:wamn.linker.register: component imports wamn:postgres but sets no wamn.tenant; calls will be refused component="client_acme_receiving#1"
2026-09-09T16:28:08.812669Z  INFO release component instantiation completed component_digest=sha256:710586d8b7fa9ff054d84203d981832659ae9baa618ed03b14588d1168d68d2e elapsed_ms=0 total_elapsed_ms=1368
2026-09-09T16:28:08.812701Z  INFO synchronous release preload completed synchronous_wirings=13 component_digests=2 elapsed_ms=1571
2026-09-09T16:28:08.812793Z  INFO release preload completed; component cache warm
2026-09-09T16:28:08.821482Z  INFO wamn-host starting (base plugins: wasi:config, wamn:logging, wasi:otel, wamn:postgres, wamn:jetstream, wamn:flow-http-routing) router_delivery=true
2026-09-09T16:28:08.821518Z  INFO wamn-host welded to its release effective_release_id=1 manifest_digest=sha256:e633957452b28418875cdc69a5574d078da95daf94aa9fda76c5ad84cc3dee94
2026-09-09T16:28:08.821539Z  INFO HTTP server listening addr=0.0.0.0:80 protocol="HTTP"
2026-09-09T16:28:08.821554Z  INFO probe server listening addr=0.0.0.0:8081
2026-09-09T16:28:08.821562Z  INFO Starting WASI OTel plugin endpoint=http://otel-collector.wamn-system.svc.cluster.local:4317 protocol="grpc"
2026-09-09T16:28:08.822212Z  INFO WASI OTel plugin started
2026-09-09T16:28:08.822232Z  INFO Host started host_id="3f306643-1816-4547-8c24-0c57a72f50c0" friendly_name="righteous-joke-0811" host_name="10.244.3.5" labels={"hostgroup": "default"} version="2.9.0" max_concurrent_starts=4
2026-09-09T16:28:08.822343Z  INFO Host provides interfaces count=10 interfaces=["wasi:cli/terminal-output,stderr,exit,environment,stdout,terminal-input,terminal-stderr,terminal-stdin,stdin,terminal-stdout@0.2.0", "wasi:clocks/monotonic-clock,wall-clock@0.2.0", "wasi:clocks/monotonic-clock,wall-time@0.2.0", "wasi:filesystem/preopens,types@0.2.0", "wasi:http/types,handler@0.3.0", "wasi:http/incoming-handler,outgoing-handler,types@0.2.0", "wasi:io/poll,error,streams@0.2.0", "wasi:random/random,insecure-seed,insecure@0.2.0", "wasi:random/random@0.2.0", "wasi:sockets/tcp-create-socket,tcp,udp-create-socket,network,udp,instance-network,ip-name-lookup@0.2.0"]
2026-09-09T16:28:08.822409Z  INFO wamn-host runtime startup completed elapsed_ms=1726 cleanup_budget_secs=51
2026-09-09T16:28:17.664696Z  INFO workload_start{workload_id=c0aa8195-e4ae-4d60-90ce-b6cd4803d272 workload.name="receiving-materializer-65bf75b8cb-578b4d5c56" workload.namespace="wamn-receiving-journey"}: Starting workload workload_id="c0aa8195-e4ae-4d60-90ce-b6cd4803d272" namespace="wamn-receiving-journey" name="receiving-materializer-65bf75b8cb-578b4d5c56"
wamn::materializer up: stream=EVT_acme_dev filter=evt.acme.receiving.dev.*.* tenant=receiving-route-auth batch=64 fetch_ms=500 max_deliver=5 max_sweeps=0
2026-09-09T16:28:19.148091Z  WARN wamn.component.invoke{wamn.tenant=receiving-route-auth wamn.project=receiving wamn.environment=dev wamn.wiring_id=quality_create_inspection wamn.wiring_version=1 wamn.component_digest=sha256:710586d8b7fa9ff054d84203d981832659ae9baa618ed03b14588d1168d68d2e wamn.node_id=operation wamn.operation=client-acme-receiving:quality/create-inspection@3.0.0}:wamn.component.linker_setup:wamn.linker.register: component imports wamn:postgres but sets no wamn.tenant; calls will be refused component="client_acme_receiving#2"
